Build started 11/6/2025 8:46:50 PM.
     0>Process = "/usr/share/dotnet/dotnet"
       MSBuild executable path = "/usr/share/dotnet/sdk/8.0.415/MSBuild.dll"
       Command line arguments = "/usr/share/dotnet/sdk/8.0.415/MSBuild.dll -maxcpucount -verbosity:m -nologo -restore -consoleloggerparameters:Summary -property:Configuration=Release -verbosity:detailed -distributedlogger:Microsoft.DotNet.Tools.MSBuild.MSBuildLogger,/usr/share/dotnet/sdk/8.0.415/dotnet.dll*Microsoft.DotNet.Tools.MSBuild.MSBuildForwardingLogger,/usr/share/dotnet/sdk/8.0.415/dotnet.dll"
       Current directory = "/home/saidul/Desktop/K-Chief Marine Automation Platform"
       MSBuild version = "17.11.48+02bf66295"
       Assembly loaded during Evaluation: System.Reflection.Metadata, Version=8.0.0.0, Culture=neutral, PublicKeyToken=b03f5f7f11d50a3a (location: /usr/share/dotnet/shared/Microsoft.NETCore.App/8.0.21/System.Reflection.Metadata.dll, MVID: b9b5254d-1383-413b-8ced-ae45aca253bf, AssemblyLoadContext: Default)
       Assembly loaded during Evaluation: Microsoft.NET.StringTools, Version=1.0.0.0, Culture=neutral, PublicKeyToken=b03f5f7f11d50a3a (location: /usr/share/dotnet/sdk/8.0.415/Microsoft.NET.StringTools.dll, MVID: a6df08db-4589-427d-8720-dbb53fdf37b0, AssemblyLoadContext: Default)
       Property 'MSBuildExtensionsPath' with value '/usr/share/dotnet/sdk/8.0.415/' expanded from the environment.
       Assembly loaded during Evaluation: System.Threading.Tasks.Parallel, Version=8.0.0.0, Culture=neutral, PublicKeyToken=b03f5f7f11d50a3a (location: /usr/share/dotnet/shared/Microsoft.NETCore.App/8.0.21/System.Threading.Tasks.Parallel.dll, MVID: 447bfde9-8b17-41c0-b0b1-b434d8d18d33, AssemblyLoadContext: Default)
       Property reassignment: $(_GenerateRestoreGraphProjectEntryInputProperties)="
             ExcludeRestorePackageImports=true;
             _RestoreSolutionFileUsed=true;
             SolutionDir=/home/saidul/Desktop/K-Chief Marine Automation Platform/;
             SolutionName=KChief.MarineAutomationPlatform;
             SolutionFileName=KChief.MarineAutomationPlatform.sln;
             SolutionPath=/home/saidul/Desktop/K-Chief Marine Automation Platform/KChief.MarineAutomationPlatform.sln;
             SolutionExt=.sln;
           " (previous value: "ExcludeRestorePackageImports=true") at /usr/share/dotnet/sdk/8.0.415/NuGet.targets (101,5)
       Assembly loaded during Evaluation: System.Formats.Asn1, Version=8.0.0.0, Culture=neutral, PublicKeyToken=cc7b13ffcd2ddd51 (location: /usr/share/dotnet/shared/Microsoft.NETCore.App/8.0.21/System.Formats.Asn1.dll, MVID: 63ab9a1b-cf9b-4c0f-87ce-e4b9a57f4e6c, AssemblyLoadContext: Default)
       Overriding target "Restore" in project "/home/saidul/Desktop/K-Chief Marine Automation Platform/KChief.MarineAutomationPlatform.sln.metaproj" with target "Restore" from project "/usr/share/dotnet/sdk/8.0.415/NuGet.targets".
       The target "Store" listed in a BeforeTargets attribute at "/usr/share/dotnet/sdk/8.0.415/Current/SolutionFile/ImportAfter/Microsoft.NET.Sdk.Solution.targets (33,11)" does not exist in the project, and will be ignored.
       The target "VSTest" listed in a BeforeTargets attribute at "/usr/share/dotnet/sdk/8.0.415/Current/SolutionFile/ImportAfter/Microsoft.NET.Sdk.Solution.targets (33,11)" does not exist in the project, and will be ignored.
       The target "_CheckForInvalidConfigurationAndPlatform" listed in a BeforeTargets attribute at "/usr/share/dotnet/sdk/8.0.415/NuGet.targets (667,11)" does not exist in the project, and will be ignored.
     1>Project "/home/saidul/Desktop/K-Chief Marine Automation Platform/KChief.MarineAutomationPlatform.sln" on node 1 (Restore target(s)).
     1>Target "ValidateSolutionConfiguration" in file "/home/saidul/Desktop/K-Chief Marine Automation Platform/KChief.MarineAutomationPlatform.sln.metaproj" from project "/home/saidul/Desktop/K-Chief Marine Automation Platform/KChief.MarineAutomationPlatform.sln" (entry point):
     1>Task "Error" skipped, due to false condition; (('$(CurrentSolutionConfigurationContents)' == '') and ('$(SkipInvalidConfigurations)' != 'true')) was evaluated as (('<SolutionConfiguration>
  <ProjectConfiguration Project="{34F62086-0A0B-4202-BAE3-7F0656D49B89}" AbsolutePath="/home/saidul/Desktop/K-Chief Marine Automation Platform/src/KChief.Platform.Core/KChief.Platform.Core.csproj" BuildProjectInSolution="True">Release|AnyCPU</ProjectConfiguration>
  <ProjectConfiguration Project="{521A3086-4393-4FF7-8B64-C0D2D8A1C329}" AbsolutePath="/home/saidul/Desktop/K-Chief Marine Automation Platform/src/KChief.DataAccess/KChief.DataAccess.csproj" BuildProjectInSolution="True">Release|AnyCPU</ProjectConfiguration>
  <ProjectConfiguration Project="{0F79D12A-1EDC-4FB4-A524-318A5AFFB9AE}" AbsolutePath="/home/saidul/Desktop/K-Chief Marine Automation Platform/src/KChief.VesselControl/KChief.VesselControl.csproj" BuildProjectInSolution="True">Release|AnyCPU</ProjectConfiguration>
  <ProjectConfiguration Project="{1E2A1483-FE56-4394-ABC2-92ACA86F3CCC}" AbsolutePath="/home/saidul/Desktop/K-Chief Marine Automation Platform/src/KChief.AlarmSystem/KChief.AlarmSystem.csproj" BuildProjectInS...' == '') and ('' != 'true')).
       Task "Warning" skipped, due to false condition; (('$(CurrentSolutionConfigurationContents)' == '') and ('$(SkipInvalidConfigurations)' == 'true')) was evaluated as (('<SolutionConfiguration>
         <ProjectConfiguration Project="{34F62086-0A0B-4202-BAE3-7F0656D49B89}" AbsolutePath="/home/saidul/Desktop/K-Chief Marine Automation Platform/src/KChief.Platform.Core/KChief.Platform.Core.csproj" BuildProjectInSolution="True">Release|AnyCPU</ProjectConfiguration>
         <ProjectConfiguration Project="{521A3086-4393-4FF7-8B64-C0D2D8A1C329}" AbsolutePath="/home/saidul/Desktop/K-Chief Marine Automation Platform/src/KChief.DataAccess/KChief.DataAccess.csproj" BuildProjectInSolution="True">Release|AnyCPU</ProjectConfiguration>
         <ProjectConfiguration Project="{0F79D12A-1EDC-4FB4-A524-318A5AFFB9AE}" AbsolutePath="/home/saidul/Desktop/K-Chief Marine Automation Platform/src/KChief.VesselControl/KChief.VesselControl.csproj" BuildProjectInSolution="True">Release|AnyCPU</ProjectConfiguration>
         <ProjectConfiguration Project="{1E2A1483-FE56-4394-ABC2-92ACA86F3CCC}" AbsolutePath="/home/saidul/Desktop/K-Chief Marine Automation Platform/src/KChief.AlarmSystem/KChief.AlarmSystem.csproj" BuildProjectInS...' == '') and ('' == 'true')).
       Using "Message" task from assembly "Microsoft.Build.Tasks.Core, Version=15.1.0.0, Culture=neutral, PublicKeyToken=b03f5f7f11d50a3a".
       Task "Message"
         Building solution configuration "Release|Any CPU".
       Done executing task "Message".
     1>Done building target "ValidateSolutionConfiguration" in project "KChief.MarineAutomationPlatform.sln".
     1>Target "ValidateToolsVersions" in file "/home/saidul/Desktop/K-Chief Marine Automation Platform/KChief.MarineAutomationPlatform.sln.metaproj" from project "/home/saidul/Desktop/K-Chief Marine Automation Platform/KChief.MarineAutomationPlatform.sln" (entry point):
       Task "Error" skipped, due to false condition; ('$(MSBuildToolsVersion)' == '2.0' and ('$(ProjectToolsVersion)' != '2.0' and '$(ProjectToolsVersion)' != '')) was evaluated as ('Current' == '2.0' and ('' != '2.0' and '' != '')).
     1>Done building target "ValidateToolsVersions" in project "KChief.MarineAutomationPlatform.sln".
     1>Target "ValidateProjects" in file "/home/saidul/Desktop/K-Chief Marine Automation Platform/KChief.MarineAutomationPlatform.sln.metaproj" from project "/home/saidul/Desktop/K-Chief Marine Automation Platform/KChief.MarineAutomationPlatform.sln" (entry point):
     1>Done building target "ValidateProjects" in project "KChief.MarineAutomationPlatform.sln".
     1>Target "_LoadRestoreGraphEntryPoints" in file "/usr/share/dotnet/sdk/8.0.415/NuGet.targets" from project "/home/saidul/Desktop/K-Chief Marine Automation Platform/KChief.MarineAutomationPlatform.sln" (target "_FilterRestoreGraphProjectInputItems" depends on it):
       Assembly loaded during TaskRun: NuGet.Build.Tasks, Version=6.11.1.2, Culture=neutral, PublicKeyToken=31bf3856ad364e35 (location: /usr/share/dotnet/sdk/8.0.415/NuGet.Build.Tasks.dll, MVID: da6659e2-ab3c-4a1c-91d3-86fe81c4da96, AssemblyLoadContext: MSBuild plugin /usr/share/dotnet/sdk/8.0.415/NuGet.Build.Tasks.dll)
       Assembly loaded during TaskRun: NuGet.Common, Version=6.11.1.2, Culture=neutral, PublicKeyToken=31bf3856ad364e35 (location: /usr/share/dotnet/sdk/8.0.415/NuGet.Common.dll, MVID: 71662c50-4eea-46ea-82bf-b2edfd33a945, AssemblyLoadContext: MSBuild plugin /usr/share/dotnet/sdk/8.0.415/NuGet.Build.Tasks.dll)
       Assembly loaded during TaskRun: NuGet.Commands, Version=6.11.1.2, Culture=neutral, PublicKeyToken=31bf3856ad364e35 (location: /usr/share/dotnet/sdk/8.0.415/NuGet.Commands.dll, MVID: fd182425-a30a-445b-9628-b4c5f0ab1353, AssemblyLoadContext: MSBuild plugin /usr/share/dotnet/sdk/8.0.415/NuGet.Build.Tasks.dll)
       Assembly loaded during TaskRun: NuGet.ProjectModel, Version=6.11.1.2, Culture=neutral, PublicKeyToken=31bf3856ad364e35 (location: /usr/share/dotnet/sdk/8.0.415/NuGet.ProjectModel.dll, MVID: de1018f8-9cea-4ea5-aafd-eccdf5a6f888, AssemblyLoadContext: MSBuild plugin /usr/share/dotnet/sdk/8.0.415/NuGet.Build.Tasks.dll)
       Using "GetRestoreSolutionProjectsTask" task from assembly "/usr/share/dotnet/sdk/8.0.415/NuGet.Build.Tasks.dll".
       Task "GetRestoreSolutionProjectsTask"
       Done executing task "GetRestoreSolutionProjectsTask".
     1>Done building target "_LoadRestoreGraphEntryPoints" in project "KChief.MarineAutomationPlatform.sln".
     1>Target "_FilterRestoreGraphProjectInputItems" in file "/usr/share/dotnet/sdk/8.0.415/NuGet.targets" from project "/home/saidul/Desktop/K-Chief Marine Automation Platform/KChief.MarineAutomationPlatform.sln" (target "_GenerateRestoreGraph" depends on it):
       Using "RemoveDuplicates" task from assembly "Microsoft.Build.Tasks.Core, Version=15.1.0.0, Culture=neutral, PublicKeyToken=b03f5f7f11d50a3a".
       Task "RemoveDuplicates"
       Done executing task "RemoveDuplicates".
       Using "MSBuild" task from assembly "Microsoft.Build.Tasks.Core, Version=15.1.0.0, Culture=neutral, PublicKeyToken=b03f5f7f11d50a3a".
       Task "MSBuild"
         Global Properties:
           ExcludeRestorePackageImports=true
           _RestoreSolutionFileUsed=true
           SolutionDir=/home/saidul/Desktop/K-Chief Marine Automation Platform/
           SolutionName=KChief.MarineAutomationPlatform
           SolutionFileName=KChief.MarineAutomationPlatform.sln
           SolutionPath=/home/saidul/Desktop/K-Chief Marine Automation Platform/KChief.MarineAutomationPlatform.sln
           SolutionExt=.sln
         Additional Properties for project "/home/saidul/Desktop/K-Chief Marine Automation Platform/src/KChief.Platform.Core/KChief.Platform.Core.csproj":
           Configuration=Release
           Platform=AnyCPU
         Additional Properties for project "/home/saidul/Desktop/K-Chief Marine Automation Platform/src/KChief.DataAccess/KChief.DataAccess.csproj":
           Configuration=Release
           Platform=AnyCPU
         Additional Properties for project "/home/saidul/Desktop/K-Chief Marine Automation Platform/src/KChief.VesselControl/KChief.VesselControl.csproj":
           Configuration=Release
           Platform=AnyCPU
         Additional Properties for project "/home/saidul/Desktop/K-Chief Marine Automation Platform/src/KChief.AlarmSystem/KChief.AlarmSystem.csproj":
           Configuration=Release
           Platform=AnyCPU
         Additional Properties for project "/home/saidul/Desktop/K-Chief Marine Automation Platform/src/KChief.Protocols.OPC/KChief.Protocols.OPC.csproj":
           Configuration=Release
           Platform=AnyCPU
         Additional Properties for project "/home/saidul/Desktop/K-Chief Marine Automation Platform/src/KChief.Protocols.Modbus/KChief.Protocols.Modbus.csproj":
           Configuration=Release
           Platform=AnyCPU
         Additional Properties for project "/home/saidul/Desktop/K-Chief Marine Automation Platform/src/KChief.Platform.API/KChief.Platform.API.csproj":
           Configuration=Release
           Platform=AnyCPU
         Additional Properties for project "/home/saidul/Desktop/K-Chief Marine Automation Platform/tests/KChief.Platform.Tests/KChief.Platform.Tests.csproj":
           Configuration=Release
           Platform=AnyCPU
         Additional Properties for project "/home/saidul/Desktop/K-Chief Marine Automation Platform/tests/KChief.Integration.Tests/KChief.Integration.Tests.csproj":
           Configuration=Release
           Platform=AnyCPU
     0>The SDK "Microsoft.NET.Sdk" was successfully resolved by the "DefaultSdkResolver" resolver to location "/usr/share/dotnet/sdk/8.0.415/Sdks/Microsoft.NET.Sdk/Sdk" and version "".
       Property 'MSBuildExtensionsPath' with value '/usr/share/dotnet/sdk/8.0.415/' expanded from the environment.
       Property reassignment: $(MSBuildProjectExtensionsPath)="/home/saidul/Desktop/K-Chief Marine Automation Platform/src/KChief.Platform.Core/obj/" (previous value: "obj\") at /usr/share/dotnet/sdk/8.0.415/Current/Microsoft.Common.props (60,5)
       Property 'MSBuildUserExtensionsPath' with value '/home/saidul/.local/share/Microsoft\MSBuild' expanded from the environment.
       The "Configuration" property is a global property, and cannot be modified.
       The "Platform" property is a global property, and cannot be modified.
       The "Configuration" property is a global property, and cannot be modified.
       The "Platform" property is a global property, and cannot be modified.
       Property reassignment: $(AssemblySearchPaths)="{CandidateAssemblyFiles};{HintPathFromItem}" (previous value: "{CandidateAssemblyFiles}") at /usr/share/dotnet/sdk/8.0.415/Sdks/Microsoft.NET.Sdk/targets/Microsoft.NET.Sdk.props (91,5)
       Property reassignment: $(AssemblySearchPaths)="{CandidateAssemblyFiles};{HintPathFromItem};{TargetFrameworkDirectory}" (previous value: "{CandidateAssemblyFiles};{HintPathFromItem}") at /usr/share/dotnet/sdk/8.0.415/Sdks/Microsoft.NET.Sdk/targets/Microsoft.NET.Sdk.props (92,5)
       Property reassignment: $(AssemblySearchPaths)="{CandidateAssemblyFiles};{HintPathFromItem};{TargetFrameworkDirectory};{RawFileName}" (previous value: "{CandidateAssemblyFiles};{HintPathFromItem};{TargetFrameworkDirectory}") at /usr/share/dotnet/sdk/8.0.415/Sdks/Microsoft.NET.Sdk/targets/Microsoft.NET.Sdk.props (93,5)
       The "DefaultSdkResolver" resolver attempted to resolve the SDK "Microsoft.NET.SDK.WorkloadAutoImportPropsLocator".
       Warnings: null
       Errors: MSB4276: The default SDK resolver failed to resolve SDK "Microsoft.NET.SDK.WorkloadAutoImportPropsLocator" because directory "/usr/share/dotnet/sdk/8.0.415/Sdks/Microsoft.NET.SDK.WorkloadAutoImportPropsLocator/Sdk" did not exist.
       Assembly loaded during Evaluation: Microsoft.NET.Sdk.WorkloadMSBuildSdkResolver, Version=8.0.415.0, Culture=neutral, PublicKeyToken=31bf3856ad364e35 (location: /usr/share/dotnet/sdk/8.0.415/Microsoft.NET.Sdk.WorkloadMSBuildSdkResolver.dll, MVID: 4bff0eb9-c832-4c54-89e1-1465c03b9581, AssemblyLoadContext: MSBuild plugin /usr/share/dotnet/sdk/8.0.415/Microsoft.NET.Sdk.WorkloadMSBuildSdkResolver.dll)
       Assembly loaded during Evaluation: Microsoft.Build.NuGetSdkResolver, Version=6.11.1.2, Culture=neutral, PublicKeyToken=31bf3856ad364e35 (location: /usr/share/dotnet/sdk/8.0.415/Microsoft.Build.NuGetSdkResolver.dll, MVID: ae254ffe-3ea7-4bba-8a74-0bd55e8cfe87, AssemblyLoadContext: MSBuild plugin /usr/share/dotnet/sdk/8.0.415/Microsoft.Build.NuGetSdkResolver.dll)
       Assembly loaded during Evaluation: Microsoft.DotNet.Cli.Utils, Version=8.0.415.0, Culture=neutral, PublicKeyToken=adb9793829ddae60 (location: /usr/share/dotnet/sdk/8.0.415/Microsoft.DotNet.Cli.Utils.dll, MVID: ab36f9a5-6a87-4092-859c-84eb2d9c91c2, AssemblyLoadContext: MSBuild plugin /usr/share/dotnet/sdk/8.0.415/Microsoft.NET.Sdk.WorkloadMSBuildSdkResolver.dll)
       Assembly loaded during Evaluation: Microsoft.NET.Sdk.WorkloadManifestReader, Version=8.0.415.0, Culture=neutral, PublicKeyToken=adb9793829ddae60 (location: /usr/share/dotnet/sdk/8.0.415/Microsoft.NET.Sdk.WorkloadManifestReader.dll, MVID: bc40e2a4-902d-45b2-9542-be3e518d101f, AssemblyLoadContext: MSBuild plugin /usr/share/dotnet/sdk/8.0.415/Microsoft.NET.Sdk.WorkloadMSBuildSdkResolver.dll)
       Assembly loaded during Evaluation: Microsoft.Deployment.DotNet.Releases, Version=2.0.0.0, Culture=neutral, PublicKeyToken=31bf3856ad364e35 (location: /usr/share/dotnet/sdk/8.0.415/Microsoft.Deployment.DotNet.Releases.dll, MVID: 34f9f9be-a352-437d-b864-e54aac6740dd, AssemblyLoadContext: MSBuild plugin /usr/share/dotnet/sdk/8.0.415/Microsoft.NET.Sdk.WorkloadMSBuildSdkResolver.dll)
       Assembly loaded during Evaluation: System.IO.Pipes, Version=8.0.0.0, Culture=neutral, PublicKeyToken=b03f5f7f11d50a3a (location: /usr/share/dotnet/shared/Microsoft.NETCore.App/8.0.21/System.IO.Pipes.dll, MVID: 83d5561e-c457-4ce2-a1cb-e11f27224ed9, AssemblyLoadContext: Default)
       Reusing node 6 (PID: 737696).
       Reusing node 4 (PID: 737694).
       Reusing node 7 (PID: 737697).
       Reusing node 9 (PID: 737705).
       Reusing node 5 (PID: 737698).
       Reusing node 3 (PID: 737693).
       Reusing node 8 (PID: 737695).
       Reusing node 2 (PID: 737706).
       The SDK "Microsoft.NET.Sdk.Web" was successfully resolved by the "DefaultSdkResolver" resolver to location "/usr/share/dotnet/sdk/8.0.415/Sdks/Microsoft.NET.Sdk.Web/Sdk" and version "".
       Property 'MSBuildExtensionsPath' with value '/usr/share/dotnet/sdk/8.0.415/' expanded from the environment.
       Property 'MSBuildExtensionsPath' with value '/usr/share/dotnet/sdk/8.0.415/' expanded from the environment.
       Property 'MSBuildExtensionsPath' with value '/usr/share/dotnet/sdk/8.0.415/' expanded from the environment.
       Property 'MSBuildExtensionsPath' with value '/usr/share/dotnet/sdk/8.0.415/' expanded from the environment.
       Property 'MSBuildExtensionsPath' with value '/usr/share/dotnet/sdk/8.0.415/' expanded from the environment.
       Property 'MSBuildExtensionsPath' with value '/usr/share/dotnet/sdk/8.0.415/' expanded from the environment.
       Property 'MSBuildExtensionsPath' with value '/usr/share/dotnet/sdk/8.0.415/' expanded from the environment.
       Property 'MSBuildExtensionsPath' with value '/usr/share/dotnet/sdk/8.0.415/' expanded from the environment.
       Property reassignment: $(MSBuildProjectExtensionsPath)="/home/saidul/Desktop/K-Chief Marine Automation Platform/tests/KChief.Integration.Tests/obj/" (previous value: "obj\") at /usr/share/dotnet/sdk/8.0.415/Current/Microsoft.Common.props (60,5)
       Property 'MSBuildUserExtensionsPath' with value '/home/saidul/.local/share/Microsoft\MSBuild' expanded from the environment.
       Property reassignment: $(MSBuildProjectExtensionsPath)="/home/saidul/Desktop/K-Chief Marine Automation Platform/src/KChief.Protocols.Modbus/obj/" (previous value: "obj\") at /usr/share/dotnet/sdk/8.0.415/Current/Microsoft.Common.props (60,5)
       Property reassignment: $(MSBuildProjectExtensionsPath)="/home/saidul/Desktop/K-Chief Marine Automation Platform/tests/KChief.Platform.Tests/obj/" (previous value: "obj\") at /usr/share/dotnet/sdk/8.0.415/Current/Microsoft.Common.props (60,5)
       Property reassignment: $(MSBuildProjectExtensionsPath)="/home/saidul/Desktop/K-Chief Marine Automation Platform/src/KChief.AlarmSystem/obj/" (previous value: "obj\") at /usr/share/dotnet/sdk/8.0.415/Current/Microsoft.Common.props (60,5)
       Property reassignment: $(MSBuildProjectExtensionsPath)="/home/saidul/Desktop/K-Chief Marine Automation Platform/src/KChief.Platform.API/obj/" (previous value: "obj\") at /usr/share/dotnet/sdk/8.0.415/Current/Microsoft.Common.props (60,5)
       Property reassignment: $(MSBuildProjectExtensionsPath)="/home/saidul/Desktop/K-Chief Marine Automation Platform/src/KChief.DataAccess/obj/" (previous value: "obj\") at /usr/share/dotnet/sdk/8.0.415/Current/Microsoft.Common.props (60,5)
       Property reassignment: $(MSBuildProjectExtensionsPath)="/home/saidul/Desktop/K-Chief Marine Automation Platform/src/KChief.VesselControl/obj/" (previous value: "obj\") at /usr/share/dotnet/sdk/8.0.415/Current/Microsoft.Common.props (60,5)
       Property 'MSBuildUserExtensionsPath' with value '/home/saidul/.local/share/Microsoft\MSBuild' expanded from the environment.
       Property 'MSBuildUserExtensionsPath' with value '/home/saidul/.local/share/Microsoft\MSBuild' expanded from the environment.
       Property 'MSBuildUserExtensionsPath' with value '/home/saidul/.local/share/Microsoft\MSBuild' expanded from the environment.
       Property 'MSBuildUserExtensionsPath' with value '/home/saidul/.local/share/Microsoft\MSBuild' expanded from the environment.
       The "Configuration" property is a global property, and cannot be modified.
       The "Configuration" property is a global property, and cannot be modified.
       Property 'MSBuildUserExtensionsPath' with value '/home/saidul/.local/share/Microsoft\MSBuild' expanded from the environment.
       Property 'MSBuildUserExtensionsPath' with value '/home/saidul/.local/share/Microsoft\MSBuild' expanded from the environment.
       The "Platform" property is a global property, and cannot be modified.
       The "Configuration" property is a global property, and cannot be modified.
       The "Configuration" property is a global property, and cannot be modified.
       The "Platform" property is a global property, and cannot be modified.
       The "Configuration" property is a global property, and cannot be modified.
       The "Platform" property is a global property, and cannot be modified.
       The "Configuration" property is a global property, and cannot be modified.
       Property reassignment: $(MSBuildProjectExtensionsPath)="/home/saidul/Desktop/K-Chief Marine Automation Platform/src/KChief.Protocols.OPC/obj/" (previous value: "obj\") at /usr/share/dotnet/sdk/8.0.415/Current/Microsoft.Common.props (60,5)
       The "Configuration" property is a global property, and cannot be modified.
       Property reassignment: $(AssemblySearchPaths)="{CandidateAssemblyFiles};{HintPathFromItem}" (previous value: "{CandidateAssemblyFiles}") at /usr/share/dotnet/sdk/8.0.415/Sdks/Microsoft.NET.Sdk/targets/Microsoft.NET.Sdk.props (91,5)
       The "Platform" property is a global property, and cannot be modified.
       The "Platform" property is a global property, and cannot be modified.
       The "Platform" property is a global property, and cannot be modified.
       Property reassignment: $(AssemblySearchPaths)="{CandidateAssemblyFiles};{HintPathFromItem};{TargetFrameworkDirectory}" (previous value: "{CandidateAssemblyFiles};{HintPathFromItem}") at /usr/share/dotnet/sdk/8.0.415/Sdks/Microsoft.NET.Sdk/targets/Microsoft.NET.Sdk.props (92,5)
       Property reassignment: $(AssemblySearchPaths)="{CandidateAssemblyFiles};{HintPathFromItem}" (previous value: "{CandidateAssemblyFiles}") at /usr/share/dotnet/sdk/8.0.415/Sdks/Microsoft.NET.Sdk/targets/Microsoft.NET.Sdk.props (91,5)
       Property reassignment: $(AssemblySearchPaths)="{CandidateAssemblyFiles};{HintPathFromItem};{TargetFrameworkDirectory};{RawFileName}" (previous value: "{CandidateAssemblyFiles};{HintPathFromItem};{TargetFrameworkDirectory}") at /usr/share/dotnet/sdk/8.0.415/Sdks/Microsoft.NET.Sdk/targets/Microsoft.NET.Sdk.props (93,5)
       Property reassignment: $(AssemblySearchPaths)="{CandidateAssemblyFiles};{HintPathFromItem};{TargetFrameworkDirectory}" (previous value: "{CandidateAssemblyFiles};{HintPathFromItem}") at /usr/share/dotnet/sdk/8.0.415/Sdks/Microsoft.NET.Sdk/targets/Microsoft.NET.Sdk.props (92,5)
       Property 'MSBuildUserExtensionsPath' with value '/home/saidul/.local/share/Microsoft\MSBuild' expanded from the environment.
       The "Configuration" property is a global property, and cannot be modified.
       The "Configuration" property is a global property, and cannot be modified.
       The "Platform" property is a global property, and cannot be modified.
       The "Configuration" property is a global property, and cannot be modified.
       Property reassignment: $(AssemblySearchPaths)="{CandidateAssemblyFiles};{HintPathFromItem};{TargetFrameworkDirectory};{RawFileName}" (previous value: "{CandidateAssemblyFiles};{HintPathFromItem};{TargetFrameworkDirectory}") at /usr/share/dotnet/sdk/8.0.415/Sdks/Microsoft.NET.Sdk/targets/Microsoft.NET.Sdk.props (93,5)
       The "Platform" property is a global property, and cannot be modified.
       The "Platform" property is a global property, and cannot be modified.
       The "Configuration" property is a global property, and cannot be modified.
       The "Platform" property is a global property, and cannot be modified.
       The "Platform" property is a global property, and cannot be modified.
       The "Configuration" property is a global property, and cannot be modified.
       The "Configuration" property is a global property, and cannot be modified.
       Property reassignment: $(AssemblySearchPaths)="{CandidateAssemblyFiles};{HintPathFromItem}" (previous value: "{CandidateAssemblyFiles}") at /usr/share/dotnet/sdk/8.0.415/Sdks/Microsoft.NET.Sdk/targets/Microsoft.NET.Sdk.props (91,5)
       Property reassignment: $(AssemblySearchPaths)="{CandidateAssemblyFiles};{HintPathFromItem}" (previous value: "{CandidateAssemblyFiles}") at /usr/share/dotnet/sdk/8.0.415/Sdks/Microsoft.NET.Sdk/targets/Microsoft.NET.Sdk.props (91,5)
       Property reassignment: $(AssemblySearchPaths)="{CandidateAssemblyFiles};{HintPathFromItem};{TargetFrameworkDirectory}" (previous value: "{CandidateAssemblyFiles};{HintPathFromItem}") at /usr/share/dotnet/sdk/8.0.415/Sdks/Microsoft.NET.Sdk/targets/Microsoft.NET.Sdk.props (92,5)
       The "Platform" property is a global property, and cannot be modified.
       The "Configuration" property is a global property, and cannot be modified.
       Property reassignment: $(AssemblySearchPaths)="{CandidateAssemblyFiles};{HintPathFromItem}" (previous value: "{CandidateAssemblyFiles}") at /usr/share/dotnet/sdk/8.0.415/Sdks/Microsoft.NET.Sdk/targets/Microsoft.NET.Sdk.props (91,5)
       The "Platform" property is a global property, and cannot be modified.
       Property reassignment: $(AssemblySearchPaths)="{CandidateAssemblyFiles};{HintPathFromItem};{TargetFrameworkDirectory};{RawFileName}" (previous value: "{CandidateAssemblyFiles};{HintPathFromItem};{TargetFrameworkDirectory}") at /usr/share/dotnet/sdk/8.0.415/Sdks/Microsoft.NET.Sdk/targets/Microsoft.NET.Sdk.props (93,5)
       Property reassignment: $(AssemblySearchPaths)="{CandidateAssemblyFiles};{HintPathFromItem};{TargetFrameworkDirectory}" (previous value: "{CandidateAssemblyFiles};{HintPathFromItem}") at /usr/share/dotnet/sdk/8.0.415/Sdks/Microsoft.NET.Sdk/targets/Microsoft.NET.Sdk.props (92,5)
       Property reassignment: $(AssemblySearchPaths)="{CandidateAssemblyFiles};{HintPathFromItem};{TargetFrameworkDirectory}" (previous value: "{CandidateAssemblyFiles};{HintPathFromItem}") at /usr/share/dotnet/sdk/8.0.415/Sdks/Microsoft.NET.Sdk/targets/Microsoft.NET.Sdk.props (92,5)
       Property reassignment: $(AssemblySearchPaths)="{CandidateAssemblyFiles};{HintPathFromItem}" (previous value: "{CandidateAssemblyFiles}") at /usr/share/dotnet/sdk/8.0.415/Sdks/Microsoft.NET.Sdk/targets/Microsoft.NET.Sdk.props (91,5)
       The "Platform" property is a global property, and cannot be modified.
       Property reassignment: $(AssemblySearchPaths)="{CandidateAssemblyFiles};{HintPathFromItem};{TargetFrameworkDirectory};{RawFileName}" (previous value: "{CandidateAssemblyFiles};{HintPathFromItem};{TargetFrameworkDirectory}") at /usr/share/dotnet/sdk/8.0.415/Sdks/Microsoft.NET.Sdk/targets/Microsoft.NET.Sdk.props (93,5)
       The "Configuration" property is a global property, and cannot be modified.
       Property reassignment: $(AssemblySearchPaths)="{CandidateAssemblyFiles};{HintPathFromItem};{TargetFrameworkDirectory};{RawFileName}" (previous value: "{CandidateAssemblyFiles};{HintPathFromItem};{TargetFrameworkDirectory}") at /usr/share/dotnet/sdk/8.0.415/Sdks/Microsoft.NET.Sdk/targets/Microsoft.NET.Sdk.props (93,5)
       Property reassignment: $(AssemblySearchPaths)="{CandidateAssemblyFiles};{HintPathFromItem};{TargetFrameworkDirectory}" (previous value: "{CandidateAssemblyFiles};{HintPathFromItem}") at /usr/share/dotnet/sdk/8.0.415/Sdks/Microsoft.NET.Sdk/targets/Microsoft.NET.Sdk.props (92,5)
       The "Platform" property is a global property, and cannot be modified.
       Property reassignment: $(AssemblySearchPaths)="{CandidateAssemblyFiles};{HintPathFromItem}" (previous value: "{CandidateAssemblyFiles}") at /usr/share/dotnet/sdk/8.0.415/Sdks/Microsoft.NET.Sdk/targets/Microsoft.NET.Sdk.props (91,5)
       Property reassignment: $(AssemblySearchPaths)="{CandidateAssemblyFiles};{HintPathFromItem};{TargetFrameworkDirectory};{RawFileName}" (previous value: "{CandidateAssemblyFiles};{HintPathFromItem};{TargetFrameworkDirectory}") at /usr/share/dotnet/sdk/8.0.415/Sdks/Microsoft.NET.Sdk/targets/Microsoft.NET.Sdk.props (93,5)
       Property reassignment: $(AssemblySearchPaths)="{CandidateAssemblyFiles};{HintPathFromItem};{TargetFrameworkDirectory}" (previous value: "{CandidateAssemblyFiles};{HintPathFromItem}") at /usr/share/dotnet/sdk/8.0.415/Sdks/Microsoft.NET.Sdk/targets/Microsoft.NET.Sdk.props (92,5)
       Property reassignment: $(AssemblySearchPaths)="{CandidateAssemblyFiles};{HintPathFromItem};{TargetFrameworkDirectory};{RawFileName}" (previous value: "{CandidateAssemblyFiles};{HintPathFromItem};{TargetFrameworkDirectory}") at /usr/share/dotnet/sdk/8.0.415/Sdks/Microsoft.NET.Sdk/targets/Microsoft.NET.Sdk.props (93,5)
       The SDK "Microsoft.NET.SDK.WorkloadAutoImportPropsLocator" was successfully resolved by the "Microsoft.DotNet.MSBuildWorkloadSdkResolver" resolver to location "null" and version "null".
       The "Configuration" property is a global property, and cannot be modified.
       The "Platform" property is a global property, and cannot be modified.
       Property reassignment: $(AssemblySearchPaths)="{CandidateAssemblyFiles};{HintPathFromItem}" (previous value: "{CandidateAssemblyFiles}") at /usr/share/dotnet/sdk/8.0.415/Sdks/Microsoft.NET.Sdk/targets/Microsoft.NET.Sdk.props (91,5)
       Property reassignment: $(AssemblySearchPaths)="{CandidateAssemblyFiles};{HintPathFromItem};{TargetFrameworkDirectory}" (previous value: "{CandidateAssemblyFiles};{HintPathFromItem}") at /usr/share/dotnet/sdk/8.0.415/Sdks/Microsoft.NET.Sdk/targets/Microsoft.NET.Sdk.props (92,5)
       Property reassignment: $(AssemblySearchPaths)="{CandidateAssemblyFiles};{HintPathFromItem};{TargetFrameworkDirectory};{RawFileName}" (previous value: "{CandidateAssemblyFiles};{HintPathFromItem};{TargetFrameworkDirectory}") at /usr/share/dotnet/sdk/8.0.415/Sdks/Microsoft.NET.Sdk/targets/Microsoft.NET.Sdk.props (93,5)
       Property reassignment: $(TargetsForTfmSpecificContentInPackage)=";PackTool;_PackProjectToolValidation" (previous value: ";PackTool") at /usr/share/dotnet/sdk/8.0.415/Sdks/Microsoft.NET.Sdk/targets/Microsoft.NET.PackProjectTool.props (15,5)
       Property reassignment: $(TargetsForTfmSpecificContentInPackage)=";PackTool;_PackProjectToolValidation" (previous value: ";PackTool") at /usr/share/dotnet/sdk/8.0.415/Sdks/Microsoft.NET.Sdk/targets/Microsoft.NET.PackProjectTool.props (15,5)
       The SDK "Microsoft.NET.Sdk.Razor" was successfully resolved by the "DefaultSdkResolver" resolver to location "/usr/share/dotnet/sdk/8.0.415/Sdks/Microsoft.NET.Sdk.Razor/Sdk" and version "".
       Property reassignment: $(TargetsForTfmSpecificContentInPackage)=";PackTool;_PackProjectToolValidation" (previous value: ";PackTool") at /usr/share/dotnet/sdk/8.0.415/Sdks/Microsoft.NET.Sdk/targets/Microsoft.NET.PackProjectTool.props (15,5)
       The "Configuration" property is a global property, and cannot be modified.
       The "Configuration" property is a global property, and cannot be modified.
       Property reassignment: $(TargetsForTfmSpecificContentInPackage)=";PackTool;_PackProjectToolValidation" (previous value: ";PackTool") at /usr/share/dotnet/sdk/8.0.415/Sdks/Microsoft.NET.Sdk/targets/Microsoft.NET.PackProjectTool.props (15,5)
       The "Platform" property is a global property, and cannot be modified.
       The "Configuration" property is a global property, and cannot be modified.
       Property reassignment: $(PublishProfileImported)="false" (previous value: "true") at /usr/share/dotnet/sdk/8.0.415/Sdks/Microsoft.NET.Sdk/targets/Microsoft.NET.Sdk.ImportPublishProfile.targets (28,5)
       The "Platform" property is a global property, and cannot be modified.
       The "Platform" property is a global property, and cannot be modified.
       Property reassignment: $(PublishProfileImported)="false" (previous value: "true") at /usr/share/dotnet/sdk/8.0.415/Sdks/Microsoft.NET.Sdk/targets/Microsoft.NET.Sdk.ImportPublishProfile.targets (28,5)
       Property reassignment: $(PublishProfileImported)="false" (previous value: "true") at /usr/share/dotnet/sdk/8.0.415/Sdks/Microsoft.NET.Sdk/targets/Microsoft.NET.Sdk.ImportPublishProfile.targets (28,5)
       Property reassignment: $(TargetsForTfmSpecificContentInPackage)=";PackTool;_PackProjectToolValidation" (previous value: ";PackTool") at /usr/share/dotnet/sdk/8.0.415/Sdks/Microsoft.NET.Sdk/targets/Microsoft.NET.PackProjectTool.props (15,5)
       Property reassignment: $(TargetsForTfmSpecificContentInPackage)=";PackTool;_PackProjectToolValidation" (previous value: ";PackTool") at /usr/share/dotnet/sdk/8.0.415/Sdks/Microsoft.NET.Sdk/targets/Microsoft.NET.PackProjectTool.props (15,5)
       Property reassignment: $(TargetsForTfmSpecificContentInPackage)=";PackTool;_PackProjectToolValidation" (previous value: ";PackTool") at /usr/share/dotnet/sdk/8.0.415/Sdks/Microsoft.NET.Sdk/targets/Microsoft.NET.PackProjectTool.props (15,5)
       Property reassignment: $(TargetsForTfmSpecificContentInPackage)=";PackTool;_PackProjectToolValidation" (previous value: ";PackTool") at /usr/share/dotnet/sdk/8.0.415/Sdks/Microsoft.NET.Sdk/targets/Microsoft.NET.PackProjectTool.props (15,5)
       Property reassignment: $(TargetPlatformVersion)="" (previous value: "0.0") at /usr/share/dotnet/sdk/8.0.415/Sdks/Microsoft.NET.Sdk/targets/Microsoft.NET.TargetFrameworkInference.targets (69,5)
       The "Configuration" property is a global property, and cannot be modified.
       The "Platform" property is a global property, and cannot be modified.
       Property reassignment: $(PublishProfileImported)="false" (previous value: "true") at /usr/share/dotnet/sdk/8.0.415/Sdks/Microsoft.NET.Sdk/targets/Microsoft.NET.Sdk.ImportPublishProfile.targets (28,5)
       The "Configuration" property is a global property, and cannot be modified.
       The "Platform" property is a global property, and cannot be modified.
       Property reassignment: $(PublishProfileImported)="false" (previous value: "true") at /usr/share/dotnet/sdk/8.0.415/Sdks/Microsoft.NET.Sdk/targets/Microsoft.NET.Sdk.ImportPublishProfile.targets (28,5)
       The "DefaultSdkResolver" resolver attempted to resolve the SDK "Microsoft.NET.SDK.WorkloadManifestTargetsLocator".
       Warnings: null
       Errors: MSB4276: The default SDK resolver failed to resolve SDK "Microsoft.NET.SDK.WorkloadManifestTargetsLocator" because directory "/usr/share/dotnet/sdk/8.0.415/Sdks/Microsoft.NET.SDK.WorkloadManifestTargetsLocator/Sdk" did not exist.
       The SDK "Microsoft.NET.Sdk.StaticWebAssets" was successfully resolved by the "DefaultSdkResolver" resolver to location "/usr/share/dotnet/sdk/8.0.415/Sdks/Microsoft.NET.Sdk.StaticWebAssets/Sdk" and version "".
       Property reassignment: $(TargetPlatformVersion)="" (previous value: "0.0") at /usr/share/dotnet/sdk/8.0.415/Sdks/Microsoft.NET.Sdk/targets/Microsoft.NET.TargetFrameworkInference.targets (69,5)
       Property reassignment: $(DefaultItemExcludes)=";bin\Release//**;obj\Release//**" (previous value: ";bin\Release//**") at /usr/share/dotnet/sdk/8.0.415/Sdks/Microsoft.NET.Sdk/targets/Microsoft.NET.DefaultOutputPaths.targets (122,5)
       Property reassignment: $(OutputPath)="bin\Release/net8.0/" (previous value: "bin\Release/") at /usr/share/dotnet/sdk/8.0.415/Sdks/Microsoft.NET.Sdk/targets/Microsoft.NET.DefaultOutputPaths.targets (137,5)
       Property reassignment: $(TargetPlatformVersion)="" (previous value: "0.0") at /usr/share/dotnet/sdk/8.0.415/Sdks/Microsoft.NET.Sdk/targets/Microsoft.NET.TargetFrameworkInference.targets (69,5)
       The "Configuration" property is a global property, and cannot be modified.
       The "Platform" property is a global property, and cannot be modified.
       Property reassignment: $(DefaultItemExcludes)=";bin\Release//**;obj\Release//**" (previous value: ";bin\Release//**") at /usr/share/dotnet/sdk/8.0.415/Sdks/Microsoft.NET.Sdk/targets/Microsoft.NET.DefaultOutputPaths.targets (122,5)
       Property reassignment: $(OutputPath)="bin\Release/net8.0/" (previous value: "bin\Release/") at /usr/share/dotnet/sdk/8.0.415/Sdks/Microsoft.NET.Sdk/targets/Microsoft.NET.DefaultOutputPaths.targets (137,5)
       Property reassignment: $(IntermediateOutputPath)="obj\Release/net8.0/" (previous value: "obj\Release/") at /usr/share/dotnet/sdk/8.0.415/Sdks/Microsoft.NET.Sdk/targets/Microsoft.NET.DefaultOutputPaths.targets (142,5)
       Property reassignment: $(TargetPlatformVersion)="" (previous value: "0.0") at /usr/share/dotnet/sdk/8.0.415/Sdks/Microsoft.NET.Sdk/targets/Microsoft.NET.TargetFrameworkInference.targets (69,5)
       Property reassignment: $(PublishProfileImported)="false" (previous value: "true") at /usr/share/dotnet/sdk/8.0.415/Sdks/Microsoft.NET.Sdk/targets/Microsoft.NET.Sdk.ImportPublishProfile.targets (28,5)
       Property reassignment: $(TargetsForTfmSpecificContentInPackage)=";PackTool;_PackProjectToolValidation" (previous value: ";PackTool") at /usr/share/dotnet/sdk/8.0.415/Sdks/Microsoft.NET.Sdk/targets/Microsoft.NET.PackProjectTool.props (15,5)
       Property reassignment: $(TargetPlatformVersion)="" (previous value: "0.0") at /usr/share/dotnet/sdk/8.0.415/Sdks/Microsoft.NET.Sdk/targets/Microsoft.NET.TargetFrameworkInference.targets (69,5)
       Property reassignment: $(DefaultItemExcludes)=";bin\Release//**;obj\Release//**" (previous value: ";bin\Release//**") at /usr/share/dotnet/sdk/8.0.415/Sdks/Microsoft.NET.Sdk/targets/Microsoft.NET.DefaultOutputPaths.targets (122,5)
       Property reassignment: $(DefaultItemExcludes)=";**\node_modules\**;node_modules\**;**\jspm_packages\**;jspm_packages\**" (previous value: ";**\node_modules\**;node_modules\**") at /usr/share/dotnet/sdk/8.0.415/Sdks/Microsoft.NET.Sdk.StaticWebAssets/Sdk/Sdk.StaticWebAssets.StaticAssets.ProjectSystem.props (23,5)
       Property reassignment: $(OutputPath)="bin\Release/net8.0/" (previous value: "bin\Release/") at /usr/share/dotnet/sdk/8.0.415/Sdks/Microsoft.NET.Sdk/targets/Microsoft.NET.DefaultOutputPaths.targets (137,5)
       Property reassignment: $(IntermediateOutputPath)="obj\Release/net8.0/" (previous value: "obj\Release/") at /usr/share/dotnet/sdk/8.0.415/Sdks/Microsoft.NET.Sdk/targets/Microsoft.NET.DefaultOutputPaths.targets (142,5)
       Property reassignment: $(DefaultItemExcludes)=";**\node_modules\**;node_modules\**;**\jspm_packages\**;jspm_packages\**;**\bower_components\**;bower_components\**" (previous value: ";**\node_modules\**;node_modules\**;**\jspm_packages\**;jspm_packages\**") at /usr/share/dotnet/sdk/8.0.415/Sdks/Microsoft.NET.Sdk.StaticWebAssets/Sdk/Sdk.StaticWebAssets.StaticAssets.ProjectSystem.props (24,5)
       The SDK "Microsoft.NET.Sdk.Web.ProjectSystem" was successfully resolved by the "DefaultSdkResolver" resolver to location "/usr/share/dotnet/sdk/8.0.415/Sdks/Microsoft.NET.Sdk.Web.ProjectSystem/Sdk" and version "".
       Property reassignment: $(DefaultItemExcludes)=";bin\Release//**;obj\Release//**" (previous value: ";bin\Release//**") at /usr/share/dotnet/sdk/8.0.415/Sdks/Microsoft.NET.Sdk/targets/Microsoft.NET.DefaultOutputPaths.targets (122,5)
       Property reassignment: $(OutputPath)="bin\Release/net8.0/" (previous value: "bin\Release/") at /usr/share/dotnet/sdk/8.0.415/Sdks/Microsoft.NET.Sdk/targets/Microsoft.NET.DefaultOutputPaths.targets (137,5)
       Property reassignment: $(IntermediateOutputPath)="obj\Release/net8.0/" (previous value: "obj\Release/") at /usr/share/dotnet/sdk/8.0.415/Sdks/Microsoft.NET.Sdk/targets/Microsoft.NET.DefaultOutputPaths.targets (142,5)
       Property reassignment: $(OutputType)="Exe" (previous value: "Library") at /usr/share/dotnet/sdk/8.0.415/Sdks/Microsoft.NET.Sdk.Web.ProjectSystem/targets/Microsoft.NET.Sdk.Web.ProjectSystem.props (16,5)
       The SDK "Microsoft.NET.Sdk.Publish" was successfully resolved by the "DefaultSdkResolver" resolver to location "/usr/share/dotnet/sdk/8.0.415/Sdks/Microsoft.NET.Sdk.Publish/Sdk" and version "".
       Property reassignment: $(NoWarn)="1701;1702;1591" (previous value: "1701;1702") at /home/saidul/Desktop/K-Chief Marine Automation Platform/src/KChief.Platform.API/KChief.Platform.API.csproj (8,5)
       The "Configuration" property is a global property, and cannot be modified.
       The "Platform" property is a global property, and cannot be modified.
       Property reassignment: $(PublishProfileImported)="false" (previous value: "true") at /usr/share/dotnet/sdk/8.0.415/Sdks/Microsoft.NET.Sdk/targets/Microsoft.NET.Sdk.ImportPublishProfile.targets (28,5)
       Property reassignment: $(TargetPlatformVersion)="" (previous value: "0.0") at /usr/share/dotnet/sdk/8.0.415/Sdks/Microsoft.NET.Sdk/targets/Microsoft.NET.TargetFrameworkInference.targets (69,5)
       Property reassignment: $(DefaultItemExcludes)=";**\node_modules\**;node_modules\**;**\jspm_packages\**;jspm_packages\**;**\bower_components\**;bower_components\**;bin\Release//**" (previous value: ";**\node_modules\**;node_modules\**;**\jspm_packages\**;jspm_packages\**;**\bower_components\**;bower_components\**") at /usr/share/dotnet/sdk/8.0.415/Sdks/Microsoft.NET.Sdk/targets/Microsoft.NET.DefaultOutputPaths.targets (121,5)
       The "Configuration" property is a global property, and cannot be modified.
       The "Platform" property is a global property, and cannot be modified.
       Property reassignment: $(DefaultItemExcludes)=";**\node_modules\**;node_modules\**;**\jspm_packages\**;jspm_packages\**;**\bower_components\**;bower_components\**;bin\Release//**;obj\Release//**" (previous value: ";**\node_modules\**;node_modules\**;**\jspm_packages\**;jspm_packages\**;**\bower_components\**;bower_components\**;bin\Release//**") at /usr/share/dotnet/sdk/8.0.415/Sdks/Microsoft.NET.Sdk/targets/Microsoft.NET.DefaultOutputPaths.targets (122,5)
       Property reassignment: $(OutputPath)="bin\Release/net8.0/" (previous value: "bin\Release/") at /usr/share/dotnet/sdk/8.0.415/Sdks/Microsoft.NET.Sdk/targets/Microsoft.NET.DefaultOutputPaths.targets (137,5)
       Property reassignment: $(IntermediateOutputPath)="obj\Release/net8.0/" (previous value: "obj\Release/") at /usr/share/dotnet/sdk/8.0.415/Sdks/Microsoft.NET.Sdk/targets/Microsoft.NET.DefaultOutputPaths.targets (142,5)
       The SDK "Microsoft.NET.SDK.WorkloadManifestTargetsLocator" was successfully resolved by the "Microsoft.DotNet.MSBuildWorkloadSdkResolver" resolver to location "/usr/share/dotnet/sdk-manifests/8.0.100/microsoft.net.sdk.android/34.0.43" and version "null".
       The "Configuration" property is a global property, and cannot be modified.
       The "Platform" property is a global property, and cannot be modified.
       Property reassignment: $(TargetPlatformVersion)="" (previous value: "0.0") at /usr/share/dotnet/sdk/8.0.415/Sdks/Microsoft.NET.Sdk/targets/Microsoft.NET.TargetFrameworkInference.targets (69,5)
       Property reassignment: $(IntermediateOutputPath)="obj\Release/net8.0/" (previous value: "obj\Release/") at /usr/share/dotnet/sdk/8.0.415/Sdks/Microsoft.NET.Sdk/targets/Microsoft.NET.DefaultOutputPaths.targets (142,5)
       Property reassignment: $(DefaultItemExcludes)=";bin\Release//**;obj\Release//**" (previous value: ";bin\Release//**") at /usr/share/dotnet/sdk/8.0.415/Sdks/Microsoft.NET.Sdk/targets/Microsoft.NET.DefaultOutputPaths.targets (122,5)
       Property reassignment: $(PublishProfileImported)="false" (previous value: "true") at /usr/share/dotnet/sdk/8.0.415/Sdks/Microsoft.NET.Sdk/targets/Microsoft.NET.Sdk.ImportPublishProfile.targets (28,5)
       Property reassignment: $(DefaultItemExcludes)=";bin\Release//**;obj\Release//**" (previous value: ";bin\Release//**") at /usr/share/dotnet/sdk/8.0.415/Sdks/Microsoft.NET.Sdk/targets/Microsoft.NET.DefaultOutputPaths.targets (122,5)
       Property reassignment: $(OutputPath)="bin\Release/net8.0/" (previous value: "bin\Release/") at /usr/share/dotnet/sdk/8.0.415/Sdks/Microsoft.NET.Sdk/targets/Microsoft.NET.DefaultOutputPaths.targets (137,5)
       Property reassignment: $(OutputPath)="bin\Release/net8.0/" (previous value: "bin\Release/") at /usr/share/dotnet/sdk/8.0.415/Sdks/Microsoft.NET.Sdk/targets/Microsoft.NET.DefaultOutputPaths.targets (137,5)
       Property reassignment: $(IntermediateOutputPath)="obj\Release/net8.0/" (previous value: "obj\Release/") at /usr/share/dotnet/sdk/8.0.415/Sdks/Microsoft.NET.Sdk/targets/Microsoft.NET.DefaultOutputPaths.targets (142,5)
       Property reassignment: $(PublishProfileImported)="false" (previous value: "true") at /usr/share/dotnet/sdk/8.0.415/Sdks/Microsoft.NET.Sdk/targets/Microsoft.NET.Sdk.ImportPublishProfile.targets (28,5)
       Property reassignment: $(IntermediateOutputPath)="obj\Release/net8.0/" (previous value: "obj\Release/") at /usr/share/dotnet/sdk/8.0.415/Sdks/Microsoft.NET.Sdk/targets/Microsoft.NET.DefaultOutputPaths.targets (142,5)
       Property reassignment: $(TargetPlatformVersion)="" (previous value: "0.0") at /usr/share/dotnet/sdk/8.0.415/Sdks/Microsoft.NET.Sdk/targets/Microsoft.NET.TargetFrameworkInference.targets (69,5)
       Property reassignment: $(_FrameworkIdentifierForImplicitDefine)="NET" (previous value: "NETCOREAPP") at /usr/share/dotnet/sdk/8.0.415/Sdks/Microsoft.NET.Sdk/targets/Microsoft.NET.Sdk.BeforeCommon.targets (187,5)
       Property reassignment: $(_FrameworkIdentifierForImplicitDefine)="NET" (previous value: "NETCOREAPP") at /usr/share/dotnet/sdk/8.0.415/Sdks/Microsoft.NET.Sdk/targets/Microsoft.NET.Sdk.BeforeCommon.targets (187,5)
       Property reassignment: $(_FrameworkIdentifierForImplicitDefine)="NET" (previous value: "NETCOREAPP") at /usr/share/dotnet/sdk/8.0.415/Sdks/Microsoft.NET.Sdk/targets/Microsoft.NET.Sdk.BeforeCommon.targets (187,5)
       Property reassignment: $(_FrameworkIdentifierForImplicitDefine)="NET" (previous value: "NETCOREAPP") at /usr/share/dotnet/sdk/8.0.415/Sdks/Microsoft.NET.Sdk/targets/Microsoft.NET.Sdk.BeforeCommon.targets (187,5)
       Property reassignment: $(_FrameworkIdentifierForImplicitDefine)="NET" (previous value: "NETCOREAPP") at /usr/share/dotnet/sdk/8.0.415/Sdks/Microsoft.NET.Sdk/targets/Microsoft.NET.Sdk.BeforeCommon.targets (187,5)
       Property reassignment: $(_FrameworkVersionForImplicitDefine)="8_0" (previous value: "8.0") at /usr/share/dotnet/sdk/8.0.415/Sdks/Microsoft.NET.Sdk/targets/Microsoft.NET.Sdk.BeforeCommon.targets (192,5)
       Property reassignment: $(_FrameworkVersionForImplicitDefine)="8_0" (previous value: "8.0") at /usr/share/dotnet/sdk/8.0.415/Sdks/Microsoft.NET.Sdk/targets/Microsoft.NET.Sdk.BeforeCommon.targets (192,5)
       Property reassignment: $(DefaultItemExcludes)=";bin\Release//**;obj\Release//**" (previous value: ";bin\Release//**") at /usr/share/dotnet/sdk/8.0.415/Sdks/Microsoft.NET.Sdk/targets/Microsoft.NET.DefaultOutputPaths.targets (122,5)
       Property reassignment: $(_FrameworkVersionForImplicitDefine)="8_0" (previous value: "8.0") at /usr/share/dotnet/sdk/8.0.415/Sdks/Microsoft.NET.Sdk/targets/Microsoft.NET.Sdk.BeforeCommon.targets (192,5)
       Property reassignment: $(_FrameworkVersionForImplicitDefine)="8_0" (previous value: "8.0") at /usr/share/dotnet/sdk/8.0.415/Sdks/Microsoft.NET.Sdk/targets/Microsoft.NET.Sdk.BeforeCommon.targets (192,5)
       Property reassignment: $(_FrameworkVersionForImplicitDefine)="8_0" (previous value: "8.0") at /usr/share/dotnet/sdk/8.0.415/Sdks/Microsoft.NET.Sdk/targets/Microsoft.NET.Sdk.BeforeCommon.targets (192,5)
       Property reassignment: $(OutputPath)="bin\Release/net8.0/" (previous value: "bin\Release/") at /usr/share/dotnet/sdk/8.0.415/Sdks/Microsoft.NET.Sdk/targets/Microsoft.NET.DefaultOutputPaths.targets (137,5)
       Property reassignment: $(CommandLineArgsForDesignTimeEvaluation)="-langversion:12.0 -define:TRACE" (previous value: "-langversion:12.0") at /usr/share/dotnet/sdk/8.0.415/Roslyn/Microsoft.CSharp.Core.targets (200,5)
       Property reassignment: $(CommandLineArgsForDesignTimeEvaluation)="-langversion:12.0 -define:TRACE" (previous value: "-langversion:12.0") at /usr/share/dotnet/sdk/8.0.415/Roslyn/Microsoft.CSharp.Core.targets (200,5)
       Property reassignment: $(CommandLineArgsForDesignTimeEvaluation)="-langversion:12.0 -define:TRACE" (previous value: "-langversion:12.0") at /usr/share/dotnet/sdk/8.0.415/Roslyn/Microsoft.CSharp.Core.targets (200,5)
       Property reassignment: $(_FrameworkIdentifierForImplicitDefine)="NET" (previous value: "NETCOREAPP") at /usr/share/dotnet/sdk/8.0.415/Sdks/Microsoft.NET.Sdk/targets/Microsoft.NET.Sdk.BeforeCommon.targets (187,5)
       Property reassignment: $(CommandLineArgsForDesignTimeEvaluation)="-langversion:12.0 -define:TRACE" (previous value: "-langversion:12.0") at /usr/share/dotnet/sdk/8.0.415/Roslyn/Microsoft.CSharp.Core.targets (200,5)
       Property reassignment: $(IntermediateOutputPath)="obj\Release/net8.0/" (previous value: "obj\Release/") at /usr/share/dotnet/sdk/8.0.415/Sdks/Microsoft.NET.Sdk/targets/Microsoft.NET.DefaultOutputPaths.targets (142,5)
       Property reassignment: $(_FrameworkIdentifierForImplicitDefine)="NET" (previous value: "NETCOREAPP") at /usr/share/dotnet/sdk/8.0.415/Sdks/Microsoft.NET.Sdk/targets/Microsoft.NET.Sdk.BeforeCommon.targets (187,5)
       Property reassignment: $(_FrameworkVersionForImplicitDefine)="8_0" (previous value: "8.0") at /usr/share/dotnet/sdk/8.0.415/Sdks/Microsoft.NET.Sdk/targets/Microsoft.NET.Sdk.BeforeCommon.targets (192,5)
       Property reassignment: $(_FrameworkVersionForImplicitDefine)="8_0" (previous value: "8.0") at /usr/share/dotnet/sdk/8.0.415/Sdks/Microsoft.NET.Sdk/targets/Microsoft.NET.Sdk.BeforeCommon.targets (192,5)
       Property reassignment: $(_FrameworkIdentifierForImplicitDefine)="NET" (previous value: "NETCOREAPP") at /usr/share/dotnet/sdk/8.0.415/Sdks/Microsoft.NET.Sdk/targets/Microsoft.NET.Sdk.BeforeCommon.targets (187,5)
       Property reassignment: $(CommandLineArgsForDesignTimeEvaluation)="-langversion:12.0 -define:TRACE" (previous value: "-langversion:12.0") at /usr/share/dotnet/sdk/8.0.415/Roslyn/Microsoft.CSharp.Core.targets (200,5)
       Property reassignment: $(CommandLineArgsForDesignTimeEvaluation)="-langversion:12.0 -define:TRACE" (previous value: "-langversion:12.0") at /usr/share/dotnet/sdk/8.0.415/Roslyn/Microsoft.CSharp.Core.targets (200,5)
       The "Platform" property is a global property, and cannot be modified.
       The "Platform" property is a global property, and cannot be modified.
       Property reassignment: $(CommandLineArgsForDesignTimeEvaluation)="-langversion:12.0 -define:TRACE" (previous value: "-langversion:12.0") at /usr/share/dotnet/sdk/8.0.415/Roslyn/Microsoft.CSharp.Core.targets (200,5)
       The "Platform" property is a global property, and cannot be modified.
       The "Configuration" property is a global property, and cannot be modified.
       The "Configuration" property is a global property, and cannot be modified.
       The "Platform" property is a global property, and cannot be modified.
       Property reassignment: $(_DebugSymbolsProduced)="true" (previous value: "false") at /usr/share/dotnet/sdk/8.0.415/Microsoft.Common.CurrentVersion.targets (179,5)
       Property reassignment: $(_DebugSymbolsProduced)="true" (previous value: "false") at /usr/share/dotnet/sdk/8.0.415/Microsoft.Common.CurrentVersion.targets (179,5)
       The "Configuration" property is a global property, and cannot be modified.
       Property reassignment: $(_FrameworkVersionForImplicitDefine)="8_0" (previous value: "8.0") at /usr/share/dotnet/sdk/8.0.415/Sdks/Microsoft.NET.Sdk/targets/Microsoft.NET.Sdk.BeforeCommon.targets (192,5)
       Property reassignment: $(_DocumentationFileProduced)="false" (previous value: "true") at /usr/share/dotnet/sdk/8.0.415/Microsoft.Common.CurrentVersion.targets (185,5)
       Property reassignment: $(_DocumentationFileProduced)="false" (previous value: "true") at /usr/share/dotnet/sdk/8.0.415/Microsoft.Common.CurrentVersion.targets (185,5)
       The "Platform" property is a global property, and cannot be modified.
       The "Configuration" property is a global property, and cannot be modified.
       Property reassignment: $(_DebugSymbolsProduced)="true" (previous value: "false") at /usr/share/dotnet/sdk/8.0.415/Microsoft.Common.CurrentVersion.targets (179,5)
       Property reassignment: $(CommandLineArgsForDesignTimeEvaluation)="-langversion:12.0 -define:TRACE" (previous value: "-langversion:12.0") at /usr/share/dotnet/sdk/8.0.415/Roslyn/Microsoft.CSharp.Core.targets (200,5)
       The "SolutionName" property is a global property, and cannot be modified.
       The "SolutionName" property is a global property, and cannot be modified.
       The "Platform" property is a global property, and cannot be modified.
       Property reassignment: $(_DocumentationFileProduced)="false" (previous value: "true") at /usr/share/dotnet/sdk/8.0.415/Microsoft.Common.CurrentVersion.targets (185,5)
       The "Platform" property is a global property, and cannot be modified.
       The "SolutionFileName" property is a global property, and cannot be modified.
       The "SolutionFileName" property is a global property, and cannot be modified.
       The "SolutionName" property is a global property, and cannot be modified.
       The "Configuration" property is a global property, and cannot be modified.
       The "Configuration" property is a global property, and cannot be modified.
       The "Configuration" property is a global property, and cannot be modified.
       The "SolutionPath" property is a global property, and cannot be modified.
       The "SolutionPath" property is a global property, and cannot be modified.
       The "SolutionFileName" property is a global property, and cannot be modified.
       Property reassignment: $(_DebugSymbolsProduced)="true" (previous value: "false") at /usr/share/dotnet/sdk/8.0.415/Microsoft.Common.CurrentVersion.targets (179,5)
       Property reassignment: $(_DebugSymbolsProduced)="true" (previous value: "false") at /usr/share/dotnet/sdk/8.0.415/Microsoft.Common.CurrentVersion.targets (179,5)
       The "SolutionDir" property is a global property, and cannot be modified.
       The "SolutionPath" property is a global property, and cannot be modified.
       The "Platform" property is a global property, and cannot be modified.
       Property reassignment: $(_DocumentationFileProduced)="false" (previous value: "true") at /usr/share/dotnet/sdk/8.0.415/Microsoft.Common.CurrentVersion.targets (185,5)
       Property reassignment: $(_DebugSymbolsProduced)="true" (previous value: "false") at /usr/share/dotnet/sdk/8.0.415/Microsoft.Common.CurrentVersion.targets (175,5)
       The "SolutionDir" property is a global property, and cannot be modified.
       The "SolutionExt" property is a global property, and cannot be modified.
       The "Configuration" property is a global property, and cannot be modified.
       The "SolutionName" property is a global property, and cannot be modified.
       Property reassignment: $(_DocumentationFileProduced)="false" (previous value: "true") at /usr/share/dotnet/sdk/8.0.415/Microsoft.Common.CurrentVersion.targets (185,5)
       The "SolutionExt" property is a global property, and cannot be modified.
       The "SolutionName" property is a global property, and cannot be modified.
       Property reassignment: $(_DebugSymbolsProduced)="true" (previous value: "false") at /usr/share/dotnet/sdk/8.0.415/Microsoft.Common.CurrentVersion.targets (179,5)
       Property reassignment: $(_DebugSymbolsProduced)="true" (previous value: "false") at /usr/share/dotnet/sdk/8.0.415/Microsoft.Common.CurrentVersion.targets (179,5)
       Property reassignment: $(MSBuildCopyMarkerName)="KChief.P.BA84CE94" (previous value: "KChief.Protocols.Modbus.csproj") at /usr/share/dotnet/sdk/8.0.415/Microsoft.Common.CurrentVersion.targets (392,5)
       The "SolutionFileName" property is a global property, and cannot be modified.
       The "SolutionFileName" property is a global property, and cannot be modified.
       Property reassignment: $(_DocumentationFileProduced)="false" (previous value: "true") at /usr/share/dotnet/sdk/8.0.415/Microsoft.Common.CurrentVersion.targets (185,5)
       The "SolutionPath" property is a global property, and cannot be modified.
       The "SolutionName" property is a global property, and cannot be modified.
       The "SolutionPath" property is a global property, and cannot be modified.
       Property reassignment: $(MSBuildCopyMarkerName)="KChief.P.D5C893B4" (previous value: "KChief.Protocols.OPC.csproj") at /usr/share/dotnet/sdk/8.0.415/Microsoft.Common.CurrentVersion.targets (392,5)
       Property reassignment: $(MSBuildCopyMarkerName)="KChief.P.BA84CE94.Up2Date" (previous value: "KChief.P.BA84CE94") at /usr/share/dotnet/sdk/8.0.415/Microsoft.Common.CurrentVersion.targets (393,5)
       The "SolutionDir" property is a global property, and cannot be modified.
       The "SolutionName" property is a global property, and cannot be modified.
       Property reassignment: $(_DocumentationFileProduced)="false" (previous value: "true") at /usr/share/dotnet/sdk/8.0.415/Microsoft.Common.CurrentVersion.targets (185,5)
       The "SolutionDir" property is a global property, and cannot be modified.
       The "SolutionFileName" property is a global property, and cannot be modified.
       Property reassignment: $(MSBuildCopyMarkerName)="KChief.P.D5C893B4.Up2Date" (previous value: "KChief.P.D5C893B4") at /usr/share/dotnet/sdk/8.0.415/Microsoft.Common.CurrentVersion.targets (393,5)
       The "SolutionExt" property is a global property, and cannot be modified.
       Property reassignment: $(ProcessorArchitecture)="msil" (previous value: "") at /usr/share/dotnet/sdk/8.0.415/Microsoft.Common.CurrentVersion.targets (541,5)
       The "SolutionExt" property is a global property, and cannot be modified.
       The "SolutionPath" property is a global property, and cannot be modified.
       Property reassignment: $(ProcessorArchitecture)="msil" (previous value: "") at /usr/share/dotnet/sdk/8.0.415/Microsoft.Common.CurrentVersion.targets (541,5)
       Property reassignment: $(MSBuildCopyMarkerName)="KChief.I.35442460" (previous value: "KChief.Integration.Tests.csproj") at /usr/share/dotnet/sdk/8.0.415/Microsoft.Common.CurrentVersion.targets (392,5)
       Property reassignment: $(DelaySign)="" (previous value: "false") at /usr/share/dotnet/sdk/8.0.415/Microsoft.Common.CurrentVersion.targets (580,5)
       The "SolutionDir" property is a global property, and cannot be modified.
       Property reassignment: $(MSBuildCopyMarkerName)="KChief.P.F3D3397E" (previous value: "KChief.Platform.API.csproj") at /usr/share/dotnet/sdk/8.0.415/Microsoft.Common.CurrentVersion.targets (392,5)
       Property reassignment: $(DelaySign)="" (previous value: "false") at /usr/share/dotnet/sdk/8.0.415/Microsoft.Common.CurrentVersion.targets (580,5)
       The "SolutionName" property is a global property, and cannot be modified.
       Property reassignment: $(MSBuildCopyMarkerName)="KChief.I.35442460.Up2Date" (previous value: "KChief.I.35442460") at /usr/share/dotnet/sdk/8.0.415/Microsoft.Common.CurrentVersion.targets (393,5)
       The "SolutionExt" property is a global property, and cannot be modified.
       Property reassignment: $(MSBuildCopyMarkerName)="KChief.P.F3D3397E.Up2Date" (previous value: "KChief.P.F3D3397E") at /usr/share/dotnet/sdk/8.0.415/Microsoft.Common.CurrentVersion.targets (393,5)
       Property reassignment: $(MSBuildCopyMarkerName)="KChief.V.56673482" (previous value: "KChief.VesselControl.csproj") at /usr/share/dotnet/sdk/8.0.415/Microsoft.Common.CurrentVersion.targets (392,5)
       The "SolutionFileName" property is a global property, and cannot be modified.
       Property reassignment: $(ProcessorArchitecture)="msil" (previous value: "") at /usr/share/dotnet/sdk/8.0.415/Microsoft.Common.CurrentVersion.targets (541,5)
       Property reassignment: $(ProcessorArchitecture)="msil" (previous value: "") at /usr/share/dotnet/sdk/8.0.415/Microsoft.Common.CurrentVersion.targets (541,5)
       The "SolutionDir" property is a global property, and cannot be modified.
       Property reassignment: $(DelaySign)="" (previous value: "false") at /usr/share/dotnet/sdk/8.0.415/Microsoft.Common.CurrentVersion.targets (580,5)
       The "SolutionFileName" property is a global property, and cannot be modified.
       Property reassignment: $(DelaySign)="" (previous value: "false") at /usr/share/dotnet/sdk/8.0.415/Microsoft.Common.CurrentVersion.targets (580,5)
       The "SolutionExt" property is a global property, and cannot be modified.
       The "SolutionPath" property is a global property, and cannot be modified.
       Property reassignment: $(MSBuildCopyMarkerName)="KChief.P.D2187258" (previous value: "KChief.Platform.Tests.csproj") at /usr/share/dotnet/sdk/8.0.415/Microsoft.Common.CurrentVersion.targets (392,5)
       The "SolutionPath" property is a global property, and cannot be modified.
       Property reassignment: $(MSBuildCopyMarkerName)="KChief.P.D2187258.Up2Date" (previous value: "KChief.P.D2187258") at /usr/share/dotnet/sdk/8.0.415/Microsoft.Common.CurrentVersion.targets (393,5)
       Property reassignment: $(ProcessorArchitecture)="msil" (previous value: "") at /usr/share/dotnet/sdk/8.0.415/Microsoft.Common.CurrentVersion.targets (541,5)
       Property reassignment: $(MSBuildCopyMarkerName)="KChief.V.56673482.Up2Date" (previous value: "KChief.V.56673482") at /usr/share/dotnet/sdk/8.0.415/Microsoft.Common.CurrentVersion.targets (393,5)
       The "SolutionDir" property is a global property, and cannot be modified.
       Property reassignment: $(DelaySign)="" (previous value: "false") at /usr/share/dotnet/sdk/8.0.415/Microsoft.Common.CurrentVersion.targets (580,5)
       Property reassignment: $(ProcessorArchitecture)="msil" (previous value: "") at /usr/share/dotnet/sdk/8.0.415/Microsoft.Common.CurrentVersion.targets (541,5)
       The "SolutionDir" property is a global property, and cannot be modified.
       Property reassignment: $(DelaySign)="" (previous value: "false") at /usr/share/dotnet/sdk/8.0.415/Microsoft.Common.CurrentVersion.targets (580,5)
       The "SolutionExt" property is a global property, and cannot be modified.
       The "SolutionExt" property is a global property, and cannot be modified.
       Property 'LocalAppData' with value '/home/saidul/.local/share' expanded from the environment.
       Property reassignment: $(MSBuildCopyMarkerName)="KChief.D.3F2D3CA3" (previous value: "KChief.DataAccess.csproj") at /usr/share/dotnet/sdk/8.0.415/Microsoft.Common.CurrentVersion.targets (392,5)
       Property 'LocalAppData' with value '/home/saidul/.local/share' expanded from the environment.
       Property 'LocalAppData' with value '/home/saidul/.local/share' expanded from the environment.
       Property 'LocalAppData' with value '/home/saidul/.local/share' expanded from the environment.
       Property 'LocalAppData' with value '/home/saidul/.local/share' expanded from the environment.
       Property 'LocalAppData' with value '/home/saidul/.local/share' expanded from the environment.
       Property reassignment: $(_SGenGenerateSerializationAssembliesConfig)="Auto" (previous value: "") at /usr/share/dotnet/sdk/8.0.415/Microsoft.Common.CurrentVersion.targets (3896,5)
       Property reassignment: $(MSBuildCopyMarkerName)="KChief.A.29E9782D" (previous value: "KChief.AlarmSystem.csproj") at /usr/share/dotnet/sdk/8.0.415/Microsoft.Common.CurrentVersion.targets (392,5)
       Property reassignment: $(_SGenGenerateSerializationAssembliesConfig)="Auto" (previous value: "") at /usr/share/dotnet/sdk/8.0.415/Microsoft.Common.CurrentVersion.targets (3896,5)
       Property reassignment: $(_SGenGenerateSerializationAssembliesConfig)="Auto" (previous value: "") at /usr/share/dotnet/sdk/8.0.415/Microsoft.Common.CurrentVersion.targets (3896,5)
       Property reassignment: $(_SGenGenerateSerializationAssembliesConfig)="Auto" (previous value: "") at /usr/share/dotnet/sdk/8.0.415/Microsoft.Common.CurrentVersion.targets (3896,5)
       Property reassignment: $(_TargetsThatPrepareProjectReferences)="
             AssignProjectConfiguration;
             _SplitProjectReferencesByFileExistence
           " (previous value: "_SplitProjectReferencesByFileExistence") at /usr/share/dotnet/sdk/8.0.415/Microsoft.Common.CurrentVersion.targets (5099,5)
       Property reassignment: $(_SGenGenerateSerializationAssembliesConfig)="Auto" (previous value: "") at /usr/share/dotnet/sdk/8.0.415/Microsoft.Common.CurrentVersion.targets (3896,5)
       Property reassignment: $(_TargetsThatPrepareProjectReferences)="
             AssignProjectConfiguration;
             _SplitProjectReferencesByFileExistence
           " (previous value: "_SplitProjectReferencesByFileExistence") at /usr/share/dotnet/sdk/8.0.415/Microsoft.Common.CurrentVersion.targets (5099,5)
       Property reassignment: $(_TargetsThatPrepareProjectReferences)="
             AssignProjectConfiguration;
             _SplitProjectReferencesByFileExistence
           " (previous value: "_SplitProjectReferencesByFileExistence") at /usr/share/dotnet/sdk/8.0.415/Microsoft.Common.CurrentVersion.targets (5099,5)
       Property reassignment: $(_SGenGenerateSerializationAssembliesConfig)="Auto" (previous value: "") at /usr/share/dotnet/sdk/8.0.415/Microsoft.Common.CurrentVersion.targets (3896,5)
       Property reassignment: $(_TargetsThatPrepareProjectReferences)="
             AssignProjectConfiguration;
             _SplitProjectReferencesByFileExistence
           " (previous value: "_SplitProjectReferencesByFileExistence") at /usr/share/dotnet/sdk/8.0.415/Microsoft.Common.CurrentVersion.targets (5099,5)
       Property reassignment: $(MSBuildCopyMarkerName)="KChief.D.3F2D3CA3.Up2Date" (previous value: "KChief.D.3F2D3CA3") at /usr/share/dotnet/sdk/8.0.415/Microsoft.Common.CurrentVersion.targets (393,5)
       Property 'MSBuildExtensionsPath32' with value '/usr/share/dotnet/sdk/8.0.415' expanded from the environment.
       Property reassignment: $(_TargetsThatPrepareProjectReferences)="
             AssignProjectConfiguration;
             _SplitProjectReferencesByFileExistence
           " (previous value: "_SplitProjectReferencesByFileExistence") at /usr/share/dotnet/sdk/8.0.415/Microsoft.Common.CurrentVersion.targets (5099,5)
       Property 'MSBuildExtensionsPath32' with value '/usr/share/dotnet/sdk/8.0.415' expanded from the environment.
       Property 'MSBuildExtensionsPath32' with value '/usr/share/dotnet/sdk/8.0.415' expanded from the environment.
       Property reassignment: $(_TargetsThatPrepareProjectReferences)="
             AssignProjectConfiguration;
             _SplitProjectReferencesByFileExistence
           " (previous value: "_SplitProjectReferencesByFileExistence") at /usr/share/dotnet/sdk/8.0.415/Microsoft.Common.CurrentVersion.targets (5099,5)
       Property 'MSBuildExtensionsPath32' with value '/usr/share/dotnet/sdk/8.0.415' expanded from the environment.
       Property reassignment: $(MSBuildCopyMarkerName)="KChief.A.29E9782D.Up2Date" (previous value: "KChief.A.29E9782D") at /usr/share/dotnet/sdk/8.0.415/Microsoft.Common.CurrentVersion.targets (393,5)
       Property 'MSBuildExtensionsPath32' with value '/usr/share/dotnet/sdk/8.0.415' expanded from the environment.
       The "_RestoreSolutionFileUsed" property is a global property, and cannot be modified.
       The "_RestoreSolutionFileUsed" property is a global property, and cannot be modified.
       The "_RestoreSolutionFileUsed" property is a global property, and cannot be modified.
       The "_RestoreSolutionFileUsed" property is a global property, and cannot be modified.
       Property 'MSBuildExtensionsPath32' with value '/usr/share/dotnet/sdk/8.0.415' expanded from the environment.
       The "_RestoreSolutionFileUsed" property is a global property, and cannot be modified.
       Property reassignment: $(ProcessorArchitecture)="msil" (previous value: "") at /usr/share/dotnet/sdk/8.0.415/Microsoft.Common.CurrentVersion.targets (541,5)
       Property reassignment: $(_GenerateRestoreGraphProjectEntryInputProperties)="
             ExcludeRestorePackageImports=true;
             _RestoreSolutionFileUsed=true;
             SolutionDir=/home/saidul/Desktop/K-Chief Marine Automation Platform/;
             SolutionName=KChief.MarineAutomationPlatform;
             SolutionFileName=KChief.MarineAutomationPlatform.sln;
             SolutionPath=/home/saidul/Desktop/K-Chief Marine Automation Platform/KChief.MarineAutomationPlatform.sln;
             SolutionExt=.sln;
           " (previous value: "ExcludeRestorePackageImports=true") at /usr/share/dotnet/sdk/8.0.415/NuGet.targets (101,5)
       Property reassignment: $(_GenerateRestoreGraphProjectEntryInputProperties)="
             ExcludeRestorePackageImports=true;
             _RestoreSolutionFileUsed=true;
             SolutionDir=/home/saidul/Desktop/K-Chief Marine Automation Platform/;
             SolutionName=KChief.MarineAutomationPlatform;
             SolutionFileName=KChief.MarineAutomationPlatform.sln;
             SolutionPath=/home/saidul/Desktop/K-Chief Marine Automation Platform/KChief.MarineAutomationPlatform.sln;
             SolutionExt=.sln;
           " (previous value: "ExcludeRestorePackageImports=true") at /usr/share/dotnet/sdk/8.0.415/NuGet.targets (101,5)
       Property reassignment: $(_GenerateRestoreGraphProjectEntryInputProperties)="
             ExcludeRestorePackageImports=true;
             _RestoreSolutionFileUsed=true;
             SolutionDir=/home/saidul/Desktop/K-Chief Marine Automation Platform/;
             SolutionName=KChief.MarineAutomationPlatform;
             SolutionFileName=KChief.MarineAutomationPlatform.sln;
             SolutionPath=/home/saidul/Desktop/K-Chief Marine Automation Platform/KChief.MarineAutomationPlatform.sln;
             SolutionExt=.sln;
           " (previous value: "ExcludeRestorePackageImports=true") at /usr/share/dotnet/sdk/8.0.415/NuGet.targets (101,5)
       The "_RestoreSolutionFileUsed" property is a global property, and cannot be modified.
       Property reassignment: $(_GenerateRestoreGraphProjectEntryInputProperties)="
             ExcludeRestorePackageImports=true;
             _RestoreSolutionFileUsed=true;
             SolutionDir=/home/saidul/Desktop/K-Chief Marine Automation Platform/;
             SolutionName=KChief.MarineAutomationPlatform;
             SolutionFileName=KChief.MarineAutomationPlatform.sln;
             SolutionPath=/home/saidul/Desktop/K-Chief Marine Automation Platform/KChief.MarineAutomationPlatform.sln;
             SolutionExt=.sln;
           " (previous value: "ExcludeRestorePackageImports=true") at /usr/share/dotnet/sdk/8.0.415/NuGet.targets (101,5)
       Property reassignment: $(_GenerateRestoreGraphProjectEntryInputProperties)="
             ExcludeRestorePackageImports=true;
             _RestoreSolutionFileUsed=true;
             SolutionDir=/home/saidul/Desktop/K-Chief Marine Automation Platform/;
             SolutionName=KChief.MarineAutomationPlatform;
             SolutionFileName=KChief.MarineAutomationPlatform.sln;
             SolutionPath=/home/saidul/Desktop/K-Chief Marine Automation Platform/KChief.MarineAutomationPlatform.sln;
             SolutionExt=.sln;
           " (previous value: "ExcludeRestorePackageImports=true") at /usr/share/dotnet/sdk/8.0.415/NuGet.targets (101,5)
       Property reassignment: $(ProcessorArchitecture)="msil" (previous value: "") at /usr/share/dotnet/sdk/8.0.415/Microsoft.Common.CurrentVersion.targets (541,5)
       Property reassignment: $(ProjectAssetsFile)="/home/saidul/Desktop/K-Chief Marine Automation Platform/src/KChief.Protocols.OPC/obj/project.assets.json" (previous value: "/home/saidul/Desktop/K-Chief Marine Automation Platform/src/KChief.Protocols.OPC/obj//project.assets.json") at /usr/share/dotnet/sdk/8.0.415/Sdks/Microsoft.NET.Sdk/targets/Microsoft.PackageDependencyResolution.targets (24,5)
       Property reassignment: $(ProjectAssetsFile)="/home/saidul/Desktop/K-Chief Marine Automation Platform/src/KChief.Platform.API/obj/project.assets.json" (previous value: "/home/saidul/Desktop/K-Chief Marine Automation Platform/src/KChief.Platform.API/obj//project.assets.json") at /usr/share/dotnet/sdk/8.0.415/Sdks/Microsoft.NET.Sdk/targets/Microsoft.PackageDependencyResolution.targets (24,5)
       Property reassignment: $(_GenerateRestoreGraphProjectEntryInputProperties)="
             ExcludeRestorePackageImports=true;
             _RestoreSolutionFileUsed=true;
             SolutionDir=/home/saidul/Desktop/K-Chief Marine Automation Platform/;
             SolutionName=KChief.MarineAutomationPlatform;
             SolutionFileName=KChief.MarineAutomationPlatform.sln;
             SolutionPath=/home/saidul/Desktop/K-Chief Marine Automation Platform/KChief.MarineAutomationPlatform.sln;
             SolutionExt=.sln;
           " (previous value: "ExcludeRestorePackageImports=true") at /usr/share/dotnet/sdk/8.0.415/NuGet.targets (101,5)
       Property reassignment: $(ProjectAssetsFile)="/home/saidul/Desktop/K-Chief Marine Automation Platform/tests/KChief.Integration.Tests/obj/project.assets.json" (previous value: "/home/saidul/Desktop/K-Chief Marine Automation Platform/tests/KChief.Integration.Tests/obj//project.assets.json") at /usr/share/dotnet/sdk/8.0.415/Sdks/Microsoft.NET.Sdk/targets/Microsoft.PackageDependencyResolution.targets (24,5)
       Property reassignment: $(ProjectAssetsFile)="/home/saidul/Desktop/K-Chief Marine Automation Platform/tests/KChief.Platform.Tests/obj/project.assets.json" (previous value: "/home/saidul/Desktop/K-Chief Marine Automation Platform/tests/KChief.Platform.Tests/obj//project.assets.json") at /usr/share/dotnet/sdk/8.0.415/Sdks/Microsoft.NET.Sdk/targets/Microsoft.PackageDependencyResolution.targets (24,5)
       Property reassignment: $(ProjectAssetsFile)="/home/saidul/Desktop/K-Chief Marine Automation Platform/src/KChief.VesselControl/obj/project.assets.json" (previous value: "/home/saidul/Desktop/K-Chief Marine Automation Platform/src/KChief.VesselControl/obj//project.assets.json") at /usr/share/dotnet/sdk/8.0.415/Sdks/Microsoft.NET.Sdk/targets/Microsoft.PackageDependencyResolution.targets (24,5)
       Property reassignment: $(ProjectAssetsCacheFile)="/home/saidul/Desktop/K-Chief Marine Automation Platform/src/KChief.Protocols.OPC/obj/Release/net8.0/KChief.Protocols.OPC.assets.cache" (previous value: "obj\Release/net8.0/KChief.Protocols.OPC.assets.cache") at /usr/share/dotnet/sdk/8.0.415/Sdks/Microsoft.NET.Sdk/targets/Microsoft.PackageDependencyResolution.targets (29,5)
       Property reassignment: $(ProjectAssetsCacheFile)="/home/saidul/Desktop/K-Chief Marine Automation Platform/src/KChief.Platform.API/obj/Release/net8.0/KChief.Platform.API.assets.cache" (previous value: "obj\Release/net8.0/KChief.Platform.API.assets.cache") at /usr/share/dotnet/sdk/8.0.415/Sdks/Microsoft.NET.Sdk/targets/Microsoft.PackageDependencyResolution.targets (29,5)
       Property reassignment: $(ProjectAssetsFile)="/home/saidul/Desktop/K-Chief Marine Automation Platform/src/KChief.Protocols.Modbus/obj/project.assets.json" (previous value: "/home/saidul/Desktop/K-Chief Marine Automation Platform/src/KChief.Protocols.Modbus/obj//project.assets.json") at /usr/share/dotnet/sdk/8.0.415/Sdks/Microsoft.NET.Sdk/targets/Microsoft.PackageDependencyResolution.targets (24,5)
       Property reassignment: $(ProjectAssetsCacheFile)="/home/saidul/Desktop/K-Chief Marine Automation Platform/tests/KChief.Integration.Tests/obj/Release/net8.0/KChief.Integration.Tests.assets.cache" (previous value: "obj\Release/net8.0/KChief.Integration.Tests.assets.cache") at /usr/share/dotnet/sdk/8.0.415/Sdks/Microsoft.NET.Sdk/targets/Microsoft.PackageDependencyResolution.targets (29,5)
       Property reassignment: $(ResolveAssemblyReferencesDependsOn)="
             
             ResolveProjectReferences;
             FindInvalidProjectReferences;
             GetFrameworkPaths;
             GetReferenceAssemblyPaths;
             PrepareForBuild;
             ResolveSDKReferences;
             ExpandSDKReferences;
           ;
             ResolvePackageDependenciesForBuild;
             _HandlePackageFileConflicts;
           " (previous value: "
             ResolveProjectReferences;
             FindInvalidProjectReferences;
             GetFrameworkPaths;
             GetReferenceAssemblyPaths;
             PrepareForBuild;
             ResolveSDKReferences;
             ExpandSDKReferences;
           ") at /usr/share/dotnet/sdk/8.0.415/Sdks/Microsoft.NET.Sdk/targets/Microsoft.PackageDependencyResolution.targets (80,5)
       Property reassignment: $(DelaySign)="" (previous value: "false") at /usr/share/dotnet/sdk/8.0.415/Microsoft.Common.CurrentVersion.targets (580,5)
       Property reassignment: $(DelaySign)="" (previous value: "false") at /usr/share/dotnet/sdk/8.0.415/Microsoft.Common.CurrentVersion.targets (580,5)
       Property reassignment: $(ResolveAssemblyReferencesDependsOn)="
             
             ResolveProjectReferences;
             FindInvalidProjectReferences;
             GetFrameworkPaths;
             GetReferenceAssemblyPaths;
             PrepareForBuild;
             ResolveSDKReferences;
             ExpandSDKReferences;
           ;
             ResolvePackageDependenciesForBuild;
             _HandlePackageFileConflicts;
           " (previous value: "
             ResolveProjectReferences;
             FindInvalidProjectReferences;
             GetFrameworkPaths;
             GetReferenceAssemblyPaths;
             PrepareForBuild;
             ResolveSDKReferences;
             ExpandSDKReferences;
           ") at /usr/share/dotnet/sdk/8.0.415/Sdks/Microsoft.NET.Sdk/targets/Microsoft.PackageDependencyResolution.targets (80,5)
       Property reassignment: $(ProjectAssetsCacheFile)="/home/saidul/Desktop/K-Chief Marine Automation Platform/tests/KChief.Platform.Tests/obj/Release/net8.0/KChief.Platform.Tests.assets.cache" (previous value: "obj\Release/net8.0/KChief.Platform.Tests.assets.cache") at /usr/share/dotnet/sdk/8.0.415/Sdks/Microsoft.NET.Sdk/targets/Microsoft.PackageDependencyResolution.targets (29,5)
       Property reassignment: $(ProjectAssetsCacheFile)="/home/saidul/Desktop/K-Chief Marine Automation Platform/src/KChief.Protocols.Modbus/obj/Release/net8.0/KChief.Protocols.Modbus.assets.cache" (previous value: "obj\Release/net8.0/KChief.Protocols.Modbus.assets.cache") at /usr/share/dotnet/sdk/8.0.415/Sdks/Microsoft.NET.Sdk/targets/Microsoft.PackageDependencyResolution.targets (29,5)
       Property reassignment: $(ResolveAssemblyReferencesDependsOn)="
             
             ResolveProjectReferences;
             FindInvalidProjectReferences;
             GetFrameworkPaths;
             GetReferenceAssemblyPaths;
             PrepareForBuild;
             ResolveSDKReferences;
             ExpandSDKReferences;
           ;
             ResolvePackageDependenciesForBuild;
             _HandlePackageFileConflicts;
           " (previous value: "
             ResolveProjectReferences;
             FindInvalidProjectReferences;
             GetFrameworkPaths;
             GetReferenceAssemblyPaths;
             PrepareForBuild;
             ResolveSDKReferences;
             ExpandSDKReferences;
           ") at /usr/share/dotnet/sdk/8.0.415/Sdks/Microsoft.NET.Sdk/targets/Microsoft.PackageDependencyResolution.targets (80,5)
       Property reassignment: $(PrepareResourcesDependsOn)="
             ResolvePackageDependenciesForBuild;
             _HandlePackageFileConflicts;
             
             ;
             PrepareResourceNames;
             ResGen;
             CompileLicxFiles
           
           " (previous value: "
             ;
             PrepareResourceNames;
             ResGen;
             CompileLicxFiles
           ") at /usr/share/dotnet/sdk/8.0.415/Sdks/Microsoft.NET.Sdk/targets/Microsoft.PackageDependencyResolution.targets (86,5)
       Property reassignment: $(PrepareResourcesDependsOn)="
             ResolvePackageDependenciesForBuild;
             _HandlePackageFileConflicts;
             
             ;
             PrepareResourceNames;
             ResGen;
             CompileLicxFiles
           
           " (previous value: "
             ;
             PrepareResourceNames;
             ResGen;
             CompileLicxFiles
           ") at /usr/share/dotnet/sdk/8.0.415/Sdks/Microsoft.NET.Sdk/targets/Microsoft.PackageDependencyResolution.targets (86,5)
       Property reassignment: $(ResolveAssemblyReferencesDependsOn)="
             
             ResolveProjectReferences;
             FindInvalidProjectReferences;
             GetFrameworkPaths;
             GetReferenceAssemblyPaths;
             PrepareForBuild;
             ResolveSDKReferences;
             ExpandSDKReferences;
           ;
             ResolvePackageDependenciesForBuild;
             _HandlePackageFileConflicts;
           " (previous value: "
             ResolveProjectReferences;
             FindInvalidProjectReferences;
             GetFrameworkPaths;
             GetReferenceAssemblyPaths;
             PrepareForBuild;
             ResolveSDKReferences;
             ExpandSDKReferences;
           ") at /usr/share/dotnet/sdk/8.0.415/Sdks/Microsoft.NET.Sdk/targets/Microsoft.PackageDependencyResolution.targets (80,5)
       Property reassignment: $(PrepareResourcesDependsOn)="
             ResolvePackageDependenciesForBuild;
             _HandlePackageFileConflicts;
             
             ;
             PrepareResourceNames;
             ResGen;
             CompileLicxFiles
           
           " (previous value: "
             ;
             PrepareResourceNames;
             ResGen;
             CompileLicxFiles
           ") at /usr/share/dotnet/sdk/8.0.415/Sdks/Microsoft.NET.Sdk/targets/Microsoft.PackageDependencyResolution.targets (86,5)
       Property reassignment: $(ResolveAssemblyReferencesDependsOn)="
             
             ResolveProjectReferences;
             FindInvalidProjectReferences;
             GetFrameworkPaths;
             GetReferenceAssemblyPaths;
             PrepareForBuild;
             ResolveSDKReferences;
             ExpandSDKReferences;
           ;
             ResolvePackageDependenciesForBuild;
             _HandlePackageFileConflicts;
           " (previous value: "
             ResolveProjectReferences;
             FindInvalidProjectReferences;
             GetFrameworkPaths;
             GetReferenceAssemblyPaths;
             PrepareForBuild;
             ResolveSDKReferences;
             ExpandSDKReferences;
           ") at /usr/share/dotnet/sdk/8.0.415/Sdks/Microsoft.NET.Sdk/targets/Microsoft.PackageDependencyResolution.targets (80,5)
       Property reassignment: $(DefaultItemExcludes)=";bin\Release//**;obj\Release//**;bin\/**" (previous value: ";bin\Release//**;obj\Release//**") at /usr/share/dotnet/sdk/8.0.415/Sdks/Microsoft.NET.Sdk/targets/Microsoft.NET.Sdk.DefaultItems.targets (27,5)
       Property 'LocalAppData' with value '/home/saidul/.local/share' expanded from the environment.
       Property reassignment: $(DefaultItemExcludes)=";**\node_modules\**;node_modules\**;**\jspm_packages\**;jspm_packages\**;**\bower_components\**;bower_components\**;bin\Release//**;obj\Release//**;bin\/**" (previous value: ";**\node_modules\**;node_modules\**;**\jspm_packages\**;jspm_packages\**;**\bower_components\**;bower_components\**;bin\Release//**;obj\Release//**") at /usr/share/dotnet/sdk/8.0.415/Sdks/Microsoft.NET.Sdk/targets/Microsoft.NET.Sdk.DefaultItems.targets (27,5)
       Property reassignment: $(PrepareResourcesDependsOn)="
             ResolvePackageDependenciesForBuild;
             _HandlePackageFileConflicts;
             
             ;
             PrepareResourceNames;
             ResGen;
             CompileLicxFiles
           
           " (previous value: "
             ;
             PrepareResourceNames;
             ResGen;
             CompileLicxFiles
           ") at /usr/share/dotnet/sdk/8.0.415/Sdks/Microsoft.NET.Sdk/targets/Microsoft.PackageDependencyResolution.targets (86,5)
       Property reassignment: $(DefaultItemExcludes)=";bin\Release//**;obj\Release//**;bin\/**" (previous value: ";bin\Release//**;obj\Release//**") at /usr/share/dotnet/sdk/8.0.415/Sdks/Microsoft.NET.Sdk/targets/Microsoft.NET.Sdk.DefaultItems.targets (27,5)
       Property reassignment: $(PrepareResourcesDependsOn)="
             ResolvePackageDependenciesForBuild;
             _HandlePackageFileConflicts;
             
             ;
             PrepareResourceNames;
             ResGen;
             CompileLicxFiles
           
           " (previous value: "
             ;
             PrepareResourceNames;
             ResGen;
             CompileLicxFiles
           ") at /usr/share/dotnet/sdk/8.0.415/Sdks/Microsoft.NET.Sdk/targets/Microsoft.PackageDependencyResolution.targets (86,5)
       Property 'LocalAppData' with value '/home/saidul/.local/share' expanded from the environment.
       Property reassignment: $(DefaultItemExcludes)=";bin\Release//**;obj\Release//**;bin\/**;obj\/**" (previous value: ";bin\Release//**;obj\Release//**;bin\/**") at /usr/share/dotnet/sdk/8.0.415/Sdks/Microsoft.NET.Sdk/targets/Microsoft.NET.Sdk.DefaultItems.targets (29,5)
       Property reassignment: $(DefaultItemExcludes)=";bin\Release//**;obj\Release//**;bin\/**" (previous value: ";bin\Release//**;obj\Release//**") at /usr/share/dotnet/sdk/8.0.415/Sdks/Microsoft.NET.Sdk/targets/Microsoft.NET.Sdk.DefaultItems.targets (27,5)
       Property reassignment: $(DefaultItemExcludes)=";bin\Release//**;obj\Release//**;bin\/**;obj\/**" (previous value: ";bin\Release//**;obj\Release//**;bin\/**") at /usr/share/dotnet/sdk/8.0.415/Sdks/Microsoft.NET.Sdk/targets/Microsoft.NET.Sdk.DefaultItems.targets (29,5)
       Property reassignment: $(DefaultItemExcludes)=";**\node_modules\**;node_modules\**;**\jspm_packages\**;jspm_packages\**;**\bower_components\**;bower_components\**;bin\Release//**;obj\Release//**;bin\/**;obj\/**" (previous value: ";**\node_modules\**;node_modules\**;**\jspm_packages\**;jspm_packages\**;**\bower_components\**;bower_components\**;bin\Release//**;obj\Release//**;bin\/**") at /usr/share/dotnet/sdk/8.0.415/Sdks/Microsoft.NET.Sdk/targets/Microsoft.NET.Sdk.DefaultItems.targets (29,5)
       Property reassignment: $(ProjectAssetsCacheFile)="/home/saidul/Desktop/K-Chief Marine Automation Platform/src/KChief.VesselControl/obj/Release/net8.0/KChief.VesselControl.assets.cache" (previous value: "obj\Release/net8.0/KChief.VesselControl.assets.cache") at /usr/share/dotnet/sdk/8.0.415/Sdks/Microsoft.NET.Sdk/targets/Microsoft.PackageDependencyResolution.targets (29,5)
       Property reassignment: $(DefaultItemExcludes)=";bin\Release//**;obj\Release//**;bin\/**" (previous value: ";bin\Release//**;obj\Release//**") at /usr/share/dotnet/sdk/8.0.415/Sdks/Microsoft.NET.Sdk/targets/Microsoft.NET.Sdk.DefaultItems.targets (27,5)
       Property reassignment: $(DefaultItemExcludes)=";**\node_modules\**;node_modules\**;**\jspm_packages\**;jspm_packages\**;**\bower_components\**;bower_components\**;bin\Release//**;obj\Release//**;bin\/**;obj\/**;**/*.user" (previous value: ";**\node_modules\**;node_modules\**;**\jspm_packages\**;jspm_packages\**;**\bower_components\**;bower_components\**;bin\Release//**;obj\Release//**;bin\/**;obj\/**") at /usr/share/dotnet/sdk/8.0.415/Sdks/Microsoft.NET.Sdk/targets/Microsoft.NET.Sdk.DefaultItems.targets (32,5)
       Property reassignment: $(ResolveAssemblyReferencesDependsOn)="
             
             ResolveProjectReferences;
             FindInvalidProjectReferences;
             GetFrameworkPaths;
             GetReferenceAssemblyPaths;
             PrepareForBuild;
             ResolveSDKReferences;
             ExpandSDKReferences;
           ;
             ResolvePackageDependenciesForBuild;
             _HandlePackageFileConflicts;
           " (previous value: "
             ResolveProjectReferences;
             FindInvalidProjectReferences;
             GetFrameworkPaths;
             GetReferenceAssemblyPaths;
             PrepareForBuild;
             ResolveSDKReferences;
             ExpandSDKReferences;
           ") at /usr/share/dotnet/sdk/8.0.415/Sdks/Microsoft.NET.Sdk/targets/Microsoft.PackageDependencyResolution.targets (80,5)
       Property reassignment: $(DefaultItemExcludes)=";bin\Release//**;obj\Release//**;bin\/**;obj\/**;**/*.user" (previous value: ";bin\Release//**;obj\Release//**;bin\/**;obj\/**") at /usr/share/dotnet/sdk/8.0.415/Sdks/Microsoft.NET.Sdk/targets/Microsoft.NET.Sdk.DefaultItems.targets (32,5)
       Property reassignment: $(_SGenGenerateSerializationAssembliesConfig)="Auto" (previous value: "") at /usr/share/dotnet/sdk/8.0.415/Microsoft.Common.CurrentVersion.targets (3896,5)
       Property reassignment: $(_SGenGenerateSerializationAssembliesConfig)="Auto" (previous value: "") at /usr/share/dotnet/sdk/8.0.415/Microsoft.Common.CurrentVersion.targets (3896,5)
       Property reassignment: $(DefaultItemExcludes)=";bin\Release//**;obj\Release//**;bin\/**;obj\/**;**/*.user" (previous value: ";bin\Release//**;obj\Release//**;bin\/**;obj\/**") at /usr/share/dotnet/sdk/8.0.415/Sdks/Microsoft.NET.Sdk/targets/Microsoft.NET.Sdk.DefaultItems.targets (32,5)
       Property reassignment: $(DefaultItemExcludes)=";bin\Release//**;obj\Release//**;bin\/**;obj\/**" (previous value: ";bin\Release//**;obj\Release//**;bin\/**") at /usr/share/dotnet/sdk/8.0.415/Sdks/Microsoft.NET.Sdk/targets/Microsoft.NET.Sdk.DefaultItems.targets (29,5)
       Property reassignment: $(DefaultItemExcludes)=";**\node_modules\**;node_modules\**;**\jspm_packages\**;jspm_packages\**;**\bower_components\**;bower_components\**;bin\Release//**;obj\Release//**;bin\/**;obj\/**;**/*.user;**/*.*proj" (previous value: ";**\node_modules\**;node_modules\**;**\jspm_packages\**;jspm_packages\**;**\bower_components\**;bower_components\**;bin\Release//**;obj\Release//**;bin\/**;obj\/**;**/*.user") at /usr/share/dotnet/sdk/8.0.415/Sdks/Microsoft.NET.Sdk/targets/Microsoft.NET.Sdk.DefaultItems.targets (33,5)
       Property reassignment: $(PrepareResourcesDependsOn)="
             ResolvePackageDependenciesForBuild;
             _HandlePackageFileConflicts;
             
             ;
             PrepareResourceNames;
             ResGen;
             CompileLicxFiles
           
           " (previous value: "
             ;
             PrepareResourceNames;
             ResGen;
             CompileLicxFiles
           ") at /usr/share/dotnet/sdk/8.0.415/Sdks/Microsoft.NET.Sdk/targets/Microsoft.PackageDependencyResolution.targets (86,5)
       Property reassignment: $(DefaultItemExcludes)=";bin\Release//**;obj\Release//**;bin\/**;obj\/**;**/*.user;**/*.*proj" (previous value: ";bin\Release//**;obj\Release//**;bin\/**;obj\/**;**/*.user") at /usr/share/dotnet/sdk/8.0.415/Sdks/Microsoft.NET.Sdk/targets/Microsoft.NET.Sdk.DefaultItems.targets (33,5)
       Property reassignment: $(DefaultItemExcludes)=";bin\Release//**;obj\Release//**;bin\/**;obj\/**;**/*.user;**/*.*proj" (previous value: ";bin\Release//**;obj\Release//**;bin\/**;obj\/**;**/*.user") at /usr/share/dotnet/sdk/8.0.415/Sdks/Microsoft.NET.Sdk/targets/Microsoft.NET.Sdk.DefaultItems.targets (33,5)
       Property reassignment: $(DefaultItemExcludes)=";bin\Release//**;obj\Release//**;bin\/**;obj\/**;**/*.user" (previous value: ";bin\Release//**;obj\Release//**;bin\/**;obj\/**") at /usr/share/dotnet/sdk/8.0.415/Sdks/Microsoft.NET.Sdk/targets/Microsoft.NET.Sdk.DefaultItems.targets (32,5)
       Property reassignment: $(DefaultItemExcludes)=";bin\Release//**;obj\Release//**;bin\/**" (previous value: ";bin\Release//**;obj\Release//**") at /usr/share/dotnet/sdk/8.0.415/Sdks/Microsoft.NET.Sdk/targets/Microsoft.NET.Sdk.DefaultItems.targets (27,5)
       Property reassignment: $(DefaultItemExcludes)=";**\node_modules\**;node_modules\**;**\jspm_packages\**;jspm_packages\**;**\bower_components\**;bower_components\**;bin\Release//**;obj\Release//**;bin\/**;obj\/**;**/*.user;**/*.*proj;**/*.sln" (previous value: ";**\node_modules\**;node_modules\**;**\jspm_packages\**;jspm_packages\**;**\bower_components\**;bower_components\**;bin\Release//**;obj\Release//**;bin\/**;obj\/**;**/*.user;**/*.*proj") at /usr/share/dotnet/sdk/8.0.415/Sdks/Microsoft.NET.Sdk/targets/Microsoft.NET.Sdk.DefaultItems.targets (34,5)
       Property reassignment: $(DefaultItemExcludes)=";bin\Release//**;obj\Release//**;bin\/**;obj\/**;**/*.user;**/*.*proj;**/*.sln" (previous value: ";bin\Release//**;obj\Release//**;bin\/**;obj\/**;**/*.user;**/*.*proj") at /usr/share/dotnet/sdk/8.0.415/Sdks/Microsoft.NET.Sdk/targets/Microsoft.NET.Sdk.DefaultItems.targets (34,5)
       Property reassignment: $(DefaultItemExcludes)=";bin\Release//**;obj\Release//**;bin\/**;obj\/**;**/*.user;**/*.*proj;**/*.sln" (previous value: ";bin\Release//**;obj\Release//**;bin\/**;obj\/**;**/*.user;**/*.*proj") at /usr/share/dotnet/sdk/8.0.415/Sdks/Microsoft.NET.Sdk/targets/Microsoft.NET.Sdk.DefaultItems.targets (34,5)
       Property reassignment: $(DefaultItemExcludes)=";bin\Release//**;obj\Release//**;bin\/**;obj\/**;**/*.user;**/*.*proj" (previous value: ";bin\Release//**;obj\Release//**;bin\/**;obj\/**;**/*.user") at /usr/share/dotnet/sdk/8.0.415/Sdks/Microsoft.NET.Sdk/targets/Microsoft.NET.Sdk.DefaultItems.targets (33,5)
       Property reassignment: $(DefaultItemExcludes)=";bin\Release//**;obj\Release//**;bin\/**;obj\/**" (previous value: ";bin\Release//**;obj\Release//**;bin\/**") at /usr/share/dotnet/sdk/8.0.415/Sdks/Microsoft.NET.Sdk/targets/Microsoft.NET.Sdk.DefaultItems.targets (29,5)
       Property reassignment: $(DefaultItemExcludes)=";**\node_modules\**;node_modules\**;**\jspm_packages\**;jspm_packages\**;**\bower_components\**;bower_components\**;bin\Release//**;obj\Release//**;bin\/**;obj\/**;**/*.user;**/*.*proj;**/*.sln;**/*.vssscc" (previous value: ";**\node_modules\**;node_modules\**;**\jspm_packages\**;jspm_packages\**;**\bower_components\**;bower_components\**;bin\Release//**;obj\Release//**;bin\/**;obj\/**;**/*.user;**/*.*proj;**/*.sln") at /usr/share/dotnet/sdk/8.0.415/Sdks/Microsoft.NET.Sdk/targets/Microsoft.NET.Sdk.DefaultItems.targets (35,5)
       Property reassignment: $(_TargetsThatPrepareProjectReferences)="
             AssignProjectConfiguration;
             _SplitProjectReferencesByFileExistence
           " (previous value: "_SplitProjectReferencesByFileExistence") at /usr/share/dotnet/sdk/8.0.415/Microsoft.Common.CurrentVersion.targets (5099,5)
       Property reassignment: $(DefaultItemExcludes)=";bin\Release//**;obj\Release//**;bin\/**;obj\/**;**/*.user;**/*.*proj;**/*.sln;**/*.vssscc" (previous value: ";bin\Release//**;obj\Release//**;bin\/**;obj\/**;**/*.user;**/*.*proj;**/*.sln") at /usr/share/dotnet/sdk/8.0.415/Sdks/Microsoft.NET.Sdk/targets/Microsoft.NET.Sdk.DefaultItems.targets (35,5)
       Property reassignment: $(_TargetsThatPrepareProjectReferences)="
             AssignProjectConfiguration;
             _SplitProjectReferencesByFileExistence
           " (previous value: "_SplitProjectReferencesByFileExistence") at /usr/share/dotnet/sdk/8.0.415/Microsoft.Common.CurrentVersion.targets (5099,5)
       Property reassignment: $(DefaultItemExcludes)=";bin\Release//**;obj\Release//**;bin\/**;obj\/**" (previous value: ";bin\Release//**;obj\Release//**;bin\/**") at /usr/share/dotnet/sdk/8.0.415/Sdks/Microsoft.NET.Sdk/targets/Microsoft.NET.Sdk.DefaultItems.targets (29,5)
       Property reassignment: $(DefaultItemExcludes)=";bin\Release//**;obj\Release//**;bin\/**;obj\/**;**/*.user;**/*.*proj;**/*.sln;**/*.vssscc" (previous value: ";bin\Release//**;obj\Release//**;bin\/**;obj\/**;**/*.user;**/*.*proj;**/*.sln") at /usr/share/dotnet/sdk/8.0.415/Sdks/Microsoft.NET.Sdk/targets/Microsoft.NET.Sdk.DefaultItems.targets (35,5)
       Property reassignment: $(DefaultItemExcludes)=";bin\Release//**;obj\Release//**;bin\/**;obj\/**;**/*.user;**/*.*proj;**/*.sln" (previous value: ";bin\Release//**;obj\Release//**;bin\/**;obj\/**;**/*.user;**/*.*proj") at /usr/share/dotnet/sdk/8.0.415/Sdks/Microsoft.NET.Sdk/targets/Microsoft.NET.Sdk.DefaultItems.targets (34,5)
       Property reassignment: $(DefaultItemExcludes)=";bin\Release//**;obj\Release//**;bin\/**;obj\/**;**/*.user" (previous value: ";bin\Release//**;obj\Release//**;bin\/**;obj\/**") at /usr/share/dotnet/sdk/8.0.415/Sdks/Microsoft.NET.Sdk/targets/Microsoft.NET.Sdk.DefaultItems.targets (32,5)
       Property reassignment: $(DefaultItemExcludes)=";**\node_modules\**;node_modules\**;**\jspm_packages\**;jspm_packages\**;**\bower_components\**;bower_components\**;bin\Release//**;obj\Release//**;bin\/**;obj\/**;**/*.user;**/*.*proj;**/*.sln;**/*.vssscc;**/.DS_Store" (previous value: ";**\node_modules\**;node_modules\**;**\jspm_packages\**;jspm_packages\**;**\bower_components\**;bower_components\**;bin\Release//**;obj\Release//**;bin\/**;obj\/**;**/*.user;**/*.*proj;**/*.sln;**/*.vssscc") at /usr/share/dotnet/sdk/8.0.415/Sdks/Microsoft.NET.Sdk/targets/Microsoft.NET.Sdk.DefaultItems.targets (36,5)
       Property reassignment: $(DefaultItemExcludes)=";bin\Release//**;obj\Release//**;bin\/**;obj\/**;**/*.user;**/*.*proj;**/*.sln;**/*.vssscc;**/.DS_Store" (previous value: ";bin\Release//**;obj\Release//**;bin\/**;obj\/**;**/*.user;**/*.*proj;**/*.sln;**/*.vssscc") at /usr/share/dotnet/sdk/8.0.415/Sdks/Microsoft.NET.Sdk/targets/Microsoft.NET.Sdk.DefaultItems.targets (36,5)
       Property reassignment: $(DefaultItemExcludes)=";bin\Release//**;obj\Release//**;bin\/**;obj\/**;**/*.user" (previous value: ";bin\Release//**;obj\Release//**;bin\/**;obj\/**") at /usr/share/dotnet/sdk/8.0.415/Sdks/Microsoft.NET.Sdk/targets/Microsoft.NET.Sdk.DefaultItems.targets (32,5)
       Property reassignment: $(DefaultItemExcludes)=";bin\Release//**;obj\Release//**;bin\/**;obj\/**;**/*.user;**/*.*proj;**/*.sln;**/*.vssscc;**/.DS_Store" (previous value: ";bin\Release//**;obj\Release//**;bin\/**;obj\/**;**/*.user;**/*.*proj;**/*.sln;**/*.vssscc") at /usr/share/dotnet/sdk/8.0.415/Sdks/Microsoft.NET.Sdk/targets/Microsoft.NET.Sdk.DefaultItems.targets (36,5)
       Property reassignment: $(DefaultItemExcludes)=";bin\Release//**;obj\Release//**;bin\/**;obj\/**;**/*.user;**/*.*proj" (previous value: ";bin\Release//**;obj\Release//**;bin\/**;obj\/**;**/*.user") at /usr/share/dotnet/sdk/8.0.415/Sdks/Microsoft.NET.Sdk/targets/Microsoft.NET.Sdk.DefaultItems.targets (33,5)
       Property reassignment: $(DefaultItemExcludes)=";bin\Release//**;obj\Release//**;bin\/**;obj\/**;**/*.user;**/*.*proj;**/*.sln;**/*.vssscc" (previous value: ";bin\Release//**;obj\Release//**;bin\/**;obj\/**;**/*.user;**/*.*proj;**/*.sln") at /usr/share/dotnet/sdk/8.0.415/Sdks/Microsoft.NET.Sdk/targets/Microsoft.NET.Sdk.DefaultItems.targets (35,5)
       Property reassignment: $(ResolveAssemblyReferencesDependsOn)="
             
             
             ResolveProjectReferences;
             FindInvalidProjectReferences;
             GetFrameworkPaths;
             GetReferenceAssemblyPaths;
             PrepareForBuild;
             ResolveSDKReferences;
             ExpandSDKReferences;
           ;
             ResolvePackageDependenciesForBuild;
             _HandlePackageFileConflicts;
           ;
             ResolveTargetingPackAssets;
           " (previous value: "
             
             ResolveProjectReferences;
             FindInvalidProjectReferences;
             GetFrameworkPaths;
             GetReferenceAssemblyPaths;
             PrepareForBuild;
             ResolveSDKReferences;
             ExpandSDKReferences;
           ;
             ResolvePackageDependenciesForBuild;
             _HandlePackageFileConflicts;
           ") at /usr/share/dotnet/sdk/8.0.415/Sdks/Microsoft.NET.Sdk/targets/Microsoft.NET.Sdk.FrameworkReferenceResolution.targets (14,5)
       Property reassignment: $(ResolveAssemblyReferencesDependsOn)="
             
             
             ResolveProjectReferences;
             FindInvalidProjectReferences;
             GetFrameworkPaths;
             GetReferenceAssemblyPaths;
             PrepareForBuild;
             ResolveSDKReferences;
             ExpandSDKReferences;
           ;
             ResolvePackageDependenciesForBuild;
             _HandlePackageFileConflicts;
           ;
             ResolveTargetingPackAssets;
           " (previous value: "
             
             ResolveProjectReferences;
             FindInvalidProjectReferences;
             GetFrameworkPaths;
             GetReferenceAssemblyPaths;
             PrepareForBuild;
             ResolveSDKReferences;
             ExpandSDKReferences;
           ;
             ResolvePackageDependenciesForBuild;
             _HandlePackageFileConflicts;
           ") at /usr/share/dotnet/sdk/8.0.415/Sdks/Microsoft.NET.Sdk/targets/Microsoft.NET.Sdk.FrameworkReferenceResolution.targets (14,5)
       Property reassignment: $(DefaultItemExcludes)=";bin\Release//**;obj\Release//**;bin\/**;obj\/**;**/*.user;**/*.*proj" (previous value: ";bin\Release//**;obj\Release//**;bin\/**;obj\/**;**/*.user") at /usr/share/dotnet/sdk/8.0.415/Sdks/Microsoft.NET.Sdk/targets/Microsoft.NET.Sdk.DefaultItems.targets (33,5)
       Property reassignment: $(DefaultItemExcludes)=";bin\Release//**;obj\Release//**;bin\/**;obj\/**;**/*.user;**/*.*proj;**/*.sln" (previous value: ";bin\Release//**;obj\Release//**;bin\/**;obj\/**;**/*.user;**/*.*proj") at /usr/share/dotnet/sdk/8.0.415/Sdks/Microsoft.NET.Sdk/targets/Microsoft.NET.Sdk.DefaultItems.targets (34,5)
       Property reassignment: $(ResolveAssemblyReferencesDependsOn)="
             
             
             ResolveProjectReferences;
             FindInvalidProjectReferences;
             GetFrameworkPaths;
             GetReferenceAssemblyPaths;
             PrepareForBuild;
             ResolveSDKReferences;
             ExpandSDKReferences;
           ;
             ResolvePackageDependenciesForBuild;
             _HandlePackageFileConflicts;
           ;
             ResolveTargetingPackAssets;
           " (previous value: "
             
             ResolveProjectReferences;
             FindInvalidProjectReferences;
             GetFrameworkPaths;
             GetReferenceAssemblyPaths;
             PrepareForBuild;
             ResolveSDKReferences;
             ExpandSDKReferences;
           ;
             ResolvePackageDependenciesForBuild;
             _HandlePackageFileConflicts;
           ") at /usr/share/dotnet/sdk/8.0.415/Sdks/Microsoft.NET.Sdk/targets/Microsoft.NET.Sdk.FrameworkReferenceResolution.targets (14,5)
       Property 'MSBuildExtensionsPath32' with value '/usr/share/dotnet/sdk/8.0.415' expanded from the environment.
       Property reassignment: $(DefaultItemExcludes)=";bin\Release//**;obj\Release//**;bin\/**;obj\/**;**/*.user;**/*.*proj;**/*.sln;**/*.vssscc;**/.DS_Store" (previous value: ";bin\Release//**;obj\Release//**;bin\/**;obj\/**;**/*.user;**/*.*proj;**/*.sln;**/*.vssscc") at /usr/share/dotnet/sdk/8.0.415/Sdks/Microsoft.NET.Sdk/targets/Microsoft.NET.Sdk.DefaultItems.targets (36,5)
       Property 'MSBuildExtensionsPath32' with value '/usr/share/dotnet/sdk/8.0.415' expanded from the environment.
       Property reassignment: $(_GenerateRuntimeConfigurationPropertyInputsCache)="/home/saidul/Desktop/K-Chief Marine Automation Platform/src/KChief.Protocols.OPC/obj/Release/net8.0/KChief.Protocols.OPC.genruntimeconfig.cache" (previous value: "obj\Release/net8.0/KChief.Protocols.OPC.genruntimeconfig.cache") at /usr/share/dotnet/sdk/8.0.415/Sdks/Microsoft.NET.Sdk/targets/Microsoft.NET.Sdk.targets (44,5)
       Property reassignment: $(DefaultItemExcludes)=";bin\Release//**;obj\Release//**;bin\/**;obj\/**;**/*.user;**/*.*proj;**/*.sln" (previous value: ";bin\Release//**;obj\Release//**;bin\/**;obj\/**;**/*.user;**/*.*proj") at /usr/share/dotnet/sdk/8.0.415/Sdks/Microsoft.NET.Sdk/targets/Microsoft.NET.Sdk.DefaultItems.targets (34,5)
       Property reassignment: $(DefaultItemExcludes)=";bin\Release//**;obj\Release//**;bin\/**;obj\/**;**/*.user;**/*.*proj;**/*.sln;**/*.vssscc" (previous value: ";bin\Release//**;obj\Release//**;bin\/**;obj\/**;**/*.user;**/*.*proj;**/*.sln") at /usr/share/dotnet/sdk/8.0.415/Sdks/Microsoft.NET.Sdk/targets/Microsoft.NET.Sdk.DefaultItems.targets (35,5)
       Property reassignment: $(_GenerateRuntimeConfigurationPropertyInputsCache)="/home/saidul/Desktop/K-Chief Marine Automation Platform/src/KChief.Platform.API/obj/Release/net8.0/KChief.Platform.API.genruntimeconfig.cache" (previous value: "obj\Release/net8.0/KChief.Platform.API.genruntimeconfig.cache") at /usr/share/dotnet/sdk/8.0.415/Sdks/Microsoft.NET.Sdk/targets/Microsoft.NET.Sdk.targets (44,5)
       Property reassignment: $(_GeneratePublishDependencyFilePropertyInputsCache)="/home/saidul/Desktop/K-Chief Marine Automation Platform/src/KChief.Protocols.OPC/obj/Release/net8.0/KChief.Protocols.OPC.genpublishdeps.cache" (previous value: "obj\Release/net8.0/KChief.Protocols.OPC.genpublishdeps.cache") at /usr/share/dotnet/sdk/8.0.415/Sdks/Microsoft.NET.Sdk/targets/Microsoft.NET.Sdk.targets (46,5)
       Property reassignment: $(_GenerateRuntimeConfigurationPropertyInputsCache)="/home/saidul/Desktop/K-Chief Marine Automation Platform/tests/KChief.Integration.Tests/obj/Release/net8.0/KChief.Integration.Tests.genruntimeconfig.cache" (previous value: "obj\Release/net8.0/KChief.Integration.Tests.genruntimeconfig.cache") at /usr/share/dotnet/sdk/8.0.415/Sdks/Microsoft.NET.Sdk/targets/Microsoft.NET.Sdk.targets (44,5)
       Property reassignment: $(DefaultItemExcludes)=";bin\Release//**;obj\Release//**;bin\/**;obj\/**;**/*.user;**/*.*proj;**/*.sln;**/*.vssscc" (previous value: ";bin\Release//**;obj\Release//**;bin\/**;obj\/**;**/*.user;**/*.*proj;**/*.sln") at /usr/share/dotnet/sdk/8.0.415/Sdks/Microsoft.NET.Sdk/targets/Microsoft.NET.Sdk.DefaultItems.targets (35,5)
       Property reassignment: $(DefaultItemExcludes)=";bin\Release//**;obj\Release//**;bin\/**;obj\/**;**/*.user;**/*.*proj;**/*.sln;**/*.vssscc;**/.DS_Store" (previous value: ";bin\Release//**;obj\Release//**;bin\/**;obj\/**;**/*.user;**/*.*proj;**/*.sln;**/*.vssscc") at /usr/share/dotnet/sdk/8.0.415/Sdks/Microsoft.NET.Sdk/targets/Microsoft.NET.Sdk.DefaultItems.targets (36,5)
       Property reassignment: $(ResolveAssemblyReferencesDependsOn)="
             
             
             ResolveProjectReferences;
             FindInvalidProjectReferences;
             GetFrameworkPaths;
             GetReferenceAssemblyPaths;
             PrepareForBuild;
             ResolveSDKReferences;
             ExpandSDKReferences;
           ;
             ResolvePackageDependenciesForBuild;
             _HandlePackageFileConflicts;
           ;
             ResolveTargetingPackAssets;
           " (previous value: "
             
             ResolveProjectReferences;
             FindInvalidProjectReferences;
             GetFrameworkPaths;
             GetReferenceAssemblyPaths;
             PrepareForBuild;
             ResolveSDKReferences;
             ExpandSDKReferences;
           ;
             ResolvePackageDependenciesForBuild;
             _HandlePackageFileConflicts;
           ") at /usr/share/dotnet/sdk/8.0.415/Sdks/Microsoft.NET.Sdk/targets/Microsoft.NET.Sdk.FrameworkReferenceResolution.targets (14,5)
       Property reassignment: $(_GeneratePublishDependencyFilePropertyInputsCache)="/home/saidul/Desktop/K-Chief Marine Automation Platform/src/KChief.Platform.API/obj/Release/net8.0/KChief.Platform.API.genpublishdeps.cache" (previous value: "obj\Release/net8.0/KChief.Platform.API.genpublishdeps.cache") at /usr/share/dotnet/sdk/8.0.415/Sdks/Microsoft.NET.Sdk/targets/Microsoft.NET.Sdk.targets (46,5)
       Property reassignment: $(_GenerateSingleFileBundlePropertyInputsCache)="/home/saidul/Desktop/K-Chief Marine Automation Platform/src/KChief.Protocols.OPC/obj/Release/net8.0/KChief.Protocols.OPC.genbundle.cache" (previous value: "obj\Release/net8.0/KChief.Protocols.OPC.genbundle.cache") at /usr/share/dotnet/sdk/8.0.415/Sdks/Microsoft.NET.Sdk/targets/Microsoft.NET.Sdk.targets (48,5)
       Property reassignment: $(_GeneratePublishDependencyFilePropertyInputsCache)="/home/saidul/Desktop/K-Chief Marine Automation Platform/tests/KChief.Integration.Tests/obj/Release/net8.0/KChief.Integration.Tests.genpublishdeps.cache" (previous value: "obj\Release/net8.0/KChief.Integration.Tests.genpublishdeps.cache") at /usr/share/dotnet/sdk/8.0.415/Sdks/Microsoft.NET.Sdk/targets/Microsoft.NET.Sdk.targets (46,5)
       The "_RestoreSolutionFileUsed" property is a global property, and cannot be modified.
       Property reassignment: $(DefaultItemExcludes)=";bin\Release//**;obj\Release//**;bin\/**;obj\/**;**/*.user;**/*.*proj;**/*.sln;**/*.vssscc;**/.DS_Store" (previous value: ";bin\Release//**;obj\Release//**;bin\/**;obj\/**;**/*.user;**/*.*proj;**/*.sln;**/*.vssscc") at /usr/share/dotnet/sdk/8.0.415/Sdks/Microsoft.NET.Sdk/targets/Microsoft.NET.Sdk.DefaultItems.targets (36,5)
       The "_RestoreSolutionFileUsed" property is a global property, and cannot be modified.
       Property reassignment: $(_GenerateRuntimeConfigurationPropertyInputsCache)="/home/saidul/Desktop/K-Chief Marine Automation Platform/src/KChief.Protocols.Modbus/obj/Release/net8.0/KChief.Protocols.Modbus.genruntimeconfig.cache" (previous value: "obj\Release/net8.0/KChief.Protocols.Modbus.genruntimeconfig.cache") at /usr/share/dotnet/sdk/8.0.415/Sdks/Microsoft.NET.Sdk/targets/Microsoft.NET.Sdk.targets (44,5)
       Property reassignment: $(ResolveAssemblyReferencesDependsOn)="
             
             
             ResolveProjectReferences;
             FindInvalidProjectReferences;
             GetFrameworkPaths;
             GetReferenceAssemblyPaths;
             PrepareForBuild;
             ResolveSDKReferences;
             ExpandSDKReferences;
           ;
             ResolvePackageDependenciesForBuild;
             _HandlePackageFileConflicts;
           ;
             ResolveTargetingPackAssets;
           " (previous value: "
             
             ResolveProjectReferences;
             FindInvalidProjectReferences;
             GetFrameworkPaths;
             GetReferenceAssemblyPaths;
             PrepareForBuild;
             ResolveSDKReferences;
             ExpandSDKReferences;
           ;
             ResolvePackageDependenciesForBuild;
             _HandlePackageFileConflicts;
           ") at /usr/share/dotnet/sdk/8.0.415/Sdks/Microsoft.NET.Sdk/targets/Microsoft.NET.Sdk.FrameworkReferenceResolution.targets (14,5)
       Property reassignment: $(GenerateRuntimeConfigDevFile)="false" (previous value: "true") at /usr/share/dotnet/sdk/8.0.415/Sdks/Microsoft.NET.Sdk/targets/Microsoft.NET.Sdk.targets (81,5)
       Property reassignment: $(_GenerateSingleFileBundlePropertyInputsCache)="/home/saidul/Desktop/K-Chief Marine Automation Platform/src/KChief.Platform.API/obj/Release/net8.0/KChief.Platform.API.genbundle.cache" (previous value: "obj\Release/net8.0/KChief.Platform.API.genbundle.cache") at /usr/share/dotnet/sdk/8.0.415/Sdks/Microsoft.NET.Sdk/targets/Microsoft.NET.Sdk.targets (48,5)
       Property reassignment: $(_GenerateSingleFileBundlePropertyInputsCache)="/home/saidul/Desktop/K-Chief Marine Automation Platform/tests/KChief.Integration.Tests/obj/Release/net8.0/KChief.Integration.Tests.genbundle.cache" (previous value: "obj\Release/net8.0/KChief.Integration.Tests.genbundle.cache") at /usr/share/dotnet/sdk/8.0.415/Sdks/Microsoft.NET.Sdk/targets/Microsoft.NET.Sdk.targets (48,5)
       Property reassignment: $(ResolveAssemblyReferencesDependsOn)="
             
             
             ResolveProjectReferences;
             FindInvalidProjectReferences;
             GetFrameworkPaths;
             GetReferenceAssemblyPaths;
             PrepareForBuild;
             ResolveSDKReferences;
             ExpandSDKReferences;
           ;
             ResolvePackageDependenciesForBuild;
             _HandlePackageFileConflicts;
           ;
             ResolveTargetingPackAssets;
           " (previous value: "
             
             ResolveProjectReferences;
             FindInvalidProjectReferences;
             GetFrameworkPaths;
             GetReferenceAssemblyPaths;
             PrepareForBuild;
             ResolveSDKReferences;
             ExpandSDKReferences;
           ;
             ResolvePackageDependenciesForBuild;
             _HandlePackageFileConflicts;
           ") at /usr/share/dotnet/sdk/8.0.415/Sdks/Microsoft.NET.Sdk/targets/Microsoft.NET.Sdk.FrameworkReferenceResolution.targets (14,5)
       Property reassignment: $(_GenerateRuntimeConfigurationPropertyInputsCache)="/home/saidul/Desktop/K-Chief Marine Automation Platform/src/KChief.VesselControl/obj/Release/net8.0/KChief.VesselControl.genruntimeconfig.cache" (previous value: "obj\Release/net8.0/KChief.VesselControl.genruntimeconfig.cache") at /usr/share/dotnet/sdk/8.0.415/Sdks/Microsoft.NET.Sdk/targets/Microsoft.NET.Sdk.targets (44,5)
       Property 'HOME' with value '/home/saidul' expanded from the environment.
       Property reassignment: $(_DefaultUserProfileRuntimeStorePath)="/home/saidul/.dotnet/store" (previous value: "/home/saidul") at /usr/share/dotnet/sdk/8.0.415/Sdks/Microsoft.NET.Sdk/targets/Microsoft.NET.Sdk.targets (98,5)
       Property reassignment: $(_GeneratePublishDependencyFilePropertyInputsCache)="/home/saidul/Desktop/K-Chief Marine Automation Platform/src/KChief.Protocols.Modbus/obj/Release/net8.0/KChief.Protocols.Modbus.genpublishdeps.cache" (previous value: "obj\Release/net8.0/KChief.Protocols.Modbus.genpublishdeps.cache") at /usr/share/dotnet/sdk/8.0.415/Sdks/Microsoft.NET.Sdk/targets/Microsoft.NET.Sdk.targets (46,5)
       Property reassignment: $(_GeneratePublishDependencyFilePropertyInputsCache)="/home/saidul/Desktop/K-Chief Marine Automation Platform/src/KChief.VesselControl/obj/Release/net8.0/KChief.VesselControl.genpublishdeps.cache" (previous value: "obj\Release/net8.0/KChief.VesselControl.genpublishdeps.cache") at /usr/share/dotnet/sdk/8.0.415/Sdks/Microsoft.NET.Sdk/targets/Microsoft.NET.Sdk.targets (46,5)
       Property reassignment: $(_GenerateRestoreGraphProjectEntryInputProperties)="
             ExcludeRestorePackageImports=true;
             _RestoreSolutionFileUsed=true;
             SolutionDir=/home/saidul/Desktop/K-Chief Marine Automation Platform/;
             SolutionName=KChief.MarineAutomationPlatform;
             SolutionFileName=KChief.MarineAutomationPlatform.sln;
             SolutionPath=/home/saidul/Desktop/K-Chief Marine Automation Platform/KChief.MarineAutomationPlatform.sln;
             SolutionExt=.sln;
           " (previous value: "ExcludeRestorePackageImports=true") at /usr/share/dotnet/sdk/8.0.415/NuGet.targets (101,5)
       Property reassignment: $(AvailablePlatforms)="Any CPU,x86,x64,ARM32" (previous value: "Any CPU,x86,x64") at /usr/share/dotnet/sdk/8.0.415/Sdks/Microsoft.NET.Sdk/targets/Microsoft.NET.Sdk.targets (136,5)
       Property reassignment: $(GenerateRuntimeConfigDevFile)="false" (previous value: "true") at /usr/share/dotnet/sdk/8.0.415/Sdks/Microsoft.NET.Sdk/targets/Microsoft.NET.Sdk.targets (81,5)
       Property reassignment: $(GenerateRuntimeConfigDevFile)="false" (previous value: "true") at /usr/share/dotnet/sdk/8.0.415/Sdks/Microsoft.NET.Sdk/targets/Microsoft.NET.Sdk.targets (81,5)
       Property 'HOME' with value '/home/saidul' expanded from the environment.
       Property reassignment: $(_GenerateRestoreGraphProjectEntryInputProperties)="
             ExcludeRestorePackageImports=true;
             _RestoreSolutionFileUsed=true;
             SolutionDir=/home/saidul/Desktop/K-Chief Marine Automation Platform/;
             SolutionName=KChief.MarineAutomationPlatform;
             SolutionFileName=KChief.MarineAutomationPlatform.sln;
             SolutionPath=/home/saidul/Desktop/K-Chief Marine Automation Platform/KChief.MarineAutomationPlatform.sln;
             SolutionExt=.sln;
           " (previous value: "ExcludeRestorePackageImports=true") at /usr/share/dotnet/sdk/8.0.415/NuGet.targets (101,5)
       Property reassignment: $(_DefaultUserProfileRuntimeStorePath)="/home/saidul/.dotnet/store" (previous value: "/home/saidul") at /usr/share/dotnet/sdk/8.0.415/Sdks/Microsoft.NET.Sdk/targets/Microsoft.NET.Sdk.targets (98,5)
       Property reassignment: $(AvailablePlatforms)="Any CPU,x86,x64,ARM32" (previous value: "Any CPU,x86,x64") at /usr/share/dotnet/sdk/8.0.415/Sdks/Microsoft.NET.Sdk/targets/Microsoft.NET.Sdk.targets (136,5)
       Property 'HOME' with value '/home/saidul' expanded from the environment.
       Property reassignment: $(AvailablePlatforms)="Any CPU,x86,x64,ARM32,ARM64" (previous value: "Any CPU,x86,x64,ARM32") at /usr/share/dotnet/sdk/8.0.415/Sdks/Microsoft.NET.Sdk/targets/Microsoft.NET.Sdk.targets (140,5)
       Property reassignment: $(_DefaultUserProfileRuntimeStorePath)="/home/saidul/.dotnet/store" (previous value: "/home/saidul") at /usr/share/dotnet/sdk/8.0.415/Sdks/Microsoft.NET.Sdk/targets/Microsoft.NET.Sdk.targets (98,5)
       Property reassignment: $(_GenerateSingleFileBundlePropertyInputsCache)="/home/saidul/Desktop/K-Chief Marine Automation Platform/src/KChief.VesselControl/obj/Release/net8.0/KChief.VesselControl.genbundle.cache" (previous value: "obj\Release/net8.0/KChief.VesselControl.genbundle.cache") at /usr/share/dotnet/sdk/8.0.415/Sdks/Microsoft.NET.Sdk/targets/Microsoft.NET.Sdk.targets (48,5)
       Property reassignment: $(AvailablePlatforms)="Any CPU,x86,x64,ARM32,ARM64" (previous value: "Any CPU,x86,x64,ARM32") at /usr/share/dotnet/sdk/8.0.415/Sdks/Microsoft.NET.Sdk/targets/Microsoft.NET.Sdk.targets (140,5)
       Property reassignment: $(_GenerateRuntimeConfigurationPropertyInputsCache)="/home/saidul/Desktop/K-Chief Marine Automation Platform/tests/KChief.Platform.Tests/obj/Release/net8.0/KChief.Platform.Tests.genruntimeconfig.cache" (previous value: "obj\Release/net8.0/KChief.Platform.Tests.genruntimeconfig.cache") at /usr/share/dotnet/sdk/8.0.415/Sdks/Microsoft.NET.Sdk/targets/Microsoft.NET.Sdk.targets (44,5)
       Property reassignment: $(_GenerateSingleFileBundlePropertyInputsCache)="/home/saidul/Desktop/K-Chief Marine Automation Platform/src/KChief.Protocols.Modbus/obj/Release/net8.0/KChief.Protocols.Modbus.genbundle.cache" (previous value: "obj\Release/net8.0/KChief.Protocols.Modbus.genbundle.cache") at /usr/share/dotnet/sdk/8.0.415/Sdks/Microsoft.NET.Sdk/targets/Microsoft.NET.Sdk.targets (48,5)
       Property reassignment: $(AvailablePlatforms)="Any CPU,x86,x64,ARM32" (previous value: "Any CPU,x86,x64") at /usr/share/dotnet/sdk/8.0.415/Sdks/Microsoft.NET.Sdk/targets/Microsoft.NET.Sdk.targets (136,5)
       Property reassignment: $(ProjectAssetsFile)="/home/saidul/Desktop/K-Chief Marine Automation Platform/src/KChief.AlarmSystem/obj/project.assets.json" (previous value: "/home/saidul/Desktop/K-Chief Marine Automation Platform/src/KChief.AlarmSystem/obj//project.assets.json") at /usr/share/dotnet/sdk/8.0.415/Sdks/Microsoft.NET.Sdk/targets/Microsoft.PackageDependencyResolution.targets (24,5)
       Property reassignment: $(GenerateRuntimeConfigDevFile)="false" (previous value: "true") at /usr/share/dotnet/sdk/8.0.415/Sdks/Microsoft.NET.Sdk/targets/Microsoft.NET.Sdk.targets (81,5)
       Property reassignment: $(CoreBuildDependsOn)="
             _CheckForBuildWithNoBuild;
             
             BuildOnlySettings;
             PrepareForBuild;
             PreBuildEvent;
             ResolveReferences;
             PrepareResources;
             ResolveKeySource;
             Compile;
             ExportWindowsMDFile;
             UnmanagedUnregistration;
             GenerateSerializationAssemblies;
             CreateSatelliteAssemblies;
             GenerateManifests;
             GetTargetPath;
             PrepareForRun;
             UnmanagedRegistration;
             IncrementalClean;
             PostBuildEvent
           ;
             GenerateBuildDependencyFile;
             GenerateBuildRuntimeConfigurationFiles
           " (previous value: "
             BuildOnlySettings;
             PrepareForBuild;
             PreBuildEvent;
             ResolveReferences;
             PrepareResources;
             ResolveKeySource;
             Compile;
             ExportWindowsMDFile;
             UnmanagedUnregistration;
             GenerateSerializationAssemblies;
             CreateSatelliteAssemblies;
             GenerateManifests;
             GetTargetPath;
             PrepareForRun;
             UnmanagedRegistration;
             IncrementalClean;
             PostBuildEvent
           ") at /usr/share/dotnet/sdk/8.0.415/Sdks/Microsoft.NET.Sdk/targets/Microsoft.NET.Sdk.targets (197,5)
       Property reassignment: $(ProjectAssetsFile)="/home/saidul/Desktop/K-Chief Marine Automation Platform/src/KChief.DataAccess/obj/project.assets.json" (previous value: "/home/saidul/Desktop/K-Chief Marine Automation Platform/src/KChief.DataAccess/obj//project.assets.json") at /usr/share/dotnet/sdk/8.0.415/Sdks/Microsoft.NET.Sdk/targets/Microsoft.PackageDependencyResolution.targets (24,5)
       Property reassignment: $(CoreBuildDependsOn)="
             _CheckForBuildWithNoBuild;
             
             BuildOnlySettings;
             PrepareForBuild;
             PreBuildEvent;
             ResolveReferences;
             PrepareResources;
             ResolveKeySource;
             Compile;
             ExportWindowsMDFile;
             UnmanagedUnregistration;
             GenerateSerializationAssemblies;
             CreateSatelliteAssemblies;
             GenerateManifests;
             GetTargetPath;
             PrepareForRun;
             UnmanagedRegistration;
             IncrementalClean;
             PostBuildEvent
           ;
             GenerateBuildDependencyFile;
             GenerateBuildRuntimeConfigurationFiles
           " (previous value: "
             BuildOnlySettings;
             PrepareForBuild;
             PreBuildEvent;
             ResolveReferences;
             PrepareResources;
             ResolveKeySource;
             Compile;
             ExportWindowsMDFile;
             UnmanagedUnregistration;
             GenerateSerializationAssemblies;
             CreateSatelliteAssemblies;
             GenerateManifests;
             GetTargetPath;
             PrepareForRun;
             UnmanagedRegistration;
             IncrementalClean;
             PostBuildEvent
           ") at /usr/share/dotnet/sdk/8.0.415/Sdks/Microsoft.NET.Sdk/targets/Microsoft.NET.Sdk.targets (197,5)
       Property reassignment: $(AvailablePlatforms)="Any CPU,x86,x64,ARM32,ARM64" (previous value: "Any CPU,x86,x64,ARM32") at /usr/share/dotnet/sdk/8.0.415/Sdks/Microsoft.NET.Sdk/targets/Microsoft.NET.Sdk.targets (140,5)
       Property reassignment: $(_GeneratePublishDependencyFilePropertyInputsCache)="/home/saidul/Desktop/K-Chief Marine Automation Platform/tests/KChief.Platform.Tests/obj/Release/net8.0/KChief.Platform.Tests.genpublishdeps.cache" (previous value: "obj\Release/net8.0/KChief.Platform.Tests.genpublishdeps.cache") at /usr/share/dotnet/sdk/8.0.415/Sdks/Microsoft.NET.Sdk/targets/Microsoft.NET.Sdk.targets (46,5)
       Property 'HOME' with value '/home/saidul' expanded from the environment.
       Property reassignment: $(GenerateRuntimeConfigDevFile)="false" (previous value: "true") at /usr/share/dotnet/sdk/8.0.415/Sdks/Microsoft.NET.Sdk/targets/Microsoft.NET.Sdk.targets (81,5)
       Property reassignment: $(CoreCleanDependsOn)="
             _SdkBeforeClean;
             
           " (previous value: "") at /usr/share/dotnet/sdk/8.0.415/Sdks/Microsoft.NET.Sdk/targets/Microsoft.NET.Sdk.targets (206,5)
       Property reassignment: $(CoreCleanDependsOn)="
             _SdkBeforeClean;
             
           " (previous value: "") at /usr/share/dotnet/sdk/8.0.415/Sdks/Microsoft.NET.Sdk/targets/Microsoft.NET.Sdk.targets (206,5)
       Property reassignment: $(_GenerateSingleFileBundlePropertyInputsCache)="/home/saidul/Desktop/K-Chief Marine Automation Platform/tests/KChief.Platform.Tests/obj/Release/net8.0/KChief.Platform.Tests.genbundle.cache" (previous value: "obj\Release/net8.0/KChief.Platform.Tests.genbundle.cache") at /usr/share/dotnet/sdk/8.0.415/Sdks/Microsoft.NET.Sdk/targets/Microsoft.NET.Sdk.targets (48,5)
       Property reassignment: $(_DefaultUserProfileRuntimeStorePath)="/home/saidul/.dotnet/store" (previous value: "/home/saidul") at /usr/share/dotnet/sdk/8.0.415/Sdks/Microsoft.NET.Sdk/targets/Microsoft.NET.Sdk.targets (98,5)
       Property 'HOME' with value '/home/saidul' expanded from the environment.
       Property reassignment: $(CoreBuildDependsOn)="
             _CheckForBuildWithNoBuild;
             
             BuildOnlySettings;
             PrepareForBuild;
             PreBuildEvent;
             ResolveReferences;
             PrepareResources;
             ResolveKeySource;
             Compile;
             ExportWindowsMDFile;
             UnmanagedUnregistration;
             GenerateSerializationAssemblies;
             CreateSatelliteAssemblies;
             GenerateManifests;
             GetTargetPath;
             PrepareForRun;
             UnmanagedRegistration;
             IncrementalClean;
             PostBuildEvent
           ;
             GenerateBuildDependencyFile;
             GenerateBuildRuntimeConfigurationFiles
           " (previous value: "
             BuildOnlySettings;
             PrepareForBuild;
             PreBuildEvent;
             ResolveReferences;
             PrepareResources;
             ResolveKeySource;
             Compile;
             ExportWindowsMDFile;
             UnmanagedUnregistration;
             GenerateSerializationAssemblies;
             CreateSatelliteAssemblies;
             GenerateManifests;
             GetTargetPath;
             PrepareForRun;
             UnmanagedRegistration;
             IncrementalClean;
             PostBuildEvent
           ") at /usr/share/dotnet/sdk/8.0.415/Sdks/Microsoft.NET.Sdk/targets/Microsoft.NET.Sdk.targets (197,5)
       Property reassignment: $(RebuildDependsOn)="
             _SdkBeforeRebuild;
             
             BeforeRebuild;
             Clean;
             Build;
             AfterRebuild;
           
           " (previous value: "
             BeforeRebuild;
             Clean;
             Build;
             AfterRebuild;
           ") at /usr/share/dotnet/sdk/8.0.415/Sdks/Microsoft.NET.Sdk/targets/Microsoft.NET.Sdk.targets (213,5)
       Property reassignment: $(RebuildDependsOn)="
             _SdkBeforeRebuild;
             
             BeforeRebuild;
             Clean;
             Build;
             AfterRebuild;
           
           " (previous value: "
             BeforeRebuild;
             Clean;
             Build;
             AfterRebuild;
           ") at /usr/share/dotnet/sdk/8.0.415/Sdks/Microsoft.NET.Sdk/targets/Microsoft.NET.Sdk.targets (213,5)
       Property reassignment: $(GenerateRuntimeConfigDevFile)="false" (previous value: "true") at /usr/share/dotnet/sdk/8.0.415/Sdks/Microsoft.NET.Sdk/targets/Microsoft.NET.Sdk.targets (81,5)
       Property reassignment: $(AvailablePlatforms)="Any CPU,x86,x64,ARM32" (previous value: "Any CPU,x86,x64") at /usr/share/dotnet/sdk/8.0.415/Sdks/Microsoft.NET.Sdk/targets/Microsoft.NET.Sdk.targets (136,5)
       Property reassignment: $(CoreCleanDependsOn)="
             _SdkBeforeClean;
             
           " (previous value: "") at /usr/share/dotnet/sdk/8.0.415/Sdks/Microsoft.NET.Sdk/targets/Microsoft.NET.Sdk.targets (206,5)
       Property reassignment: $(_DefaultUserProfileRuntimeStorePath)="/home/saidul/.dotnet/store" (previous value: "/home/saidul") at /usr/share/dotnet/sdk/8.0.415/Sdks/Microsoft.NET.Sdk/targets/Microsoft.NET.Sdk.targets (98,5)
       Property reassignment: $(ProjectAssetsCacheFile)="/home/saidul/Desktop/K-Chief Marine Automation Platform/src/KChief.AlarmSystem/obj/Release/net8.0/KChief.AlarmSystem.assets.cache" (previous value: "obj\Release/net8.0/KChief.AlarmSystem.assets.cache") at /usr/share/dotnet/sdk/8.0.415/Sdks/Microsoft.NET.Sdk/targets/Microsoft.PackageDependencyResolution.targets (29,5)
       Property reassignment: $(AvailablePlatforms)="Any CPU,x86,x64,ARM32,ARM64" (previous value: "Any CPU,x86,x64,ARM32") at /usr/share/dotnet/sdk/8.0.415/Sdks/Microsoft.NET.Sdk/targets/Microsoft.NET.Sdk.targets (140,5)
       Property reassignment: $(CompileDependsOn)="
             
             ResolveReferences;
             ResolveKeySource;
             SetWin32ManifestProperties;
             _SetPreferNativeArm64Win32ManifestProperties;
             FindReferenceAssembliesForReferences;
             _GenerateCompileInputs;
             BeforeCompile;
             _TimeStampBeforeCompile;
             _GenerateCompileDependencyCache;
             CoreCompile;
             _TimeStampAfterCompile;
             AfterCompile;
           ;
             _CreateAppHost;
             _CreateComHost;
             _GetIjwHostPaths;
           " (previous value: "
             ResolveReferences;
             ResolveKeySource;
             SetWin32ManifestProperties;
             _SetPreferNativeArm64Win32ManifestProperties;
             FindReferenceAssembliesForReferences;
             _GenerateCompileInputs;
             BeforeCompile;
             _TimeStampBeforeCompile;
             _GenerateCompileDependencyCache;
             CoreCompile;
             _TimeStampAfterCompile;
             AfterCompile;
           ") at /usr/share/dotnet/sdk/8.0.415/Sdks/Microsoft.NET.Sdk/targets/Microsoft.NET.Sdk.targets (679,5)
       Property 'HOME' with value '/home/saidul' expanded from the environment.
       Property reassignment: $(ProjectAssetsCacheFile)="/home/saidul/Desktop/K-Chief Marine Automation Platform/src/KChief.DataAccess/obj/Release/net8.0/KChief.DataAccess.assets.cache" (previous value: "obj\Release/net8.0/KChief.DataAccess.assets.cache") at /usr/share/dotnet/sdk/8.0.415/Sdks/Microsoft.NET.Sdk/targets/Microsoft.PackageDependencyResolution.targets (29,5)
       Property reassignment: $(CompileDependsOn)="
             
             ResolveReferences;
             ResolveKeySource;
             SetWin32ManifestProperties;
             _SetPreferNativeArm64Win32ManifestProperties;
             FindReferenceAssembliesForReferences;
             _GenerateCompileInputs;
             BeforeCompile;
             _TimeStampBeforeCompile;
             _GenerateCompileDependencyCache;
             CoreCompile;
             _TimeStampAfterCompile;
             AfterCompile;
           ;
             _CreateAppHost;
             _CreateComHost;
             _GetIjwHostPaths;
           " (previous value: "
             ResolveReferences;
             ResolveKeySource;
             SetWin32ManifestProperties;
             _SetPreferNativeArm64Win32ManifestProperties;
             FindReferenceAssembliesForReferences;
             _GenerateCompileInputs;
             BeforeCompile;
             _TimeStampBeforeCompile;
             _GenerateCompileDependencyCache;
             CoreCompile;
             _TimeStampAfterCompile;
             AfterCompile;
           ") at /usr/share/dotnet/sdk/8.0.415/Sdks/Microsoft.NET.Sdk/targets/Microsoft.NET.Sdk.targets (679,5)
       Property reassignment: $(RebuildDependsOn)="
             _SdkBeforeRebuild;
             
             BeforeRebuild;
             Clean;
             Build;
             AfterRebuild;
           
           " (previous value: "
             BeforeRebuild;
             Clean;
             Build;
             AfterRebuild;
           ") at /usr/share/dotnet/sdk/8.0.415/Sdks/Microsoft.NET.Sdk/targets/Microsoft.NET.Sdk.targets (213,5)
       Property reassignment: $(AvailablePlatforms)="Any CPU,x86,x64,ARM32" (previous value: "Any CPU,x86,x64") at /usr/share/dotnet/sdk/8.0.415/Sdks/Microsoft.NET.Sdk/targets/Microsoft.NET.Sdk.targets (136,5)
       Property reassignment: $(CreateSatelliteAssembliesDependsOn)="
             
             ;
             _GenerateSatelliteAssemblyInputs;
             ComputeIntermediateSatelliteAssemblies;
             GenerateSatelliteAssemblies
           ;
             CoreGenerateSatelliteAssemblies
           " (previous value: "
             ;
             _GenerateSatelliteAssemblyInputs;
             ComputeIntermediateSatelliteAssemblies;
             GenerateSatelliteAssemblies
           ") at /usr/share/dotnet/sdk/8.0.415/Sdks/Microsoft.NET.Sdk/targets/Microsoft.NET.Sdk.targets (1065,5)
       Property reassignment: $(_DefaultUserProfileRuntimeStorePath)="/home/saidul/.dotnet/store" (previous value: "/home/saidul") at /usr/share/dotnet/sdk/8.0.415/Sdks/Microsoft.NET.Sdk/targets/Microsoft.NET.Sdk.targets (98,5)
       Property reassignment: $(CoreBuildDependsOn)="
             _CheckForBuildWithNoBuild;
             
             BuildOnlySettings;
             PrepareForBuild;
             PreBuildEvent;
             ResolveReferences;
             PrepareResources;
             ResolveKeySource;
             Compile;
             ExportWindowsMDFile;
             UnmanagedUnregistration;
             GenerateSerializationAssemblies;
             CreateSatelliteAssemblies;
             GenerateManifests;
             GetTargetPath;
             PrepareForRun;
             UnmanagedRegistration;
             IncrementalClean;
             PostBuildEvent
           ;
             GenerateBuildDependencyFile;
             GenerateBuildRuntimeConfigurationFiles
           " (previous value: "
             BuildOnlySettings;
             PrepareForBuild;
             PreBuildEvent;
             ResolveReferences;
             PrepareResources;
             ResolveKeySource;
             Compile;
             ExportWindowsMDFile;
             UnmanagedUnregistration;
             GenerateSerializationAssemblies;
             CreateSatelliteAssemblies;
             GenerateManifests;
             GetTargetPath;
             PrepareForRun;
             UnmanagedRegistration;
             IncrementalClean;
             PostBuildEvent
           ") at /usr/share/dotnet/sdk/8.0.415/Sdks/Microsoft.NET.Sdk/targets/Microsoft.NET.Sdk.targets (197,5)
       Property reassignment: $(CreateSatelliteAssembliesDependsOn)="
             
             ;
             _GenerateSatelliteAssemblyInputs;
             ComputeIntermediateSatelliteAssemblies;
             GenerateSatelliteAssemblies
           ;
             CoreGenerateSatelliteAssemblies
           " (previous value: "
             ;
             _GenerateSatelliteAssemblyInputs;
             ComputeIntermediateSatelliteAssemblies;
             GenerateSatelliteAssemblies
           ") at /usr/share/dotnet/sdk/8.0.415/Sdks/Microsoft.NET.Sdk/targets/Microsoft.NET.Sdk.targets (1065,5)
       Property reassignment: $(AvailablePlatforms)="Any CPU,x86,x64,ARM32,ARM64" (previous value: "Any CPU,x86,x64,ARM32") at /usr/share/dotnet/sdk/8.0.415/Sdks/Microsoft.NET.Sdk/targets/Microsoft.NET.Sdk.targets (140,5)
       Property reassignment: $(CompileDependsOn)="
             
             ResolveReferences;
             ResolveKeySource;
             SetWin32ManifestProperties;
             _SetPreferNativeArm64Win32ManifestProperties;
             FindReferenceAssembliesForReferences;
             _GenerateCompileInputs;
             BeforeCompile;
             _TimeStampBeforeCompile;
             _GenerateCompileDependencyCache;
             CoreCompile;
             _TimeStampAfterCompile;
             AfterCompile;
           ;
             _CreateAppHost;
             _CreateComHost;
             _GetIjwHostPaths;
           " (previous value: "
             ResolveReferences;
             ResolveKeySource;
             SetWin32ManifestProperties;
             _SetPreferNativeArm64Win32ManifestProperties;
             FindReferenceAssembliesForReferences;
             _GenerateCompileInputs;
             BeforeCompile;
             _TimeStampBeforeCompile;
             _GenerateCompileDependencyCache;
             CoreCompile;
             _TimeStampAfterCompile;
             AfterCompile;
           ") at /usr/share/dotnet/sdk/8.0.415/Sdks/Microsoft.NET.Sdk/targets/Microsoft.NET.Sdk.targets (679,5)
       Property reassignment: $(SourceLinkUrlInitializerTargets)=";_InitializeGitHubSourceLinkUrl;_InitializeGitLabSourceLinkUrl" (previous value: ";_InitializeGitHubSourceLinkUrl") at /usr/share/dotnet/sdk/8.0.415/Sdks/Microsoft.SourceLink.GitLab/build/Microsoft.SourceLink.GitLab.targets (12,5)
       Property reassignment: $(CoreCleanDependsOn)="
             _SdkBeforeClean;
             
           " (previous value: "") at /usr/share/dotnet/sdk/8.0.415/Sdks/Microsoft.NET.Sdk/targets/Microsoft.NET.Sdk.targets (206,5)
       Property reassignment: $(AvailablePlatforms)="Any CPU,x86,x64,ARM32" (previous value: "Any CPU,x86,x64") at /usr/share/dotnet/sdk/8.0.415/Sdks/Microsoft.NET.Sdk/targets/Microsoft.NET.Sdk.targets (136,5)
       Property reassignment: $(SourceControlManagerUrlTranslationTargets)=";TranslateGitHubUrlsInSourceControlInformation;TranslateGitLabUrlsInSourceControlInformation" (previous value: ";TranslateGitHubUrlsInSourceControlInformation") at /usr/share/dotnet/sdk/8.0.415/Sdks/Microsoft.SourceLink.GitLab/build/Microsoft.SourceLink.GitLab.targets (13,5)
       Property reassignment: $(ResolveAssemblyReferencesDependsOn)="
             
             ResolveProjectReferences;
             FindInvalidProjectReferences;
             GetFrameworkPaths;
             GetReferenceAssemblyPaths;
             PrepareForBuild;
             ResolveSDKReferences;
             ExpandSDKReferences;
           ;
             ResolvePackageDependenciesForBuild;
             _HandlePackageFileConflicts;
           " (previous value: "
             ResolveProjectReferences;
             FindInvalidProjectReferences;
             GetFrameworkPaths;
             GetReferenceAssemblyPaths;
             PrepareForBuild;
             ResolveSDKReferences;
             ExpandSDKReferences;
           ") at /usr/share/dotnet/sdk/8.0.415/Sdks/Microsoft.NET.Sdk/targets/Microsoft.PackageDependencyResolution.targets (80,5)
       Property reassignment: $(RebuildDependsOn)="
             _SdkBeforeRebuild;
             
             BeforeRebuild;
             Clean;
             Build;
             AfterRebuild;
           
           " (previous value: "
             BeforeRebuild;
             Clean;
             Build;
             AfterRebuild;
           ") at /usr/share/dotnet/sdk/8.0.415/Sdks/Microsoft.NET.Sdk/targets/Microsoft.NET.Sdk.targets (213,5)
       Property reassignment: $(SourceLinkUrlInitializerTargets)=";_InitializeGitHubSourceLinkUrl;_InitializeGitLabSourceLinkUrl" (previous value: ";_InitializeGitHubSourceLinkUrl") at /usr/share/dotnet/sdk/8.0.415/Sdks/Microsoft.SourceLink.GitLab/build/Microsoft.SourceLink.GitLab.targets (12,5)
       Property reassignment: $(AvailablePlatforms)="Any CPU,x86,x64,ARM32,ARM64" (previous value: "Any CPU,x86,x64,ARM32") at /usr/share/dotnet/sdk/8.0.415/Sdks/Microsoft.NET.Sdk/targets/Microsoft.NET.Sdk.targets (140,5)
       Property reassignment: $(ResolveAssemblyReferencesDependsOn)="
             
             ResolveProjectReferences;
             FindInvalidProjectReferences;
             GetFrameworkPaths;
             GetReferenceAssemblyPaths;
             PrepareForBuild;
             ResolveSDKReferences;
             ExpandSDKReferences;
           ;
             ResolvePackageDependenciesForBuild;
             _HandlePackageFileConflicts;
           " (previous value: "
             ResolveProjectReferences;
             FindInvalidProjectReferences;
             GetFrameworkPaths;
             GetReferenceAssemblyPaths;
             PrepareForBuild;
             ResolveSDKReferences;
             ExpandSDKReferences;
           ") at /usr/share/dotnet/sdk/8.0.415/Sdks/Microsoft.NET.Sdk/targets/Microsoft.PackageDependencyResolution.targets (80,5)
       Property reassignment: $(SourceLinkUrlInitializerTargets)=";_InitializeGitHubSourceLinkUrl;_InitializeGitLabSourceLinkUrl;_InitializeAzureReposGitSourceLinkUrl" (previous value: ";_InitializeGitHubSourceLinkUrl;_InitializeGitLabSourceLinkUrl") at /usr/share/dotnet/sdk/8.0.415/Sdks/Microsoft.SourceLink.AzureRepos.Git/build/Microsoft.SourceLink.AzureRepos.Git.targets (12,5)
       Property reassignment: $(SourceControlManagerUrlTranslationTargets)=";TranslateGitHubUrlsInSourceControlInformation;TranslateGitLabUrlsInSourceControlInformation" (previous value: ";TranslateGitHubUrlsInSourceControlInformation") at /usr/share/dotnet/sdk/8.0.415/Sdks/Microsoft.SourceLink.GitLab/build/Microsoft.SourceLink.GitLab.targets (13,5)
       Property reassignment: $(CompileDependsOn)="
             
             ResolveReferences;
             ResolveKeySource;
             SetWin32ManifestProperties;
             _SetPreferNativeArm64Win32ManifestProperties;
             FindReferenceAssembliesForReferences;
             _GenerateCompileInputs;
             BeforeCompile;
             _TimeStampBeforeCompile;
             _GenerateCompileDependencyCache;
             CoreCompile;
             _TimeStampAfterCompile;
             AfterCompile;
           ;
             _CreateAppHost;
             _CreateComHost;
             _GetIjwHostPaths;
           " (previous value: "
             ResolveReferences;
             ResolveKeySource;
             SetWin32ManifestProperties;
             _SetPreferNativeArm64Win32ManifestProperties;
             FindReferenceAssembliesForReferences;
             _GenerateCompileInputs;
             BeforeCompile;
             _TimeStampBeforeCompile;
             _GenerateCompileDependencyCache;
             CoreCompile;
             _TimeStampAfterCompile;
             AfterCompile;
           ") at /usr/share/dotnet/sdk/8.0.415/Sdks/Microsoft.NET.Sdk/targets/Microsoft.NET.Sdk.targets (679,5)
       Property reassignment: $(SourceControlManagerUrlTranslationTargets)=";TranslateGitHubUrlsInSourceControlInformation;TranslateGitLabUrlsInSourceControlInformation;TranslateAzureReposGitUrlsInSourceControlInformation" (previous value: ";TranslateGitHubUrlsInSourceControlInformation;TranslateGitLabUrlsInSourceControlInformation") at /usr/share/dotnet/sdk/8.0.415/Sdks/Microsoft.SourceLink.AzureRepos.Git/build/Microsoft.SourceLink.AzureRepos.Git.targets (13,5)
       Property reassignment: $(CoreBuildDependsOn)="
             _CheckForBuildWithNoBuild;
             
             BuildOnlySettings;
             PrepareForBuild;
             PreBuildEvent;
             ResolveReferences;
             PrepareResources;
             ResolveKeySource;
             Compile;
             ExportWindowsMDFile;
             UnmanagedUnregistration;
             GenerateSerializationAssemblies;
             CreateSatelliteAssemblies;
             GenerateManifests;
             GetTargetPath;
             PrepareForRun;
             UnmanagedRegistration;
             IncrementalClean;
             PostBuildEvent
           ;
             GenerateBuildDependencyFile;
             GenerateBuildRuntimeConfigurationFiles
           " (previous value: "
             BuildOnlySettings;
             PrepareForBuild;
             PreBuildEvent;
             ResolveReferences;
             PrepareResources;
             ResolveKeySource;
             Compile;
             ExportWindowsMDFile;
             UnmanagedUnregistration;
             GenerateSerializationAssemblies;
             CreateSatelliteAssemblies;
             GenerateManifests;
             GetTargetPath;
             PrepareForRun;
             UnmanagedRegistration;
             IncrementalClean;
             PostBuildEvent
           ") at /usr/share/dotnet/sdk/8.0.415/Sdks/Microsoft.NET.Sdk/targets/Microsoft.NET.Sdk.targets (197,5)
       Property reassignment: $(CreateSatelliteAssembliesDependsOn)="
             
             ;
             _GenerateSatelliteAssemblyInputs;
             ComputeIntermediateSatelliteAssemblies;
             GenerateSatelliteAssemblies
           ;
             CoreGenerateSatelliteAssemblies
           " (previous value: "
             ;
             _GenerateSatelliteAssemblyInputs;
             ComputeIntermediateSatelliteAssemblies;
             GenerateSatelliteAssemblies
           ") at /usr/share/dotnet/sdk/8.0.415/Sdks/Microsoft.NET.Sdk/targets/Microsoft.NET.Sdk.targets (1065,5)
       Property reassignment: $(CoreCleanDependsOn)="
             _SdkBeforeClean;
             
           " (previous value: "") at /usr/share/dotnet/sdk/8.0.415/Sdks/Microsoft.NET.Sdk/targets/Microsoft.NET.Sdk.targets (206,5)
       Property reassignment: $(PrepareResourcesDependsOn)="
             ResolvePackageDependenciesForBuild;
             _HandlePackageFileConflicts;
             
             ;
             PrepareResourceNames;
             ResGen;
             CompileLicxFiles
           
           " (previous value: "
             ;
             PrepareResourceNames;
             ResGen;
             CompileLicxFiles
           ") at /usr/share/dotnet/sdk/8.0.415/Sdks/Microsoft.NET.Sdk/targets/Microsoft.PackageDependencyResolution.targets (86,5)
       Property reassignment: $(SourceLinkUrlInitializerTargets)=";_InitializeGitHubSourceLinkUrl;_InitializeGitLabSourceLinkUrl" (previous value: ";_InitializeGitHubSourceLinkUrl") at /usr/share/dotnet/sdk/8.0.415/Sdks/Microsoft.SourceLink.GitLab/build/Microsoft.SourceLink.GitLab.targets (12,5)
       Property reassignment: $(RebuildDependsOn)="
             _SdkBeforeRebuild;
             
             BeforeRebuild;
             Clean;
             Build;
             AfterRebuild;
           
           " (previous value: "
             BeforeRebuild;
             Clean;
             Build;
             AfterRebuild;
           ") at /usr/share/dotnet/sdk/8.0.415/Sdks/Microsoft.NET.Sdk/targets/Microsoft.NET.Sdk.targets (213,5)
       Property reassignment: $(PrepareResourcesDependsOn)="
             ResolvePackageDependenciesForBuild;
             _HandlePackageFileConflicts;
             
             ;
             PrepareResourceNames;
             ResGen;
             CompileLicxFiles
           
           " (previous value: "
             ;
             PrepareResourceNames;
             ResGen;
             CompileLicxFiles
           ") at /usr/share/dotnet/sdk/8.0.415/Sdks/Microsoft.NET.Sdk/targets/Microsoft.PackageDependencyResolution.targets (86,5)
       Property reassignment: $(SourceControlManagerUrlTranslationTargets)=";TranslateGitHubUrlsInSourceControlInformation;TranslateGitLabUrlsInSourceControlInformation" (previous value: ";TranslateGitHubUrlsInSourceControlInformation") at /usr/share/dotnet/sdk/8.0.415/Sdks/Microsoft.SourceLink.GitLab/build/Microsoft.SourceLink.GitLab.targets (13,5)
       Property reassignment: $(SourceLinkUrlInitializerTargets)=";_InitializeGitHubSourceLinkUrl;_InitializeGitLabSourceLinkUrl;_InitializeAzureReposGitSourceLinkUrl;_InitializeBitbucketGitSourceLinkUrl" (previous value: ";_InitializeGitHubSourceLinkUrl;_InitializeGitLabSourceLinkUrl;_InitializeAzureReposGitSourceLinkUrl") at /usr/share/dotnet/sdk/8.0.415/Sdks/Microsoft.SourceLink.Bitbucket.Git/build/Microsoft.SourceLink.Bitbucket.Git.targets (12,5)
       Property reassignment: $(SourceLinkUrlInitializerTargets)=";_InitializeGitHubSourceLinkUrl;_InitializeGitLabSourceLinkUrl;_InitializeAzureReposGitSourceLinkUrl" (previous value: ";_InitializeGitHubSourceLinkUrl;_InitializeGitLabSourceLinkUrl") at /usr/share/dotnet/sdk/8.0.415/Sdks/Microsoft.SourceLink.AzureRepos.Git/build/Microsoft.SourceLink.AzureRepos.Git.targets (12,5)
       Property reassignment: $(CoreBuildDependsOn)="
             _CheckForBuildWithNoBuild;
             
             BuildOnlySettings;
             PrepareForBuild;
             PreBuildEvent;
             ResolveReferences;
             PrepareResources;
             ResolveKeySource;
             Compile;
             ExportWindowsMDFile;
             UnmanagedUnregistration;
             GenerateSerializationAssemblies;
             CreateSatelliteAssemblies;
             GenerateManifests;
             GetTargetPath;
             PrepareForRun;
             UnmanagedRegistration;
             IncrementalClean;
             PostBuildEvent
           ;
             GenerateBuildDependencyFile;
             GenerateBuildRuntimeConfigurationFiles
           " (previous value: "
             BuildOnlySettings;
             PrepareForBuild;
             PreBuildEvent;
             ResolveReferences;
             PrepareResources;
             ResolveKeySource;
             Compile;
             ExportWindowsMDFile;
             UnmanagedUnregistration;
             GenerateSerializationAssemblies;
             CreateSatelliteAssemblies;
             GenerateManifests;
             GetTargetPath;
             PrepareForRun;
             UnmanagedRegistration;
             IncrementalClean;
             PostBuildEvent
           ") at /usr/share/dotnet/sdk/8.0.415/Sdks/Microsoft.NET.Sdk/targets/Microsoft.NET.Sdk.targets (197,5)
       Property reassignment: $(CreateSatelliteAssembliesDependsOn)="
             
             ;
             _GenerateSatelliteAssemblyInputs;
             ComputeIntermediateSatelliteAssemblies;
             GenerateSatelliteAssemblies
           ;
             CoreGenerateSatelliteAssemblies
           " (previous value: "
             ;
             _GenerateSatelliteAssemblyInputs;
             ComputeIntermediateSatelliteAssemblies;
             GenerateSatelliteAssemblies
           ") at /usr/share/dotnet/sdk/8.0.415/Sdks/Microsoft.NET.Sdk/targets/Microsoft.NET.Sdk.targets (1065,5)
       Property reassignment: $(CompileDependsOn)="
             
             ResolveReferences;
             ResolveKeySource;
             SetWin32ManifestProperties;
             _SetPreferNativeArm64Win32ManifestProperties;
             FindReferenceAssembliesForReferences;
             _GenerateCompileInputs;
             BeforeCompile;
             _TimeStampBeforeCompile;
             _GenerateCompileDependencyCache;
             CoreCompile;
             _TimeStampAfterCompile;
             AfterCompile;
           ;
             _CreateAppHost;
             _CreateComHost;
             _GetIjwHostPaths;
           " (previous value: "
             ResolveReferences;
             ResolveKeySource;
             SetWin32ManifestProperties;
             _SetPreferNativeArm64Win32ManifestProperties;
             FindReferenceAssembliesForReferences;
             _GenerateCompileInputs;
             BeforeCompile;
             _TimeStampBeforeCompile;
             _GenerateCompileDependencyCache;
             CoreCompile;
             _TimeStampAfterCompile;
             AfterCompile;
           ") at /usr/share/dotnet/sdk/8.0.415/Sdks/Microsoft.NET.Sdk/targets/Microsoft.NET.Sdk.targets (679,5)
       Property reassignment: $(SourceLinkUrlInitializerTargets)=";_InitializeGitHubSourceLinkUrl;_InitializeGitLabSourceLinkUrl;_InitializeAzureReposGitSourceLinkUrl" (previous value: ";_InitializeGitHubSourceLinkUrl;_InitializeGitLabSourceLinkUrl") at /usr/share/dotnet/sdk/8.0.415/Sdks/Microsoft.SourceLink.AzureRepos.Git/build/Microsoft.SourceLink.AzureRepos.Git.targets (12,5)
       Property reassignment: $(SourceControlManagerUrlTranslationTargets)=";TranslateGitHubUrlsInSourceControlInformation;TranslateGitLabUrlsInSourceControlInformation;TranslateAzureReposGitUrlsInSourceControlInformation;TranslateBitbucketGitUrlsInSourceControlInformation" (previous value: ";TranslateGitHubUrlsInSourceControlInformation;TranslateGitLabUrlsInSourceControlInformation;TranslateAzureReposGitUrlsInSourceControlInformation") at /usr/share/dotnet/sdk/8.0.415/Sdks/Microsoft.SourceLink.Bitbucket.Git/build/Microsoft.SourceLink.Bitbucket.Git.targets (13,5)
       Property reassignment: $(SourceLinkUrlInitializerTargets)=";_InitializeGitHubSourceLinkUrl;_InitializeGitLabSourceLinkUrl" (previous value: ";_InitializeGitHubSourceLinkUrl") at /usr/share/dotnet/sdk/8.0.415/Sdks/Microsoft.SourceLink.GitLab/build/Microsoft.SourceLink.GitLab.targets (12,5)
       Property reassignment: $(CoreCleanDependsOn)="
             _SdkBeforeClean;
             
           " (previous value: "") at /usr/share/dotnet/sdk/8.0.415/Sdks/Microsoft.NET.Sdk/targets/Microsoft.NET.Sdk.targets (206,5)
       Property reassignment: $(CreateSatelliteAssembliesDependsOn)="
             
             ;
             _GenerateSatelliteAssemblyInputs;
             ComputeIntermediateSatelliteAssemblies;
             GenerateSatelliteAssemblies
           ;
             CoreGenerateSatelliteAssemblies
           " (previous value: "
             ;
             _GenerateSatelliteAssemblyInputs;
             ComputeIntermediateSatelliteAssemblies;
             GenerateSatelliteAssemblies
           ") at /usr/share/dotnet/sdk/8.0.415/Sdks/Microsoft.NET.Sdk/targets/Microsoft.NET.Sdk.targets (1065,5)
       Property reassignment: $(SourceControlManagerUrlTranslationTargets)=";TranslateGitHubUrlsInSourceControlInformation;TranslateGitLabUrlsInSourceControlInformation;TranslateAzureReposGitUrlsInSourceControlInformation" (previous value: ";TranslateGitHubUrlsInSourceControlInformation;TranslateGitLabUrlsInSourceControlInformation") at /usr/share/dotnet/sdk/8.0.415/Sdks/Microsoft.SourceLink.AzureRepos.Git/build/Microsoft.SourceLink.AzureRepos.Git.targets (13,5)
       Property reassignment: $(SourceControlManagerUrlTranslationTargets)=";TranslateGitHubUrlsInSourceControlInformation;TranslateGitLabUrlsInSourceControlInformation;TranslateAzureReposGitUrlsInSourceControlInformation" (previous value: ";TranslateGitHubUrlsInSourceControlInformation;TranslateGitLabUrlsInSourceControlInformation") at /usr/share/dotnet/sdk/8.0.415/Sdks/Microsoft.SourceLink.AzureRepos.Git/build/Microsoft.SourceLink.AzureRepos.Git.targets (13,5)
       Property reassignment: $(DefaultItemExcludes)=";bin\Release//**;obj\Release//**;bin\/**" (previous value: ";bin\Release//**;obj\Release//**") at /usr/share/dotnet/sdk/8.0.415/Sdks/Microsoft.NET.Sdk/targets/Microsoft.NET.Sdk.DefaultItems.targets (27,5)
       Property reassignment: $(SourceControlManagerUrlTranslationTargets)=";TranslateGitHubUrlsInSourceControlInformation;TranslateGitLabUrlsInSourceControlInformation" (previous value: ";TranslateGitHubUrlsInSourceControlInformation") at /usr/share/dotnet/sdk/8.0.415/Sdks/Microsoft.SourceLink.GitLab/build/Microsoft.SourceLink.GitLab.targets (13,5)
       Property reassignment: $(RebuildDependsOn)="
             _SdkBeforeRebuild;
             
             BeforeRebuild;
             Clean;
             Build;
             AfterRebuild;
           
           " (previous value: "
             BeforeRebuild;
             Clean;
             Build;
             AfterRebuild;
           ") at /usr/share/dotnet/sdk/8.0.415/Sdks/Microsoft.NET.Sdk/targets/Microsoft.NET.Sdk.targets (213,5)
       Property reassignment: $(DesignerRuntimeImplementationProjectOutputGroupDependsOn)="
             
             ;
             
             ;
             BuildOnlySettings;
             PrepareForBuild;
             AssignTargetPaths;
             ResolveReferences
           
           ;
             _GenerateDesignerDepsFile;
             _GenerateDesignerRuntimeConfigFile;
             GetCopyToOutputDirectoryItems;
             _GatherDesignerShadowCopyFiles;
           " (previous value: "
             ;
             
             ;
             BuildOnlySettings;
             PrepareForBuild;
             AssignTargetPaths;
             ResolveReferences
           
           ") at /usr/share/dotnet/sdk/8.0.415/Sdks/Microsoft.NET.Sdk/targets/Microsoft.NET.DesignerSupport.targets (21,5)
       Property reassignment: $(SourceLinkUrlInitializerTargets)=";_InitializeGitHubSourceLinkUrl;_InitializeGitLabSourceLinkUrl" (previous value: ";_InitializeGitHubSourceLinkUrl") at /usr/share/dotnet/sdk/8.0.415/Sdks/Microsoft.SourceLink.GitLab/build/Microsoft.SourceLink.GitLab.targets (12,5)
       Property reassignment: $(DefaultItemExcludes)=";bin\Release//**;obj\Release//**;bin\/**" (previous value: ";bin\Release//**;obj\Release//**") at /usr/share/dotnet/sdk/8.0.415/Sdks/Microsoft.NET.Sdk/targets/Microsoft.NET.Sdk.DefaultItems.targets (27,5)
       Property reassignment: $(SourceLinkUrlInitializerTargets)=";_InitializeGitHubSourceLinkUrl;_InitializeGitLabSourceLinkUrl;_InitializeAzureReposGitSourceLinkUrl;_InitializeBitbucketGitSourceLinkUrl" (previous value: ";_InitializeGitHubSourceLinkUrl;_InitializeGitLabSourceLinkUrl;_InitializeAzureReposGitSourceLinkUrl") at /usr/share/dotnet/sdk/8.0.415/Sdks/Microsoft.SourceLink.Bitbucket.Git/build/Microsoft.SourceLink.Bitbucket.Git.targets (12,5)
       Property reassignment: $(SourceLinkUrlInitializerTargets)=";_InitializeGitHubSourceLinkUrl;_InitializeGitLabSourceLinkUrl;_InitializeAzureReposGitSourceLinkUrl;_InitializeBitbucketGitSourceLinkUrl" (previous value: ";_InitializeGitHubSourceLinkUrl;_InitializeGitLabSourceLinkUrl;_InitializeAzureReposGitSourceLinkUrl") at /usr/share/dotnet/sdk/8.0.415/Sdks/Microsoft.SourceLink.Bitbucket.Git/build/Microsoft.SourceLink.Bitbucket.Git.targets (12,5)
       Property reassignment: $(SourceLinkUrlInitializerTargets)=";_InitializeGitHubSourceLinkUrl;_InitializeGitLabSourceLinkUrl;_InitializeAzureReposGitSourceLinkUrl" (previous value: ";_InitializeGitHubSourceLinkUrl;_InitializeGitLabSourceLinkUrl") at /usr/share/dotnet/sdk/8.0.415/Sdks/Microsoft.SourceLink.AzureRepos.Git/build/Microsoft.SourceLink.AzureRepos.Git.targets (12,5)
       Property reassignment: $(SourceControlManagerUrlTranslationTargets)=";TranslateGitHubUrlsInSourceControlInformation;TranslateGitLabUrlsInSourceControlInformation" (previous value: ";TranslateGitHubUrlsInSourceControlInformation") at /usr/share/dotnet/sdk/8.0.415/Sdks/Microsoft.SourceLink.GitLab/build/Microsoft.SourceLink.GitLab.targets (13,5)
       Property reassignment: $(CompileDependsOn)="
             
             ResolveReferences;
             ResolveKeySource;
             SetWin32ManifestProperties;
             _SetPreferNativeArm64Win32ManifestProperties;
             FindReferenceAssembliesForReferences;
             _GenerateCompileInputs;
             BeforeCompile;
             _TimeStampBeforeCompile;
             _GenerateCompileDependencyCache;
             CoreCompile;
             _TimeStampAfterCompile;
             AfterCompile;
           ;
             _CreateAppHost;
             _CreateComHost;
             _GetIjwHostPaths;
           " (previous value: "
             ResolveReferences;
             ResolveKeySource;
             SetWin32ManifestProperties;
             _SetPreferNativeArm64Win32ManifestProperties;
             FindReferenceAssembliesForReferences;
             _GenerateCompileInputs;
             BeforeCompile;
             _TimeStampBeforeCompile;
             _GenerateCompileDependencyCache;
             CoreCompile;
             _TimeStampAfterCompile;
             AfterCompile;
           ") at /usr/share/dotnet/sdk/8.0.415/Sdks/Microsoft.NET.Sdk/targets/Microsoft.NET.Sdk.targets (679,5)
       Property reassignment: $(_GenerateToolsSettingsFileCacheFile)="/home/saidul/Desktop/K-Chief Marine Automation Platform/src/KChief.Protocols.OPC/obj/Release/net8.0/KChief.Protocols.OPC.toolssettingsinput.cache" (previous value: "obj\Release/net8.0/KChief.Protocols.OPC.toolssettingsinput.cache") at /usr/share/dotnet/sdk/8.0.415/Sdks/Microsoft.NET.Sdk/targets/Microsoft.NET.PackTool.targets (68,5)
       Property reassignment: $(SourceControlManagerUrlTranslationTargets)=";TranslateGitHubUrlsInSourceControlInformation;TranslateGitLabUrlsInSourceControlInformation;TranslateAzureReposGitUrlsInSourceControlInformation;TranslateBitbucketGitUrlsInSourceControlInformation" (previous value: ";TranslateGitHubUrlsInSourceControlInformation;TranslateGitLabUrlsInSourceControlInformation;TranslateAzureReposGitUrlsInSourceControlInformation") at /usr/share/dotnet/sdk/8.0.415/Sdks/Microsoft.SourceLink.Bitbucket.Git/build/Microsoft.SourceLink.Bitbucket.Git.targets (13,5)
       Property reassignment: $(SourceControlManagerUrlTranslationTargets)=";TranslateGitHubUrlsInSourceControlInformation;TranslateGitLabUrlsInSourceControlInformation;TranslateAzureReposGitUrlsInSourceControlInformation;TranslateBitbucketGitUrlsInSourceControlInformation" (previous value: ";TranslateGitHubUrlsInSourceControlInformation;TranslateGitLabUrlsInSourceControlInformation;TranslateAzureReposGitUrlsInSourceControlInformation") at /usr/share/dotnet/sdk/8.0.415/Sdks/Microsoft.SourceLink.Bitbucket.Git/build/Microsoft.SourceLink.Bitbucket.Git.targets (13,5)
       Property reassignment: $(SourceControlManagerUrlTranslationTargets)=";TranslateGitHubUrlsInSourceControlInformation;TranslateGitLabUrlsInSourceControlInformation;TranslateAzureReposGitUrlsInSourceControlInformation" (previous value: ";TranslateGitHubUrlsInSourceControlInformation;TranslateGitLabUrlsInSourceControlInformation") at /usr/share/dotnet/sdk/8.0.415/Sdks/Microsoft.SourceLink.AzureRepos.Git/build/Microsoft.SourceLink.AzureRepos.Git.targets (13,5)
       Property reassignment: $(SourceLinkUrlInitializerTargets)=";_InitializeGitHubSourceLinkUrl;_InitializeGitLabSourceLinkUrl;_InitializeAzureReposGitSourceLinkUrl" (previous value: ";_InitializeGitHubSourceLinkUrl;_InitializeGitLabSourceLinkUrl") at /usr/share/dotnet/sdk/8.0.415/Sdks/Microsoft.SourceLink.AzureRepos.Git/build/Microsoft.SourceLink.AzureRepos.Git.targets (12,5)
       Property reassignment: $(DefaultItemExcludes)=";bin\Release//**;obj\Release//**;bin\/**;obj\/**" (previous value: ";bin\Release//**;obj\Release//**;bin\/**") at /usr/share/dotnet/sdk/8.0.415/Sdks/Microsoft.NET.Sdk/targets/Microsoft.NET.Sdk.DefaultItems.targets (29,5)
       Property reassignment: $(CreateSatelliteAssembliesDependsOn)="
             
             ;
             _GenerateSatelliteAssemblyInputs;
             ComputeIntermediateSatelliteAssemblies;
             GenerateSatelliteAssemblies
           ;
             CoreGenerateSatelliteAssemblies
           " (previous value: "
             ;
             _GenerateSatelliteAssemblyInputs;
             ComputeIntermediateSatelliteAssemblies;
             GenerateSatelliteAssemblies
           ") at /usr/share/dotnet/sdk/8.0.415/Sdks/Microsoft.NET.Sdk/targets/Microsoft.NET.Sdk.targets (1065,5)
       Property reassignment: $(DesignerRuntimeImplementationProjectOutputGroupDependsOn)="
             
             ;
             
             ;
             BuildOnlySettings;
             PrepareForBuild;
             AssignTargetPaths;
             ResolveReferences
           
           ;
             _GenerateDesignerDepsFile;
             _GenerateDesignerRuntimeConfigFile;
             GetCopyToOutputDirectoryItems;
             _GatherDesignerShadowCopyFiles;
           " (previous value: "
             ;
             
             ;
             BuildOnlySettings;
             PrepareForBuild;
             AssignTargetPaths;
             ResolveReferences
           
           ") at /usr/share/dotnet/sdk/8.0.415/Sdks/Microsoft.NET.Sdk/targets/Microsoft.NET.DesignerSupport.targets (21,5)
       Property reassignment: $(_ShimInputCacheFile)="/home/saidul/Desktop/K-Chief Marine Automation Platform/src/KChief.Protocols.OPC/obj/Release/net8.0/KChief.Protocols.OPC.shiminput.cache" (previous value: "obj\Release/net8.0/KChief.Protocols.OPC.shiminput.cache") at /usr/share/dotnet/sdk/8.0.415/Sdks/Microsoft.NET.Sdk/targets/Microsoft.NET.PackTool.targets (137,5)
       Property reassignment: $(DefaultItemExcludes)=";bin\Release//**;obj\Release//**;bin\/**;obj\/**" (previous value: ";bin\Release//**;obj\Release//**;bin\/**") at /usr/share/dotnet/sdk/8.0.415/Sdks/Microsoft.NET.Sdk/targets/Microsoft.NET.Sdk.DefaultItems.targets (29,5)
       Property reassignment: $(DesignerRuntimeImplementationProjectOutputGroupDependsOn)="
             
             ;
             
             ;
             BuildOnlySettings;
             PrepareForBuild;
             AssignTargetPaths;
             ResolveReferences
           
           ;
             _GenerateDesignerDepsFile;
             _GenerateDesignerRuntimeConfigFile;
             GetCopyToOutputDirectoryItems;
             _GatherDesignerShadowCopyFiles;
           " (previous value: "
             ;
             
             ;
             BuildOnlySettings;
             PrepareForBuild;
             AssignTargetPaths;
             ResolveReferences
           
           ") at /usr/share/dotnet/sdk/8.0.415/Sdks/Microsoft.NET.Sdk/targets/Microsoft.NET.DesignerSupport.targets (21,5)
       Property reassignment: $(SourceControlManagerUrlTranslationTargets)=";TranslateGitHubUrlsInSourceControlInformation;TranslateGitLabUrlsInSourceControlInformation;TranslateAzureReposGitUrlsInSourceControlInformation" (previous value: ";TranslateGitHubUrlsInSourceControlInformation;TranslateGitLabUrlsInSourceControlInformation") at /usr/share/dotnet/sdk/8.0.415/Sdks/Microsoft.SourceLink.AzureRepos.Git/build/Microsoft.SourceLink.AzureRepos.Git.targets (13,5)
       Property reassignment: $(SourceLinkUrlInitializerTargets)=";_InitializeGitHubSourceLinkUrl;_InitializeGitLabSourceLinkUrl;_InitializeAzureReposGitSourceLinkUrl;_InitializeBitbucketGitSourceLinkUrl" (previous value: ";_InitializeGitHubSourceLinkUrl;_InitializeGitLabSourceLinkUrl;_InitializeAzureReposGitSourceLinkUrl") at /usr/share/dotnet/sdk/8.0.415/Sdks/Microsoft.SourceLink.Bitbucket.Git/build/Microsoft.SourceLink.Bitbucket.Git.targets (12,5)
       Property reassignment: $(_GenerateToolsSettingsFileCacheFile)="/home/saidul/Desktop/K-Chief Marine Automation Platform/src/KChief.VesselControl/obj/Release/net8.0/KChief.VesselControl.toolssettingsinput.cache" (previous value: "obj\Release/net8.0/KChief.VesselControl.toolssettingsinput.cache") at /usr/share/dotnet/sdk/8.0.415/Sdks/Microsoft.NET.Sdk/targets/Microsoft.NET.PackTool.targets (68,5)
       Property reassignment: $(_ShimCreatedSentinelFile)="/home/saidul/Desktop/K-Chief Marine Automation Platform/src/KChief.Protocols.OPC/obj/Release/net8.0/KChief.Protocols.OPC.shimcreated.sentinel" (previous value: "obj\Release/net8.0/KChief.Protocols.OPC.shimcreated.sentinel") at /usr/share/dotnet/sdk/8.0.415/Sdks/Microsoft.NET.Sdk/targets/Microsoft.NET.PackTool.targets (139,5)
       Property reassignment: $(SourceLinkUrlInitializerTargets)=";_InitializeGitHubSourceLinkUrl;_InitializeGitLabSourceLinkUrl;_InitializeAzureReposGitSourceLinkUrl;_InitializeBitbucketGitSourceLinkUrl" (previous value: ";_InitializeGitHubSourceLinkUrl;_InitializeGitLabSourceLinkUrl;_InitializeAzureReposGitSourceLinkUrl") at /usr/share/dotnet/sdk/8.0.415/Sdks/Microsoft.SourceLink.Bitbucket.Git/build/Microsoft.SourceLink.Bitbucket.Git.targets (12,5)
       Property reassignment: $(SourceLinkUrlInitializerTargets)=";_InitializeGitHubSourceLinkUrl;_InitializeGitLabSourceLinkUrl" (previous value: ";_InitializeGitHubSourceLinkUrl") at /usr/share/dotnet/sdk/8.0.415/Sdks/Microsoft.SourceLink.GitLab/build/Microsoft.SourceLink.GitLab.targets (12,5)
       Property reassignment: $(_GenerateToolsSettingsFileCacheFile)="/home/saidul/Desktop/K-Chief Marine Automation Platform/src/KChief.Platform.API/obj/Release/net8.0/KChief.Platform.API.toolssettingsinput.cache" (previous value: "obj\Release/net8.0/KChief.Platform.API.toolssettingsinput.cache") at /usr/share/dotnet/sdk/8.0.415/Sdks/Microsoft.NET.Sdk/targets/Microsoft.NET.PackTool.targets (68,5)
       Property reassignment: $(_ShimInputCacheFile)="/home/saidul/Desktop/K-Chief Marine Automation Platform/src/KChief.VesselControl/obj/Release/net8.0/KChief.VesselControl.shiminput.cache" (previous value: "obj\Release/net8.0/KChief.VesselControl.shiminput.cache") at /usr/share/dotnet/sdk/8.0.415/Sdks/Microsoft.NET.Sdk/targets/Microsoft.NET.PackTool.targets (137,5)
       Property reassignment: $(SourceControlManagerUrlTranslationTargets)=";TranslateGitHubUrlsInSourceControlInformation;TranslateGitLabUrlsInSourceControlInformation;TranslateAzureReposGitUrlsInSourceControlInformation;TranslateBitbucketGitUrlsInSourceControlInformation" (previous value: ";TranslateGitHubUrlsInSourceControlInformation;TranslateGitLabUrlsInSourceControlInformation;TranslateAzureReposGitUrlsInSourceControlInformation") at /usr/share/dotnet/sdk/8.0.415/Sdks/Microsoft.SourceLink.Bitbucket.Git/build/Microsoft.SourceLink.Bitbucket.Git.targets (13,5)
       Property reassignment: $(DefineConstants)="TRACE;RELEASE" (previous value: "TRACE") at /usr/share/dotnet/sdk/8.0.415/Sdks/Microsoft.NET.Sdk/targets/Microsoft.NET.Sdk.CSharp.targets (31,5)
       Property reassignment: $(DefaultItemExcludes)=";bin\Release//**;obj\Release//**;bin\/**;obj\/**;**/*.user" (previous value: ";bin\Release//**;obj\Release//**;bin\/**;obj\/**") at /usr/share/dotnet/sdk/8.0.415/Sdks/Microsoft.NET.Sdk/targets/Microsoft.NET.Sdk.DefaultItems.targets (32,5)
       Property reassignment: $(SourceControlManagerUrlTranslationTargets)=";TranslateGitHubUrlsInSourceControlInformation;TranslateGitLabUrlsInSourceControlInformation;TranslateAzureReposGitUrlsInSourceControlInformation;TranslateBitbucketGitUrlsInSourceControlInformation" (previous value: ";TranslateGitHubUrlsInSourceControlInformation;TranslateGitLabUrlsInSourceControlInformation;TranslateAzureReposGitUrlsInSourceControlInformation") at /usr/share/dotnet/sdk/8.0.415/Sdks/Microsoft.SourceLink.Bitbucket.Git/build/Microsoft.SourceLink.Bitbucket.Git.targets (13,5)
       Property reassignment: $(SourceControlManagerUrlTranslationTargets)=";TranslateGitHubUrlsInSourceControlInformation;TranslateGitLabUrlsInSourceControlInformation" (previous value: ";TranslateGitHubUrlsInSourceControlInformation") at /usr/share/dotnet/sdk/8.0.415/Sdks/Microsoft.SourceLink.GitLab/build/Microsoft.SourceLink.GitLab.targets (13,5)
       Property reassignment: $(_ShimInputCacheFile)="/home/saidul/Desktop/K-Chief Marine Automation Platform/src/KChief.Platform.API/obj/Release/net8.0/KChief.Platform.API.shiminput.cache" (previous value: "obj\Release/net8.0/KChief.Platform.API.shiminput.cache") at /usr/share/dotnet/sdk/8.0.415/Sdks/Microsoft.NET.Sdk/targets/Microsoft.NET.PackTool.targets (137,5)
       Property reassignment: $(DefaultItemExcludes)=";bin\Release//**;obj\Release//**;bin\/**;obj\/**;**/*.user" (previous value: ";bin\Release//**;obj\Release//**;bin\/**;obj\/**") at /usr/share/dotnet/sdk/8.0.415/Sdks/Microsoft.NET.Sdk/targets/Microsoft.NET.Sdk.DefaultItems.targets (32,5)
       Property reassignment: $(_ShimCreatedSentinelFile)="/home/saidul/Desktop/K-Chief Marine Automation Platform/src/KChief.VesselControl/obj/Release/net8.0/KChief.VesselControl.shimcreated.sentinel" (previous value: "obj\Release/net8.0/KChief.VesselControl.shimcreated.sentinel") at /usr/share/dotnet/sdk/8.0.415/Sdks/Microsoft.NET.Sdk/targets/Microsoft.NET.PackTool.targets (139,5)
       Property reassignment: $(DesignerRuntimeImplementationProjectOutputGroupDependsOn)="
             
             ;
             
             ;
             BuildOnlySettings;
             PrepareForBuild;
             AssignTargetPaths;
             ResolveReferences
           
           ;
             _GenerateDesignerDepsFile;
             _GenerateDesignerRuntimeConfigFile;
             GetCopyToOutputDirectoryItems;
             _GatherDesignerShadowCopyFiles;
           " (previous value: "
             ;
             
             ;
             BuildOnlySettings;
             PrepareForBuild;
             AssignTargetPaths;
             ResolveReferences
           
           ") at /usr/share/dotnet/sdk/8.0.415/Sdks/Microsoft.NET.Sdk/targets/Microsoft.NET.DesignerSupport.targets (21,5)
       Property reassignment: $(DesignerRuntimeImplementationProjectOutputGroupDependsOn)="
             
             ;
             
             ;
             BuildOnlySettings;
             PrepareForBuild;
             AssignTargetPaths;
             ResolveReferences
           
           ;
             _GenerateDesignerDepsFile;
             _GenerateDesignerRuntimeConfigFile;
             GetCopyToOutputDirectoryItems;
             _GatherDesignerShadowCopyFiles;
           " (previous value: "
             ;
             
             ;
             BuildOnlySettings;
             PrepareForBuild;
             AssignTargetPaths;
             ResolveReferences
           
           ") at /usr/share/dotnet/sdk/8.0.415/Sdks/Microsoft.NET.Sdk/targets/Microsoft.NET.DesignerSupport.targets (21,5)
       Property reassignment: $(DefineConstants)="TRACE;RELEASE;NET;NET8_0;NETCOREAPP" (previous value: "TRACE;RELEASE") at /usr/share/dotnet/sdk/8.0.415/Sdks/Microsoft.NET.Sdk/targets/Microsoft.NET.Sdk.CSharp.targets (34,5)
       Property reassignment: $(SourceLinkUrlInitializerTargets)=";_InitializeGitHubSourceLinkUrl;_InitializeGitLabSourceLinkUrl;_InitializeAzureReposGitSourceLinkUrl" (previous value: ";_InitializeGitHubSourceLinkUrl;_InitializeGitLabSourceLinkUrl") at /usr/share/dotnet/sdk/8.0.415/Sdks/Microsoft.SourceLink.AzureRepos.Git/build/Microsoft.SourceLink.AzureRepos.Git.targets (12,5)
       Property reassignment: $(DefineConstants)="TRACE;RELEASE" (previous value: "TRACE") at /usr/share/dotnet/sdk/8.0.415/Sdks/Microsoft.NET.Sdk/targets/Microsoft.NET.Sdk.CSharp.targets (31,5)
       Property reassignment: $(_ShimCreatedSentinelFile)="/home/saidul/Desktop/K-Chief Marine Automation Platform/src/KChief.Platform.API/obj/Release/net8.0/KChief.Platform.API.shimcreated.sentinel" (previous value: "obj\Release/net8.0/KChief.Platform.API.shimcreated.sentinel") at /usr/share/dotnet/sdk/8.0.415/Sdks/Microsoft.NET.Sdk/targets/Microsoft.NET.PackTool.targets (139,5)
       Property reassignment: $(_GenerateToolsSettingsFileCacheFile)="/home/saidul/Desktop/K-Chief Marine Automation Platform/tests/KChief.Integration.Tests/obj/Release/net8.0/KChief.Integration.Tests.toolssettingsinput.cache" (previous value: "obj\Release/net8.0/KChief.Integration.Tests.toolssettingsinput.cache") at /usr/share/dotnet/sdk/8.0.415/Sdks/Microsoft.NET.Sdk/targets/Microsoft.NET.PackTool.targets (68,5)
       Property reassignment: $(SourceControlManagerUrlTranslationTargets)=";TranslateGitHubUrlsInSourceControlInformation;TranslateGitLabUrlsInSourceControlInformation;TranslateAzureReposGitUrlsInSourceControlInformation" (previous value: ";TranslateGitHubUrlsInSourceControlInformation;TranslateGitLabUrlsInSourceControlInformation") at /usr/share/dotnet/sdk/8.0.415/Sdks/Microsoft.SourceLink.AzureRepos.Git/build/Microsoft.SourceLink.AzureRepos.Git.targets (13,5)
       Property reassignment: $(_GenerateToolsSettingsFileCacheFile)="/home/saidul/Desktop/K-Chief Marine Automation Platform/tests/KChief.Platform.Tests/obj/Release/net8.0/KChief.Platform.Tests.toolssettingsinput.cache" (previous value: "obj\Release/net8.0/KChief.Platform.Tests.toolssettingsinput.cache") at /usr/share/dotnet/sdk/8.0.415/Sdks/Microsoft.NET.Sdk/targets/Microsoft.NET.PackTool.targets (68,5)
       Property reassignment: $(DefineConstants)="TRACE;RELEASE;NET;NET8_0;NETCOREAPP" (previous value: "TRACE;RELEASE") at /usr/share/dotnet/sdk/8.0.415/Sdks/Microsoft.NET.Sdk/targets/Microsoft.NET.Sdk.CSharp.targets (34,5)
       Property reassignment: $(DefaultItemExcludes)=";bin\Release//**;obj\Release//**;bin\/**;obj\/**;**/*.user;**/*.*proj" (previous value: ";bin\Release//**;obj\Release//**;bin\/**;obj\/**;**/*.user") at /usr/share/dotnet/sdk/8.0.415/Sdks/Microsoft.NET.Sdk/targets/Microsoft.NET.Sdk.DefaultItems.targets (33,5)
       Property reassignment: $(DefineConstants)="TRACE;RELEASE" (previous value: "TRACE") at /usr/share/dotnet/sdk/8.0.415/Sdks/Microsoft.NET.Sdk/targets/Microsoft.NET.Sdk.CSharp.targets (31,5)
       Property reassignment: $(_ShimInputCacheFile)="/home/saidul/Desktop/K-Chief Marine Automation Platform/tests/KChief.Integration.Tests/obj/Release/net8.0/KChief.Integration.Tests.shiminput.cache" (previous value: "obj\Release/net8.0/KChief.Integration.Tests.shiminput.cache") at /usr/share/dotnet/sdk/8.0.415/Sdks/Microsoft.NET.Sdk/targets/Microsoft.NET.PackTool.targets (137,5)
       Property reassignment: $(WarningsAsErrors)=";NU1605;SYSLIB0011" (previous value: ";NU1605") at /usr/share/dotnet/sdk/8.0.415/Sdks/Microsoft.NET.Sdk/targets/Microsoft.NET.Sdk.CSharp.targets (48,5)
       Property reassignment: $(SourceLinkUrlInitializerTargets)=";_InitializeGitHubSourceLinkUrl;_InitializeGitLabSourceLinkUrl;_InitializeAzureReposGitSourceLinkUrl;_InitializeBitbucketGitSourceLinkUrl" (previous value: ";_InitializeGitHubSourceLinkUrl;_InitializeGitLabSourceLinkUrl;_InitializeAzureReposGitSourceLinkUrl") at /usr/share/dotnet/sdk/8.0.415/Sdks/Microsoft.SourceLink.Bitbucket.Git/build/Microsoft.SourceLink.Bitbucket.Git.targets (12,5)
       Property reassignment: $(WarningsAsErrors)=";NU1605;SYSLIB0011" (previous value: ";NU1605") at /usr/share/dotnet/sdk/8.0.415/Sdks/Microsoft.NET.Sdk/targets/Microsoft.NET.Sdk.CSharp.targets (48,5)
       Property reassignment: $(DefaultItemExcludes)=";bin\Release//**;obj\Release//**;bin\/**;obj\/**;**/*.user;**/*.*proj" (previous value: ";bin\Release//**;obj\Release//**;bin\/**;obj\/**;**/*.user") at /usr/share/dotnet/sdk/8.0.415/Sdks/Microsoft.NET.Sdk/targets/Microsoft.NET.Sdk.DefaultItems.targets (33,5)
       Property reassignment: $(_ShimInputCacheFile)="/home/saidul/Desktop/K-Chief Marine Automation Platform/tests/KChief.Platform.Tests/obj/Release/net8.0/KChief.Platform.Tests.shiminput.cache" (previous value: "obj\Release/net8.0/KChief.Platform.Tests.shiminput.cache") at /usr/share/dotnet/sdk/8.0.415/Sdks/Microsoft.NET.Sdk/targets/Microsoft.NET.PackTool.targets (137,5)
       Property reassignment: $(DefineConstants)="TRACE;RELEASE;NET;NET8_0;NETCOREAPP" (previous value: "TRACE;RELEASE") at /usr/share/dotnet/sdk/8.0.415/Sdks/Microsoft.NET.Sdk/targets/Microsoft.NET.Sdk.CSharp.targets (34,5)
       Property reassignment: $(_ShimCreatedSentinelFile)="/home/saidul/Desktop/K-Chief Marine Automation Platform/tests/KChief.Integration.Tests/obj/Release/net8.0/KChief.Integration.Tests.shimcreated.sentinel" (previous value: "obj\Release/net8.0/KChief.Integration.Tests.shimcreated.sentinel") at /usr/share/dotnet/sdk/8.0.415/Sdks/Microsoft.NET.Sdk/targets/Microsoft.NET.PackTool.targets (139,5)
       Property reassignment: $(SourceControlManagerUrlTranslationTargets)=";TranslateGitHubUrlsInSourceControlInformation;TranslateGitLabUrlsInSourceControlInformation;TranslateAzureReposGitUrlsInSourceControlInformation;TranslateBitbucketGitUrlsInSourceControlInformation" (previous value: ";TranslateGitHubUrlsInSourceControlInformation;TranslateGitLabUrlsInSourceControlInformation;TranslateAzureReposGitUrlsInSourceControlInformation") at /usr/share/dotnet/sdk/8.0.415/Sdks/Microsoft.SourceLink.Bitbucket.Git/build/Microsoft.SourceLink.Bitbucket.Git.targets (13,5)
       Property reassignment: $(PackageDescription)="Package Description" (previous value: "") at /usr/share/dotnet/sdk/8.0.415/Sdks/NuGet.Build.Tasks.Pack/build/NuGet.Build.Tasks.Pack.targets (34,5)
       Property reassignment: $(_ShimCreatedSentinelFile)="/home/saidul/Desktop/K-Chief Marine Automation Platform/tests/KChief.Platform.Tests/obj/Release/net8.0/KChief.Platform.Tests.shimcreated.sentinel" (previous value: "obj\Release/net8.0/KChief.Platform.Tests.shimcreated.sentinel") at /usr/share/dotnet/sdk/8.0.415/Sdks/Microsoft.NET.Sdk/targets/Microsoft.NET.PackTool.targets (139,5)
       Property reassignment: $(WarningsAsErrors)=";NU1605;SYSLIB0011" (previous value: ";NU1605") at /usr/share/dotnet/sdk/8.0.415/Sdks/Microsoft.NET.Sdk/targets/Microsoft.NET.Sdk.CSharp.targets (48,5)
       Property reassignment: $(DefineConstants)="TRACE;RELEASE" (previous value: "TRACE") at /usr/share/dotnet/sdk/8.0.415/Sdks/Microsoft.NET.Sdk/targets/Microsoft.NET.Sdk.CSharp.targets (31,5)
       Property reassignment: $(DesignerRuntimeImplementationProjectOutputGroupDependsOn)="
             
             ;
             
             ;
             BuildOnlySettings;
             PrepareForBuild;
             AssignTargetPaths;
             ResolveReferences
           
           ;
             _GenerateDesignerDepsFile;
             _GenerateDesignerRuntimeConfigFile;
             GetCopyToOutputDirectoryItems;
             _GatherDesignerShadowCopyFiles;
           " (previous value: "
             ;
             
             ;
             BuildOnlySettings;
             PrepareForBuild;
             AssignTargetPaths;
             ResolveReferences
           
           ") at /usr/share/dotnet/sdk/8.0.415/Sdks/Microsoft.NET.Sdk/targets/Microsoft.NET.DesignerSupport.targets (21,5)
       Property reassignment: $(DefaultItemExcludes)=";bin\Release//**;obj\Release//**;bin\/**;obj\/**;**/*.user;**/*.*proj;**/*.sln" (previous value: ";bin\Release//**;obj\Release//**;bin\/**;obj\/**;**/*.user;**/*.*proj") at /usr/share/dotnet/sdk/8.0.415/Sdks/Microsoft.NET.Sdk/targets/Microsoft.NET.Sdk.DefaultItems.targets (34,5)
       Property reassignment: $(GenerateNuspecDependsOn)="Build;_LoadPackInputItems; _GetTargetFrameworksOutput; _WalkEachTargetPerFramework; _GetPackageFiles; " (previous value: "_LoadPackInputItems; _GetTargetFrameworksOutput; _WalkEachTargetPerFramework; _GetPackageFiles; ") at /usr/share/dotnet/sdk/8.0.415/Sdks/NuGet.Build.Tasks.Pack/build/NuGet.Build.Tasks.Pack.targets (59,5)
       Property reassignment: $(DefineConstants)="TRACE;RELEASE" (previous value: "TRACE") at /usr/share/dotnet/sdk/8.0.415/Sdks/Microsoft.NET.Sdk/targets/Microsoft.NET.Sdk.CSharp.targets (31,5)
       Property reassignment: $(PackageDescription)="Package Description" (previous value: "") at /usr/share/dotnet/sdk/8.0.415/Sdks/NuGet.Build.Tasks.Pack/build/NuGet.Build.Tasks.Pack.targets (34,5)
       Property reassignment: $(DefineConstants)="TRACE;RELEASE;NET;NET8_0;NETCOREAPP" (previous value: "TRACE;RELEASE") at /usr/share/dotnet/sdk/8.0.415/Sdks/Microsoft.NET.Sdk/targets/Microsoft.NET.Sdk.CSharp.targets (34,5)
       Property reassignment: $(DefaultItemExcludes)=";bin\Release//**;obj\Release//**;bin\/**;obj\/**;**/*.user;**/*.*proj;**/*.sln" (previous value: ";bin\Release//**;obj\Release//**;bin\/**;obj\/**;**/*.user;**/*.*proj") at /usr/share/dotnet/sdk/8.0.415/Sdks/Microsoft.NET.Sdk/targets/Microsoft.NET.Sdk.DefaultItems.targets (34,5)
       Property reassignment: $(_GenerateToolsSettingsFileCacheFile)="/home/saidul/Desktop/K-Chief Marine Automation Platform/src/KChief.Protocols.Modbus/obj/Release/net8.0/KChief.Protocols.Modbus.toolssettingsinput.cache" (previous value: "obj\Release/net8.0/KChief.Protocols.Modbus.toolssettingsinput.cache") at /usr/share/dotnet/sdk/8.0.415/Sdks/Microsoft.NET.Sdk/targets/Microsoft.NET.PackTool.targets (68,5)
       Property reassignment: $(_IsNotSetContainersTargetsDir)="true" (previous value: "false") at /usr/share/dotnet/sdk/8.0.415/Sdks/Microsoft.NET.Sdk/Sdk/Sdk.targets (59,5)
       Property reassignment: $(DefineConstants)="TRACE;RELEASE;NET;NET8_0;NETCOREAPP" (previous value: "TRACE;RELEASE") at /usr/share/dotnet/sdk/8.0.415/Sdks/Microsoft.NET.Sdk/targets/Microsoft.NET.Sdk.CSharp.targets (34,5)
       Property reassignment: $(WarningsAsErrors)=";NU1605;SYSLIB0011" (previous value: ";NU1605") at /usr/share/dotnet/sdk/8.0.415/Sdks/Microsoft.NET.Sdk/targets/Microsoft.NET.Sdk.CSharp.targets (48,5)
       Property reassignment: $(GenerateNuspecDependsOn)="Build;_LoadPackInputItems; _GetTargetFrameworksOutput; _WalkEachTargetPerFramework; _GetPackageFiles; " (previous value: "_LoadPackInputItems; _GetTargetFrameworksOutput; _WalkEachTargetPerFramework; _GetPackageFiles; ") at /usr/share/dotnet/sdk/8.0.415/Sdks/NuGet.Build.Tasks.Pack/build/NuGet.Build.Tasks.Pack.targets (59,5)
       Property reassignment: $(WarningsAsErrors)=";NU1605;SYSLIB0011" (previous value: ";NU1605") at /usr/share/dotnet/sdk/8.0.415/Sdks/Microsoft.NET.Sdk/targets/Microsoft.NET.Sdk.CSharp.targets (48,5)
       Property reassignment: $(_IsSDKContainerAllowedVersion)="true" (previous value: "false") at /usr/share/dotnet/sdk/8.0.415/Containers/build/Microsoft.NET.Build.Containers.targets (5,5)
       Property reassignment: $(PackageDescription)="Package Description" (previous value: "") at /usr/share/dotnet/sdk/8.0.415/Sdks/NuGet.Build.Tasks.Pack/build/NuGet.Build.Tasks.Pack.targets (34,5)
       Property reassignment: $(DefaultItemExcludes)=";bin\Release//**;obj\Release//**;bin\/**;obj\/**;**/*.user;**/*.*proj;**/*.sln;**/*.vssscc" (previous value: ";bin\Release//**;obj\Release//**;bin\/**;obj\/**;**/*.user;**/*.*proj;**/*.sln") at /usr/share/dotnet/sdk/8.0.415/Sdks/Microsoft.NET.Sdk/targets/Microsoft.NET.Sdk.DefaultItems.targets (35,5)
       Property reassignment: $(PackageDescription)="Package Description" (previous value: "") at /usr/share/dotnet/sdk/8.0.415/Sdks/NuGet.Build.Tasks.Pack/build/NuGet.Build.Tasks.Pack.targets (34,5)
       Property reassignment: $(_IsNotSetContainersTargetsDir)="true" (previous value: "false") at /usr/share/dotnet/sdk/8.0.415/Sdks/Microsoft.NET.Sdk/Sdk/Sdk.targets (59,5)
       Property reassignment: $(PackageDescription)="Package Description" (previous value: "") at /usr/share/dotnet/sdk/8.0.415/Sdks/NuGet.Build.Tasks.Pack/build/NuGet.Build.Tasks.Pack.targets (34,5)
       Property reassignment: $(_ContainerIsTargetingNet8TFM)="true" (previous value: "false") at /usr/share/dotnet/sdk/8.0.415/Containers/build/Microsoft.NET.Build.Containers.targets (15,5)
       Property reassignment: $(DefaultItemExcludes)=";bin\Release//**;obj\Release//**;bin\/**;obj\/**;**/*.user;**/*.*proj;**/*.sln;**/*.vssscc" (previous value: ";bin\Release//**;obj\Release//**;bin\/**;obj\/**;**/*.user;**/*.*proj;**/*.sln") at /usr/share/dotnet/sdk/8.0.415/Sdks/Microsoft.NET.Sdk/targets/Microsoft.NET.Sdk.DefaultItems.targets (35,5)
       Property reassignment: $(GenerateNuspecDependsOn)="Build;_LoadPackInputItems; _GetTargetFrameworksOutput; _WalkEachTargetPerFramework; _GetPackageFiles; " (previous value: "_LoadPackInputItems; _GetTargetFrameworksOutput; _WalkEachTargetPerFramework; _GetPackageFiles; ") at /usr/share/dotnet/sdk/8.0.415/Sdks/NuGet.Build.Tasks.Pack/build/NuGet.Build.Tasks.Pack.targets (59,5)
       Property reassignment: $(GenerateNuspecDependsOn)="Build;_LoadPackInputItems; _GetTargetFrameworksOutput; _WalkEachTargetPerFramework; _GetPackageFiles; " (previous value: "_LoadPackInputItems; _GetTargetFrameworksOutput; _WalkEachTargetPerFramework; _GetPackageFiles; ") at /usr/share/dotnet/sdk/8.0.415/Sdks/NuGet.Build.Tasks.Pack/build/NuGet.Build.Tasks.Pack.targets (59,5)
       Overriding target "ResolveFrameworkReferences" in project "/usr/share/dotnet/sdk/8.0.415/Microsoft.Common.CurrentVersion.targets" with target "ResolveFrameworkReferences" from project "/usr/share/dotnet/sdk/8.0.415/Sdks/Microsoft.NET.Sdk/targets/Microsoft.NET.Sdk.FrameworkReferenceResolution.targets".
       Property reassignment: $(_IsNotSetContainersTargetsDir)="true" (previous value: "false") at /usr/share/dotnet/sdk/8.0.415/Sdks/Microsoft.NET.Sdk/Sdk/Sdk.targets (59,5)
       Property reassignment: $(_IsNotSetContainersTargetsDir)="true" (previous value: "false") at /usr/share/dotnet/sdk/8.0.415/Sdks/Microsoft.NET.Sdk/Sdk/Sdk.targets (59,5)
       Property reassignment: $(_IsSDKContainerAllowedVersion)="true" (previous value: "false") at /usr/share/dotnet/sdk/8.0.415/Containers/build/Microsoft.NET.Build.Containers.targets (5,5)
       Property reassignment: $(DefaultItemExcludes)=";bin\Release//**;obj\Release//**;bin\/**;obj\/**;**/*.user;**/*.*proj;**/*.sln;**/*.vssscc;**/.DS_Store" (previous value: ";bin\Release//**;obj\Release//**;bin\/**;obj\/**;**/*.user;**/*.*proj;**/*.sln;**/*.vssscc") at /usr/share/dotnet/sdk/8.0.415/Sdks/Microsoft.NET.Sdk/targets/Microsoft.NET.Sdk.DefaultItems.targets (36,5)
       Overriding target "Run" in project "/usr/share/dotnet/sdk/8.0.415/Microsoft.Common.CurrentVersion.targets" with target "Run" from project "/usr/share/dotnet/sdk/8.0.415/Sdks/Microsoft.NET.Sdk/targets/Microsoft.NET.Sdk.targets".
       Property reassignment: $(_IsSDKContainerAllowedVersion)="true" (previous value: "false") at /usr/share/dotnet/sdk/8.0.415/Containers/build/Microsoft.NET.Build.Containers.targets (5,5)
       Property reassignment: $(GenerateNuspecDependsOn)="Build;_LoadPackInputItems; _GetTargetFrameworksOutput; _WalkEachTargetPerFramework; _GetPackageFiles; " (previous value: "_LoadPackInputItems; _GetTargetFrameworksOutput; _WalkEachTargetPerFramework; _GetPackageFiles; ") at /usr/share/dotnet/sdk/8.0.415/Sdks/NuGet.Build.Tasks.Pack/build/NuGet.Build.Tasks.Pack.targets (59,5)
       Property reassignment: $(_ContainerIsTargetingNet8TFM)="true" (previous value: "false") at /usr/share/dotnet/sdk/8.0.415/Containers/build/Microsoft.NET.Build.Containers.targets (15,5)
       Property reassignment: $(DefaultItemExcludes)=";bin\Release//**;obj\Release//**;bin\/**;obj\/**;**/*.user;**/*.*proj;**/*.sln;**/*.vssscc;**/.DS_Store" (previous value: ";bin\Release//**;obj\Release//**;bin\/**;obj\/**;**/*.user;**/*.*proj;**/*.sln;**/*.vssscc") at /usr/share/dotnet/sdk/8.0.415/Sdks/Microsoft.NET.Sdk/targets/Microsoft.NET.Sdk.DefaultItems.targets (36,5)
       Overriding target "GenerateSupportedTargetFrameworkAlias" in project "/usr/share/dotnet/sdk/8.0.415/Microsoft.Common.CurrentVersion.targets" with target "GenerateSupportedTargetFrameworkAlias" from project "/usr/share/dotnet/sdk/8.0.415/Sdks/Microsoft.NET.Sdk/targets/Microsoft.NET.Sdk.targets".
       Property reassignment: $(_IsNotSetContainersTargetsDir)="true" (previous value: "false") at /usr/share/dotnet/sdk/8.0.415/Sdks/Microsoft.NET.Sdk/Sdk/Sdk.targets (59,5)
       Overriding target "ResolveFrameworkReferences" in project "/usr/share/dotnet/sdk/8.0.415/Microsoft.Common.CurrentVersion.targets" with target "ResolveFrameworkReferences" from project "/usr/share/dotnet/sdk/8.0.415/Sdks/Microsoft.NET.Sdk/targets/Microsoft.NET.Sdk.FrameworkReferenceResolution.targets".
       Property reassignment: $(_IsSDKContainerAllowedVersion)="true" (previous value: "false") at /usr/share/dotnet/sdk/8.0.415/Containers/build/Microsoft.NET.Build.Containers.targets (5,5)
       Overriding target "Run" in project "/usr/share/dotnet/sdk/8.0.415/Microsoft.Common.CurrentVersion.targets" with target "Run" from project "/usr/share/dotnet/sdk/8.0.415/Sdks/Microsoft.NET.Sdk/targets/Microsoft.NET.Sdk.targets".
       Property reassignment: $(_IsSDKContainerAllowedVersion)="true" (previous value: "false") at /usr/share/dotnet/sdk/8.0.415/Containers/build/Microsoft.NET.Build.Containers.targets (5,5)
       Property reassignment: $(_ContainerIsTargetingNet8TFM)="true" (previous value: "false") at /usr/share/dotnet/sdk/8.0.415/Containers/build/Microsoft.NET.Build.Containers.targets (15,5)
       Property reassignment: $(_ContainerIsTargetingNet8TFM)="true" (previous value: "false") at /usr/share/dotnet/sdk/8.0.415/Containers/build/Microsoft.NET.Build.Containers.targets (15,5)
       Overriding target "GetReferenceAssemblyPaths" in project "/usr/share/dotnet/sdk/8.0.415/Microsoft.Common.CurrentVersion.targets" with target "GetReferenceAssemblyPaths" from project "/usr/share/dotnet/sdk/8.0.415/Sdks/Microsoft.NET.Sdk/targets/Microsoft.NET.DisableStandardFrameworkResolution.targets".
       Assembly loaded during Evaluation: NuGet.Frameworks, Version=6.11.1.2, Culture=neutral, PublicKeyToken=31bf3856ad364e35 (location: /usr/share/dotnet/sdk/8.0.415/NuGet.Frameworks.dll, MVID: 36fa17a1-abb6-4cce-b85c-dd32a6dcc45f, AssemblyLoadContext: Assembly.LoadFile(/usr/share/dotnet/sdk/8.0.415/NuGet.Frameworks.dll))
       Property reassignment: $(_ContainerIsTargetingNet8TFM)="true" (previous value: "false") at /usr/share/dotnet/sdk/8.0.415/Containers/build/Microsoft.NET.Build.Containers.targets (15,5)
       Property reassignment: $(ResolveAssemblyReferencesDependsOn)="
             
             
             ResolveProjectReferences;
             FindInvalidProjectReferences;
             GetFrameworkPaths;
             GetReferenceAssemblyPaths;
             PrepareForBuild;
             ResolveSDKReferences;
             ExpandSDKReferences;
           ;
             ResolvePackageDependenciesForBuild;
             _HandlePackageFileConflicts;
           ;
             ResolveTargetingPackAssets;
           " (previous value: "
             
             ResolveProjectReferences;
             FindInvalidProjectReferences;
             GetFrameworkPaths;
             GetReferenceAssemblyPaths;
             PrepareForBuild;
             ResolveSDKReferences;
             ExpandSDKReferences;
           ;
             ResolvePackageDependenciesForBuild;
             _HandlePackageFileConflicts;
           ") at /usr/share/dotnet/sdk/8.0.415/Sdks/Microsoft.NET.Sdk/targets/Microsoft.NET.Sdk.FrameworkReferenceResolution.targets (14,5)
       Overriding target "GenerateSupportedTargetFrameworkAlias" in project "/usr/share/dotnet/sdk/8.0.415/Microsoft.Common.CurrentVersion.targets" with target "GenerateSupportedTargetFrameworkAlias" from project "/usr/share/dotnet/sdk/8.0.415/Sdks/Microsoft.NET.Sdk/targets/Microsoft.NET.Sdk.targets".
       Property reassignment: $(ResolveAssemblyReferencesDependsOn)="
             
             
             ResolveProjectReferences;
             FindInvalidProjectReferences;
             GetFrameworkPaths;
             GetReferenceAssemblyPaths;
             PrepareForBuild;
             ResolveSDKReferences;
             ExpandSDKReferences;
           ;
             ResolvePackageDependenciesForBuild;
             _HandlePackageFileConflicts;
           ;
             ResolveTargetingPackAssets;
           " (previous value: "
             
             ResolveProjectReferences;
             FindInvalidProjectReferences;
             GetFrameworkPaths;
             GetReferenceAssemblyPaths;
             PrepareForBuild;
             ResolveSDKReferences;
             ExpandSDKReferences;
           ;
             ResolvePackageDependenciesForBuild;
             _HandlePackageFileConflicts;
           ") at /usr/share/dotnet/sdk/8.0.415/Sdks/Microsoft.NET.Sdk/targets/Microsoft.NET.Sdk.FrameworkReferenceResolution.targets (14,5)
       Property 'DOTNET_HOST_PATH' with value '/usr/share/dotnet/dotnet' expanded from the environment.
       Overriding target "ResolveFrameworkReferences" in project "/usr/share/dotnet/sdk/8.0.415/Microsoft.Common.CurrentVersion.targets" with target "ResolveFrameworkReferences" from project "/usr/share/dotnet/sdk/8.0.415/Sdks/Microsoft.NET.Sdk/targets/Microsoft.NET.Sdk.FrameworkReferenceResolution.targets".
       Overriding target "GetFrameworkPaths" in project "/usr/share/dotnet/sdk/8.0.415/Microsoft.Common.CurrentVersion.targets" with target "GetFrameworkPaths" from project "/usr/share/dotnet/sdk/8.0.415/Sdks/Microsoft.NET.Sdk/targets/Microsoft.NET.DisableStandardFrameworkResolution.targets".
       Overriding target "GetReferenceAssemblyPaths" in project "/usr/share/dotnet/sdk/8.0.415/Microsoft.Common.CurrentVersion.targets" with target "GetReferenceAssemblyPaths" from project "/usr/share/dotnet/sdk/8.0.415/Sdks/Microsoft.NET.Sdk/targets/Microsoft.NET.DisableStandardFrameworkResolution.targets".
       Overriding target "ResolveFrameworkReferences" in project "/usr/share/dotnet/sdk/8.0.415/Microsoft.Common.CurrentVersion.targets" with target "ResolveFrameworkReferences" from project "/usr/share/dotnet/sdk/8.0.415/Sdks/Microsoft.NET.Sdk/targets/Microsoft.NET.Sdk.FrameworkReferenceResolution.targets".
       Overriding target "Run" in project "/usr/share/dotnet/sdk/8.0.415/Microsoft.Common.CurrentVersion.targets" with target "Run" from project "/usr/share/dotnet/sdk/8.0.415/Sdks/Microsoft.NET.Sdk/targets/Microsoft.NET.Sdk.targets".
       Property reassignment: $(PrepareForRunDependsOn)="StaticWebAssetsPrepareForRun;
             CopyFilesToOutputDirectory
           " (previous value: "
             CopyFilesToOutputDirectory
           ") at /usr/share/dotnet/sdk/8.0.415/Sdks/Microsoft.NET.Sdk.StaticWebAssets/targets/Microsoft.NET.Sdk.StaticWebAssets.targets (255,5)
       Overriding target "DesignerRuntimeImplementationProjectOutputGroup" in project "/usr/share/dotnet/sdk/8.0.415/Microsoft.Common.CurrentVersion.targets" with target "DesignerRuntimeImplementationProjectOutputGroup" from project "/usr/share/dotnet/sdk/8.0.415/Sdks/Microsoft.NET.Sdk/targets/Microsoft.NET.DesignerSupport.targets".
       Overriding target "GetFrameworkPaths" in project "/usr/share/dotnet/sdk/8.0.415/Microsoft.Common.CurrentVersion.targets" with target "GetFrameworkPaths" from project "/usr/share/dotnet/sdk/8.0.415/Sdks/Microsoft.NET.Sdk/targets/Microsoft.NET.DisableStandardFrameworkResolution.targets".
       Overriding target "Run" in project "/usr/share/dotnet/sdk/8.0.415/Microsoft.Common.CurrentVersion.targets" with target "Run" from project "/usr/share/dotnet/sdk/8.0.415/Sdks/Microsoft.NET.Sdk/targets/Microsoft.NET.Sdk.targets".
       Overriding target "GenerateSupportedTargetFrameworkAlias" in project "/usr/share/dotnet/sdk/8.0.415/Microsoft.Common.CurrentVersion.targets" with target "GenerateSupportedTargetFrameworkAlias" from project "/usr/share/dotnet/sdk/8.0.415/Sdks/Microsoft.NET.Sdk/targets/Microsoft.NET.Sdk.targets".
       Overriding target "Publish" in project "/usr/share/dotnet/sdk/8.0.415/Microsoft.Common.CurrentVersion.targets" with target "Publish" from project "/usr/share/dotnet/sdk/8.0.415/Sdks/Microsoft.NET.Sdk/targets/Microsoft.NET.Publish.targets".
       Overriding target "GetReferenceAssemblyPaths" in project "/usr/share/dotnet/sdk/8.0.415/Microsoft.Common.CurrentVersion.targets" with target "GetReferenceAssemblyPaths" from project "/usr/share/dotnet/sdk/8.0.415/Sdks/Microsoft.NET.Sdk/targets/Microsoft.NET.DisableStandardFrameworkResolution.targets".
       Overriding target "GenerateSupportedTargetFrameworkAlias" in project "/usr/share/dotnet/sdk/8.0.415/Microsoft.Common.CurrentVersion.targets" with target "GenerateSupportedTargetFrameworkAlias" from project "/usr/share/dotnet/sdk/8.0.415/Sdks/Microsoft.NET.Sdk/targets/Microsoft.NET.Sdk.targets".
       Overriding target "DesignerRuntimeImplementationProjectOutputGroup" in project "/usr/share/dotnet/sdk/8.0.415/Microsoft.Common.CurrentVersion.targets" with target "DesignerRuntimeImplementationProjectOutputGroup" from project "/usr/share/dotnet/sdk/8.0.415/Sdks/Microsoft.NET.Sdk/targets/Microsoft.NET.DesignerSupport.targets".
       Property reassignment: $(_GenerateRuntimeConfigurationPropertyInputsCache)="/home/saidul/Desktop/K-Chief Marine Automation Platform/src/KChief.DataAccess/obj/Release/net8.0/KChief.DataAccess.genruntimeconfig.cache" (previous value: "obj\Release/net8.0/KChief.DataAccess.genruntimeconfig.cache") at /usr/share/dotnet/sdk/8.0.415/Sdks/Microsoft.NET.Sdk/targets/Microsoft.NET.Sdk.targets (44,5)
       Property reassignment: $(GetCopyToOutputDirectoryItemsDependsOn)="
             AssignTargetPaths;
             
             AssignProjectConfiguration;
             _SplitProjectReferencesByFileExistence
           ;
             _GetProjectReferenceTargetFrameworkProperties;
             _PopulateCommonStateForGetCopyToOutputDirectoryItems
           ;AddStaticWebAssetsManifest" (previous value: "
             AssignTargetPaths;
             
             AssignProjectConfiguration;
             _SplitProjectReferencesByFileExistence
           ;
             _GetProjectReferenceTargetFrameworkProperties;
             _PopulateCommonStateForGetCopyToOutputDirectoryItems
           ") at /usr/share/dotnet/sdk/8.0.415/Sdks/Microsoft.NET.Sdk.StaticWebAssets/targets/Microsoft.NET.Sdk.StaticWebAssets.targets (266,5)
       Property reassignment: $(_GenerateRuntimeConfigurationPropertyInputsCache)="/home/saidul/Desktop/K-Chief Marine Automation Platform/src/KChief.AlarmSystem/obj/Release/net8.0/KChief.AlarmSystem.genruntimeconfig.cache" (previous value: "obj\Release/net8.0/KChief.AlarmSystem.genruntimeconfig.cache") at /usr/share/dotnet/sdk/8.0.415/Sdks/Microsoft.NET.Sdk/targets/Microsoft.NET.Sdk.targets (44,5)
       Overriding target "GetFrameworkPaths" in project "/usr/share/dotnet/sdk/8.0.415/Microsoft.Common.CurrentVersion.targets" with target "GetFrameworkPaths" from project "/usr/share/dotnet/sdk/8.0.415/Sdks/Microsoft.NET.Sdk/targets/Microsoft.NET.DisableStandardFrameworkResolution.targets".
       Overriding target "ResolveReadyToRunCompilers" in project "/usr/share/dotnet/sdk/8.0.415/Sdks/Microsoft.NET.Sdk/targets/Microsoft.NET.CrossGen.targets" with target "ResolveReadyToRunCompilers" from project "/usr/share/dotnet/sdk/8.0.415/Sdks/Microsoft.NET.Sdk/targets/Microsoft.NET.Publish.targets".
       Overriding target "Publish" in project "/usr/share/dotnet/sdk/8.0.415/Microsoft.Common.CurrentVersion.targets" with target "Publish" from project "/usr/share/dotnet/sdk/8.0.415/Sdks/Microsoft.NET.Sdk/targets/Microsoft.NET.Publish.targets".
       Overriding target "GetReferenceAssemblyPaths" in project "/usr/share/dotnet/sdk/8.0.415/Microsoft.Common.CurrentVersion.targets" with target "GetReferenceAssemblyPaths" from project "/usr/share/dotnet/sdk/8.0.415/Sdks/Microsoft.NET.Sdk/targets/Microsoft.NET.DisableStandardFrameworkResolution.targets".
       Property reassignment: $(GenerateNuspecDependsOn)="
             IncludeStaticWebAssetsPackItems;
             Build;_LoadPackInputItems; _GetTargetFrameworksOutput; _WalkEachTargetPerFramework; _GetPackageFiles; ;
           " (previous value: "Build;_LoadPackInputItems; _GetTargetFrameworksOutput; _WalkEachTargetPerFramework; _GetPackageFiles; ") at /usr/share/dotnet/sdk/8.0.415/Sdks/Microsoft.NET.Sdk.StaticWebAssets/targets/Microsoft.NET.Sdk.StaticWebAssets.Pack.targets (41,5)
       Overriding target "DesignerRuntimeImplementationProjectOutputGroup" in project "/usr/share/dotnet/sdk/8.0.415/Microsoft.Common.CurrentVersion.targets" with target "DesignerRuntimeImplementationProjectOutputGroup" from project "/usr/share/dotnet/sdk/8.0.415/Sdks/Microsoft.NET.Sdk/targets/Microsoft.NET.DesignerSupport.targets".
       Overriding target "ResolveReadyToRunCompilers" in project "/usr/share/dotnet/sdk/8.0.415/Sdks/Microsoft.NET.Sdk/targets/Microsoft.NET.CrossGen.targets" with target "ResolveReadyToRunCompilers" from project "/usr/share/dotnet/sdk/8.0.415/Sdks/Microsoft.NET.Sdk/targets/Microsoft.NET.Publish.targets".
       Overriding target "GetFrameworkPaths" in project "/usr/share/dotnet/sdk/8.0.415/Microsoft.Common.CurrentVersion.targets" with target "GetFrameworkPaths" from project "/usr/share/dotnet/sdk/8.0.415/Sdks/Microsoft.NET.Sdk/targets/Microsoft.NET.DisableStandardFrameworkResolution.targets".
       Overriding target "GetCopyToPublishDirectoryItems" in project "/usr/share/dotnet/sdk/8.0.415/Microsoft.Common.CurrentVersion.targets" with target "GetCopyToPublishDirectoryItems" from project "/usr/share/dotnet/sdk/8.0.415/Sdks/Microsoft.NET.Sdk/targets/Microsoft.NET.Publish.targets".
       Overriding target "Publish" in project "/usr/share/dotnet/sdk/8.0.415/Microsoft.Common.CurrentVersion.targets" with target "Publish" from project "/usr/share/dotnet/sdk/8.0.415/Sdks/Microsoft.NET.Sdk/targets/Microsoft.NET.Publish.targets".
       Property reassignment: $(IncludeStaticWebAssetsPackItemsDependsOn)="
             Build;
             ResolveStaticWebAssetsConfiguration;LoadStaticWebAssetsBuildManifest
           ;
           " (previous value: "
             ResolveStaticWebAssetsConfiguration;LoadStaticWebAssetsBuildManifest
           ") at /usr/share/dotnet/sdk/8.0.415/Sdks/Microsoft.NET.Sdk.StaticWebAssets/targets/Microsoft.NET.Sdk.StaticWebAssets.Pack.targets (50,5)
       Overriding target "GetCopyToPublishDirectoryItems" in project "/usr/share/dotnet/sdk/8.0.415/Microsoft.Common.CurrentVersion.targets" with target "GetCopyToPublishDirectoryItems" from project "/usr/share/dotnet/sdk/8.0.415/Sdks/Microsoft.NET.Sdk/targets/Microsoft.NET.Publish.targets".
       Overriding target "DesignerRuntimeImplementationProjectOutputGroup" in project "/usr/share/dotnet/sdk/8.0.415/Microsoft.Common.CurrentVersion.targets" with target "DesignerRuntimeImplementationProjectOutputGroup" from project "/usr/share/dotnet/sdk/8.0.415/Sdks/Microsoft.NET.Sdk/targets/Microsoft.NET.DesignerSupport.targets".
       Property reassignment: $(_GeneratePublishDependencyFilePropertyInputsCache)="/home/saidul/Desktop/K-Chief Marine Automation Platform/src/KChief.DataAccess/obj/Release/net8.0/KChief.DataAccess.genpublishdeps.cache" (previous value: "obj\Release/net8.0/KChief.DataAccess.genpublishdeps.cache") at /usr/share/dotnet/sdk/8.0.415/Sdks/Microsoft.NET.Sdk/targets/Microsoft.NET.Sdk.targets (46,5)
       Property reassignment: $(_GeneratePublishDependencyFilePropertyInputsCache)="/home/saidul/Desktop/K-Chief Marine Automation Platform/src/KChief.AlarmSystem/obj/Release/net8.0/KChief.AlarmSystem.genpublishdeps.cache" (previous value: "obj\Release/net8.0/KChief.AlarmSystem.genpublishdeps.cache") at /usr/share/dotnet/sdk/8.0.415/Sdks/Microsoft.NET.Sdk/targets/Microsoft.NET.Sdk.targets (46,5)
       Overriding target "ResolveReadyToRunCompilers" in project "/usr/share/dotnet/sdk/8.0.415/Sdks/Microsoft.NET.Sdk/targets/Microsoft.NET.CrossGen.targets" with target "ResolveReadyToRunCompilers" from project "/usr/share/dotnet/sdk/8.0.415/Sdks/Microsoft.NET.Sdk/targets/Microsoft.NET.Publish.targets".
       Overriding target "Publish" in project "/usr/share/dotnet/sdk/8.0.415/Microsoft.Common.CurrentVersion.targets" with target "Publish" from project "/usr/share/dotnet/sdk/8.0.415/Sdks/Microsoft.NET.Sdk/targets/Microsoft.NET.Publish.targets".
       Property reassignment: $(ResolveStaticWebAssetsInputsDependsOn)="
           UpdateExistingPackageStaticWebAssets;ResolveProjectStaticWebAssets;ResolveEmbeddedProjectsStaticWebAssets;ResolveReferencedProjectsStaticWebAssets;;
           UpdateLegacyPackageScopedCssBundles;
           _AddScopedCssBundles;
         " (previous value: "UpdateExistingPackageStaticWebAssets;ResolveProjectStaticWebAssets;ResolveEmbeddedProjectsStaticWebAssets;ResolveReferencedProjectsStaticWebAssets;") at /usr/share/dotnet/sdk/8.0.415/Sdks/Microsoft.NET.Sdk.StaticWebAssets/targets/Microsoft.NET.Sdk.StaticWebAssets.ScopedCss.targets (55,3)
       Overriding target "GetCopyToPublishDirectoryItems" in project "/usr/share/dotnet/sdk/8.0.415/Microsoft.Common.CurrentVersion.targets" with target "GetCopyToPublishDirectoryItems" from project "/usr/share/dotnet/sdk/8.0.415/Sdks/Microsoft.NET.Sdk/targets/Microsoft.NET.Publish.targets".
       Overriding target "ResolveReadyToRunCompilers" in project "/usr/share/dotnet/sdk/8.0.415/Sdks/Microsoft.NET.Sdk/targets/Microsoft.NET.CrossGen.targets" with target "ResolveReadyToRunCompilers" from project "/usr/share/dotnet/sdk/8.0.415/Sdks/Microsoft.NET.Sdk/targets/Microsoft.NET.Publish.targets".
       Overriding target "GetCopyToPublishDirectoryItems" in project "/usr/share/dotnet/sdk/8.0.415/Microsoft.Common.CurrentVersion.targets" with target "GetCopyToPublishDirectoryItems" from project "/usr/share/dotnet/sdk/8.0.415/Sdks/Microsoft.NET.Sdk/targets/Microsoft.NET.Publish.targets".
       Property reassignment: $(_GenerateSingleFileBundlePropertyInputsCache)="/home/saidul/Desktop/K-Chief Marine Automation Platform/src/KChief.DataAccess/obj/Release/net8.0/KChief.DataAccess.genbundle.cache" (previous value: "obj\Release/net8.0/KChief.DataAccess.genbundle.cache") at /usr/share/dotnet/sdk/8.0.415/Sdks/Microsoft.NET.Sdk/targets/Microsoft.NET.Sdk.targets (48,5)
       Property reassignment: $(GenerateComputedBuildStaticWebAssetsDependsOn)="
           ;
           _ResolveBundlingConfiguration;
           _GenerateScopedCssFiles;
           BundleScopedCssFiles;
         " (previous value: "") at /usr/share/dotnet/sdk/8.0.415/Sdks/Microsoft.NET.Sdk.StaticWebAssets/targets/Microsoft.NET.Sdk.StaticWebAssets.ScopedCss.targets (61,3)
       Property reassignment: $(_GenerateSingleFileBundlePropertyInputsCache)="/home/saidul/Desktop/K-Chief Marine Automation Platform/src/KChief.AlarmSystem/obj/Release/net8.0/KChief.AlarmSystem.genbundle.cache" (previous value: "obj\Release/net8.0/KChief.AlarmSystem.genbundle.cache") at /usr/share/dotnet/sdk/8.0.415/Sdks/Microsoft.NET.Sdk/targets/Microsoft.NET.Sdk.targets (48,5)
       Property reassignment: $(ResolveStaticWebAssetsInputsDependsOn)="
             
           UpdateExistingPackageStaticWebAssets;ResolveProjectStaticWebAssets;ResolveEmbeddedProjectsStaticWebAssets;ResolveReferencedProjectsStaticWebAssets;;
           UpdateLegacyPackageScopedCssBundles;
           _AddScopedCssBundles;
         ;
             _AddJsModulesToStaticWebAssets;
           " (previous value: "
           UpdateExistingPackageStaticWebAssets;ResolveProjectStaticWebAssets;ResolveEmbeddedProjectsStaticWebAssets;ResolveReferencedProjectsStaticWebAssets;;
           UpdateLegacyPackageScopedCssBundles;
           _AddScopedCssBundles;
         ") at /usr/share/dotnet/sdk/8.0.415/Sdks/Microsoft.NET.Sdk.StaticWebAssets/targets/Microsoft.NET.Sdk.StaticWebAssets.JSModules.targets (36,5)
       Property reassignment: $(GenerateRuntimeConfigDevFile)="false" (previous value: "true") at /usr/share/dotnet/sdk/8.0.415/Sdks/Microsoft.NET.Sdk/targets/Microsoft.NET.Sdk.targets (81,5)
       Property reassignment: $(_ShimInputCacheFile)="/home/saidul/Desktop/K-Chief Marine Automation Platform/src/KChief.Protocols.Modbus/obj/Release/net8.0/KChief.Protocols.Modbus.shiminput.cache" (previous value: "obj\Release/net8.0/KChief.Protocols.Modbus.shiminput.cache") at /usr/share/dotnet/sdk/8.0.415/Sdks/Microsoft.NET.Sdk/targets/Microsoft.NET.PackTool.targets (137,5)
       Property reassignment: $(GenerateRuntimeConfigDevFile)="false" (previous value: "true") at /usr/share/dotnet/sdk/8.0.415/Sdks/Microsoft.NET.Sdk/targets/Microsoft.NET.Sdk.targets (81,5)
       Property reassignment: $(StaticWebAssetsPrepareForRunDependsOn)="
             ;GenerateStaticWebAssetsManifest;GenerateComputedBuildStaticWebAssets;CopyStaticWebAssetsToOutputDirectory;
             _GenerateBuildJsModuleManifest;
           " (previous value: ";GenerateStaticWebAssetsManifest;GenerateComputedBuildStaticWebAssets;CopyStaticWebAssetsToOutputDirectory") at /usr/share/dotnet/sdk/8.0.415/Sdks/Microsoft.NET.Sdk.StaticWebAssets/targets/Microsoft.NET.Sdk.StaticWebAssets.JSModules.targets (44,5)
       Property reassignment: $(StaticWebAssetsPrepareForPublishDependsOn)="
             ;ResolveStaticWebAssetsConfiguration;GenerateStaticWebAssetsPublishManifest;GenerateComputedPublishStaticWebAssets;
             _GeneratePublishJsModuleManifest;
           " (previous value: ";ResolveStaticWebAssetsConfiguration;GenerateStaticWebAssetsPublishManifest;GenerateComputedPublishStaticWebAssets") at /usr/share/dotnet/sdk/8.0.415/Sdks/Microsoft.NET.Sdk.StaticWebAssets/targets/Microsoft.NET.Sdk.StaticWebAssets.JSModules.targets (49,5)
       Property 'HOME' with value '/home/saidul' expanded from the environment.
       Property 'HOME' with value '/home/saidul' expanded from the environment.
       Property reassignment: $(_ShimCreatedSentinelFile)="/home/saidul/Desktop/K-Chief Marine Automation Platform/src/KChief.Protocols.Modbus/obj/Release/net8.0/KChief.Protocols.Modbus.shimcreated.sentinel" (previous value: "obj\Release/net8.0/KChief.Protocols.Modbus.shimcreated.sentinel") at /usr/share/dotnet/sdk/8.0.415/Sdks/Microsoft.NET.Sdk/targets/Microsoft.NET.PackTool.targets (139,5)
       Property reassignment: $(ResolveStaticWebAssetsInputsDependsOn)="
             
             
           UpdateExistingPackageStaticWebAssets;ResolveProjectStaticWebAssets;ResolveEmbeddedProjectsStaticWebAssets;ResolveReferencedProjectsStaticWebAssets;;
           UpdateLegacyPackageScopedCssBundles;
           _AddScopedCssBundles;
         ;
             _AddJsModulesToStaticWebAssets;
           ;
             _AddBuildJsModuleManifest;
           " (previous value: "
             
           UpdateExistingPackageStaticWebAssets;ResolveProjectStaticWebAssets;ResolveEmbeddedProjectsStaticWebAssets;ResolveReferencedProjectsStaticWebAssets;;
           UpdateLegacyPackageScopedCssBundles;
           _AddScopedCssBundles;
         ;
             _AddJsModulesToStaticWebAssets;
           ") at /usr/share/dotnet/sdk/8.0.415/Sdks/Microsoft.NET.Sdk.StaticWebAssets/targets/Microsoft.NET.Sdk.StaticWebAssets.JSModules.targets (54,5)
       Property reassignment: $(DefineConstants)="TRACE;RELEASE" (previous value: "TRACE") at /usr/share/dotnet/sdk/8.0.415/Sdks/Microsoft.NET.Sdk/targets/Microsoft.NET.Sdk.CSharp.targets (31,5)
       Property reassignment: $(ResolvePublishStaticWebAssetsDependsOn)="
             LoadStaticWebAssetsBuildManifest;ComputeReferencedProjectsEmbeddedPublishAssets;ComputeReferencedProjectsPublishAssets;;
             _AddPublishJsModuleManifest
           " (previous value: "LoadStaticWebAssetsBuildManifest;ComputeReferencedProjectsEmbeddedPublishAssets;ComputeReferencedProjectsPublishAssets;") at /usr/share/dotnet/sdk/8.0.415/Sdks/Microsoft.NET.Sdk.StaticWebAssets/targets/Microsoft.NET.Sdk.StaticWebAssets.JSModules.targets (59,5)
       Property reassignment: $(_DefaultUserProfileRuntimeStorePath)="/home/saidul/.dotnet/store" (previous value: "/home/saidul") at /usr/share/dotnet/sdk/8.0.415/Sdks/Microsoft.NET.Sdk/targets/Microsoft.NET.Sdk.targets (98,5)
       Property reassignment: $(DefineConstants)="TRACE;RELEASE;NET;NET8_0;NETCOREAPP" (previous value: "TRACE;RELEASE") at /usr/share/dotnet/sdk/8.0.415/Sdks/Microsoft.NET.Sdk/targets/Microsoft.NET.Sdk.CSharp.targets (34,5)
       Property reassignment: $(_DefaultUserProfileRuntimeStorePath)="/home/saidul/.dotnet/store" (previous value: "/home/saidul") at /usr/share/dotnet/sdk/8.0.415/Sdks/Microsoft.NET.Sdk/targets/Microsoft.NET.Sdk.targets (98,5)
       Property reassignment: $(WarningsAsErrors)=";NU1605;SYSLIB0011" (previous value: ";NU1605") at /usr/share/dotnet/sdk/8.0.415/Sdks/Microsoft.NET.Sdk/targets/Microsoft.NET.Sdk.CSharp.targets (48,5)
       Property reassignment: $(GenerateComputedBuildStaticWebAssetsDependsOn)="
             
           ;
           _ResolveBundlingConfiguration;
           _GenerateScopedCssFiles;
           BundleScopedCssFiles;
         ;
             _CompressFiles;
           " (previous value: "
           ;
           _ResolveBundlingConfiguration;
           _GenerateScopedCssFiles;
           BundleScopedCssFiles;
         ") at /usr/share/dotnet/sdk/8.0.415/Sdks/Microsoft.NET.Sdk.StaticWebAssets/targets/Microsoft.NET.Sdk.StaticWebAssets.Compression.targets (35,5)
       Property reassignment: $(PackageDescription)="Package Description" (previous value: "") at /usr/share/dotnet/sdk/8.0.415/Sdks/NuGet.Build.Tasks.Pack/build/NuGet.Build.Tasks.Pack.targets (34,5)
       Property reassignment: $(GenerateComputedPublishStaticWebAssetsDependsOn)="
             ;
             _CompressFilesForPublish;
           " (previous value: "") at /usr/share/dotnet/sdk/8.0.415/Sdks/Microsoft.NET.Sdk.StaticWebAssets/targets/Microsoft.NET.Sdk.StaticWebAssets.Compression.targets (39,5)
       Property reassignment: $(AvailablePlatforms)="Any CPU,x86,x64,ARM32" (previous value: "Any CPU,x86,x64") at /usr/share/dotnet/sdk/8.0.415/Sdks/Microsoft.NET.Sdk/targets/Microsoft.NET.Sdk.targets (136,5)
       Property reassignment: $(AvailablePlatforms)="Any CPU,x86,x64,ARM32" (previous value: "Any CPU,x86,x64") at /usr/share/dotnet/sdk/8.0.415/Sdks/Microsoft.NET.Sdk/targets/Microsoft.NET.Sdk.targets (136,5)
       Property reassignment: $(GenerateNuspecDependsOn)="Build;_LoadPackInputItems; _GetTargetFrameworksOutput; _WalkEachTargetPerFramework; _GetPackageFiles; " (previous value: "_LoadPackInputItems; _GetTargetFrameworksOutput; _WalkEachTargetPerFramework; _GetPackageFiles; ") at /usr/share/dotnet/sdk/8.0.415/Sdks/NuGet.Build.Tasks.Pack/build/NuGet.Build.Tasks.Pack.targets (59,5)
       Property reassignment: $(StaticWebAssetsPrepareForPublishDependsOn)="
             
             ;ResolveStaticWebAssetsConfiguration;GenerateStaticWebAssetsPublishManifest;GenerateComputedPublishStaticWebAssets;
             _GeneratePublishJsModuleManifest;
           ;
             _CompressFilesForPublish;
           " (previous value: "
             ;ResolveStaticWebAssetsConfiguration;GenerateStaticWebAssetsPublishManifest;GenerateComputedPublishStaticWebAssets;
             _GeneratePublishJsModuleManifest;
           ") at /usr/share/dotnet/sdk/8.0.415/Sdks/Microsoft.NET.Sdk.StaticWebAssets/targets/Microsoft.NET.Sdk.StaticWebAssets.Compression.targets (43,5)
       Property reassignment: $(_IsNotSetContainersTargetsDir)="true" (previous value: "false") at /usr/share/dotnet/sdk/8.0.415/Sdks/Microsoft.NET.Sdk/Sdk/Sdk.targets (59,5)
       Property reassignment: $(ResolveStaticWebAssetsInputsDependsOn)="
             
             
             
           UpdateExistingPackageStaticWebAssets;ResolveProjectStaticWebAssets;ResolveEmbeddedProjectsStaticWebAssets;ResolveReferencedProjectsStaticWebAssets;;
           UpdateLegacyPackageScopedCssBundles;
           _AddScopedCssBundles;
         ;
             _AddJsModulesToStaticWebAssets;
           ;
             _AddBuildJsModuleManifest;
           ;
             _ResolveCompressedFiles;
           " (previous value: "
             
             
           UpdateExistingPackageStaticWebAssets;ResolveProjectStaticWebAssets;ResolveEmbeddedProjectsStaticWebAssets;ResolveReferencedProjectsStaticWebAssets;;
           UpdateLegacyPackageScopedCssBundles;
           _AddScopedCssBundles;
         ;
             _AddJsModulesToStaticWebAssets;
           ;
             _AddBuildJsModuleManifest;
           ") at /usr/share/dotnet/sdk/8.0.415/Sdks/Microsoft.NET.Sdk.StaticWebAssets/targets/Microsoft.NET.Sdk.StaticWebAssets.Compression.targets (47,5)
       Property reassignment: $(_IsSDKContainerAllowedVersion)="true" (previous value: "false") at /usr/share/dotnet/sdk/8.0.415/Containers/build/Microsoft.NET.Build.Containers.targets (5,5)
       Property reassignment: $(AvailablePlatforms)="Any CPU,x86,x64,ARM32,ARM64" (previous value: "Any CPU,x86,x64,ARM32") at /usr/share/dotnet/sdk/8.0.415/Sdks/Microsoft.NET.Sdk/targets/Microsoft.NET.Sdk.targets (140,5)
       Property reassignment: $(ResolvePublishStaticWebAssetsDependsOn)="
             
             LoadStaticWebAssetsBuildManifest;ComputeReferencedProjectsEmbeddedPublishAssets;ComputeReferencedProjectsPublishAssets;;
             _AddPublishJsModuleManifest
           ;
             _ResolveCompressedFilesForPublish;
           " (previous value: "
             LoadStaticWebAssetsBuildManifest;ComputeReferencedProjectsEmbeddedPublishAssets;ComputeReferencedProjectsPublishAssets;;
             _AddPublishJsModuleManifest
           ") at /usr/share/dotnet/sdk/8.0.415/Sdks/Microsoft.NET.Sdk.StaticWebAssets/targets/Microsoft.NET.Sdk.StaticWebAssets.Compression.targets (51,5)
       Property reassignment: $(AvailablePlatforms)="Any CPU,x86,x64,ARM32,ARM64" (previous value: "Any CPU,x86,x64,ARM32") at /usr/share/dotnet/sdk/8.0.415/Sdks/Microsoft.NET.Sdk/targets/Microsoft.NET.Sdk.targets (140,5)
       Property reassignment: $(_ContainerIsTargetingNet8TFM)="true" (previous value: "false") at /usr/share/dotnet/sdk/8.0.415/Containers/build/Microsoft.NET.Build.Containers.targets (15,5)
       Property reassignment: $(ResolveScopedCssOutputsDependsOn)="
             
           ;
         ;
             ResolveCssScopes;
           " (previous value: "
           ;
         ") at /usr/share/dotnet/sdk/8.0.415/Sdks/Microsoft.NET.Sdk.Razor/targets/Sdk.Razor.CurrentVersion.targets (188,5)
       Overriding target "ResolveFrameworkReferences" in project "/usr/share/dotnet/sdk/8.0.415/Microsoft.Common.CurrentVersion.targets" with target "ResolveFrameworkReferences" from project "/usr/share/dotnet/sdk/8.0.415/Sdks/Microsoft.NET.Sdk/targets/Microsoft.NET.Sdk.FrameworkReferenceResolution.targets".
       Property reassignment: $(DebugSymbolsProjectOutputGroupDependsOn)="
             ;
             _RazorAddDebugSymbolsProjectOutputGroupOutput
           " (previous value: "") at /usr/share/dotnet/sdk/8.0.415/Sdks/Microsoft.NET.Sdk.Razor/targets/Sdk.Razor.CurrentVersion.targets (193,5)
       Property reassignment: $(CoreBuildDependsOn)="
             _CheckForBuildWithNoBuild;
             
             BuildOnlySettings;
             PrepareForBuild;
             PreBuildEvent;
             ResolveReferences;
             PrepareResources;
             ResolveKeySource;
             Compile;
             ExportWindowsMDFile;
             UnmanagedUnregistration;
             GenerateSerializationAssemblies;
             CreateSatelliteAssemblies;
             GenerateManifests;
             GetTargetPath;
             PrepareForRun;
             UnmanagedRegistration;
             IncrementalClean;
             PostBuildEvent
           ;
             GenerateBuildDependencyFile;
             GenerateBuildRuntimeConfigurationFiles
           " (previous value: "
             BuildOnlySettings;
             PrepareForBuild;
             PreBuildEvent;
             ResolveReferences;
             PrepareResources;
             ResolveKeySource;
             Compile;
             ExportWindowsMDFile;
             UnmanagedUnregistration;
             GenerateSerializationAssemblies;
             CreateSatelliteAssemblies;
             GenerateManifests;
             GetTargetPath;
             PrepareForRun;
             UnmanagedRegistration;
             IncrementalClean;
             PostBuildEvent
           ") at /usr/share/dotnet/sdk/8.0.415/Sdks/Microsoft.NET.Sdk/targets/Microsoft.NET.Sdk.targets (197,5)
       Overriding target "Run" in project "/usr/share/dotnet/sdk/8.0.415/Microsoft.Common.CurrentVersion.targets" with target "Run" from project "/usr/share/dotnet/sdk/8.0.415/Sdks/Microsoft.NET.Sdk/targets/Microsoft.NET.Sdk.targets".
       Property reassignment: $(PrepareForBuildDependsOn)="
             ;GetFrameworkPaths;GetReferenceAssemblyPaths;AssignLinkMetadata;
             ResolveRazorGenerateInputs
           " (previous value: ";GetFrameworkPaths;GetReferenceAssemblyPaths;AssignLinkMetadata") at /usr/share/dotnet/sdk/8.0.415/Sdks/Microsoft.NET.Sdk.Razor/targets/Sdk.Razor.CurrentVersion.targets (198,5)
       Property reassignment: $(CoreBuildDependsOn)="
             _CheckForBuildWithNoBuild;
             
             BuildOnlySettings;
             PrepareForBuild;
             PreBuildEvent;
             ResolveReferences;
             PrepareResources;
             ResolveKeySource;
             Compile;
             ExportWindowsMDFile;
             UnmanagedUnregistration;
             GenerateSerializationAssemblies;
             CreateSatelliteAssemblies;
             GenerateManifests;
             GetTargetPath;
             PrepareForRun;
             UnmanagedRegistration;
             IncrementalClean;
             PostBuildEvent
           ;
             GenerateBuildDependencyFile;
             GenerateBuildRuntimeConfigurationFiles
           " (previous value: "
             BuildOnlySettings;
             PrepareForBuild;
             PreBuildEvent;
             ResolveReferences;
             PrepareResources;
             ResolveKeySource;
             Compile;
             ExportWindowsMDFile;
             UnmanagedUnregistration;
             GenerateSerializationAssemblies;
             CreateSatelliteAssemblies;
             GenerateManifests;
             GetTargetPath;
             PrepareForRun;
             UnmanagedRegistration;
             IncrementalClean;
             PostBuildEvent
           ") at /usr/share/dotnet/sdk/8.0.415/Sdks/Microsoft.NET.Sdk/targets/Microsoft.NET.Sdk.targets (197,5)
       Property reassignment: $(GenerateNuspecDependsOn)="
             ResolveRazorGenerateInputs;
             
             IncludeStaticWebAssetsPackItems;
             Build;_LoadPackInputItems; _GetTargetFrameworksOutput; _WalkEachTargetPerFramework; _GetPackageFiles; ;
           
           " (previous value: "
             IncludeStaticWebAssetsPackItems;
             Build;_LoadPackInputItems; _GetTargetFrameworksOutput; _WalkEachTargetPerFramework; _GetPackageFiles; ;
           ") at /usr/share/dotnet/sdk/8.0.415/Sdks/Microsoft.NET.Sdk.Razor/targets/Sdk.Razor.CurrentVersion.targets (203,5)
       Property reassignment: $(CoreCleanDependsOn)="
             _SdkBeforeClean;
             
           " (previous value: "") at /usr/share/dotnet/sdk/8.0.415/Sdks/Microsoft.NET.Sdk/targets/Microsoft.NET.Sdk.targets (206,5)
       Overriding target "GenerateSupportedTargetFrameworkAlias" in project "/usr/share/dotnet/sdk/8.0.415/Microsoft.Common.CurrentVersion.targets" with target "GenerateSupportedTargetFrameworkAlias" from project "/usr/share/dotnet/sdk/8.0.415/Sdks/Microsoft.NET.Sdk/targets/Microsoft.NET.Sdk.targets".
       Property reassignment: $(PrepareForRunDependsOn)="
             _RazorPrepareForRun;
             StaticWebAssetsPrepareForRun;
             CopyFilesToOutputDirectory
           
           " (previous value: "StaticWebAssetsPrepareForRun;
             CopyFilesToOutputDirectory
           ") at /usr/share/dotnet/sdk/8.0.415/Sdks/Microsoft.NET.Sdk.Razor/targets/Sdk.Razor.CurrentVersion.targets (208,5)
       Property reassignment: $(CoreCleanDependsOn)="
             _SdkBeforeClean;
             
           " (previous value: "") at /usr/share/dotnet/sdk/8.0.415/Sdks/Microsoft.NET.Sdk/targets/Microsoft.NET.Sdk.targets (206,5)
       Overriding target "GetReferenceAssemblyPaths" in project "/usr/share/dotnet/sdk/8.0.415/Microsoft.Common.CurrentVersion.targets" with target "GetReferenceAssemblyPaths" from project "/usr/share/dotnet/sdk/8.0.415/Sdks/Microsoft.NET.Sdk/targets/Microsoft.NET.DisableStandardFrameworkResolution.targets".
       Overriding target "GetFrameworkPaths" in project "/usr/share/dotnet/sdk/8.0.415/Microsoft.Common.CurrentVersion.targets" with target "GetFrameworkPaths" from project "/usr/share/dotnet/sdk/8.0.415/Sdks/Microsoft.NET.Sdk/targets/Microsoft.NET.DisableStandardFrameworkResolution.targets".
       Property reassignment: $(UseRazorBuildServer)="true" (previous value: "") at /usr/share/dotnet/sdk/8.0.415/Sdks/Microsoft.NET.Sdk.Razor/targets/Sdk.Razor.CurrentVersion.targets (299,5)
       Property reassignment: $(RebuildDependsOn)="
             _SdkBeforeRebuild;
             
             BeforeRebuild;
             Clean;
             Build;
             AfterRebuild;
           
           " (previous value: "
             BeforeRebuild;
             Clean;
             Build;
             AfterRebuild;
           ") at /usr/share/dotnet/sdk/8.0.415/Sdks/Microsoft.NET.Sdk/targets/Microsoft.NET.Sdk.targets (213,5)
       Property reassignment: $(_RazorDebugSymbolsProduced)="true" (previous value: "false") at /usr/share/dotnet/sdk/8.0.415/Sdks/Microsoft.NET.Sdk.Razor/targets/Sdk.Razor.CurrentVersion.targets (305,5)
       Overriding target "DesignerRuntimeImplementationProjectOutputGroup" in project "/usr/share/dotnet/sdk/8.0.415/Microsoft.Common.CurrentVersion.targets" with target "DesignerRuntimeImplementationProjectOutputGroup" from project "/usr/share/dotnet/sdk/8.0.415/Sdks/Microsoft.NET.Sdk/targets/Microsoft.NET.DesignerSupport.targets".
       Property reassignment: $(RebuildDependsOn)="
             _SdkBeforeRebuild;
             
             BeforeRebuild;
             Clean;
             Build;
             AfterRebuild;
           
           " (previous value: "
             BeforeRebuild;
             Clean;
             Build;
             AfterRebuild;
           ") at /usr/share/dotnet/sdk/8.0.415/Sdks/Microsoft.NET.Sdk/targets/Microsoft.NET.Sdk.targets (213,5)
       Overriding target "Publish" in project "/usr/share/dotnet/sdk/8.0.415/Microsoft.Common.CurrentVersion.targets" with target "Publish" from project "/usr/share/dotnet/sdk/8.0.415/Sdks/Microsoft.NET.Sdk/targets/Microsoft.NET.Publish.targets".
       Property reassignment: $(GenerateRazorTargetAssemblyInfoDependsOn)="
             _ResolveMvcAssemblyAttributes;
             
             GetRazorTargetAssemblyAttributes;
             _CreateRazorTargetAssemblyInfoInputsCacheFile;
             CoreGenerateRazorTargetAssemblyInfo
           
           " (previous value: "
             GetRazorTargetAssemblyAttributes;
             _CreateRazorTargetAssemblyInfoInputsCacheFile;
             CoreGenerateRazorTargetAssemblyInfo
           ") at /usr/share/dotnet/sdk/8.0.415/Sdks/Microsoft.NET.Sdk.Razor/targets/Microsoft.NET.Sdk.Razor.GenerateAssemblyInfo.targets (36,5)
       Overriding target "ResolveReadyToRunCompilers" in project "/usr/share/dotnet/sdk/8.0.415/Sdks/Microsoft.NET.Sdk/targets/Microsoft.NET.CrossGen.targets" with target "ResolveReadyToRunCompilers" from project "/usr/share/dotnet/sdk/8.0.415/Sdks/Microsoft.NET.Sdk/targets/Microsoft.NET.Publish.targets".
       Property reassignment: $(CompileDependsOn)="
             
             ResolveReferences;
             ResolveKeySource;
             SetWin32ManifestProperties;
             _SetPreferNativeArm64Win32ManifestProperties;
             FindReferenceAssembliesForReferences;
             _GenerateCompileInputs;
             BeforeCompile;
             _TimeStampBeforeCompile;
             _GenerateCompileDependencyCache;
             CoreCompile;
             _TimeStampAfterCompile;
             AfterCompile;
           ;
             _CreateAppHost;
             _CreateComHost;
             _GetIjwHostPaths;
           " (previous value: "
             ResolveReferences;
             ResolveKeySource;
             SetWin32ManifestProperties;
             _SetPreferNativeArm64Win32ManifestProperties;
             FindReferenceAssembliesForReferences;
             _GenerateCompileInputs;
             BeforeCompile;
             _TimeStampBeforeCompile;
             _GenerateCompileDependencyCache;
             CoreCompile;
             _TimeStampAfterCompile;
             AfterCompile;
           ") at /usr/share/dotnet/sdk/8.0.415/Sdks/Microsoft.NET.Sdk/targets/Microsoft.NET.Sdk.targets (679,5)
       Property reassignment: $(CompileDependsOn)="
             
             ResolveReferences;
             ResolveKeySource;
             SetWin32ManifestProperties;
             _SetPreferNativeArm64Win32ManifestProperties;
             FindReferenceAssembliesForReferences;
             _GenerateCompileInputs;
             BeforeCompile;
             _TimeStampBeforeCompile;
             _GenerateCompileDependencyCache;
             CoreCompile;
             _TimeStampAfterCompile;
             AfterCompile;
           ;
             _CreateAppHost;
             _CreateComHost;
             _GetIjwHostPaths;
           " (previous value: "
             ResolveReferences;
             ResolveKeySource;
             SetWin32ManifestProperties;
             _SetPreferNativeArm64Win32ManifestProperties;
             FindReferenceAssembliesForReferences;
             _GenerateCompileInputs;
             BeforeCompile;
             _TimeStampBeforeCompile;
             _GenerateCompileDependencyCache;
             CoreCompile;
             _TimeStampAfterCompile;
             AfterCompile;
           ") at /usr/share/dotnet/sdk/8.0.415/Sdks/Microsoft.NET.Sdk/targets/Microsoft.NET.Sdk.targets (679,5)
       Overriding target "GetCopyToPublishDirectoryItems" in project "/usr/share/dotnet/sdk/8.0.415/Microsoft.Common.CurrentVersion.targets" with target "GetCopyToPublishDirectoryItems" from project "/usr/share/dotnet/sdk/8.0.415/Sdks/Microsoft.NET.Sdk/targets/Microsoft.NET.Publish.targets".
       Property reassignment: $(CoreCompileDependsOn)="
             ;_ComputeNonExistentFileProperty;ResolveCodeAnalysisRuleSet;
             _GenerateRazorAssemblyInfo
           " (previous value: ";_ComputeNonExistentFileProperty;ResolveCodeAnalysisRuleSet") at /usr/share/dotnet/sdk/8.0.415/Sdks/Microsoft.NET.Sdk.Razor/targets/Microsoft.NET.Sdk.Razor.GenerateAssemblyInfo.targets (181,5)
       Property reassignment: $(_GenerateRazorAssemblyInfoDependsOn)="
             _ResolveMvcAssemblyAttributes;
             RazorGetAssemblyAttributes;PrepareForBuild;_CoreGenerateRazorAssemblyInfo;
           " (previous value: "RazorGetAssemblyAttributes;PrepareForBuild;_CoreGenerateRazorAssemblyInfo") at /usr/share/dotnet/sdk/8.0.415/Sdks/Microsoft.NET.Sdk.Razor/targets/Microsoft.NET.Sdk.Razor.GenerateAssemblyInfo.targets (189,5)
       Property reassignment: $(CreateSatelliteAssembliesDependsOn)="
             
             ;
             _GenerateSatelliteAssemblyInputs;
             ComputeIntermediateSatelliteAssemblies;
             GenerateSatelliteAssemblies
           ;
             CoreGenerateSatelliteAssemblies
           " (previous value: "
             ;
             _GenerateSatelliteAssemblyInputs;
             ComputeIntermediateSatelliteAssemblies;
             GenerateSatelliteAssemblies
           ") at /usr/share/dotnet/sdk/8.0.415/Sdks/Microsoft.NET.Sdk/targets/Microsoft.NET.Sdk.targets (1065,5)
       Property reassignment: $(CreateSatelliteAssembliesDependsOn)="
             
             ;
             _GenerateSatelliteAssemblyInputs;
             ComputeIntermediateSatelliteAssemblies;
             GenerateSatelliteAssemblies
           ;
             CoreGenerateSatelliteAssemblies
           " (previous value: "
             ;
             _GenerateSatelliteAssemblyInputs;
             ComputeIntermediateSatelliteAssemblies;
             GenerateSatelliteAssemblies
           ") at /usr/share/dotnet/sdk/8.0.415/Sdks/Microsoft.NET.Sdk/targets/Microsoft.NET.Sdk.targets (1065,5)
       Property reassignment: $(CoreCompileDependsOn)="
             _DiscoverMvcApplicationParts;
             
             ;_ComputeNonExistentFileProperty;ResolveCodeAnalysisRuleSet;
             _GenerateRazorAssemblyInfo
           ;
           " (previous value: "
             ;_ComputeNonExistentFileProperty;ResolveCodeAnalysisRuleSet;
             _GenerateRazorAssemblyInfo
           ") at /usr/share/dotnet/sdk/8.0.415/Sdks/Microsoft.NET.Sdk.Razor/targets/Microsoft.NET.Sdk.Razor.MvcApplicationPartsDiscovery.targets (22,5)
       Property reassignment: $(RazorDesignTimeTargets)="/usr/share/dotnet/sdk/8.0.415/Sdks/Microsoft.NET.Sdk.Razor/targets/Microsoft.NET.Sdk.Razor.DesignTime.targets" (previous value: "/usr/share/dotnet/sdk/8.0.415/Microsoft/VisualStudio/Razor/Microsoft.NET.Sdk.Razor.DesignTime.targets") at /usr/share/dotnet/sdk/8.0.415/Sdks/Microsoft.NET.Sdk.Razor/targets/Sdk.Razor.CurrentVersion.targets (779,5)
       Property reassignment: $(SourceLinkUrlInitializerTargets)=";_InitializeGitHubSourceLinkUrl;_InitializeGitLabSourceLinkUrl" (previous value: ";_InitializeGitHubSourceLinkUrl") at /usr/share/dotnet/sdk/8.0.415/Sdks/Microsoft.SourceLink.GitLab/build/Microsoft.SourceLink.GitLab.targets (12,5)
       Property reassignment: $(SourceLinkUrlInitializerTargets)=";_InitializeGitHubSourceLinkUrl;_InitializeGitLabSourceLinkUrl" (previous value: ";_InitializeGitHubSourceLinkUrl") at /usr/share/dotnet/sdk/8.0.415/Sdks/Microsoft.SourceLink.GitLab/build/Microsoft.SourceLink.GitLab.targets (12,5)
       Property reassignment: $(RunWorkingDirectory)="/home/saidul/Desktop/K-Chief Marine Automation Platform/src/KChief.Platform.API" (previous value: "") at /usr/share/dotnet/sdk/8.0.415/Sdks/Microsoft.NET.Sdk.Web.ProjectSystem/targets/Microsoft.NET.Sdk.Web.ProjectSystem.targets (21,5)
       Property reassignment: $(PublishProfileImported)="true" (previous value: "false") at /usr/share/dotnet/sdk/8.0.415/Sdks/Microsoft.NET.Sdk.Publish/targets/Microsoft.NET.Sdk.Publish.targets (60,5)
       Property reassignment: $(SourceControlManagerUrlTranslationTargets)=";TranslateGitHubUrlsInSourceControlInformation;TranslateGitLabUrlsInSourceControlInformation" (previous value: ";TranslateGitHubUrlsInSourceControlInformation") at /usr/share/dotnet/sdk/8.0.415/Sdks/Microsoft.SourceLink.GitLab/build/Microsoft.SourceLink.GitLab.targets (13,5)
       Property reassignment: $(PublishConfiguration)="Release" (previous value: "") at /usr/share/dotnet/sdk/8.0.415/Sdks/Microsoft.NET.Sdk.Publish/targets/Microsoft.NET.Sdk.Publish.targets (81,5)
       Property reassignment: $(SourceControlManagerUrlTranslationTargets)=";TranslateGitHubUrlsInSourceControlInformation;TranslateGitLabUrlsInSourceControlInformation" (previous value: ";TranslateGitHubUrlsInSourceControlInformation") at /usr/share/dotnet/sdk/8.0.415/Sdks/Microsoft.SourceLink.GitLab/build/Microsoft.SourceLink.GitLab.targets (13,5)
       Property reassignment: $(BaseIntermediateOutputPath)="/home/saidul/Desktop/K-Chief Marine Automation Platform/src/KChief.Platform.API/obj/" (previous value: "obj\") at /usr/share/dotnet/sdk/8.0.415/Sdks/Microsoft.NET.Sdk.Publish/targets/Microsoft.NET.Sdk.Publish.targets (87,5)
       Property reassignment: $(SourceLinkUrlInitializerTargets)=";_InitializeGitHubSourceLinkUrl;_InitializeGitLabSourceLinkUrl;_InitializeAzureReposGitSourceLinkUrl" (previous value: ";_InitializeGitHubSourceLinkUrl;_InitializeGitLabSourceLinkUrl") at /usr/share/dotnet/sdk/8.0.415/Sdks/Microsoft.SourceLink.AzureRepos.Git/build/Microsoft.SourceLink.AzureRepos.Git.targets (12,5)
       Property reassignment: $(SourceLinkUrlInitializerTargets)=";_InitializeGitHubSourceLinkUrl;_InitializeGitLabSourceLinkUrl;_InitializeAzureReposGitSourceLinkUrl" (previous value: ";_InitializeGitHubSourceLinkUrl;_InitializeGitLabSourceLinkUrl") at /usr/share/dotnet/sdk/8.0.415/Sdks/Microsoft.SourceLink.AzureRepos.Git/build/Microsoft.SourceLink.AzureRepos.Git.targets (12,5)
       Property reassignment: $(SourceControlManagerUrlTranslationTargets)=";TranslateGitHubUrlsInSourceControlInformation;TranslateGitLabUrlsInSourceControlInformation;TranslateAzureReposGitUrlsInSourceControlInformation" (previous value: ";TranslateGitHubUrlsInSourceControlInformation;TranslateGitLabUrlsInSourceControlInformation") at /usr/share/dotnet/sdk/8.0.415/Sdks/Microsoft.SourceLink.AzureRepos.Git/build/Microsoft.SourceLink.AzureRepos.Git.targets (13,5)
       Property reassignment: $(SourceControlManagerUrlTranslationTargets)=";TranslateGitHubUrlsInSourceControlInformation;TranslateGitLabUrlsInSourceControlInformation;TranslateAzureReposGitUrlsInSourceControlInformation" (previous value: ";TranslateGitHubUrlsInSourceControlInformation;TranslateGitLabUrlsInSourceControlInformation") at /usr/share/dotnet/sdk/8.0.415/Sdks/Microsoft.SourceLink.AzureRepos.Git/build/Microsoft.SourceLink.AzureRepos.Git.targets (13,5)
       Property reassignment: $(SourceLinkUrlInitializerTargets)=";_InitializeGitHubSourceLinkUrl;_InitializeGitLabSourceLinkUrl;_InitializeAzureReposGitSourceLinkUrl;_InitializeBitbucketGitSourceLinkUrl" (previous value: ";_InitializeGitHubSourceLinkUrl;_InitializeGitLabSourceLinkUrl;_InitializeAzureReposGitSourceLinkUrl") at /usr/share/dotnet/sdk/8.0.415/Sdks/Microsoft.SourceLink.Bitbucket.Git/build/Microsoft.SourceLink.Bitbucket.Git.targets (12,5)
       Property reassignment: $(SourceLinkUrlInitializerTargets)=";_InitializeGitHubSourceLinkUrl;_InitializeGitLabSourceLinkUrl;_InitializeAzureReposGitSourceLinkUrl;_InitializeBitbucketGitSourceLinkUrl" (previous value: ";_InitializeGitHubSourceLinkUrl;_InitializeGitLabSourceLinkUrl;_InitializeAzureReposGitSourceLinkUrl") at /usr/share/dotnet/sdk/8.0.415/Sdks/Microsoft.SourceLink.Bitbucket.Git/build/Microsoft.SourceLink.Bitbucket.Git.targets (12,5)
       Property reassignment: $(SourceControlManagerUrlTranslationTargets)=";TranslateGitHubUrlsInSourceControlInformation;TranslateGitLabUrlsInSourceControlInformation;TranslateAzureReposGitUrlsInSourceControlInformation;TranslateBitbucketGitUrlsInSourceControlInformation" (previous value: ";TranslateGitHubUrlsInSourceControlInformation;TranslateGitLabUrlsInSourceControlInformation;TranslateAzureReposGitUrlsInSourceControlInformation") at /usr/share/dotnet/sdk/8.0.415/Sdks/Microsoft.SourceLink.Bitbucket.Git/build/Microsoft.SourceLink.Bitbucket.Git.targets (13,5)
       Property reassignment: $(SourceControlManagerUrlTranslationTargets)=";TranslateGitHubUrlsInSourceControlInformation;TranslateGitLabUrlsInSourceControlInformation;TranslateAzureReposGitUrlsInSourceControlInformation;TranslateBitbucketGitUrlsInSourceControlInformation" (previous value: ";TranslateGitHubUrlsInSourceControlInformation;TranslateGitLabUrlsInSourceControlInformation;TranslateAzureReposGitUrlsInSourceControlInformation") at /usr/share/dotnet/sdk/8.0.415/Sdks/Microsoft.SourceLink.Bitbucket.Git/build/Microsoft.SourceLink.Bitbucket.Git.targets (13,5)
       Property reassignment: $(DesignerRuntimeImplementationProjectOutputGroupDependsOn)="
             
             ;
             
             ;
             BuildOnlySettings;
             PrepareForBuild;
             AssignTargetPaths;
             ResolveReferences
           
           ;
             _GenerateDesignerDepsFile;
             _GenerateDesignerRuntimeConfigFile;
             GetCopyToOutputDirectoryItems;
             _GatherDesignerShadowCopyFiles;
           " (previous value: "
             ;
             
             ;
             BuildOnlySettings;
             PrepareForBuild;
             AssignTargetPaths;
             ResolveReferences
           
           ") at /usr/share/dotnet/sdk/8.0.415/Sdks/Microsoft.NET.Sdk/targets/Microsoft.NET.DesignerSupport.targets (21,5)
       Property reassignment: $(DesignerRuntimeImplementationProjectOutputGroupDependsOn)="
             
             ;
             
             ;
             BuildOnlySettings;
             PrepareForBuild;
             AssignTargetPaths;
             ResolveReferences
           
           ;
             _GenerateDesignerDepsFile;
             _GenerateDesignerRuntimeConfigFile;
             GetCopyToOutputDirectoryItems;
             _GatherDesignerShadowCopyFiles;
           " (previous value: "
             ;
             
             ;
             BuildOnlySettings;
             PrepareForBuild;
             AssignTargetPaths;
             ResolveReferences
           
           ") at /usr/share/dotnet/sdk/8.0.415/Sdks/Microsoft.NET.Sdk/targets/Microsoft.NET.DesignerSupport.targets (21,5)
       Property reassignment: $(_GenerateToolsSettingsFileCacheFile)="/home/saidul/Desktop/K-Chief Marine Automation Platform/src/KChief.AlarmSystem/obj/Release/net8.0/KChief.AlarmSystem.toolssettingsinput.cache" (previous value: "obj\Release/net8.0/KChief.AlarmSystem.toolssettingsinput.cache") at /usr/share/dotnet/sdk/8.0.415/Sdks/Microsoft.NET.Sdk/targets/Microsoft.NET.PackTool.targets (68,5)
       Property reassignment: $(_GenerateToolsSettingsFileCacheFile)="/home/saidul/Desktop/K-Chief Marine Automation Platform/src/KChief.DataAccess/obj/Release/net8.0/KChief.DataAccess.toolssettingsinput.cache" (previous value: "obj\Release/net8.0/KChief.DataAccess.toolssettingsinput.cache") at /usr/share/dotnet/sdk/8.0.415/Sdks/Microsoft.NET.Sdk/targets/Microsoft.NET.PackTool.targets (68,5)
       Property reassignment: $(_ShimInputCacheFile)="/home/saidul/Desktop/K-Chief Marine Automation Platform/src/KChief.AlarmSystem/obj/Release/net8.0/KChief.AlarmSystem.shiminput.cache" (previous value: "obj\Release/net8.0/KChief.AlarmSystem.shiminput.cache") at /usr/share/dotnet/sdk/8.0.415/Sdks/Microsoft.NET.Sdk/targets/Microsoft.NET.PackTool.targets (137,5)
       Property reassignment: $(_ShimInputCacheFile)="/home/saidul/Desktop/K-Chief Marine Automation Platform/src/KChief.DataAccess/obj/Release/net8.0/KChief.DataAccess.shiminput.cache" (previous value: "obj\Release/net8.0/KChief.DataAccess.shiminput.cache") at /usr/share/dotnet/sdk/8.0.415/Sdks/Microsoft.NET.Sdk/targets/Microsoft.NET.PackTool.targets (137,5)
       Property reassignment: $(_ShimCreatedSentinelFile)="/home/saidul/Desktop/K-Chief Marine Automation Platform/src/KChief.AlarmSystem/obj/Release/net8.0/KChief.AlarmSystem.shimcreated.sentinel" (previous value: "obj\Release/net8.0/KChief.AlarmSystem.shimcreated.sentinel") at /usr/share/dotnet/sdk/8.0.415/Sdks/Microsoft.NET.Sdk/targets/Microsoft.NET.PackTool.targets (139,5)
       Property reassignment: $(_ShimCreatedSentinelFile)="/home/saidul/Desktop/K-Chief Marine Automation Platform/src/KChief.DataAccess/obj/Release/net8.0/KChief.DataAccess.shimcreated.sentinel" (previous value: "obj\Release/net8.0/KChief.DataAccess.shimcreated.sentinel") at /usr/share/dotnet/sdk/8.0.415/Sdks/Microsoft.NET.Sdk/targets/Microsoft.NET.PackTool.targets (139,5)
       Property reassignment: $(DefineConstants)="TRACE;RELEASE" (previous value: "TRACE") at /usr/share/dotnet/sdk/8.0.415/Sdks/Microsoft.NET.Sdk/targets/Microsoft.NET.Sdk.CSharp.targets (31,5)
       Property reassignment: $(DefineConstants)="TRACE;RELEASE" (previous value: "TRACE") at /usr/share/dotnet/sdk/8.0.415/Sdks/Microsoft.NET.Sdk/targets/Microsoft.NET.Sdk.CSharp.targets (31,5)
       Property reassignment: $(DefineConstants)="TRACE;RELEASE;NET;NET8_0;NETCOREAPP" (previous value: "TRACE;RELEASE") at /usr/share/dotnet/sdk/8.0.415/Sdks/Microsoft.NET.Sdk/targets/Microsoft.NET.Sdk.CSharp.targets (34,5)
       Property reassignment: $(DefineConstants)="TRACE;RELEASE;NET;NET8_0;NETCOREAPP" (previous value: "TRACE;RELEASE") at /usr/share/dotnet/sdk/8.0.415/Sdks/Microsoft.NET.Sdk/targets/Microsoft.NET.Sdk.CSharp.targets (34,5)
       Property reassignment: $(WarningsAsErrors)=";NU1605;SYSLIB0011" (previous value: ";NU1605") at /usr/share/dotnet/sdk/8.0.415/Sdks/Microsoft.NET.Sdk/targets/Microsoft.NET.Sdk.CSharp.targets (48,5)
       Property reassignment: $(WarningsAsErrors)=";NU1605;SYSLIB0011" (previous value: ";NU1605") at /usr/share/dotnet/sdk/8.0.415/Sdks/Microsoft.NET.Sdk/targets/Microsoft.NET.Sdk.CSharp.targets (48,5)
       Property reassignment: $(PackageDescription)="Package Description" (previous value: "") at /usr/share/dotnet/sdk/8.0.415/Sdks/NuGet.Build.Tasks.Pack/build/NuGet.Build.Tasks.Pack.targets (34,5)
       Property reassignment: $(PackageDescription)="Package Description" (previous value: "") at /usr/share/dotnet/sdk/8.0.415/Sdks/NuGet.Build.Tasks.Pack/build/NuGet.Build.Tasks.Pack.targets (34,5)
       Property reassignment: $(GenerateNuspecDependsOn)="Build;_LoadPackInputItems; _GetTargetFrameworksOutput; _WalkEachTargetPerFramework; _GetPackageFiles; " (previous value: "_LoadPackInputItems; _GetTargetFrameworksOutput; _WalkEachTargetPerFramework; _GetPackageFiles; ") at /usr/share/dotnet/sdk/8.0.415/Sdks/NuGet.Build.Tasks.Pack/build/NuGet.Build.Tasks.Pack.targets (59,5)
       Property reassignment: $(GenerateNuspecDependsOn)="Build;_LoadPackInputItems; _GetTargetFrameworksOutput; _WalkEachTargetPerFramework; _GetPackageFiles; " (previous value: "_LoadPackInputItems; _GetTargetFrameworksOutput; _WalkEachTargetPerFramework; _GetPackageFiles; ") at /usr/share/dotnet/sdk/8.0.415/Sdks/NuGet.Build.Tasks.Pack/build/NuGet.Build.Tasks.Pack.targets (59,5)
       Property reassignment: $(_IsNotSetContainersTargetsDir)="true" (previous value: "false") at /usr/share/dotnet/sdk/8.0.415/Sdks/Microsoft.NET.Sdk/Sdk/Sdk.targets (59,5)
       Property reassignment: $(_IsNotSetContainersTargetsDir)="true" (previous value: "false") at /usr/share/dotnet/sdk/8.0.415/Sdks/Microsoft.NET.Sdk/Sdk/Sdk.targets (59,5)
       Property reassignment: $(_IsSDKContainerAllowedVersion)="true" (previous value: "false") at /usr/share/dotnet/sdk/8.0.415/Containers/build/Microsoft.NET.Build.Containers.targets (5,5)
       Property reassignment: $(_IsSDKContainerAllowedVersion)="true" (previous value: "false") at /usr/share/dotnet/sdk/8.0.415/Containers/build/Microsoft.NET.Build.Containers.targets (5,5)
       Property reassignment: $(_ContainerIsTargetingNet8TFM)="true" (previous value: "false") at /usr/share/dotnet/sdk/8.0.415/Containers/build/Microsoft.NET.Build.Containers.targets (15,5)
       Property reassignment: $(_ContainerIsTargetingNet8TFM)="true" (previous value: "false") at /usr/share/dotnet/sdk/8.0.415/Containers/build/Microsoft.NET.Build.Containers.targets (15,5)
       Overriding target "ResolveFrameworkReferences" in project "/usr/share/dotnet/sdk/8.0.415/Microsoft.Common.CurrentVersion.targets" with target "ResolveFrameworkReferences" from project "/usr/share/dotnet/sdk/8.0.415/Sdks/Microsoft.NET.Sdk/targets/Microsoft.NET.Sdk.FrameworkReferenceResolution.targets".
       Overriding target "ResolveFrameworkReferences" in project "/usr/share/dotnet/sdk/8.0.415/Microsoft.Common.CurrentVersion.targets" with target "ResolveFrameworkReferences" from project "/usr/share/dotnet/sdk/8.0.415/Sdks/Microsoft.NET.Sdk/targets/Microsoft.NET.Sdk.FrameworkReferenceResolution.targets".
       Overriding target "Run" in project "/usr/share/dotnet/sdk/8.0.415/Microsoft.Common.CurrentVersion.targets" with target "Run" from project "/usr/share/dotnet/sdk/8.0.415/Sdks/Microsoft.NET.Sdk/targets/Microsoft.NET.Sdk.targets".
       Overriding target "Run" in project "/usr/share/dotnet/sdk/8.0.415/Microsoft.Common.CurrentVersion.targets" with target "Run" from project "/usr/share/dotnet/sdk/8.0.415/Sdks/Microsoft.NET.Sdk/targets/Microsoft.NET.Sdk.targets".
       Overriding target "GenerateSupportedTargetFrameworkAlias" in project "/usr/share/dotnet/sdk/8.0.415/Microsoft.Common.CurrentVersion.targets" with target "GenerateSupportedTargetFrameworkAlias" from project "/usr/share/dotnet/sdk/8.0.415/Sdks/Microsoft.NET.Sdk/targets/Microsoft.NET.Sdk.targets".
       Overriding target "GenerateSupportedTargetFrameworkAlias" in project "/usr/share/dotnet/sdk/8.0.415/Microsoft.Common.CurrentVersion.targets" with target "GenerateSupportedTargetFrameworkAlias" from project "/usr/share/dotnet/sdk/8.0.415/Sdks/Microsoft.NET.Sdk/targets/Microsoft.NET.Sdk.targets".
       Overriding target "GetReferenceAssemblyPaths" in project "/usr/share/dotnet/sdk/8.0.415/Microsoft.Common.CurrentVersion.targets" with target "GetReferenceAssemblyPaths" from project "/usr/share/dotnet/sdk/8.0.415/Sdks/Microsoft.NET.Sdk/targets/Microsoft.NET.DisableStandardFrameworkResolution.targets".
       Overriding target "GetReferenceAssemblyPaths" in project "/usr/share/dotnet/sdk/8.0.415/Microsoft.Common.CurrentVersion.targets" with target "GetReferenceAssemblyPaths" from project "/usr/share/dotnet/sdk/8.0.415/Sdks/Microsoft.NET.Sdk/targets/Microsoft.NET.DisableStandardFrameworkResolution.targets".
       Overriding target "GetFrameworkPaths" in project "/usr/share/dotnet/sdk/8.0.415/Microsoft.Common.CurrentVersion.targets" with target "GetFrameworkPaths" from project "/usr/share/dotnet/sdk/8.0.415/Sdks/Microsoft.NET.Sdk/targets/Microsoft.NET.DisableStandardFrameworkResolution.targets".
       Overriding target "GetFrameworkPaths" in project "/usr/share/dotnet/sdk/8.0.415/Microsoft.Common.CurrentVersion.targets" with target "GetFrameworkPaths" from project "/usr/share/dotnet/sdk/8.0.415/Sdks/Microsoft.NET.Sdk/targets/Microsoft.NET.DisableStandardFrameworkResolution.targets".
       Overriding target "DesignerRuntimeImplementationProjectOutputGroup" in project "/usr/share/dotnet/sdk/8.0.415/Microsoft.Common.CurrentVersion.targets" with target "DesignerRuntimeImplementationProjectOutputGroup" from project "/usr/share/dotnet/sdk/8.0.415/Sdks/Microsoft.NET.Sdk/targets/Microsoft.NET.DesignerSupport.targets".
       Overriding target "DesignerRuntimeImplementationProjectOutputGroup" in project "/usr/share/dotnet/sdk/8.0.415/Microsoft.Common.CurrentVersion.targets" with target "DesignerRuntimeImplementationProjectOutputGroup" from project "/usr/share/dotnet/sdk/8.0.415/Sdks/Microsoft.NET.Sdk/targets/Microsoft.NET.DesignerSupport.targets".
       Overriding target "Publish" in project "/usr/share/dotnet/sdk/8.0.415/Microsoft.Common.CurrentVersion.targets" with target "Publish" from project "/usr/share/dotnet/sdk/8.0.415/Sdks/Microsoft.NET.Sdk/targets/Microsoft.NET.Publish.targets".
       Overriding target "Publish" in project "/usr/share/dotnet/sdk/8.0.415/Microsoft.Common.CurrentVersion.targets" with target "Publish" from project "/usr/share/dotnet/sdk/8.0.415/Sdks/Microsoft.NET.Sdk/targets/Microsoft.NET.Publish.targets".
       Overriding target "ResolveReadyToRunCompilers" in project "/usr/share/dotnet/sdk/8.0.415/Sdks/Microsoft.NET.Sdk/targets/Microsoft.NET.CrossGen.targets" with target "ResolveReadyToRunCompilers" from project "/usr/share/dotnet/sdk/8.0.415/Sdks/Microsoft.NET.Sdk/targets/Microsoft.NET.Publish.targets".
       Overriding target "ResolveReadyToRunCompilers" in project "/usr/share/dotnet/sdk/8.0.415/Sdks/Microsoft.NET.Sdk/targets/Microsoft.NET.CrossGen.targets" with target "ResolveReadyToRunCompilers" from project "/usr/share/dotnet/sdk/8.0.415/Sdks/Microsoft.NET.Sdk/targets/Microsoft.NET.Publish.targets".
       Overriding target "GetCopyToPublishDirectoryItems" in project "/usr/share/dotnet/sdk/8.0.415/Microsoft.Common.CurrentVersion.targets" with target "GetCopyToPublishDirectoryItems" from project "/usr/share/dotnet/sdk/8.0.415/Sdks/Microsoft.NET.Sdk/targets/Microsoft.NET.Publish.targets".
       Overriding target "GetCopyToPublishDirectoryItems" in project "/usr/share/dotnet/sdk/8.0.415/Microsoft.Common.CurrentVersion.targets" with target "GetCopyToPublishDirectoryItems" from project "/usr/share/dotnet/sdk/8.0.415/Sdks/Microsoft.NET.Sdk/targets/Microsoft.NET.Publish.targets".
       Overriding target "ResolveFrameworkReferences" in project "/usr/share/dotnet/sdk/8.0.415/Microsoft.Common.CurrentVersion.targets" with target "ResolveFrameworkReferences" from project "/usr/share/dotnet/sdk/8.0.415/Sdks/Microsoft.NET.Sdk/targets/Microsoft.NET.Sdk.FrameworkReferenceResolution.targets".
       Overriding target "Run" in project "/usr/share/dotnet/sdk/8.0.415/Microsoft.Common.CurrentVersion.targets" with target "Run" from project "/usr/share/dotnet/sdk/8.0.415/Sdks/Microsoft.NET.Sdk/targets/Microsoft.NET.Sdk.targets".
       Overriding target "GenerateSupportedTargetFrameworkAlias" in project "/usr/share/dotnet/sdk/8.0.415/Microsoft.Common.CurrentVersion.targets" with target "GenerateSupportedTargetFrameworkAlias" from project "/usr/share/dotnet/sdk/8.0.415/Sdks/Microsoft.NET.Sdk/targets/Microsoft.NET.Sdk.targets".
       Overriding target "GetReferenceAssemblyPaths" in project "/usr/share/dotnet/sdk/8.0.415/Microsoft.Common.CurrentVersion.targets" with target "GetReferenceAssemblyPaths" from project "/usr/share/dotnet/sdk/8.0.415/Sdks/Microsoft.NET.Sdk/targets/Microsoft.NET.DisableStandardFrameworkResolution.targets".
       Overriding target "GetFrameworkPaths" in project "/usr/share/dotnet/sdk/8.0.415/Microsoft.Common.CurrentVersion.targets" with target "GetFrameworkPaths" from project "/usr/share/dotnet/sdk/8.0.415/Sdks/Microsoft.NET.Sdk/targets/Microsoft.NET.DisableStandardFrameworkResolution.targets".
       Overriding target "DesignerRuntimeImplementationProjectOutputGroup" in project "/usr/share/dotnet/sdk/8.0.415/Microsoft.Common.CurrentVersion.targets" with target "DesignerRuntimeImplementationProjectOutputGroup" from project "/usr/share/dotnet/sdk/8.0.415/Sdks/Microsoft.NET.Sdk/targets/Microsoft.NET.DesignerSupport.targets".
       Overriding target "Publish" in project "/usr/share/dotnet/sdk/8.0.415/Microsoft.Common.CurrentVersion.targets" with target "Publish" from project "/usr/share/dotnet/sdk/8.0.415/Sdks/Microsoft.NET.Sdk/targets/Microsoft.NET.Publish.targets".
       Overriding target "ResolveReadyToRunCompilers" in project "/usr/share/dotnet/sdk/8.0.415/Sdks/Microsoft.NET.Sdk/targets/Microsoft.NET.CrossGen.targets" with target "ResolveReadyToRunCompilers" from project "/usr/share/dotnet/sdk/8.0.415/Sdks/Microsoft.NET.Sdk/targets/Microsoft.NET.Publish.targets".
       Overriding target "GetCopyToPublishDirectoryItems" in project "/usr/share/dotnet/sdk/8.0.415/Microsoft.Common.CurrentVersion.targets" with target "GetCopyToPublishDirectoryItems" from project "/usr/share/dotnet/sdk/8.0.415/Sdks/Microsoft.NET.Sdk/targets/Microsoft.NET.Publish.targets".
       Overriding target "BeforePublish" in project "/usr/share/dotnet/sdk/8.0.415/Microsoft.Common.CurrentVersion.targets" with target "BeforePublish" from project "/usr/share/dotnet/sdk/8.0.415/Sdks/Microsoft.NET.Sdk.Publish/targets/Microsoft.NET.Sdk.Publish.targets".
       Overriding target "AfterPublish" in project "/usr/share/dotnet/sdk/8.0.415/Microsoft.Common.CurrentVersion.targets" with target "AfterPublish" from project "/usr/share/dotnet/sdk/8.0.415/Sdks/Microsoft.NET.Sdk.Publish/targets/Microsoft.NET.Sdk.Publish.targets".
       The target "CollectUpToDateCheckInputDesignTime" listed in a BeforeTargets attribute at "/usr/share/dotnet/sdk/8.0.415/Sdks/Microsoft.NET.Sdk.StaticWebAssets/targets/Microsoft.NET.Sdk.StaticWebAssets.ScopedCss.targets (156,5)" does not exist in the project, and will be ignored.
       The target "CollectUpToDateCheckBuiltDesignTime" listed in a BeforeTargets attribute at "/usr/share/dotnet/sdk/8.0.415/Sdks/Microsoft.NET.Sdk.StaticWebAssets/targets/Microsoft.NET.Sdk.StaticWebAssets.ScopedCss.targets (156,5)" does not exist in the project, and will be ignored.
       The target "RazorGenerateComponentDeclaration" listed in an AfterTargets attribute at "/usr/share/dotnet/sdk/8.0.415/Sdks/Microsoft.NET.Sdk.Razor/targets/Microsoft.NET.Sdk.Razor.DesignTime.targets (55,53)" does not exist in the project, and will be ignored.
       Property reassignment: $(TargetPlatformVersion)="" (previous value: "0.0") at /usr/share/dotnet/sdk/8.0.415/Sdks/Microsoft.NET.Sdk/targets/Microsoft.NET.TargetFrameworkInference.targets (69,5)
     1>Project "/home/saidul/Desktop/K-Chief Marine Automation Platform/KChief.MarineAutomationPlatform.sln" (1) is building "/home/saidul/Desktop/K-Chief Marine Automation Platform/src/KChief.Protocols.Modbus/KChief.Protocols.Modbus.csproj" (4) on node 8 (_IsProjectRestoreSupported target(s)).
     4>Target "_IsProjectRestoreSupported" in file "/usr/share/dotnet/sdk/8.0.415/NuGet.targets" from project "/home/saidul/Desktop/K-Chief Marine Automation Platform/src/KChief.Protocols.Modbus/KChief.Protocols.Modbus.csproj" (entry point):
     4>Done building target "_IsProjectRestoreSupported" in project "KChief.Protocols.Modbus.csproj".
     1>Project "/home/saidul/Desktop/K-Chief Marine Automation Platform/KChief.MarineAutomationPlatform.sln" (1) is building "/home/saidul/Desktop/K-Chief Marine Automation Platform/src/KChief.VesselControl/KChief.VesselControl.csproj" (2) on node 9 (_IsProjectRestoreSupported target(s)).
     2>Target "_IsProjectRestoreSupported" in file "/usr/share/dotnet/sdk/8.0.415/NuGet.targets" from project "/home/saidul/Desktop/K-Chief Marine Automation Platform/src/KChief.VesselControl/KChief.VesselControl.csproj" (entry point):
     2>Done building target "_IsProjectRestoreSupported" in project "KChief.VesselControl.csproj".
     1>Project "/home/saidul/Desktop/K-Chief Marine Automation Platform/KChief.MarineAutomationPlatform.sln" (1) is building "/home/saidul/Desktop/K-Chief Marine Automation Platform/src/KChief.Protocols.OPC/KChief.Protocols.OPC.csproj" (5) on node 3 (_IsProjectRestoreSupported target(s)).
     5>Target "_IsProjectRestoreSupported" in file "/usr/share/dotnet/sdk/8.0.415/NuGet.targets" from project "/home/saidul/Desktop/K-Chief Marine Automation Platform/src/KChief.Protocols.OPC/KChief.Protocols.OPC.csproj" (entry point):
     5>Done building target "_IsProjectRestoreSupported" in project "KChief.Protocols.OPC.csproj".
     1>Project "/home/saidul/Desktop/K-Chief Marine Automation Platform/KChief.MarineAutomationPlatform.sln" (1) is building "/home/saidul/Desktop/K-Chief Marine Automation Platform/tests/KChief.Platform.Tests/KChief.Platform.Tests.csproj" (3) on node 4 (_IsProjectRestoreSupported target(s)).
     3>Target "_IsProjectRestoreSupported" in file "/usr/share/dotnet/sdk/8.0.415/NuGet.targets" from project "/home/saidul/Desktop/K-Chief Marine Automation Platform/tests/KChief.Platform.Tests/KChief.Platform.Tests.csproj" (entry point):
     3>Done building target "_IsProjectRestoreSupported" in project "KChief.Platform.Tests.csproj".
     5>Done Building Project "/home/saidul/Desktop/K-Chief Marine Automation Platform/src/KChief.Protocols.OPC/KChief.Protocols.OPC.csproj" (_IsProjectRestoreSupported target(s)).
     3>Done Building Project "/home/saidul/Desktop/K-Chief Marine Automation Platform/tests/KChief.Platform.Tests/KChief.Platform.Tests.csproj" (_IsProjectRestoreSupported target(s)).
     2>Done Building Project "/home/saidul/Desktop/K-Chief Marine Automation Platform/src/KChief.VesselControl/KChief.VesselControl.csproj" (_IsProjectRestoreSupported target(s)).
     1>Project "/home/saidul/Desktop/K-Chief Marine Automation Platform/KChief.MarineAutomationPlatform.sln" (1) is building "/home/saidul/Desktop/K-Chief Marine Automation Platform/tests/KChief.Integration.Tests/KChief.Integration.Tests.csproj" (6) on node 2 (_IsProjectRestoreSupported target(s)).
     6>Target "_IsProjectRestoreSupported" in file "/usr/share/dotnet/sdk/8.0.415/NuGet.targets" from project "/home/saidul/Desktop/K-Chief Marine Automation Platform/tests/KChief.Integration.Tests/KChief.Integration.Tests.csproj" (entry point):
     6>Done building target "_IsProjectRestoreSupported" in project "KChief.Integration.Tests.csproj".
     6>Done Building Project "/home/saidul/Desktop/K-Chief Marine Automation Platform/tests/KChief.Integration.Tests/KChief.Integration.Tests.csproj" (_IsProjectRestoreSupported target(s)).
     4>Done Building Project "/home/saidul/Desktop/K-Chief Marine Automation Platform/src/KChief.Protocols.Modbus/KChief.Protocols.Modbus.csproj" (_IsProjectRestoreSupported target(s)).
     1>Project "/home/saidul/Desktop/K-Chief Marine Automation Platform/KChief.MarineAutomationPlatform.sln" (1) is building "/home/saidul/Desktop/K-Chief Marine Automation Platform/src/KChief.AlarmSystem/KChief.AlarmSystem.csproj" (7) on node 5 (_IsProjectRestoreSupported target(s)).
     7>Target "_IsProjectRestoreSupported" in file "/usr/share/dotnet/sdk/8.0.415/NuGet.targets" from project "/home/saidul/Desktop/K-Chief Marine Automation Platform/src/KChief.AlarmSystem/KChief.AlarmSystem.csproj" (entry point):
     7>Done building target "_IsProjectRestoreSupported" in project "KChief.AlarmSystem.csproj".
     7>Done Building Project "/home/saidul/Desktop/K-Chief Marine Automation Platform/src/KChief.AlarmSystem/KChief.AlarmSystem.csproj" (_IsProjectRestoreSupported target(s)).
     0>Property reassignment: $(DefaultItemExcludes)=";bin\Release//**;obj\Release//**" (previous value: ";bin\Release//**") at /usr/share/dotnet/sdk/8.0.415/Sdks/Microsoft.NET.Sdk/targets/Microsoft.NET.DefaultOutputPaths.targets (122,5)
       Property reassignment: $(OutputPath)="bin\Release/net8.0/" (previous value: "bin\Release/") at /usr/share/dotnet/sdk/8.0.415/Sdks/Microsoft.NET.Sdk/targets/Microsoft.NET.DefaultOutputPaths.targets (137,5)
       Property reassignment: $(IntermediateOutputPath)="obj\Release/net8.0/" (previous value: "obj\Release/") at /usr/share/dotnet/sdk/8.0.415/Sdks/Microsoft.NET.Sdk/targets/Microsoft.NET.DefaultOutputPaths.targets (142,5)
     1>Project "/home/saidul/Desktop/K-Chief Marine Automation Platform/KChief.MarineAutomationPlatform.sln" (1) is building "/home/saidul/Desktop/K-Chief Marine Automation Platform/src/KChief.DataAccess/KChief.DataAccess.csproj" (8) on node 6 (_IsProjectRestoreSupported target(s)).
     8>Target "_IsProjectRestoreSupported" in file "/usr/share/dotnet/sdk/8.0.415/NuGet.targets" from project "/home/saidul/Desktop/K-Chief Marine Automation Platform/src/KChief.DataAccess/KChief.DataAccess.csproj" (entry point):
     8>Done building target "_IsProjectRestoreSupported" in project "KChief.DataAccess.csproj".
     8>Done Building Project "/home/saidul/Desktop/K-Chief Marine Automation Platform/src/KChief.DataAccess/KChief.DataAccess.csproj" (_IsProjectRestoreSupported target(s)).
     1>Project "/home/saidul/Desktop/K-Chief Marine Automation Platform/KChief.MarineAutomationPlatform.sln" (1) is building "/home/saidul/Desktop/K-Chief Marine Automation Platform/src/KChief.Platform.API/KChief.Platform.API.csproj" (9) on node 7 (_IsProjectRestoreSupported target(s)).
     9>Target "_IsProjectRestoreSupported" in file "/usr/share/dotnet/sdk/8.0.415/NuGet.targets" from project "/home/saidul/Desktop/K-Chief Marine Automation Platform/src/KChief.Platform.API/KChief.Platform.API.csproj" (entry point):
     9>Done building target "_IsProjectRestoreSupported" in project "KChief.Platform.API.csproj".
     9>Done Building Project "/home/saidul/Desktop/K-Chief Marine Automation Platform/src/KChief.Platform.API/KChief.Platform.API.csproj" (_IsProjectRestoreSupported target(s)).
     0>Property reassignment: $(_FrameworkIdentifierForImplicitDefine)="NET" (previous value: "NETCOREAPP") at /usr/share/dotnet/sdk/8.0.415/Sdks/Microsoft.NET.Sdk/targets/Microsoft.NET.Sdk.BeforeCommon.targets (187,5)
       Property reassignment: $(_FrameworkVersionForImplicitDefine)="8_0" (previous value: "8.0") at /usr/share/dotnet/sdk/8.0.415/Sdks/Microsoft.NET.Sdk/targets/Microsoft.NET.Sdk.BeforeCommon.targets (192,5)
       Property reassignment: $(CommandLineArgsForDesignTimeEvaluation)="-langversion:12.0 -define:TRACE" (previous value: "-langversion:12.0") at /usr/share/dotnet/sdk/8.0.415/Roslyn/Microsoft.CSharp.Core.targets (200,5)
       The "Platform" property is a global property, and cannot be modified.
       The "Configuration" property is a global property, and cannot be modified.
       Property reassignment: $(_DebugSymbolsProduced)="true" (previous value: "false") at /usr/share/dotnet/sdk/8.0.415/Microsoft.Common.CurrentVersion.targets (179,5)
       Property reassignment: $(_DocumentationFileProduced)="false" (previous value: "true") at /usr/share/dotnet/sdk/8.0.415/Microsoft.Common.CurrentVersion.targets (185,5)
       The "SolutionName" property is a global property, and cannot be modified.
       The "SolutionFileName" property is a global property, and cannot be modified.
       The "SolutionPath" property is a global property, and cannot be modified.
       The "SolutionDir" property is a global property, and cannot be modified.
       The "SolutionExt" property is a global property, and cannot be modified.
       Property reassignment: $(MSBuildCopyMarkerName)="KChief.P.D8011408" (previous value: "KChief.Platform.Core.csproj") at /usr/share/dotnet/sdk/8.0.415/Microsoft.Common.CurrentVersion.targets (392,5)
       Property reassignment: $(MSBuildCopyMarkerName)="KChief.P.D8011408.Up2Date" (previous value: "KChief.P.D8011408") at /usr/share/dotnet/sdk/8.0.415/Microsoft.Common.CurrentVersion.targets (393,5)
       Property reassignment: $(ProcessorArchitecture)="msil" (previous value: "") at /usr/share/dotnet/sdk/8.0.415/Microsoft.Common.CurrentVersion.targets (541,5)
       Property reassignment: $(DelaySign)="" (previous value: "false") at /usr/share/dotnet/sdk/8.0.415/Microsoft.Common.CurrentVersion.targets (580,5)
       Property 'LocalAppData' with value '/home/saidul/.local/share' expanded from the environment.
       Property reassignment: $(_SGenGenerateSerializationAssembliesConfig)="Auto" (previous value: "") at /usr/share/dotnet/sdk/8.0.415/Microsoft.Common.CurrentVersion.targets (3896,5)
       Property reassignment: $(_TargetsThatPrepareProjectReferences)="
             AssignProjectConfiguration;
             _SplitProjectReferencesByFileExistence
           " (previous value: "_SplitProjectReferencesByFileExistence") at /usr/share/dotnet/sdk/8.0.415/Microsoft.Common.CurrentVersion.targets (5099,5)
       Property 'MSBuildExtensionsPath32' with value '/usr/share/dotnet/sdk/8.0.415' expanded from the environment.
       The "_RestoreSolutionFileUsed" property is a global property, and cannot be modified.
       Property reassignment: $(_GenerateRestoreGraphProjectEntryInputProperties)="
             ExcludeRestorePackageImports=true;
             _RestoreSolutionFileUsed=true;
             SolutionDir=/home/saidul/Desktop/K-Chief Marine Automation Platform/;
             SolutionName=KChief.MarineAutomationPlatform;
             SolutionFileName=KChief.MarineAutomationPlatform.sln;
             SolutionPath=/home/saidul/Desktop/K-Chief Marine Automation Platform/KChief.MarineAutomationPlatform.sln;
             SolutionExt=.sln;
           " (previous value: "ExcludeRestorePackageImports=true") at /usr/share/dotnet/sdk/8.0.415/NuGet.targets (101,5)
       Property reassignment: $(ProjectAssetsFile)="/home/saidul/Desktop/K-Chief Marine Automation Platform/src/KChief.Platform.Core/obj/project.assets.json" (previous value: "/home/saidul/Desktop/K-Chief Marine Automation Platform/src/KChief.Platform.Core/obj//project.assets.json") at /usr/share/dotnet/sdk/8.0.415/Sdks/Microsoft.NET.Sdk/targets/Microsoft.PackageDependencyResolution.targets (24,5)
       Property reassignment: $(ProjectAssetsCacheFile)="/home/saidul/Desktop/K-Chief Marine Automation Platform/src/KChief.Platform.Core/obj/Release/net8.0/KChief.Platform.Core.assets.cache" (previous value: "obj\Release/net8.0/KChief.Platform.Core.assets.cache") at /usr/share/dotnet/sdk/8.0.415/Sdks/Microsoft.NET.Sdk/targets/Microsoft.PackageDependencyResolution.targets (29,5)
       Property reassignment: $(ResolveAssemblyReferencesDependsOn)="
             
             ResolveProjectReferences;
             FindInvalidProjectReferences;
             GetFrameworkPaths;
             GetReferenceAssemblyPaths;
             PrepareForBuild;
             ResolveSDKReferences;
             ExpandSDKReferences;
           ;
             ResolvePackageDependenciesForBuild;
             _HandlePackageFileConflicts;
           " (previous value: "
             ResolveProjectReferences;
             FindInvalidProjectReferences;
             GetFrameworkPaths;
             GetReferenceAssemblyPaths;
             PrepareForBuild;
             ResolveSDKReferences;
             ExpandSDKReferences;
           ") at /usr/share/dotnet/sdk/8.0.415/Sdks/Microsoft.NET.Sdk/targets/Microsoft.PackageDependencyResolution.targets (80,5)
       Property reassignment: $(PrepareResourcesDependsOn)="
             ResolvePackageDependenciesForBuild;
             _HandlePackageFileConflicts;
             
             ;
             PrepareResourceNames;
             ResGen;
             CompileLicxFiles
           
           " (previous value: "
             ;
             PrepareResourceNames;
             ResGen;
             CompileLicxFiles
           ") at /usr/share/dotnet/sdk/8.0.415/Sdks/Microsoft.NET.Sdk/targets/Microsoft.PackageDependencyResolution.targets (86,5)
       Property reassignment: $(DefaultItemExcludes)=";bin\Release//**;obj\Release//**;bin\/**" (previous value: ";bin\Release//**;obj\Release//**") at /usr/share/dotnet/sdk/8.0.415/Sdks/Microsoft.NET.Sdk/targets/Microsoft.NET.Sdk.DefaultItems.targets (27,5)
       Property reassignment: $(DefaultItemExcludes)=";bin\Release//**;obj\Release//**;bin\/**;obj\/**" (previous value: ";bin\Release//**;obj\Release//**;bin\/**") at /usr/share/dotnet/sdk/8.0.415/Sdks/Microsoft.NET.Sdk/targets/Microsoft.NET.Sdk.DefaultItems.targets (29,5)
       Property reassignment: $(DefaultItemExcludes)=";bin\Release//**;obj\Release//**;bin\/**;obj\/**;**/*.user" (previous value: ";bin\Release//**;obj\Release//**;bin\/**;obj\/**") at /usr/share/dotnet/sdk/8.0.415/Sdks/Microsoft.NET.Sdk/targets/Microsoft.NET.Sdk.DefaultItems.targets (32,5)
       Property reassignment: $(DefaultItemExcludes)=";bin\Release//**;obj\Release//**;bin\/**;obj\/**;**/*.user;**/*.*proj" (previous value: ";bin\Release//**;obj\Release//**;bin\/**;obj\/**;**/*.user") at /usr/share/dotnet/sdk/8.0.415/Sdks/Microsoft.NET.Sdk/targets/Microsoft.NET.Sdk.DefaultItems.targets (33,5)
       Property reassignment: $(DefaultItemExcludes)=";bin\Release//**;obj\Release//**;bin\/**;obj\/**;**/*.user;**/*.*proj;**/*.sln" (previous value: ";bin\Release//**;obj\Release//**;bin\/**;obj\/**;**/*.user;**/*.*proj") at /usr/share/dotnet/sdk/8.0.415/Sdks/Microsoft.NET.Sdk/targets/Microsoft.NET.Sdk.DefaultItems.targets (34,5)
       Property reassignment: $(DefaultItemExcludes)=";bin\Release//**;obj\Release//**;bin\/**;obj\/**;**/*.user;**/*.*proj;**/*.sln;**/*.vssscc" (previous value: ";bin\Release//**;obj\Release//**;bin\/**;obj\/**;**/*.user;**/*.*proj;**/*.sln") at /usr/share/dotnet/sdk/8.0.415/Sdks/Microsoft.NET.Sdk/targets/Microsoft.NET.Sdk.DefaultItems.targets (35,5)
       Property reassignment: $(DefaultItemExcludes)=";bin\Release//**;obj\Release//**;bin\/**;obj\/**;**/*.user;**/*.*proj;**/*.sln;**/*.vssscc;**/.DS_Store" (previous value: ";bin\Release//**;obj\Release//**;bin\/**;obj\/**;**/*.user;**/*.*proj;**/*.sln;**/*.vssscc") at /usr/share/dotnet/sdk/8.0.415/Sdks/Microsoft.NET.Sdk/targets/Microsoft.NET.Sdk.DefaultItems.targets (36,5)
       Property reassignment: $(ResolveAssemblyReferencesDependsOn)="
             
             
             ResolveProjectReferences;
             FindInvalidProjectReferences;
             GetFrameworkPaths;
             GetReferenceAssemblyPaths;
             PrepareForBuild;
             ResolveSDKReferences;
             ExpandSDKReferences;
           ;
             ResolvePackageDependenciesForBuild;
             _HandlePackageFileConflicts;
           ;
             ResolveTargetingPackAssets;
           " (previous value: "
             
             ResolveProjectReferences;
             FindInvalidProjectReferences;
             GetFrameworkPaths;
             GetReferenceAssemblyPaths;
             PrepareForBuild;
             ResolveSDKReferences;
             ExpandSDKReferences;
           ;
             ResolvePackageDependenciesForBuild;
             _HandlePackageFileConflicts;
           ") at /usr/share/dotnet/sdk/8.0.415/Sdks/Microsoft.NET.Sdk/targets/Microsoft.NET.Sdk.FrameworkReferenceResolution.targets (14,5)
       Property reassignment: $(_GenerateRuntimeConfigurationPropertyInputsCache)="/home/saidul/Desktop/K-Chief Marine Automation Platform/src/KChief.Platform.Core/obj/Release/net8.0/KChief.Platform.Core.genruntimeconfig.cache" (previous value: "obj\Release/net8.0/KChief.Platform.Core.genruntimeconfig.cache") at /usr/share/dotnet/sdk/8.0.415/Sdks/Microsoft.NET.Sdk/targets/Microsoft.NET.Sdk.targets (44,5)
       Property reassignment: $(_GeneratePublishDependencyFilePropertyInputsCache)="/home/saidul/Desktop/K-Chief Marine Automation Platform/src/KChief.Platform.Core/obj/Release/net8.0/KChief.Platform.Core.genpublishdeps.cache" (previous value: "obj\Release/net8.0/KChief.Platform.Core.genpublishdeps.cache") at /usr/share/dotnet/sdk/8.0.415/Sdks/Microsoft.NET.Sdk/targets/Microsoft.NET.Sdk.targets (46,5)
       Property reassignment: $(_GenerateSingleFileBundlePropertyInputsCache)="/home/saidul/Desktop/K-Chief Marine Automation Platform/src/KChief.Platform.Core/obj/Release/net8.0/KChief.Platform.Core.genbundle.cache" (previous value: "obj\Release/net8.0/KChief.Platform.Core.genbundle.cache") at /usr/share/dotnet/sdk/8.0.415/Sdks/Microsoft.NET.Sdk/targets/Microsoft.NET.Sdk.targets (48,5)
       Property reassignment: $(GenerateRuntimeConfigDevFile)="false" (previous value: "true") at /usr/share/dotnet/sdk/8.0.415/Sdks/Microsoft.NET.Sdk/targets/Microsoft.NET.Sdk.targets (81,5)
       Property 'HOME' with value '/home/saidul' expanded from the environment.
       Property reassignment: $(_DefaultUserProfileRuntimeStorePath)="/home/saidul/.dotnet/store" (previous value: "/home/saidul") at /usr/share/dotnet/sdk/8.0.415/Sdks/Microsoft.NET.Sdk/targets/Microsoft.NET.Sdk.targets (98,5)
       Property reassignment: $(AvailablePlatforms)="Any CPU,x86,x64,ARM32" (previous value: "Any CPU,x86,x64") at /usr/share/dotnet/sdk/8.0.415/Sdks/Microsoft.NET.Sdk/targets/Microsoft.NET.Sdk.targets (136,5)
       Property reassignment: $(AvailablePlatforms)="Any CPU,x86,x64,ARM32,ARM64" (previous value: "Any CPU,x86,x64,ARM32") at /usr/share/dotnet/sdk/8.0.415/Sdks/Microsoft.NET.Sdk/targets/Microsoft.NET.Sdk.targets (140,5)
       Property reassignment: $(CoreBuildDependsOn)="
             _CheckForBuildWithNoBuild;
             
             BuildOnlySettings;
             PrepareForBuild;
             PreBuildEvent;
             ResolveReferences;
             PrepareResources;
             ResolveKeySource;
             Compile;
             ExportWindowsMDFile;
             UnmanagedUnregistration;
             GenerateSerializationAssemblies;
             CreateSatelliteAssemblies;
             GenerateManifests;
             GetTargetPath;
             PrepareForRun;
             UnmanagedRegistration;
             IncrementalClean;
             PostBuildEvent
           ;
             GenerateBuildDependencyFile;
             GenerateBuildRuntimeConfigurationFiles
           " (previous value: "
             BuildOnlySettings;
             PrepareForBuild;
             PreBuildEvent;
             ResolveReferences;
             PrepareResources;
             ResolveKeySource;
             Compile;
             ExportWindowsMDFile;
             UnmanagedUnregistration;
             GenerateSerializationAssemblies;
             CreateSatelliteAssemblies;
             GenerateManifests;
             GetTargetPath;
             PrepareForRun;
             UnmanagedRegistration;
             IncrementalClean;
             PostBuildEvent
           ") at /usr/share/dotnet/sdk/8.0.415/Sdks/Microsoft.NET.Sdk/targets/Microsoft.NET.Sdk.targets (197,5)
       Property reassignment: $(CoreCleanDependsOn)="
             _SdkBeforeClean;
             
           " (previous value: "") at /usr/share/dotnet/sdk/8.0.415/Sdks/Microsoft.NET.Sdk/targets/Microsoft.NET.Sdk.targets (206,5)
       Property reassignment: $(RebuildDependsOn)="
             _SdkBeforeRebuild;
             
             BeforeRebuild;
             Clean;
             Build;
             AfterRebuild;
           
           " (previous value: "
             BeforeRebuild;
             Clean;
             Build;
             AfterRebuild;
           ") at /usr/share/dotnet/sdk/8.0.415/Sdks/Microsoft.NET.Sdk/targets/Microsoft.NET.Sdk.targets (213,5)
       Property reassignment: $(CompileDependsOn)="
             
             ResolveReferences;
             ResolveKeySource;
             SetWin32ManifestProperties;
             _SetPreferNativeArm64Win32ManifestProperties;
             FindReferenceAssembliesForReferences;
             _GenerateCompileInputs;
             BeforeCompile;
             _TimeStampBeforeCompile;
             _GenerateCompileDependencyCache;
             CoreCompile;
             _TimeStampAfterCompile;
             AfterCompile;
           ;
             _CreateAppHost;
             _CreateComHost;
             _GetIjwHostPaths;
           " (previous value: "
             ResolveReferences;
             ResolveKeySource;
             SetWin32ManifestProperties;
             _SetPreferNativeArm64Win32ManifestProperties;
             FindReferenceAssembliesForReferences;
             _GenerateCompileInputs;
             BeforeCompile;
             _TimeStampBeforeCompile;
             _GenerateCompileDependencyCache;
             CoreCompile;
             _TimeStampAfterCompile;
             AfterCompile;
           ") at /usr/share/dotnet/sdk/8.0.415/Sdks/Microsoft.NET.Sdk/targets/Microsoft.NET.Sdk.targets (679,5)
       Property reassignment: $(CreateSatelliteAssembliesDependsOn)="
             
             ;
             _GenerateSatelliteAssemblyInputs;
             ComputeIntermediateSatelliteAssemblies;
             GenerateSatelliteAssemblies
           ;
             CoreGenerateSatelliteAssemblies
           " (previous value: "
             ;
             _GenerateSatelliteAssemblyInputs;
             ComputeIntermediateSatelliteAssemblies;
             GenerateSatelliteAssemblies
           ") at /usr/share/dotnet/sdk/8.0.415/Sdks/Microsoft.NET.Sdk/targets/Microsoft.NET.Sdk.targets (1065,5)
       Property reassignment: $(SourceLinkUrlInitializerTargets)=";_InitializeGitHubSourceLinkUrl;_InitializeGitLabSourceLinkUrl" (previous value: ";_InitializeGitHubSourceLinkUrl") at /usr/share/dotnet/sdk/8.0.415/Sdks/Microsoft.SourceLink.GitLab/build/Microsoft.SourceLink.GitLab.targets (12,5)
       Property reassignment: $(SourceControlManagerUrlTranslationTargets)=";TranslateGitHubUrlsInSourceControlInformation;TranslateGitLabUrlsInSourceControlInformation" (previous value: ";TranslateGitHubUrlsInSourceControlInformation") at /usr/share/dotnet/sdk/8.0.415/Sdks/Microsoft.SourceLink.GitLab/build/Microsoft.SourceLink.GitLab.targets (13,5)
       Property reassignment: $(SourceLinkUrlInitializerTargets)=";_InitializeGitHubSourceLinkUrl;_InitializeGitLabSourceLinkUrl;_InitializeAzureReposGitSourceLinkUrl" (previous value: ";_InitializeGitHubSourceLinkUrl;_InitializeGitLabSourceLinkUrl") at /usr/share/dotnet/sdk/8.0.415/Sdks/Microsoft.SourceLink.AzureRepos.Git/build/Microsoft.SourceLink.AzureRepos.Git.targets (12,5)
       Property reassignment: $(SourceControlManagerUrlTranslationTargets)=";TranslateGitHubUrlsInSourceControlInformation;TranslateGitLabUrlsInSourceControlInformation;TranslateAzureReposGitUrlsInSourceControlInformation" (previous value: ";TranslateGitHubUrlsInSourceControlInformation;TranslateGitLabUrlsInSourceControlInformation") at /usr/share/dotnet/sdk/8.0.415/Sdks/Microsoft.SourceLink.AzureRepos.Git/build/Microsoft.SourceLink.AzureRepos.Git.targets (13,5)
       Property reassignment: $(SourceLinkUrlInitializerTargets)=";_InitializeGitHubSourceLinkUrl;_InitializeGitLabSourceLinkUrl;_InitializeAzureReposGitSourceLinkUrl;_InitializeBitbucketGitSourceLinkUrl" (previous value: ";_InitializeGitHubSourceLinkUrl;_InitializeGitLabSourceLinkUrl;_InitializeAzureReposGitSourceLinkUrl") at /usr/share/dotnet/sdk/8.0.415/Sdks/Microsoft.SourceLink.Bitbucket.Git/build/Microsoft.SourceLink.Bitbucket.Git.targets (12,5)
       Property reassignment: $(SourceControlManagerUrlTranslationTargets)=";TranslateGitHubUrlsInSourceControlInformation;TranslateGitLabUrlsInSourceControlInformation;TranslateAzureReposGitUrlsInSourceControlInformation;TranslateBitbucketGitUrlsInSourceControlInformation" (previous value: ";TranslateGitHubUrlsInSourceControlInformation;TranslateGitLabUrlsInSourceControlInformation;TranslateAzureReposGitUrlsInSourceControlInformation") at /usr/share/dotnet/sdk/8.0.415/Sdks/Microsoft.SourceLink.Bitbucket.Git/build/Microsoft.SourceLink.Bitbucket.Git.targets (13,5)
       Property reassignment: $(DesignerRuntimeImplementationProjectOutputGroupDependsOn)="
             
             ;
             
             ;
             BuildOnlySettings;
             PrepareForBuild;
             AssignTargetPaths;
             ResolveReferences
           
           ;
             _GenerateDesignerDepsFile;
             _GenerateDesignerRuntimeConfigFile;
             GetCopyToOutputDirectoryItems;
             _GatherDesignerShadowCopyFiles;
           " (previous value: "
             ;
             
             ;
             BuildOnlySettings;
             PrepareForBuild;
             AssignTargetPaths;
             ResolveReferences
           
           ") at /usr/share/dotnet/sdk/8.0.415/Sdks/Microsoft.NET.Sdk/targets/Microsoft.NET.DesignerSupport.targets (21,5)
       Property reassignment: $(_GenerateToolsSettingsFileCacheFile)="/home/saidul/Desktop/K-Chief Marine Automation Platform/src/KChief.Platform.Core/obj/Release/net8.0/KChief.Platform.Core.toolssettingsinput.cache" (previous value: "obj\Release/net8.0/KChief.Platform.Core.toolssettingsinput.cache") at /usr/share/dotnet/sdk/8.0.415/Sdks/Microsoft.NET.Sdk/targets/Microsoft.NET.PackTool.targets (68,5)
       Property reassignment: $(_ShimInputCacheFile)="/home/saidul/Desktop/K-Chief Marine Automation Platform/src/KChief.Platform.Core/obj/Release/net8.0/KChief.Platform.Core.shiminput.cache" (previous value: "obj\Release/net8.0/KChief.Platform.Core.shiminput.cache") at /usr/share/dotnet/sdk/8.0.415/Sdks/Microsoft.NET.Sdk/targets/Microsoft.NET.PackTool.targets (137,5)
       Property reassignment: $(_ShimCreatedSentinelFile)="/home/saidul/Desktop/K-Chief Marine Automation Platform/src/KChief.Platform.Core/obj/Release/net8.0/KChief.Platform.Core.shimcreated.sentinel" (previous value: "obj\Release/net8.0/KChief.Platform.Core.shimcreated.sentinel") at /usr/share/dotnet/sdk/8.0.415/Sdks/Microsoft.NET.Sdk/targets/Microsoft.NET.PackTool.targets (139,5)
       Property reassignment: $(DefineConstants)="TRACE;RELEASE" (previous value: "TRACE") at /usr/share/dotnet/sdk/8.0.415/Sdks/Microsoft.NET.Sdk/targets/Microsoft.NET.Sdk.CSharp.targets (31,5)
       Property reassignment: $(DefineConstants)="TRACE;RELEASE;NET;NET8_0;NETCOREAPP" (previous value: "TRACE;RELEASE") at /usr/share/dotnet/sdk/8.0.415/Sdks/Microsoft.NET.Sdk/targets/Microsoft.NET.Sdk.CSharp.targets (34,5)
       Property reassignment: $(WarningsAsErrors)=";NU1605;SYSLIB0011" (previous value: ";NU1605") at /usr/share/dotnet/sdk/8.0.415/Sdks/Microsoft.NET.Sdk/targets/Microsoft.NET.Sdk.CSharp.targets (48,5)
       Property reassignment: $(PackageDescription)="Package Description" (previous value: "") at /usr/share/dotnet/sdk/8.0.415/Sdks/NuGet.Build.Tasks.Pack/build/NuGet.Build.Tasks.Pack.targets (34,5)
       Property reassignment: $(GenerateNuspecDependsOn)="Build;_LoadPackInputItems; _GetTargetFrameworksOutput; _WalkEachTargetPerFramework; _GetPackageFiles; " (previous value: "_LoadPackInputItems; _GetTargetFrameworksOutput; _WalkEachTargetPerFramework; _GetPackageFiles; ") at /usr/share/dotnet/sdk/8.0.415/Sdks/NuGet.Build.Tasks.Pack/build/NuGet.Build.Tasks.Pack.targets (59,5)
       Property reassignment: $(_IsNotSetContainersTargetsDir)="true" (previous value: "false") at /usr/share/dotnet/sdk/8.0.415/Sdks/Microsoft.NET.Sdk/Sdk/Sdk.targets (59,5)
       Property reassignment: $(_IsSDKContainerAllowedVersion)="true" (previous value: "false") at /usr/share/dotnet/sdk/8.0.415/Containers/build/Microsoft.NET.Build.Containers.targets (5,5)
       Property reassignment: $(_ContainerIsTargetingNet8TFM)="true" (previous value: "false") at /usr/share/dotnet/sdk/8.0.415/Containers/build/Microsoft.NET.Build.Containers.targets (15,5)
       Overriding target "ResolveFrameworkReferences" in project "/usr/share/dotnet/sdk/8.0.415/Microsoft.Common.CurrentVersion.targets" with target "ResolveFrameworkReferences" from project "/usr/share/dotnet/sdk/8.0.415/Sdks/Microsoft.NET.Sdk/targets/Microsoft.NET.Sdk.FrameworkReferenceResolution.targets".
       Overriding target "Run" in project "/usr/share/dotnet/sdk/8.0.415/Microsoft.Common.CurrentVersion.targets" with target "Run" from project "/usr/share/dotnet/sdk/8.0.415/Sdks/Microsoft.NET.Sdk/targets/Microsoft.NET.Sdk.targets".
       Overriding target "GenerateSupportedTargetFrameworkAlias" in project "/usr/share/dotnet/sdk/8.0.415/Microsoft.Common.CurrentVersion.targets" with target "GenerateSupportedTargetFrameworkAlias" from project "/usr/share/dotnet/sdk/8.0.415/Sdks/Microsoft.NET.Sdk/targets/Microsoft.NET.Sdk.targets".
       Overriding target "GetReferenceAssemblyPaths" in project "/usr/share/dotnet/sdk/8.0.415/Microsoft.Common.CurrentVersion.targets" with target "GetReferenceAssemblyPaths" from project "/usr/share/dotnet/sdk/8.0.415/Sdks/Microsoft.NET.Sdk/targets/Microsoft.NET.DisableStandardFrameworkResolution.targets".
       Overriding target "GetFrameworkPaths" in project "/usr/share/dotnet/sdk/8.0.415/Microsoft.Common.CurrentVersion.targets" with target "GetFrameworkPaths" from project "/usr/share/dotnet/sdk/8.0.415/Sdks/Microsoft.NET.Sdk/targets/Microsoft.NET.DisableStandardFrameworkResolution.targets".
       Overriding target "DesignerRuntimeImplementationProjectOutputGroup" in project "/usr/share/dotnet/sdk/8.0.415/Microsoft.Common.CurrentVersion.targets" with target "DesignerRuntimeImplementationProjectOutputGroup" from project "/usr/share/dotnet/sdk/8.0.415/Sdks/Microsoft.NET.Sdk/targets/Microsoft.NET.DesignerSupport.targets".
       Overriding target "Publish" in project "/usr/share/dotnet/sdk/8.0.415/Microsoft.Common.CurrentVersion.targets" with target "Publish" from project "/usr/share/dotnet/sdk/8.0.415/Sdks/Microsoft.NET.Sdk/targets/Microsoft.NET.Publish.targets".
       Overriding target "ResolveReadyToRunCompilers" in project "/usr/share/dotnet/sdk/8.0.415/Sdks/Microsoft.NET.Sdk/targets/Microsoft.NET.CrossGen.targets" with target "ResolveReadyToRunCompilers" from project "/usr/share/dotnet/sdk/8.0.415/Sdks/Microsoft.NET.Sdk/targets/Microsoft.NET.Publish.targets".
       Overriding target "GetCopyToPublishDirectoryItems" in project "/usr/share/dotnet/sdk/8.0.415/Microsoft.Common.CurrentVersion.targets" with target "GetCopyToPublishDirectoryItems" from project "/usr/share/dotnet/sdk/8.0.415/Sdks/Microsoft.NET.Sdk/targets/Microsoft.NET.Publish.targets".
       Assembly loaded during Evaluation: System.Runtime.Numerics, Version=8.0.0.0, Culture=neutral, PublicKeyToken=b03f5f7f11d50a3a (location: /usr/share/dotnet/shared/Microsoft.NETCore.App/8.0.21/System.Runtime.Numerics.dll, MVID: 838611b0-bb70-4e50-86d0-3b2be0f81ad5, AssemblyLoadContext: Default)
     1>Project "/home/saidul/Desktop/K-Chief Marine Automation Platform/KChief.MarineAutomationPlatform.sln" (1) is building "/home/saidul/Desktop/K-Chief Marine Automation Platform/src/KChief.Platform.Core/KChief.Platform.Core.csproj" (10) on node 1 (_IsProjectRestoreSupported target(s)).
    10>Target "_IsProjectRestoreSupported" in file "/usr/share/dotnet/sdk/8.0.415/NuGet.targets" from project "/home/saidul/Desktop/K-Chief Marine Automation Platform/src/KChief.Platform.Core/KChief.Platform.Core.csproj" (entry point):
    10>Done building target "_IsProjectRestoreSupported" in project "KChief.Platform.Core.csproj".
    10>Done Building Project "/home/saidul/Desktop/K-Chief Marine Automation Platform/src/KChief.Platform.Core/KChief.Platform.Core.csproj" (_IsProjectRestoreSupported target(s)).
     1>Done executing task "MSBuild".
       Task "MSBuild" skipped, due to false condition; ( '$(RestoreUseSkipNonexistentTargets)' != 'true' ) was evaluated as ( 'true' != 'true' ).
       Using "WarnForInvalidProjectsTask" task from assembly "/usr/share/dotnet/sdk/8.0.415/NuGet.Build.Tasks.dll".
       Task "WarnForInvalidProjectsTask"
       Done executing task "WarnForInvalidProjectsTask".
     1>Done building target "_FilterRestoreGraphProjectInputItems" in project "KChief.MarineAutomationPlatform.sln".
       Target "_FilterRestoreGraphProjectInputItems" skipped. Previously built successfully.
     1>Target "_GetAllRestoreProjectPathItems" in file "/usr/share/dotnet/sdk/8.0.415/NuGet.targets" from project "/home/saidul/Desktop/K-Chief Marine Automation Platform/KChief.MarineAutomationPlatform.sln" (target "_GenerateRestoreGraph" depends on it):
       Using "NuGetMessageTask" task from assembly "/usr/share/dotnet/sdk/8.0.415/NuGet.Build.Tasks.dll".
       Task "NuGetMessageTask"
         Determining projects to restore...
       Done executing task "NuGetMessageTask".
       Task "MSBuild"
         Global Properties:
           ExcludeRestorePackageImports=true
           _RestoreSolutionFileUsed=true
           SolutionDir=/home/saidul/Desktop/K-Chief Marine Automation Platform/
           SolutionName=KChief.MarineAutomationPlatform
           SolutionFileName=KChief.MarineAutomationPlatform.sln
           SolutionPath=/home/saidul/Desktop/K-Chief Marine Automation Platform/KChief.MarineAutomationPlatform.sln
           SolutionExt=.sln
         Additional Properties for project "/home/saidul/Desktop/K-Chief Marine Automation Platform/src/KChief.Platform.Core/KChief.Platform.Core.csproj":
           Configuration=Release
           Platform=AnyCPU
         Additional Properties for project "/home/saidul/Desktop/K-Chief Marine Automation Platform/src/KChief.DataAccess/KChief.DataAccess.csproj":
           Configuration=Release
           Platform=AnyCPU
         Additional Properties for project "/home/saidul/Desktop/K-Chief Marine Automation Platform/src/KChief.VesselControl/KChief.VesselControl.csproj":
           Configuration=Release
           Platform=AnyCPU
         Additional Properties for project "/home/saidul/Desktop/K-Chief Marine Automation Platform/src/KChief.AlarmSystem/KChief.AlarmSystem.csproj":
           Configuration=Release
           Platform=AnyCPU
         Additional Properties for project "/home/saidul/Desktop/K-Chief Marine Automation Platform/src/KChief.Protocols.OPC/KChief.Protocols.OPC.csproj":
           Configuration=Release
           Platform=AnyCPU
         Additional Properties for project "/home/saidul/Desktop/K-Chief Marine Automation Platform/src/KChief.Protocols.Modbus/KChief.Protocols.Modbus.csproj":
           Configuration=Release
           Platform=AnyCPU
         Additional Properties for project "/home/saidul/Desktop/K-Chief Marine Automation Platform/src/KChief.Platform.API/KChief.Platform.API.csproj":
           Configuration=Release
           Platform=AnyCPU
         Additional Properties for project "/home/saidul/Desktop/K-Chief Marine Automation Platform/tests/KChief.Platform.Tests/KChief.Platform.Tests.csproj":
           Configuration=Release
           Platform=AnyCPU
         Additional Properties for project "/home/saidul/Desktop/K-Chief Marine Automation Platform/tests/KChief.Integration.Tests/KChief.Integration.Tests.csproj":
           Configuration=Release
           Platform=AnyCPU
     1>Project "/home/saidul/Desktop/K-Chief Marine Automation Platform/KChief.MarineAutomationPlatform.sln" (1) is building "/home/saidul/Desktop/K-Chief Marine Automation Platform/src/KChief.Platform.Core/KChief.Platform.Core.csproj" (10:2) on node 1 (_GenerateRestoreProjectPathWalk target(s)).
  10:2>Target "_GenerateRestoreProjectPathItemsAllFrameworks" skipped, due to false condition; ( '$(TargetFrameworks)' != '' ) was evaluated as ( '' != '' ).
     1>Project "/home/saidul/Desktop/K-Chief Marine Automation Platform/KChief.MarineAutomationPlatform.sln" (1) is building "/home/saidul/Desktop/K-Chief Marine Automation Platform/src/KChief.Protocols.OPC/KChief.Protocols.OPC.csproj" (5:2) on node 3 (_GenerateRestoreProjectPathWalk target(s)).
   5:2>Target "_GenerateRestoreProjectPathItemsAllFrameworks" skipped, due to false condition; ( '$(TargetFrameworks)' != '' ) was evaluated as ( '' != '' ).
     1>Project "/home/saidul/Desktop/K-Chief Marine Automation Platform/KChief.MarineAutomationPlatform.sln" (1) is building "/home/saidul/Desktop/K-Chief Marine Automation Platform/src/KChief.VesselControl/KChief.VesselControl.csproj" (2:2) on node 9 (_GenerateRestoreProjectPathWalk target(s)).
   2:2>Target "_GenerateRestoreProjectPathItemsAllFrameworks" skipped, due to false condition; ( '$(TargetFrameworks)' != '' ) was evaluated as ( '' != '' ).
     1>Project "/home/saidul/Desktop/K-Chief Marine Automation Platform/KChief.MarineAutomationPlatform.sln" (1) is building "/home/saidul/Desktop/K-Chief Marine Automation Platform/src/KChief.Platform.API/KChief.Platform.API.csproj" (9:2) on node 7 (_GenerateRestoreProjectPathWalk target(s)).
   9:2>Target "_GenerateRestoreProjectPathItemsAllFrameworks" skipped, due to false condition; ( '$(TargetFrameworks)' != '' ) was evaluated as ( '' != '' ).
     1>Project "/home/saidul/Desktop/K-Chief Marine Automation Platform/KChief.MarineAutomationPlatform.sln" (1) is building "/home/saidul/Desktop/K-Chief Marine Automation Platform/src/KChief.Protocols.Modbus/KChief.Protocols.Modbus.csproj" (4:2) on node 8 (_GenerateRestoreProjectPathWalk target(s)).
   4:2>Target "_GenerateRestoreProjectPathItemsAllFrameworks" skipped, due to false condition; ( '$(TargetFrameworks)' != '' ) was evaluated as ( '' != '' ).
     1>Project "/home/saidul/Desktop/K-Chief Marine Automation Platform/KChief.MarineAutomationPlatform.sln" (1) is building "/home/saidul/Desktop/K-Chief Marine Automation Platform/tests/KChief.Platform.Tests/KChief.Platform.Tests.csproj" (3:2) on node 4 (_GenerateRestoreProjectPathWalk target(s)).
   3:2>Target "_GenerateRestoreProjectPathItemsAllFrameworks" skipped, due to false condition; ( '$(TargetFrameworks)' != '' ) was evaluated as ( '' != '' ).
     1>Project "/home/saidul/Desktop/K-Chief Marine Automation Platform/KChief.MarineAutomationPlatform.sln" (1) is building "/home/saidul/Desktop/K-Chief Marine Automation Platform/tests/KChief.Integration.Tests/KChief.Integration.Tests.csproj" (6:2) on node 2 (_GenerateRestoreProjectPathWalk target(s)).
   6:2>Target "_GenerateRestoreProjectPathItemsAllFrameworks" skipped, due to false condition; ( '$(TargetFrameworks)' != '' ) was evaluated as ( '' != '' ).
     1>Project "/home/saidul/Desktop/K-Chief Marine Automation Platform/KChief.MarineAutomationPlatform.sln" (1) is building "/home/saidul/Desktop/K-Chief Marine Automation Platform/src/KChief.DataAccess/KChief.DataAccess.csproj" (8:2) on node 6 (_GenerateRestoreProjectPathWalk target(s)).
   8:2>Target "_GenerateRestoreProjectPathItemsAllFrameworks" skipped, due to false condition; ( '$(TargetFrameworks)' != '' ) was evaluated as ( '' != '' ).
   2:2>Target "_GenerateRestoreProjectPathItemsPerFramework" in file "/usr/share/dotnet/sdk/8.0.415/NuGet.targets" from project "/home/saidul/Desktop/K-Chief Marine Automation Platform/src/KChief.VesselControl/KChief.VesselControl.csproj" (target "_GenerateRestoreProjectPathItemsCurrentProject" depends on it):
   2:2>Using "ConvertToAbsolutePath" task from assembly "Microsoft.Build.Tasks.Core, Version=15.1.0.0, Culture=neutral, PublicKeyToken=b03f5f7f11d50a3a".
       Task "ConvertToAbsolutePath"
   6:2>Target "_GenerateRestoreProjectPathItemsPerFramework" in file "/usr/share/dotnet/sdk/8.0.415/NuGet.targets" from project "/home/saidul/Desktop/K-Chief Marine Automation Platform/tests/KChief.Integration.Tests/KChief.Integration.Tests.csproj" (target "_GenerateRestoreProjectPathItemsCurrentProject" depends on it):
   6:2>Using "ConvertToAbsolutePath" task from assembly "Microsoft.Build.Tasks.Core, Version=15.1.0.0, Culture=neutral, PublicKeyToken=b03f5f7f11d50a3a".
       Task "ConvertToAbsolutePath"
   8:2>Target "_GenerateRestoreProjectPathItemsPerFramework" in file "/usr/share/dotnet/sdk/8.0.415/NuGet.targets" from project "/home/saidul/Desktop/K-Chief Marine Automation Platform/src/KChief.DataAccess/KChief.DataAccess.csproj" (target "_GenerateRestoreProjectPathItemsCurrentProject" depends on it):
   8:2>Using "ConvertToAbsolutePath" task from assembly "Microsoft.Build.Tasks.Core, Version=15.1.0.0, Culture=neutral, PublicKeyToken=b03f5f7f11d50a3a".
       Task "ConvertToAbsolutePath"
   3:2>Target "_GenerateRestoreProjectPathItemsPerFramework" in file "/usr/share/dotnet/sdk/8.0.415/NuGet.targets" from project "/home/saidul/Desktop/K-Chief Marine Automation Platform/tests/KChief.Platform.Tests/KChief.Platform.Tests.csproj" (target "_GenerateRestoreProjectPathItemsCurrentProject" depends on it):
   3:2>Using "ConvertToAbsolutePath" task from assembly "Microsoft.Build.Tasks.Core, Version=15.1.0.0, Culture=neutral, PublicKeyToken=b03f5f7f11d50a3a".
   2:2>Done executing task "ConvertToAbsolutePath".
   3:2>Task "ConvertToAbsolutePath"
   6:2>Done executing task "ConvertToAbsolutePath".
   6:2>Done building target "_GenerateRestoreProjectPathItemsPerFramework" in project "KChief.Integration.Tests.csproj".
   6:2>Target "_GenerateRestoreProjectPathItemsCurrentProject" in file "/usr/share/dotnet/sdk/8.0.415/NuGet.targets" from project "/home/saidul/Desktop/K-Chief Marine Automation Platform/tests/KChief.Integration.Tests/KChief.Integration.Tests.csproj" (target "_GenerateRestoreProjectPathItems" depends on it):
   6:2>Done building target "_GenerateRestoreProjectPathItemsCurrentProject" in project "KChief.Integration.Tests.csproj".
   8:2>Done executing task "ConvertToAbsolutePath".
   3:2>Done executing task "ConvertToAbsolutePath".
   3:2>Done building target "_GenerateRestoreProjectPathItemsPerFramework" in project "KChief.Platform.Tests.csproj".
   6:2>Target "_GenerateRestoreProjectPathItems" in file "/usr/share/dotnet/sdk/8.0.415/NuGet.targets" from project "/home/saidul/Desktop/K-Chief Marine Automation Platform/tests/KChief.Integration.Tests/KChief.Integration.Tests.csproj" (target "_GenerateRestoreProjectPathWalk" depends on it):
   6:2>Using "RemoveDuplicates" task from assembly "Microsoft.Build.Tasks.Core, Version=15.1.0.0, Culture=neutral, PublicKeyToken=b03f5f7f11d50a3a".
   8:2>Done building target "_GenerateRestoreProjectPathItemsPerFramework" in project "KChief.DataAccess.csproj".
   6:2>Task "RemoveDuplicates"
       Done executing task "RemoveDuplicates".
   6:2>Done building target "_GenerateRestoreProjectPathItems" in project "KChief.Integration.Tests.csproj".
   8:2>Target "_GenerateRestoreProjectPathItemsCurrentProject" in file "/usr/share/dotnet/sdk/8.0.415/NuGet.targets" from project "/home/saidul/Desktop/K-Chief Marine Automation Platform/src/KChief.DataAccess/KChief.DataAccess.csproj" (target "_GenerateRestoreProjectPathItems" depends on it):
   8:2>Done building target "_GenerateRestoreProjectPathItemsCurrentProject" in project "KChief.DataAccess.csproj".
   6:2>Target "_GenerateRestoreProjectPathWalk" in file "/usr/share/dotnet/sdk/8.0.415/NuGet.targets" from project "/home/saidul/Desktop/K-Chief Marine Automation Platform/tests/KChief.Integration.Tests/KChief.Integration.Tests.csproj" (entry point):
   6:2>Using "MSBuild" task from assembly "Microsoft.Build.Tasks.Core, Version=15.1.0.0, Culture=neutral, PublicKeyToken=b03f5f7f11d50a3a".
       Task "MSBuild"
         Global Properties:
           ExcludeRestorePackageImports=true
           _RestoreSolutionFileUsed=true
           SolutionDir=/home/saidul/Desktop/K-Chief Marine Automation Platform/
           SolutionName=KChief.MarineAutomationPlatform
           SolutionFileName=KChief.MarineAutomationPlatform.sln
           SolutionPath=/home/saidul/Desktop/K-Chief Marine Automation Platform/KChief.MarineAutomationPlatform.sln
           SolutionExt=.sln
  10:2>Target "_GenerateRestoreProjectPathItemsPerFramework" in file "/usr/share/dotnet/sdk/8.0.415/NuGet.targets" from project "/home/saidul/Desktop/K-Chief Marine Automation Platform/src/KChief.Platform.Core/KChief.Platform.Core.csproj" (target "_GenerateRestoreProjectPathItemsCurrentProject" depends on it):
  10:2>Using "ConvertToAbsolutePath" task from assembly "Microsoft.Build.Tasks.Core, Version=15.1.0.0, Culture=neutral, PublicKeyToken=b03f5f7f11d50a3a".
       Task "ConvertToAbsolutePath"
   3:2>Target "_GenerateRestoreProjectPathItemsCurrentProject" in file "/usr/share/dotnet/sdk/8.0.415/NuGet.targets" from project "/home/saidul/Desktop/K-Chief Marine Automation Platform/tests/KChief.Platform.Tests/KChief.Platform.Tests.csproj" (target "_GenerateRestoreProjectPathItems" depends on it):
   3:2>Done building target "_GenerateRestoreProjectPathItemsCurrentProject" in project "KChief.Platform.Tests.csproj".
   8:2>Target "_GenerateRestoreProjectPathItems" in file "/usr/share/dotnet/sdk/8.0.415/NuGet.targets" from project "/home/saidul/Desktop/K-Chief Marine Automation Platform/src/KChief.DataAccess/KChief.DataAccess.csproj" (target "_GenerateRestoreProjectPathWalk" depends on it):
   8:2>Using "RemoveDuplicates" task from assembly "Microsoft.Build.Tasks.Core, Version=15.1.0.0, Culture=neutral, PublicKeyToken=b03f5f7f11d50a3a".
  10:2>Done executing task "ConvertToAbsolutePath".
   8:2>Task "RemoveDuplicates"
   3:2>Target "_GenerateRestoreProjectPathItems" in file "/usr/share/dotnet/sdk/8.0.415/NuGet.targets" from project "/home/saidul/Desktop/K-Chief Marine Automation Platform/tests/KChief.Platform.Tests/KChief.Platform.Tests.csproj" (target "_GenerateRestoreProjectPathWalk" depends on it):
   3:2>Using "RemoveDuplicates" task from assembly "Microsoft.Build.Tasks.Core, Version=15.1.0.0, Culture=neutral, PublicKeyToken=b03f5f7f11d50a3a".
   8:2>Done executing task "RemoveDuplicates".
   3:2>Task "RemoveDuplicates"
   8:2>Done building target "_GenerateRestoreProjectPathItems" in project "KChief.DataAccess.csproj".
   3:2>Done executing task "RemoveDuplicates".
   3:2>Done building target "_GenerateRestoreProjectPathItems" in project "KChief.Platform.Tests.csproj".
   8:2>Target "_GenerateRestoreProjectPathWalk" in file "/usr/share/dotnet/sdk/8.0.415/NuGet.targets" from project "/home/saidul/Desktop/K-Chief Marine Automation Platform/src/KChief.DataAccess/KChief.DataAccess.csproj" (entry point):
   8:2>Using "MSBuild" task from assembly "Microsoft.Build.Tasks.Core, Version=15.1.0.0, Culture=neutral, PublicKeyToken=b03f5f7f11d50a3a".
       Task "MSBuild"
   3:2>Target "_GenerateRestoreProjectPathWalk" in file "/usr/share/dotnet/sdk/8.0.415/NuGet.targets" from project "/home/saidul/Desktop/K-Chief Marine Automation Platform/tests/KChief.Platform.Tests/KChief.Platform.Tests.csproj" (entry point):
   3:2>Using "MSBuild" task from assembly "Microsoft.Build.Tasks.Core, Version=15.1.0.0, Culture=neutral, PublicKeyToken=b03f5f7f11d50a3a".
  10:2>Done building target "_GenerateRestoreProjectPathItemsPerFramework" in project "KChief.Platform.Core.csproj".
   3:2>Task "MSBuild"
  10:2>Target "_GenerateRestoreProjectPathItemsCurrentProject" in file "/usr/share/dotnet/sdk/8.0.415/NuGet.targets" from project "/home/saidul/Desktop/K-Chief Marine Automation Platform/src/KChief.Platform.Core/KChief.Platform.Core.csproj" (target "_GenerateRestoreProjectPathItems" depends on it):
  10:2>Done building target "_GenerateRestoreProjectPathItemsCurrentProject" in project "KChief.Platform.Core.csproj".
   2:2>Done building target "_GenerateRestoreProjectPathItemsPerFramework" in project "KChief.VesselControl.csproj".
  10:2>Target "_GenerateRestoreProjectPathItems" in file "/usr/share/dotnet/sdk/8.0.415/NuGet.targets" from project "/home/saidul/Desktop/K-Chief Marine Automation Platform/src/KChief.Platform.Core/KChief.Platform.Core.csproj" (target "_GenerateRestoreProjectPathWalk" depends on it):
  10:2>Using "RemoveDuplicates" task from assembly "Microsoft.Build.Tasks.Core, Version=15.1.0.0, Culture=neutral, PublicKeyToken=b03f5f7f11d50a3a".
       Task "RemoveDuplicates"
   2:2>Target "_GenerateRestoreProjectPathItemsCurrentProject" in file "/usr/share/dotnet/sdk/8.0.415/NuGet.targets" from project "/home/saidul/Desktop/K-Chief Marine Automation Platform/src/KChief.VesselControl/KChief.VesselControl.csproj" (target "_GenerateRestoreProjectPathItems" depends on it):
   2:2>Done building target "_GenerateRestoreProjectPathItemsCurrentProject" in project "KChief.VesselControl.csproj".
   2:2>Target "_GenerateRestoreProjectPathItems" in file "/usr/share/dotnet/sdk/8.0.415/NuGet.targets" from project "/home/saidul/Desktop/K-Chief Marine Automation Platform/src/KChief.VesselControl/KChief.VesselControl.csproj" (target "_GenerateRestoreProjectPathWalk" depends on it):
       Using "RemoveDuplicates" task from assembly "Microsoft.Build.Tasks.Core, Version=15.1.0.0, Culture=neutral, PublicKeyToken=b03f5f7f11d50a3a".
       Task "RemoveDuplicates"
       Done executing task "RemoveDuplicates".
   2:2>Done building target "_GenerateRestoreProjectPathItems" in project "KChief.VesselControl.csproj".
   2:2>Target "_GenerateRestoreProjectPathWalk" in file "/usr/share/dotnet/sdk/8.0.415/NuGet.targets" from project "/home/saidul/Desktop/K-Chief Marine Automation Platform/src/KChief.VesselControl/KChief.VesselControl.csproj" (entry point):
       Using "MSBuild" task from assembly "Microsoft.Build.Tasks.Core, Version=15.1.0.0, Culture=neutral, PublicKeyToken=b03f5f7f11d50a3a".
       Task "MSBuild"
         Global Properties:
           ExcludeRestorePackageImports=true
           _RestoreSolutionFileUsed=true
           SolutionDir=/home/saidul/Desktop/K-Chief Marine Automation Platform/
           SolutionName=KChief.MarineAutomationPlatform
           SolutionFileName=KChief.MarineAutomationPlatform.sln
  10:2>Done executing task "RemoveDuplicates".
   2:2>_GenerateRestoreProjectPathWalk:
           SolutionPath=/home/saidul/Desktop/K-Chief Marine Automation Platform/KChief.MarineAutomationPlatform.sln
           SolutionExt=.sln
  10:2>Done building target "_GenerateRestoreProjectPathItems" in project "KChief.Platform.Core.csproj".
   9:2>Target "_GenerateRestoreProjectPathItemsPerFramework" in file "/usr/share/dotnet/sdk/8.0.415/NuGet.targets" from project "/home/saidul/Desktop/K-Chief Marine Automation Platform/src/KChief.Platform.API/KChief.Platform.API.csproj" (target "_GenerateRestoreProjectPathItemsCurrentProject" depends on it):
   9:2>Using "ConvertToAbsolutePath" task from assembly "Microsoft.Build.Tasks.Core, Version=15.1.0.0, Culture=neutral, PublicKeyToken=b03f5f7f11d50a3a".
       Task "ConvertToAbsolutePath"
       Done executing task "ConvertToAbsolutePath".
   5:2>Target "_GenerateRestoreProjectPathItemsPerFramework" in file "/usr/share/dotnet/sdk/8.0.415/NuGet.targets" from project "/home/saidul/Desktop/K-Chief Marine Automation Platform/src/KChief.Protocols.OPC/KChief.Protocols.OPC.csproj" (target "_GenerateRestoreProjectPathItemsCurrentProject" depends on it):
   5:2>Using "ConvertToAbsolutePath" task from assembly "Microsoft.Build.Tasks.Core, Version=15.1.0.0, Culture=neutral, PublicKeyToken=b03f5f7f11d50a3a".
       Task "ConvertToAbsolutePath"
       Done executing task "ConvertToAbsolutePath".
   5:2>Done building target "_GenerateRestoreProjectPathItemsPerFramework" in project "KChief.Protocols.OPC.csproj".
  10:2>Target "_GenerateRestoreProjectPathWalk" in file "/usr/share/dotnet/sdk/8.0.415/NuGet.targets" from project "/home/saidul/Desktop/K-Chief Marine Automation Platform/src/KChief.Platform.Core/KChief.Platform.Core.csproj" (entry point):
  10:2>Using "MSBuild" task from assembly "Microsoft.Build.Tasks.Core, Version=15.1.0.0, Culture=neutral, PublicKeyToken=b03f5f7f11d50a3a".
   5:2>Target "_GenerateRestoreProjectPathItemsCurrentProject" in file "/usr/share/dotnet/sdk/8.0.415/NuGet.targets" from project "/home/saidul/Desktop/K-Chief Marine Automation Platform/src/KChief.Protocols.OPC/KChief.Protocols.OPC.csproj" (target "_GenerateRestoreProjectPathItems" depends on it):
   5:2>Done building target "_GenerateRestoreProjectPathItemsCurrentProject" in project "KChief.Protocols.OPC.csproj".
   5:2>Target "_GenerateRestoreProjectPathItems" in file "/usr/share/dotnet/sdk/8.0.415/NuGet.targets" from project "/home/saidul/Desktop/K-Chief Marine Automation Platform/src/KChief.Protocols.OPC/KChief.Protocols.OPC.csproj" (target "_GenerateRestoreProjectPathWalk" depends on it):
       Using "RemoveDuplicates" task from assembly "Microsoft.Build.Tasks.Core, Version=15.1.0.0, Culture=neutral, PublicKeyToken=b03f5f7f11d50a3a".
       Task "RemoveDuplicates"
       Done executing task "RemoveDuplicates".
  10:2>Task "MSBuild"
   5:2>Done building target "_GenerateRestoreProjectPathItems" in project "KChief.Protocols.OPC.csproj".
   5:2>Target "_GenerateRestoreProjectPathWalk" in file "/usr/share/dotnet/sdk/8.0.415/NuGet.targets" from project "/home/saidul/Desktop/K-Chief Marine Automation Platform/src/KChief.Protocols.OPC/KChief.Protocols.OPC.csproj" (entry point):
       Using "MSBuild" task from assembly "Microsoft.Build.Tasks.Core, Version=15.1.0.0, Culture=neutral, PublicKeyToken=b03f5f7f11d50a3a".
       Task "MSBuild"
         Global Properties:
           ExcludeRestorePackageImports=true
           _RestoreSolutionFileUsed=true
           SolutionDir=/home/saidul/Desktop/K-Chief Marine Automation Platform/
           SolutionName=KChief.MarineAutomationPlatform
           SolutionFileName=KChief.MarineAutomationPlatform.sln
           SolutionPath=/home/saidul/Desktop/K-Chief Marine Automation Platform/KChief.MarineAutomationPlatform.sln
           SolutionExt=.sln
     1>Project "/home/saidul/Desktop/K-Chief Marine Automation Platform/KChief.MarineAutomationPlatform.sln" (1) is building "/home/saidul/Desktop/K-Chief Marine Automation Platform/src/KChief.AlarmSystem/KChief.AlarmSystem.csproj" (7:2) on node 5 (_GenerateRestoreProjectPathWalk target(s)).
   7:2>Target "_GenerateRestoreProjectPathItemsAllFrameworks" skipped, due to false condition; ( '$(TargetFrameworks)' != '' ) was evaluated as ( '' != '' ).
   7:2>Target "_GenerateRestoreProjectPathItemsPerFramework" in file "/usr/share/dotnet/sdk/8.0.415/NuGet.targets" from project "/home/saidul/Desktop/K-Chief Marine Automation Platform/src/KChief.AlarmSystem/KChief.AlarmSystem.csproj" (target "_GenerateRestoreProjectPathItemsCurrentProject" depends on it):
       Using "ConvertToAbsolutePath" task from assembly "Microsoft.Build.Tasks.Core, Version=15.1.0.0, Culture=neutral, PublicKeyToken=b03f5f7f11d50a3a".
       Task "ConvertToAbsolutePath"
       Done executing task "ConvertToAbsolutePath".
   7:2>Done building target "_GenerateRestoreProjectPathItemsPerFramework" in project "KChief.AlarmSystem.csproj".
   9:2>Done building target "_GenerateRestoreProjectPathItemsPerFramework" in project "KChief.Platform.API.csproj".
   7:2>Target "_GenerateRestoreProjectPathItemsCurrentProject" in file "/usr/share/dotnet/sdk/8.0.415/NuGet.targets" from project "/home/saidul/Desktop/K-Chief Marine Automation Platform/src/KChief.AlarmSystem/KChief.AlarmSystem.csproj" (target "_GenerateRestoreProjectPathItems" depends on it):
   7:2>Done building target "_GenerateRestoreProjectPathItemsCurrentProject" in project "KChief.AlarmSystem.csproj".
   9:2>Target "_GenerateRestoreProjectPathItemsCurrentProject" in file "/usr/share/dotnet/sdk/8.0.415/NuGet.targets" from project "/home/saidul/Desktop/K-Chief Marine Automation Platform/src/KChief.Platform.API/KChief.Platform.API.csproj" (target "_GenerateRestoreProjectPathItems" depends on it):
   9:2>Done building target "_GenerateRestoreProjectPathItemsCurrentProject" in project "KChief.Platform.API.csproj".
   7:2>Target "_GenerateRestoreProjectPathItems" in file "/usr/share/dotnet/sdk/8.0.415/NuGet.targets" from project "/home/saidul/Desktop/K-Chief Marine Automation Platform/src/KChief.AlarmSystem/KChief.AlarmSystem.csproj" (target "_GenerateRestoreProjectPathWalk" depends on it):
   7:2>Using "RemoveDuplicates" task from assembly "Microsoft.Build.Tasks.Core, Version=15.1.0.0, Culture=neutral, PublicKeyToken=b03f5f7f11d50a3a".
       Task "RemoveDuplicates"
   9:2>Target "_GenerateRestoreProjectPathItems" in file "/usr/share/dotnet/sdk/8.0.415/NuGet.targets" from project "/home/saidul/Desktop/K-Chief Marine Automation Platform/src/KChief.Platform.API/KChief.Platform.API.csproj" (target "_GenerateRestoreProjectPathWalk" depends on it):
   9:2>Using "RemoveDuplicates" task from assembly "Microsoft.Build.Tasks.Core, Version=15.1.0.0, Culture=neutral, PublicKeyToken=b03f5f7f11d50a3a".
   7:2>Done executing task "RemoveDuplicates".
   9:2>Task "RemoveDuplicates"
   7:2>Done building target "_GenerateRestoreProjectPathItems" in project "KChief.AlarmSystem.csproj".
   7:2>Target "_GenerateRestoreProjectPathWalk" in file "/usr/share/dotnet/sdk/8.0.415/NuGet.targets" from project "/home/saidul/Desktop/K-Chief Marine Automation Platform/src/KChief.AlarmSystem/KChief.AlarmSystem.csproj" (entry point):
       Using "MSBuild" task from assembly "Microsoft.Build.Tasks.Core, Version=15.1.0.0, Culture=neutral, PublicKeyToken=b03f5f7f11d50a3a".
       Task "MSBuild"
         Global Properties:
           ExcludeRestorePackageImports=true
   9:2>Done executing task "RemoveDuplicates".
   3:2>_GenerateRestoreProjectPathWalk:
         Global Properties:
   7:2>_GenerateRestoreProjectPathWalk:
           _RestoreSolutionFileUsed=true
   3:2>_GenerateRestoreProjectPathWalk:
           ExcludeRestorePackageImports=true
           _RestoreSolutionFileUsed=true
   7:2>_GenerateRestoreProjectPathWalk:
           SolutionDir=/home/saidul/Desktop/K-Chief Marine Automation Platform/
   3:2>_GenerateRestoreProjectPathWalk:
           SolutionDir=/home/saidul/Desktop/K-Chief Marine Automation Platform/
   7:2>_GenerateRestoreProjectPathWalk:
           SolutionName=KChief.MarineAutomationPlatform
   3:2>_GenerateRestoreProjectPathWalk:
           SolutionName=KChief.MarineAutomationPlatform
   9:2>Done building target "_GenerateRestoreProjectPathItems" in project "KChief.Platform.API.csproj".
   7:2>_GenerateRestoreProjectPathWalk:
           SolutionFileName=KChief.MarineAutomationPlatform.sln
   3:2>_GenerateRestoreProjectPathWalk:
           SolutionFileName=KChief.MarineAutomationPlatform.sln
   7:2>_GenerateRestoreProjectPathWalk:
           SolutionPath=/home/saidul/Desktop/K-Chief Marine Automation Platform/KChief.MarineAutomationPlatform.sln
   8:2>_GenerateRestoreProjectPathWalk:
         Global Properties:
   4:2>Target "_GenerateRestoreProjectPathItemsPerFramework" in file "/usr/share/dotnet/sdk/8.0.415/NuGet.targets" from project "/home/saidul/Desktop/K-Chief Marine Automation Platform/src/KChief.Protocols.Modbus/KChief.Protocols.Modbus.csproj" (target "_GenerateRestoreProjectPathItemsCurrentProject" depends on it):
   4:2>Using "ConvertToAbsolutePath" task from assembly "Microsoft.Build.Tasks.Core, Version=15.1.0.0, Culture=neutral, PublicKeyToken=b03f5f7f11d50a3a".
   3:2>_GenerateRestoreProjectPathWalk:
           SolutionPath=/home/saidul/Desktop/K-Chief Marine Automation Platform/KChief.MarineAutomationPlatform.sln
   7:2>_GenerateRestoreProjectPathWalk:
           SolutionExt=.sln
   8:2>_GenerateRestoreProjectPathWalk:
           ExcludeRestorePackageImports=true
   3:2>_GenerateRestoreProjectPathWalk:
           SolutionExt=.sln
   4:2>Task "ConvertToAbsolutePath"
   8:2>_GenerateRestoreProjectPathWalk:
           _RestoreSolutionFileUsed=true
   4:2>Done executing task "ConvertToAbsolutePath".
   8:2>_GenerateRestoreProjectPathWalk:
           SolutionDir=/home/saidul/Desktop/K-Chief Marine Automation Platform/
   4:2>Done building target "_GenerateRestoreProjectPathItemsPerFramework" in project "KChief.Protocols.Modbus.csproj".
   8:2>_GenerateRestoreProjectPathWalk:
           SolutionName=KChief.MarineAutomationPlatform
   9:2>Target "_GenerateRestoreProjectPathWalk" in file "/usr/share/dotnet/sdk/8.0.415/NuGet.targets" from project "/home/saidul/Desktop/K-Chief Marine Automation Platform/src/KChief.Platform.API/KChief.Platform.API.csproj" (entry point):
   9:2>Using "MSBuild" task from assembly "Microsoft.Build.Tasks.Core, Version=15.1.0.0, Culture=neutral, PublicKeyToken=b03f5f7f11d50a3a".
   8:2>_GenerateRestoreProjectPathWalk:
           SolutionFileName=KChief.MarineAutomationPlatform.sln
           SolutionPath=/home/saidul/Desktop/K-Chief Marine Automation Platform/KChief.MarineAutomationPlatform.sln
   4:2>Target "_GenerateRestoreProjectPathItemsCurrentProject" in file "/usr/share/dotnet/sdk/8.0.415/NuGet.targets" from project "/home/saidul/Desktop/K-Chief Marine Automation Platform/src/KChief.Protocols.Modbus/KChief.Protocols.Modbus.csproj" (target "_GenerateRestoreProjectPathItems" depends on it):
   4:2>Done building target "_GenerateRestoreProjectPathItemsCurrentProject" in project "KChief.Protocols.Modbus.csproj".
   8:2>_GenerateRestoreProjectPathWalk:
           SolutionExt=.sln
   9:2>Task "MSBuild"
   4:2>Target "_GenerateRestoreProjectPathItems" in file "/usr/share/dotnet/sdk/8.0.415/NuGet.targets" from project "/home/saidul/Desktop/K-Chief Marine Automation Platform/src/KChief.Protocols.Modbus/KChief.Protocols.Modbus.csproj" (target "_GenerateRestoreProjectPathWalk" depends on it):
   4:2>Using "RemoveDuplicates" task from assembly "Microsoft.Build.Tasks.Core, Version=15.1.0.0, Culture=neutral, PublicKeyToken=b03f5f7f11d50a3a".
       Task "RemoveDuplicates"
       Done executing task "RemoveDuplicates".
   9:2>_GenerateRestoreProjectPathWalk:
         Global Properties:
   4:2>Done building target "_GenerateRestoreProjectPathItems" in project "KChief.Protocols.Modbus.csproj".
   9:2>_GenerateRestoreProjectPathWalk:
           ExcludeRestorePackageImports=true
   4:2>Target "_GenerateRestoreProjectPathWalk" in file "/usr/share/dotnet/sdk/8.0.415/NuGet.targets" from project "/home/saidul/Desktop/K-Chief Marine Automation Platform/src/KChief.Protocols.Modbus/KChief.Protocols.Modbus.csproj" (entry point):
   4:2>Using "MSBuild" task from assembly "Microsoft.Build.Tasks.Core, Version=15.1.0.0, Culture=neutral, PublicKeyToken=b03f5f7f11d50a3a".
   9:2>_GenerateRestoreProjectPathWalk:
           _RestoreSolutionFileUsed=true
           SolutionDir=/home/saidul/Desktop/K-Chief Marine Automation Platform/
   4:2>Task "MSBuild"
   9:2>_GenerateRestoreProjectPathWalk:
           SolutionName=KChief.MarineAutomationPlatform
   4:2>_GenerateRestoreProjectPathWalk:
         Global Properties:
   9:2>_GenerateRestoreProjectPathWalk:
           SolutionFileName=KChief.MarineAutomationPlatform.sln
   4:2>_GenerateRestoreProjectPathWalk:
           ExcludeRestorePackageImports=true
   9:2>_GenerateRestoreProjectPathWalk:
           SolutionPath=/home/saidul/Desktop/K-Chief Marine Automation Platform/KChief.MarineAutomationPlatform.sln
   4:2>_GenerateRestoreProjectPathWalk:
           _RestoreSolutionFileUsed=true
   9:2>_GenerateRestoreProjectPathWalk:
           SolutionExt=.sln
   4:2>_GenerateRestoreProjectPathWalk:
           SolutionDir=/home/saidul/Desktop/K-Chief Marine Automation Platform/
           SolutionName=KChief.MarineAutomationPlatform
           SolutionFileName=KChief.MarineAutomationPlatform.sln
           SolutionPath=/home/saidul/Desktop/K-Chief Marine Automation Platform/KChief.MarineAutomationPlatform.sln
           SolutionExt=.sln
  10:2>Done executing task "MSBuild".
       Task "MSBuild" skipped, due to false condition; ( '$(RestoreUseSkipNonexistentTargets)' != 'true' ) was evaluated as ( 'true' != 'true' ).
       Task "RemoveDuplicates"
       Done executing task "RemoveDuplicates".
  10:2>Done building target "_GenerateRestoreProjectPathWalk" in project "KChief.Platform.Core.csproj".
   9:2>Project "/home/saidul/Desktop/K-Chief Marine Automation Platform/src/KChief.Platform.API/KChief.Platform.API.csproj" (9:2) is building "/home/saidul/Desktop/K-Chief Marine Automation Platform/src/KChief.Platform.Core/KChief.Platform.Core.csproj" (10:3) on node 1 (_GenerateRestoreProjectPathWalk target(s)).
  10:3>Target "_GenerateRestoreProjectPathWalk" skipped. Previously built successfully.
  10:2>Done Building Project "/home/saidul/Desktop/K-Chief Marine Automation Platform/src/KChief.Platform.Core/KChief.Platform.Core.csproj" (_GenerateRestoreProjectPathWalk target(s)).
  10:3>Done Building Project "/home/saidul/Desktop/K-Chief Marine Automation Platform/src/KChief.Platform.Core/KChief.Platform.Core.csproj" (_GenerateRestoreProjectPathWalk target(s)).
   8:2>Project "/home/saidul/Desktop/K-Chief Marine Automation Platform/src/KChief.DataAccess/KChief.DataAccess.csproj" (8:2) is building "/home/saidul/Desktop/K-Chief Marine Automation Platform/src/KChief.Platform.Core/KChief.Platform.Core.csproj" (10:4) on node 1 (_GenerateRestoreProjectPathWalk target(s)).
  10:4>Target "_GenerateRestoreProjectPathWalk" skipped. Previously built successfully.
  10:4>Done Building Project "/home/saidul/Desktop/K-Chief Marine Automation Platform/src/KChief.Platform.Core/KChief.Platform.Core.csproj" (_GenerateRestoreProjectPathWalk target(s)).
   7:2>Project "/home/saidul/Desktop/K-Chief Marine Automation Platform/src/KChief.AlarmSystem/KChief.AlarmSystem.csproj" (7:2) is building "/home/saidul/Desktop/K-Chief Marine Automation Platform/src/KChief.Platform.Core/KChief.Platform.Core.csproj" (10:5) on node 1 (_GenerateRestoreProjectPathWalk target(s)).
  10:5>Target "_GenerateRestoreProjectPathWalk" skipped. Previously built successfully.
  10:5>Done Building Project "/home/saidul/Desktop/K-Chief Marine Automation Platform/src/KChief.Platform.Core/KChief.Platform.Core.csproj" (_GenerateRestoreProjectPathWalk target(s)).
   2:2>Project "/home/saidul/Desktop/K-Chief Marine Automation Platform/src/KChief.VesselControl/KChief.VesselControl.csproj" (2:2) is building "/home/saidul/Desktop/K-Chief Marine Automation Platform/src/KChief.Platform.Core/KChief.Platform.Core.csproj" (10:6) on node 1 (_GenerateRestoreProjectPathWalk target(s)).
  10:6>Target "_GenerateRestoreProjectPathWalk" skipped. Previously built successfully.
  10:6>Done Building Project "/home/saidul/Desktop/K-Chief Marine Automation Platform/src/KChief.Platform.Core/KChief.Platform.Core.csproj" (_GenerateRestoreProjectPathWalk target(s)).
   3:2>Project "/home/saidul/Desktop/K-Chief Marine Automation Platform/tests/KChief.Platform.Tests/KChief.Platform.Tests.csproj" (3:2) is building "/home/saidul/Desktop/K-Chief Marine Automation Platform/src/KChief.Platform.Core/KChief.Platform.Core.csproj" (10:7) on node 1 (_GenerateRestoreProjectPathWalk target(s)).
  10:7>Target "_GenerateRestoreProjectPathWalk" skipped. Previously built successfully.
  10:7>Done Building Project "/home/saidul/Desktop/K-Chief Marine Automation Platform/src/KChief.Platform.Core/KChief.Platform.Core.csproj" (_GenerateRestoreProjectPathWalk target(s)).
   4:2>Project "/home/saidul/Desktop/K-Chief Marine Automation Platform/src/KChief.Protocols.Modbus/KChief.Protocols.Modbus.csproj" (4:2) is building "/home/saidul/Desktop/K-Chief Marine Automation Platform/src/KChief.Platform.Core/KChief.Platform.Core.csproj" (10:8) on node 1 (_GenerateRestoreProjectPathWalk target(s)).
  10:8>Target "_GenerateRestoreProjectPathWalk" skipped. Previously built successfully.
  10:8>Done Building Project "/home/saidul/Desktop/K-Chief Marine Automation Platform/src/KChief.Platform.Core/KChief.Platform.Core.csproj" (_GenerateRestoreProjectPathWalk target(s)).
   5:2>Project "/home/saidul/Desktop/K-Chief Marine Automation Platform/src/KChief.Protocols.OPC/KChief.Protocols.OPC.csproj" (5:2) is building "/home/saidul/Desktop/K-Chief Marine Automation Platform/src/KChief.Platform.Core/KChief.Platform.Core.csproj" (10:9) on node 1 (_GenerateRestoreProjectPathWalk target(s)).
  10:9>Target "_GenerateRestoreProjectPathWalk" skipped. Previously built successfully.
  10:9>Done Building Project "/home/saidul/Desktop/K-Chief Marine Automation Platform/src/KChief.Platform.Core/KChief.Platform.Core.csproj" (_GenerateRestoreProjectPathWalk target(s)).
   4:2>Done executing task "MSBuild".
   5:2>Done executing task "MSBuild".
   4:2>_GenerateRestoreProjectPathWalk:
       Task "MSBuild" skipped, due to false condition; ( '$(RestoreUseSkipNonexistentTargets)' != 'true' ) was evaluated as ( 'true' != 'true' ).
   5:2>_GenerateRestoreProjectPathWalk:
       Task "MSBuild" skipped, due to false condition; ( '$(RestoreUseSkipNonexistentTargets)' != 'true' ) was evaluated as ( 'true' != 'true' ).
   4:2>Task "RemoveDuplicates"
   5:2>Task "RemoveDuplicates"
   4:2>Done executing task "RemoveDuplicates".
   4:2>Done building target "_GenerateRestoreProjectPathWalk" in project "KChief.Protocols.Modbus.csproj".
   5:2>Done executing task "RemoveDuplicates".
   7:2>Done executing task "MSBuild".
   5:2>Done building target "_GenerateRestoreProjectPathWalk" in project "KChief.Protocols.OPC.csproj".
   5:2>Done Building Project "/home/saidul/Desktop/K-Chief Marine Automation Platform/src/KChief.Protocols.OPC/KChief.Protocols.OPC.csproj" (_GenerateRestoreProjectPathWalk target(s)).
   8:2>Done executing task "MSBuild".
       Task "MSBuild" skipped, due to false condition; ( '$(RestoreUseSkipNonexistentTargets)' != 'true' ) was evaluated as ( 'true' != 'true' ).
   4:2>Done Building Project "/home/saidul/Desktop/K-Chief Marine Automation Platform/src/KChief.Protocols.Modbus/KChief.Protocols.Modbus.csproj" (_GenerateRestoreProjectPathWalk target(s)).
   8:2>Task "RemoveDuplicates"
   7:2>_GenerateRestoreProjectPathWalk:
       Task "MSBuild" skipped, due to false condition; ( '$(RestoreUseSkipNonexistentTargets)' != 'true' ) was evaluated as ( 'true' != 'true' ).
       Task "RemoveDuplicates"
       Done executing task "RemoveDuplicates".
   7:2>Done building target "_GenerateRestoreProjectPathWalk" in project "KChief.AlarmSystem.csproj".
   7:2>Done Building Project "/home/saidul/Desktop/K-Chief Marine Automation Platform/src/KChief.AlarmSystem/KChief.AlarmSystem.csproj" (_GenerateRestoreProjectPathWalk target(s)).
   8:2>Done executing task "RemoveDuplicates".
   8:2>Done building target "_GenerateRestoreProjectPathWalk" in project "KChief.DataAccess.csproj".
   8:2>Done Building Project "/home/saidul/Desktop/K-Chief Marine Automation Platform/src/KChief.DataAccess/KChief.DataAccess.csproj" (_GenerateRestoreProjectPathWalk target(s)).
   9:2>Project "/home/saidul/Desktop/K-Chief Marine Automation Platform/src/KChief.Platform.API/KChief.Platform.API.csproj" (9:2) is building "/home/saidul/Desktop/K-Chief Marine Automation Platform/src/KChief.AlarmSystem/KChief.AlarmSystem.csproj" (7:3) on node 5 (_GenerateRestoreProjectPathWalk target(s)).
   7:3>Target "_GenerateRestoreProjectPathWalk" skipped. Previously built successfully.
   7:3>Done Building Project "/home/saidul/Desktop/K-Chief Marine Automation Platform/src/KChief.AlarmSystem/KChief.AlarmSystem.csproj" (_GenerateRestoreProjectPathWalk target(s)).
   9:2>Project "/home/saidul/Desktop/K-Chief Marine Automation Platform/src/KChief.Platform.API/KChief.Platform.API.csproj" (9:2) is building "/home/saidul/Desktop/K-Chief Marine Automation Platform/src/KChief.Protocols.Modbus/KChief.Protocols.Modbus.csproj" (4:3) on node 8 (_GenerateRestoreProjectPathWalk target(s)).
   4:3>Target "_GenerateRestoreProjectPathWalk" skipped. Previously built successfully.
   4:3>Done Building Project "/home/saidul/Desktop/K-Chief Marine Automation Platform/src/KChief.Protocols.Modbus/KChief.Protocols.Modbus.csproj" (_GenerateRestoreProjectPathWalk target(s)).
   9:2>Project "/home/saidul/Desktop/K-Chief Marine Automation Platform/src/KChief.Platform.API/KChief.Platform.API.csproj" (9:2) is building "/home/saidul/Desktop/K-Chief Marine Automation Platform/src/KChief.Protocols.OPC/KChief.Protocols.OPC.csproj" (5:3) on node 3 (_GenerateRestoreProjectPathWalk target(s)).
   5:3>Target "_GenerateRestoreProjectPathWalk" skipped. Previously built successfully.
   5:3>Done Building Project "/home/saidul/Desktop/K-Chief Marine Automation Platform/src/KChief.Protocols.OPC/KChief.Protocols.OPC.csproj" (_GenerateRestoreProjectPathWalk target(s)).
   9:2>Project "/home/saidul/Desktop/K-Chief Marine Automation Platform/src/KChief.Platform.API/KChief.Platform.API.csproj" (9:2) is building "/home/saidul/Desktop/K-Chief Marine Automation Platform/src/KChief.DataAccess/KChief.DataAccess.csproj" (8:3) on node 6 (_GenerateRestoreProjectPathWalk target(s)).
   8:3>Target "_GenerateRestoreProjectPathWalk" skipped. Previously built successfully.
   8:3>Done Building Project "/home/saidul/Desktop/K-Chief Marine Automation Platform/src/KChief.DataAccess/KChief.DataAccess.csproj" (_GenerateRestoreProjectPathWalk target(s)).
   2:2>Project "/home/saidul/Desktop/K-Chief Marine Automation Platform/src/KChief.VesselControl/KChief.VesselControl.csproj" (2:2) is building "/home/saidul/Desktop/K-Chief Marine Automation Platform/src/KChief.DataAccess/KChief.DataAccess.csproj" (8:4) on node 6 (_GenerateRestoreProjectPathWalk target(s)).
   8:4>Target "_GenerateRestoreProjectPathWalk" skipped. Previously built successfully.
   8:4>Done Building Project "/home/saidul/Desktop/K-Chief Marine Automation Platform/src/KChief.DataAccess/KChief.DataAccess.csproj" (_GenerateRestoreProjectPathWalk target(s)).
   2:2>Done executing task "MSBuild".
       Task "MSBuild" skipped, due to false condition; ( '$(RestoreUseSkipNonexistentTargets)' != 'true' ) was evaluated as ( 'true' != 'true' ).
       Task "RemoveDuplicates"
       Done executing task "RemoveDuplicates".
   2:2>Done building target "_GenerateRestoreProjectPathWalk" in project "KChief.VesselControl.csproj".
   2:2>Done Building Project "/home/saidul/Desktop/K-Chief Marine Automation Platform/src/KChief.VesselControl/KChief.VesselControl.csproj" (_GenerateRestoreProjectPathWalk target(s)).
   9:2>Project "/home/saidul/Desktop/K-Chief Marine Automation Platform/src/KChief.Platform.API/KChief.Platform.API.csproj" (9:2) is building "/home/saidul/Desktop/K-Chief Marine Automation Platform/src/KChief.VesselControl/KChief.VesselControl.csproj" (2:3) on node 9 (_GenerateRestoreProjectPathWalk target(s)).
   2:3>Target "_GenerateRestoreProjectPathWalk" skipped. Previously built successfully.
   2:3>Done Building Project "/home/saidul/Desktop/K-Chief Marine Automation Platform/src/KChief.VesselControl/KChief.VesselControl.csproj" (_GenerateRestoreProjectPathWalk target(s)).
   3:2>Project "/home/saidul/Desktop/K-Chief Marine Automation Platform/tests/KChief.Platform.Tests/KChief.Platform.Tests.csproj" (3:2) is building "/home/saidul/Desktop/K-Chief Marine Automation Platform/src/KChief.VesselControl/KChief.VesselControl.csproj" (2:4) on node 9 (_GenerateRestoreProjectPathWalk target(s)).
   2:4>Target "_GenerateRestoreProjectPathWalk" skipped. Previously built successfully.
   2:4>Done Building Project "/home/saidul/Desktop/K-Chief Marine Automation Platform/src/KChief.VesselControl/KChief.VesselControl.csproj" (_GenerateRestoreProjectPathWalk target(s)).
   9:2>Done executing task "MSBuild".
       Task "MSBuild" skipped, due to false condition; ( '$(RestoreUseSkipNonexistentTargets)' != 'true' ) was evaluated as ( 'true' != 'true' ).
       Task "RemoveDuplicates"
       Done executing task "RemoveDuplicates".
   9:2>Done building target "_GenerateRestoreProjectPathWalk" in project "KChief.Platform.API.csproj".
   9:2>Done Building Project "/home/saidul/Desktop/K-Chief Marine Automation Platform/src/KChief.Platform.API/KChief.Platform.API.csproj" (_GenerateRestoreProjectPathWalk target(s)).
   3:2>Project "/home/saidul/Desktop/K-Chief Marine Automation Platform/tests/KChief.Platform.Tests/KChief.Platform.Tests.csproj" (3:2) is building "/home/saidul/Desktop/K-Chief Marine Automation Platform/src/KChief.Platform.API/KChief.Platform.API.csproj" (9:3) on node 7 (_GenerateRestoreProjectPathWalk target(s)).
   9:3>Target "_GenerateRestoreProjectPathWalk" skipped. Previously built successfully.
   9:3>Done Building Project "/home/saidul/Desktop/K-Chief Marine Automation Platform/src/KChief.Platform.API/KChief.Platform.API.csproj" (_GenerateRestoreProjectPathWalk target(s)).
   6:2>Project "/home/saidul/Desktop/K-Chief Marine Automation Platform/tests/KChief.Integration.Tests/KChief.Integration.Tests.csproj" (6:2) is building "/home/saidul/Desktop/K-Chief Marine Automation Platform/src/KChief.Platform.API/KChief.Platform.API.csproj" (9:4) on node 7 (_GenerateRestoreProjectPathWalk target(s)).
   9:4>Target "_GenerateRestoreProjectPathWalk" skipped. Previously built successfully.
   9:4>Done Building Project "/home/saidul/Desktop/K-Chief Marine Automation Platform/src/KChief.Platform.API/KChief.Platform.API.csproj" (_GenerateRestoreProjectPathWalk target(s)).
   6:2>Done executing task "MSBuild".
       Task "MSBuild" skipped, due to false condition; ( '$(RestoreUseSkipNonexistentTargets)' != 'true' ) was evaluated as ( 'true' != 'true' ).
       Task "RemoveDuplicates"
   3:2>Done executing task "MSBuild".
       Task "MSBuild" skipped, due to false condition; ( '$(RestoreUseSkipNonexistentTargets)' != 'true' ) was evaluated as ( 'true' != 'true' ).
       Task "RemoveDuplicates"
   6:2>Done executing task "RemoveDuplicates".
   6:2>Done building target "_GenerateRestoreProjectPathWalk" in project "KChief.Integration.Tests.csproj".
   3:2>Done executing task "RemoveDuplicates".
   6:2>Done Building Project "/home/saidul/Desktop/K-Chief Marine Automation Platform/tests/KChief.Integration.Tests/KChief.Integration.Tests.csproj" (_GenerateRestoreProjectPathWalk target(s)).
   3:2>Done building target "_GenerateRestoreProjectPathWalk" in project "KChief.Platform.Tests.csproj".
   3:2>Done Building Project "/home/saidul/Desktop/K-Chief Marine Automation Platform/tests/KChief.Platform.Tests/KChief.Platform.Tests.csproj" (_GenerateRestoreProjectPathWalk target(s)).
     1>Done executing task "MSBuild".
       Task "MSBuild" skipped, due to false condition; ( '$(RestoreUseSkipNonexistentTargets)' != 'true' ) was evaluated as ( 'true' != 'true' ).
       Task "RemoveDuplicates"
       Done executing task "RemoveDuplicates".
       Task "MSBuild"
         Global Properties:
           ExcludeRestorePackageImports=true
           _RestoreSolutionFileUsed=true
           SolutionDir=/home/saidul/Desktop/K-Chief Marine Automation Platform/
           SolutionName=KChief.MarineAutomationPlatform
           SolutionFileName=KChief.MarineAutomationPlatform.sln
           SolutionPath=/home/saidul/Desktop/K-Chief Marine Automation Platform/KChief.MarineAutomationPlatform.sln
           SolutionExt=.sln
         Additional Properties for project "/home/saidul/Desktop/K-Chief Marine Automation Platform/src/KChief.Platform.Core/KChief.Platform.Core.csproj":
           Configuration=Release
           Platform=AnyCPU
         Additional Properties for project "/home/saidul/Desktop/K-Chief Marine Automation Platform/src/KChief.DataAccess/KChief.DataAccess.csproj":
           Configuration=Release
           Platform=AnyCPU
         Additional Properties for project "/home/saidul/Desktop/K-Chief Marine Automation Platform/src/KChief.VesselControl/KChief.VesselControl.csproj":
           Configuration=Release
           Platform=AnyCPU
         Additional Properties for project "/home/saidul/Desktop/K-Chief Marine Automation Platform/src/KChief.AlarmSystem/KChief.AlarmSystem.csproj":
           Configuration=Release
           Platform=AnyCPU
         Additional Properties for project "/home/saidul/Desktop/K-Chief Marine Automation Platform/src/KChief.Protocols.OPC/KChief.Protocols.OPC.csproj":
           Configuration=Release
           Platform=AnyCPU
         Additional Properties for project "/home/saidul/Desktop/K-Chief Marine Automation Platform/src/KChief.Protocols.Modbus/KChief.Protocols.Modbus.csproj":
           Configuration=Release
           Platform=AnyCPU
         Additional Properties for project "/home/saidul/Desktop/K-Chief Marine Automation Platform/src/KChief.Platform.API/KChief.Platform.API.csproj":
           Configuration=Release
           Platform=AnyCPU
         Additional Properties for project "/home/saidul/Desktop/K-Chief Marine Automation Platform/tests/KChief.Platform.Tests/KChief.Platform.Tests.csproj":
           Configuration=Release
           Platform=AnyCPU
         Additional Properties for project "/home/saidul/Desktop/K-Chief Marine Automation Platform/tests/KChief.Integration.Tests/KChief.Integration.Tests.csproj":
           Configuration=Release
           Platform=AnyCPU
     1>Project "/home/saidul/Desktop/K-Chief Marine Automation Platform/KChief.MarineAutomationPlatform.sln" (1) is building "/home/saidul/Desktop/K-Chief Marine Automation Platform/src/KChief.Platform.Core/KChief.Platform.Core.csproj" (10:10) on node 1 (_IsProjectRestoreSupported target(s)).
 10:10>Target "_IsProjectRestoreSupported" skipped. Previously built successfully.
 10:10>Done Building Project "/home/saidul/Desktop/K-Chief Marine Automation Platform/src/KChief.Platform.Core/KChief.Platform.Core.csproj" (_IsProjectRestoreSupported target(s)).
     1>Project "/home/saidul/Desktop/K-Chief Marine Automation Platform/KChief.MarineAutomationPlatform.sln" (1) is building "/home/saidul/Desktop/K-Chief Marine Automation Platform/src/KChief.DataAccess/KChief.DataAccess.csproj" (8:5) on node 1 (_IsProjectRestoreSupported target(s)).
   8:5>Target "_IsProjectRestoreSupported" skipped. Previously built successfully.
   8:5>Done Building Project "/home/saidul/Desktop/K-Chief Marine Automation Platform/src/KChief.DataAccess/KChief.DataAccess.csproj" (_IsProjectRestoreSupported target(s)).
     1>Project "/home/saidul/Desktop/K-Chief Marine Automation Platform/KChief.MarineAutomationPlatform.sln" (1) is building "/home/saidul/Desktop/K-Chief Marine Automation Platform/src/KChief.VesselControl/KChief.VesselControl.csproj" (2:5) on node 1 (_IsProjectRestoreSupported target(s)).
   2:5>Target "_IsProjectRestoreSupported" skipped. Previously built successfully.
   2:5>Done Building Project "/home/saidul/Desktop/K-Chief Marine Automation Platform/src/KChief.VesselControl/KChief.VesselControl.csproj" (_IsProjectRestoreSupported target(s)).
     1>Project "/home/saidul/Desktop/K-Chief Marine Automation Platform/KChief.MarineAutomationPlatform.sln" (1) is building "/home/saidul/Desktop/K-Chief Marine Automation Platform/src/KChief.AlarmSystem/KChief.AlarmSystem.csproj" (7:4) on node 1 (_IsProjectRestoreSupported target(s)).
   7:4>Target "_IsProjectRestoreSupported" skipped. Previously built successfully.
   7:4>Done Building Project "/home/saidul/Desktop/K-Chief Marine Automation Platform/src/KChief.AlarmSystem/KChief.AlarmSystem.csproj" (_IsProjectRestoreSupported target(s)).
     1>Project "/home/saidul/Desktop/K-Chief Marine Automation Platform/KChief.MarineAutomationPlatform.sln" (1) is building "/home/saidul/Desktop/K-Chief Marine Automation Platform/src/KChief.Protocols.OPC/KChief.Protocols.OPC.csproj" (5:4) on node 1 (_IsProjectRestoreSupported target(s)).
   5:4>Target "_IsProjectRestoreSupported" skipped. Previously built successfully.
   5:4>Done Building Project "/home/saidul/Desktop/K-Chief Marine Automation Platform/src/KChief.Protocols.OPC/KChief.Protocols.OPC.csproj" (_IsProjectRestoreSupported target(s)).
     1>Project "/home/saidul/Desktop/K-Chief Marine Automation Platform/KChief.MarineAutomationPlatform.sln" (1) is building "/home/saidul/Desktop/K-Chief Marine Automation Platform/src/KChief.Protocols.Modbus/KChief.Protocols.Modbus.csproj" (4:4) on node 1 (_IsProjectRestoreSupported target(s)).
   4:4>Target "_IsProjectRestoreSupported" skipped. Previously built successfully.
   4:4>Done Building Project "/home/saidul/Desktop/K-Chief Marine Automation Platform/src/KChief.Protocols.Modbus/KChief.Protocols.Modbus.csproj" (_IsProjectRestoreSupported target(s)).
     1>Project "/home/saidul/Desktop/K-Chief Marine Automation Platform/KChief.MarineAutomationPlatform.sln" (1) is building "/home/saidul/Desktop/K-Chief Marine Automation Platform/src/KChief.Platform.API/KChief.Platform.API.csproj" (9:5) on node 1 (_IsProjectRestoreSupported target(s)).
   9:5>Target "_IsProjectRestoreSupported" skipped. Previously built successfully.
   9:5>Done Building Project "/home/saidul/Desktop/K-Chief Marine Automation Platform/src/KChief.Platform.API/KChief.Platform.API.csproj" (_IsProjectRestoreSupported target(s)).
     1>Project "/home/saidul/Desktop/K-Chief Marine Automation Platform/KChief.MarineAutomationPlatform.sln" (1) is building "/home/saidul/Desktop/K-Chief Marine Automation Platform/tests/KChief.Platform.Tests/KChief.Platform.Tests.csproj" (3:3) on node 1 (_IsProjectRestoreSupported target(s)).
   3:3>Target "_IsProjectRestoreSupported" skipped. Previously built successfully.
   3:3>Done Building Project "/home/saidul/Desktop/K-Chief Marine Automation Platform/tests/KChief.Platform.Tests/KChief.Platform.Tests.csproj" (_IsProjectRestoreSupported target(s)).
     1>Project "/home/saidul/Desktop/K-Chief Marine Automation Platform/KChief.MarineAutomationPlatform.sln" (1) is building "/home/saidul/Desktop/K-Chief Marine Automation Platform/tests/KChief.Integration.Tests/KChief.Integration.Tests.csproj" (6:3) on node 1 (_IsProjectRestoreSupported target(s)).
   6:3>Target "_IsProjectRestoreSupported" skipped. Previously built successfully.
   6:3>Done Building Project "/home/saidul/Desktop/K-Chief Marine Automation Platform/tests/KChief.Integration.Tests/KChief.Integration.Tests.csproj" (_IsProjectRestoreSupported target(s)).
     1>Done executing task "MSBuild".
       Task "MSBuild" skipped, due to false condition; ( '$(RestoreUseSkipNonexistentTargets)' != 'true' ) was evaluated as ( 'true' != 'true' ).
     1>Done building target "_GetAllRestoreProjectPathItems" in project "KChief.MarineAutomationPlatform.sln".
     1>Target "_GenerateRestoreGraph" in file "/usr/share/dotnet/sdk/8.0.415/NuGet.targets" from project "/home/saidul/Desktop/K-Chief Marine Automation Platform/KChief.MarineAutomationPlatform.sln" (target "Restore" depends on it):
       Task "Message"
         Generating dg file
       Done executing task "Message".
       Task "Message"
         /home/saidul/Desktop/K-Chief Marine Automation Platform/src/KChief.Platform.Core/KChief.Platform.Core.csproj
       Done executing task "Message".
       Task "Message"
         /home/saidul/Desktop/K-Chief Marine Automation Platform/src/KChief.DataAccess/KChief.DataAccess.csproj
       Done executing task "Message".
       Task "Message"
         /home/saidul/Desktop/K-Chief Marine Automation Platform/src/KChief.VesselControl/KChief.VesselControl.csproj
       Done executing task "Message".
       Task "Message"
         /home/saidul/Desktop/K-Chief Marine Automation Platform/src/KChief.AlarmSystem/KChief.AlarmSystem.csproj
       Done executing task "Message".
       Task "Message"
         /home/saidul/Desktop/K-Chief Marine Automation Platform/src/KChief.Protocols.OPC/KChief.Protocols.OPC.csproj
       Done executing task "Message".
       Task "Message"
         /home/saidul/Desktop/K-Chief Marine Automation Platform/src/KChief.Protocols.Modbus/KChief.Protocols.Modbus.csproj
       Done executing task "Message".
       Task "Message"
         /home/saidul/Desktop/K-Chief Marine Automation Platform/src/KChief.Platform.API/KChief.Platform.API.csproj
       Done executing task "Message".
       Task "Message"
         /home/saidul/Desktop/K-Chief Marine Automation Platform/tests/KChief.Platform.Tests/KChief.Platform.Tests.csproj
       Done executing task "Message".
       Task "Message"
         /home/saidul/Desktop/K-Chief Marine Automation Platform/tests/KChief.Integration.Tests/KChief.Integration.Tests.csproj
       Done executing task "Message".
       Task "MSBuild"
         Global Properties:
           ExcludeRestorePackageImports=true
           _RestoreSolutionFileUsed=true
           SolutionDir=/home/saidul/Desktop/K-Chief Marine Automation Platform/
           SolutionName=KChief.MarineAutomationPlatform
           SolutionFileName=KChief.MarineAutomationPlatform.sln
           SolutionPath=/home/saidul/Desktop/K-Chief Marine Automation Platform/KChief.MarineAutomationPlatform.sln
           SolutionExt=.sln
         Additional Properties for project "/home/saidul/Desktop/K-Chief Marine Automation Platform/src/KChief.Platform.Core/KChief.Platform.Core.csproj":
           Configuration=Release
           Platform=AnyCPU
         Additional Properties for project "/home/saidul/Desktop/K-Chief Marine Automation Platform/src/KChief.DataAccess/KChief.DataAccess.csproj":
           Configuration=Release
           Platform=AnyCPU
         Additional Properties for project "/home/saidul/Desktop/K-Chief Marine Automation Platform/src/KChief.VesselControl/KChief.VesselControl.csproj":
           Configuration=Release
           Platform=AnyCPU
         Additional Properties for project "/home/saidul/Desktop/K-Chief Marine Automation Platform/src/KChief.AlarmSystem/KChief.AlarmSystem.csproj":
           Configuration=Release
           Platform=AnyCPU
         Additional Properties for project "/home/saidul/Desktop/K-Chief Marine Automation Platform/src/KChief.Protocols.OPC/KChief.Protocols.OPC.csproj":
           Configuration=Release
           Platform=AnyCPU
         Additional Properties for project "/home/saidul/Desktop/K-Chief Marine Automation Platform/src/KChief.Protocols.Modbus/KChief.Protocols.Modbus.csproj":
           Configuration=Release
           Platform=AnyCPU
         Additional Properties for project "/home/saidul/Desktop/K-Chief Marine Automation Platform/src/KChief.Platform.API/KChief.Platform.API.csproj":
           Configuration=Release
           Platform=AnyCPU
         Additional Properties for project "/home/saidul/Desktop/K-Chief Marine Automation Platform/tests/KChief.Platform.Tests/KChief.Platform.Tests.csproj":
           Configuration=Release
           Platform=AnyCPU
         Additional Properties for project "/home/saidul/Desktop/K-Chief Marine Automation Platform/tests/KChief.Integration.Tests/KChief.Integration.Tests.csproj":
           Configuration=Release
           Platform=AnyCPU
     1>Project "/home/saidul/Desktop/K-Chief Marine Automation Platform/KChief.MarineAutomationPlatform.sln" (1) is building "/home/saidul/Desktop/K-Chief Marine Automation Platform/src/KChief.Platform.Core/KChief.Platform.Core.csproj" (10:11) on node 1 (_GenerateRestoreGraphProjectEntry target(s)).
 10:11>Target "_GetProjectJsonPath" in file "/usr/share/dotnet/sdk/8.0.415/NuGet.targets" from project "/home/saidul/Desktop/K-Chief Marine Automation Platform/src/KChief.Platform.Core/KChief.Platform.Core.csproj" (target "_GetRestoreProjectStyle" depends on it):
 10:11>Task "GetRestoreProjectJsonPathTask" skipped, due to false condition; ( '$(RestoreProjectStyle)' == 'ProjectJson' OR '$(RestoreProjectStyle)' == '' ) was evaluated as ( 'PackageReference' == 'ProjectJson' OR 'PackageReference' == '' ).
 10:11>Done building target "_GetProjectJsonPath" in project "KChief.Platform.Core.csproj".
       Target "_CheckForUnsupportedTargetPlatformIdentifier" skipped, due to false condition; ('$(TargetPlatformIdentifier)' != '' and '$(TargetFrameworkIdentifier)' == '.NETCoreApp' and $([MSBuild]::VersionGreaterThanOrEquals($(TargetFrameworkVersion), 5.0)) And ('$(DesignTimeBuild)' != 'true' Or '@(MissingWorkloadPack)' == '')) was evaluated as ('' != '' and '.NETCoreApp' == '.NETCoreApp' and True And ('' != 'true' Or '' == '')).
       Target "_CheckForMissingWorkload" skipped, due to false condition; ('@(MissingWorkloadPack)' != '' And '$(DesignTimeBuild)' != 'true') was evaluated as ('' != '' And '' != 'true').
 10:11>Target "_CheckForUnsupportedNETCoreVersion" in file "/usr/share/dotnet/sdk/8.0.415/Sdks/Microsoft.NET.Sdk/targets/Microsoft.NET.TargetFrameworkInference.targets" from project "/home/saidul/Desktop/K-Chief Marine Automation Platform/src/KChief.Platform.Core/KChief.Platform.Core.csproj" (target "CollectPackageReferences" depends on it):
       Task "NETSdkError" skipped, due to false condition; ('$(_TargetFrameworkVersionWithoutV)' > '$(NETCoreAppMaximumVersion)' and '$(DisplayVSMessage)' != 'true') was evaluated as ('8.0' > '8.0' and '' != 'true').
       Task "NETSdkError" skipped, due to false condition; ('$(DisplayVSMessage)' == 'true') was evaluated as ('' == 'true').
 10:11>Done building target "_CheckForUnsupportedNETCoreVersion" in project "KChief.Platform.Core.csproj".
     1>Project "/home/saidul/Desktop/K-Chief Marine Automation Platform/KChief.MarineAutomationPlatform.sln" (1) is building "/home/saidul/Desktop/K-Chief Marine Automation Platform/tests/KChief.Platform.Tests/KChief.Platform.Tests.csproj" (3:4) on node 4 (_GenerateRestoreGraphProjectEntry target(s)).
   3:4>Target "_GetProjectJsonPath" in file "/usr/share/dotnet/sdk/8.0.415/NuGet.targets" from project "/home/saidul/Desktop/K-Chief Marine Automation Platform/tests/KChief.Platform.Tests/KChief.Platform.Tests.csproj" (target "_GetRestoreProjectStyle" depends on it):
   3:4>Task "GetRestoreProjectJsonPathTask" skipped, due to false condition; ( '$(RestoreProjectStyle)' == 'ProjectJson' OR '$(RestoreProjectStyle)' == '' ) was evaluated as ( 'PackageReference' == 'ProjectJson' OR 'PackageReference' == '' ).
   3:4>Done building target "_GetProjectJsonPath" in project "KChief.Platform.Tests.csproj".
       Target "_CheckForUnsupportedTargetPlatformIdentifier" skipped, due to false condition; ('$(TargetPlatformIdentifier)' != '' and '$(TargetFrameworkIdentifier)' == '.NETCoreApp' and $([MSBuild]::VersionGreaterThanOrEquals($(TargetFrameworkVersion), 5.0)) And ('$(DesignTimeBuild)' != 'true' Or '@(MissingWorkloadPack)' == '')) was evaluated as ('' != '' and '.NETCoreApp' == '.NETCoreApp' and True And ('' != 'true' Or '' == '')).
       Target "_CheckForMissingWorkload" skipped, due to false condition; ('@(MissingWorkloadPack)' != '' And '$(DesignTimeBuild)' != 'true') was evaluated as ('' != '' And '' != 'true').
   3:4>Target "_CheckForUnsupportedNETCoreVersion" in file "/usr/share/dotnet/sdk/8.0.415/Sdks/Microsoft.NET.Sdk/targets/Microsoft.NET.TargetFrameworkInference.targets" from project "/home/saidul/Desktop/K-Chief Marine Automation Platform/tests/KChief.Platform.Tests/KChief.Platform.Tests.csproj" (target "CollectPackageReferences" depends on it):
       Task "NETSdkError" skipped, due to false condition; ('$(_TargetFrameworkVersionWithoutV)' > '$(NETCoreAppMaximumVersion)' and '$(DisplayVSMessage)' != 'true') was evaluated as ('8.0' > '8.0' and '' != 'true').
       Task "NETSdkError" skipped, due to false condition; ('$(DisplayVSMessage)' == 'true') was evaluated as ('' == 'true').
   3:4>Done building target "_CheckForUnsupportedNETCoreVersion" in project "KChief.Platform.Tests.csproj".
       Target "_CheckForEolTargetFrameworks" skipped, due to false condition; ('@(_EolNetCoreTargetFrameworkVersions->AnyHaveMetadataValue('Identity', '$(_TargetFrameworkVersionWithoutV)'))' and '$(TargetFrameworkIdentifier)' == '.NETCoreApp' and '$(CheckEolTargetFramework)' == 'true') was evaluated as ('false' and '.NETCoreApp' == '.NETCoreApp' and '' == 'true').
       Target "_CheckForEolWorkloads" skipped, due to false condition; ('@(EolWorkload)' != '' and '$(CheckEolWorkloads)' == 'true') was evaluated as ('' != '' and 'true' == 'true').
   3:4>Target "_CheckForUnsupportedCppNETCoreVersion" in file "/usr/share/dotnet/sdk/8.0.415/Sdks/Microsoft.NET.Sdk/targets/Microsoft.NET.TargetFrameworkInference.targets" from project "/home/saidul/Desktop/K-Chief Marine Automation Platform/tests/KChief.Platform.Tests/KChief.Platform.Tests.csproj" (target "CollectPackageReferences" depends on it):
       Task "NETSdkError" skipped, due to false condition; ('$(TargetFrameworkIdentifier)' == '.NETCoreApp' and '$(_TargetFrameworkVersionWithoutV)' < '3.1' and ('$(Language)' == 'C++' and '$(_EnablePackageReferencesInVCProjects)' != 'true')) was evaluated as ('.NETCoreApp' == '.NETCoreApp' and '8.0' < '3.1' and ('C#' == 'C++' and '' != 'true')).
   3:4>Done building target "_CheckForUnsupportedCppNETCoreVersion" in project "KChief.Platform.Tests.csproj".
       Target "_CheckForUnsupportedNETStandardVersion" skipped, due to false condition; ('$(TargetFrameworkIdentifier)' == '.NETStandard' And '$(NETStandardMaximumVersion)' != '') was evaluated as ('.NETCoreApp' == '.NETStandard' And '' != '').
       Target "_CheckForUnsupportedTargetFrameworkAndFeatureCombination" skipped, due to false condition; ('$(TargetFrameworkIdentifier)' == '.NETFramework') was evaluated as ('.NETCoreApp' == '.NETFramework').
   3:4>Target "UpdateAspNetToFrameworkReference" in file "/usr/share/dotnet/sdk/8.0.415/Sdks/Microsoft.NET.Sdk/targets/Microsoft.NET.Sdk.DefaultItems.Shared.targets" from project "/home/saidul/Desktop/K-Chief Marine Automation Platform/tests/KChief.Platform.Tests/KChief.Platform.Tests.csproj" (target "ApplyImplicitVersions" depends on it):
       Using "CheckIfPackageReferenceShouldBeFrameworkReference" task from assembly "/usr/share/dotnet/sdk/8.0.415/Sdks/Microsoft.NET.Sdk/targets/../tools/net8.0/Microsoft.NET.Build.Tasks.dll".
       Task "CheckIfPackageReferenceShouldBeFrameworkReference"
     1>Project "/home/saidul/Desktop/K-Chief Marine Automation Platform/KChief.MarineAutomationPlatform.sln" (1) is building "/home/saidul/Desktop/K-Chief Marine Automation Platform/src/KChief.Protocols.Modbus/KChief.Protocols.Modbus.csproj" (4:5) on node 8 (_GenerateRestoreGraphProjectEntry target(s)).
   4:5>Target "_GetProjectJsonPath" in file "/usr/share/dotnet/sdk/8.0.415/NuGet.targets" from project "/home/saidul/Desktop/K-Chief Marine Automation Platform/src/KChief.Protocols.Modbus/KChief.Protocols.Modbus.csproj" (target "_GetRestoreProjectStyle" depends on it):
   4:5>Task "GetRestoreProjectJsonPathTask" skipped, due to false condition; ( '$(RestoreProjectStyle)' == 'ProjectJson' OR '$(RestoreProjectStyle)' == '' ) was evaluated as ( 'PackageReference' == 'ProjectJson' OR 'PackageReference' == '' ).
   4:5>Done building target "_GetProjectJsonPath" in project "KChief.Protocols.Modbus.csproj".
       Target "_CheckForUnsupportedTargetPlatformIdentifier" skipped, due to false condition; ('$(TargetPlatformIdentifier)' != '' and '$(TargetFrameworkIdentifier)' == '.NETCoreApp' and $([MSBuild]::VersionGreaterThanOrEquals($(TargetFrameworkVersion), 5.0)) And ('$(DesignTimeBuild)' != 'true' Or '@(MissingWorkloadPack)' == '')) was evaluated as ('' != '' and '.NETCoreApp' == '.NETCoreApp' and True And ('' != 'true' Or '' == '')).
       Target "_CheckForMissingWorkload" skipped, due to false condition; ('@(MissingWorkloadPack)' != '' And '$(DesignTimeBuild)' != 'true') was evaluated as ('' != '' And '' != 'true').
   4:5>Target "_CheckForUnsupportedNETCoreVersion" in file "/usr/share/dotnet/sdk/8.0.415/Sdks/Microsoft.NET.Sdk/targets/Microsoft.NET.TargetFrameworkInference.targets" from project "/home/saidul/Desktop/K-Chief Marine Automation Platform/src/KChief.Protocols.Modbus/KChief.Protocols.Modbus.csproj" (target "CollectPackageReferences" depends on it):
       Task "NETSdkError" skipped, due to false condition; ('$(_TargetFrameworkVersionWithoutV)' > '$(NETCoreAppMaximumVersion)' and '$(DisplayVSMessage)' != 'true') was evaluated as ('8.0' > '8.0' and '' != 'true').
       Task "NETSdkError" skipped, due to false condition; ('$(DisplayVSMessage)' == 'true') was evaluated as ('' == 'true').
   4:5>Done building target "_CheckForUnsupportedNETCoreVersion" in project "KChief.Protocols.Modbus.csproj".
       Target "_CheckForEolTargetFrameworks" skipped, due to false condition; ('@(_EolNetCoreTargetFrameworkVersions->AnyHaveMetadataValue('Identity', '$(_TargetFrameworkVersionWithoutV)'))' and '$(TargetFrameworkIdentifier)' == '.NETCoreApp' and '$(CheckEolTargetFramework)' == 'true') was evaluated as ('false' and '.NETCoreApp' == '.NETCoreApp' and '' == 'true').
       Target "_CheckForEolWorkloads" skipped, due to false condition; ('@(EolWorkload)' != '' and '$(CheckEolWorkloads)' == 'true') was evaluated as ('' != '' and 'true' == 'true').
   4:5>Target "_CheckForUnsupportedCppNETCoreVersion" in file "/usr/share/dotnet/sdk/8.0.415/Sdks/Microsoft.NET.Sdk/targets/Microsoft.NET.TargetFrameworkInference.targets" from project "/home/saidul/Desktop/K-Chief Marine Automation Platform/src/KChief.Protocols.Modbus/KChief.Protocols.Modbus.csproj" (target "CollectPackageReferences" depends on it):
       Task "NETSdkError" skipped, due to false condition; ('$(TargetFrameworkIdentifier)' == '.NETCoreApp' and '$(_TargetFrameworkVersionWithoutV)' < '3.1' and ('$(Language)' == 'C++' and '$(_EnablePackageReferencesInVCProjects)' != 'true')) was evaluated as ('.NETCoreApp' == '.NETCoreApp' and '8.0' < '3.1' and ('C#' == 'C++' and '' != 'true')).
   4:5>Done building target "_CheckForUnsupportedCppNETCoreVersion" in project "KChief.Protocols.Modbus.csproj".
 10:11>Target "_CheckForEolTargetFrameworks" skipped, due to false condition; ('@(_EolNetCoreTargetFrameworkVersions->AnyHaveMetadataValue('Identity', '$(_TargetFrameworkVersionWithoutV)'))' and '$(TargetFrameworkIdentifier)' == '.NETCoreApp' and '$(CheckEolTargetFramework)' == 'true') was evaluated as ('false' and '.NETCoreApp' == '.NETCoreApp' and '' == 'true').
   4:5>Target "_CheckForUnsupportedNETStandardVersion" skipped, due to false condition; ('$(TargetFrameworkIdentifier)' == '.NETStandard' And '$(NETStandardMaximumVersion)' != '') was evaluated as ('.NETCoreApp' == '.NETStandard' And '' != '').
       Target "_CheckForUnsupportedTargetFrameworkAndFeatureCombination" skipped, due to false condition; ('$(TargetFrameworkIdentifier)' == '.NETFramework') was evaluated as ('.NETCoreApp' == '.NETFramework').
 10:11>Target "_CheckForEolWorkloads" skipped, due to false condition; ('@(EolWorkload)' != '' and '$(CheckEolWorkloads)' == 'true') was evaluated as ('' != '' and 'true' == 'true').
   3:4>Done executing task "CheckIfPackageReferenceShouldBeFrameworkReference".
       Task "NETSdkError" skipped, due to false condition; ('$(_ShouldRemoveAspNetCoreAll)' == 'true') was evaluated as ('False' == 'true').
     1>Project "/home/saidul/Desktop/K-Chief Marine Automation Platform/KChief.MarineAutomationPlatform.sln" (1) is building "/home/saidul/Desktop/K-Chief Marine Automation Platform/src/KChief.VesselControl/KChief.VesselControl.csproj" (2:6) on node 9 (_GenerateRestoreGraphProjectEntry target(s)).
   2:6>Target "_GetProjectJsonPath" in file "/usr/share/dotnet/sdk/8.0.415/NuGet.targets" from project "/home/saidul/Desktop/K-Chief Marine Automation Platform/src/KChief.VesselControl/KChief.VesselControl.csproj" (target "_GetRestoreProjectStyle" depends on it):
   2:6>Task "GetRestoreProjectJsonPathTask" skipped, due to false condition; ( '$(RestoreProjectStyle)' == 'ProjectJson' OR '$(RestoreProjectStyle)' == '' ) was evaluated as ( 'PackageReference' == 'ProjectJson' OR 'PackageReference' == '' ).
   3:4>Task "CheckIfPackageReferenceShouldBeFrameworkReference"
 10:11>Target "_CheckForUnsupportedCppNETCoreVersion" in file "/usr/share/dotnet/sdk/8.0.415/Sdks/Microsoft.NET.Sdk/targets/Microsoft.NET.TargetFrameworkInference.targets" from project "/home/saidul/Desktop/K-Chief Marine Automation Platform/src/KChief.Platform.Core/KChief.Platform.Core.csproj" (target "CollectPackageReferences" depends on it):
 10:11>Task "NETSdkError" skipped, due to false condition; ('$(TargetFrameworkIdentifier)' == '.NETCoreApp' and '$(_TargetFrameworkVersionWithoutV)' < '3.1' and ('$(Language)' == 'C++' and '$(_EnablePackageReferencesInVCProjects)' != 'true')) was evaluated as ('.NETCoreApp' == '.NETCoreApp' and '8.0' < '3.1' and ('C#' == 'C++' and '' != 'true')).
   2:6>Done building target "_GetProjectJsonPath" in project "KChief.VesselControl.csproj".
 10:11>Done building target "_CheckForUnsupportedCppNETCoreVersion" in project "KChief.Platform.Core.csproj".
   2:6>Target "_CheckForUnsupportedTargetPlatformIdentifier" skipped, due to false condition; ('$(TargetPlatformIdentifier)' != '' and '$(TargetFrameworkIdentifier)' == '.NETCoreApp' and $([MSBuild]::VersionGreaterThanOrEquals($(TargetFrameworkVersion), 5.0)) And ('$(DesignTimeBuild)' != 'true' Or '@(MissingWorkloadPack)' == '')) was evaluated as ('' != '' and '.NETCoreApp' == '.NETCoreApp' and True And ('' != 'true' Or '' == '')).
 10:11>Target "_CheckForUnsupportedNETStandardVersion" skipped, due to false condition; ('$(TargetFrameworkIdentifier)' == '.NETStandard' And '$(NETStandardMaximumVersion)' != '') was evaluated as ('.NETCoreApp' == '.NETStandard' And '' != '').
   2:6>Target "_CheckForMissingWorkload" skipped, due to false condition; ('@(MissingWorkloadPack)' != '' And '$(DesignTimeBuild)' != 'true') was evaluated as ('' != '' And '' != 'true').
 10:11>Target "_CheckForUnsupportedTargetFrameworkAndFeatureCombination" skipped, due to false condition; ('$(TargetFrameworkIdentifier)' == '.NETFramework') was evaluated as ('.NETCoreApp' == '.NETFramework').
     1>Project "/home/saidul/Desktop/K-Chief Marine Automation Platform/KChief.MarineAutomationPlatform.sln" (1) is building "/home/saidul/Desktop/K-Chief Marine Automation Platform/src/KChief.AlarmSystem/KChief.AlarmSystem.csproj" (7:5) on node 5 (_GenerateRestoreGraphProjectEntry target(s)).
   7:5>Target "_GetProjectJsonPath" in file "/usr/share/dotnet/sdk/8.0.415/NuGet.targets" from project "/home/saidul/Desktop/K-Chief Marine Automation Platform/src/KChief.AlarmSystem/KChief.AlarmSystem.csproj" (target "_GetRestoreProjectStyle" depends on it):
   7:5>Task "GetRestoreProjectJsonPathTask" skipped, due to false condition; ( '$(RestoreProjectStyle)' == 'ProjectJson' OR '$(RestoreProjectStyle)' == '' ) was evaluated as ( 'PackageReference' == 'ProjectJson' OR 'PackageReference' == '' ).
   7:5>Done building target "_GetProjectJsonPath" in project "KChief.AlarmSystem.csproj".
   2:6>Target "_CheckForUnsupportedNETCoreVersion" in file "/usr/share/dotnet/sdk/8.0.415/Sdks/Microsoft.NET.Sdk/targets/Microsoft.NET.TargetFrameworkInference.targets" from project "/home/saidul/Desktop/K-Chief Marine Automation Platform/src/KChief.VesselControl/KChief.VesselControl.csproj" (target "CollectPackageReferences" depends on it):
   2:6>Task "NETSdkError" skipped, due to false condition; ('$(_TargetFrameworkVersionWithoutV)' > '$(NETCoreAppMaximumVersion)' and '$(DisplayVSMessage)' != 'true') was evaluated as ('8.0' > '8.0' and '' != 'true').
   7:5>Target "_CheckForUnsupportedTargetPlatformIdentifier" skipped, due to false condition; ('$(TargetPlatformIdentifier)' != '' and '$(TargetFrameworkIdentifier)' == '.NETCoreApp' and $([MSBuild]::VersionGreaterThanOrEquals($(TargetFrameworkVersion), 5.0)) And ('$(DesignTimeBuild)' != 'true' Or '@(MissingWorkloadPack)' == '')) was evaluated as ('' != '' and '.NETCoreApp' == '.NETCoreApp' and True And ('' != 'true' Or '' == '')).
   2:6>_CheckForUnsupportedNETCoreVersion:
       Task "NETSdkError" skipped, due to false condition; ('$(DisplayVSMessage)' == 'true') was evaluated as ('' == 'true').
   7:5>Target "_CheckForMissingWorkload" skipped, due to false condition; ('@(MissingWorkloadPack)' != '' And '$(DesignTimeBuild)' != 'true') was evaluated as ('' != '' And '' != 'true').
   2:6>Done building target "_CheckForUnsupportedNETCoreVersion" in project "KChief.VesselControl.csproj".
       Target "_CheckForEolTargetFrameworks" skipped, due to false condition; ('@(_EolNetCoreTargetFrameworkVersions->AnyHaveMetadataValue('Identity', '$(_TargetFrameworkVersionWithoutV)'))' and '$(TargetFrameworkIdentifier)' == '.NETCoreApp' and '$(CheckEolTargetFramework)' == 'true') was evaluated as ('false' and '.NETCoreApp' == '.NETCoreApp' and '' == 'true').
   7:5>Target "_CheckForUnsupportedNETCoreVersion" in file "/usr/share/dotnet/sdk/8.0.415/Sdks/Microsoft.NET.Sdk/targets/Microsoft.NET.TargetFrameworkInference.targets" from project "/home/saidul/Desktop/K-Chief Marine Automation Platform/src/KChief.AlarmSystem/KChief.AlarmSystem.csproj" (target "CollectPackageReferences" depends on it):
   7:5>Task "NETSdkError" skipped, due to false condition; ('$(_TargetFrameworkVersionWithoutV)' > '$(NETCoreAppMaximumVersion)' and '$(DisplayVSMessage)' != 'true') was evaluated as ('8.0' > '8.0' and '' != 'true').
   2:6>Target "_CheckForEolWorkloads" skipped, due to false condition; ('@(EolWorkload)' != '' and '$(CheckEolWorkloads)' == 'true') was evaluated as ('' != '' and 'true' == 'true').
   7:5>_CheckForUnsupportedNETCoreVersion:
       Task "NETSdkError" skipped, due to false condition; ('$(DisplayVSMessage)' == 'true') was evaluated as ('' == 'true').
   7:5>Done building target "_CheckForUnsupportedNETCoreVersion" in project "KChief.AlarmSystem.csproj".
   2:6>Target "_CheckForUnsupportedCppNETCoreVersion" in file "/usr/share/dotnet/sdk/8.0.415/Sdks/Microsoft.NET.Sdk/targets/Microsoft.NET.TargetFrameworkInference.targets" from project "/home/saidul/Desktop/K-Chief Marine Automation Platform/src/KChief.VesselControl/KChief.VesselControl.csproj" (target "CollectPackageReferences" depends on it):
   2:6>Task "NETSdkError" skipped, due to false condition; ('$(TargetFrameworkIdentifier)' == '.NETCoreApp' and '$(_TargetFrameworkVersionWithoutV)' < '3.1' and ('$(Language)' == 'C++' and '$(_EnablePackageReferencesInVCProjects)' != 'true')) was evaluated as ('.NETCoreApp' == '.NETCoreApp' and '8.0' < '3.1' and ('C#' == 'C++' and '' != 'true')).
   7:5>Target "_CheckForEolTargetFrameworks" skipped, due to false condition; ('@(_EolNetCoreTargetFrameworkVersions->AnyHaveMetadataValue('Identity', '$(_TargetFrameworkVersionWithoutV)'))' and '$(TargetFrameworkIdentifier)' == '.NETCoreApp' and '$(CheckEolTargetFramework)' == 'true') was evaluated as ('false' and '.NETCoreApp' == '.NETCoreApp' and '' == 'true').
   2:6>Done building target "_CheckForUnsupportedCppNETCoreVersion" in project "KChief.VesselControl.csproj".
   7:5>Target "_CheckForEolWorkloads" skipped, due to false condition; ('@(EolWorkload)' != '' and '$(CheckEolWorkloads)' == 'true') was evaluated as ('' != '' and 'true' == 'true').
   2:6>Target "_CheckForUnsupportedNETStandardVersion" skipped, due to false condition; ('$(TargetFrameworkIdentifier)' == '.NETStandard' And '$(NETStandardMaximumVersion)' != '') was evaluated as ('.NETCoreApp' == '.NETStandard' And '' != '').
       Target "_CheckForUnsupportedTargetFrameworkAndFeatureCombination" skipped, due to false condition; ('$(TargetFrameworkIdentifier)' == '.NETFramework') was evaluated as ('.NETCoreApp' == '.NETFramework').
   7:5>Target "_CheckForUnsupportedCppNETCoreVersion" in file "/usr/share/dotnet/sdk/8.0.415/Sdks/Microsoft.NET.Sdk/targets/Microsoft.NET.TargetFrameworkInference.targets" from project "/home/saidul/Desktop/K-Chief Marine Automation Platform/src/KChief.AlarmSystem/KChief.AlarmSystem.csproj" (target "CollectPackageReferences" depends on it):
   7:5>Task "NETSdkError" skipped, due to false condition; ('$(TargetFrameworkIdentifier)' == '.NETCoreApp' and '$(_TargetFrameworkVersionWithoutV)' < '3.1' and ('$(Language)' == 'C++' and '$(_EnablePackageReferencesInVCProjects)' != 'true')) was evaluated as ('.NETCoreApp' == '.NETCoreApp' and '8.0' < '3.1' and ('C#' == 'C++' and '' != 'true')).
   7:5>Done building target "_CheckForUnsupportedCppNETCoreVersion" in project "KChief.AlarmSystem.csproj".
   2:6>Target "UpdateAspNetToFrameworkReference" in file "/usr/share/dotnet/sdk/8.0.415/Sdks/Microsoft.NET.Sdk/targets/Microsoft.NET.Sdk.DefaultItems.Shared.targets" from project "/home/saidul/Desktop/K-Chief Marine Automation Platform/src/KChief.VesselControl/KChief.VesselControl.csproj" (target "ApplyImplicitVersions" depends on it):
   2:6>Using "CheckIfPackageReferenceShouldBeFrameworkReference" task from assembly "/usr/share/dotnet/sdk/8.0.415/Sdks/Microsoft.NET.Sdk/targets/../tools/net8.0/Microsoft.NET.Build.Tasks.dll".
   7:5>Target "_CheckForUnsupportedNETStandardVersion" skipped, due to false condition; ('$(TargetFrameworkIdentifier)' == '.NETStandard' And '$(NETStandardMaximumVersion)' != '') was evaluated as ('.NETCoreApp' == '.NETStandard' And '' != '').
   2:6>Task "CheckIfPackageReferenceShouldBeFrameworkReference"
   7:5>Target "_CheckForUnsupportedTargetFrameworkAndFeatureCombination" skipped, due to false condition; ('$(TargetFrameworkIdentifier)' == '.NETFramework') was evaluated as ('.NETCoreApp' == '.NETFramework').
   7:5>Target "UpdateAspNetToFrameworkReference" in file "/usr/share/dotnet/sdk/8.0.415/Sdks/Microsoft.NET.Sdk/targets/Microsoft.NET.Sdk.DefaultItems.Shared.targets" from project "/home/saidul/Desktop/K-Chief Marine Automation Platform/src/KChief.AlarmSystem/KChief.AlarmSystem.csproj" (target "ApplyImplicitVersions" depends on it):
       Using "CheckIfPackageReferenceShouldBeFrameworkReference" task from assembly "/usr/share/dotnet/sdk/8.0.415/Sdks/Microsoft.NET.Sdk/targets/../tools/net8.0/Microsoft.NET.Build.Tasks.dll".
       Task "CheckIfPackageReferenceShouldBeFrameworkReference"
     1>Project "/home/saidul/Desktop/K-Chief Marine Automation Platform/KChief.MarineAutomationPlatform.sln" (1) is building "/home/saidul/Desktop/K-Chief Marine Automation Platform/tests/KChief.Integration.Tests/KChief.Integration.Tests.csproj" (6:4) on node 2 (_GenerateRestoreGraphProjectEntry target(s)).
   6:4>Target "_GetProjectJsonPath" in file "/usr/share/dotnet/sdk/8.0.415/NuGet.targets" from project "/home/saidul/Desktop/K-Chief Marine Automation Platform/tests/KChief.Integration.Tests/KChief.Integration.Tests.csproj" (target "_GetRestoreProjectStyle" depends on it):
   6:4>Task "GetRestoreProjectJsonPathTask" skipped, due to false condition; ( '$(RestoreProjectStyle)' == 'ProjectJson' OR '$(RestoreProjectStyle)' == '' ) was evaluated as ( 'PackageReference' == 'ProjectJson' OR 'PackageReference' == '' ).
   7:5>Done executing task "CheckIfPackageReferenceShouldBeFrameworkReference".
   6:4>Done building target "_GetProjectJsonPath" in project "KChief.Integration.Tests.csproj".
   7:5>UpdateAspNetToFrameworkReference:
       Task "NETSdkError" skipped, due to false condition; ('$(_ShouldRemoveAspNetCoreAll)' == 'true') was evaluated as ('False' == 'true').
   6:4>Target "_CheckForUnsupportedTargetPlatformIdentifier" skipped, due to false condition; ('$(TargetPlatformIdentifier)' != '' and '$(TargetFrameworkIdentifier)' == '.NETCoreApp' and $([MSBuild]::VersionGreaterThanOrEquals($(TargetFrameworkVersion), 5.0)) And ('$(DesignTimeBuild)' != 'true' Or '@(MissingWorkloadPack)' == '')) was evaluated as ('' != '' and '.NETCoreApp' == '.NETCoreApp' and True And ('' != 'true' Or '' == '')).
   7:5>Task "CheckIfPackageReferenceShouldBeFrameworkReference"
   6:4>Target "_CheckForMissingWorkload" skipped, due to false condition; ('@(MissingWorkloadPack)' != '' And '$(DesignTimeBuild)' != 'true') was evaluated as ('' != '' And '' != 'true').
   3:4>Done executing task "CheckIfPackageReferenceShouldBeFrameworkReference".
   6:4>Target "_CheckForUnsupportedNETCoreVersion" in file "/usr/share/dotnet/sdk/8.0.415/Sdks/Microsoft.NET.Sdk/targets/Microsoft.NET.TargetFrameworkInference.targets" from project "/home/saidul/Desktop/K-Chief Marine Automation Platform/tests/KChief.Integration.Tests/KChief.Integration.Tests.csproj" (target "CollectPackageReferences" depends on it):
   6:4>Task "NETSdkError" skipped, due to false condition; ('$(_TargetFrameworkVersionWithoutV)' > '$(NETCoreAppMaximumVersion)' and '$(DisplayVSMessage)' != 'true') was evaluated as ('8.0' > '8.0' and '' != 'true').
       Task "NETSdkError" skipped, due to false condition; ('$(DisplayVSMessage)' == 'true') was evaluated as ('' == 'true').
   6:4>Done building target "_CheckForUnsupportedNETCoreVersion" in project "KChief.Integration.Tests.csproj".
       Target "_CheckForEolTargetFrameworks" skipped, due to false condition; ('@(_EolNetCoreTargetFrameworkVersions->AnyHaveMetadataValue('Identity', '$(_TargetFrameworkVersionWithoutV)'))' and '$(TargetFrameworkIdentifier)' == '.NETCoreApp' and '$(CheckEolTargetFramework)' == 'true') was evaluated as ('false' and '.NETCoreApp' == '.NETCoreApp' and '' == 'true').
       Target "_CheckForEolWorkloads" skipped, due to false condition; ('@(EolWorkload)' != '' and '$(CheckEolWorkloads)' == 'true') was evaluated as ('' != '' and 'true' == 'true').
   6:4>Target "_CheckForUnsupportedCppNETCoreVersion" in file "/usr/share/dotnet/sdk/8.0.415/Sdks/Microsoft.NET.Sdk/targets/Microsoft.NET.TargetFrameworkInference.targets" from project "/home/saidul/Desktop/K-Chief Marine Automation Platform/tests/KChief.Integration.Tests/KChief.Integration.Tests.csproj" (target "CollectPackageReferences" depends on it):
       Task "NETSdkError" skipped, due to false condition; ('$(TargetFrameworkIdentifier)' == '.NETCoreApp' and '$(_TargetFrameworkVersionWithoutV)' < '3.1' and ('$(Language)' == 'C++' and '$(_EnablePackageReferencesInVCProjects)' != 'true')) was evaluated as ('.NETCoreApp' == '.NETCoreApp' and '8.0' < '3.1' and ('C#' == 'C++' and '' != 'true')).
   6:4>Done building target "_CheckForUnsupportedCppNETCoreVersion" in project "KChief.Integration.Tests.csproj".
       Target "_CheckForUnsupportedNETStandardVersion" skipped, due to false condition; ('$(TargetFrameworkIdentifier)' == '.NETStandard' And '$(NETStandardMaximumVersion)' != '') was evaluated as ('.NETCoreApp' == '.NETStandard' And '' != '').
       Target "_CheckForUnsupportedTargetFrameworkAndFeatureCombination" skipped, due to false condition; ('$(TargetFrameworkIdentifier)' == '.NETFramework') was evaluated as ('.NETCoreApp' == '.NETFramework').
   6:4>Target "UpdateAspNetToFrameworkReference" in file "/usr/share/dotnet/sdk/8.0.415/Sdks/Microsoft.NET.Sdk/targets/Microsoft.NET.Sdk.DefaultItems.Shared.targets" from project "/home/saidul/Desktop/K-Chief Marine Automation Platform/tests/KChief.Integration.Tests/KChief.Integration.Tests.csproj" (target "ApplyImplicitVersions" depends on it):
       Using "CheckIfPackageReferenceShouldBeFrameworkReference" task from assembly "/usr/share/dotnet/sdk/8.0.415/Sdks/Microsoft.NET.Sdk/targets/../tools/net8.0/Microsoft.NET.Build.Tasks.dll".
       Task "CheckIfPackageReferenceShouldBeFrameworkReference"
     1>Project "/home/saidul/Desktop/K-Chief Marine Automation Platform/KChief.MarineAutomationPlatform.sln" (1) is building "/home/saidul/Desktop/K-Chief Marine Automation Platform/src/KChief.DataAccess/KChief.DataAccess.csproj" (8:6) on node 6 (_GenerateRestoreGraphProjectEntry target(s)).
   8:6>Target "_GetProjectJsonPath" in file "/usr/share/dotnet/sdk/8.0.415/NuGet.targets" from project "/home/saidul/Desktop/K-Chief Marine Automation Platform/src/KChief.DataAccess/KChief.DataAccess.csproj" (target "_GetRestoreProjectStyle" depends on it):
   8:6>Task "GetRestoreProjectJsonPathTask" skipped, due to false condition; ( '$(RestoreProjectStyle)' == 'ProjectJson' OR '$(RestoreProjectStyle)' == '' ) was evaluated as ( 'PackageReference' == 'ProjectJson' OR 'PackageReference' == '' ).
   8:6>Done building target "_GetProjectJsonPath" in project "KChief.DataAccess.csproj".
     1>Project "/home/saidul/Desktop/K-Chief Marine Automation Platform/KChief.MarineAutomationPlatform.sln" (1) is building "/home/saidul/Desktop/K-Chief Marine Automation Platform/src/KChief.Platform.API/KChief.Platform.API.csproj" (9:6) on node 7 (_GenerateRestoreGraphProjectEntry target(s)).
   9:6>Target "_GetProjectJsonPath" in file "/usr/share/dotnet/sdk/8.0.415/NuGet.targets" from project "/home/saidul/Desktop/K-Chief Marine Automation Platform/src/KChief.Platform.API/KChief.Platform.API.csproj" (target "_GetRestoreProjectStyle" depends on it):
   9:6>Task "GetRestoreProjectJsonPathTask" skipped, due to false condition; ( '$(RestoreProjectStyle)' == 'ProjectJson' OR '$(RestoreProjectStyle)' == '' ) was evaluated as ( 'PackageReference' == 'ProjectJson' OR 'PackageReference' == '' ).
   9:6>Done building target "_GetProjectJsonPath" in project "KChief.Platform.API.csproj".
   8:6>Target "_CheckForUnsupportedTargetPlatformIdentifier" skipped, due to false condition; ('$(TargetPlatformIdentifier)' != '' and '$(TargetFrameworkIdentifier)' == '.NETCoreApp' and $([MSBuild]::VersionGreaterThanOrEquals($(TargetFrameworkVersion), 5.0)) And ('$(DesignTimeBuild)' != 'true' Or '@(MissingWorkloadPack)' == '')) was evaluated as ('' != '' and '.NETCoreApp' == '.NETCoreApp' and True And ('' != 'true' Or '' == '')).
   9:6>Target "_CheckForUnsupportedTargetPlatformIdentifier" skipped, due to false condition; ('$(TargetPlatformIdentifier)' != '' and '$(TargetFrameworkIdentifier)' == '.NETCoreApp' and $([MSBuild]::VersionGreaterThanOrEquals($(TargetFrameworkVersion), 5.0)) And ('$(DesignTimeBuild)' != 'true' Or '@(MissingWorkloadPack)' == '')) was evaluated as ('' != '' and '.NETCoreApp' == '.NETCoreApp' and True And ('' != 'true' Or '' == '')).
   8:6>Target "_CheckForMissingWorkload" skipped, due to false condition; ('@(MissingWorkloadPack)' != '' And '$(DesignTimeBuild)' != 'true') was evaluated as ('' != '' And '' != 'true').
   9:6>Target "_CheckForMissingWorkload" skipped, due to false condition; ('@(MissingWorkloadPack)' != '' And '$(DesignTimeBuild)' != 'true') was evaluated as ('' != '' And '' != 'true').
   8:6>Target "_CheckForUnsupportedNETCoreVersion" in file "/usr/share/dotnet/sdk/8.0.415/Sdks/Microsoft.NET.Sdk/targets/Microsoft.NET.TargetFrameworkInference.targets" from project "/home/saidul/Desktop/K-Chief Marine Automation Platform/src/KChief.DataAccess/KChief.DataAccess.csproj" (target "CollectPackageReferences" depends on it):
   8:6>Task "NETSdkError" skipped, due to false condition; ('$(_TargetFrameworkVersionWithoutV)' > '$(NETCoreAppMaximumVersion)' and '$(DisplayVSMessage)' != 'true') was evaluated as ('8.0' > '8.0' and '' != 'true').
       Task "NETSdkError" skipped, due to false condition; ('$(DisplayVSMessage)' == 'true') was evaluated as ('' == 'true').
   9:6>Target "_CheckForUnsupportedNETCoreVersion" in file "/usr/share/dotnet/sdk/8.0.415/Sdks/Microsoft.NET.Sdk/targets/Microsoft.NET.TargetFrameworkInference.targets" from project "/home/saidul/Desktop/K-Chief Marine Automation Platform/src/KChief.Platform.API/KChief.Platform.API.csproj" (target "CollectPackageReferences" depends on it):
   9:6>Task "NETSdkError" skipped, due to false condition; ('$(_TargetFrameworkVersionWithoutV)' > '$(NETCoreAppMaximumVersion)' and '$(DisplayVSMessage)' != 'true') was evaluated as ('8.0' > '8.0' and '' != 'true').
   8:6>Done building target "_CheckForUnsupportedNETCoreVersion" in project "KChief.DataAccess.csproj".
   9:6>_CheckForUnsupportedNETCoreVersion:
       Task "NETSdkError" skipped, due to false condition; ('$(DisplayVSMessage)' == 'true') was evaluated as ('' == 'true').
   9:6>Done building target "_CheckForUnsupportedNETCoreVersion" in project "KChief.Platform.API.csproj".
   8:6>Target "_CheckForEolTargetFrameworks" skipped, due to false condition; ('@(_EolNetCoreTargetFrameworkVersions->AnyHaveMetadataValue('Identity', '$(_TargetFrameworkVersionWithoutV)'))' and '$(TargetFrameworkIdentifier)' == '.NETCoreApp' and '$(CheckEolTargetFramework)' == 'true') was evaluated as ('false' and '.NETCoreApp' == '.NETCoreApp' and '' == 'true').
       Target "_CheckForEolWorkloads" skipped, due to false condition; ('@(EolWorkload)' != '' and '$(CheckEolWorkloads)' == 'true') was evaluated as ('' != '' and 'true' == 'true').
   9:6>Target "_CheckForEolTargetFrameworks" skipped, due to false condition; ('@(_EolNetCoreTargetFrameworkVersions->AnyHaveMetadataValue('Identity', '$(_TargetFrameworkVersionWithoutV)'))' and '$(TargetFrameworkIdentifier)' == '.NETCoreApp' and '$(CheckEolTargetFramework)' == 'true') was evaluated as ('false' and '.NETCoreApp' == '.NETCoreApp' and 'true' == 'true').
       Target "_CheckForEolWorkloads" skipped, due to false condition; ('@(EolWorkload)' != '' and '$(CheckEolWorkloads)' == 'true') was evaluated as ('' != '' and 'true' == 'true').
   8:6>Target "_CheckForUnsupportedCppNETCoreVersion" in file "/usr/share/dotnet/sdk/8.0.415/Sdks/Microsoft.NET.Sdk/targets/Microsoft.NET.TargetFrameworkInference.targets" from project "/home/saidul/Desktop/K-Chief Marine Automation Platform/src/KChief.DataAccess/KChief.DataAccess.csproj" (target "CollectPackageReferences" depends on it):
   8:6>Task "NETSdkError" skipped, due to false condition; ('$(TargetFrameworkIdentifier)' == '.NETCoreApp' and '$(_TargetFrameworkVersionWithoutV)' < '3.1' and ('$(Language)' == 'C++' and '$(_EnablePackageReferencesInVCProjects)' != 'true')) was evaluated as ('.NETCoreApp' == '.NETCoreApp' and '8.0' < '3.1' and ('C#' == 'C++' and '' != 'true')).
   9:6>Target "_CheckForUnsupportedCppNETCoreVersion" in file "/usr/share/dotnet/sdk/8.0.415/Sdks/Microsoft.NET.Sdk/targets/Microsoft.NET.TargetFrameworkInference.targets" from project "/home/saidul/Desktop/K-Chief Marine Automation Platform/src/KChief.Platform.API/KChief.Platform.API.csproj" (target "CollectPackageReferences" depends on it):
   9:6>Task "NETSdkError" skipped, due to false condition; ('$(TargetFrameworkIdentifier)' == '.NETCoreApp' and '$(_TargetFrameworkVersionWithoutV)' < '3.1' and ('$(Language)' == 'C++' and '$(_EnablePackageReferencesInVCProjects)' != 'true')) was evaluated as ('.NETCoreApp' == '.NETCoreApp' and '8.0' < '3.1' and ('C#' == 'C++' and '' != 'true')).
   8:6>Done building target "_CheckForUnsupportedCppNETCoreVersion" in project "KChief.DataAccess.csproj".
   9:6>Done building target "_CheckForUnsupportedCppNETCoreVersion" in project "KChief.Platform.API.csproj".
   8:6>Target "_CheckForUnsupportedNETStandardVersion" skipped, due to false condition; ('$(TargetFrameworkIdentifier)' == '.NETStandard' And '$(NETStandardMaximumVersion)' != '') was evaluated as ('.NETCoreApp' == '.NETStandard' And '' != '').
       Target "_CheckForUnsupportedTargetFrameworkAndFeatureCombination" skipped, due to false condition; ('$(TargetFrameworkIdentifier)' == '.NETFramework') was evaluated as ('.NETCoreApp' == '.NETFramework').
   9:6>Target "_CheckForUnsupportedNETStandardVersion" skipped, due to false condition; ('$(TargetFrameworkIdentifier)' == '.NETStandard' And '$(NETStandardMaximumVersion)' != '') was evaluated as ('.NETCoreApp' == '.NETStandard' And '' != '').
       Target "_CheckForUnsupportedTargetFrameworkAndFeatureCombination" skipped, due to false condition; ('$(TargetFrameworkIdentifier)' == '.NETFramework') was evaluated as ('.NETCoreApp' == '.NETFramework').
   7:5>Done executing task "CheckIfPackageReferenceShouldBeFrameworkReference".
   8:6>Target "UpdateAspNetToFrameworkReference" in file "/usr/share/dotnet/sdk/8.0.415/Sdks/Microsoft.NET.Sdk/targets/Microsoft.NET.Sdk.DefaultItems.Shared.targets" from project "/home/saidul/Desktop/K-Chief Marine Automation Platform/src/KChief.DataAccess/KChief.DataAccess.csproj" (target "ApplyImplicitVersions" depends on it):
   8:6>Using "CheckIfPackageReferenceShouldBeFrameworkReference" task from assembly "/usr/share/dotnet/sdk/8.0.415/Sdks/Microsoft.NET.Sdk/targets/../tools/net8.0/Microsoft.NET.Build.Tasks.dll".
       Task "CheckIfPackageReferenceShouldBeFrameworkReference"
   9:6>Target "UpdateAspNetToFrameworkReference" in file "/usr/share/dotnet/sdk/8.0.415/Sdks/Microsoft.NET.Sdk/targets/Microsoft.NET.Sdk.DefaultItems.Shared.targets" from project "/home/saidul/Desktop/K-Chief Marine Automation Platform/src/KChief.Platform.API/KChief.Platform.API.csproj" (target "ApplyImplicitVersions" depends on it):
   9:6>Using "CheckIfPackageReferenceShouldBeFrameworkReference" task from assembly "/usr/share/dotnet/sdk/8.0.415/Sdks/Microsoft.NET.Sdk/targets/../tools/net8.0/Microsoft.NET.Build.Tasks.dll".
   8:6>Done executing task "CheckIfPackageReferenceShouldBeFrameworkReference".
   9:6>Task "CheckIfPackageReferenceShouldBeFrameworkReference"
       Done executing task "CheckIfPackageReferenceShouldBeFrameworkReference".
   8:6>UpdateAspNetToFrameworkReference:
       Task "NETSdkError" skipped, due to false condition; ('$(_ShouldRemoveAspNetCoreAll)' == 'true') was evaluated as ('False' == 'true').
   9:6>UpdateAspNetToFrameworkReference:
       Task "NETSdkError" skipped, due to false condition; ('$(_ShouldRemoveAspNetCoreAll)' == 'true') was evaluated as ('False' == 'true').
   8:6>Task "CheckIfPackageReferenceShouldBeFrameworkReference"
   9:6>Task "CheckIfPackageReferenceShouldBeFrameworkReference"
   8:6>Done executing task "CheckIfPackageReferenceShouldBeFrameworkReference".
       Task "NETSdkWarning" skipped, due to false condition; ('$(_ShouldRemoveAspNetCoreApp)' == 'true') was evaluated as ('False' == 'true').
   9:6>Done executing task "CheckIfPackageReferenceShouldBeFrameworkReference".
   8:6>Done building target "UpdateAspNetToFrameworkReference" in project "KChief.DataAccess.csproj".
   9:6>UpdateAspNetToFrameworkReference:
       Task "NETSdkWarning" skipped, due to false condition; ('$(_ShouldRemoveAspNetCoreApp)' == 'true') was evaluated as ('False' == 'true').
   9:6>Done building target "UpdateAspNetToFrameworkReference" in project "KChief.Platform.API.csproj".
   8:6>Target "IncludeTargetingPackReference" skipped, due to false condition; ('$(TargetFrameworkMoniker)' != '' and '$(TargetFrameworkIdentifier)' == '.NETFramework' and '$(AutomaticallyUseReferenceAssemblyPackages)' == 'true') was evaluated as ('.NETCoreApp,Version=v8.0' != '' and '.NETCoreApp' == '.NETFramework' and 'true' == 'true').
   9:6>Target "IncludeTargetingPackReference" skipped, due to false condition; ('$(TargetFrameworkMoniker)' != '' and '$(TargetFrameworkIdentifier)' == '.NETFramework' and '$(AutomaticallyUseReferenceAssemblyPackages)' == 'true') was evaluated as ('.NETCoreApp,Version=v8.0' != '' and '.NETCoreApp' == '.NETFramework' and 'true' == 'true').
   8:6>Target "CheckForImplicitPackageReferenceOverrides" in file "/usr/share/dotnet/sdk/8.0.415/Sdks/Microsoft.NET.Sdk/targets/Microsoft.NET.Sdk.DefaultItems.Shared.targets" from project "/home/saidul/Desktop/K-Chief Marine Automation Platform/src/KChief.DataAccess/KChief.DataAccess.csproj" (target "ApplyImplicitVersions" depends on it):
   8:6>Using "CheckForImplicitPackageReferenceOverrides" task from assembly "/usr/share/dotnet/sdk/8.0.415/Sdks/Microsoft.NET.Sdk/targets/../tools/net8.0/Microsoft.NET.Build.Tasks.dll".
       Task "CheckForImplicitPackageReferenceOverrides"
   9:6>Target "CheckForImplicitPackageReferenceOverrides" in file "/usr/share/dotnet/sdk/8.0.415/Sdks/Microsoft.NET.Sdk/targets/Microsoft.NET.Sdk.DefaultItems.Shared.targets" from project "/home/saidul/Desktop/K-Chief Marine Automation Platform/src/KChief.Platform.API/KChief.Platform.API.csproj" (target "ApplyImplicitVersions" depends on it):
   9:6>Using "CheckForImplicitPackageReferenceOverrides" task from assembly "/usr/share/dotnet/sdk/8.0.415/Sdks/Microsoft.NET.Sdk/targets/../tools/net8.0/Microsoft.NET.Build.Tasks.dll".
       Task "CheckForImplicitPackageReferenceOverrides"
   8:6>Done executing task "CheckForImplicitPackageReferenceOverrides".
   9:6>Done executing task "CheckForImplicitPackageReferenceOverrides".
   8:6>Done building target "CheckForImplicitPackageReferenceOverrides" in project "KChief.DataAccess.csproj".
   9:6>Done building target "CheckForImplicitPackageReferenceOverrides" in project "KChief.Platform.API.csproj".
   7:5>UpdateAspNetToFrameworkReference:
       Task "NETSdkWarning" skipped, due to false condition; ('$(_ShouldRemoveAspNetCoreApp)' == 'true') was evaluated as ('False' == 'true').
   8:6>Target "ApplyImplicitVersions" in file "/usr/share/dotnet/sdk/8.0.415/Sdks/Microsoft.NET.Sdk/targets/Microsoft.NET.Sdk.DefaultItems.Shared.targets" from project "/home/saidul/Desktop/K-Chief Marine Automation Platform/src/KChief.DataAccess/KChief.DataAccess.csproj" (target "CollectPackageReferences" depends on it):
   8:6>Using "ApplyImplicitVersions" task from assembly "/usr/share/dotnet/sdk/8.0.415/Sdks/Microsoft.NET.Sdk/targets/../tools/net8.0/Microsoft.NET.Build.Tasks.dll".
       Task "ApplyImplicitVersions"
   9:6>Target "ApplyImplicitVersions" in file "/usr/share/dotnet/sdk/8.0.415/Sdks/Microsoft.NET.Sdk/targets/Microsoft.NET.Sdk.DefaultItems.Shared.targets" from project "/home/saidul/Desktop/K-Chief Marine Automation Platform/src/KChief.Platform.API/KChief.Platform.API.csproj" (target "CollectPackageReferences" depends on it):
   9:6>Using "ApplyImplicitVersions" task from assembly "/usr/share/dotnet/sdk/8.0.415/Sdks/Microsoft.NET.Sdk/targets/../tools/net8.0/Microsoft.NET.Build.Tasks.dll".
   8:6>Done executing task "ApplyImplicitVersions".
   9:6>Task "ApplyImplicitVersions"
   8:6>Done building target "ApplyImplicitVersions" in project "KChief.DataAccess.csproj".
   9:6>Done executing task "ApplyImplicitVersions".
   8:6>Target "CheckForImplicitPackageReferenceOverrides" skipped. Previously built successfully.
   9:6>Done building target "ApplyImplicitVersions" in project "KChief.Platform.API.csproj".
   8:6>Target "AddWindowsSdkKnownFrameworkReferences" skipped, due to false condition; ('$(TargetFrameworkIdentifier)' == '.NETCoreApp' And '$(TargetPlatformIdentifier)' == 'Windows') was evaluated as ('.NETCoreApp' == '.NETCoreApp' And '' == 'Windows').
   9:6>Target "CheckForImplicitPackageReferenceOverrides" skipped. Previously built successfully.
       Target "AddWindowsSdkKnownFrameworkReferences" skipped, due to false condition; ('$(TargetFrameworkIdentifier)' == '.NETCoreApp' And '$(TargetPlatformIdentifier)' == 'Windows') was evaluated as ('.NETCoreApp' == '.NETCoreApp' And '' == 'Windows').
   8:6>Target "_NormalizeTargetPlatformVersion" skipped, due to false condition; ('$(TargetPlatformVersion)' != '' and '$(TargetFrameworkIdentifier)' == '.NETCoreApp' and $([MSBuild]::VersionGreaterThanOrEquals($(TargetFrameworkVersion), 5.0)) and ('$(Language)' != 'C++' or '$(_EnablePackageReferencesInVCProjects)' == 'true')) was evaluated as ('' != '' and '.NETCoreApp' == '.NETCoreApp' and True and ('C#' != 'C++' or '' == 'true')).
   9:6>Target "_NormalizeTargetPlatformVersion" skipped, due to false condition; ('$(TargetPlatformVersion)' != '' and '$(TargetFrameworkIdentifier)' == '.NETCoreApp' and $([MSBuild]::VersionGreaterThanOrEquals($(TargetFrameworkVersion), 5.0)) and ('$(Language)' != 'C++' or '$(_EnablePackageReferencesInVCProjects)' == 'true')) was evaluated as ('' != '' and '.NETCoreApp' == '.NETCoreApp' and True and ('C#' != 'C++' or '' == 'true')).
   8:6>Target "_CheckForLanguageAndFeatureCombinationSupport" in file "/usr/share/dotnet/sdk/8.0.415/Sdks/Microsoft.NET.Sdk/targets/Microsoft.NET.RuntimeIdentifierInference.targets" from project "/home/saidul/Desktop/K-Chief Marine Automation Platform/src/KChief.DataAccess/KChief.DataAccess.csproj" (target "ProcessFrameworkReferences" depends on it):
   8:6>Task "NETSdkError" skipped, due to false condition; (('$(Language)' == 'C++' and '$(_EnablePackageReferencesInVCProjects)' != 'true') and $(OutputType) != 'library' and '$(TargetFrameworkIdentifier)' == '.NETCoreApp') was evaluated as (('C#' == 'C++' and '' != 'true') and Library != 'library' and '.NETCoreApp' == '.NETCoreApp').
   7:5>Done building target "UpdateAspNetToFrameworkReference" in project "KChief.AlarmSystem.csproj".
   9:6>Target "_CheckForLanguageAndFeatureCombinationSupport" in file "/usr/share/dotnet/sdk/8.0.415/Sdks/Microsoft.NET.Sdk/targets/Microsoft.NET.RuntimeIdentifierInference.targets" from project "/home/saidul/Desktop/K-Chief Marine Automation Platform/src/KChief.Platform.API/KChief.Platform.API.csproj" (target "ProcessFrameworkReferences" depends on it):
   9:6>Task "NETSdkError" skipped, due to false condition; (('$(Language)' == 'C++' and '$(_EnablePackageReferencesInVCProjects)' != 'true') and $(OutputType) != 'library' and '$(TargetFrameworkIdentifier)' == '.NETCoreApp') was evaluated as (('C#' == 'C++' and '' != 'true') and Exe != 'library' and '.NETCoreApp' == '.NETCoreApp').
   8:6>_CheckForLanguageAndFeatureCombinationSupport:
       Task "NETSdkError" skipped, due to false condition; (('$(Language)' == 'C++' and '$(_EnablePackageReferencesInVCProjects)' != 'true') and $(EnableComHosting) == 'true') was evaluated as (('C#' == 'C++' and '' != 'true') and  == 'true').
   9:6>_CheckForLanguageAndFeatureCombinationSupport:
       Task "NETSdkError" skipped, due to false condition; (('$(Language)' == 'C++' and '$(_EnablePackageReferencesInVCProjects)' != 'true') and $(EnableComHosting) == 'true') was evaluated as (('C#' == 'C++' and '' != 'true') and  == 'true').
   8:6>_CheckForLanguageAndFeatureCombinationSupport:
       Task "NETSdkError" skipped, due to false condition; (('$(Language)' == 'C++' and '$(_EnablePackageReferencesInVCProjects)' != 'true') and $(SelfContained) == 'true') was evaluated as (('C#' == 'C++' and '' != 'true') and  == 'true').
   8:6>Done building target "_CheckForLanguageAndFeatureCombinationSupport" in project "KChief.DataAccess.csproj".
   9:6>_CheckForLanguageAndFeatureCombinationSupport:
       Task "NETSdkError" skipped, due to false condition; (('$(Language)' == 'C++' and '$(_EnablePackageReferencesInVCProjects)' != 'true') and $(SelfContained) == 'true') was evaluated as (('C#' == 'C++' and '' != 'true') and false == 'true').
   9:6>Done building target "_CheckForLanguageAndFeatureCombinationSupport" in project "KChief.Platform.API.csproj".
   8:6>Target "_ComputeToolPackInputsToProcessFrameworkReferences" in file "/usr/share/dotnet/sdk/8.0.415/Sdks/Microsoft.NET.Sdk/targets/Microsoft.NET.Publish.targets" from project "/home/saidul/Desktop/K-Chief Marine Automation Platform/src/KChief.DataAccess/KChief.DataAccess.csproj" (target "ProcessFrameworkReferences" depends on it):
   8:6>Done building target "_ComputeToolPackInputsToProcessFrameworkReferences" in project "KChief.DataAccess.csproj".
   9:6>Target "_ComputeToolPackInputsToProcessFrameworkReferences" in file "/usr/share/dotnet/sdk/8.0.415/Sdks/Microsoft.NET.Sdk/targets/Microsoft.NET.Publish.targets" from project "/home/saidul/Desktop/K-Chief Marine Automation Platform/src/KChief.Platform.API/KChief.Platform.API.csproj" (target "ProcessFrameworkReferences" depends on it):
   9:6>Done building target "_ComputeToolPackInputsToProcessFrameworkReferences" in project "KChief.Platform.API.csproj".
   8:6>Target "ProcessFrameworkReferences" in file "/usr/share/dotnet/sdk/8.0.415/Sdks/Microsoft.NET.Sdk/targets/Microsoft.NET.Sdk.FrameworkReferenceResolution.targets" from project "/home/saidul/Desktop/K-Chief Marine Automation Platform/src/KChief.DataAccess/KChief.DataAccess.csproj" (target "CollectPackageReferences" depends on it):
   8:6>Using "CheckForDuplicateFrameworkReferences" task from assembly "/usr/share/dotnet/sdk/8.0.415/Sdks/Microsoft.NET.Sdk/targets/../tools/net8.0/Microsoft.NET.Build.Tasks.dll".
   9:6>Target "ProcessFrameworkReferences" in file "/usr/share/dotnet/sdk/8.0.415/Sdks/Microsoft.NET.Sdk/targets/Microsoft.NET.Sdk.FrameworkReferenceResolution.targets" from project "/home/saidul/Desktop/K-Chief Marine Automation Platform/src/KChief.Platform.API/KChief.Platform.API.csproj" (target "CollectPackageReferences" depends on it):
   9:6>Using "CheckForDuplicateFrameworkReferences" task from assembly "/usr/share/dotnet/sdk/8.0.415/Sdks/Microsoft.NET.Sdk/targets/../tools/net8.0/Microsoft.NET.Build.Tasks.dll".
   8:6>Task "CheckForDuplicateFrameworkReferences"
   9:6>Task "CheckForDuplicateFrameworkReferences"
   8:6>Done executing task "CheckForDuplicateFrameworkReferences".
       Using "ProcessFrameworkReferences" task from assembly "/usr/share/dotnet/sdk/8.0.415/Sdks/Microsoft.NET.Sdk/targets/../tools/net8.0/Microsoft.NET.Build.Tasks.dll".
   9:6>Done executing task "CheckForDuplicateFrameworkReferences".
   8:6>Task "ProcessFrameworkReferences"
   9:6>ProcessFrameworkReferences:
       Using "ProcessFrameworkReferences" task from assembly "/usr/share/dotnet/sdk/8.0.415/Sdks/Microsoft.NET.Sdk/targets/../tools/net8.0/Microsoft.NET.Build.Tasks.dll".
   7:5>Target "IncludeTargetingPackReference" skipped, due to false condition; ('$(TargetFrameworkMoniker)' != '' and '$(TargetFrameworkIdentifier)' == '.NETFramework' and '$(AutomaticallyUseReferenceAssemblyPackages)' == 'true') was evaluated as ('.NETCoreApp,Version=v8.0' != '' and '.NETCoreApp' == '.NETFramework' and 'true' == 'true').
   9:6>Task "ProcessFrameworkReferences"
       Done executing task "ProcessFrameworkReferences".
   3:4>UpdateAspNetToFrameworkReference:
       Task "NETSdkWarning" skipped, due to false condition; ('$(_ShouldRemoveAspNetCoreApp)' == 'true') was evaluated as ('False' == 'true').
   9:6>ProcessFrameworkReferences:
       Using "ResolveAppHosts" task from assembly "/usr/share/dotnet/sdk/8.0.415/Sdks/Microsoft.NET.Sdk/targets/../tools/net8.0/Microsoft.NET.Build.Tasks.dll".
   7:5>Target "CheckForImplicitPackageReferenceOverrides" in file "/usr/share/dotnet/sdk/8.0.415/Sdks/Microsoft.NET.Sdk/targets/Microsoft.NET.Sdk.DefaultItems.Shared.targets" from project "/home/saidul/Desktop/K-Chief Marine Automation Platform/src/KChief.AlarmSystem/KChief.AlarmSystem.csproj" (target "ApplyImplicitVersions" depends on it):
   7:5>Using "CheckForImplicitPackageReferenceOverrides" task from assembly "/usr/share/dotnet/sdk/8.0.415/Sdks/Microsoft.NET.Sdk/targets/../tools/net8.0/Microsoft.NET.Build.Tasks.dll".
   9:6>Task "ResolveAppHosts"
   3:4>Done building target "UpdateAspNetToFrameworkReference" in project "KChief.Platform.Tests.csproj".
   7:5>Task "CheckForImplicitPackageReferenceOverrides"
   3:4>Target "IncludeTargetingPackReference" skipped, due to false condition; ('$(TargetFrameworkMoniker)' != '' and '$(TargetFrameworkIdentifier)' == '.NETFramework' and '$(AutomaticallyUseReferenceAssemblyPackages)' == 'true') was evaluated as ('.NETCoreApp,Version=v8.0' != '' and '.NETCoreApp' == '.NETFramework' and 'true' == 'true').
   7:5>Done executing task "CheckForImplicitPackageReferenceOverrides".
   7:5>Done building target "CheckForImplicitPackageReferenceOverrides" in project "KChief.AlarmSystem.csproj".
   3:4>Target "CheckForImplicitPackageReferenceOverrides" in file "/usr/share/dotnet/sdk/8.0.415/Sdks/Microsoft.NET.Sdk/targets/Microsoft.NET.Sdk.DefaultItems.Shared.targets" from project "/home/saidul/Desktop/K-Chief Marine Automation Platform/tests/KChief.Platform.Tests/KChief.Platform.Tests.csproj" (target "ApplyImplicitVersions" depends on it):
   3:4>Using "CheckForImplicitPackageReferenceOverrides" task from assembly "/usr/share/dotnet/sdk/8.0.415/Sdks/Microsoft.NET.Sdk/targets/../tools/net8.0/Microsoft.NET.Build.Tasks.dll".
       Task "CheckForImplicitPackageReferenceOverrides"
   7:5>Target "ApplyImplicitVersions" in file "/usr/share/dotnet/sdk/8.0.415/Sdks/Microsoft.NET.Sdk/targets/Microsoft.NET.Sdk.DefaultItems.Shared.targets" from project "/home/saidul/Desktop/K-Chief Marine Automation Platform/src/KChief.AlarmSystem/KChief.AlarmSystem.csproj" (target "CollectPackageReferences" depends on it):
   7:5>Using "ApplyImplicitVersions" task from assembly "/usr/share/dotnet/sdk/8.0.415/Sdks/Microsoft.NET.Sdk/targets/../tools/net8.0/Microsoft.NET.Build.Tasks.dll".
   3:4>Done executing task "CheckForImplicitPackageReferenceOverrides".
   7:5>Task "ApplyImplicitVersions"
   3:4>Done building target "CheckForImplicitPackageReferenceOverrides" in project "KChief.Platform.Tests.csproj".
   7:5>Done executing task "ApplyImplicitVersions".
   3:4>Target "ApplyImplicitVersions" in file "/usr/share/dotnet/sdk/8.0.415/Sdks/Microsoft.NET.Sdk/targets/Microsoft.NET.Sdk.DefaultItems.Shared.targets" from project "/home/saidul/Desktop/K-Chief Marine Automation Platform/tests/KChief.Platform.Tests/KChief.Platform.Tests.csproj" (target "CollectPackageReferences" depends on it):
   3:4>Using "ApplyImplicitVersions" task from assembly "/usr/share/dotnet/sdk/8.0.415/Sdks/Microsoft.NET.Sdk/targets/../tools/net8.0/Microsoft.NET.Build.Tasks.dll".
   7:5>Done building target "ApplyImplicitVersions" in project "KChief.AlarmSystem.csproj".
   3:4>Task "ApplyImplicitVersions"
   9:6>Done executing task "ResolveAppHosts".
   7:5>Target "CheckForImplicitPackageReferenceOverrides" skipped. Previously built successfully.
   3:4>Done executing task "ApplyImplicitVersions".
   7:5>Target "AddWindowsSdkKnownFrameworkReferences" skipped, due to false condition; ('$(TargetFrameworkIdentifier)' == '.NETCoreApp' And '$(TargetPlatformIdentifier)' == 'Windows') was evaluated as ('.NETCoreApp' == '.NETCoreApp' And '' == 'Windows').
   3:4>Done building target "ApplyImplicitVersions" in project "KChief.Platform.Tests.csproj".
   6:4>Done executing task "CheckIfPackageReferenceShouldBeFrameworkReference".
   7:5>Target "_NormalizeTargetPlatformVersion" skipped, due to false condition; ('$(TargetPlatformVersion)' != '' and '$(TargetFrameworkIdentifier)' == '.NETCoreApp' and $([MSBuild]::VersionGreaterThanOrEquals($(TargetFrameworkVersion), 5.0)) and ('$(Language)' != 'C++' or '$(_EnablePackageReferencesInVCProjects)' == 'true')) was evaluated as ('' != '' and '.NETCoreApp' == '.NETCoreApp' and True and ('C#' != 'C++' or '' == 'true')).
   3:4>Target "CheckForImplicitPackageReferenceOverrides" skipped. Previously built successfully.
   6:4>UpdateAspNetToFrameworkReference:
       Task "NETSdkError" skipped, due to false condition; ('$(_ShouldRemoveAspNetCoreAll)' == 'true') was evaluated as ('False' == 'true').
   3:4>Target "AddWindowsSdkKnownFrameworkReferences" skipped, due to false condition; ('$(TargetFrameworkIdentifier)' == '.NETCoreApp' And '$(TargetPlatformIdentifier)' == 'Windows') was evaluated as ('.NETCoreApp' == '.NETCoreApp' And '' == 'Windows').
   6:4>Task "CheckIfPackageReferenceShouldBeFrameworkReference"
   3:4>Target "_NormalizeTargetPlatformVersion" skipped, due to false condition; ('$(TargetPlatformVersion)' != '' and '$(TargetFrameworkIdentifier)' == '.NETCoreApp' and $([MSBuild]::VersionGreaterThanOrEquals($(TargetFrameworkVersion), 5.0)) and ('$(Language)' != 'C++' or '$(_EnablePackageReferencesInVCProjects)' == 'true')) was evaluated as ('' != '' and '.NETCoreApp' == '.NETCoreApp' and True and ('C#' != 'C++' or '' == 'true')).
   7:5>Target "_CheckForLanguageAndFeatureCombinationSupport" in file "/usr/share/dotnet/sdk/8.0.415/Sdks/Microsoft.NET.Sdk/targets/Microsoft.NET.RuntimeIdentifierInference.targets" from project "/home/saidul/Desktop/K-Chief Marine Automation Platform/src/KChief.AlarmSystem/KChief.AlarmSystem.csproj" (target "ProcessFrameworkReferences" depends on it):
   7:5>Task "NETSdkError" skipped, due to false condition; (('$(Language)' == 'C++' and '$(_EnablePackageReferencesInVCProjects)' != 'true') and $(OutputType) != 'library' and '$(TargetFrameworkIdentifier)' == '.NETCoreApp') was evaluated as (('C#' == 'C++' and '' != 'true') and Library != 'library' and '.NETCoreApp' == '.NETCoreApp').
   6:4>Done executing task "CheckIfPackageReferenceShouldBeFrameworkReference".
   7:5>_CheckForLanguageAndFeatureCombinationSupport:
       Task "NETSdkError" skipped, due to false condition; (('$(Language)' == 'C++' and '$(_EnablePackageReferencesInVCProjects)' != 'true') and $(EnableComHosting) == 'true') was evaluated as (('C#' == 'C++' and '' != 'true') and  == 'true').
   3:4>Target "_CheckForLanguageAndFeatureCombinationSupport" in file "/usr/share/dotnet/sdk/8.0.415/Sdks/Microsoft.NET.Sdk/targets/Microsoft.NET.RuntimeIdentifierInference.targets" from project "/home/saidul/Desktop/K-Chief Marine Automation Platform/tests/KChief.Platform.Tests/KChief.Platform.Tests.csproj" (target "ProcessFrameworkReferences" depends on it):
   3:4>Task "NETSdkError" skipped, due to false condition; (('$(Language)' == 'C++' and '$(_EnablePackageReferencesInVCProjects)' != 'true') and $(OutputType) != 'library' and '$(TargetFrameworkIdentifier)' == '.NETCoreApp') was evaluated as (('C#' == 'C++' and '' != 'true') and Library != 'library' and '.NETCoreApp' == '.NETCoreApp').
   6:4>UpdateAspNetToFrameworkReference:
       Task "NETSdkWarning" skipped, due to false condition; ('$(_ShouldRemoveAspNetCoreApp)' == 'true') was evaluated as ('False' == 'true').
   7:5>_CheckForLanguageAndFeatureCombinationSupport:
       Task "NETSdkError" skipped, due to false condition; (('$(Language)' == 'C++' and '$(_EnablePackageReferencesInVCProjects)' != 'true') and $(SelfContained) == 'true') was evaluated as (('C#' == 'C++' and '' != 'true') and  == 'true').
   3:4>_CheckForLanguageAndFeatureCombinationSupport:
       Task "NETSdkError" skipped, due to false condition; (('$(Language)' == 'C++' and '$(_EnablePackageReferencesInVCProjects)' != 'true') and $(EnableComHosting) == 'true') was evaluated as (('C#' == 'C++' and '' != 'true') and  == 'true').
   6:4>Done building target "UpdateAspNetToFrameworkReference" in project "KChief.Integration.Tests.csproj".
   3:4>_CheckForLanguageAndFeatureCombinationSupport:
       Task "NETSdkError" skipped, due to false condition; (('$(Language)' == 'C++' and '$(_EnablePackageReferencesInVCProjects)' != 'true') and $(SelfContained) == 'true') was evaluated as (('C#' == 'C++' and '' != 'true') and  == 'true').
   7:5>Done building target "_CheckForLanguageAndFeatureCombinationSupport" in project "KChief.AlarmSystem.csproj".
   6:4>Target "IncludeTargetingPackReference" skipped, due to false condition; ('$(TargetFrameworkMoniker)' != '' and '$(TargetFrameworkIdentifier)' == '.NETFramework' and '$(AutomaticallyUseReferenceAssemblyPackages)' == 'true') was evaluated as ('.NETCoreApp,Version=v8.0' != '' and '.NETCoreApp' == '.NETFramework' and 'true' == 'true').
   3:4>Done building target "_CheckForLanguageAndFeatureCombinationSupport" in project "KChief.Platform.Tests.csproj".
   6:4>Target "CheckForImplicitPackageReferenceOverrides" in file "/usr/share/dotnet/sdk/8.0.415/Sdks/Microsoft.NET.Sdk/targets/Microsoft.NET.Sdk.DefaultItems.Shared.targets" from project "/home/saidul/Desktop/K-Chief Marine Automation Platform/tests/KChief.Integration.Tests/KChief.Integration.Tests.csproj" (target "ApplyImplicitVersions" depends on it):
   6:4>Using "CheckForImplicitPackageReferenceOverrides" task from assembly "/usr/share/dotnet/sdk/8.0.415/Sdks/Microsoft.NET.Sdk/targets/../tools/net8.0/Microsoft.NET.Build.Tasks.dll".
   7:5>Target "_ComputeToolPackInputsToProcessFrameworkReferences" in file "/usr/share/dotnet/sdk/8.0.415/Sdks/Microsoft.NET.Sdk/targets/Microsoft.NET.Publish.targets" from project "/home/saidul/Desktop/K-Chief Marine Automation Platform/src/KChief.AlarmSystem/KChief.AlarmSystem.csproj" (target "ProcessFrameworkReferences" depends on it):
   7:5>Done building target "_ComputeToolPackInputsToProcessFrameworkReferences" in project "KChief.AlarmSystem.csproj".
   6:4>Task "CheckForImplicitPackageReferenceOverrides"
   3:4>Target "_ComputeToolPackInputsToProcessFrameworkReferences" in file "/usr/share/dotnet/sdk/8.0.415/Sdks/Microsoft.NET.Sdk/targets/Microsoft.NET.Publish.targets" from project "/home/saidul/Desktop/K-Chief Marine Automation Platform/tests/KChief.Platform.Tests/KChief.Platform.Tests.csproj" (target "ProcessFrameworkReferences" depends on it):
   3:4>Done building target "_ComputeToolPackInputsToProcessFrameworkReferences" in project "KChief.Platform.Tests.csproj".
   6:4>Done executing task "CheckForImplicitPackageReferenceOverrides".
   7:5>Target "ProcessFrameworkReferences" in file "/usr/share/dotnet/sdk/8.0.415/Sdks/Microsoft.NET.Sdk/targets/Microsoft.NET.Sdk.FrameworkReferenceResolution.targets" from project "/home/saidul/Desktop/K-Chief Marine Automation Platform/src/KChief.AlarmSystem/KChief.AlarmSystem.csproj" (target "CollectPackageReferences" depends on it):
   7:5>Using "CheckForDuplicateFrameworkReferences" task from assembly "/usr/share/dotnet/sdk/8.0.415/Sdks/Microsoft.NET.Sdk/targets/../tools/net8.0/Microsoft.NET.Build.Tasks.dll".
   6:4>Done building target "CheckForImplicitPackageReferenceOverrides" in project "KChief.Integration.Tests.csproj".
   3:4>Target "ProcessFrameworkReferences" in file "/usr/share/dotnet/sdk/8.0.415/Sdks/Microsoft.NET.Sdk/targets/Microsoft.NET.Sdk.FrameworkReferenceResolution.targets" from project "/home/saidul/Desktop/K-Chief Marine Automation Platform/tests/KChief.Platform.Tests/KChief.Platform.Tests.csproj" (target "CollectPackageReferences" depends on it):
   3:4>Using "CheckForDuplicateFrameworkReferences" task from assembly "/usr/share/dotnet/sdk/8.0.415/Sdks/Microsoft.NET.Sdk/targets/../tools/net8.0/Microsoft.NET.Build.Tasks.dll".
   7:5>Task "CheckForDuplicateFrameworkReferences"
   3:4>Task "CheckForDuplicateFrameworkReferences"
   7:5>Done executing task "CheckForDuplicateFrameworkReferences".
   3:4>Done executing task "CheckForDuplicateFrameworkReferences".
   7:5>ProcessFrameworkReferences:
       Using "ProcessFrameworkReferences" task from assembly "/usr/share/dotnet/sdk/8.0.415/Sdks/Microsoft.NET.Sdk/targets/../tools/net8.0/Microsoft.NET.Build.Tasks.dll".
   3:4>ProcessFrameworkReferences:
       Using "ProcessFrameworkReferences" task from assembly "/usr/share/dotnet/sdk/8.0.415/Sdks/Microsoft.NET.Sdk/targets/../tools/net8.0/Microsoft.NET.Build.Tasks.dll".
   7:5>Task "ProcessFrameworkReferences"
   3:4>Task "ProcessFrameworkReferences"
   7:5>Done executing task "ProcessFrameworkReferences".
   3:4>Done executing task "ProcessFrameworkReferences".
   7:5>ProcessFrameworkReferences:
       Using "ResolveAppHosts" task from assembly "/usr/share/dotnet/sdk/8.0.415/Sdks/Microsoft.NET.Sdk/targets/../tools/net8.0/Microsoft.NET.Build.Tasks.dll".
   3:4>ProcessFrameworkReferences:
       Using "ResolveAppHosts" task from assembly "/usr/share/dotnet/sdk/8.0.415/Sdks/Microsoft.NET.Sdk/targets/../tools/net8.0/Microsoft.NET.Build.Tasks.dll".
   7:5>Task "ResolveAppHosts"
   3:4>Task "ResolveAppHosts"
       Done executing task "ResolveAppHosts".
   3:4>Done building target "ProcessFrameworkReferences" in project "KChief.Platform.Tests.csproj".
       Target "IncludeTargetingPackReference" skipped, due to false condition; ('$(TargetFrameworkMoniker)' != '' and '$(TargetFrameworkIdentifier)' == '.NETFramework' and '$(AutomaticallyUseReferenceAssemblyPackages)' == 'true') was evaluated as ('.NETCoreApp,Version=v8.0' != '' and '.NETCoreApp' == '.NETFramework' and 'true' == 'true').
     1>Project "/home/saidul/Desktop/K-Chief Marine Automation Platform/KChief.MarineAutomationPlatform.sln" (1) is building "/home/saidul/Desktop/K-Chief Marine Automation Platform/src/KChief.Protocols.OPC/KChief.Protocols.OPC.csproj" (5:5) on node 3 (_GenerateRestoreGraphProjectEntry target(s)).
   5:5>Target "_GetProjectJsonPath" in file "/usr/share/dotnet/sdk/8.0.415/NuGet.targets" from project "/home/saidul/Desktop/K-Chief Marine Automation Platform/src/KChief.Protocols.OPC/KChief.Protocols.OPC.csproj" (target "_GetRestoreProjectStyle" depends on it):
   5:5>Task "GetRestoreProjectJsonPathTask" skipped, due to false condition; ( '$(RestoreProjectStyle)' == 'ProjectJson' OR '$(RestoreProjectStyle)' == '' ) was evaluated as ( 'PackageReference' == 'ProjectJson' OR 'PackageReference' == '' ).
   2:6>Done executing task "CheckIfPackageReferenceShouldBeFrameworkReference".
   5:5>Done building target "_GetProjectJsonPath" in project "KChief.Protocols.OPC.csproj".
   2:6>UpdateAspNetToFrameworkReference:
       Task "NETSdkError" skipped, due to false condition; ('$(_ShouldRemoveAspNetCoreAll)' == 'true') was evaluated as ('False' == 'true').
   5:5>Target "_CheckForUnsupportedTargetPlatformIdentifier" skipped, due to false condition; ('$(TargetPlatformIdentifier)' != '' and '$(TargetFrameworkIdentifier)' == '.NETCoreApp' and $([MSBuild]::VersionGreaterThanOrEquals($(TargetFrameworkVersion), 5.0)) And ('$(DesignTimeBuild)' != 'true' Or '@(MissingWorkloadPack)' == '')) was evaluated as ('' != '' and '.NETCoreApp' == '.NETCoreApp' and True And ('' != 'true' Or '' == '')).
   2:6>Task "CheckIfPackageReferenceShouldBeFrameworkReference"
       Done executing task "CheckIfPackageReferenceShouldBeFrameworkReference".
   5:5>Target "_CheckForMissingWorkload" skipped, due to false condition; ('@(MissingWorkloadPack)' != '' And '$(DesignTimeBuild)' != 'true') was evaluated as ('' != '' And '' != 'true').
   9:6>Done building target "ProcessFrameworkReferences" in project "KChief.Platform.API.csproj".
   2:6>UpdateAspNetToFrameworkReference:
       Task "NETSdkWarning" skipped, due to false condition; ('$(_ShouldRemoveAspNetCoreApp)' == 'true') was evaluated as ('False' == 'true').
   9:6>Target "IncludeTargetingPackReference" skipped, due to false condition; ('$(TargetFrameworkMoniker)' != '' and '$(TargetFrameworkIdentifier)' == '.NETFramework' and '$(AutomaticallyUseReferenceAssemblyPackages)' == 'true') was evaluated as ('.NETCoreApp,Version=v8.0' != '' and '.NETCoreApp' == '.NETFramework' and 'true' == 'true').
   2:6>Done building target "UpdateAspNetToFrameworkReference" in project "KChief.VesselControl.csproj".
   5:5>Target "_CheckForUnsupportedNETCoreVersion" in file "/usr/share/dotnet/sdk/8.0.415/Sdks/Microsoft.NET.Sdk/targets/Microsoft.NET.TargetFrameworkInference.targets" from project "/home/saidul/Desktop/K-Chief Marine Automation Platform/src/KChief.Protocols.OPC/KChief.Protocols.OPC.csproj" (target "CollectPackageReferences" depends on it):
   5:5>Task "NETSdkError" skipped, due to false condition; ('$(_TargetFrameworkVersionWithoutV)' > '$(NETCoreAppMaximumVersion)' and '$(DisplayVSMessage)' != 'true') was evaluated as ('8.0' > '8.0' and '' != 'true').
       Task "NETSdkError" skipped, due to false condition; ('$(DisplayVSMessage)' == 'true') was evaluated as ('' == 'true').
   2:6>Target "IncludeTargetingPackReference" skipped, due to false condition; ('$(TargetFrameworkMoniker)' != '' and '$(TargetFrameworkIdentifier)' == '.NETFramework' and '$(AutomaticallyUseReferenceAssemblyPackages)' == 'true') was evaluated as ('.NETCoreApp,Version=v8.0' != '' and '.NETCoreApp' == '.NETFramework' and 'true' == 'true').
   9:6>Target "_AddMicrosoftNetCompilerToolsetFrameworkPackage" in file "/usr/share/dotnet/sdk/8.0.415/Sdks/Microsoft.NET.Sdk/targets/Microsoft.NET.Sdk.targets" from project "/home/saidul/Desktop/K-Chief Marine Automation Platform/src/KChief.Platform.API/KChief.Platform.API.csproj" (target "CollectPackageReferences" depends on it):
   9:6>Task "NETSdkWarning" skipped, due to false condition; ('@(PackageReference->AnyHaveMetadataValue('Identity', 'Microsoft.Net.Compilers.Toolset.Framework'))' == 'true') was evaluated as ('false' == 'true').
   5:5>Done building target "_CheckForUnsupportedNETCoreVersion" in project "KChief.Protocols.OPC.csproj".
   9:6>Done building target "_AddMicrosoftNetCompilerToolsetFrameworkPackage" in project "KChief.Platform.API.csproj".
   2:6>Target "CheckForImplicitPackageReferenceOverrides" in file "/usr/share/dotnet/sdk/8.0.415/Sdks/Microsoft.NET.Sdk/targets/Microsoft.NET.Sdk.DefaultItems.Shared.targets" from project "/home/saidul/Desktop/K-Chief Marine Automation Platform/src/KChief.VesselControl/KChief.VesselControl.csproj" (target "ApplyImplicitVersions" depends on it):
   2:6>Using "CheckForImplicitPackageReferenceOverrides" task from assembly "/usr/share/dotnet/sdk/8.0.415/Sdks/Microsoft.NET.Sdk/targets/../tools/net8.0/Microsoft.NET.Build.Tasks.dll".
   5:5>Target "_CheckForEolTargetFrameworks" skipped, due to false condition; ('@(_EolNetCoreTargetFrameworkVersions->AnyHaveMetadataValue('Identity', '$(_TargetFrameworkVersionWithoutV)'))' and '$(TargetFrameworkIdentifier)' == '.NETCoreApp' and '$(CheckEolTargetFramework)' == 'true') was evaluated as ('false' and '.NETCoreApp' == '.NETCoreApp' and '' == 'true').
       Target "_CheckForEolWorkloads" skipped, due to false condition; ('@(EolWorkload)' != '' and '$(CheckEolWorkloads)' == 'true') was evaluated as ('' != '' and 'true' == 'true').
   9:6>Target "_CheckForObsoleteDotNetCliToolReferences" in file "/usr/share/dotnet/sdk/8.0.415/Sdks/Microsoft.NET.Sdk/targets/Microsoft.NET.ObsoleteReferences.targets" from project "/home/saidul/Desktop/K-Chief Marine Automation Platform/src/KChief.Platform.API/KChief.Platform.API.csproj" (target "CollectPackageReferences" depends on it):
   9:6>Task "NETSdkWarning" skipped, due to false condition; ( '%(_ReferenceToObsoleteDotNetCliTool.Identity)' != '' ) was evaluated as ( '' != '' ).
   2:6>Task "CheckForImplicitPackageReferenceOverrides"
   9:6>Done building target "_CheckForObsoleteDotNetCliToolReferences" in project "KChief.Platform.API.csproj".
   5:5>Target "_CheckForUnsupportedCppNETCoreVersion" in file "/usr/share/dotnet/sdk/8.0.415/Sdks/Microsoft.NET.Sdk/targets/Microsoft.NET.TargetFrameworkInference.targets" from project "/home/saidul/Desktop/K-Chief Marine Automation Platform/src/KChief.Protocols.OPC/KChief.Protocols.OPC.csproj" (target "CollectPackageReferences" depends on it):
   5:5>Task "NETSdkError" skipped, due to false condition; ('$(TargetFrameworkIdentifier)' == '.NETCoreApp' and '$(_TargetFrameworkVersionWithoutV)' < '3.1' and ('$(Language)' == 'C++' and '$(_EnablePackageReferencesInVCProjects)' != 'true')) was evaluated as ('.NETCoreApp' == '.NETCoreApp' and '8.0' < '3.1' and ('C#' == 'C++' and '' != 'true')).
   2:6>Done executing task "CheckForImplicitPackageReferenceOverrides".
   5:5>Done building target "_CheckForUnsupportedCppNETCoreVersion" in project "KChief.Protocols.OPC.csproj".
   2:6>Done building target "CheckForImplicitPackageReferenceOverrides" in project "KChief.VesselControl.csproj".
   5:5>Target "_CheckForUnsupportedNETStandardVersion" skipped, due to false condition; ('$(TargetFrameworkIdentifier)' == '.NETStandard' And '$(NETStandardMaximumVersion)' != '') was evaluated as ('.NETCoreApp' == '.NETStandard' And '' != '').
   2:6>Target "ApplyImplicitVersions" in file "/usr/share/dotnet/sdk/8.0.415/Sdks/Microsoft.NET.Sdk/targets/Microsoft.NET.Sdk.DefaultItems.Shared.targets" from project "/home/saidul/Desktop/K-Chief Marine Automation Platform/src/KChief.VesselControl/KChief.VesselControl.csproj" (target "CollectPackageReferences" depends on it):
   2:6>Using "ApplyImplicitVersions" task from assembly "/usr/share/dotnet/sdk/8.0.415/Sdks/Microsoft.NET.Sdk/targets/../tools/net8.0/Microsoft.NET.Build.Tasks.dll".
   5:5>Target "_CheckForUnsupportedTargetFrameworkAndFeatureCombination" skipped, due to false condition; ('$(TargetFrameworkIdentifier)' == '.NETFramework') was evaluated as ('.NETCoreApp' == '.NETFramework').
   2:6>Task "ApplyImplicitVersions"
       Done executing task "ApplyImplicitVersions".
   5:5>Target "UpdateAspNetToFrameworkReference" in file "/usr/share/dotnet/sdk/8.0.415/Sdks/Microsoft.NET.Sdk/targets/Microsoft.NET.Sdk.DefaultItems.Shared.targets" from project "/home/saidul/Desktop/K-Chief Marine Automation Platform/src/KChief.Protocols.OPC/KChief.Protocols.OPC.csproj" (target "ApplyImplicitVersions" depends on it):
   5:5>Using "CheckIfPackageReferenceShouldBeFrameworkReference" task from assembly "/usr/share/dotnet/sdk/8.0.415/Sdks/Microsoft.NET.Sdk/targets/../tools/net8.0/Microsoft.NET.Build.Tasks.dll".
   2:6>Done building target "ApplyImplicitVersions" in project "KChief.VesselControl.csproj".
   5:5>Task "CheckIfPackageReferenceShouldBeFrameworkReference"
   2:6>Target "CheckForImplicitPackageReferenceOverrides" skipped. Previously built successfully.
   5:5>Done executing task "CheckIfPackageReferenceShouldBeFrameworkReference".
   2:6>Target "AddWindowsSdkKnownFrameworkReferences" skipped, due to false condition; ('$(TargetFrameworkIdentifier)' == '.NETCoreApp' And '$(TargetPlatformIdentifier)' == 'Windows') was evaluated as ('.NETCoreApp' == '.NETCoreApp' And '' == 'Windows').
   5:5>UpdateAspNetToFrameworkReference:
       Task "NETSdkError" skipped, due to false condition; ('$(_ShouldRemoveAspNetCoreAll)' == 'true') was evaluated as ('False' == 'true').
   2:6>Target "_NormalizeTargetPlatformVersion" skipped, due to false condition; ('$(TargetPlatformVersion)' != '' and '$(TargetFrameworkIdentifier)' == '.NETCoreApp' and $([MSBuild]::VersionGreaterThanOrEquals($(TargetFrameworkVersion), 5.0)) and ('$(Language)' != 'C++' or '$(_EnablePackageReferencesInVCProjects)' == 'true')) was evaluated as ('' != '' and '.NETCoreApp' == '.NETCoreApp' and True and ('C#' != 'C++' or '' == 'true')).
   5:5>Task "CheckIfPackageReferenceShouldBeFrameworkReference"
       Done executing task "CheckIfPackageReferenceShouldBeFrameworkReference".
   2:6>Target "_CheckForLanguageAndFeatureCombinationSupport" in file "/usr/share/dotnet/sdk/8.0.415/Sdks/Microsoft.NET.Sdk/targets/Microsoft.NET.RuntimeIdentifierInference.targets" from project "/home/saidul/Desktop/K-Chief Marine Automation Platform/src/KChief.VesselControl/KChief.VesselControl.csproj" (target "ProcessFrameworkReferences" depends on it):
   2:6>Task "NETSdkError" skipped, due to false condition; (('$(Language)' == 'C++' and '$(_EnablePackageReferencesInVCProjects)' != 'true') and $(OutputType) != 'library' and '$(TargetFrameworkIdentifier)' == '.NETCoreApp') was evaluated as (('C#' == 'C++' and '' != 'true') and Library != 'library' and '.NETCoreApp' == '.NETCoreApp').
       Task "NETSdkError" skipped, due to false condition; (('$(Language)' == 'C++' and '$(_EnablePackageReferencesInVCProjects)' != 'true') and $(EnableComHosting) == 'true') was evaluated as (('C#' == 'C++' and '' != 'true') and  == 'true').
   5:5>UpdateAspNetToFrameworkReference:
       Task "NETSdkWarning" skipped, due to false condition; ('$(_ShouldRemoveAspNetCoreApp)' == 'true') was evaluated as ('False' == 'true').
   2:6>_CheckForLanguageAndFeatureCombinationSupport:
       Task "NETSdkError" skipped, due to false condition; (('$(Language)' == 'C++' and '$(_EnablePackageReferencesInVCProjects)' != 'true') and $(SelfContained) == 'true') was evaluated as (('C#' == 'C++' and '' != 'true') and  == 'true').
   2:6>Done building target "_CheckForLanguageAndFeatureCombinationSupport" in project "KChief.VesselControl.csproj".
   5:5>Done building target "UpdateAspNetToFrameworkReference" in project "KChief.Protocols.OPC.csproj".
       Target "IncludeTargetingPackReference" skipped, due to false condition; ('$(TargetFrameworkMoniker)' != '' and '$(TargetFrameworkIdentifier)' == '.NETFramework' and '$(AutomaticallyUseReferenceAssemblyPackages)' == 'true') was evaluated as ('.NETCoreApp,Version=v8.0' != '' and '.NETCoreApp' == '.NETFramework' and 'true' == 'true').
   2:6>Target "_ComputeToolPackInputsToProcessFrameworkReferences" in file "/usr/share/dotnet/sdk/8.0.415/Sdks/Microsoft.NET.Sdk/targets/Microsoft.NET.Publish.targets" from project "/home/saidul/Desktop/K-Chief Marine Automation Platform/src/KChief.VesselControl/KChief.VesselControl.csproj" (target "ProcessFrameworkReferences" depends on it):
   2:6>Done building target "_ComputeToolPackInputsToProcessFrameworkReferences" in project "KChief.VesselControl.csproj".
   5:5>Target "CheckForImplicitPackageReferenceOverrides" in file "/usr/share/dotnet/sdk/8.0.415/Sdks/Microsoft.NET.Sdk/targets/Microsoft.NET.Sdk.DefaultItems.Shared.targets" from project "/home/saidul/Desktop/K-Chief Marine Automation Platform/src/KChief.Protocols.OPC/KChief.Protocols.OPC.csproj" (target "ApplyImplicitVersions" depends on it):
   5:5>Using "CheckForImplicitPackageReferenceOverrides" task from assembly "/usr/share/dotnet/sdk/8.0.415/Sdks/Microsoft.NET.Sdk/targets/../tools/net8.0/Microsoft.NET.Build.Tasks.dll".
       Task "CheckForImplicitPackageReferenceOverrides"
   2:6>Target "ProcessFrameworkReferences" in file "/usr/share/dotnet/sdk/8.0.415/Sdks/Microsoft.NET.Sdk/targets/Microsoft.NET.Sdk.FrameworkReferenceResolution.targets" from project "/home/saidul/Desktop/K-Chief Marine Automation Platform/src/KChief.VesselControl/KChief.VesselControl.csproj" (target "CollectPackageReferences" depends on it):
   2:6>Using "CheckForDuplicateFrameworkReferences" task from assembly "/usr/share/dotnet/sdk/8.0.415/Sdks/Microsoft.NET.Sdk/targets/../tools/net8.0/Microsoft.NET.Build.Tasks.dll".
   5:5>Done executing task "CheckForImplicitPackageReferenceOverrides".
   2:6>Task "CheckForDuplicateFrameworkReferences"
   5:5>Done building target "CheckForImplicitPackageReferenceOverrides" in project "KChief.Protocols.OPC.csproj".
   2:6>Done executing task "CheckForDuplicateFrameworkReferences".
       Using "ProcessFrameworkReferences" task from assembly "/usr/share/dotnet/sdk/8.0.415/Sdks/Microsoft.NET.Sdk/targets/../tools/net8.0/Microsoft.NET.Build.Tasks.dll".
   5:5>Target "ApplyImplicitVersions" in file "/usr/share/dotnet/sdk/8.0.415/Sdks/Microsoft.NET.Sdk/targets/Microsoft.NET.Sdk.DefaultItems.Shared.targets" from project "/home/saidul/Desktop/K-Chief Marine Automation Platform/src/KChief.Protocols.OPC/KChief.Protocols.OPC.csproj" (target "CollectPackageReferences" depends on it):
   5:5>Using "ApplyImplicitVersions" task from assembly "/usr/share/dotnet/sdk/8.0.415/Sdks/Microsoft.NET.Sdk/targets/../tools/net8.0/Microsoft.NET.Build.Tasks.dll".
   2:6>Task "ProcessFrameworkReferences"
   5:5>Task "ApplyImplicitVersions"
   2:6>Done executing task "ProcessFrameworkReferences".
   5:5>Done executing task "ApplyImplicitVersions".
   5:5>Done building target "ApplyImplicitVersions" in project "KChief.Protocols.OPC.csproj".
       Target "CheckForImplicitPackageReferenceOverrides" skipped. Previously built successfully.
       Target "AddWindowsSdkKnownFrameworkReferences" skipped, due to false condition; ('$(TargetFrameworkIdentifier)' == '.NETCoreApp' And '$(TargetPlatformIdentifier)' == 'Windows') was evaluated as ('.NETCoreApp' == '.NETCoreApp' And '' == 'Windows').
       Target "_NormalizeTargetPlatformVersion" skipped, due to false condition; ('$(TargetPlatformVersion)' != '' and '$(TargetFrameworkIdentifier)' == '.NETCoreApp' and $([MSBuild]::VersionGreaterThanOrEquals($(TargetFrameworkVersion), 5.0)) and ('$(Language)' != 'C++' or '$(_EnablePackageReferencesInVCProjects)' == 'true')) was evaluated as ('' != '' and '.NETCoreApp' == '.NETCoreApp' and True and ('C#' != 'C++' or '' == 'true')).
   5:5>Target "_CheckForLanguageAndFeatureCombinationSupport" in file "/usr/share/dotnet/sdk/8.0.415/Sdks/Microsoft.NET.Sdk/targets/Microsoft.NET.RuntimeIdentifierInference.targets" from project "/home/saidul/Desktop/K-Chief Marine Automation Platform/src/KChief.Protocols.OPC/KChief.Protocols.OPC.csproj" (target "ProcessFrameworkReferences" depends on it):
       Task "NETSdkError" skipped, due to false condition; (('$(Language)' == 'C++' and '$(_EnablePackageReferencesInVCProjects)' != 'true') and $(OutputType) != 'library' and '$(TargetFrameworkIdentifier)' == '.NETCoreApp') was evaluated as (('C#' == 'C++' and '' != 'true') and Library != 'library' and '.NETCoreApp' == '.NETCoreApp').
       Task "NETSdkError" skipped, due to false condition; (('$(Language)' == 'C++' and '$(_EnablePackageReferencesInVCProjects)' != 'true') and $(EnableComHosting) == 'true') was evaluated as (('C#' == 'C++' and '' != 'true') and  == 'true').
       Task "NETSdkError" skipped, due to false condition; (('$(Language)' == 'C++' and '$(_EnablePackageReferencesInVCProjects)' != 'true') and $(SelfContained) == 'true') was evaluated as (('C#' == 'C++' and '' != 'true') and  == 'true').
   5:5>Done building target "_CheckForLanguageAndFeatureCombinationSupport" in project "KChief.Protocols.OPC.csproj".
   5:5>Target "_ComputeToolPackInputsToProcessFrameworkReferences" in file "/usr/share/dotnet/sdk/8.0.415/Sdks/Microsoft.NET.Sdk/targets/Microsoft.NET.Publish.targets" from project "/home/saidul/Desktop/K-Chief Marine Automation Platform/src/KChief.Protocols.OPC/KChief.Protocols.OPC.csproj" (target "ProcessFrameworkReferences" depends on it):
   5:5>Done building target "_ComputeToolPackInputsToProcessFrameworkReferences" in project "KChief.Protocols.OPC.csproj".
   5:5>Target "ProcessFrameworkReferences" in file "/usr/share/dotnet/sdk/8.0.415/Sdks/Microsoft.NET.Sdk/targets/Microsoft.NET.Sdk.FrameworkReferenceResolution.targets" from project "/home/saidul/Desktop/K-Chief Marine Automation Platform/src/KChief.Protocols.OPC/KChief.Protocols.OPC.csproj" (target "CollectPackageReferences" depends on it):
       Using "CheckForDuplicateFrameworkReferences" task from assembly "/usr/share/dotnet/sdk/8.0.415/Sdks/Microsoft.NET.Sdk/targets/../tools/net8.0/Microsoft.NET.Build.Tasks.dll".
       Task "CheckForDuplicateFrameworkReferences"
       Done executing task "CheckForDuplicateFrameworkReferences".
       Using "ProcessFrameworkReferences" task from assembly "/usr/share/dotnet/sdk/8.0.415/Sdks/Microsoft.NET.Sdk/targets/../tools/net8.0/Microsoft.NET.Build.Tasks.dll".
       Task "ProcessFrameworkReferences"
       Done executing task "ProcessFrameworkReferences".
       Using "ResolveAppHosts" task from assembly "/usr/share/dotnet/sdk/8.0.415/Sdks/Microsoft.NET.Sdk/targets/../tools/net8.0/Microsoft.NET.Build.Tasks.dll".
       Task "ResolveAppHosts"
       Done executing task "ResolveAppHosts".
   5:5>Done building target "ProcessFrameworkReferences" in project "KChief.Protocols.OPC.csproj".
       Target "IncludeTargetingPackReference" skipped, due to false condition; ('$(TargetFrameworkMoniker)' != '' and '$(TargetFrameworkIdentifier)' == '.NETFramework' and '$(AutomaticallyUseReferenceAssemblyPackages)' == 'true') was evaluated as ('.NETCoreApp,Version=v8.0' != '' and '.NETCoreApp' == '.NETFramework' and 'true' == 'true').
   3:4>Target "_AddMicrosoftNetCompilerToolsetFrameworkPackage" in file "/usr/share/dotnet/sdk/8.0.415/Sdks/Microsoft.NET.Sdk/targets/Microsoft.NET.Sdk.targets" from project "/home/saidul/Desktop/K-Chief Marine Automation Platform/tests/KChief.Platform.Tests/KChief.Platform.Tests.csproj" (target "CollectPackageReferences" depends on it):
   3:4>Task "NETSdkWarning" skipped, due to false condition; ('@(PackageReference->AnyHaveMetadataValue('Identity', 'Microsoft.Net.Compilers.Toolset.Framework'))' == 'true') was evaluated as ('false' == 'true').
   3:4>Done building target "_AddMicrosoftNetCompilerToolsetFrameworkPackage" in project "KChief.Platform.Tests.csproj".
   3:4>Target "_CheckForObsoleteDotNetCliToolReferences" in file "/usr/share/dotnet/sdk/8.0.415/Sdks/Microsoft.NET.Sdk/targets/Microsoft.NET.ObsoleteReferences.targets" from project "/home/saidul/Desktop/K-Chief Marine Automation Platform/tests/KChief.Platform.Tests/KChief.Platform.Tests.csproj" (target "CollectPackageReferences" depends on it):
       Task "NETSdkWarning" skipped, due to false condition; ( '%(_ReferenceToObsoleteDotNetCliTool.Identity)' != '' ) was evaluated as ( '' != '' ).
   3:4>Done building target "_CheckForObsoleteDotNetCliToolReferences" in project "KChief.Platform.Tests.csproj".
   3:4>Target "CollectPackageReferences" in file "/usr/share/dotnet/sdk/8.0.415/NuGet.targets" from project "/home/saidul/Desktop/K-Chief Marine Automation Platform/tests/KChief.Platform.Tests/KChief.Platform.Tests.csproj" (target "_GetRestoreProjectStyle" depends on it):
       Using "CheckForDuplicateNuGetItemsTask" task from assembly "/usr/share/dotnet/sdk/8.0.415/NuGet.Build.Tasks.dll".
       Task "CheckForDuplicateNuGetItemsTask"
       Done executing task "CheckForDuplicateNuGetItemsTask".
   3:4>Done building target "CollectPackageReferences" in project "KChief.Platform.Tests.csproj".
   3:4>Target "_GetRestoreProjectStyle" in file "/usr/share/dotnet/sdk/8.0.415/NuGet.targets" from project "/home/saidul/Desktop/K-Chief Marine Automation Platform/tests/KChief.Platform.Tests/KChief.Platform.Tests.csproj" (target "_GenerateRestoreSpecs" depends on it):
       Using "GetRestoreProjectStyleTask" task from assembly "/usr/share/dotnet/sdk/8.0.415/NuGet.Build.Tasks.dll".
 10:11>Target "UpdateAspNetToFrameworkReference" in file "/usr/share/dotnet/sdk/8.0.415/Sdks/Microsoft.NET.Sdk/targets/Microsoft.NET.Sdk.DefaultItems.Shared.targets" from project "/home/saidul/Desktop/K-Chief Marine Automation Platform/src/KChief.Platform.Core/KChief.Platform.Core.csproj" (target "ApplyImplicitVersions" depends on it):
 10:11>Using "CheckIfPackageReferenceShouldBeFrameworkReference" task from assembly "/usr/share/dotnet/sdk/8.0.415/Sdks/Microsoft.NET.Sdk/targets/../tools/net8.0/Microsoft.NET.Build.Tasks.dll".
       Task "CheckIfPackageReferenceShouldBeFrameworkReference"
   3:4>Task "GetRestoreProjectStyleTask"
       Done executing task "GetRestoreProjectStyleTask".
   3:4>Done building target "_GetRestoreProjectStyle" in project "KChief.Platform.Tests.csproj".
   3:4>Target "_GenerateRestoreSpecs" in file "/usr/share/dotnet/sdk/8.0.415/NuGet.targets" from project "/home/saidul/Desktop/K-Chief Marine Automation Platform/tests/KChief.Platform.Tests/KChief.Platform.Tests.csproj" (target "_GenerateRestoreGraphProjectEntry" depends on it):
       Using "Message" task from assembly "Microsoft.Build.Tasks.Core, Version=15.1.0.0, Culture=neutral, PublicKeyToken=b03f5f7f11d50a3a".
       Task "Message"
         Restore entry point /home/saidul/Desktop/K-Chief Marine Automation Platform/tests/KChief.Platform.Tests/KChief.Platform.Tests.csproj
       Done executing task "Message".
   3:4>Done building target "_GenerateRestoreSpecs" in project "KChief.Platform.Tests.csproj".
   3:4>Target "_GetRestoreSettingsOverrides" in file "/usr/share/dotnet/sdk/8.0.415/NuGet.targets" from project "/home/saidul/Desktop/K-Chief Marine Automation Platform/tests/KChief.Platform.Tests/KChief.Platform.Tests.csproj" (target "_GetRestoreSettings" depends on it):
       Task "MSBuild" skipped, due to false condition; ( '$(RestorePackagesPath)' != '' ) was evaluated as ( '' != '' ).
       Task "MSBuild" skipped, due to false condition; ( '$(RestoreRepositoryPathOverride)' != '' ) was evaluated as ( '' != '' ).
       Task "MSBuild" skipped, due to false condition; ( '$(RestoreSources)' != '' ) was evaluated as ( '' != '' ).
       Task "MSBuild" skipped, due to false condition; ( '$(RestoreFallbackFolders)' != '' ) was evaluated as ( '' != '' ).
   3:4>Done building target "_GetRestoreSettingsOverrides" in project "KChief.Platform.Tests.csproj".
   3:4>Target "_GetRestoreSettingsPerFramework" in file "/usr/share/dotnet/sdk/8.0.415/NuGet.targets" from project "/home/saidul/Desktop/K-Chief Marine Automation Platform/tests/KChief.Platform.Tests/KChief.Platform.Tests.csproj" (target "_GetRestoreSettingsCurrentProject" depends on it):
   3:4>Done building target "_GetRestoreSettingsPerFramework" in project "KChief.Platform.Tests.csproj".
   3:4>Target "_GetRestoreSettingsCurrentProject" in file "/usr/share/dotnet/sdk/8.0.415/NuGet.targets" from project "/home/saidul/Desktop/K-Chief Marine Automation Platform/tests/KChief.Platform.Tests/KChief.Platform.Tests.csproj" (target "_GetRestoreSettings" depends on it):
   3:4>Done building target "_GetRestoreSettingsCurrentProject" in project "KChief.Platform.Tests.csproj".
       Target "_GetRestoreSettingsAllFrameworks" skipped, due to false condition; ( '$(TargetFrameworks)' != '' AND '$(PackageReferenceCompatibleProjectStyle)' == 'true' ) was evaluated as ( '' != '' AND 'True' == 'true' ).
   9:6>Target "CollectPackageReferences" in file "/usr/share/dotnet/sdk/8.0.415/NuGet.targets" from project "/home/saidul/Desktop/K-Chief Marine Automation Platform/src/KChief.Platform.API/KChief.Platform.API.csproj" (target "_GetRestoreProjectStyle" depends on it):
   9:6>Using "CheckForDuplicateNuGetItemsTask" task from assembly "/usr/share/dotnet/sdk/8.0.415/NuGet.Build.Tasks.dll".
   3:4>Target "_GetRestoreSettings" in file "/usr/share/dotnet/sdk/8.0.415/NuGet.targets" from project "/home/saidul/Desktop/K-Chief Marine Automation Platform/tests/KChief.Platform.Tests/KChief.Platform.Tests.csproj" (target "_GenerateDotnetCliToolReferenceSpecs" depends on it):
   3:4>Using "GetRestoreSettingsTask" task from assembly "/usr/share/dotnet/sdk/8.0.415/NuGet.Build.Tasks.dll".
   5:5>Target "_AddMicrosoftNetCompilerToolsetFrameworkPackage" in file "/usr/share/dotnet/sdk/8.0.415/Sdks/Microsoft.NET.Sdk/targets/Microsoft.NET.Sdk.targets" from project "/home/saidul/Desktop/K-Chief Marine Automation Platform/src/KChief.Protocols.OPC/KChief.Protocols.OPC.csproj" (target "CollectPackageReferences" depends on it):
   5:5>Task "NETSdkWarning" skipped, due to false condition; ('@(PackageReference->AnyHaveMetadataValue('Identity', 'Microsoft.Net.Compilers.Toolset.Framework'))' == 'true') was evaluated as ('false' == 'true').
   3:4>Task "GetRestoreSettingsTask"
   2:6>ProcessFrameworkReferences:
       Using "ResolveAppHosts" task from assembly "/usr/share/dotnet/sdk/8.0.415/Sdks/Microsoft.NET.Sdk/targets/../tools/net8.0/Microsoft.NET.Build.Tasks.dll".
   5:5>Done building target "_AddMicrosoftNetCompilerToolsetFrameworkPackage" in project "KChief.Protocols.OPC.csproj".
   4:5>Target "UpdateAspNetToFrameworkReference" in file "/usr/share/dotnet/sdk/8.0.415/Sdks/Microsoft.NET.Sdk/targets/Microsoft.NET.Sdk.DefaultItems.Shared.targets" from project "/home/saidul/Desktop/K-Chief Marine Automation Platform/src/KChief.Protocols.Modbus/KChief.Protocols.Modbus.csproj" (target "ApplyImplicitVersions" depends on it):
   4:5>Using "CheckIfPackageReferenceShouldBeFrameworkReference" task from assembly "/usr/share/dotnet/sdk/8.0.415/Sdks/Microsoft.NET.Sdk/targets/../tools/net8.0/Microsoft.NET.Build.Tasks.dll".
       Task "CheckIfPackageReferenceShouldBeFrameworkReference"
   5:5>Target "_CheckForObsoleteDotNetCliToolReferences" in file "/usr/share/dotnet/sdk/8.0.415/Sdks/Microsoft.NET.Sdk/targets/Microsoft.NET.ObsoleteReferences.targets" from project "/home/saidul/Desktop/K-Chief Marine Automation Platform/src/KChief.Protocols.OPC/KChief.Protocols.OPC.csproj" (target "CollectPackageReferences" depends on it):
   5:5>Task "NETSdkWarning" skipped, due to false condition; ( '%(_ReferenceToObsoleteDotNetCliTool.Identity)' != '' ) was evaluated as ( '' != '' ).
   2:6>Task "ResolveAppHosts"
   4:5>Done executing task "CheckIfPackageReferenceShouldBeFrameworkReference".
   5:5>Done building target "_CheckForObsoleteDotNetCliToolReferences" in project "KChief.Protocols.OPC.csproj".
   2:6>Done executing task "ResolveAppHosts".
   4:5>UpdateAspNetToFrameworkReference:
       Task "NETSdkError" skipped, due to false condition; ('$(_ShouldRemoveAspNetCoreAll)' == 'true') was evaluated as ('False' == 'true').
   2:6>Done building target "ProcessFrameworkReferences" in project "KChief.VesselControl.csproj".
   4:5>Task "CheckIfPackageReferenceShouldBeFrameworkReference"
   5:5>Target "CollectPackageReferences" in file "/usr/share/dotnet/sdk/8.0.415/NuGet.targets" from project "/home/saidul/Desktop/K-Chief Marine Automation Platform/src/KChief.Protocols.OPC/KChief.Protocols.OPC.csproj" (target "_GetRestoreProjectStyle" depends on it):
   5:5>Using "CheckForDuplicateNuGetItemsTask" task from assembly "/usr/share/dotnet/sdk/8.0.415/NuGet.Build.Tasks.dll".
   2:6>Target "IncludeTargetingPackReference" skipped, due to false condition; ('$(TargetFrameworkMoniker)' != '' and '$(TargetFrameworkIdentifier)' == '.NETFramework' and '$(AutomaticallyUseReferenceAssemblyPackages)' == 'true') was evaluated as ('.NETCoreApp,Version=v8.0' != '' and '.NETCoreApp' == '.NETFramework' and 'true' == 'true').
   4:5>Done executing task "CheckIfPackageReferenceShouldBeFrameworkReference".
   5:5>Task "CheckForDuplicateNuGetItemsTask"
   4:5>UpdateAspNetToFrameworkReference:
       Task "NETSdkWarning" skipped, due to false condition; ('$(_ShouldRemoveAspNetCoreApp)' == 'true') was evaluated as ('False' == 'true').
   5:5>Done executing task "CheckForDuplicateNuGetItemsTask".
   2:6>Target "_AddMicrosoftNetCompilerToolsetFrameworkPackage" in file "/usr/share/dotnet/sdk/8.0.415/Sdks/Microsoft.NET.Sdk/targets/Microsoft.NET.Sdk.targets" from project "/home/saidul/Desktop/K-Chief Marine Automation Platform/src/KChief.VesselControl/KChief.VesselControl.csproj" (target "CollectPackageReferences" depends on it):
   2:6>Task "NETSdkWarning" skipped, due to false condition; ('@(PackageReference->AnyHaveMetadataValue('Identity', 'Microsoft.Net.Compilers.Toolset.Framework'))' == 'true') was evaluated as ('false' == 'true').
   4:5>Done building target "UpdateAspNetToFrameworkReference" in project "KChief.Protocols.Modbus.csproj".
   5:5>Done building target "CollectPackageReferences" in project "KChief.Protocols.OPC.csproj".
   2:6>Done building target "_AddMicrosoftNetCompilerToolsetFrameworkPackage" in project "KChief.VesselControl.csproj".
   4:5>Target "IncludeTargetingPackReference" skipped, due to false condition; ('$(TargetFrameworkMoniker)' != '' and '$(TargetFrameworkIdentifier)' == '.NETFramework' and '$(AutomaticallyUseReferenceAssemblyPackages)' == 'true') was evaluated as ('.NETCoreApp,Version=v8.0' != '' and '.NETCoreApp' == '.NETFramework' and 'true' == 'true').
   5:5>Target "_GetRestoreProjectStyle" in file "/usr/share/dotnet/sdk/8.0.415/NuGet.targets" from project "/home/saidul/Desktop/K-Chief Marine Automation Platform/src/KChief.Protocols.OPC/KChief.Protocols.OPC.csproj" (target "_GenerateRestoreSpecs" depends on it):
   5:5>Using "GetRestoreProjectStyleTask" task from assembly "/usr/share/dotnet/sdk/8.0.415/NuGet.Build.Tasks.dll".
   2:6>Target "_CheckForObsoleteDotNetCliToolReferences" in file "/usr/share/dotnet/sdk/8.0.415/Sdks/Microsoft.NET.Sdk/targets/Microsoft.NET.ObsoleteReferences.targets" from project "/home/saidul/Desktop/K-Chief Marine Automation Platform/src/KChief.VesselControl/KChief.VesselControl.csproj" (target "CollectPackageReferences" depends on it):
   2:6>Task "NETSdkWarning" skipped, due to false condition; ( '%(_ReferenceToObsoleteDotNetCliTool.Identity)' != '' ) was evaluated as ( '' != '' ).
   5:5>Task "GetRestoreProjectStyleTask"
   4:5>Target "CheckForImplicitPackageReferenceOverrides" in file "/usr/share/dotnet/sdk/8.0.415/Sdks/Microsoft.NET.Sdk/targets/Microsoft.NET.Sdk.DefaultItems.Shared.targets" from project "/home/saidul/Desktop/K-Chief Marine Automation Platform/src/KChief.Protocols.Modbus/KChief.Protocols.Modbus.csproj" (target "ApplyImplicitVersions" depends on it):
   4:5>Using "CheckForImplicitPackageReferenceOverrides" task from assembly "/usr/share/dotnet/sdk/8.0.415/Sdks/Microsoft.NET.Sdk/targets/../tools/net8.0/Microsoft.NET.Build.Tasks.dll".
   5:5>Done executing task "GetRestoreProjectStyleTask".
   4:5>Task "CheckForImplicitPackageReferenceOverrides"
   2:6>Done building target "_CheckForObsoleteDotNetCliToolReferences" in project "KChief.VesselControl.csproj".
   5:5>Done building target "_GetRestoreProjectStyle" in project "KChief.Protocols.OPC.csproj".
   4:5>Done executing task "CheckForImplicitPackageReferenceOverrides".
   2:6>Target "CollectPackageReferences" in file "/usr/share/dotnet/sdk/8.0.415/NuGet.targets" from project "/home/saidul/Desktop/K-Chief Marine Automation Platform/src/KChief.VesselControl/KChief.VesselControl.csproj" (target "_GetRestoreProjectStyle" depends on it):
   2:6>Using "CheckForDuplicateNuGetItemsTask" task from assembly "/usr/share/dotnet/sdk/8.0.415/NuGet.Build.Tasks.dll".
   4:5>Done building target "CheckForImplicitPackageReferenceOverrides" in project "KChief.Protocols.Modbus.csproj".
   5:5>Target "_GenerateRestoreSpecs" in file "/usr/share/dotnet/sdk/8.0.415/NuGet.targets" from project "/home/saidul/Desktop/K-Chief Marine Automation Platform/src/KChief.Protocols.OPC/KChief.Protocols.OPC.csproj" (target "_GenerateRestoreGraphProjectEntry" depends on it):
   5:5>Using "Message" task from assembly "Microsoft.Build.Tasks.Core, Version=15.1.0.0, Culture=neutral, PublicKeyToken=b03f5f7f11d50a3a".
   2:6>Task "CheckForDuplicateNuGetItemsTask"
   5:5>Task "Message"
   4:5>Target "ApplyImplicitVersions" in file "/usr/share/dotnet/sdk/8.0.415/Sdks/Microsoft.NET.Sdk/targets/Microsoft.NET.Sdk.DefaultItems.Shared.targets" from project "/home/saidul/Desktop/K-Chief Marine Automation Platform/src/KChief.Protocols.Modbus/KChief.Protocols.Modbus.csproj" (target "CollectPackageReferences" depends on it):
   4:5>Using "ApplyImplicitVersions" task from assembly "/usr/share/dotnet/sdk/8.0.415/Sdks/Microsoft.NET.Sdk/targets/../tools/net8.0/Microsoft.NET.Build.Tasks.dll".
   2:6>Done executing task "CheckForDuplicateNuGetItemsTask".
   2:6>Done building target "CollectPackageReferences" in project "KChief.VesselControl.csproj".
   4:5>Task "ApplyImplicitVersions"
   5:5>_GenerateRestoreSpecs:
         Restore entry point /home/saidul/Desktop/K-Chief Marine Automation Platform/src/KChief.Protocols.OPC/KChief.Protocols.OPC.csproj
   2:6>Target "_GetRestoreProjectStyle" in file "/usr/share/dotnet/sdk/8.0.415/NuGet.targets" from project "/home/saidul/Desktop/K-Chief Marine Automation Platform/src/KChief.VesselControl/KChief.VesselControl.csproj" (target "_GenerateRestoreSpecs" depends on it):
   2:6>Using "GetRestoreProjectStyleTask" task from assembly "/usr/share/dotnet/sdk/8.0.415/NuGet.Build.Tasks.dll".
       Task "GetRestoreProjectStyleTask"
   9:6>Task "CheckForDuplicateNuGetItemsTask"
   5:5>Done executing task "Message".
   9:6>Done executing task "CheckForDuplicateNuGetItemsTask".
   4:5>Done executing task "ApplyImplicitVersions".
   4:5>Done building target "ApplyImplicitVersions" in project "KChief.Protocols.Modbus.csproj".
   9:6>Done building target "CollectPackageReferences" in project "KChief.Platform.API.csproj".
   4:5>Target "CheckForImplicitPackageReferenceOverrides" skipped. Previously built successfully.
       Target "AddWindowsSdkKnownFrameworkReferences" skipped, due to false condition; ('$(TargetFrameworkIdentifier)' == '.NETCoreApp' And '$(TargetPlatformIdentifier)' == 'Windows') was evaluated as ('.NETCoreApp' == '.NETCoreApp' And '' == 'Windows').
   9:6>Target "_GetRestoreProjectStyle" in file "/usr/share/dotnet/sdk/8.0.415/NuGet.targets" from project "/home/saidul/Desktop/K-Chief Marine Automation Platform/src/KChief.Platform.API/KChief.Platform.API.csproj" (target "_GenerateRestoreSpecs" depends on it):
   9:6>Using "GetRestoreProjectStyleTask" task from assembly "/usr/share/dotnet/sdk/8.0.415/NuGet.Build.Tasks.dll".
       Task "GetRestoreProjectStyleTask"
   4:5>Target "_NormalizeTargetPlatformVersion" skipped, due to false condition; ('$(TargetPlatformVersion)' != '' and '$(TargetFrameworkIdentifier)' == '.NETCoreApp' and $([MSBuild]::VersionGreaterThanOrEquals($(TargetFrameworkVersion), 5.0)) and ('$(Language)' != 'C++' or '$(_EnablePackageReferencesInVCProjects)' == 'true')) was evaluated as ('' != '' and '.NETCoreApp' == '.NETCoreApp' and True and ('C#' != 'C++' or '' == 'true')).
   9:6>Done executing task "GetRestoreProjectStyleTask".
   5:5>Done building target "_GenerateRestoreSpecs" in project "KChief.Protocols.OPC.csproj".
   9:6>Done building target "_GetRestoreProjectStyle" in project "KChief.Platform.API.csproj".
   4:5>Target "_CheckForLanguageAndFeatureCombinationSupport" in file "/usr/share/dotnet/sdk/8.0.415/Sdks/Microsoft.NET.Sdk/targets/Microsoft.NET.RuntimeIdentifierInference.targets" from project "/home/saidul/Desktop/K-Chief Marine Automation Platform/src/KChief.Protocols.Modbus/KChief.Protocols.Modbus.csproj" (target "ProcessFrameworkReferences" depends on it):
   4:5>Task "NETSdkError" skipped, due to false condition; (('$(Language)' == 'C++' and '$(_EnablePackageReferencesInVCProjects)' != 'true') and $(OutputType) != 'library' and '$(TargetFrameworkIdentifier)' == '.NETCoreApp') was evaluated as (('C#' == 'C++' and '' != 'true') and Library != 'library' and '.NETCoreApp' == '.NETCoreApp').
   9:6>Target "_GenerateRestoreSpecs" in file "/usr/share/dotnet/sdk/8.0.415/NuGet.targets" from project "/home/saidul/Desktop/K-Chief Marine Automation Platform/src/KChief.Platform.API/KChief.Platform.API.csproj" (target "_GenerateRestoreGraphProjectEntry" depends on it):
   9:6>Using "Message" task from assembly "Microsoft.Build.Tasks.Core, Version=15.1.0.0, Culture=neutral, PublicKeyToken=b03f5f7f11d50a3a".
   4:5>_CheckForLanguageAndFeatureCombinationSupport:
       Task "NETSdkError" skipped, due to false condition; (('$(Language)' == 'C++' and '$(_EnablePackageReferencesInVCProjects)' != 'true') and $(EnableComHosting) == 'true') was evaluated as (('C#' == 'C++' and '' != 'true') and  == 'true').
   9:6>Task "Message"
   5:5>Target "_GetRestoreSettingsOverrides" in file "/usr/share/dotnet/sdk/8.0.415/NuGet.targets" from project "/home/saidul/Desktop/K-Chief Marine Automation Platform/src/KChief.Protocols.OPC/KChief.Protocols.OPC.csproj" (target "_GetRestoreSettings" depends on it):
   5:5>Task "MSBuild" skipped, due to false condition; ( '$(RestorePackagesPath)' != '' ) was evaluated as ( '' != '' ).
   4:5>_CheckForLanguageAndFeatureCombinationSupport:
       Task "NETSdkError" skipped, due to false condition; (('$(Language)' == 'C++' and '$(_EnablePackageReferencesInVCProjects)' != 'true') and $(SelfContained) == 'true') was evaluated as (('C#' == 'C++' and '' != 'true') and  == 'true').
   9:6>_GenerateRestoreSpecs:
         Restore entry point /home/saidul/Desktop/K-Chief Marine Automation Platform/src/KChief.Platform.API/KChief.Platform.API.csproj
       Done executing task "Message".
   9:6>Done building target "_GenerateRestoreSpecs" in project "KChief.Platform.API.csproj".
   7:5>Done executing task "ResolveAppHosts".
   9:6>Target "_GetRestoreSettingsOverrides" in file "/usr/share/dotnet/sdk/8.0.415/NuGet.targets" from project "/home/saidul/Desktop/K-Chief Marine Automation Platform/src/KChief.Platform.API/KChief.Platform.API.csproj" (target "_GetRestoreSettings" depends on it):
   9:6>Task "MSBuild" skipped, due to false condition; ( '$(RestorePackagesPath)' != '' ) was evaluated as ( '' != '' ).
       Task "MSBuild" skipped, due to false condition; ( '$(RestoreRepositoryPathOverride)' != '' ) was evaluated as ( '' != '' ).
   5:5>_GetRestoreSettingsOverrides:
       Task "MSBuild" skipped, due to false condition; ( '$(RestoreRepositoryPathOverride)' != '' ) was evaluated as ( '' != '' ).
   9:6>_GetRestoreSettingsOverrides:
       Task "MSBuild" skipped, due to false condition; ( '$(RestoreSources)' != '' ) was evaluated as ( '' != '' ).
       Task "MSBuild" skipped, due to false condition; ( '$(RestoreFallbackFolders)' != '' ) was evaluated as ( '' != '' ).
   6:4>Target "ApplyImplicitVersions" in file "/usr/share/dotnet/sdk/8.0.415/Sdks/Microsoft.NET.Sdk/targets/Microsoft.NET.Sdk.DefaultItems.Shared.targets" from project "/home/saidul/Desktop/K-Chief Marine Automation Platform/tests/KChief.Integration.Tests/KChief.Integration.Tests.csproj" (target "CollectPackageReferences" depends on it):
   6:4>Using "ApplyImplicitVersions" task from assembly "/usr/share/dotnet/sdk/8.0.415/Sdks/Microsoft.NET.Sdk/targets/../tools/net8.0/Microsoft.NET.Build.Tasks.dll".
   3:4>Done executing task "GetRestoreSettingsTask".
   9:6>Done building target "_GetRestoreSettingsOverrides" in project "KChief.Platform.API.csproj".
   6:4>Task "ApplyImplicitVersions"
   5:5>_GetRestoreSettingsOverrides:
       Task "MSBuild" skipped, due to false condition; ( '$(RestoreSources)' != '' ) was evaluated as ( '' != '' ).
   3:4>Done building target "_GetRestoreSettings" in project "KChief.Platform.Tests.csproj".
   6:4>Done executing task "ApplyImplicitVersions".
   6:4>Done building target "ApplyImplicitVersions" in project "KChief.Integration.Tests.csproj".
       Target "CheckForImplicitPackageReferenceOverrides" skipped. Previously built successfully.
       Target "AddWindowsSdkKnownFrameworkReferences" skipped, due to false condition; ('$(TargetFrameworkIdentifier)' == '.NETCoreApp' And '$(TargetPlatformIdentifier)' == 'Windows') was evaluated as ('.NETCoreApp' == '.NETCoreApp' And '' == 'Windows').
   3:4>Target "_GenerateDotnetCliToolReferenceSpecs" in file "/usr/share/dotnet/sdk/8.0.415/NuGet.targets" from project "/home/saidul/Desktop/K-Chief Marine Automation Platform/tests/KChief.Platform.Tests/KChief.Platform.Tests.csproj" (target "_GenerateRestoreGraphProjectEntry" depends on it):
   3:4>Using "GetRestoreDotnetCliToolsTask" task from assembly "/usr/share/dotnet/sdk/8.0.415/NuGet.Build.Tasks.dll".
   6:4>Target "_NormalizeTargetPlatformVersion" skipped, due to false condition; ('$(TargetPlatformVersion)' != '' and '$(TargetFrameworkIdentifier)' == '.NETCoreApp' and $([MSBuild]::VersionGreaterThanOrEquals($(TargetFrameworkVersion), 5.0)) and ('$(Language)' != 'C++' or '$(_EnablePackageReferencesInVCProjects)' == 'true')) was evaluated as ('' != '' and '.NETCoreApp' == '.NETCoreApp' and True and ('C#' != 'C++' or '' == 'true')).
   3:4>Task "GetRestoreDotnetCliToolsTask"
       Done executing task "GetRestoreDotnetCliToolsTask".
   6:4>Target "_CheckForLanguageAndFeatureCombinationSupport" in file "/usr/share/dotnet/sdk/8.0.415/Sdks/Microsoft.NET.Sdk/targets/Microsoft.NET.RuntimeIdentifierInference.targets" from project "/home/saidul/Desktop/K-Chief Marine Automation Platform/tests/KChief.Integration.Tests/KChief.Integration.Tests.csproj" (target "ProcessFrameworkReferences" depends on it):
   6:4>Task "NETSdkError" skipped, due to false condition; (('$(Language)' == 'C++' and '$(_EnablePackageReferencesInVCProjects)' != 'true') and $(OutputType) != 'library' and '$(TargetFrameworkIdentifier)' == '.NETCoreApp') was evaluated as (('C#' == 'C++' and '' != 'true') and Library != 'library' and '.NETCoreApp' == '.NETCoreApp').
   3:4>Done building target "_GenerateDotnetCliToolReferenceSpecs" in project "KChief.Platform.Tests.csproj".
   6:4>_CheckForLanguageAndFeatureCombinationSupport:
       Task "NETSdkError" skipped, due to false condition; (('$(Language)' == 'C++' and '$(_EnablePackageReferencesInVCProjects)' != 'true') and $(EnableComHosting) == 'true') was evaluated as (('C#' == 'C++' and '' != 'true') and  == 'true').
       Task "NETSdkError" skipped, due to false condition; (('$(Language)' == 'C++' and '$(_EnablePackageReferencesInVCProjects)' != 'true') and $(SelfContained) == 'true') was evaluated as (('C#' == 'C++' and '' != 'true') and  == 'true').
   6:4>Done building target "_CheckForLanguageAndFeatureCombinationSupport" in project "KChief.Integration.Tests.csproj".
   3:4>Target "_GenerateRestoreGraphProjectEntry" in file "/usr/share/dotnet/sdk/8.0.415/NuGet.targets" from project "/home/saidul/Desktop/K-Chief Marine Automation Platform/tests/KChief.Platform.Tests/KChief.Platform.Tests.csproj" (entry point):
   3:4>Done building target "_GenerateRestoreGraphProjectEntry" in project "KChief.Platform.Tests.csproj".
   6:4>Target "_ComputeToolPackInputsToProcessFrameworkReferences" in file "/usr/share/dotnet/sdk/8.0.415/Sdks/Microsoft.NET.Sdk/targets/Microsoft.NET.Publish.targets" from project "/home/saidul/Desktop/K-Chief Marine Automation Platform/tests/KChief.Integration.Tests/KChief.Integration.Tests.csproj" (target "ProcessFrameworkReferences" depends on it):
   6:4>Done building target "_ComputeToolPackInputsToProcessFrameworkReferences" in project "KChief.Integration.Tests.csproj".
   3:4>Done Building Project "/home/saidul/Desktop/K-Chief Marine Automation Platform/tests/KChief.Platform.Tests/KChief.Platform.Tests.csproj" (_GenerateRestoreGraphProjectEntry target(s)).
   6:4>Target "ProcessFrameworkReferences" in file "/usr/share/dotnet/sdk/8.0.415/Sdks/Microsoft.NET.Sdk/targets/Microsoft.NET.Sdk.FrameworkReferenceResolution.targets" from project "/home/saidul/Desktop/K-Chief Marine Automation Platform/tests/KChief.Integration.Tests/KChief.Integration.Tests.csproj" (target "CollectPackageReferences" depends on it):
   6:4>Using "CheckForDuplicateFrameworkReferences" task from assembly "/usr/share/dotnet/sdk/8.0.415/Sdks/Microsoft.NET.Sdk/targets/../tools/net8.0/Microsoft.NET.Build.Tasks.dll".
       Task "CheckForDuplicateFrameworkReferences"
       Done executing task "CheckForDuplicateFrameworkReferences".
       Using "ProcessFrameworkReferences" task from assembly "/usr/share/dotnet/sdk/8.0.415/Sdks/Microsoft.NET.Sdk/targets/../tools/net8.0/Microsoft.NET.Build.Tasks.dll".
       Task "ProcessFrameworkReferences"
       Done executing task "ProcessFrameworkReferences".
       Using "ResolveAppHosts" task from assembly "/usr/share/dotnet/sdk/8.0.415/Sdks/Microsoft.NET.Sdk/targets/../tools/net8.0/Microsoft.NET.Build.Tasks.dll".
       Task "ResolveAppHosts"
   2:6>Done executing task "GetRestoreProjectStyleTask".
   2:6>Done building target "_GetRestoreProjectStyle" in project "KChief.VesselControl.csproj".
   7:5>Done building target "ProcessFrameworkReferences" in project "KChief.AlarmSystem.csproj".
       Target "IncludeTargetingPackReference" skipped, due to false condition; ('$(TargetFrameworkMoniker)' != '' and '$(TargetFrameworkIdentifier)' == '.NETFramework' and '$(AutomaticallyUseReferenceAssemblyPackages)' == 'true') was evaluated as ('.NETCoreApp,Version=v8.0' != '' and '.NETCoreApp' == '.NETFramework' and 'true' == 'true').
   2:6>Target "_GenerateRestoreSpecs" in file "/usr/share/dotnet/sdk/8.0.415/NuGet.targets" from project "/home/saidul/Desktop/K-Chief Marine Automation Platform/src/KChief.VesselControl/KChief.VesselControl.csproj" (target "_GenerateRestoreGraphProjectEntry" depends on it):
   2:6>Using "Message" task from assembly "Microsoft.Build.Tasks.Core, Version=15.1.0.0, Culture=neutral, PublicKeyToken=b03f5f7f11d50a3a".
   7:5>Target "_AddMicrosoftNetCompilerToolsetFrameworkPackage" in file "/usr/share/dotnet/sdk/8.0.415/Sdks/Microsoft.NET.Sdk/targets/Microsoft.NET.Sdk.targets" from project "/home/saidul/Desktop/K-Chief Marine Automation Platform/src/KChief.AlarmSystem/KChief.AlarmSystem.csproj" (target "CollectPackageReferences" depends on it):
   7:5>Task "NETSdkWarning" skipped, due to false condition; ('@(PackageReference->AnyHaveMetadataValue('Identity', 'Microsoft.Net.Compilers.Toolset.Framework'))' == 'true') was evaluated as ('false' == 'true').
   8:6>Done executing task "ProcessFrameworkReferences".
       Using "ResolveAppHosts" task from assembly "/usr/share/dotnet/sdk/8.0.415/Sdks/Microsoft.NET.Sdk/targets/../tools/net8.0/Microsoft.NET.Build.Tasks.dll".
   7:5>Done building target "_AddMicrosoftNetCompilerToolsetFrameworkPackage" in project "KChief.AlarmSystem.csproj".
   8:6>Task "ResolveAppHosts"
       Done executing task "ResolveAppHosts".
   8:6>Done building target "ProcessFrameworkReferences" in project "KChief.DataAccess.csproj".
   7:5>Target "_CheckForObsoleteDotNetCliToolReferences" in file "/usr/share/dotnet/sdk/8.0.415/Sdks/Microsoft.NET.Sdk/targets/Microsoft.NET.ObsoleteReferences.targets" from project "/home/saidul/Desktop/K-Chief Marine Automation Platform/src/KChief.AlarmSystem/KChief.AlarmSystem.csproj" (target "CollectPackageReferences" depends on it):
   7:5>Task "NETSdkWarning" skipped, due to false condition; ( '%(_ReferenceToObsoleteDotNetCliTool.Identity)' != '' ) was evaluated as ( '' != '' ).
   7:5>Done building target "_CheckForObsoleteDotNetCliToolReferences" in project "KChief.AlarmSystem.csproj".
   7:5>Target "CollectPackageReferences" in file "/usr/share/dotnet/sdk/8.0.415/NuGet.targets" from project "/home/saidul/Desktop/K-Chief Marine Automation Platform/src/KChief.AlarmSystem/KChief.AlarmSystem.csproj" (target "_GetRestoreProjectStyle" depends on it):
       Using "CheckForDuplicateNuGetItemsTask" task from assembly "/usr/share/dotnet/sdk/8.0.415/NuGet.Build.Tasks.dll".
   8:6>Target "IncludeTargetingPackReference" skipped, due to false condition; ('$(TargetFrameworkMoniker)' != '' and '$(TargetFrameworkIdentifier)' == '.NETFramework' and '$(AutomaticallyUseReferenceAssemblyPackages)' == 'true') was evaluated as ('.NETCoreApp,Version=v8.0' != '' and '.NETCoreApp' == '.NETFramework' and 'true' == 'true').
   8:6>Target "_AddMicrosoftNetCompilerToolsetFrameworkPackage" in file "/usr/share/dotnet/sdk/8.0.415/Sdks/Microsoft.NET.Sdk/targets/Microsoft.NET.Sdk.targets" from project "/home/saidul/Desktop/K-Chief Marine Automation Platform/src/KChief.DataAccess/KChief.DataAccess.csproj" (target "CollectPackageReferences" depends on it):
       Task "NETSdkWarning" skipped, due to false condition; ('@(PackageReference->AnyHaveMetadataValue('Identity', 'Microsoft.Net.Compilers.Toolset.Framework'))' == 'true') was evaluated as ('false' == 'true').
   8:6>Done building target "_AddMicrosoftNetCompilerToolsetFrameworkPackage" in project "KChief.DataAccess.csproj".
   8:6>Target "_CheckForObsoleteDotNetCliToolReferences" in file "/usr/share/dotnet/sdk/8.0.415/Sdks/Microsoft.NET.Sdk/targets/Microsoft.NET.ObsoleteReferences.targets" from project "/home/saidul/Desktop/K-Chief Marine Automation Platform/src/KChief.DataAccess/KChief.DataAccess.csproj" (target "CollectPackageReferences" depends on it):
       Task "NETSdkWarning" skipped, due to false condition; ( '%(_ReferenceToObsoleteDotNetCliTool.Identity)' != '' ) was evaluated as ( '' != '' ).
   8:6>Done building target "_CheckForObsoleteDotNetCliToolReferences" in project "KChief.DataAccess.csproj".
 10:11>Done executing task "CheckIfPackageReferenceShouldBeFrameworkReference".
   8:6>Target "CollectPackageReferences" in file "/usr/share/dotnet/sdk/8.0.415/NuGet.targets" from project "/home/saidul/Desktop/K-Chief Marine Automation Platform/src/KChief.DataAccess/KChief.DataAccess.csproj" (target "_GetRestoreProjectStyle" depends on it):
   8:6>Using "CheckForDuplicateNuGetItemsTask" task from assembly "/usr/share/dotnet/sdk/8.0.415/NuGet.Build.Tasks.dll".
       Task "CheckForDuplicateNuGetItemsTask"
       Done executing task "CheckForDuplicateNuGetItemsTask".
   8:6>Done building target "CollectPackageReferences" in project "KChief.DataAccess.csproj".
 10:11>UpdateAspNetToFrameworkReference:
       Task "NETSdkError" skipped, due to false condition; ('$(_ShouldRemoveAspNetCoreAll)' == 'true') was evaluated as ('False' == 'true').
   8:6>Target "_GetRestoreProjectStyle" in file "/usr/share/dotnet/sdk/8.0.415/NuGet.targets" from project "/home/saidul/Desktop/K-Chief Marine Automation Platform/src/KChief.DataAccess/KChief.DataAccess.csproj" (target "_GenerateRestoreSpecs" depends on it):
   8:6>Using "GetRestoreProjectStyleTask" task from assembly "/usr/share/dotnet/sdk/8.0.415/NuGet.Build.Tasks.dll".
       Task "GetRestoreProjectStyleTask"
       Done executing task "GetRestoreProjectStyleTask".
 10:11>Task "CheckIfPackageReferenceShouldBeFrameworkReference"
   8:6>Done building target "_GetRestoreProjectStyle" in project "KChief.DataAccess.csproj".
   8:6>Target "_GenerateRestoreSpecs" in file "/usr/share/dotnet/sdk/8.0.415/NuGet.targets" from project "/home/saidul/Desktop/K-Chief Marine Automation Platform/src/KChief.DataAccess/KChief.DataAccess.csproj" (target "_GenerateRestoreGraphProjectEntry" depends on it):
       Using "Message" task from assembly "Microsoft.Build.Tasks.Core, Version=15.1.0.0, Culture=neutral, PublicKeyToken=b03f5f7f11d50a3a".
       Task "Message"
         Restore entry point /home/saidul/Desktop/K-Chief Marine Automation Platform/src/KChief.DataAccess/KChief.DataAccess.csproj
       Done executing task "Message".
   9:6>Target "_GetRestoreSettingsPerFramework" in file "/usr/share/dotnet/sdk/8.0.415/NuGet.targets" from project "/home/saidul/Desktop/K-Chief Marine Automation Platform/src/KChief.Platform.API/KChief.Platform.API.csproj" (target "_GetRestoreSettingsCurrentProject" depends on it):
   9:6>Done building target "_GetRestoreSettingsPerFramework" in project "KChief.Platform.API.csproj".
   2:6>Task "Message"
   9:6>Target "_GetRestoreSettingsCurrentProject" in file "/usr/share/dotnet/sdk/8.0.415/NuGet.targets" from project "/home/saidul/Desktop/K-Chief Marine Automation Platform/src/KChief.Platform.API/KChief.Platform.API.csproj" (target "_GetRestoreSettings" depends on it):
   9:6>Done building target "_GetRestoreSettingsCurrentProject" in project "KChief.Platform.API.csproj".
   7:5>Task "CheckForDuplicateNuGetItemsTask"
   2:6>_GenerateRestoreSpecs:
         Restore entry point /home/saidul/Desktop/K-Chief Marine Automation Platform/src/KChief.VesselControl/KChief.VesselControl.csproj
   9:6>Target "_GetRestoreSettingsAllFrameworks" skipped, due to false condition; ( '$(TargetFrameworks)' != '' AND '$(PackageReferenceCompatibleProjectStyle)' == 'true' ) was evaluated as ( '' != '' AND 'True' == 'true' ).
   7:5>Done executing task "CheckForDuplicateNuGetItemsTask".
   2:6>Done executing task "Message".
   7:5>Done building target "CollectPackageReferences" in project "KChief.AlarmSystem.csproj".
   9:6>Target "_GetRestoreSettings" in file "/usr/share/dotnet/sdk/8.0.415/NuGet.targets" from project "/home/saidul/Desktop/K-Chief Marine Automation Platform/src/KChief.Platform.API/KChief.Platform.API.csproj" (target "_GenerateDotnetCliToolReferenceSpecs" depends on it):
   9:6>Using "GetRestoreSettingsTask" task from assembly "/usr/share/dotnet/sdk/8.0.415/NuGet.Build.Tasks.dll".
   2:6>Done building target "_GenerateRestoreSpecs" in project "KChief.VesselControl.csproj".
   9:6>Task "GetRestoreSettingsTask"
   7:5>Target "_GetRestoreProjectStyle" in file "/usr/share/dotnet/sdk/8.0.415/NuGet.targets" from project "/home/saidul/Desktop/K-Chief Marine Automation Platform/src/KChief.AlarmSystem/KChief.AlarmSystem.csproj" (target "_GenerateRestoreSpecs" depends on it):
   7:5>Using "GetRestoreProjectStyleTask" task from assembly "/usr/share/dotnet/sdk/8.0.415/NuGet.Build.Tasks.dll".
   9:6>Done executing task "GetRestoreSettingsTask".
   2:6>Target "_GetRestoreSettingsOverrides" in file "/usr/share/dotnet/sdk/8.0.415/NuGet.targets" from project "/home/saidul/Desktop/K-Chief Marine Automation Platform/src/KChief.VesselControl/KChief.VesselControl.csproj" (target "_GetRestoreSettings" depends on it):
   2:6>Task "MSBuild" skipped, due to false condition; ( '$(RestorePackagesPath)' != '' ) was evaluated as ( '' != '' ).
   7:5>Task "GetRestoreProjectStyleTask"
   2:6>_GetRestoreSettingsOverrides:
       Task "MSBuild" skipped, due to false condition; ( '$(RestoreRepositoryPathOverride)' != '' ) was evaluated as ( '' != '' ).
   7:5>Done executing task "GetRestoreProjectStyleTask".
   9:6>Done building target "_GetRestoreSettings" in project "KChief.Platform.API.csproj".
   2:6>_GetRestoreSettingsOverrides:
       Task "MSBuild" skipped, due to false condition; ( '$(RestoreSources)' != '' ) was evaluated as ( '' != '' ).
   7:5>Done building target "_GetRestoreProjectStyle" in project "KChief.AlarmSystem.csproj".
   2:6>_GetRestoreSettingsOverrides:
       Task "MSBuild" skipped, due to false condition; ( '$(RestoreFallbackFolders)' != '' ) was evaluated as ( '' != '' ).
   9:6>Target "_GenerateDotnetCliToolReferenceSpecs" in file "/usr/share/dotnet/sdk/8.0.415/NuGet.targets" from project "/home/saidul/Desktop/K-Chief Marine Automation Platform/src/KChief.Platform.API/KChief.Platform.API.csproj" (target "_GenerateRestoreGraphProjectEntry" depends on it):
   9:6>Using "GetRestoreDotnetCliToolsTask" task from assembly "/usr/share/dotnet/sdk/8.0.415/NuGet.Build.Tasks.dll".
       Task "GetRestoreDotnetCliToolsTask"
   7:5>Target "_GenerateRestoreSpecs" in file "/usr/share/dotnet/sdk/8.0.415/NuGet.targets" from project "/home/saidul/Desktop/K-Chief Marine Automation Platform/src/KChief.AlarmSystem/KChief.AlarmSystem.csproj" (target "_GenerateRestoreGraphProjectEntry" depends on it):
   7:5>Using "Message" task from assembly "Microsoft.Build.Tasks.Core, Version=15.1.0.0, Culture=neutral, PublicKeyToken=b03f5f7f11d50a3a".
   2:6>Done building target "_GetRestoreSettingsOverrides" in project "KChief.VesselControl.csproj".
   9:6>Done executing task "GetRestoreDotnetCliToolsTask".
   7:5>Task "Message"
         Restore entry point /home/saidul/Desktop/K-Chief Marine Automation Platform/src/KChief.AlarmSystem/KChief.AlarmSystem.csproj
   2:6>Target "_GetRestoreSettingsPerFramework" in file "/usr/share/dotnet/sdk/8.0.415/NuGet.targets" from project "/home/saidul/Desktop/K-Chief Marine Automation Platform/src/KChief.VesselControl/KChief.VesselControl.csproj" (target "_GetRestoreSettingsCurrentProject" depends on it):
   2:6>Done building target "_GetRestoreSettingsPerFramework" in project "KChief.VesselControl.csproj".
   7:5>Done executing task "Message".
   2:6>Target "_GetRestoreSettingsCurrentProject" in file "/usr/share/dotnet/sdk/8.0.415/NuGet.targets" from project "/home/saidul/Desktop/K-Chief Marine Automation Platform/src/KChief.VesselControl/KChief.VesselControl.csproj" (target "_GetRestoreSettings" depends on it):
   2:6>Done building target "_GetRestoreSettingsCurrentProject" in project "KChief.VesselControl.csproj".
   7:5>Done building target "_GenerateRestoreSpecs" in project "KChief.AlarmSystem.csproj".
   8:6>Done building target "_GenerateRestoreSpecs" in project "KChief.DataAccess.csproj".
   2:6>Target "_GetRestoreSettingsAllFrameworks" skipped, due to false condition; ( '$(TargetFrameworks)' != '' AND '$(PackageReferenceCompatibleProjectStyle)' == 'true' ) was evaluated as ( '' != '' AND 'True' == 'true' ).
   7:5>Target "_GetRestoreSettingsOverrides" in file "/usr/share/dotnet/sdk/8.0.415/NuGet.targets" from project "/home/saidul/Desktop/K-Chief Marine Automation Platform/src/KChief.AlarmSystem/KChief.AlarmSystem.csproj" (target "_GetRestoreSettings" depends on it):
   7:5>Task "MSBuild" skipped, due to false condition; ( '$(RestorePackagesPath)' != '' ) was evaluated as ( '' != '' ).
       Task "MSBuild" skipped, due to false condition; ( '$(RestoreRepositoryPathOverride)' != '' ) was evaluated as ( '' != '' ).
       Task "MSBuild" skipped, due to false condition; ( '$(RestoreSources)' != '' ) was evaluated as ( '' != '' ).
       Task "MSBuild" skipped, due to false condition; ( '$(RestoreFallbackFolders)' != '' ) was evaluated as ( '' != '' ).
   7:5>Done building target "_GetRestoreSettingsOverrides" in project "KChief.AlarmSystem.csproj".
   6:4>Done executing task "ResolveAppHosts".
   7:5>Target "_GetRestoreSettingsPerFramework" in file "/usr/share/dotnet/sdk/8.0.415/NuGet.targets" from project "/home/saidul/Desktop/K-Chief Marine Automation Platform/src/KChief.AlarmSystem/KChief.AlarmSystem.csproj" (target "_GetRestoreSettingsCurrentProject" depends on it):
   7:5>Done building target "_GetRestoreSettingsPerFramework" in project "KChief.AlarmSystem.csproj".
   7:5>Target "_GetRestoreSettingsCurrentProject" in file "/usr/share/dotnet/sdk/8.0.415/NuGet.targets" from project "/home/saidul/Desktop/K-Chief Marine Automation Platform/src/KChief.AlarmSystem/KChief.AlarmSystem.csproj" (target "_GetRestoreSettings" depends on it):
   7:5>Done building target "_GetRestoreSettingsCurrentProject" in project "KChief.AlarmSystem.csproj".
   6:4>Done building target "ProcessFrameworkReferences" in project "KChief.Integration.Tests.csproj".
   7:5>Target "_GetRestoreSettingsAllFrameworks" skipped, due to false condition; ( '$(TargetFrameworks)' != '' AND '$(PackageReferenceCompatibleProjectStyle)' == 'true' ) was evaluated as ( '' != '' AND 'True' == 'true' ).
   8:6>Target "_GetRestoreSettingsOverrides" in file "/usr/share/dotnet/sdk/8.0.415/NuGet.targets" from project "/home/saidul/Desktop/K-Chief Marine Automation Platform/src/KChief.DataAccess/KChief.DataAccess.csproj" (target "_GetRestoreSettings" depends on it):
   8:6>Task "MSBuild" skipped, due to false condition; ( '$(RestorePackagesPath)' != '' ) was evaluated as ( '' != '' ).
   7:5>Target "_GetRestoreSettings" in file "/usr/share/dotnet/sdk/8.0.415/NuGet.targets" from project "/home/saidul/Desktop/K-Chief Marine Automation Platform/src/KChief.AlarmSystem/KChief.AlarmSystem.csproj" (target "_GenerateDotnetCliToolReferenceSpecs" depends on it):
   7:5>Using "GetRestoreSettingsTask" task from assembly "/usr/share/dotnet/sdk/8.0.415/NuGet.Build.Tasks.dll".
   6:4>Target "IncludeTargetingPackReference" skipped, due to false condition; ('$(TargetFrameworkMoniker)' != '' and '$(TargetFrameworkIdentifier)' == '.NETFramework' and '$(AutomaticallyUseReferenceAssemblyPackages)' == 'true') was evaluated as ('.NETCoreApp,Version=v8.0' != '' and '.NETCoreApp' == '.NETFramework' and 'true' == 'true').
   7:5>Task "GetRestoreSettingsTask"
       Done executing task "GetRestoreSettingsTask".
   7:5>Done building target "_GetRestoreSettings" in project "KChief.AlarmSystem.csproj".
   8:6>_GetRestoreSettingsOverrides:
       Task "MSBuild" skipped, due to false condition; ( '$(RestoreRepositoryPathOverride)' != '' ) was evaluated as ( '' != '' ).
       Task "MSBuild" skipped, due to false condition; ( '$(RestoreSources)' != '' ) was evaluated as ( '' != '' ).
   7:5>Target "_GenerateDotnetCliToolReferenceSpecs" in file "/usr/share/dotnet/sdk/8.0.415/NuGet.targets" from project "/home/saidul/Desktop/K-Chief Marine Automation Platform/src/KChief.AlarmSystem/KChief.AlarmSystem.csproj" (target "_GenerateRestoreGraphProjectEntry" depends on it):
   7:5>Using "GetRestoreDotnetCliToolsTask" task from assembly "/usr/share/dotnet/sdk/8.0.415/NuGet.Build.Tasks.dll".
   6:4>Target "_AddMicrosoftNetCompilerToolsetFrameworkPackage" in file "/usr/share/dotnet/sdk/8.0.415/Sdks/Microsoft.NET.Sdk/targets/Microsoft.NET.Sdk.targets" from project "/home/saidul/Desktop/K-Chief Marine Automation Platform/tests/KChief.Integration.Tests/KChief.Integration.Tests.csproj" (target "CollectPackageReferences" depends on it):
   6:4>Task "NETSdkWarning" skipped, due to false condition; ('@(PackageReference->AnyHaveMetadataValue('Identity', 'Microsoft.Net.Compilers.Toolset.Framework'))' == 'true') was evaluated as ('false' == 'true').
   8:6>_GetRestoreSettingsOverrides:
       Task "MSBuild" skipped, due to false condition; ( '$(RestoreFallbackFolders)' != '' ) was evaluated as ( '' != '' ).
   7:5>Task "GetRestoreDotnetCliToolsTask"
       Done executing task "GetRestoreDotnetCliToolsTask".
   8:6>Done building target "_GetRestoreSettingsOverrides" in project "KChief.DataAccess.csproj".
   7:5>Done building target "_GenerateDotnetCliToolReferenceSpecs" in project "KChief.AlarmSystem.csproj".
   6:4>Done building target "_AddMicrosoftNetCompilerToolsetFrameworkPackage" in project "KChief.Integration.Tests.csproj".
   7:5>Target "_GenerateRestoreGraphProjectEntry" in file "/usr/share/dotnet/sdk/8.0.415/NuGet.targets" from project "/home/saidul/Desktop/K-Chief Marine Automation Platform/src/KChief.AlarmSystem/KChief.AlarmSystem.csproj" (entry point):
   7:5>Done building target "_GenerateRestoreGraphProjectEntry" in project "KChief.AlarmSystem.csproj".
   7:5>Done Building Project "/home/saidul/Desktop/K-Chief Marine Automation Platform/src/KChief.AlarmSystem/KChief.AlarmSystem.csproj" (_GenerateRestoreGraphProjectEntry target(s)).
   8:6>Target "_GetRestoreSettingsPerFramework" in file "/usr/share/dotnet/sdk/8.0.415/NuGet.targets" from project "/home/saidul/Desktop/K-Chief Marine Automation Platform/src/KChief.DataAccess/KChief.DataAccess.csproj" (target "_GetRestoreSettingsCurrentProject" depends on it):
   8:6>Done building target "_GetRestoreSettingsPerFramework" in project "KChief.DataAccess.csproj".
   6:4>Target "_CheckForObsoleteDotNetCliToolReferences" in file "/usr/share/dotnet/sdk/8.0.415/Sdks/Microsoft.NET.Sdk/targets/Microsoft.NET.ObsoleteReferences.targets" from project "/home/saidul/Desktop/K-Chief Marine Automation Platform/tests/KChief.Integration.Tests/KChief.Integration.Tests.csproj" (target "CollectPackageReferences" depends on it):
   6:4>Task "NETSdkWarning" skipped, due to false condition; ( '%(_ReferenceToObsoleteDotNetCliTool.Identity)' != '' ) was evaluated as ( '' != '' ).
   8:6>Target "_GetRestoreSettingsCurrentProject" in file "/usr/share/dotnet/sdk/8.0.415/NuGet.targets" from project "/home/saidul/Desktop/K-Chief Marine Automation Platform/src/KChief.DataAccess/KChief.DataAccess.csproj" (target "_GetRestoreSettings" depends on it):
   8:6>Done building target "_GetRestoreSettingsCurrentProject" in project "KChief.DataAccess.csproj".
   6:4>Done building target "_CheckForObsoleteDotNetCliToolReferences" in project "KChief.Integration.Tests.csproj".
   8:6>Target "_GetRestoreSettingsAllFrameworks" skipped, due to false condition; ( '$(TargetFrameworks)' != '' AND '$(PackageReferenceCompatibleProjectStyle)' == 'true' ) was evaluated as ( '' != '' AND 'True' == 'true' ).
   6:4>Target "CollectPackageReferences" in file "/usr/share/dotnet/sdk/8.0.415/NuGet.targets" from project "/home/saidul/Desktop/K-Chief Marine Automation Platform/tests/KChief.Integration.Tests/KChief.Integration.Tests.csproj" (target "_GetRestoreProjectStyle" depends on it):
   6:4>Using "CheckForDuplicateNuGetItemsTask" task from assembly "/usr/share/dotnet/sdk/8.0.415/NuGet.Build.Tasks.dll".
   2:6>Target "_GetRestoreSettings" in file "/usr/share/dotnet/sdk/8.0.415/NuGet.targets" from project "/home/saidul/Desktop/K-Chief Marine Automation Platform/src/KChief.VesselControl/KChief.VesselControl.csproj" (target "_GenerateDotnetCliToolReferenceSpecs" depends on it):
   2:6>Using "GetRestoreSettingsTask" task from assembly "/usr/share/dotnet/sdk/8.0.415/NuGet.Build.Tasks.dll".
       Task "GetRestoreSettingsTask"
   6:4>Task "CheckForDuplicateNuGetItemsTask"
       Done executing task "CheckForDuplicateNuGetItemsTask".
 10:11>Done executing task "CheckIfPackageReferenceShouldBeFrameworkReference".
   6:4>Done building target "CollectPackageReferences" in project "KChief.Integration.Tests.csproj".
 10:11>UpdateAspNetToFrameworkReference:
       Task "NETSdkWarning" skipped, due to false condition; ('$(_ShouldRemoveAspNetCoreApp)' == 'true') was evaluated as ('False' == 'true').
 10:11>Done building target "UpdateAspNetToFrameworkReference" in project "KChief.Platform.Core.csproj".
   6:4>Target "_GetRestoreProjectStyle" in file "/usr/share/dotnet/sdk/8.0.415/NuGet.targets" from project "/home/saidul/Desktop/K-Chief Marine Automation Platform/tests/KChief.Integration.Tests/KChief.Integration.Tests.csproj" (target "_GenerateRestoreSpecs" depends on it):
   6:4>Using "GetRestoreProjectStyleTask" task from assembly "/usr/share/dotnet/sdk/8.0.415/NuGet.Build.Tasks.dll".
       Task "GetRestoreProjectStyleTask"
 10:11>Target "IncludeTargetingPackReference" skipped, due to false condition; ('$(TargetFrameworkMoniker)' != '' and '$(TargetFrameworkIdentifier)' == '.NETFramework' and '$(AutomaticallyUseReferenceAssemblyPackages)' == 'true') was evaluated as ('.NETCoreApp,Version=v8.0' != '' and '.NETCoreApp' == '.NETFramework' and 'true' == 'true').
   6:4>Done executing task "GetRestoreProjectStyleTask".
   6:4>Done building target "_GetRestoreProjectStyle" in project "KChief.Integration.Tests.csproj".
   9:6>Done building target "_GenerateDotnetCliToolReferenceSpecs" in project "KChief.Platform.API.csproj".
   5:5>_GetRestoreSettingsOverrides:
       Task "MSBuild" skipped, due to false condition; ( '$(RestoreFallbackFolders)' != '' ) was evaluated as ( '' != '' ).
   5:5>Done building target "_GetRestoreSettingsOverrides" in project "KChief.Protocols.OPC.csproj".
   9:6>Target "_GenerateRestoreGraphProjectEntry" in file "/usr/share/dotnet/sdk/8.0.415/NuGet.targets" from project "/home/saidul/Desktop/K-Chief Marine Automation Platform/src/KChief.Platform.API/KChief.Platform.API.csproj" (entry point):
   9:6>Done building target "_GenerateRestoreGraphProjectEntry" in project "KChief.Platform.API.csproj".
   9:6>Done Building Project "/home/saidul/Desktop/K-Chief Marine Automation Platform/src/KChief.Platform.API/KChief.Platform.API.csproj" (_GenerateRestoreGraphProjectEntry target(s)).
   5:5>Target "_GetRestoreSettingsPerFramework" in file "/usr/share/dotnet/sdk/8.0.415/NuGet.targets" from project "/home/saidul/Desktop/K-Chief Marine Automation Platform/src/KChief.Protocols.OPC/KChief.Protocols.OPC.csproj" (target "_GetRestoreSettingsCurrentProject" depends on it):
   5:5>Done building target "_GetRestoreSettingsPerFramework" in project "KChief.Protocols.OPC.csproj".
   5:5>Target "_GetRestoreSettingsCurrentProject" in file "/usr/share/dotnet/sdk/8.0.415/NuGet.targets" from project "/home/saidul/Desktop/K-Chief Marine Automation Platform/src/KChief.Protocols.OPC/KChief.Protocols.OPC.csproj" (target "_GetRestoreSettings" depends on it):
   5:5>Done building target "_GetRestoreSettingsCurrentProject" in project "KChief.Protocols.OPC.csproj".
       Target "_GetRestoreSettingsAllFrameworks" skipped, due to false condition; ( '$(TargetFrameworks)' != '' AND '$(PackageReferenceCompatibleProjectStyle)' == 'true' ) was evaluated as ( '' != '' AND 'True' == 'true' ).
   2:6>Done executing task "GetRestoreSettingsTask".
   5:5>Target "_GetRestoreSettings" in file "/usr/share/dotnet/sdk/8.0.415/NuGet.targets" from project "/home/saidul/Desktop/K-Chief Marine Automation Platform/src/KChief.Protocols.OPC/KChief.Protocols.OPC.csproj" (target "_GenerateDotnetCliToolReferenceSpecs" depends on it):
   5:5>Using "GetRestoreSettingsTask" task from assembly "/usr/share/dotnet/sdk/8.0.415/NuGet.Build.Tasks.dll".
   2:6>Done building target "_GetRestoreSettings" in project "KChief.VesselControl.csproj".
   5:5>Task "GetRestoreSettingsTask"
 10:11>Target "CheckForImplicitPackageReferenceOverrides" in file "/usr/share/dotnet/sdk/8.0.415/Sdks/Microsoft.NET.Sdk/targets/Microsoft.NET.Sdk.DefaultItems.Shared.targets" from project "/home/saidul/Desktop/K-Chief Marine Automation Platform/src/KChief.Platform.Core/KChief.Platform.Core.csproj" (target "ApplyImplicitVersions" depends on it):
 10:11>Using "CheckForImplicitPackageReferenceOverrides" task from assembly "/usr/share/dotnet/sdk/8.0.415/Sdks/Microsoft.NET.Sdk/targets/../tools/net8.0/Microsoft.NET.Build.Tasks.dll".
       Task "CheckForImplicitPackageReferenceOverrides"
   2:6>Target "_GenerateDotnetCliToolReferenceSpecs" in file "/usr/share/dotnet/sdk/8.0.415/NuGet.targets" from project "/home/saidul/Desktop/K-Chief Marine Automation Platform/src/KChief.VesselControl/KChief.VesselControl.csproj" (target "_GenerateRestoreGraphProjectEntry" depends on it):
   2:6>Using "GetRestoreDotnetCliToolsTask" task from assembly "/usr/share/dotnet/sdk/8.0.415/NuGet.Build.Tasks.dll".
       Task "GetRestoreDotnetCliToolsTask"
       Done executing task "GetRestoreDotnetCliToolsTask".
   4:5>Done building target "_CheckForLanguageAndFeatureCombinationSupport" in project "KChief.Protocols.Modbus.csproj".
   2:6>Done building target "_GenerateDotnetCliToolReferenceSpecs" in project "KChief.VesselControl.csproj".
   8:6>Target "_GetRestoreSettings" in file "/usr/share/dotnet/sdk/8.0.415/NuGet.targets" from project "/home/saidul/Desktop/K-Chief Marine Automation Platform/src/KChief.DataAccess/KChief.DataAccess.csproj" (target "_GenerateDotnetCliToolReferenceSpecs" depends on it):
   8:6>Using "GetRestoreSettingsTask" task from assembly "/usr/share/dotnet/sdk/8.0.415/NuGet.Build.Tasks.dll".
   6:4>Target "_GenerateRestoreSpecs" in file "/usr/share/dotnet/sdk/8.0.415/NuGet.targets" from project "/home/saidul/Desktop/K-Chief Marine Automation Platform/tests/KChief.Integration.Tests/KChief.Integration.Tests.csproj" (target "_GenerateRestoreGraphProjectEntry" depends on it):
   6:4>Using "Message" task from assembly "Microsoft.Build.Tasks.Core, Version=15.1.0.0, Culture=neutral, PublicKeyToken=b03f5f7f11d50a3a".
   8:6>Task "GetRestoreSettingsTask"
   6:4>Task "Message"
   4:5>Target "_ComputeToolPackInputsToProcessFrameworkReferences" in file "/usr/share/dotnet/sdk/8.0.415/Sdks/Microsoft.NET.Sdk/targets/Microsoft.NET.Publish.targets" from project "/home/saidul/Desktop/K-Chief Marine Automation Platform/src/KChief.Protocols.Modbus/KChief.Protocols.Modbus.csproj" (target "ProcessFrameworkReferences" depends on it):
   4:5>Done building target "_ComputeToolPackInputsToProcessFrameworkReferences" in project "KChief.Protocols.Modbus.csproj".
   6:4>_GenerateRestoreSpecs:
         Restore entry point /home/saidul/Desktop/K-Chief Marine Automation Platform/tests/KChief.Integration.Tests/KChief.Integration.Tests.csproj
       Done executing task "Message".
   6:4>Done building target "_GenerateRestoreSpecs" in project "KChief.Integration.Tests.csproj".
   6:4>Target "_GetRestoreSettingsOverrides" in file "/usr/share/dotnet/sdk/8.0.415/NuGet.targets" from project "/home/saidul/Desktop/K-Chief Marine Automation Platform/tests/KChief.Integration.Tests/KChief.Integration.Tests.csproj" (target "_GetRestoreSettings" depends on it):
       Task "MSBuild" skipped, due to false condition; ( '$(RestorePackagesPath)' != '' ) was evaluated as ( '' != '' ).
       Task "MSBuild" skipped, due to false condition; ( '$(RestoreRepositoryPathOverride)' != '' ) was evaluated as ( '' != '' ).
   4:5>Target "ProcessFrameworkReferences" in file "/usr/share/dotnet/sdk/8.0.415/Sdks/Microsoft.NET.Sdk/targets/Microsoft.NET.Sdk.FrameworkReferenceResolution.targets" from project "/home/saidul/Desktop/K-Chief Marine Automation Platform/src/KChief.Protocols.Modbus/KChief.Protocols.Modbus.csproj" (target "CollectPackageReferences" depends on it):
   4:5>Using "CheckForDuplicateFrameworkReferences" task from assembly "/usr/share/dotnet/sdk/8.0.415/Sdks/Microsoft.NET.Sdk/targets/../tools/net8.0/Microsoft.NET.Build.Tasks.dll".
   6:4>_GetRestoreSettingsOverrides:
       Task "MSBuild" skipped, due to false condition; ( '$(RestoreSources)' != '' ) was evaluated as ( '' != '' ).
       Task "MSBuild" skipped, due to false condition; ( '$(RestoreFallbackFolders)' != '' ) was evaluated as ( '' != '' ).
   6:4>Done building target "_GetRestoreSettingsOverrides" in project "KChief.Integration.Tests.csproj".
   4:5>Task "CheckForDuplicateFrameworkReferences"
   6:4>Target "_GetRestoreSettingsPerFramework" in file "/usr/share/dotnet/sdk/8.0.415/NuGet.targets" from project "/home/saidul/Desktop/K-Chief Marine Automation Platform/tests/KChief.Integration.Tests/KChief.Integration.Tests.csproj" (target "_GetRestoreSettingsCurrentProject" depends on it):
   6:4>Done building target "_GetRestoreSettingsPerFramework" in project "KChief.Integration.Tests.csproj".
   4:5>Done executing task "CheckForDuplicateFrameworkReferences".
   6:4>Target "_GetRestoreSettingsCurrentProject" in file "/usr/share/dotnet/sdk/8.0.415/NuGet.targets" from project "/home/saidul/Desktop/K-Chief Marine Automation Platform/tests/KChief.Integration.Tests/KChief.Integration.Tests.csproj" (target "_GetRestoreSettings" depends on it):
   6:4>Done building target "_GetRestoreSettingsCurrentProject" in project "KChief.Integration.Tests.csproj".
       Target "_GetRestoreSettingsAllFrameworks" skipped, due to false condition; ( '$(TargetFrameworks)' != '' AND '$(PackageReferenceCompatibleProjectStyle)' == 'true' ) was evaluated as ( '' != '' AND 'True' == 'true' ).
   4:5>ProcessFrameworkReferences:
       Using "ProcessFrameworkReferences" task from assembly "/usr/share/dotnet/sdk/8.0.415/Sdks/Microsoft.NET.Sdk/targets/../tools/net8.0/Microsoft.NET.Build.Tasks.dll".
   6:4>Target "_GetRestoreSettings" in file "/usr/share/dotnet/sdk/8.0.415/NuGet.targets" from project "/home/saidul/Desktop/K-Chief Marine Automation Platform/tests/KChief.Integration.Tests/KChief.Integration.Tests.csproj" (target "_GenerateDotnetCliToolReferenceSpecs" depends on it):
   6:4>Using "GetRestoreSettingsTask" task from assembly "/usr/share/dotnet/sdk/8.0.415/NuGet.Build.Tasks.dll".
       Task "GetRestoreSettingsTask"
   4:5>Task "ProcessFrameworkReferences"
   2:6>Target "_GenerateRestoreGraphProjectEntry" in file "/usr/share/dotnet/sdk/8.0.415/NuGet.targets" from project "/home/saidul/Desktop/K-Chief Marine Automation Platform/src/KChief.VesselControl/KChief.VesselControl.csproj" (entry point):
   2:6>Done building target "_GenerateRestoreGraphProjectEntry" in project "KChief.VesselControl.csproj".
   4:5>Done executing task "ProcessFrameworkReferences".
   2:6>Done Building Project "/home/saidul/Desktop/K-Chief Marine Automation Platform/src/KChief.VesselControl/KChief.VesselControl.csproj" (_GenerateRestoreGraphProjectEntry target(s)).
   4:5>ProcessFrameworkReferences:
       Using "ResolveAppHosts" task from assembly "/usr/share/dotnet/sdk/8.0.415/Sdks/Microsoft.NET.Sdk/targets/../tools/net8.0/Microsoft.NET.Build.Tasks.dll".
       Task "ResolveAppHosts"
       Done executing task "ResolveAppHosts".
   4:5>Done building target "ProcessFrameworkReferences" in project "KChief.Protocols.Modbus.csproj".
       Target "IncludeTargetingPackReference" skipped, due to false condition; ('$(TargetFrameworkMoniker)' != '' and '$(TargetFrameworkIdentifier)' == '.NETFramework' and '$(AutomaticallyUseReferenceAssemblyPackages)' == 'true') was evaluated as ('.NETCoreApp,Version=v8.0' != '' and '.NETCoreApp' == '.NETFramework' and 'true' == 'true').
   4:5>Target "_AddMicrosoftNetCompilerToolsetFrameworkPackage" in file "/usr/share/dotnet/sdk/8.0.415/Sdks/Microsoft.NET.Sdk/targets/Microsoft.NET.Sdk.targets" from project "/home/saidul/Desktop/K-Chief Marine Automation Platform/src/KChief.Protocols.Modbus/KChief.Protocols.Modbus.csproj" (target "CollectPackageReferences" depends on it):
       Task "NETSdkWarning" skipped, due to false condition; ('@(PackageReference->AnyHaveMetadataValue('Identity', 'Microsoft.Net.Compilers.Toolset.Framework'))' == 'true') was evaluated as ('false' == 'true').
   4:5>Done building target "_AddMicrosoftNetCompilerToolsetFrameworkPackage" in project "KChief.Protocols.Modbus.csproj".
   8:6>Done executing task "GetRestoreSettingsTask".
   4:5>Target "_CheckForObsoleteDotNetCliToolReferences" in file "/usr/share/dotnet/sdk/8.0.415/Sdks/Microsoft.NET.Sdk/targets/Microsoft.NET.ObsoleteReferences.targets" from project "/home/saidul/Desktop/K-Chief Marine Automation Platform/src/KChief.Protocols.Modbus/KChief.Protocols.Modbus.csproj" (target "CollectPackageReferences" depends on it):
   4:5>Task "NETSdkWarning" skipped, due to false condition; ( '%(_ReferenceToObsoleteDotNetCliTool.Identity)' != '' ) was evaluated as ( '' != '' ).
   8:6>Done building target "_GetRestoreSettings" in project "KChief.DataAccess.csproj".
   8:6>Target "_GenerateDotnetCliToolReferenceSpecs" in file "/usr/share/dotnet/sdk/8.0.415/NuGet.targets" from project "/home/saidul/Desktop/K-Chief Marine Automation Platform/src/KChief.DataAccess/KChief.DataAccess.csproj" (target "_GenerateRestoreGraphProjectEntry" depends on it):
       Using "GetRestoreDotnetCliToolsTask" task from assembly "/usr/share/dotnet/sdk/8.0.415/NuGet.Build.Tasks.dll".
 10:11>Done executing task "CheckForImplicitPackageReferenceOverrides".
   4:5>Done building target "_CheckForObsoleteDotNetCliToolReferences" in project "KChief.Protocols.Modbus.csproj".
   8:6>Task "GetRestoreDotnetCliToolsTask"
       Done executing task "GetRestoreDotnetCliToolsTask".
   8:6>Done building target "_GenerateDotnetCliToolReferenceSpecs" in project "KChief.DataAccess.csproj".
   8:6>Target "_GenerateRestoreGraphProjectEntry" in file "/usr/share/dotnet/sdk/8.0.415/NuGet.targets" from project "/home/saidul/Desktop/K-Chief Marine Automation Platform/src/KChief.DataAccess/KChief.DataAccess.csproj" (entry point):
   8:6>Done building target "_GenerateRestoreGraphProjectEntry" in project "KChief.DataAccess.csproj".
   8:6>Done Building Project "/home/saidul/Desktop/K-Chief Marine Automation Platform/src/KChief.DataAccess/KChief.DataAccess.csproj" (_GenerateRestoreGraphProjectEntry target(s)).
   4:5>Target "CollectPackageReferences" in file "/usr/share/dotnet/sdk/8.0.415/NuGet.targets" from project "/home/saidul/Desktop/K-Chief Marine Automation Platform/src/KChief.Protocols.Modbus/KChief.Protocols.Modbus.csproj" (target "_GetRestoreProjectStyle" depends on it):
   4:5>Using "CheckForDuplicateNuGetItemsTask" task from assembly "/usr/share/dotnet/sdk/8.0.415/NuGet.Build.Tasks.dll".
   6:4>Done executing task "GetRestoreSettingsTask".
   6:4>Done building target "_GetRestoreSettings" in project "KChief.Integration.Tests.csproj".
   4:5>Task "CheckForDuplicateNuGetItemsTask"
 10:11>Done building target "CheckForImplicitPackageReferenceOverrides" in project "KChief.Platform.Core.csproj".
   4:5>Done executing task "CheckForDuplicateNuGetItemsTask".
   4:5>Done building target "CollectPackageReferences" in project "KChief.Protocols.Modbus.csproj".
   4:5>Target "_GetRestoreProjectStyle" in file "/usr/share/dotnet/sdk/8.0.415/NuGet.targets" from project "/home/saidul/Desktop/K-Chief Marine Automation Platform/src/KChief.Protocols.Modbus/KChief.Protocols.Modbus.csproj" (target "_GenerateRestoreSpecs" depends on it):
       Using "GetRestoreProjectStyleTask" task from assembly "/usr/share/dotnet/sdk/8.0.415/NuGet.Build.Tasks.dll".
   6:4>Target "_GenerateDotnetCliToolReferenceSpecs" in file "/usr/share/dotnet/sdk/8.0.415/NuGet.targets" from project "/home/saidul/Desktop/K-Chief Marine Automation Platform/tests/KChief.Integration.Tests/KChief.Integration.Tests.csproj" (target "_GenerateRestoreGraphProjectEntry" depends on it):
   6:4>Using "GetRestoreDotnetCliToolsTask" task from assembly "/usr/share/dotnet/sdk/8.0.415/NuGet.Build.Tasks.dll".
       Task "GetRestoreDotnetCliToolsTask"
   4:5>Task "GetRestoreProjectStyleTask"
       Done executing task "GetRestoreProjectStyleTask".
   4:5>Done building target "_GetRestoreProjectStyle" in project "KChief.Protocols.Modbus.csproj".
 10:11>Target "ApplyImplicitVersions" in file "/usr/share/dotnet/sdk/8.0.415/Sdks/Microsoft.NET.Sdk/targets/Microsoft.NET.Sdk.DefaultItems.Shared.targets" from project "/home/saidul/Desktop/K-Chief Marine Automation Platform/src/KChief.Platform.Core/KChief.Platform.Core.csproj" (target "CollectPackageReferences" depends on it):
 10:11>Using "ApplyImplicitVersions" task from assembly "/usr/share/dotnet/sdk/8.0.415/Sdks/Microsoft.NET.Sdk/targets/../tools/net8.0/Microsoft.NET.Build.Tasks.dll".
       Task "ApplyImplicitVersions"
   4:5>Target "_GenerateRestoreSpecs" in file "/usr/share/dotnet/sdk/8.0.415/NuGet.targets" from project "/home/saidul/Desktop/K-Chief Marine Automation Platform/src/KChief.Protocols.Modbus/KChief.Protocols.Modbus.csproj" (target "_GenerateRestoreGraphProjectEntry" depends on it):
   4:5>Using "Message" task from assembly "Microsoft.Build.Tasks.Core, Version=15.1.0.0, Culture=neutral, PublicKeyToken=b03f5f7f11d50a3a".
       Task "Message"
         Restore entry point /home/saidul/Desktop/K-Chief Marine Automation Platform/src/KChief.Protocols.Modbus/KChief.Protocols.Modbus.csproj
       Done executing task "Message".
   4:5>Done building target "_GenerateRestoreSpecs" in project "KChief.Protocols.Modbus.csproj".
   6:4>Done executing task "GetRestoreDotnetCliToolsTask".
   6:4>Done building target "_GenerateDotnetCliToolReferenceSpecs" in project "KChief.Integration.Tests.csproj".
   4:5>Target "_GetRestoreSettingsOverrides" in file "/usr/share/dotnet/sdk/8.0.415/NuGet.targets" from project "/home/saidul/Desktop/K-Chief Marine Automation Platform/src/KChief.Protocols.Modbus/KChief.Protocols.Modbus.csproj" (target "_GetRestoreSettings" depends on it):
   4:5>Task "MSBuild" skipped, due to false condition; ( '$(RestorePackagesPath)' != '' ) was evaluated as ( '' != '' ).
   6:4>Target "_GenerateRestoreGraphProjectEntry" in file "/usr/share/dotnet/sdk/8.0.415/NuGet.targets" from project "/home/saidul/Desktop/K-Chief Marine Automation Platform/tests/KChief.Integration.Tests/KChief.Integration.Tests.csproj" (entry point):
   6:4>Done building target "_GenerateRestoreGraphProjectEntry" in project "KChief.Integration.Tests.csproj".
   4:5>_GetRestoreSettingsOverrides:
       Task "MSBuild" skipped, due to false condition; ( '$(RestoreRepositoryPathOverride)' != '' ) was evaluated as ( '' != '' ).
   6:4>Done Building Project "/home/saidul/Desktop/K-Chief Marine Automation Platform/tests/KChief.Integration.Tests/KChief.Integration.Tests.csproj" (_GenerateRestoreGraphProjectEntry target(s)).
   4:5>_GetRestoreSettingsOverrides:
       Task "MSBuild" skipped, due to false condition; ( '$(RestoreSources)' != '' ) was evaluated as ( '' != '' ).
 10:11>Done executing task "ApplyImplicitVersions".
   4:5>_GetRestoreSettingsOverrides:
       Task "MSBuild" skipped, due to false condition; ( '$(RestoreFallbackFolders)' != '' ) was evaluated as ( '' != '' ).
   4:5>Done building target "_GetRestoreSettingsOverrides" in project "KChief.Protocols.Modbus.csproj".
   4:5>Target "_GetRestoreSettingsPerFramework" in file "/usr/share/dotnet/sdk/8.0.415/NuGet.targets" from project "/home/saidul/Desktop/K-Chief Marine Automation Platform/src/KChief.Protocols.Modbus/KChief.Protocols.Modbus.csproj" (target "_GetRestoreSettingsCurrentProject" depends on it):
   4:5>Done building target "_GetRestoreSettingsPerFramework" in project "KChief.Protocols.Modbus.csproj".
   4:5>Target "_GetRestoreSettingsCurrentProject" in file "/usr/share/dotnet/sdk/8.0.415/NuGet.targets" from project "/home/saidul/Desktop/K-Chief Marine Automation Platform/src/KChief.Protocols.Modbus/KChief.Protocols.Modbus.csproj" (target "_GetRestoreSettings" depends on it):
   4:5>Done building target "_GetRestoreSettingsCurrentProject" in project "KChief.Protocols.Modbus.csproj".
       Target "_GetRestoreSettingsAllFrameworks" skipped, due to false condition; ( '$(TargetFrameworks)' != '' AND '$(PackageReferenceCompatibleProjectStyle)' == 'true' ) was evaluated as ( '' != '' AND 'True' == 'true' ).
 10:11>Done building target "ApplyImplicitVersions" in project "KChief.Platform.Core.csproj".
       Target "CheckForImplicitPackageReferenceOverrides" skipped. Previously built successfully.
   4:5>Target "_GetRestoreSettings" in file "/usr/share/dotnet/sdk/8.0.415/NuGet.targets" from project "/home/saidul/Desktop/K-Chief Marine Automation Platform/src/KChief.Protocols.Modbus/KChief.Protocols.Modbus.csproj" (target "_GenerateDotnetCliToolReferenceSpecs" depends on it):
   4:5>Using "GetRestoreSettingsTask" task from assembly "/usr/share/dotnet/sdk/8.0.415/NuGet.Build.Tasks.dll".
 10:11>Target "AddWindowsSdkKnownFrameworkReferences" skipped, due to false condition; ('$(TargetFrameworkIdentifier)' == '.NETCoreApp' And '$(TargetPlatformIdentifier)' == 'Windows') was evaluated as ('.NETCoreApp' == '.NETCoreApp' And '' == 'Windows').
   4:5>Task "GetRestoreSettingsTask"
 10:11>Target "_NormalizeTargetPlatformVersion" skipped, due to false condition; ('$(TargetPlatformVersion)' != '' and '$(TargetFrameworkIdentifier)' == '.NETCoreApp' and $([MSBuild]::VersionGreaterThanOrEquals($(TargetFrameworkVersion), 5.0)) and ('$(Language)' != 'C++' or '$(_EnablePackageReferencesInVCProjects)' == 'true')) was evaluated as ('' != '' and '.NETCoreApp' == '.NETCoreApp' and True and ('C#' != 'C++' or '' == 'true')).
   4:5>Done executing task "GetRestoreSettingsTask".
 10:11>Target "_CheckForLanguageAndFeatureCombinationSupport" in file "/usr/share/dotnet/sdk/8.0.415/Sdks/Microsoft.NET.Sdk/targets/Microsoft.NET.RuntimeIdentifierInference.targets" from project "/home/saidul/Desktop/K-Chief Marine Automation Platform/src/KChief.Platform.Core/KChief.Platform.Core.csproj" (target "ProcessFrameworkReferences" depends on it):
 10:11>Task "NETSdkError" skipped, due to false condition; (('$(Language)' == 'C++' and '$(_EnablePackageReferencesInVCProjects)' != 'true') and $(OutputType) != 'library' and '$(TargetFrameworkIdentifier)' == '.NETCoreApp') was evaluated as (('C#' == 'C++' and '' != 'true') and Library != 'library' and '.NETCoreApp' == '.NETCoreApp').
       Task "NETSdkError" skipped, due to false condition; (('$(Language)' == 'C++' and '$(_EnablePackageReferencesInVCProjects)' != 'true') and $(EnableComHosting) == 'true') was evaluated as (('C#' == 'C++' and '' != 'true') and  == 'true').
   4:5>Done building target "_GetRestoreSettings" in project "KChief.Protocols.Modbus.csproj".
 10:11>_CheckForLanguageAndFeatureCombinationSupport:
       Task "NETSdkError" skipped, due to false condition; (('$(Language)' == 'C++' and '$(_EnablePackageReferencesInVCProjects)' != 'true') and $(SelfContained) == 'true') was evaluated as (('C#' == 'C++' and '' != 'true') and  == 'true').
 10:11>Done building target "_CheckForLanguageAndFeatureCombinationSupport" in project "KChief.Platform.Core.csproj".
   4:5>Target "_GenerateDotnetCliToolReferenceSpecs" in file "/usr/share/dotnet/sdk/8.0.415/NuGet.targets" from project "/home/saidul/Desktop/K-Chief Marine Automation Platform/src/KChief.Protocols.Modbus/KChief.Protocols.Modbus.csproj" (target "_GenerateRestoreGraphProjectEntry" depends on it):
   4:5>Using "GetRestoreDotnetCliToolsTask" task from assembly "/usr/share/dotnet/sdk/8.0.415/NuGet.Build.Tasks.dll".
       Task "GetRestoreDotnetCliToolsTask"
       Done executing task "GetRestoreDotnetCliToolsTask".
   4:5>Done building target "_GenerateDotnetCliToolReferenceSpecs" in project "KChief.Protocols.Modbus.csproj".
   4:5>Target "_GenerateRestoreGraphProjectEntry" in file "/usr/share/dotnet/sdk/8.0.415/NuGet.targets" from project "/home/saidul/Desktop/K-Chief Marine Automation Platform/src/KChief.Protocols.Modbus/KChief.Protocols.Modbus.csproj" (entry point):
   4:5>Done building target "_GenerateRestoreGraphProjectEntry" in project "KChief.Protocols.Modbus.csproj".
   4:5>Done Building Project "/home/saidul/Desktop/K-Chief Marine Automation Platform/src/KChief.Protocols.Modbus/KChief.Protocols.Modbus.csproj" (_GenerateRestoreGraphProjectEntry target(s)).
 10:11>Target "_ComputeToolPackInputsToProcessFrameworkReferences" in file "/usr/share/dotnet/sdk/8.0.415/Sdks/Microsoft.NET.Sdk/targets/Microsoft.NET.Publish.targets" from project "/home/saidul/Desktop/K-Chief Marine Automation Platform/src/KChief.Platform.Core/KChief.Platform.Core.csproj" (target "ProcessFrameworkReferences" depends on it):
 10:11>Done building target "_ComputeToolPackInputsToProcessFrameworkReferences" in project "KChief.Platform.Core.csproj".
 10:11>Target "ProcessFrameworkReferences" in file "/usr/share/dotnet/sdk/8.0.415/Sdks/Microsoft.NET.Sdk/targets/Microsoft.NET.Sdk.FrameworkReferenceResolution.targets" from project "/home/saidul/Desktop/K-Chief Marine Automation Platform/src/KChief.Platform.Core/KChief.Platform.Core.csproj" (target "CollectPackageReferences" depends on it):
       Using "CheckForDuplicateFrameworkReferences" task from assembly "/usr/share/dotnet/sdk/8.0.415/Sdks/Microsoft.NET.Sdk/targets/../tools/net8.0/Microsoft.NET.Build.Tasks.dll".
       Task "CheckForDuplicateFrameworkReferences"
       Done executing task "CheckForDuplicateFrameworkReferences".
       Using "ProcessFrameworkReferences" task from assembly "/usr/share/dotnet/sdk/8.0.415/Sdks/Microsoft.NET.Sdk/targets/../tools/net8.0/Microsoft.NET.Build.Tasks.dll".
       Task "ProcessFrameworkReferences"
   5:5>Done executing task "GetRestoreSettingsTask".
   5:5>Done building target "_GetRestoreSettings" in project "KChief.Protocols.OPC.csproj".
   5:5>Target "_GenerateDotnetCliToolReferenceSpecs" in file "/usr/share/dotnet/sdk/8.0.415/NuGet.targets" from project "/home/saidul/Desktop/K-Chief Marine Automation Platform/src/KChief.Protocols.OPC/KChief.Protocols.OPC.csproj" (target "_GenerateRestoreGraphProjectEntry" depends on it):
       Using "GetRestoreDotnetCliToolsTask" task from assembly "/usr/share/dotnet/sdk/8.0.415/NuGet.Build.Tasks.dll".
       Task "GetRestoreDotnetCliToolsTask"
       Done executing task "GetRestoreDotnetCliToolsTask".
   5:5>Done building target "_GenerateDotnetCliToolReferenceSpecs" in project "KChief.Protocols.OPC.csproj".
   5:5>Target "_GenerateRestoreGraphProjectEntry" in file "/usr/share/dotnet/sdk/8.0.415/NuGet.targets" from project "/home/saidul/Desktop/K-Chief Marine Automation Platform/src/KChief.Protocols.OPC/KChief.Protocols.OPC.csproj" (entry point):
   5:5>Done building target "_GenerateRestoreGraphProjectEntry" in project "KChief.Protocols.OPC.csproj".
   5:5>Done Building Project "/home/saidul/Desktop/K-Chief Marine Automation Platform/src/KChief.Protocols.OPC/KChief.Protocols.OPC.csproj" (_GenerateRestoreGraphProjectEntry target(s)).
 10:11>Done executing task "ProcessFrameworkReferences".
       Using "ResolveAppHosts" task from assembly "/usr/share/dotnet/sdk/8.0.415/Sdks/Microsoft.NET.Sdk/targets/../tools/net8.0/Microsoft.NET.Build.Tasks.dll".
       Task "ResolveAppHosts"
       Done executing task "ResolveAppHosts".
 10:11>Done building target "ProcessFrameworkReferences" in project "KChief.Platform.Core.csproj".
       Target "IncludeTargetingPackReference" skipped, due to false condition; ('$(TargetFrameworkMoniker)' != '' and '$(TargetFrameworkIdentifier)' == '.NETFramework' and '$(AutomaticallyUseReferenceAssemblyPackages)' == 'true') was evaluated as ('.NETCoreApp,Version=v8.0' != '' and '.NETCoreApp' == '.NETFramework' and 'true' == 'true').
 10:11>Target "_AddMicrosoftNetCompilerToolsetFrameworkPackage" in file "/usr/share/dotnet/sdk/8.0.415/Sdks/Microsoft.NET.Sdk/targets/Microsoft.NET.Sdk.targets" from project "/home/saidul/Desktop/K-Chief Marine Automation Platform/src/KChief.Platform.Core/KChief.Platform.Core.csproj" (target "CollectPackageReferences" depends on it):
       Task "NETSdkWarning" skipped, due to false condition; ('@(PackageReference->AnyHaveMetadataValue('Identity', 'Microsoft.Net.Compilers.Toolset.Framework'))' == 'true') was evaluated as ('false' == 'true').
 10:11>Done building target "_AddMicrosoftNetCompilerToolsetFrameworkPackage" in project "KChief.Platform.Core.csproj".
 10:11>Target "_CheckForObsoleteDotNetCliToolReferences" in file "/usr/share/dotnet/sdk/8.0.415/Sdks/Microsoft.NET.Sdk/targets/Microsoft.NET.ObsoleteReferences.targets" from project "/home/saidul/Desktop/K-Chief Marine Automation Platform/src/KChief.Platform.Core/KChief.Platform.Core.csproj" (target "CollectPackageReferences" depends on it):
       Task "NETSdkWarning" skipped, due to false condition; ( '%(_ReferenceToObsoleteDotNetCliTool.Identity)' != '' ) was evaluated as ( '' != '' ).
 10:11>Done building target "_CheckForObsoleteDotNetCliToolReferences" in project "KChief.Platform.Core.csproj".
 10:11>Target "CollectPackageReferences" in file "/usr/share/dotnet/sdk/8.0.415/NuGet.targets" from project "/home/saidul/Desktop/K-Chief Marine Automation Platform/src/KChief.Platform.Core/KChief.Platform.Core.csproj" (target "_GetRestoreProjectStyle" depends on it):
       Using "CheckForDuplicateNuGetItemsTask" task from assembly "/usr/share/dotnet/sdk/8.0.415/NuGet.Build.Tasks.dll".
       Task "CheckForDuplicateNuGetItemsTask"
       Done executing task "CheckForDuplicateNuGetItemsTask".
 10:11>Done building target "CollectPackageReferences" in project "KChief.Platform.Core.csproj".
 10:11>Target "_GetRestoreProjectStyle" in file "/usr/share/dotnet/sdk/8.0.415/NuGet.targets" from project "/home/saidul/Desktop/K-Chief Marine Automation Platform/src/KChief.Platform.Core/KChief.Platform.Core.csproj" (target "_GenerateRestoreSpecs" depends on it):
       Using "GetRestoreProjectStyleTask" task from assembly "/usr/share/dotnet/sdk/8.0.415/NuGet.Build.Tasks.dll".
       Task "GetRestoreProjectStyleTask"
       Done executing task "GetRestoreProjectStyleTask".
 10:11>Done building target "_GetRestoreProjectStyle" in project "KChief.Platform.Core.csproj".
 10:11>Target "_GenerateRestoreSpecs" in file "/usr/share/dotnet/sdk/8.0.415/NuGet.targets" from project "/home/saidul/Desktop/K-Chief Marine Automation Platform/src/KChief.Platform.Core/KChief.Platform.Core.csproj" (target "_GenerateRestoreGraphProjectEntry" depends on it):
       Using "Message" task from assembly "Microsoft.Build.Tasks.Core, Version=15.1.0.0, Culture=neutral, PublicKeyToken=b03f5f7f11d50a3a".
       Task "Message"
         Restore entry point /home/saidul/Desktop/K-Chief Marine Automation Platform/src/KChief.Platform.Core/KChief.Platform.Core.csproj
       Done executing task "Message".
 10:11>Done building target "_GenerateRestoreSpecs" in project "KChief.Platform.Core.csproj".
 10:11>Target "_GetRestoreSettingsOverrides" in file "/usr/share/dotnet/sdk/8.0.415/NuGet.targets" from project "/home/saidul/Desktop/K-Chief Marine Automation Platform/src/KChief.Platform.Core/KChief.Platform.Core.csproj" (target "_GetRestoreSettings" depends on it):
       Task "MSBuild" skipped, due to false condition; ( '$(RestorePackagesPath)' != '' ) was evaluated as ( '' != '' ).
       Task "MSBuild" skipped, due to false condition; ( '$(RestoreRepositoryPathOverride)' != '' ) was evaluated as ( '' != '' ).
       Task "MSBuild" skipped, due to false condition; ( '$(RestoreSources)' != '' ) was evaluated as ( '' != '' ).
       Task "MSBuild" skipped, due to false condition; ( '$(RestoreFallbackFolders)' != '' ) was evaluated as ( '' != '' ).
 10:11>Done building target "_GetRestoreSettingsOverrides" in project "KChief.Platform.Core.csproj".
 10:11>Target "_GetRestoreSettingsPerFramework" in file "/usr/share/dotnet/sdk/8.0.415/NuGet.targets" from project "/home/saidul/Desktop/K-Chief Marine Automation Platform/src/KChief.Platform.Core/KChief.Platform.Core.csproj" (target "_GetRestoreSettingsCurrentProject" depends on it):
 10:11>Done building target "_GetRestoreSettingsPerFramework" in project "KChief.Platform.Core.csproj".
 10:11>Target "_GetRestoreSettingsCurrentProject" in file "/usr/share/dotnet/sdk/8.0.415/NuGet.targets" from project "/home/saidul/Desktop/K-Chief Marine Automation Platform/src/KChief.Platform.Core/KChief.Platform.Core.csproj" (target "_GetRestoreSettings" depends on it):
 10:11>Done building target "_GetRestoreSettingsCurrentProject" in project "KChief.Platform.Core.csproj".
       Target "_GetRestoreSettingsAllFrameworks" skipped, due to false condition; ( '$(TargetFrameworks)' != '' AND '$(PackageReferenceCompatibleProjectStyle)' == 'true' ) was evaluated as ( '' != '' AND 'True' == 'true' ).
 10:11>Target "_GetRestoreSettings" in file "/usr/share/dotnet/sdk/8.0.415/NuGet.targets" from project "/home/saidul/Desktop/K-Chief Marine Automation Platform/src/KChief.Platform.Core/KChief.Platform.Core.csproj" (target "_GenerateDotnetCliToolReferenceSpecs" depends on it):
       Using "GetRestoreSettingsTask" task from assembly "/usr/share/dotnet/sdk/8.0.415/NuGet.Build.Tasks.dll".
       Task "GetRestoreSettingsTask"
         Assembly loaded during TaskRun (NuGet.Build.Tasks.GetRestoreSettingsTask): NuGet.Configuration, Version=6.11.1.2, Culture=neutral, PublicKeyToken=31bf3856ad364e35 (location: /usr/share/dotnet/sdk/8.0.415/NuGet.Configuration.dll, MVID: be7e3e57-42a2-4a9c-87cf-47833efa7f94, AssemblyLoadContext: MSBuild plugin /usr/share/dotnet/sdk/8.0.415/NuGet.Build.Tasks.dll)
       Done executing task "GetRestoreSettingsTask".
 10:11>Done building target "_GetRestoreSettings" in project "KChief.Platform.Core.csproj".
 10:11>Target "_GenerateDotnetCliToolReferenceSpecs" in file "/usr/share/dotnet/sdk/8.0.415/NuGet.targets" from project "/home/saidul/Desktop/K-Chief Marine Automation Platform/src/KChief.Platform.Core/KChief.Platform.Core.csproj" (target "_GenerateRestoreGraphProjectEntry" depends on it):
       Using "GetRestoreDotnetCliToolsTask" task from assembly "/usr/share/dotnet/sdk/8.0.415/NuGet.Build.Tasks.dll".
       Task "GetRestoreDotnetCliToolsTask"
       Done executing task "GetRestoreDotnetCliToolsTask".
 10:11>Done building target "_GenerateDotnetCliToolReferenceSpecs" in project "KChief.Platform.Core.csproj".
 10:11>Target "_GenerateRestoreGraphProjectEntry" in file "/usr/share/dotnet/sdk/8.0.415/NuGet.targets" from project "/home/saidul/Desktop/K-Chief Marine Automation Platform/src/KChief.Platform.Core/KChief.Platform.Core.csproj" (entry point):
 10:11>Done building target "_GenerateRestoreGraphProjectEntry" in project "KChief.Platform.Core.csproj".
 10:11>Done Building Project "/home/saidul/Desktop/K-Chief Marine Automation Platform/src/KChief.Platform.Core/KChief.Platform.Core.csproj" (_GenerateRestoreGraphProjectEntry target(s)).
     1>Done executing task "MSBuild".
       Task "MSBuild"
         Global Properties:
           ExcludeRestorePackageImports=true
           _RestoreSolutionFileUsed=true
           SolutionDir=/home/saidul/Desktop/K-Chief Marine Automation Platform/
           SolutionName=KChief.MarineAutomationPlatform
           SolutionFileName=KChief.MarineAutomationPlatform.sln
           SolutionPath=/home/saidul/Desktop/K-Chief Marine Automation Platform/KChief.MarineAutomationPlatform.sln
           SolutionExt=.sln
         Additional Properties for project "/home/saidul/Desktop/K-Chief Marine Automation Platform/src/KChief.Platform.Core/KChief.Platform.Core.csproj":
           Configuration=Release
           Platform=AnyCPU
         Additional Properties for project "/home/saidul/Desktop/K-Chief Marine Automation Platform/src/KChief.DataAccess/KChief.DataAccess.csproj":
           Configuration=Release
           Platform=AnyCPU
         Additional Properties for project "/home/saidul/Desktop/K-Chief Marine Automation Platform/src/KChief.VesselControl/KChief.VesselControl.csproj":
           Configuration=Release
           Platform=AnyCPU
         Additional Properties for project "/home/saidul/Desktop/K-Chief Marine Automation Platform/src/KChief.AlarmSystem/KChief.AlarmSystem.csproj":
           Configuration=Release
           Platform=AnyCPU
         Additional Properties for project "/home/saidul/Desktop/K-Chief Marine Automation Platform/src/KChief.Protocols.OPC/KChief.Protocols.OPC.csproj":
           Configuration=Release
           Platform=AnyCPU
         Additional Properties for project "/home/saidul/Desktop/K-Chief Marine Automation Platform/src/KChief.Protocols.Modbus/KChief.Protocols.Modbus.csproj":
           Configuration=Release
           Platform=AnyCPU
         Additional Properties for project "/home/saidul/Desktop/K-Chief Marine Automation Platform/src/KChief.Platform.API/KChief.Platform.API.csproj":
           Configuration=Release
           Platform=AnyCPU
         Additional Properties for project "/home/saidul/Desktop/K-Chief Marine Automation Platform/tests/KChief.Platform.Tests/KChief.Platform.Tests.csproj":
           Configuration=Release
           Platform=AnyCPU
         Additional Properties for project "/home/saidul/Desktop/K-Chief Marine Automation Platform/tests/KChief.Integration.Tests/KChief.Integration.Tests.csproj":
           Configuration=Release
           Platform=AnyCPU
     1>Project "/home/saidul/Desktop/K-Chief Marine Automation Platform/KChief.MarineAutomationPlatform.sln" (1) is building "/home/saidul/Desktop/K-Chief Marine Automation Platform/src/KChief.Platform.Core/KChief.Platform.Core.csproj" (10:12) on node 1 (_GenerateProjectRestoreGraph target(s)).
 10:12>Target "_GetRestoreProjectStyle" skipped. Previously built successfully.
       Target "_GetRestoreProjectStyle" skipped. Previously built successfully.
       Target "_GetRestoreProjectStyle" skipped. Previously built successfully.
 10:12>Target "_GetRestoreTargetFrameworkOverride" in file "/usr/share/dotnet/sdk/8.0.415/NuGet.targets" from project "/home/saidul/Desktop/K-Chief Marine Automation Platform/src/KChief.Platform.Core/KChief.Platform.Core.csproj" (target "_GetRestoreTargetFrameworksOutput" depends on it):
       Task "GetGlobalPropertyValueTask" skipped, due to false condition; ( '$(TargetFrameworks)' != '' ) was evaluated as ( '' != '' ).
 10:12>Done building target "_GetRestoreTargetFrameworkOverride" in project "KChief.Platform.Core.csproj".
 10:12>Target "_GetRestoreTargetFrameworksOutput" in file "/usr/share/dotnet/sdk/8.0.415/NuGet.targets" from project "/home/saidul/Desktop/K-Chief Marine Automation Platform/src/KChief.Platform.Core/KChief.Platform.Core.csproj" (target "_GenerateRestoreProjectSpec" depends on it):
       Using "GetProjectTargetFrameworksTask" task from assembly "/usr/share/dotnet/sdk/8.0.415/NuGet.Build.Tasks.dll".
       Task "GetProjectTargetFrameworksTask"
     1>Project "/home/saidul/Desktop/K-Chief Marine Automation Platform/KChief.MarineAutomationPlatform.sln" (1) is building "/home/saidul/Desktop/K-Chief Marine Automation Platform/src/KChief.Protocols.Modbus/KChief.Protocols.Modbus.csproj" (4:6) on node 8 (_GenerateProjectRestoreGraph target(s)).
   4:6>Target "_GetRestoreProjectStyle" skipped. Previously built successfully.
       Target "_GetRestoreProjectStyle" skipped. Previously built successfully.
       Target "_GetRestoreProjectStyle" skipped. Previously built successfully.
   4:6>Target "_GetRestoreTargetFrameworkOverride" in file "/usr/share/dotnet/sdk/8.0.415/NuGet.targets" from project "/home/saidul/Desktop/K-Chief Marine Automation Platform/src/KChief.Protocols.Modbus/KChief.Protocols.Modbus.csproj" (target "_GetRestoreTargetFrameworksOutput" depends on it):
       Task "GetGlobalPropertyValueTask" skipped, due to false condition; ( '$(TargetFrameworks)' != '' ) was evaluated as ( '' != '' ).
   4:6>Done building target "_GetRestoreTargetFrameworkOverride" in project "KChief.Protocols.Modbus.csproj".
     1>Project "/home/saidul/Desktop/K-Chief Marine Automation Platform/KChief.MarineAutomationPlatform.sln" (1) is building "/home/saidul/Desktop/K-Chief Marine Automation Platform/src/KChief.AlarmSystem/KChief.AlarmSystem.csproj" (7:6) on node 5 (_GenerateProjectRestoreGraph target(s)).
   7:6>Target "_GetRestoreProjectStyle" skipped. Previously built successfully.
       Target "_GetRestoreProjectStyle" skipped. Previously built successfully.
       Target "_GetRestoreProjectStyle" skipped. Previously built successfully.
   7:6>Target "_GetRestoreTargetFrameworkOverride" in file "/usr/share/dotnet/sdk/8.0.415/NuGet.targets" from project "/home/saidul/Desktop/K-Chief Marine Automation Platform/src/KChief.AlarmSystem/KChief.AlarmSystem.csproj" (target "_GetRestoreTargetFrameworksOutput" depends on it):
       Task "GetGlobalPropertyValueTask" skipped, due to false condition; ( '$(TargetFrameworks)' != '' ) was evaluated as ( '' != '' ).
   7:6>Done building target "_GetRestoreTargetFrameworkOverride" in project "KChief.AlarmSystem.csproj".
     1>Project "/home/saidul/Desktop/K-Chief Marine Automation Platform/KChief.MarineAutomationPlatform.sln" (1) is building "/home/saidul/Desktop/K-Chief Marine Automation Platform/src/KChief.DataAccess/KChief.DataAccess.csproj" (8:7) on node 6 (_GenerateProjectRestoreGraph target(s)).
   8:7>Target "_GetRestoreProjectStyle" skipped. Previously built successfully.
       Target "_GetRestoreProjectStyle" skipped. Previously built successfully.
       Target "_GetRestoreProjectStyle" skipped. Previously built successfully.
 10:12>Done executing task "GetProjectTargetFrameworksTask".
   8:7>Target "_GetRestoreTargetFrameworkOverride" in file "/usr/share/dotnet/sdk/8.0.415/NuGet.targets" from project "/home/saidul/Desktop/K-Chief Marine Automation Platform/src/KChief.DataAccess/KChief.DataAccess.csproj" (target "_GetRestoreTargetFrameworksOutput" depends on it):
   8:7>Task "GetGlobalPropertyValueTask" skipped, due to false condition; ( '$(TargetFrameworks)' != '' ) was evaluated as ( '' != '' ).
   8:7>Done building target "_GetRestoreTargetFrameworkOverride" in project "KChief.DataAccess.csproj".
   8:7>Target "_GetRestoreTargetFrameworksOutput" in file "/usr/share/dotnet/sdk/8.0.415/NuGet.targets" from project "/home/saidul/Desktop/K-Chief Marine Automation Platform/src/KChief.DataAccess/KChief.DataAccess.csproj" (target "_GenerateRestoreProjectSpec" depends on it):
       Using "GetProjectTargetFrameworksTask" task from assembly "/usr/share/dotnet/sdk/8.0.415/NuGet.Build.Tasks.dll".
       Task "GetProjectTargetFrameworksTask"
 10:12>Done building target "_GetRestoreTargetFrameworksOutput" in project "KChief.Platform.Core.csproj".
   8:7>Done executing task "GetProjectTargetFrameworksTask".
 10:12>Target "_GetRestoreSettings" skipped. Previously built successfully.
   7:6>Target "_GetRestoreTargetFrameworksOutput" in file "/usr/share/dotnet/sdk/8.0.415/NuGet.targets" from project "/home/saidul/Desktop/K-Chief Marine Automation Platform/src/KChief.AlarmSystem/KChief.AlarmSystem.csproj" (target "_GenerateRestoreProjectSpec" depends on it):
   7:6>Using "GetProjectTargetFrameworksTask" task from assembly "/usr/share/dotnet/sdk/8.0.415/NuGet.Build.Tasks.dll".
       Task "GetProjectTargetFrameworksTask"
 10:12>Target "_GenerateRestoreProjectSpec" in file "/usr/share/dotnet/sdk/8.0.415/NuGet.targets" from project "/home/saidul/Desktop/K-Chief Marine Automation Platform/src/KChief.Platform.Core/KChief.Platform.Core.csproj" (target "_GenerateProjectRestoreGraph" depends on it):
 10:12>Task "ConvertToAbsolutePath"
   7:6>Done executing task "GetProjectTargetFrameworksTask".
   7:6>Done building target "_GetRestoreTargetFrameworksOutput" in project "KChief.AlarmSystem.csproj".
       Target "_GetRestoreSettings" skipped. Previously built successfully.
   4:6>Target "_GetRestoreTargetFrameworksOutput" in file "/usr/share/dotnet/sdk/8.0.415/NuGet.targets" from project "/home/saidul/Desktop/K-Chief Marine Automation Platform/src/KChief.Protocols.Modbus/KChief.Protocols.Modbus.csproj" (target "_GenerateRestoreProjectSpec" depends on it):
   4:6>Using "GetProjectTargetFrameworksTask" task from assembly "/usr/share/dotnet/sdk/8.0.415/NuGet.Build.Tasks.dll".
       Task "GetProjectTargetFrameworksTask"
   7:6>Target "_GenerateRestoreProjectSpec" in file "/usr/share/dotnet/sdk/8.0.415/NuGet.targets" from project "/home/saidul/Desktop/K-Chief Marine Automation Platform/src/KChief.AlarmSystem/KChief.AlarmSystem.csproj" (target "_GenerateProjectRestoreGraph" depends on it):
   7:6>Task "ConvertToAbsolutePath"
   4:6>Done executing task "GetProjectTargetFrameworksTask".
   7:6>Done executing task "ConvertToAbsolutePath".
   4:6>Done building target "_GetRestoreTargetFrameworksOutput" in project "KChief.Protocols.Modbus.csproj".
   7:6>Done building target "_GenerateRestoreProjectSpec" in project "KChief.AlarmSystem.csproj".
   4:6>Target "_GetRestoreSettings" skipped. Previously built successfully.
   7:6>Target "_GenerateProjectRestoreGraphAllFrameworks" skipped, due to false condition; ( '$(TargetFrameworks)' != '' ) was evaluated as ( '' != '' ).
       Target "_GetRestoreProjectStyle" skipped. Previously built successfully.
   4:6>Target "_GenerateRestoreProjectSpec" in file "/usr/share/dotnet/sdk/8.0.415/NuGet.targets" from project "/home/saidul/Desktop/K-Chief Marine Automation Platform/src/KChief.Protocols.Modbus/KChief.Protocols.Modbus.csproj" (target "_GenerateProjectRestoreGraph" depends on it):
   4:6>Task "ConvertToAbsolutePath"
   7:6>Target "CollectPackageReferences" skipped. Previously built successfully.
   4:6>Done executing task "ConvertToAbsolutePath".
   7:6>Target "CollectPackageDownloads" in file "/usr/share/dotnet/sdk/8.0.415/NuGet.targets" from project "/home/saidul/Desktop/K-Chief Marine Automation Platform/src/KChief.AlarmSystem/KChief.AlarmSystem.csproj" (target "_CollectRestoreInputs" depends on it):
   7:6>Task "CheckForDuplicateNuGetItemsTask"
       Done executing task "CheckForDuplicateNuGetItemsTask".
 10:12>Done executing task "ConvertToAbsolutePath".
   7:6>Done building target "CollectPackageDownloads" in project "KChief.AlarmSystem.csproj".
     1>Project "/home/saidul/Desktop/K-Chief Marine Automation Platform/KChief.MarineAutomationPlatform.sln" (1) is building "/home/saidul/Desktop/K-Chief Marine Automation Platform/src/KChief.Protocols.OPC/KChief.Protocols.OPC.csproj" (5:6) on node 3 (_GenerateProjectRestoreGraph target(s)).
   5:6>Target "_GetRestoreProjectStyle" skipped. Previously built successfully.
   7:6>Target "CollectFrameworkReferences" in file "/usr/share/dotnet/sdk/8.0.415/NuGet.targets" from project "/home/saidul/Desktop/K-Chief Marine Automation Platform/src/KChief.AlarmSystem/KChief.AlarmSystem.csproj" (target "_CollectRestoreInputs" depends on it):
   7:6>Done building target "CollectFrameworkReferences" in project "KChief.AlarmSystem.csproj".
   5:6>Target "_GetRestoreProjectStyle" skipped. Previously built successfully.
       Target "_GetRestoreProjectStyle" skipped. Previously built successfully.
   7:6>Target "CollectCentralPackageVersions" in file "/usr/share/dotnet/sdk/8.0.415/NuGet.targets" from project "/home/saidul/Desktop/K-Chief Marine Automation Platform/src/KChief.AlarmSystem/KChief.AlarmSystem.csproj" (target "_CollectRestoreInputs" depends on it):
   7:6>Task "CheckForDuplicateNuGetItemsTask"
       Done executing task "CheckForDuplicateNuGetItemsTask".
   5:6>Target "_GetRestoreTargetFrameworkOverride" in file "/usr/share/dotnet/sdk/8.0.415/NuGet.targets" from project "/home/saidul/Desktop/K-Chief Marine Automation Platform/src/KChief.Protocols.OPC/KChief.Protocols.OPC.csproj" (target "_GetRestoreTargetFrameworksOutput" depends on it):
   5:6>Task "GetGlobalPropertyValueTask" skipped, due to false condition; ( '$(TargetFrameworks)' != '' ) was evaluated as ( '' != '' ).
   7:6>Done building target "CollectCentralPackageVersions" in project "KChief.AlarmSystem.csproj".
   5:6>Done building target "_GetRestoreTargetFrameworkOverride" in project "KChief.Protocols.OPC.csproj".
   7:6>Target "CollectNuGetAuditSuppressions" in file "/usr/share/dotnet/sdk/8.0.415/NuGet.targets" from project "/home/saidul/Desktop/K-Chief Marine Automation Platform/src/KChief.AlarmSystem/KChief.AlarmSystem.csproj" (target "_CollectRestoreInputs" depends on it):
   7:6>Task "CheckForDuplicateNuGetItemsTask"
   5:6>Target "_GetRestoreTargetFrameworksOutput" in file "/usr/share/dotnet/sdk/8.0.415/NuGet.targets" from project "/home/saidul/Desktop/K-Chief Marine Automation Platform/src/KChief.Protocols.OPC/KChief.Protocols.OPC.csproj" (target "_GenerateRestoreProjectSpec" depends on it):
   5:6>Using "GetProjectTargetFrameworksTask" task from assembly "/usr/share/dotnet/sdk/8.0.415/NuGet.Build.Tasks.dll".
   7:6>Done executing task "CheckForDuplicateNuGetItemsTask".
   5:6>Task "GetProjectTargetFrameworksTask"
   7:6>Done building target "CollectNuGetAuditSuppressions" in project "KChief.AlarmSystem.csproj".
 10:12>Done building target "_GenerateRestoreProjectSpec" in project "KChief.Platform.Core.csproj".
   5:6>Done executing task "GetProjectTargetFrameworksTask".
 10:12>Target "_GenerateProjectRestoreGraphAllFrameworks" skipped, due to false condition; ( '$(TargetFrameworks)' != '' ) was evaluated as ( '' != '' ).
       Target "_GetRestoreProjectStyle" skipped. Previously built successfully.
   5:6>Done building target "_GetRestoreTargetFrameworksOutput" in project "KChief.Protocols.OPC.csproj".
   7:6>Target "_CollectRestoreInputs" in file "/usr/share/dotnet/sdk/8.0.415/NuGet.targets" from project "/home/saidul/Desktop/K-Chief Marine Automation Platform/src/KChief.AlarmSystem/KChief.AlarmSystem.csproj" (target "_GenerateProjectRestoreGraphPerFramework" depends on it):
   7:6>Done building target "_CollectRestoreInputs" in project "KChief.AlarmSystem.csproj".
 10:12>Target "CollectPackageReferences" skipped. Previously built successfully.
   5:6>Target "_GetRestoreSettings" skipped. Previously built successfully.
   7:6>Target "PrepRestoreForStoreProjects" skipped, due to false condition; ('$(StorePackageName)' != '') was evaluated as ('' != '').
 10:12>Target "CollectPackageDownloads" in file "/usr/share/dotnet/sdk/8.0.415/NuGet.targets" from project "/home/saidul/Desktop/K-Chief Marine Automation Platform/src/KChief.Platform.Core/KChief.Platform.Core.csproj" (target "_CollectRestoreInputs" depends on it):
 10:12>Task "CheckForDuplicateNuGetItemsTask"
   5:6>Target "_GenerateRestoreProjectSpec" in file "/usr/share/dotnet/sdk/8.0.415/NuGet.targets" from project "/home/saidul/Desktop/K-Chief Marine Automation Platform/src/KChief.Protocols.OPC/KChief.Protocols.OPC.csproj" (target "_GenerateProjectRestoreGraph" depends on it):
   5:6>Task "ConvertToAbsolutePath"
       Done executing task "ConvertToAbsolutePath".
   8:7>Done building target "_GetRestoreTargetFrameworksOutput" in project "KChief.DataAccess.csproj".
   5:6>Done building target "_GenerateRestoreProjectSpec" in project "KChief.Protocols.OPC.csproj".
   8:7>Target "_GetRestoreSettings" skipped. Previously built successfully.
   5:6>Target "_GenerateProjectRestoreGraphAllFrameworks" skipped, due to false condition; ( '$(TargetFrameworks)' != '' ) was evaluated as ( '' != '' ).
       Target "_GetRestoreProjectStyle" skipped. Previously built successfully.
   8:7>Target "_GenerateRestoreProjectSpec" in file "/usr/share/dotnet/sdk/8.0.415/NuGet.targets" from project "/home/saidul/Desktop/K-Chief Marine Automation Platform/src/KChief.DataAccess/KChief.DataAccess.csproj" (target "_GenerateProjectRestoreGraph" depends on it):
   8:7>Task "ConvertToAbsolutePath"
   5:6>Target "CollectPackageReferences" skipped. Previously built successfully.
   8:7>Done executing task "ConvertToAbsolutePath".
   8:7>Done building target "_GenerateRestoreProjectSpec" in project "KChief.DataAccess.csproj".
   5:6>Target "CollectPackageDownloads" in file "/usr/share/dotnet/sdk/8.0.415/NuGet.targets" from project "/home/saidul/Desktop/K-Chief Marine Automation Platform/src/KChief.Protocols.OPC/KChief.Protocols.OPC.csproj" (target "_CollectRestoreInputs" depends on it):
   5:6>Task "CheckForDuplicateNuGetItemsTask"
   8:7>Target "_GenerateProjectRestoreGraphAllFrameworks" skipped, due to false condition; ( '$(TargetFrameworks)' != '' ) was evaluated as ( '' != '' ).
       Target "_GetRestoreProjectStyle" skipped. Previously built successfully.
       Target "CollectPackageReferences" skipped. Previously built successfully.
   8:7>Target "CollectPackageDownloads" in file "/usr/share/dotnet/sdk/8.0.415/NuGet.targets" from project "/home/saidul/Desktop/K-Chief Marine Automation Platform/src/KChief.DataAccess/KChief.DataAccess.csproj" (target "_CollectRestoreInputs" depends on it):
       Task "CheckForDuplicateNuGetItemsTask"
     1>Project "/home/saidul/Desktop/K-Chief Marine Automation Platform/KChief.MarineAutomationPlatform.sln" (1) is building "/home/saidul/Desktop/K-Chief Marine Automation Platform/tests/KChief.Platform.Tests/KChief.Platform.Tests.csproj" (3:5) on node 4 (_GenerateProjectRestoreGraph target(s)).
   3:5>Target "_GetRestoreProjectStyle" skipped. Previously built successfully.
   8:7>Done executing task "CheckForDuplicateNuGetItemsTask".
   3:5>Target "_GetRestoreProjectStyle" skipped. Previously built successfully.
   8:7>Done building target "CollectPackageDownloads" in project "KChief.DataAccess.csproj".
   3:5>Target "_GetRestoreProjectStyle" skipped. Previously built successfully.
   8:7>Target "CollectFrameworkReferences" in file "/usr/share/dotnet/sdk/8.0.415/NuGet.targets" from project "/home/saidul/Desktop/K-Chief Marine Automation Platform/src/KChief.DataAccess/KChief.DataAccess.csproj" (target "_CollectRestoreInputs" depends on it):
   8:7>Done building target "CollectFrameworkReferences" in project "KChief.DataAccess.csproj".
   3:5>Target "_GetRestoreTargetFrameworkOverride" in file "/usr/share/dotnet/sdk/8.0.415/NuGet.targets" from project "/home/saidul/Desktop/K-Chief Marine Automation Platform/tests/KChief.Platform.Tests/KChief.Platform.Tests.csproj" (target "_GetRestoreTargetFrameworksOutput" depends on it):
   3:5>Task "GetGlobalPropertyValueTask" skipped, due to false condition; ( '$(TargetFrameworks)' != '' ) was evaluated as ( '' != '' ).
   3:5>Done building target "_GetRestoreTargetFrameworkOverride" in project "KChief.Platform.Tests.csproj".
   8:7>Target "CollectCentralPackageVersions" in file "/usr/share/dotnet/sdk/8.0.415/NuGet.targets" from project "/home/saidul/Desktop/K-Chief Marine Automation Platform/src/KChief.DataAccess/KChief.DataAccess.csproj" (target "_CollectRestoreInputs" depends on it):
   8:7>Task "CheckForDuplicateNuGetItemsTask"
       Done executing task "CheckForDuplicateNuGetItemsTask".
   3:5>Target "_GetRestoreTargetFrameworksOutput" in file "/usr/share/dotnet/sdk/8.0.415/NuGet.targets" from project "/home/saidul/Desktop/K-Chief Marine Automation Platform/tests/KChief.Platform.Tests/KChief.Platform.Tests.csproj" (target "_GenerateRestoreProjectSpec" depends on it):
   3:5>Using "GetProjectTargetFrameworksTask" task from assembly "/usr/share/dotnet/sdk/8.0.415/NuGet.Build.Tasks.dll".
   8:7>Done building target "CollectCentralPackageVersions" in project "KChief.DataAccess.csproj".
   3:5>Task "GetProjectTargetFrameworksTask"
       Done executing task "GetProjectTargetFrameworksTask".
   8:7>Target "CollectNuGetAuditSuppressions" in file "/usr/share/dotnet/sdk/8.0.415/NuGet.targets" from project "/home/saidul/Desktop/K-Chief Marine Automation Platform/src/KChief.DataAccess/KChief.DataAccess.csproj" (target "_CollectRestoreInputs" depends on it):
   8:7>Task "CheckForDuplicateNuGetItemsTask"
   3:5>Done building target "_GetRestoreTargetFrameworksOutput" in project "KChief.Platform.Tests.csproj".
   8:7>Done executing task "CheckForDuplicateNuGetItemsTask".
   3:5>Target "_GetRestoreSettings" skipped. Previously built successfully.
   8:7>Done building target "CollectNuGetAuditSuppressions" in project "KChief.DataAccess.csproj".
   8:7>Target "_CollectRestoreInputs" in file "/usr/share/dotnet/sdk/8.0.415/NuGet.targets" from project "/home/saidul/Desktop/K-Chief Marine Automation Platform/src/KChief.DataAccess/KChief.DataAccess.csproj" (target "_GenerateProjectRestoreGraphPerFramework" depends on it):
   8:7>Done building target "_CollectRestoreInputs" in project "KChief.DataAccess.csproj".
       Target "PrepRestoreForStoreProjects" skipped, due to false condition; ('$(StorePackageName)' != '') was evaluated as ('' != '').
 10:12>Done executing task "CheckForDuplicateNuGetItemsTask".
     1>Project "/home/saidul/Desktop/K-Chief Marine Automation Platform/KChief.MarineAutomationPlatform.sln" (1) is building "/home/saidul/Desktop/K-Chief Marine Automation Platform/tests/KChief.Integration.Tests/KChief.Integration.Tests.csproj" (6:5) on node 2 (_GenerateProjectRestoreGraph target(s)).
   6:5>Target "_GetRestoreProjectStyle" skipped. Previously built successfully.
   8:7>Target "_GenerateProjectRestoreGraphPerFramework" in file "/usr/share/dotnet/sdk/8.0.415/NuGet.targets" from project "/home/saidul/Desktop/K-Chief Marine Automation Platform/src/KChief.DataAccess/KChief.DataAccess.csproj" (target "_GenerateProjectRestoreGraphCurrentProject" depends on it):
   8:7>Using "GetRestoreProjectReferencesTask" task from assembly "/usr/share/dotnet/sdk/8.0.415/NuGet.Build.Tasks.dll".
 10:12>Done building target "CollectPackageDownloads" in project "KChief.Platform.Core.csproj".
   6:5>Target "_GetRestoreProjectStyle" skipped. Previously built successfully.
   8:7>Task "GetRestoreProjectReferencesTask"
   6:5>Target "_GetRestoreProjectStyle" skipped. Previously built successfully.
   8:7>Done executing task "GetRestoreProjectReferencesTask".
       Using "GetRestorePackageReferencesTask" task from assembly "/usr/share/dotnet/sdk/8.0.415/NuGet.Build.Tasks.dll".
   6:5>Target "_GetRestoreTargetFrameworkOverride" in file "/usr/share/dotnet/sdk/8.0.415/NuGet.targets" from project "/home/saidul/Desktop/K-Chief Marine Automation Platform/tests/KChief.Integration.Tests/KChief.Integration.Tests.csproj" (target "_GetRestoreTargetFrameworksOutput" depends on it):
   6:5>Task "GetGlobalPropertyValueTask" skipped, due to false condition; ( '$(TargetFrameworks)' != '' ) was evaluated as ( '' != '' ).
   6:5>Done building target "_GetRestoreTargetFrameworkOverride" in project "KChief.Integration.Tests.csproj".
 10:12>Target "CollectFrameworkReferences" in file "/usr/share/dotnet/sdk/8.0.415/NuGet.targets" from project "/home/saidul/Desktop/K-Chief Marine Automation Platform/src/KChief.Platform.Core/KChief.Platform.Core.csproj" (target "_CollectRestoreInputs" depends on it):
 10:12>Done building target "CollectFrameworkReferences" in project "KChief.Platform.Core.csproj".
   5:6>Done executing task "CheckForDuplicateNuGetItemsTask".
   4:6>Done building target "_GenerateRestoreProjectSpec" in project "KChief.Protocols.Modbus.csproj".
   5:6>Done building target "CollectPackageDownloads" in project "KChief.Protocols.OPC.csproj".
   4:6>Target "_GenerateProjectRestoreGraphAllFrameworks" skipped, due to false condition; ( '$(TargetFrameworks)' != '' ) was evaluated as ( '' != '' ).
   6:5>Target "_GetRestoreTargetFrameworksOutput" in file "/usr/share/dotnet/sdk/8.0.415/NuGet.targets" from project "/home/saidul/Desktop/K-Chief Marine Automation Platform/tests/KChief.Integration.Tests/KChief.Integration.Tests.csproj" (target "_GenerateRestoreProjectSpec" depends on it):
   6:5>Using "GetProjectTargetFrameworksTask" task from assembly "/usr/share/dotnet/sdk/8.0.415/NuGet.Build.Tasks.dll".
   4:6>Target "_GetRestoreProjectStyle" skipped. Previously built successfully.
     1>Project "/home/saidul/Desktop/K-Chief Marine Automation Platform/KChief.MarineAutomationPlatform.sln" (1) is building "/home/saidul/Desktop/K-Chief Marine Automation Platform/src/KChief.Platform.API/KChief.Platform.API.csproj" (9:7) on node 7 (_GenerateProjectRestoreGraph target(s)).
   9:7>Target "_GetRestoreProjectStyle" skipped. Previously built successfully.
     1>Project "/home/saidul/Desktop/K-Chief Marine Automation Platform/KChief.MarineAutomationPlatform.sln" (1) is building "/home/saidul/Desktop/K-Chief Marine Automation Platform/src/KChief.VesselControl/KChief.VesselControl.csproj" (2:7) on node 9 (_GenerateProjectRestoreGraph target(s)).
   2:7>Target "_GetRestoreProjectStyle" skipped. Previously built successfully.
   5:6>Target "CollectFrameworkReferences" in file "/usr/share/dotnet/sdk/8.0.415/NuGet.targets" from project "/home/saidul/Desktop/K-Chief Marine Automation Platform/src/KChief.Protocols.OPC/KChief.Protocols.OPC.csproj" (target "_CollectRestoreInputs" depends on it):
   5:6>Done building target "CollectFrameworkReferences" in project "KChief.Protocols.OPC.csproj".
   9:7>Target "_GetRestoreProjectStyle" skipped. Previously built successfully.
   2:7>Target "_GetRestoreProjectStyle" skipped. Previously built successfully.
   4:6>Target "CollectPackageReferences" skipped. Previously built successfully.
   9:7>Target "_GetRestoreProjectStyle" skipped. Previously built successfully.
   2:7>Target "_GetRestoreProjectStyle" skipped. Previously built successfully.
 10:12>Target "CollectCentralPackageVersions" in file "/usr/share/dotnet/sdk/8.0.415/NuGet.targets" from project "/home/saidul/Desktop/K-Chief Marine Automation Platform/src/KChief.Platform.Core/KChief.Platform.Core.csproj" (target "_CollectRestoreInputs" depends on it):
 10:12>Task "CheckForDuplicateNuGetItemsTask"
   7:6>Target "_GenerateProjectRestoreGraphPerFramework" in file "/usr/share/dotnet/sdk/8.0.415/NuGet.targets" from project "/home/saidul/Desktop/K-Chief Marine Automation Platform/src/KChief.AlarmSystem/KChief.AlarmSystem.csproj" (target "_GenerateProjectRestoreGraphCurrentProject" depends on it):
   7:6>Using "GetRestoreProjectReferencesTask" task from assembly "/usr/share/dotnet/sdk/8.0.415/NuGet.Build.Tasks.dll".
   5:6>Target "CollectCentralPackageVersions" in file "/usr/share/dotnet/sdk/8.0.415/NuGet.targets" from project "/home/saidul/Desktop/K-Chief Marine Automation Platform/src/KChief.Protocols.OPC/KChief.Protocols.OPC.csproj" (target "_CollectRestoreInputs" depends on it):
   5:6>Task "CheckForDuplicateNuGetItemsTask"
   4:6>Target "CollectPackageDownloads" in file "/usr/share/dotnet/sdk/8.0.415/NuGet.targets" from project "/home/saidul/Desktop/K-Chief Marine Automation Platform/src/KChief.Protocols.Modbus/KChief.Protocols.Modbus.csproj" (target "_CollectRestoreInputs" depends on it):
   4:6>Task "CheckForDuplicateNuGetItemsTask"
   9:7>Target "_GetRestoreTargetFrameworkOverride" in file "/usr/share/dotnet/sdk/8.0.415/NuGet.targets" from project "/home/saidul/Desktop/K-Chief Marine Automation Platform/src/KChief.Platform.API/KChief.Platform.API.csproj" (target "_GetRestoreTargetFrameworksOutput" depends on it):
   9:7>Task "GetGlobalPropertyValueTask" skipped, due to false condition; ( '$(TargetFrameworks)' != '' ) was evaluated as ( '' != '' ).
   2:7>Target "_GetRestoreTargetFrameworkOverride" in file "/usr/share/dotnet/sdk/8.0.415/NuGet.targets" from project "/home/saidul/Desktop/K-Chief Marine Automation Platform/src/KChief.VesselControl/KChief.VesselControl.csproj" (target "_GetRestoreTargetFrameworksOutput" depends on it):
   2:7>Task "GetGlobalPropertyValueTask" skipped, due to false condition; ( '$(TargetFrameworks)' != '' ) was evaluated as ( '' != '' ).
   5:6>Done executing task "CheckForDuplicateNuGetItemsTask".
   4:6>Done executing task "CheckForDuplicateNuGetItemsTask".
   9:7>Done building target "_GetRestoreTargetFrameworkOverride" in project "KChief.Platform.API.csproj".
   7:6>Task "GetRestoreProjectReferencesTask"
   2:7>Done building target "_GetRestoreTargetFrameworkOverride" in project "KChief.VesselControl.csproj".
   4:6>Done building target "CollectPackageDownloads" in project "KChief.Protocols.Modbus.csproj".
   5:6>Done building target "CollectCentralPackageVersions" in project "KChief.Protocols.OPC.csproj".
   9:7>Target "_GetRestoreTargetFrameworksOutput" in file "/usr/share/dotnet/sdk/8.0.415/NuGet.targets" from project "/home/saidul/Desktop/K-Chief Marine Automation Platform/src/KChief.Platform.API/KChief.Platform.API.csproj" (target "_GenerateRestoreProjectSpec" depends on it):
   9:7>Using "GetProjectTargetFrameworksTask" task from assembly "/usr/share/dotnet/sdk/8.0.415/NuGet.Build.Tasks.dll".
   7:6>Done executing task "GetRestoreProjectReferencesTask".
   2:7>Target "_GetRestoreTargetFrameworksOutput" in file "/usr/share/dotnet/sdk/8.0.415/NuGet.targets" from project "/home/saidul/Desktop/K-Chief Marine Automation Platform/src/KChief.VesselControl/KChief.VesselControl.csproj" (target "_GenerateRestoreProjectSpec" depends on it):
   2:7>Using "GetProjectTargetFrameworksTask" task from assembly "/usr/share/dotnet/sdk/8.0.415/NuGet.Build.Tasks.dll".
   4:6>Target "CollectFrameworkReferences" in file "/usr/share/dotnet/sdk/8.0.415/NuGet.targets" from project "/home/saidul/Desktop/K-Chief Marine Automation Platform/src/KChief.Protocols.Modbus/KChief.Protocols.Modbus.csproj" (target "_CollectRestoreInputs" depends on it):
   4:6>Done building target "CollectFrameworkReferences" in project "KChief.Protocols.Modbus.csproj".
   9:7>Task "GetProjectTargetFrameworksTask"
   2:7>Task "GetProjectTargetFrameworksTask"
   7:6>_GenerateProjectRestoreGraphPerFramework:
       Using "GetRestorePackageReferencesTask" task from assembly "/usr/share/dotnet/sdk/8.0.415/NuGet.Build.Tasks.dll".
   9:7>Done executing task "GetProjectTargetFrameworksTask".
   2:7>Done executing task "GetProjectTargetFrameworksTask".
   4:6>Target "CollectCentralPackageVersions" in file "/usr/share/dotnet/sdk/8.0.415/NuGet.targets" from project "/home/saidul/Desktop/K-Chief Marine Automation Platform/src/KChief.Protocols.Modbus/KChief.Protocols.Modbus.csproj" (target "_CollectRestoreInputs" depends on it):
   4:6>Task "CheckForDuplicateNuGetItemsTask"
   9:7>Done building target "_GetRestoreTargetFrameworksOutput" in project "KChief.Platform.API.csproj".
   2:7>Done building target "_GetRestoreTargetFrameworksOutput" in project "KChief.VesselControl.csproj".
   7:6>Task "GetRestorePackageReferencesTask"
   5:6>Target "CollectNuGetAuditSuppressions" in file "/usr/share/dotnet/sdk/8.0.415/NuGet.targets" from project "/home/saidul/Desktop/K-Chief Marine Automation Platform/src/KChief.Protocols.OPC/KChief.Protocols.OPC.csproj" (target "_CollectRestoreInputs" depends on it):
   5:6>Task "CheckForDuplicateNuGetItemsTask"
   9:7>Target "_GetRestoreSettings" skipped. Previously built successfully.
   4:6>Done executing task "CheckForDuplicateNuGetItemsTask".
   2:7>Target "_GetRestoreSettings" skipped. Previously built successfully.
   7:6>Done executing task "GetRestorePackageReferencesTask".
   5:6>Done executing task "CheckForDuplicateNuGetItemsTask".
   4:6>Done building target "CollectCentralPackageVersions" in project "KChief.Protocols.Modbus.csproj".
   9:7>Target "_GenerateRestoreProjectSpec" in file "/usr/share/dotnet/sdk/8.0.415/NuGet.targets" from project "/home/saidul/Desktop/K-Chief Marine Automation Platform/src/KChief.Platform.API/KChief.Platform.API.csproj" (target "_GenerateProjectRestoreGraph" depends on it):
   9:7>Task "ConvertToAbsolutePath"
   5:6>Done building target "CollectNuGetAuditSuppressions" in project "KChief.Protocols.OPC.csproj".
   2:7>Target "_GenerateRestoreProjectSpec" in file "/usr/share/dotnet/sdk/8.0.415/NuGet.targets" from project "/home/saidul/Desktop/K-Chief Marine Automation Platform/src/KChief.VesselControl/KChief.VesselControl.csproj" (target "_GenerateProjectRestoreGraph" depends on it):
   2:7>Task "ConvertToAbsolutePath"
   7:6>_GenerateProjectRestoreGraphPerFramework:
       Task "GetCentralPackageVersionsTask" skipped, due to false condition; ( '$(PackageReferenceCompatibleProjectStyle)' == 'true' AND '$(_CentralPackageVersionsEnabled)' == 'true' ) was evaluated as ( 'True' == 'true' AND '' == 'true' ).
   4:6>Target "CollectNuGetAuditSuppressions" in file "/usr/share/dotnet/sdk/8.0.415/NuGet.targets" from project "/home/saidul/Desktop/K-Chief Marine Automation Platform/src/KChief.Protocols.Modbus/KChief.Protocols.Modbus.csproj" (target "_CollectRestoreInputs" depends on it):
   4:6>Task "CheckForDuplicateNuGetItemsTask"
   9:7>Done executing task "ConvertToAbsolutePath".
   2:7>Done executing task "ConvertToAbsolutePath".
   7:6>_GenerateProjectRestoreGraphPerFramework:
       Using "GetRestorePackageDownloadsTask" task from assembly "/usr/share/dotnet/sdk/8.0.415/NuGet.Build.Tasks.dll".
   4:6>Done executing task "CheckForDuplicateNuGetItemsTask".
   9:7>Done building target "_GenerateRestoreProjectSpec" in project "KChief.Platform.API.csproj".
   2:7>Done building target "_GenerateRestoreProjectSpec" in project "KChief.VesselControl.csproj".
   4:6>Done building target "CollectNuGetAuditSuppressions" in project "KChief.Protocols.Modbus.csproj".
   9:7>Target "_GenerateProjectRestoreGraphAllFrameworks" skipped, due to false condition; ( '$(TargetFrameworks)' != '' ) was evaluated as ( '' != '' ).
   2:7>Target "_GenerateProjectRestoreGraphAllFrameworks" skipped, due to false condition; ( '$(TargetFrameworks)' != '' ) was evaluated as ( '' != '' ).
   7:6>Task "GetRestorePackageDownloadsTask"
   5:6>Target "_CollectRestoreInputs" in file "/usr/share/dotnet/sdk/8.0.415/NuGet.targets" from project "/home/saidul/Desktop/K-Chief Marine Automation Platform/src/KChief.Protocols.OPC/KChief.Protocols.OPC.csproj" (target "_GenerateProjectRestoreGraphPerFramework" depends on it):
   5:6>Done building target "_CollectRestoreInputs" in project "KChief.Protocols.OPC.csproj".
   9:7>Target "_GetRestoreProjectStyle" skipped. Previously built successfully.
   2:7>Target "_GetRestoreProjectStyle" skipped. Previously built successfully.
   9:7>Target "CollectPackageReferences" skipped. Previously built successfully.
   4:6>Target "_CollectRestoreInputs" in file "/usr/share/dotnet/sdk/8.0.415/NuGet.targets" from project "/home/saidul/Desktop/K-Chief Marine Automation Platform/src/KChief.Protocols.Modbus/KChief.Protocols.Modbus.csproj" (target "_GenerateProjectRestoreGraphPerFramework" depends on it):
   4:6>Done building target "_CollectRestoreInputs" in project "KChief.Protocols.Modbus.csproj".
   2:7>Target "CollectPackageReferences" skipped. Previously built successfully.
   5:6>Target "PrepRestoreForStoreProjects" skipped, due to false condition; ('$(StorePackageName)' != '') was evaluated as ('' != '').
   4:6>Target "PrepRestoreForStoreProjects" skipped, due to false condition; ('$(StorePackageName)' != '') was evaluated as ('' != '').
   9:7>Target "CollectPackageDownloads" in file "/usr/share/dotnet/sdk/8.0.415/NuGet.targets" from project "/home/saidul/Desktop/K-Chief Marine Automation Platform/src/KChief.Platform.API/KChief.Platform.API.csproj" (target "_CollectRestoreInputs" depends on it):
   9:7>Task "CheckForDuplicateNuGetItemsTask"
   2:7>Target "CollectPackageDownloads" in file "/usr/share/dotnet/sdk/8.0.415/NuGet.targets" from project "/home/saidul/Desktop/K-Chief Marine Automation Platform/src/KChief.VesselControl/KChief.VesselControl.csproj" (target "_CollectRestoreInputs" depends on it):
   2:7>Task "CheckForDuplicateNuGetItemsTask"
   9:7>Done executing task "CheckForDuplicateNuGetItemsTask".
   4:6>Target "_GenerateProjectRestoreGraphPerFramework" in file "/usr/share/dotnet/sdk/8.0.415/NuGet.targets" from project "/home/saidul/Desktop/K-Chief Marine Automation Platform/src/KChief.Protocols.Modbus/KChief.Protocols.Modbus.csproj" (target "_GenerateProjectRestoreGraphCurrentProject" depends on it):
   4:6>Using "GetRestoreProjectReferencesTask" task from assembly "/usr/share/dotnet/sdk/8.0.415/NuGet.Build.Tasks.dll".
   2:7>Done executing task "CheckForDuplicateNuGetItemsTask".
   4:6>Task "GetRestoreProjectReferencesTask"
   9:7>Done building target "CollectPackageDownloads" in project "KChief.Platform.API.csproj".
   2:7>Done building target "CollectPackageDownloads" in project "KChief.VesselControl.csproj".
   4:6>Done executing task "GetRestoreProjectReferencesTask".
       Using "GetRestorePackageReferencesTask" task from assembly "/usr/share/dotnet/sdk/8.0.415/NuGet.Build.Tasks.dll".
       Task "GetRestorePackageReferencesTask"
   2:7>Target "CollectFrameworkReferences" in file "/usr/share/dotnet/sdk/8.0.415/NuGet.targets" from project "/home/saidul/Desktop/K-Chief Marine Automation Platform/src/KChief.VesselControl/KChief.VesselControl.csproj" (target "_CollectRestoreInputs" depends on it):
   2:7>Done building target "CollectFrameworkReferences" in project "KChief.VesselControl.csproj".
   4:6>Done executing task "GetRestorePackageReferencesTask".
       Task "GetCentralPackageVersionsTask" skipped, due to false condition; ( '$(PackageReferenceCompatibleProjectStyle)' == 'true' AND '$(_CentralPackageVersionsEnabled)' == 'true' ) was evaluated as ( 'True' == 'true' AND '' == 'true' ).
   2:7>Target "CollectCentralPackageVersions" in file "/usr/share/dotnet/sdk/8.0.415/NuGet.targets" from project "/home/saidul/Desktop/K-Chief Marine Automation Platform/src/KChief.VesselControl/KChief.VesselControl.csproj" (target "_CollectRestoreInputs" depends on it):
   2:7>Task "CheckForDuplicateNuGetItemsTask"
       Done executing task "CheckForDuplicateNuGetItemsTask".
   4:6>_GenerateProjectRestoreGraphPerFramework:
       Using "GetRestorePackageDownloadsTask" task from assembly "/usr/share/dotnet/sdk/8.0.415/NuGet.Build.Tasks.dll".
   2:7>Done building target "CollectCentralPackageVersions" in project "KChief.VesselControl.csproj".
   4:6>Task "GetRestorePackageDownloadsTask"
       Done executing task "GetRestorePackageDownloadsTask".
   8:7>Task "GetRestorePackageReferencesTask"
   4:6>_GenerateProjectRestoreGraphPerFramework:
       Using "GetRestoreFrameworkReferencesTask" task from assembly "/usr/share/dotnet/sdk/8.0.415/NuGet.Build.Tasks.dll".
   2:7>Target "CollectNuGetAuditSuppressions" in file "/usr/share/dotnet/sdk/8.0.415/NuGet.targets" from project "/home/saidul/Desktop/K-Chief Marine Automation Platform/src/KChief.VesselControl/KChief.VesselControl.csproj" (target "_CollectRestoreInputs" depends on it):
   2:7>Task "CheckForDuplicateNuGetItemsTask"
   4:6>Task "GetRestoreFrameworkReferencesTask"
   2:7>Done executing task "CheckForDuplicateNuGetItemsTask".
   4:6>Done executing task "GetRestoreFrameworkReferencesTask".
   2:7>Done building target "CollectNuGetAuditSuppressions" in project "KChief.VesselControl.csproj".
   4:6>_GenerateProjectRestoreGraphPerFramework:
       Using "GetRestoreNuGetAuditSuppressionsTask" task from assembly "/usr/share/dotnet/sdk/8.0.415/NuGet.Build.Tasks.dll".
       Task "GetRestoreNuGetAuditSuppressionsTask"
       Done executing task "GetRestoreNuGetAuditSuppressionsTask".
   2:7>Target "_CollectRestoreInputs" in file "/usr/share/dotnet/sdk/8.0.415/NuGet.targets" from project "/home/saidul/Desktop/K-Chief Marine Automation Platform/src/KChief.VesselControl/KChief.VesselControl.csproj" (target "_GenerateProjectRestoreGraphPerFramework" depends on it):
   2:7>Done building target "_CollectRestoreInputs" in project "KChief.VesselControl.csproj".
       Target "PrepRestoreForStoreProjects" skipped, due to false condition; ('$(StorePackageName)' != '') was evaluated as ('' != '').
   6:5>Task "GetProjectTargetFrameworksTask"
   8:7>Done executing task "GetRestorePackageReferencesTask".
   2:7>Target "_GenerateProjectRestoreGraphPerFramework" in file "/usr/share/dotnet/sdk/8.0.415/NuGet.targets" from project "/home/saidul/Desktop/K-Chief Marine Automation Platform/src/KChief.VesselControl/KChief.VesselControl.csproj" (target "_GenerateProjectRestoreGraphCurrentProject" depends on it):
   2:7>Using "GetRestoreProjectReferencesTask" task from assembly "/usr/share/dotnet/sdk/8.0.415/NuGet.Build.Tasks.dll".
       Task "GetRestoreProjectReferencesTask"
   6:5>Done executing task "GetProjectTargetFrameworksTask".
   2:7>Done executing task "GetRestoreProjectReferencesTask".
   3:5>Target "_GenerateRestoreProjectSpec" in file "/usr/share/dotnet/sdk/8.0.415/NuGet.targets" from project "/home/saidul/Desktop/K-Chief Marine Automation Platform/tests/KChief.Platform.Tests/KChief.Platform.Tests.csproj" (target "_GenerateProjectRestoreGraph" depends on it):
   3:5>Task "ConvertToAbsolutePath"
   2:7>_GenerateProjectRestoreGraphPerFramework:
       Using "GetRestorePackageReferencesTask" task from assembly "/usr/share/dotnet/sdk/8.0.415/NuGet.Build.Tasks.dll".
   7:6>Done executing task "GetRestorePackageDownloadsTask".
   3:5>Done executing task "ConvertToAbsolutePath".
   2:7>Task "GetRestorePackageReferencesTask"
 10:12>Done executing task "CheckForDuplicateNuGetItemsTask".
   6:5>Done building target "_GetRestoreTargetFrameworksOutput" in project "KChief.Integration.Tests.csproj".
   3:5>Done building target "_GenerateRestoreProjectSpec" in project "KChief.Platform.Tests.csproj".
   2:7>Done executing task "GetRestorePackageReferencesTask".
   3:5>Target "_GenerateProjectRestoreGraphAllFrameworks" skipped, due to false condition; ( '$(TargetFrameworks)' != '' ) was evaluated as ( '' != '' ).
   7:6>_GenerateProjectRestoreGraphPerFramework:
       Using "GetRestoreFrameworkReferencesTask" task from assembly "/usr/share/dotnet/sdk/8.0.415/NuGet.Build.Tasks.dll".
   6:5>Target "_GetRestoreSettings" skipped. Previously built successfully.
   3:5>Target "_GetRestoreProjectStyle" skipped. Previously built successfully.
       Target "CollectPackageReferences" skipped. Previously built successfully.
 10:12>Done building target "CollectCentralPackageVersions" in project "KChief.Platform.Core.csproj".
   7:6>Task "GetRestoreFrameworkReferencesTask"
   3:5>Target "CollectPackageDownloads" in file "/usr/share/dotnet/sdk/8.0.415/NuGet.targets" from project "/home/saidul/Desktop/K-Chief Marine Automation Platform/tests/KChief.Platform.Tests/KChief.Platform.Tests.csproj" (target "_CollectRestoreInputs" depends on it):
   3:5>Task "CheckForDuplicateNuGetItemsTask"
       Done executing task "CheckForDuplicateNuGetItemsTask".
   3:5>Done building target "CollectPackageDownloads" in project "KChief.Platform.Tests.csproj".
   6:5>Target "_GenerateRestoreProjectSpec" in file "/usr/share/dotnet/sdk/8.0.415/NuGet.targets" from project "/home/saidul/Desktop/K-Chief Marine Automation Platform/tests/KChief.Integration.Tests/KChief.Integration.Tests.csproj" (target "_GenerateProjectRestoreGraph" depends on it):
   6:5>Task "ConvertToAbsolutePath"
 10:12>Target "CollectNuGetAuditSuppressions" in file "/usr/share/dotnet/sdk/8.0.415/NuGet.targets" from project "/home/saidul/Desktop/K-Chief Marine Automation Platform/src/KChief.Platform.Core/KChief.Platform.Core.csproj" (target "_CollectRestoreInputs" depends on it):
 10:12>Task "CheckForDuplicateNuGetItemsTask"
   7:6>Done executing task "GetRestoreFrameworkReferencesTask".
   3:5>Target "CollectFrameworkReferences" in file "/usr/share/dotnet/sdk/8.0.415/NuGet.targets" from project "/home/saidul/Desktop/K-Chief Marine Automation Platform/tests/KChief.Platform.Tests/KChief.Platform.Tests.csproj" (target "_CollectRestoreInputs" depends on it):
   3:5>Done building target "CollectFrameworkReferences" in project "KChief.Platform.Tests.csproj".
   6:5>Done executing task "ConvertToAbsolutePath".
   7:6>_GenerateProjectRestoreGraphPerFramework:
       Using "GetRestoreNuGetAuditSuppressionsTask" task from assembly "/usr/share/dotnet/sdk/8.0.415/NuGet.Build.Tasks.dll".
   3:5>Target "CollectCentralPackageVersions" in file "/usr/share/dotnet/sdk/8.0.415/NuGet.targets" from project "/home/saidul/Desktop/K-Chief Marine Automation Platform/tests/KChief.Platform.Tests/KChief.Platform.Tests.csproj" (target "_CollectRestoreInputs" depends on it):
   3:5>Task "CheckForDuplicateNuGetItemsTask"
   7:6>Task "GetRestoreNuGetAuditSuppressionsTask"
   3:5>Done executing task "CheckForDuplicateNuGetItemsTask".
   3:5>Done building target "CollectCentralPackageVersions" in project "KChief.Platform.Tests.csproj".
   6:5>Done building target "_GenerateRestoreProjectSpec" in project "KChief.Integration.Tests.csproj".
   7:6>Done executing task "GetRestoreNuGetAuditSuppressionsTask".
   4:6>Done building target "_GenerateProjectRestoreGraphPerFramework" in project "KChief.Protocols.Modbus.csproj".
   7:6>Done building target "_GenerateProjectRestoreGraphPerFramework" in project "KChief.AlarmSystem.csproj".
   3:5>Target "CollectNuGetAuditSuppressions" in file "/usr/share/dotnet/sdk/8.0.415/NuGet.targets" from project "/home/saidul/Desktop/K-Chief Marine Automation Platform/tests/KChief.Platform.Tests/KChief.Platform.Tests.csproj" (target "_CollectRestoreInputs" depends on it):
   3:5>Task "CheckForDuplicateNuGetItemsTask"
   6:5>Target "_GenerateProjectRestoreGraphAllFrameworks" skipped, due to false condition; ( '$(TargetFrameworks)' != '' ) was evaluated as ( '' != '' ).
   3:5>Done executing task "CheckForDuplicateNuGetItemsTask".
   3:5>Done building target "CollectNuGetAuditSuppressions" in project "KChief.Platform.Tests.csproj".
   7:6>Target "_GenerateProjectRestoreGraphCurrentProject" in file "/usr/share/dotnet/sdk/8.0.415/NuGet.targets" from project "/home/saidul/Desktop/K-Chief Marine Automation Platform/src/KChief.AlarmSystem/KChief.AlarmSystem.csproj" (target "_GenerateRestoreDependencies" depends on it):
   7:6>Done building target "_GenerateProjectRestoreGraphCurrentProject" in project "KChief.AlarmSystem.csproj".
   4:6>Target "_GenerateProjectRestoreGraphCurrentProject" in file "/usr/share/dotnet/sdk/8.0.415/NuGet.targets" from project "/home/saidul/Desktop/K-Chief Marine Automation Platform/src/KChief.Protocols.Modbus/KChief.Protocols.Modbus.csproj" (target "_GenerateRestoreDependencies" depends on it):
   4:6>Done building target "_GenerateProjectRestoreGraphCurrentProject" in project "KChief.Protocols.Modbus.csproj".
   5:6>Target "_GenerateProjectRestoreGraphPerFramework" in file "/usr/share/dotnet/sdk/8.0.415/NuGet.targets" from project "/home/saidul/Desktop/K-Chief Marine Automation Platform/src/KChief.Protocols.OPC/KChief.Protocols.OPC.csproj" (target "_GenerateProjectRestoreGraphCurrentProject" depends on it):
   5:6>Using "GetRestoreProjectReferencesTask" task from assembly "/usr/share/dotnet/sdk/8.0.415/NuGet.Build.Tasks.dll".
   3:5>Target "_CollectRestoreInputs" in file "/usr/share/dotnet/sdk/8.0.415/NuGet.targets" from project "/home/saidul/Desktop/K-Chief Marine Automation Platform/tests/KChief.Platform.Tests/KChief.Platform.Tests.csproj" (target "_GenerateProjectRestoreGraphPerFramework" depends on it):
   3:5>Done building target "_CollectRestoreInputs" in project "KChief.Platform.Tests.csproj".
   7:6>Target "_GenerateRestoreDependencies" in file "/usr/share/dotnet/sdk/8.0.415/NuGet.targets" from project "/home/saidul/Desktop/K-Chief Marine Automation Platform/src/KChief.AlarmSystem/KChief.AlarmSystem.csproj" (target "_GenerateProjectRestoreGraph" depends on it):
   7:6>Done building target "_GenerateRestoreDependencies" in project "KChief.AlarmSystem.csproj".
 10:12>Done executing task "CheckForDuplicateNuGetItemsTask".
   5:6>Task "GetRestoreProjectReferencesTask"
   3:5>Target "PrepRestoreForStoreProjects" skipped, due to false condition; ('$(StorePackageName)' != '') was evaluated as ('' != '').
   5:6>Done executing task "GetRestoreProjectReferencesTask".
       Using "GetRestorePackageReferencesTask" task from assembly "/usr/share/dotnet/sdk/8.0.415/NuGet.Build.Tasks.dll".
   7:6>Target "_GenerateProjectRestoreGraph" in file "/usr/share/dotnet/sdk/8.0.415/NuGet.targets" from project "/home/saidul/Desktop/K-Chief Marine Automation Platform/src/KChief.AlarmSystem/KChief.AlarmSystem.csproj" (entry point):
   7:6>Done building target "_GenerateProjectRestoreGraph" in project "KChief.AlarmSystem.csproj".
   4:6>Target "_GenerateRestoreDependencies" in file "/usr/share/dotnet/sdk/8.0.415/NuGet.targets" from project "/home/saidul/Desktop/K-Chief Marine Automation Platform/src/KChief.Protocols.Modbus/KChief.Protocols.Modbus.csproj" (target "_GenerateProjectRestoreGraph" depends on it):
   4:6>Done building target "_GenerateRestoreDependencies" in project "KChief.Protocols.Modbus.csproj".
 10:12>Done building target "CollectNuGetAuditSuppressions" in project "KChief.Platform.Core.csproj".
   5:6>Task "GetRestorePackageReferencesTask"
   7:6>Done Building Project "/home/saidul/Desktop/K-Chief Marine Automation Platform/src/KChief.AlarmSystem/KChief.AlarmSystem.csproj" (_GenerateProjectRestoreGraph target(s)).
   3:5>Target "_GenerateProjectRestoreGraphPerFramework" in file "/usr/share/dotnet/sdk/8.0.415/NuGet.targets" from project "/home/saidul/Desktop/K-Chief Marine Automation Platform/tests/KChief.Platform.Tests/KChief.Platform.Tests.csproj" (target "_GenerateProjectRestoreGraphCurrentProject" depends on it):
   3:5>Using "GetRestoreProjectReferencesTask" task from assembly "/usr/share/dotnet/sdk/8.0.415/NuGet.Build.Tasks.dll".
   5:6>Done executing task "GetRestorePackageReferencesTask".
 10:12>Target "_CollectRestoreInputs" in file "/usr/share/dotnet/sdk/8.0.415/NuGet.targets" from project "/home/saidul/Desktop/K-Chief Marine Automation Platform/src/KChief.Platform.Core/KChief.Platform.Core.csproj" (target "_GenerateProjectRestoreGraphPerFramework" depends on it):
 10:12>Done building target "_CollectRestoreInputs" in project "KChief.Platform.Core.csproj".
   3:5>Task "GetRestoreProjectReferencesTask"
   5:6>_GenerateProjectRestoreGraphPerFramework:
       Task "GetCentralPackageVersionsTask" skipped, due to false condition; ( '$(PackageReferenceCompatibleProjectStyle)' == 'true' AND '$(_CentralPackageVersionsEnabled)' == 'true' ) was evaluated as ( 'True' == 'true' AND '' == 'true' ).
   3:5>Done executing task "GetRestoreProjectReferencesTask".
   4:6>Target "_GenerateProjectRestoreGraph" in file "/usr/share/dotnet/sdk/8.0.415/NuGet.targets" from project "/home/saidul/Desktop/K-Chief Marine Automation Platform/src/KChief.Protocols.Modbus/KChief.Protocols.Modbus.csproj" (entry point):
   4:6>Done building target "_GenerateProjectRestoreGraph" in project "KChief.Protocols.Modbus.csproj".
   5:6>_GenerateProjectRestoreGraphPerFramework:
       Using "GetRestorePackageDownloadsTask" task from assembly "/usr/share/dotnet/sdk/8.0.415/NuGet.Build.Tasks.dll".
   3:5>_GenerateProjectRestoreGraphPerFramework:
       Using "GetRestorePackageReferencesTask" task from assembly "/usr/share/dotnet/sdk/8.0.415/NuGet.Build.Tasks.dll".
   4:6>Done Building Project "/home/saidul/Desktop/K-Chief Marine Automation Platform/src/KChief.Protocols.Modbus/KChief.Protocols.Modbus.csproj" (_GenerateProjectRestoreGraph target(s)).
   5:6>Task "GetRestorePackageDownloadsTask"
   3:5>Task "GetRestorePackageReferencesTask"
   5:6>Done executing task "GetRestorePackageDownloadsTask".
   3:5>Done executing task "GetRestorePackageReferencesTask".
   5:6>_GenerateProjectRestoreGraphPerFramework:
       Using "GetRestoreFrameworkReferencesTask" task from assembly "/usr/share/dotnet/sdk/8.0.415/NuGet.Build.Tasks.dll".
   3:5>_GenerateProjectRestoreGraphPerFramework:
       Task "GetCentralPackageVersionsTask" skipped, due to false condition; ( '$(PackageReferenceCompatibleProjectStyle)' == 'true' AND '$(_CentralPackageVersionsEnabled)' == 'true' ) was evaluated as ( 'True' == 'true' AND '' == 'true' ).
   5:6>Task "GetRestoreFrameworkReferencesTask"
   3:5>_GenerateProjectRestoreGraphPerFramework:
       Using "GetRestorePackageDownloadsTask" task from assembly "/usr/share/dotnet/sdk/8.0.415/NuGet.Build.Tasks.dll".
   5:6>Done executing task "GetRestoreFrameworkReferencesTask".
   3:5>Task "GetRestorePackageDownloadsTask"
   5:6>_GenerateProjectRestoreGraphPerFramework:
       Using "GetRestoreNuGetAuditSuppressionsTask" task from assembly "/usr/share/dotnet/sdk/8.0.415/NuGet.Build.Tasks.dll".
   3:5>Done executing task "GetRestorePackageDownloadsTask".
   5:6>Task "GetRestoreNuGetAuditSuppressionsTask"
   3:5>_GenerateProjectRestoreGraphPerFramework:
       Using "GetRestoreFrameworkReferencesTask" task from assembly "/usr/share/dotnet/sdk/8.0.415/NuGet.Build.Tasks.dll".
   5:6>Done executing task "GetRestoreNuGetAuditSuppressionsTask".
   3:5>Task "GetRestoreFrameworkReferencesTask"
   5:6>Done building target "_GenerateProjectRestoreGraphPerFramework" in project "KChief.Protocols.OPC.csproj".
   6:5>Target "_GetRestoreProjectStyle" skipped. Previously built successfully.
   3:5>Done executing task "GetRestoreFrameworkReferencesTask".
   5:6>Target "_GenerateProjectRestoreGraphCurrentProject" in file "/usr/share/dotnet/sdk/8.0.415/NuGet.targets" from project "/home/saidul/Desktop/K-Chief Marine Automation Platform/src/KChief.Protocols.OPC/KChief.Protocols.OPC.csproj" (target "_GenerateRestoreDependencies" depends on it):
   5:6>Done building target "_GenerateProjectRestoreGraphCurrentProject" in project "KChief.Protocols.OPC.csproj".
   6:5>Target "CollectPackageReferences" skipped. Previously built successfully.
   5:6>Target "_GenerateRestoreDependencies" in file "/usr/share/dotnet/sdk/8.0.415/NuGet.targets" from project "/home/saidul/Desktop/K-Chief Marine Automation Platform/src/KChief.Protocols.OPC/KChief.Protocols.OPC.csproj" (target "_GenerateProjectRestoreGraph" depends on it):
   5:6>Done building target "_GenerateRestoreDependencies" in project "KChief.Protocols.OPC.csproj".
   5:6>Target "_GenerateProjectRestoreGraph" in file "/usr/share/dotnet/sdk/8.0.415/NuGet.targets" from project "/home/saidul/Desktop/K-Chief Marine Automation Platform/src/KChief.Protocols.OPC/KChief.Protocols.OPC.csproj" (entry point):
   5:6>Done building target "_GenerateProjectRestoreGraph" in project "KChief.Protocols.OPC.csproj".
   5:6>Done Building Project "/home/saidul/Desktop/K-Chief Marine Automation Platform/src/KChief.Protocols.OPC/KChief.Protocols.OPC.csproj" (_GenerateProjectRestoreGraph target(s)).
   6:5>Target "CollectPackageDownloads" in file "/usr/share/dotnet/sdk/8.0.415/NuGet.targets" from project "/home/saidul/Desktop/K-Chief Marine Automation Platform/tests/KChief.Integration.Tests/KChief.Integration.Tests.csproj" (target "_CollectRestoreInputs" depends on it):
   6:5>Task "CheckForDuplicateNuGetItemsTask"
       Done executing task "CheckForDuplicateNuGetItemsTask".
   2:7>_GenerateProjectRestoreGraphPerFramework:
       Task "GetCentralPackageVersionsTask" skipped, due to false condition; ( '$(PackageReferenceCompatibleProjectStyle)' == 'true' AND '$(_CentralPackageVersionsEnabled)' == 'true' ) was evaluated as ( 'True' == 'true' AND '' == 'true' ).
       Using "GetRestorePackageDownloadsTask" task from assembly "/usr/share/dotnet/sdk/8.0.415/NuGet.Build.Tasks.dll".
   6:5>Done building target "CollectPackageDownloads" in project "KChief.Integration.Tests.csproj".
   8:7>_GenerateProjectRestoreGraphPerFramework:
       Task "GetCentralPackageVersionsTask" skipped, due to false condition; ( '$(PackageReferenceCompatibleProjectStyle)' == 'true' AND '$(_CentralPackageVersionsEnabled)' == 'true' ) was evaluated as ( 'True' == 'true' AND '' == 'true' ).
   2:7>Task "GetRestorePackageDownloadsTask"
   8:7>_GenerateProjectRestoreGraphPerFramework:
       Using "GetRestorePackageDownloadsTask" task from assembly "/usr/share/dotnet/sdk/8.0.415/NuGet.Build.Tasks.dll".
   2:7>Done executing task "GetRestorePackageDownloadsTask".
   8:7>Task "GetRestorePackageDownloadsTask"
   2:7>_GenerateProjectRestoreGraphPerFramework:
       Using "GetRestoreFrameworkReferencesTask" task from assembly "/usr/share/dotnet/sdk/8.0.415/NuGet.Build.Tasks.dll".
   8:7>Done executing task "GetRestorePackageDownloadsTask".
   2:7>Task "GetRestoreFrameworkReferencesTask"
   8:7>_GenerateProjectRestoreGraphPerFramework:
       Using "GetRestoreFrameworkReferencesTask" task from assembly "/usr/share/dotnet/sdk/8.0.415/NuGet.Build.Tasks.dll".
   6:5>Target "CollectFrameworkReferences" in file "/usr/share/dotnet/sdk/8.0.415/NuGet.targets" from project "/home/saidul/Desktop/K-Chief Marine Automation Platform/tests/KChief.Integration.Tests/KChief.Integration.Tests.csproj" (target "_CollectRestoreInputs" depends on it):
   6:5>Done building target "CollectFrameworkReferences" in project "KChief.Integration.Tests.csproj".
   2:7>Done executing task "GetRestoreFrameworkReferencesTask".
   8:7>Task "GetRestoreFrameworkReferencesTask"
   2:7>_GenerateProjectRestoreGraphPerFramework:
       Using "GetRestoreNuGetAuditSuppressionsTask" task from assembly "/usr/share/dotnet/sdk/8.0.415/NuGet.Build.Tasks.dll".
   8:7>Done executing task "GetRestoreFrameworkReferencesTask".
   2:7>Task "GetRestoreNuGetAuditSuppressionsTask"
   8:7>_GenerateProjectRestoreGraphPerFramework:
       Using "GetRestoreNuGetAuditSuppressionsTask" task from assembly "/usr/share/dotnet/sdk/8.0.415/NuGet.Build.Tasks.dll".
   2:7>Done executing task "GetRestoreNuGetAuditSuppressionsTask".
   8:7>Task "GetRestoreNuGetAuditSuppressionsTask"
       Done executing task "GetRestoreNuGetAuditSuppressionsTask".
   6:5>Target "CollectCentralPackageVersions" in file "/usr/share/dotnet/sdk/8.0.415/NuGet.targets" from project "/home/saidul/Desktop/K-Chief Marine Automation Platform/tests/KChief.Integration.Tests/KChief.Integration.Tests.csproj" (target "_CollectRestoreInputs" depends on it):
   6:5>Task "CheckForDuplicateNuGetItemsTask"
   8:7>Done building target "_GenerateProjectRestoreGraphPerFramework" in project "KChief.DataAccess.csproj".
   3:5>_GenerateProjectRestoreGraphPerFramework:
       Using "GetRestoreNuGetAuditSuppressionsTask" task from assembly "/usr/share/dotnet/sdk/8.0.415/NuGet.Build.Tasks.dll".
       Task "GetRestoreNuGetAuditSuppressionsTask"
   6:5>Done executing task "CheckForDuplicateNuGetItemsTask".
   8:7>Target "_GenerateProjectRestoreGraphCurrentProject" in file "/usr/share/dotnet/sdk/8.0.415/NuGet.targets" from project "/home/saidul/Desktop/K-Chief Marine Automation Platform/src/KChief.DataAccess/KChief.DataAccess.csproj" (target "_GenerateRestoreDependencies" depends on it):
   8:7>Done building target "_GenerateProjectRestoreGraphCurrentProject" in project "KChief.DataAccess.csproj".
   3:5>Done executing task "GetRestoreNuGetAuditSuppressionsTask".
   8:7>Target "_GenerateRestoreDependencies" in file "/usr/share/dotnet/sdk/8.0.415/NuGet.targets" from project "/home/saidul/Desktop/K-Chief Marine Automation Platform/src/KChief.DataAccess/KChief.DataAccess.csproj" (target "_GenerateProjectRestoreGraph" depends on it):
   8:7>Done building target "_GenerateRestoreDependencies" in project "KChief.DataAccess.csproj".
   6:5>Done building target "CollectCentralPackageVersions" in project "KChief.Integration.Tests.csproj".
   8:7>Target "_GenerateProjectRestoreGraph" in file "/usr/share/dotnet/sdk/8.0.415/NuGet.targets" from project "/home/saidul/Desktop/K-Chief Marine Automation Platform/src/KChief.DataAccess/KChief.DataAccess.csproj" (entry point):
   8:7>Done building target "_GenerateProjectRestoreGraph" in project "KChief.DataAccess.csproj".
   8:7>Done Building Project "/home/saidul/Desktop/K-Chief Marine Automation Platform/src/KChief.DataAccess/KChief.DataAccess.csproj" (_GenerateProjectRestoreGraph target(s)).
   6:5>Target "CollectNuGetAuditSuppressions" in file "/usr/share/dotnet/sdk/8.0.415/NuGet.targets" from project "/home/saidul/Desktop/K-Chief Marine Automation Platform/tests/KChief.Integration.Tests/KChief.Integration.Tests.csproj" (target "_CollectRestoreInputs" depends on it):
   6:5>Task "CheckForDuplicateNuGetItemsTask"
       Done executing task "CheckForDuplicateNuGetItemsTask".
   9:7>Target "CollectFrameworkReferences" in file "/usr/share/dotnet/sdk/8.0.415/NuGet.targets" from project "/home/saidul/Desktop/K-Chief Marine Automation Platform/src/KChief.Platform.API/KChief.Platform.API.csproj" (target "_CollectRestoreInputs" depends on it):
   9:7>Done building target "CollectFrameworkReferences" in project "KChief.Platform.API.csproj".
   6:5>Done building target "CollectNuGetAuditSuppressions" in project "KChief.Integration.Tests.csproj".
   9:7>Target "CollectCentralPackageVersions" in file "/usr/share/dotnet/sdk/8.0.415/NuGet.targets" from project "/home/saidul/Desktop/K-Chief Marine Automation Platform/src/KChief.Platform.API/KChief.Platform.API.csproj" (target "_CollectRestoreInputs" depends on it):
   9:7>Task "CheckForDuplicateNuGetItemsTask"
       Done executing task "CheckForDuplicateNuGetItemsTask".
   9:7>Done building target "CollectCentralPackageVersions" in project "KChief.Platform.API.csproj".
   9:7>Target "CollectNuGetAuditSuppressions" in file "/usr/share/dotnet/sdk/8.0.415/NuGet.targets" from project "/home/saidul/Desktop/K-Chief Marine Automation Platform/src/KChief.Platform.API/KChief.Platform.API.csproj" (target "_CollectRestoreInputs" depends on it):
       Task "CheckForDuplicateNuGetItemsTask"
   6:5>Target "_CollectRestoreInputs" in file "/usr/share/dotnet/sdk/8.0.415/NuGet.targets" from project "/home/saidul/Desktop/K-Chief Marine Automation Platform/tests/KChief.Integration.Tests/KChief.Integration.Tests.csproj" (target "_GenerateProjectRestoreGraphPerFramework" depends on it):
   6:5>Done building target "_CollectRestoreInputs" in project "KChief.Integration.Tests.csproj".
   9:7>Done executing task "CheckForDuplicateNuGetItemsTask".
   9:7>Done building target "CollectNuGetAuditSuppressions" in project "KChief.Platform.API.csproj".
   6:5>Target "PrepRestoreForStoreProjects" skipped, due to false condition; ('$(StorePackageName)' != '') was evaluated as ('' != '').
   9:7>Target "_CollectRestoreInputs" in file "/usr/share/dotnet/sdk/8.0.415/NuGet.targets" from project "/home/saidul/Desktop/K-Chief Marine Automation Platform/src/KChief.Platform.API/KChief.Platform.API.csproj" (target "_GenerateProjectRestoreGraphPerFramework" depends on it):
   9:7>Done building target "_CollectRestoreInputs" in project "KChief.Platform.API.csproj".
       Target "PrepRestoreForStoreProjects" skipped, due to false condition; ('$(StorePackageName)' != '') was evaluated as ('' != '').
   6:5>Target "_GenerateProjectRestoreGraphPerFramework" in file "/usr/share/dotnet/sdk/8.0.415/NuGet.targets" from project "/home/saidul/Desktop/K-Chief Marine Automation Platform/tests/KChief.Integration.Tests/KChief.Integration.Tests.csproj" (target "_GenerateProjectRestoreGraphCurrentProject" depends on it):
   6:5>Using "GetRestoreProjectReferencesTask" task from assembly "/usr/share/dotnet/sdk/8.0.415/NuGet.Build.Tasks.dll".
   2:7>Done building target "_GenerateProjectRestoreGraphPerFramework" in project "KChief.VesselControl.csproj".
 10:12>Target "PrepRestoreForStoreProjects" skipped, due to false condition; ('$(StorePackageName)' != '') was evaluated as ('' != '').
   9:7>Target "_GenerateProjectRestoreGraphPerFramework" in file "/usr/share/dotnet/sdk/8.0.415/NuGet.targets" from project "/home/saidul/Desktop/K-Chief Marine Automation Platform/src/KChief.Platform.API/KChief.Platform.API.csproj" (target "_GenerateProjectRestoreGraphCurrentProject" depends on it):
   9:7>Using "GetRestoreProjectReferencesTask" task from assembly "/usr/share/dotnet/sdk/8.0.415/NuGet.Build.Tasks.dll".
   6:5>Task "GetRestoreProjectReferencesTask"
   2:7>Target "_GenerateProjectRestoreGraphCurrentProject" in file "/usr/share/dotnet/sdk/8.0.415/NuGet.targets" from project "/home/saidul/Desktop/K-Chief Marine Automation Platform/src/KChief.VesselControl/KChief.VesselControl.csproj" (target "_GenerateRestoreDependencies" depends on it):
   2:7>Done building target "_GenerateProjectRestoreGraphCurrentProject" in project "KChief.VesselControl.csproj".
   9:7>Task "GetRestoreProjectReferencesTask"
   2:7>Target "_GenerateRestoreDependencies" in file "/usr/share/dotnet/sdk/8.0.415/NuGet.targets" from project "/home/saidul/Desktop/K-Chief Marine Automation Platform/src/KChief.VesselControl/KChief.VesselControl.csproj" (target "_GenerateProjectRestoreGraph" depends on it):
   2:7>Done building target "_GenerateRestoreDependencies" in project "KChief.VesselControl.csproj".
   6:5>Done executing task "GetRestoreProjectReferencesTask".
   2:7>Target "_GenerateProjectRestoreGraph" in file "/usr/share/dotnet/sdk/8.0.415/NuGet.targets" from project "/home/saidul/Desktop/K-Chief Marine Automation Platform/src/KChief.VesselControl/KChief.VesselControl.csproj" (entry point):
   2:7>Done building target "_GenerateProjectRestoreGraph" in project "KChief.VesselControl.csproj".
   2:7>Done Building Project "/home/saidul/Desktop/K-Chief Marine Automation Platform/src/KChief.VesselControl/KChief.VesselControl.csproj" (_GenerateProjectRestoreGraph target(s)).
   6:5>_GenerateProjectRestoreGraphPerFramework:
       Using "GetRestorePackageReferencesTask" task from assembly "/usr/share/dotnet/sdk/8.0.415/NuGet.Build.Tasks.dll".
   9:7>Done executing task "GetRestoreProjectReferencesTask".
   6:5>Task "GetRestorePackageReferencesTask"
   9:7>_GenerateProjectRestoreGraphPerFramework:
       Using "GetRestorePackageReferencesTask" task from assembly "/usr/share/dotnet/sdk/8.0.415/NuGet.Build.Tasks.dll".
   6:5>Done executing task "GetRestorePackageReferencesTask".
   9:7>Task "GetRestorePackageReferencesTask"
   6:5>_GenerateProjectRestoreGraphPerFramework:
       Task "GetCentralPackageVersionsTask" skipped, due to false condition; ( '$(PackageReferenceCompatibleProjectStyle)' == 'true' AND '$(_CentralPackageVersionsEnabled)' == 'true' ) was evaluated as ( 'True' == 'true' AND '' == 'true' ).
   9:7>Done executing task "GetRestorePackageReferencesTask".
   6:5>_GenerateProjectRestoreGraphPerFramework:
       Using "GetRestorePackageDownloadsTask" task from assembly "/usr/share/dotnet/sdk/8.0.415/NuGet.Build.Tasks.dll".
       Task "GetRestorePackageDownloadsTask"
   9:7>_GenerateProjectRestoreGraphPerFramework:
       Task "GetCentralPackageVersionsTask" skipped, due to false condition; ( '$(PackageReferenceCompatibleProjectStyle)' == 'true' AND '$(_CentralPackageVersionsEnabled)' == 'true' ) was evaluated as ( 'True' == 'true' AND '' == 'true' ).
       Using "GetRestorePackageDownloadsTask" task from assembly "/usr/share/dotnet/sdk/8.0.415/NuGet.Build.Tasks.dll".
 10:12>Target "_GenerateProjectRestoreGraphPerFramework" in file "/usr/share/dotnet/sdk/8.0.415/NuGet.targets" from project "/home/saidul/Desktop/K-Chief Marine Automation Platform/src/KChief.Platform.Core/KChief.Platform.Core.csproj" (target "_GenerateProjectRestoreGraphCurrentProject" depends on it):
 10:12>Using "GetRestoreProjectReferencesTask" task from assembly "/usr/share/dotnet/sdk/8.0.415/NuGet.Build.Tasks.dll".
   6:5>Done executing task "GetRestorePackageDownloadsTask".
 10:12>Task "GetRestoreProjectReferencesTask"
   9:7>Task "GetRestorePackageDownloadsTask"
   6:5>_GenerateProjectRestoreGraphPerFramework:
       Using "GetRestoreFrameworkReferencesTask" task from assembly "/usr/share/dotnet/sdk/8.0.415/NuGet.Build.Tasks.dll".
       Task "GetRestoreFrameworkReferencesTask"
       Done executing task "GetRestoreFrameworkReferencesTask".
   9:7>Done executing task "GetRestorePackageDownloadsTask".
   6:5>_GenerateProjectRestoreGraphPerFramework:
       Using "GetRestoreNuGetAuditSuppressionsTask" task from assembly "/usr/share/dotnet/sdk/8.0.415/NuGet.Build.Tasks.dll".
       Task "GetRestoreNuGetAuditSuppressionsTask"
       Done executing task "GetRestoreNuGetAuditSuppressionsTask".
   9:7>_GenerateProjectRestoreGraphPerFramework:
       Using "GetRestoreFrameworkReferencesTask" task from assembly "/usr/share/dotnet/sdk/8.0.415/NuGet.Build.Tasks.dll".
   6:5>Done building target "_GenerateProjectRestoreGraphPerFramework" in project "KChief.Integration.Tests.csproj".
   9:7>Task "GetRestoreFrameworkReferencesTask"
   6:5>Target "_GenerateProjectRestoreGraphCurrentProject" in file "/usr/share/dotnet/sdk/8.0.415/NuGet.targets" from project "/home/saidul/Desktop/K-Chief Marine Automation Platform/tests/KChief.Integration.Tests/KChief.Integration.Tests.csproj" (target "_GenerateRestoreDependencies" depends on it):
   6:5>Done building target "_GenerateProjectRestoreGraphCurrentProject" in project "KChief.Integration.Tests.csproj".
   6:5>Target "_GenerateRestoreDependencies" in file "/usr/share/dotnet/sdk/8.0.415/NuGet.targets" from project "/home/saidul/Desktop/K-Chief Marine Automation Platform/tests/KChief.Integration.Tests/KChief.Integration.Tests.csproj" (target "_GenerateProjectRestoreGraph" depends on it):
   6:5>Done building target "_GenerateRestoreDependencies" in project "KChief.Integration.Tests.csproj".
   9:7>Done executing task "GetRestoreFrameworkReferencesTask".
   6:5>Target "_GenerateProjectRestoreGraph" in file "/usr/share/dotnet/sdk/8.0.415/NuGet.targets" from project "/home/saidul/Desktop/K-Chief Marine Automation Platform/tests/KChief.Integration.Tests/KChief.Integration.Tests.csproj" (entry point):
   6:5>Done building target "_GenerateProjectRestoreGraph" in project "KChief.Integration.Tests.csproj".
   9:7>_GenerateProjectRestoreGraphPerFramework:
       Using "GetRestoreNuGetAuditSuppressionsTask" task from assembly "/usr/share/dotnet/sdk/8.0.415/NuGet.Build.Tasks.dll".
   6:5>Done Building Project "/home/saidul/Desktop/K-Chief Marine Automation Platform/tests/KChief.Integration.Tests/KChief.Integration.Tests.csproj" (_GenerateProjectRestoreGraph target(s)).
   9:7>Task "GetRestoreNuGetAuditSuppressionsTask"
       Done executing task "GetRestoreNuGetAuditSuppressionsTask".
 10:12>Done executing task "GetRestoreProjectReferencesTask".
   3:5>Done building target "_GenerateProjectRestoreGraphPerFramework" in project "KChief.Platform.Tests.csproj".
   3:5>Target "_GenerateProjectRestoreGraphCurrentProject" in file "/usr/share/dotnet/sdk/8.0.415/NuGet.targets" from project "/home/saidul/Desktop/K-Chief Marine Automation Platform/tests/KChief.Platform.Tests/KChief.Platform.Tests.csproj" (target "_GenerateRestoreDependencies" depends on it):
   3:5>Done building target "_GenerateProjectRestoreGraphCurrentProject" in project "KChief.Platform.Tests.csproj".
   3:5>Target "_GenerateRestoreDependencies" in file "/usr/share/dotnet/sdk/8.0.415/NuGet.targets" from project "/home/saidul/Desktop/K-Chief Marine Automation Platform/tests/KChief.Platform.Tests/KChief.Platform.Tests.csproj" (target "_GenerateProjectRestoreGraph" depends on it):
   3:5>Done building target "_GenerateRestoreDependencies" in project "KChief.Platform.Tests.csproj".
   3:5>Target "_GenerateProjectRestoreGraph" in file "/usr/share/dotnet/sdk/8.0.415/NuGet.targets" from project "/home/saidul/Desktop/K-Chief Marine Automation Platform/tests/KChief.Platform.Tests/KChief.Platform.Tests.csproj" (entry point):
   3:5>Done building target "_GenerateProjectRestoreGraph" in project "KChief.Platform.Tests.csproj".
   3:5>Done Building Project "/home/saidul/Desktop/K-Chief Marine Automation Platform/tests/KChief.Platform.Tests/KChief.Platform.Tests.csproj" (_GenerateProjectRestoreGraph target(s)).
 10:12>_GenerateProjectRestoreGraphPerFramework:
       Using "GetRestorePackageReferencesTask" task from assembly "/usr/share/dotnet/sdk/8.0.415/NuGet.Build.Tasks.dll".
       Task "GetRestorePackageReferencesTask"
       Done executing task "GetRestorePackageReferencesTask".
       Task "GetCentralPackageVersionsTask" skipped, due to false condition; ( '$(PackageReferenceCompatibleProjectStyle)' == 'true' AND '$(_CentralPackageVersionsEnabled)' == 'true' ) was evaluated as ( 'True' == 'true' AND '' == 'true' ).
       Using "GetRestorePackageDownloadsTask" task from assembly "/usr/share/dotnet/sdk/8.0.415/NuGet.Build.Tasks.dll".
       Task "GetRestorePackageDownloadsTask"
       Done executing task "GetRestorePackageDownloadsTask".
   9:7>Done building target "_GenerateProjectRestoreGraphPerFramework" in project "KChief.Platform.API.csproj".
 10:12>_GenerateProjectRestoreGraphPerFramework:
       Using "GetRestoreFrameworkReferencesTask" task from assembly "/usr/share/dotnet/sdk/8.0.415/NuGet.Build.Tasks.dll".
       Task "GetRestoreFrameworkReferencesTask"
   9:7>Target "_GenerateProjectRestoreGraphCurrentProject" in file "/usr/share/dotnet/sdk/8.0.415/NuGet.targets" from project "/home/saidul/Desktop/K-Chief Marine Automation Platform/src/KChief.Platform.API/KChief.Platform.API.csproj" (target "_GenerateRestoreDependencies" depends on it):
   9:7>Done building target "_GenerateProjectRestoreGraphCurrentProject" in project "KChief.Platform.API.csproj".
   9:7>Target "_GenerateRestoreDependencies" in file "/usr/share/dotnet/sdk/8.0.415/NuGet.targets" from project "/home/saidul/Desktop/K-Chief Marine Automation Platform/src/KChief.Platform.API/KChief.Platform.API.csproj" (target "_GenerateProjectRestoreGraph" depends on it):
   9:7>Done building target "_GenerateRestoreDependencies" in project "KChief.Platform.API.csproj".
   9:7>Target "_GenerateProjectRestoreGraph" in file "/usr/share/dotnet/sdk/8.0.415/NuGet.targets" from project "/home/saidul/Desktop/K-Chief Marine Automation Platform/src/KChief.Platform.API/KChief.Platform.API.csproj" (entry point):
   9:7>Done building target "_GenerateProjectRestoreGraph" in project "KChief.Platform.API.csproj".
   9:7>Done Building Project "/home/saidul/Desktop/K-Chief Marine Automation Platform/src/KChief.Platform.API/KChief.Platform.API.csproj" (_GenerateProjectRestoreGraph target(s)).
 10:12>Done executing task "GetRestoreFrameworkReferencesTask".
       Using "GetRestoreNuGetAuditSuppressionsTask" task from assembly "/usr/share/dotnet/sdk/8.0.415/NuGet.Build.Tasks.dll".
       Task "GetRestoreNuGetAuditSuppressionsTask"
       Done executing task "GetRestoreNuGetAuditSuppressionsTask".
 10:12>Done building target "_GenerateProjectRestoreGraphPerFramework" in project "KChief.Platform.Core.csproj".
 10:12>Target "_GenerateProjectRestoreGraphCurrentProject" in file "/usr/share/dotnet/sdk/8.0.415/NuGet.targets" from project "/home/saidul/Desktop/K-Chief Marine Automation Platform/src/KChief.Platform.Core/KChief.Platform.Core.csproj" (target "_GenerateRestoreDependencies" depends on it):
 10:12>Done building target "_GenerateProjectRestoreGraphCurrentProject" in project "KChief.Platform.Core.csproj".
 10:12>Target "_GenerateRestoreDependencies" in file "/usr/share/dotnet/sdk/8.0.415/NuGet.targets" from project "/home/saidul/Desktop/K-Chief Marine Automation Platform/src/KChief.Platform.Core/KChief.Platform.Core.csproj" (target "_GenerateProjectRestoreGraph" depends on it):
 10:12>Done building target "_GenerateRestoreDependencies" in project "KChief.Platform.Core.csproj".
 10:12>Target "_GenerateProjectRestoreGraph" in file "/usr/share/dotnet/sdk/8.0.415/NuGet.targets" from project "/home/saidul/Desktop/K-Chief Marine Automation Platform/src/KChief.Platform.Core/KChief.Platform.Core.csproj" (entry point):
 10:12>Done building target "_GenerateProjectRestoreGraph" in project "KChief.Platform.Core.csproj".
 10:12>Done Building Project "/home/saidul/Desktop/K-Chief Marine Automation Platform/src/KChief.Platform.Core/KChief.Platform.Core.csproj" (_GenerateProjectRestoreGraph target(s)).
     1>Done executing task "MSBuild".
     1>Done building target "_GenerateRestoreGraph" in project "KChief.MarineAutomationPlatform.sln".
     1>Target "Restore" in file "/usr/share/dotnet/sdk/8.0.415/NuGet.targets" from project "/home/saidul/Desktop/K-Chief Marine Automation Platform/KChief.MarineAutomationPlatform.sln" (entry point):
       Task "RemoveDuplicates"
       Done executing task "RemoveDuplicates".
       Using "RestoreTask" task from assembly "/usr/share/dotnet/sdk/8.0.415/NuGet.Build.Tasks.dll".
       Task "RestoreTask"
         Assembly loaded during TaskRun (NuGet.Build.Tasks.RestoreTask): NuGet.Packaging, Version=6.11.1.2, Culture=neutral, PublicKeyToken=31bf3856ad364e35 (location: /usr/share/dotnet/sdk/8.0.415/NuGet.Packaging.dll, MVID: c3569465-2284-4cdc-80fa-53f23ad5a901, AssemblyLoadContext: MSBuild plugin /usr/share/dotnet/sdk/8.0.415/NuGet.Build.Tasks.dll)
         Assembly loaded during TaskRun (NuGet.Build.Tasks.RestoreTask): NuGet.LibraryModel, Version=6.11.1.2, Culture=neutral, PublicKeyToken=31bf3856ad364e35 (location: /usr/share/dotnet/sdk/8.0.415/NuGet.LibraryModel.dll, MVID: 9c74e240-a36b-4261-ae2d-466984d97095, AssemblyLoadContext: MSBuild plugin /usr/share/dotnet/sdk/8.0.415/NuGet.Build.Tasks.dll)
         Assembly loaded during TaskRun (NuGet.Build.Tasks.RestoreTask): NuGet.Versioning, Version=6.11.1.2, Culture=neutral, PublicKeyToken=31bf3856ad364e35 (location: /usr/share/dotnet/sdk/8.0.415/NuGet.Versioning.dll, MVID: 0ff30a8a-7983-4ede-bc2f-f9d2f526b309, AssemblyLoadContext: MSBuild plugin /usr/share/dotnet/sdk/8.0.415/NuGet.Build.Tasks.dll)
         Assembly loaded during TaskRun (NuGet.Build.Tasks.RestoreTask): System.ObjectModel, Version=8.0.0.0, Culture=neutral, PublicKeyToken=b03f5f7f11d50a3a (location: /usr/share/dotnet/shared/Microsoft.NETCore.App/8.0.21/System.ObjectModel.dll, MVID: 17412d9a-fa03-4306-8ac2-2c4accbf6128, AssemblyLoadContext: Default)
         Assembly loaded during TaskRun (NuGet.Build.Tasks.RestoreTask): NuGet.Frameworks, Version=6.11.1.2, Culture=neutral, PublicKeyToken=31bf3856ad364e35 (location: /usr/share/dotnet/sdk/8.0.415/NuGet.Frameworks.dll, MVID: 36fa17a1-abb6-4cce-b85c-dd32a6dcc45f, AssemblyLoadContext: MSBuild plugin /usr/share/dotnet/sdk/8.0.415/NuGet.Build.Tasks.dll)
         Assembly loaded during TaskRun (NuGet.Build.Tasks.RestoreTask): NuGet.Protocol, Version=6.11.1.2, Culture=neutral, PublicKeyToken=31bf3856ad364e35 (location: /usr/share/dotnet/sdk/8.0.415/NuGet.Protocol.dll, MVID: 65288774-e726-408e-8bb6-d22100f75eed, AssemblyLoadContext: MSBuild plugin /usr/share/dotnet/sdk/8.0.415/NuGet.Build.Tasks.dll)
         Assembly loaded during TaskRun (NuGet.Build.Tasks.RestoreTask): NuGet.Credentials, Version=6.11.1.2, Culture=neutral, PublicKeyToken=31bf3856ad364e35 (location: /usr/share/dotnet/sdk/8.0.415/NuGet.Credentials.dll, MVID: 07a91a3f-265a-4226-985e-876d1036d338, AssemblyLoadContext: MSBuild plugin /usr/share/dotnet/sdk/8.0.415/NuGet.Build.Tasks.dll)
         Assembly loaded during TaskRun (NuGet.Build.Tasks.RestoreTask): System.Security.Cryptography.X509Certificates, Version=8.0.0.0, Culture=neutral, PublicKeyToken=b03f5f7f11d50a3a (location: /usr/share/dotnet/shared/Microsoft.NETCore.App/8.0.21/System.Security.Cryptography.X509Certificates.dll, MVID: 3a1406cd-c31d-43ad-a828-d6c526c23360, AssemblyLoadContext: Default)
         Assembly loaded during TaskRun (NuGet.Build.Tasks.RestoreTask): System.IO.FileSystem, Version=8.0.0.0, Culture=neutral, PublicKeyToken=b03f5f7f11d50a3a (location: /usr/share/dotnet/shared/Microsoft.NETCore.App/8.0.21/System.IO.FileSystem.dll, MVID: 2c8a05dd-36ab-49d1-84d6-5364860baee5, AssemblyLoadContext: Default)
         X.509 certificate chain validation will use the fallback certificate bundle at '/usr/share/dotnet/sdk/8.0.415/trustedroots/codesignctl.pem'.
         X.509 certificate chain validation will use the fallback certificate bundle at '/usr/share/dotnet/sdk/8.0.415/trustedroots/timestampctl.pem'.
         Assembly loaded during TaskRun (NuGet.Build.Tasks.RestoreTask): NuGet.DependencyResolver.Core, Version=6.11.1.2, Culture=neutral, PublicKeyToken=31bf3856ad364e35 (location: /usr/share/dotnet/sdk/8.0.415/NuGet.DependencyResolver.Core.dll, MVID: 70f2641a-4895-4758-a37b-70be48187b22, AssemblyLoadContext: MSBuild plugin /usr/share/dotnet/sdk/8.0.415/NuGet.Build.Tasks.dll)
         Running restore with 16 concurrent jobs.
         Reading project file /home/saidul/Desktop/K-Chief Marine Automation Platform/src/KChief.AlarmSystem/KChief.AlarmSystem.csproj.
         Reading project file /home/saidul/Desktop/K-Chief Marine Automation Platform/tests/KChief.Integration.Tests/KChief.Integration.Tests.csproj.
         Reading project file /home/saidul/Desktop/K-Chief Marine Automation Platform/src/KChief.Protocols.Modbus/KChief.Protocols.Modbus.csproj.
         Reading project file /home/saidul/Desktop/K-Chief Marine Automation Platform/src/KChief.Protocols.OPC/KChief.Protocols.OPC.csproj.
         Reading project file /home/saidul/Desktop/K-Chief Marine Automation Platform/tests/KChief.Platform.Tests/KChief.Platform.Tests.csproj.
         Reading project file /home/saidul/Desktop/K-Chief Marine Automation Platform/src/KChief.Platform.API/KChief.Platform.API.csproj.
         Reading project file /home/saidul/Desktop/K-Chief Marine Automation Platform/src/KChief.DataAccess/KChief.DataAccess.csproj.
         Reading project file /home/saidul/Desktop/K-Chief Marine Automation Platform/src/KChief.VesselControl/KChief.VesselControl.csproj.
         Reading project file /home/saidul/Desktop/K-Chief Marine Automation Platform/src/KChief.Platform.Core/KChief.Platform.Core.csproj.
         Assembly loaded during TaskRun (NuGet.Build.Tasks.RestoreTask): Newtonsoft.Json, Version=13.0.0.0, Culture=neutral, PublicKeyToken=30ad4fe6b2a6aeed (location: /usr/share/dotnet/sdk/8.0.415/Newtonsoft.Json.dll, MVID: 7e62198b-eab2-4380-bbac-29171862d1d8, AssemblyLoadContext: MSBuild plugin /usr/share/dotnet/sdk/8.0.415/NuGet.Build.Tasks.dll)
         Assembly loaded during TaskRun (NuGet.Build.Tasks.RestoreTask): System.Runtime.Serialization.Primitives, Version=8.0.0.0, Culture=neutral, PublicKeyToken=b03f5f7f11d50a3a (location: /usr/share/dotnet/shared/Microsoft.NETCore.App/8.0.21/System.Runtime.Serialization.Primitives.dll, MVID: ab85fae6-7039-4174-8df7-2b8cbf57e02f, AssemblyLoadContext: Default)
         Assembly loaded during TaskRun (NuGet.Build.Tasks.RestoreTask): System.Linq.Expressions, Version=8.0.0.0, Culture=neutral, PublicKeyToken=b03f5f7f11d50a3a (location: /usr/share/dotnet/shared/Microsoft.NETCore.App/8.0.21/System.Linq.Expressions.dll, MVID: cdf8b169-ed9e-4175-9a2e-58e603add851, AssemblyLoadContext: Default)
         Assembly loaded during TaskRun (NuGet.Build.Tasks.RestoreTask): System.ComponentModel.TypeConverter, Version=8.0.0.0, Culture=neutral, PublicKeyToken=b03f5f7f11d50a3a (location: /usr/share/dotnet/shared/Microsoft.NETCore.App/8.0.21/System.ComponentModel.TypeConverter.dll, MVID: ef620312-6d3f-45e0-bcab-8aad74e9754a, AssemblyLoadContext: Default)
         The restore inputs for 'KChief.VesselControl' have not changed. No further actions are required to complete the restore.
         The restore inputs for 'KChief.AlarmSystem' have not changed. No further actions are required to complete the restore.
         The restore inputs for 'KChief.DataAccess' have not changed. No further actions are required to complete the restore.
         The restore inputs for 'KChief.Platform.Core' have not changed. No further actions are required to complete the restore.
         The restore inputs for 'KChief.Protocols.Modbus' have not changed. No further actions are required to complete the restore.
         The restore inputs for 'KChief.Platform.Tests' have not changed. No further actions are required to complete the restore.
         The restore inputs for 'KChief.Integration.Tests' have not changed. No further actions are required to complete the restore.
         The restore inputs for 'KChief.Platform.API' have not changed. No further actions are required to complete the restore.
         The restore inputs for 'KChief.Protocols.OPC' have not changed. No further actions are required to complete the restore.
         Committing restore...
         Committing restore...
         Assets file has not changed. Skipping assets file writing. Path: /home/saidul/Desktop/K-Chief Marine Automation Platform/src/KChief.Protocols.Modbus/obj/project.assets.json
         Committing restore...
         Assets file has not changed. Skipping assets file writing. Path: /home/saidul/Desktop/K-Chief Marine Automation Platform/src/KChief.DataAccess/obj/project.assets.json
         No-Op restore. The cache will not be updated. Path: /home/saidul/Desktop/K-Chief Marine Automation Platform/src/KChief.Protocols.Modbus/obj/project.nuget.cache
         No-Op restore. The cache will not be updated. Path: /home/saidul/Desktop/K-Chief Marine Automation Platform/src/KChief.DataAccess/obj/project.nuget.cache
         Committing restore...
         Assets file has not changed. Skipping assets file writing. Path: /home/saidul/Desktop/K-Chief Marine Automation Platform/src/KChief.AlarmSystem/obj/project.assets.json
         No-Op restore. The cache will not be updated. Path: /home/saidul/Desktop/K-Chief Marine Automation Platform/src/KChief.AlarmSystem/obj/project.nuget.cache
         Assets file has not changed. Skipping assets file writing. Path: /home/saidul/Desktop/K-Chief Marine Automation Platform/src/KChief.Platform.Core/obj/project.assets.json
         Committing restore...
     1>/home/saidul/Desktop/K-Chief Marine Automation Platform/tests/KChief.Platform.Tests/KChief.Platform.Tests.csproj : warning NU1603: KChief.Platform.API depends on Microsoft.Extensions.Caching.Memory (>= 8.0.11) but Microsoft.Extensions.Caching.Memory 8.0.11 was not found. An approximate best match of Microsoft.Extensions.Caching.Memory 9.0.0 was resolved. [/home/saidul/Desktop/K-Chief Marine Automation Platform/KChief.MarineAutomationPlatform.sln]
         No-Op restore. The cache will not be updated. Path: /home/saidul/Desktop/K-Chief Marine Automation Platform/src/KChief.Platform.Core/obj/project.nuget.cache
     1>/home/saidul/Desktop/K-Chief Marine Automation Platform/tests/KChief.Integration.Tests/KChief.Integration.Tests.csproj : warning NU1603: KChief.Platform.API depends on Microsoft.Extensions.Caching.Memory (>= 8.0.11) but Microsoft.Extensions.Caching.Memory 8.0.11 was not found. An approximate best match of Microsoft.Extensions.Caching.Memory 9.0.0 was resolved. [/home/saidul/Desktop/K-Chief Marine Automation Platform/KChief.MarineAutomationPlatform.sln]
     1>/home/saidul/Desktop/K-Chief Marine Automation Platform/src/KChief.Platform.API/KChief.Platform.API.csproj : warning NU1603: KChief.Platform.API depends on Microsoft.Extensions.Caching.Memory (>= 8.0.11) but Microsoft.Extensions.Caching.Memory 8.0.11 was not found. An approximate best match of Microsoft.Extensions.Caching.Memory 9.0.0 was resolved. [/home/saidul/Desktop/K-Chief Marine Automation Platform/KChief.MarineAutomationPlatform.sln]
     1>/home/saidul/Desktop/K-Chief Marine Automation Platform/src/KChief.Protocols.OPC/KChief.Protocols.OPC.csproj : warning NU1902: Package 'OPCFoundation.NetStandard.Opc.Ua' 1.5.374.54 has a known moderate severity vulnerability, https://github.com/advisories/GHSA-7vfh-cqpc-4267 [/home/saidul/Desktop/K-Chief Marine Automation Platform/KChief.MarineAutomationPlatform.sln]
         Committing restore...
         Committing restore...
         Committing restore...
         Assets file has not changed. Skipping assets file writing. Path: /home/saidul/Desktop/K-Chief Marine Automation Platform/src/KChief.VesselControl/obj/project.assets.json
         Assets file has not changed. Skipping assets file writing. Path: /home/saidul/Desktop/K-Chief Marine Automation Platform/src/KChief.Platform.API/obj/project.assets.json
         Assets file has not changed. Skipping assets file writing. Path: /home/saidul/Desktop/K-Chief Marine Automation Platform/tests/KChief.Integration.Tests/obj/project.assets.json
         No-Op restore. The cache will not be updated. Path: /home/saidul/Desktop/K-Chief Marine Automation Platform/src/KChief.Platform.API/obj/project.nuget.cache
         Committing restore...
         No-Op restore. The cache will not be updated. Path: /home/saidul/Desktop/K-Chief Marine Automation Platform/tests/KChief.Integration.Tests/obj/project.nuget.cache
         Assets file has not changed. Skipping assets file writing. Path: /home/saidul/Desktop/K-Chief Marine Automation Platform/src/KChief.Protocols.OPC/obj/project.assets.json
         No-Op restore. The cache will not be updated. Path: /home/saidul/Desktop/K-Chief Marine Automation Platform/src/KChief.Protocols.OPC/obj/project.nuget.cache
         Assets file has not changed. Skipping assets file writing. Path: /home/saidul/Desktop/K-Chief Marine Automation Platform/tests/KChief.Platform.Tests/obj/project.assets.json
         No-Op restore. The cache will not be updated. Path: /home/saidul/Desktop/K-Chief Marine Automation Platform/tests/KChief.Platform.Tests/obj/project.nuget.cache
         No-Op restore. The cache will not be updated. Path: /home/saidul/Desktop/K-Chief Marine Automation Platform/src/KChief.VesselControl/obj/project.nuget.cache
         Restored /home/saidul/Desktop/K-Chief Marine Automation Platform/src/KChief.Platform.Core/KChief.Platform.Core.csproj (in 24 ms).
         Restored /home/saidul/Desktop/K-Chief Marine Automation Platform/src/KChief.DataAccess/KChief.DataAccess.csproj (in 24 ms).
         Restored /home/saidul/Desktop/K-Chief Marine Automation Platform/src/KChief.VesselControl/KChief.VesselControl.csproj (in 24 ms).
         Restored /home/saidul/Desktop/K-Chief Marine Automation Platform/src/KChief.Protocols.OPC/KChief.Protocols.OPC.csproj (in 26 ms).
         Restored /home/saidul/Desktop/K-Chief Marine Automation Platform/tests/KChief.Integration.Tests/KChief.Integration.Tests.csproj (in 26 ms).
         Restored /home/saidul/Desktop/K-Chief Marine Automation Platform/tests/KChief.Platform.Tests/KChief.Platform.Tests.csproj (in 26 ms).
         Restored /home/saidul/Desktop/K-Chief Marine Automation Platform/src/KChief.Platform.API/KChief.Platform.API.csproj (in 26 ms).
         Restored /home/saidul/Desktop/K-Chief Marine Automation Platform/src/KChief.Protocols.Modbus/KChief.Protocols.Modbus.csproj (in 24 ms).
         Restored /home/saidul/Desktop/K-Chief Marine Automation Platform/src/KChief.AlarmSystem/KChief.AlarmSystem.csproj (in 24 ms).
         
         NuGet Config files used:
             /home/saidul/.nuget/NuGet/NuGet.Config
         
         Feeds used:
             https://api.nuget.org/v3/index.json
         All projects are up-to-date for restore.
       Done executing task "RestoreTask".
     1>Done building target "Restore" in project "KChief.MarineAutomationPlatform.sln".
     1>Done Building Project "/home/saidul/Desktop/K-Chief Marine Automation Platform/KChief.MarineAutomationPlatform.sln" (Restore target(s)).
     0>Property 'MSBuildExtensionsPath' with value '/usr/share/dotnet/sdk/8.0.415/' expanded from the environment.
       Property reassignment: $(_GenerateRestoreGraphProjectEntryInputProperties)="
             ExcludeRestorePackageImports=true;
             _RestoreSolutionFileUsed=true;
             SolutionDir=/home/saidul/Desktop/K-Chief Marine Automation Platform/;
             SolutionName=KChief.MarineAutomationPlatform;
             SolutionFileName=KChief.MarineAutomationPlatform.sln;
             SolutionPath=/home/saidul/Desktop/K-Chief Marine Automation Platform/KChief.MarineAutomationPlatform.sln;
             SolutionExt=.sln;
           " (previous value: "ExcludeRestorePackageImports=true") at /usr/share/dotnet/sdk/8.0.415/NuGet.targets (101,5)
       The target "Store" listed in a BeforeTargets attribute at "/usr/share/dotnet/sdk/8.0.415/Current/SolutionFile/ImportAfter/Microsoft.NET.Sdk.Solution.targets (33,11)" does not exist in the project, and will be ignored.
       The target "VSTest" listed in a BeforeTargets attribute at "/usr/share/dotnet/sdk/8.0.415/Current/SolutionFile/ImportAfter/Microsoft.NET.Sdk.Solution.targets (33,11)" does not exist in the project, and will be ignored.
       The target "_CheckForInvalidConfigurationAndPlatform" listed in a BeforeTargets attribute at "/usr/share/dotnet/sdk/8.0.415/NuGet.targets (667,11)" does not exist in the project, and will be ignored.
   1:2>Project "/home/saidul/Desktop/K-Chief Marine Automation Platform/KChief.MarineAutomationPlatform.sln" on node 1 (default targets).
   1:2>Target "ValidateSolutionConfiguration" in file "/home/saidul/Desktop/K-Chief Marine Automation Platform/KChief.MarineAutomationPlatform.sln.metaproj" from project "/home/saidul/Desktop/K-Chief Marine Automation Platform/KChief.MarineAutomationPlatform.sln" (entry point):
   1:2>Task "Error" skipped, due to false condition; (('$(CurrentSolutionConfigurationContents)' == '') and ('$(SkipInvalidConfigurations)' != 'true')) was evaluated as (('<SolutionConfiguration>
  <ProjectConfiguration Project="{34F62086-0A0B-4202-BAE3-7F0656D49B89}" AbsolutePath="/home/saidul/Desktop/K-Chief Marine Automation Platform/src/KChief.Platform.Core/KChief.Platform.Core.csproj" BuildProjectInSolution="True">Release|AnyCPU</ProjectConfiguration>
  <ProjectConfiguration Project="{521A3086-4393-4FF7-8B64-C0D2D8A1C329}" AbsolutePath="/home/saidul/Desktop/K-Chief Marine Automation Platform/src/KChief.DataAccess/KChief.DataAccess.csproj" BuildProjectInSolution="True">Release|AnyCPU</ProjectConfiguration>
  <ProjectConfiguration Project="{0F79D12A-1EDC-4FB4-A524-318A5AFFB9AE}" AbsolutePath="/home/saidul/Desktop/K-Chief Marine Automation Platform/src/KChief.VesselControl/KChief.VesselControl.csproj" BuildProjectInSolution="True">Release|AnyCPU</ProjectConfiguration>
  <ProjectConfiguration Project="{1E2A1483-FE56-4394-ABC2-92ACA86F3CCC}" AbsolutePath="/home/saidul/Desktop/K-Chief Marine Automation Platform/src/KChief.AlarmSystem/KChief.AlarmSystem.csproj" BuildProjectInS...' == '') and ('' != 'true')).
       Task "Warning" skipped, due to false condition; (('$(CurrentSolutionConfigurationContents)' == '') and ('$(SkipInvalidConfigurations)' == 'true')) was evaluated as (('<SolutionConfiguration>
         <ProjectConfiguration Project="{34F62086-0A0B-4202-BAE3-7F0656D49B89}" AbsolutePath="/home/saidul/Desktop/K-Chief Marine Automation Platform/src/KChief.Platform.Core/KChief.Platform.Core.csproj" BuildProjectInSolution="True">Release|AnyCPU</ProjectConfiguration>
         <ProjectConfiguration Project="{521A3086-4393-4FF7-8B64-C0D2D8A1C329}" AbsolutePath="/home/saidul/Desktop/K-Chief Marine Automation Platform/src/KChief.DataAccess/KChief.DataAccess.csproj" BuildProjectInSolution="True">Release|AnyCPU</ProjectConfiguration>
         <ProjectConfiguration Project="{0F79D12A-1EDC-4FB4-A524-318A5AFFB9AE}" AbsolutePath="/home/saidul/Desktop/K-Chief Marine Automation Platform/src/KChief.VesselControl/KChief.VesselControl.csproj" BuildProjectInSolution="True">Release|AnyCPU</ProjectConfiguration>
         <ProjectConfiguration Project="{1E2A1483-FE56-4394-ABC2-92ACA86F3CCC}" AbsolutePath="/home/saidul/Desktop/K-Chief Marine Automation Platform/src/KChief.AlarmSystem/KChief.AlarmSystem.csproj" BuildProjectInS...' == '') and ('' == 'true')).
       Using "Message" task from assembly "Microsoft.Build.Tasks.Core, Version=15.1.0.0, Culture=neutral, PublicKeyToken=b03f5f7f11d50a3a".
       Task "Message"
         Building solution configuration "Release|Any CPU".
       Done executing task "Message".
   1:2>Done building target "ValidateSolutionConfiguration" in project "KChief.MarineAutomationPlatform.sln".
   1:2>Target "ValidateToolsVersions" in file "/home/saidul/Desktop/K-Chief Marine Automation Platform/KChief.MarineAutomationPlatform.sln.metaproj" from project "/home/saidul/Desktop/K-Chief Marine Automation Platform/KChief.MarineAutomationPlatform.sln" (entry point):
       Task "Error" skipped, due to false condition; ('$(MSBuildToolsVersion)' == '2.0' and ('$(ProjectToolsVersion)' != '2.0' and '$(ProjectToolsVersion)' != '')) was evaluated as ('Current' == '2.0' and ('' != '2.0' and '' != '')).
   1:2>Done building target "ValidateToolsVersions" in project "KChief.MarineAutomationPlatform.sln".
   1:2>Target "ValidateProjects" in file "/home/saidul/Desktop/K-Chief Marine Automation Platform/KChief.MarineAutomationPlatform.sln.metaproj" from project "/home/saidul/Desktop/K-Chief Marine Automation Platform/KChief.MarineAutomationPlatform.sln" (entry point):
   1:2>Done building target "ValidateProjects" in project "KChief.MarineAutomationPlatform.sln".
       Target "_CheckForSolutionLevelRuntimeIdentifier" skipped, due to false condition; ('$(RuntimeIdentifier)' != '') was evaluated as ('' != '').
       Target "_CheckForSolutionLevelOutputPath" skipped, due to false condition; ('$(_CommandLineDefinedOutputPath)' == 'true') was evaluated as ('' == 'true').
   1:2>Target "Build" in file "/home/saidul/Desktop/K-Chief Marine Automation Platform/KChief.MarineAutomationPlatform.sln.metaproj" from project "/home/saidul/Desktop/K-Chief Marine Automation Platform/KChief.MarineAutomationPlatform.sln" (entry point):
       Using "MSBuild" task from assembly "Microsoft.Build.Tasks.Core, Version=15.1.0.0, Culture=neutral, PublicKeyToken=b03f5f7f11d50a3a".
       Task "MSBuild"
         Global Properties:
           BuildingSolutionFile=true
           CurrentSolutionConfigurationContents=<SolutionConfiguration>
           <ProjectConfiguration Project="{34F62086-0A0B-4202-BAE3-7F0656D49B89}" AbsolutePath="/home/saidul/Desktop/K-Chief Marine Automation Platform/src/KChief.Platform.Core/KChief.Platform.Core.csproj" BuildProjectInSolution="True">Release|AnyCPU</ProjectConfiguration>
           <ProjectConfiguration Project="{521A3086-4393-4FF7-8B64-C0D2D8A1C329}" AbsolutePath="/home/saidul/Desktop/K-Chief Marine Automation Platform/src/KChief.DataAccess/KChief.DataAccess.csproj" BuildProjectInSolution="True">Release|AnyCPU</ProjectConfiguration>
           <ProjectConfiguration Project="{0F79D12A-1EDC-4FB4-A524-318A5AFFB9AE}" AbsolutePath="/home/saidul/Desktop/K-Chief Marine Automation Platform/src/KChief.VesselControl/KChief.VesselControl.csproj" BuildProjectInSolution="True">Release|AnyCPU</ProjectConfiguration>
           <ProjectConfiguration Project="{1E2A1483-FE56-4394-ABC2-92ACA86F3CCC}" AbsolutePath="/home/saidul/Desktop/K-Chief Marine Automation Platform/src/KChief.AlarmSystem/KChief.AlarmSystem.csproj" BuildProjectInSolution="True">Release|AnyCPU</ProjectConfiguration>
           <ProjectConfiguration Project="{DA11513E-ABC4-42D0-8F22-25B6783DE4F2}" AbsolutePath="/home/saidul/Desktop/K-Chief Marine Automation Platform/src/KChief.Protocols.OPC/KChief.Protocols.OPC.csproj" BuildProjectInSolution="True">Release|AnyCPU</ProjectConfiguration>
           <ProjectConfiguration Project="{35DFCE22-C904-45F9-B62F-3CA1BE40B662}" AbsolutePath="/home/saidul/Desktop/K-Chief Marine Automation Platform/src/KChief.Protocols.Modbus/KChief.Protocols.Modbus.csproj" BuildProjectInSolution="True">Release|AnyCPU</ProjectConfiguration>
           <ProjectConfiguration Project="{BF822579-5E33-4DB7-AE80-FCD94E86CFCC}" AbsolutePath="/home/saidul/Desktop/K-Chief Marine Automation Platform/src/KChief.Platform.API/KChief.Platform.API.csproj" BuildProjectInSolution="True">Release|AnyCPU</ProjectConfiguration>
           <ProjectConfiguration Project="{5B0B51BF-85E5-4233-B649-F1A5BB0A2550}" AbsolutePath="/home/saidul/Desktop/K-Chief Marine Automation Platform/tests/KChief.Platform.Tests/KChief.Platform.Tests.csproj" BuildProjectInSolution="True">Release|AnyCPU</ProjectConfiguration>
           <ProjectConfiguration Project="{D042C978-BDA0-4081-908C-CD6D5730A437}" AbsolutePath="/home/saidul/Desktop/K-Chief Marine Automation Platform/tests/KChief.Integration.Tests/KChief.Integration.Tests.csproj" BuildProjectInSolution="True">Release|AnyCPU</ProjectConfiguration>
         </SolutionConfiguration>
           SolutionDir=/home/saidul/Desktop/K-Chief Marine Automation Platform/
           SolutionExt=.sln
           SolutionFileName=KChief.MarineAutomationPlatform.sln
           SolutionName=KChief.MarineAutomationPlatform
           SolutionPath=/home/saidul/Desktop/K-Chief Marine Automation Platform/KChief.MarineAutomationPlatform.sln
         Additional Properties for project "/home/saidul/Desktop/K-Chief Marine Automation Platform/src/KChief.Platform.Core/KChief.Platform.Core.csproj":
           Configuration=Release
           Platform=AnyCPU
         Additional Properties for project "/home/saidul/Desktop/K-Chief Marine Automation Platform/src/KChief.DataAccess/KChief.DataAccess.csproj":
           Configuration=Release
           Platform=AnyCPU
         Additional Properties for project "/home/saidul/Desktop/K-Chief Marine Automation Platform/src/KChief.VesselControl/KChief.VesselControl.csproj":
           Configuration=Release
           Platform=AnyCPU
         Additional Properties for project "/home/saidul/Desktop/K-Chief Marine Automation Platform/src/KChief.AlarmSystem/KChief.AlarmSystem.csproj":
           Configuration=Release
           Platform=AnyCPU
         Additional Properties for project "/home/saidul/Desktop/K-Chief Marine Automation Platform/src/KChief.Protocols.OPC/KChief.Protocols.OPC.csproj":
           Configuration=Release
           Platform=AnyCPU
         Additional Properties for project "/home/saidul/Desktop/K-Chief Marine Automation Platform/src/KChief.Protocols.Modbus/KChief.Protocols.Modbus.csproj":
           Configuration=Release
           Platform=AnyCPU
         Additional Properties for project "/home/saidul/Desktop/K-Chief Marine Automation Platform/src/KChief.Platform.API/KChief.Platform.API.csproj":
           Configuration=Release
           Platform=AnyCPU
         Additional Properties for project "/home/saidul/Desktop/K-Chief Marine Automation Platform/tests/KChief.Platform.Tests/KChief.Platform.Tests.csproj":
           Configuration=Release
           Platform=AnyCPU
         Additional Properties for project "/home/saidul/Desktop/K-Chief Marine Automation Platform/tests/KChief.Integration.Tests/KChief.Integration.Tests.csproj":
           Configuration=Release
           Platform=AnyCPU
     0>The SDK "Microsoft.NET.Sdk" was successfully resolved by the "DefaultSdkResolver" resolver to location "/usr/share/dotnet/sdk/8.0.415/Sdks/Microsoft.NET.Sdk/Sdk" and version "".
       Property 'MSBuildExtensionsPath' with value '/usr/share/dotnet/sdk/8.0.415/' expanded from the environment.
       Property reassignment: $(MSBuildProjectExtensionsPath)="/home/saidul/Desktop/K-Chief Marine Automation Platform/src/KChief.Platform.Core/obj/" (previous value: "obj\") at /usr/share/dotnet/sdk/8.0.415/Current/Microsoft.Common.props (60,5)
       Property 'MSBuildExtensionsPath' with value '/usr/share/dotnet/sdk/8.0.415/' expanded from the environment.
       Property 'MSBuildExtensionsPath' with value '/usr/share/dotnet/sdk/8.0.415/' expanded from the environment.
       Property 'MSBuildExtensionsPath' with value '/usr/share/dotnet/sdk/8.0.415/' expanded from the environment.
       Property 'MSBuildExtensionsPath' with value '/usr/share/dotnet/sdk/8.0.415/' expanded from the environment.
       Property reassignment: $(MSBuildProjectExtensionsPath)="/home/saidul/Desktop/K-Chief Marine Automation Platform/src/KChief.DataAccess/obj/" (previous value: "obj\") at /usr/share/dotnet/sdk/8.0.415/Current/Microsoft.Common.props (60,5)
       Property 'MSBuildUserExtensionsPath' with value '/home/saidul/.local/share/Microsoft\MSBuild' expanded from the environment.
       Property reassignment: $(MSBuildProjectExtensionsPath)="/home/saidul/Desktop/K-Chief Marine Automation Platform/tests/KChief.Platform.Tests/obj/" (previous value: "obj\") at /usr/share/dotnet/sdk/8.0.415/Current/Microsoft.Common.props (60,5)
       Property reassignment: $(MSBuildProjectExtensionsPath)="/home/saidul/Desktop/K-Chief Marine Automation Platform/src/KChief.AlarmSystem/obj/" (previous value: "obj\") at /usr/share/dotnet/sdk/8.0.415/Current/Microsoft.Common.props (60,5)
       Property 'MSBuildExtensionsPath' with value '/usr/share/dotnet/sdk/8.0.415/' expanded from the environment.
       Property 'MSBuildExtensionsPath' with value '/usr/share/dotnet/sdk/8.0.415/' expanded from the environment.
       Property reassignment: $(MSBuildProjectExtensionsPath)="/home/saidul/Desktop/K-Chief Marine Automation Platform/src/KChief.Protocols.OPC/obj/" (previous value: "obj\") at /usr/share/dotnet/sdk/8.0.415/Current/Microsoft.Common.props (60,5)
       Property 'MSBuildUserExtensionsPath' with value '/home/saidul/.local/share/Microsoft\MSBuild' expanded from the environment.
       The "Configuration" property is a global property, and cannot be modified.
       The "Configuration" property is a global property, and cannot be modified.
       The "Platform" property is a global property, and cannot be modified.
       The "Platform" property is a global property, and cannot be modified.
       Property 'MSBuildUserExtensionsPath' with value '/home/saidul/.local/share/Microsoft\MSBuild' expanded from the environment.
       The "Configuration" property is a global property, and cannot be modified.
       The "Platform" property is a global property, and cannot be modified.
       The "Configuration" property is a global property, and cannot be modified.
       The "Platform" property is a global property, and cannot be modified.
       The "Configuration" property is a global property, and cannot be modified.
       The "Platform" property is a global property, and cannot be modified.
       Property reassignment: $(AssemblySearchPaths)="{CandidateAssemblyFiles};{HintPathFromItem}" (previous value: "{CandidateAssemblyFiles}") at /usr/share/dotnet/sdk/8.0.415/Sdks/Microsoft.NET.Sdk/targets/Microsoft.NET.Sdk.props (91,5)
       Property reassignment: $(AssemblySearchPaths)="{CandidateAssemblyFiles};{HintPathFromItem};{TargetFrameworkDirectory}" (previous value: "{CandidateAssemblyFiles};{HintPathFromItem}") at /usr/share/dotnet/sdk/8.0.415/Sdks/Microsoft.NET.Sdk/targets/Microsoft.NET.Sdk.props (92,5)
       Property reassignment: $(AssemblySearchPaths)="{CandidateAssemblyFiles};{HintPathFromItem};{TargetFrameworkDirectory};{RawFileName}" (previous value: "{CandidateAssemblyFiles};{HintPathFromItem};{TargetFrameworkDirectory}") at /usr/share/dotnet/sdk/8.0.415/Sdks/Microsoft.NET.Sdk/targets/Microsoft.NET.Sdk.props (93,5)
       Property reassignment: $(AssemblySearchPaths)="{CandidateAssemblyFiles};{HintPathFromItem}" (previous value: "{CandidateAssemblyFiles}") at /usr/share/dotnet/sdk/8.0.415/Sdks/Microsoft.NET.Sdk/targets/Microsoft.NET.Sdk.props (91,5)
       The "Configuration" property is a global property, and cannot be modified.
       Property reassignment: $(AssemblySearchPaths)="{CandidateAssemblyFiles};{HintPathFromItem};{TargetFrameworkDirectory}" (previous value: "{CandidateAssemblyFiles};{HintPathFromItem}") at /usr/share/dotnet/sdk/8.0.415/Sdks/Microsoft.NET.Sdk/targets/Microsoft.NET.Sdk.props (92,5)
       The "Platform" property is a global property, and cannot be modified.
       Property reassignment: $(AssemblySearchPaths)="{CandidateAssemblyFiles};{HintPathFromItem};{TargetFrameworkDirectory};{RawFileName}" (previous value: "{CandidateAssemblyFiles};{HintPathFromItem};{TargetFrameworkDirectory}") at /usr/share/dotnet/sdk/8.0.415/Sdks/Microsoft.NET.Sdk/targets/Microsoft.NET.Sdk.props (93,5)
       Property reassignment: $(AssemblySearchPaths)="{CandidateAssemblyFiles};{HintPathFromItem}" (previous value: "{CandidateAssemblyFiles}") at /usr/share/dotnet/sdk/8.0.415/Sdks/Microsoft.NET.Sdk/targets/Microsoft.NET.Sdk.props (91,5)
       Property reassignment: $(AssemblySearchPaths)="{CandidateAssemblyFiles};{HintPathFromItem};{TargetFrameworkDirectory}" (previous value: "{CandidateAssemblyFiles};{HintPathFromItem}") at /usr/share/dotnet/sdk/8.0.415/Sdks/Microsoft.NET.Sdk/targets/Microsoft.NET.Sdk.props (92,5)
       Property reassignment: $(AssemblySearchPaths)="{CandidateAssemblyFiles};{HintPathFromItem};{TargetFrameworkDirectory};{RawFileName}" (previous value: "{CandidateAssemblyFiles};{HintPathFromItem};{TargetFrameworkDirectory}") at /usr/share/dotnet/sdk/8.0.415/Sdks/Microsoft.NET.Sdk/targets/Microsoft.NET.Sdk.props (93,5)
       Property 'MSBuildUserExtensionsPath' with value '/home/saidul/.local/share/Microsoft\MSBuild' expanded from the environment.
       The "Configuration" property is a global property, and cannot be modified.
       The "Platform" property is a global property, and cannot be modified.
       The "Configuration" property is a global property, and cannot be modified.
       The "Platform" property is a global property, and cannot be modified.
       Property reassignment: $(AssemblySearchPaths)="{CandidateAssemblyFiles};{HintPathFromItem}" (previous value: "{CandidateAssemblyFiles}") at /usr/share/dotnet/sdk/8.0.415/Sdks/Microsoft.NET.Sdk/targets/Microsoft.NET.Sdk.props (91,5)
       Property reassignment: $(AssemblySearchPaths)="{CandidateAssemblyFiles};{HintPathFromItem};{TargetFrameworkDirectory}" (previous value: "{CandidateAssemblyFiles};{HintPathFromItem}") at /usr/share/dotnet/sdk/8.0.415/Sdks/Microsoft.NET.Sdk/targets/Microsoft.NET.Sdk.props (92,5)
       The "DefaultSdkResolver" resolver attempted to resolve the SDK "Microsoft.NET.SDK.WorkloadAutoImportPropsLocator".
       Warnings: null
       Errors: MSB4276: The default SDK resolver failed to resolve SDK "Microsoft.NET.SDK.WorkloadAutoImportPropsLocator" because directory "/usr/share/dotnet/sdk/8.0.415/Sdks/Microsoft.NET.SDK.WorkloadAutoImportPropsLocator/Sdk" did not exist.
       Property reassignment: $(AssemblySearchPaths)="{CandidateAssemblyFiles};{HintPathFromItem};{TargetFrameworkDirectory};{RawFileName}" (previous value: "{CandidateAssemblyFiles};{HintPathFromItem};{TargetFrameworkDirectory}") at /usr/share/dotnet/sdk/8.0.415/Sdks/Microsoft.NET.Sdk/targets/Microsoft.NET.Sdk.props (93,5)
       Property 'MSBuildExtensionsPath' with value '/usr/share/dotnet/sdk/8.0.415/' expanded from the environment.
       Property reassignment: $(MSBuildProjectExtensionsPath)="/home/saidul/Desktop/K-Chief Marine Automation Platform/src/KChief.Platform.API/obj/" (previous value: "obj\") at /usr/share/dotnet/sdk/8.0.415/Current/Microsoft.Common.props (60,5)
       Property reassignment: $(MSBuildProjectExtensionsPath)="/home/saidul/Desktop/K-Chief Marine Automation Platform/src/KChief.Protocols.Modbus/obj/" (previous value: "obj\") at /usr/share/dotnet/sdk/8.0.415/Current/Microsoft.Common.props (60,5)
       Property 'MSBuildUserExtensionsPath' with value '/home/saidul/.local/share/Microsoft\MSBuild' expanded from the environment.
       The "Configuration" property is a global property, and cannot be modified.
       The "Platform" property is a global property, and cannot be modified.
       The "Configuration" property is a global property, and cannot be modified.
       The "Platform" property is a global property, and cannot be modified.
       Property reassignment: $(AssemblySearchPaths)="{CandidateAssemblyFiles};{HintPathFromItem}" (previous value: "{CandidateAssemblyFiles}") at /usr/share/dotnet/sdk/8.0.415/Sdks/Microsoft.NET.Sdk/targets/Microsoft.NET.Sdk.props (91,5)
       Property reassignment: $(AssemblySearchPaths)="{CandidateAssemblyFiles};{HintPathFromItem};{TargetFrameworkDirectory}" (previous value: "{CandidateAssemblyFiles};{HintPathFromItem}") at /usr/share/dotnet/sdk/8.0.415/Sdks/Microsoft.NET.Sdk/targets/Microsoft.NET.Sdk.props (92,5)
       Property reassignment: $(AssemblySearchPaths)="{CandidateAssemblyFiles};{HintPathFromItem};{TargetFrameworkDirectory};{RawFileName}" (previous value: "{CandidateAssemblyFiles};{HintPathFromItem};{TargetFrameworkDirectory}") at /usr/share/dotnet/sdk/8.0.415/Sdks/Microsoft.NET.Sdk/targets/Microsoft.NET.Sdk.props (93,5)
       Property reassignment: $(TargetsForTfmSpecificContentInPackage)=";PackTool;_PackProjectToolValidation" (previous value: ";PackTool") at /usr/share/dotnet/sdk/8.0.415/Sdks/Microsoft.NET.Sdk/targets/Microsoft.NET.PackProjectTool.props (15,5)
       Property reassignment: $(TargetsForTfmSpecificContentInPackage)=";PackTool;_PackProjectToolValidation" (previous value: ";PackTool") at /usr/share/dotnet/sdk/8.0.415/Sdks/Microsoft.NET.Sdk/targets/Microsoft.NET.PackProjectTool.props (15,5)
       Property reassignment: $(MSBuildProjectExtensionsPath)="/home/saidul/Desktop/K-Chief Marine Automation Platform/src/KChief.VesselControl/obj/" (previous value: "obj\") at /usr/share/dotnet/sdk/8.0.415/Current/Microsoft.Common.props (60,5)
       Property 'MSBuildUserExtensionsPath' with value '/home/saidul/.local/share/Microsoft\MSBuild' expanded from the environment.
       The "Configuration" property is a global property, and cannot be modified.
       The "Configuration" property is a global property, and cannot be modified.
       The "Platform" property is a global property, and cannot be modified.
       The "Platform" property is a global property, and cannot be modified.
       The "Configuration" property is a global property, and cannot be modified.
       Property reassignment: $(PublishProfileImported)="false" (previous value: "true") at /usr/share/dotnet/sdk/8.0.415/Sdks/Microsoft.NET.Sdk/targets/Microsoft.NET.Sdk.ImportPublishProfile.targets (28,5)
       The "Platform" property is a global property, and cannot be modified.
       Property reassignment: $(TargetPlatformVersion)="" (previous value: "0.0") at /usr/share/dotnet/sdk/8.0.415/Sdks/Microsoft.NET.Sdk/targets/Microsoft.NET.TargetFrameworkInference.targets (69,5)
       Property reassignment: $(AssemblySearchPaths)="{CandidateAssemblyFiles};{HintPathFromItem}" (previous value: "{CandidateAssemblyFiles}") at /usr/share/dotnet/sdk/8.0.415/Sdks/Microsoft.NET.Sdk/targets/Microsoft.NET.Sdk.props (91,5)
       Property reassignment: $(AssemblySearchPaths)="{CandidateAssemblyFiles};{HintPathFromItem};{TargetFrameworkDirectory}" (previous value: "{CandidateAssemblyFiles};{HintPathFromItem}") at /usr/share/dotnet/sdk/8.0.415/Sdks/Microsoft.NET.Sdk/targets/Microsoft.NET.Sdk.props (92,5)
       Property reassignment: $(AssemblySearchPaths)="{CandidateAssemblyFiles};{HintPathFromItem};{TargetFrameworkDirectory};{RawFileName}" (previous value: "{CandidateAssemblyFiles};{HintPathFromItem};{TargetFrameworkDirectory}") at /usr/share/dotnet/sdk/8.0.415/Sdks/Microsoft.NET.Sdk/targets/Microsoft.NET.Sdk.props (93,5)
       Property reassignment: $(TargetsForTfmSpecificContentInPackage)=";PackTool;_PackProjectToolValidation" (previous value: ";PackTool") at /usr/share/dotnet/sdk/8.0.415/Sdks/Microsoft.NET.Sdk/targets/Microsoft.NET.PackProjectTool.props (15,5)
       The "Configuration" property is a global property, and cannot be modified.
       The "Platform" property is a global property, and cannot be modified.
       The "Configuration" property is a global property, and cannot be modified.
       Property reassignment: $(OpenApiGenerateDocumentsOnBuild)="false" (previous value: "") at /home/saidul/.nuget/packages/swashbuckle.aspnetcore/6.6.2/build/Swashbuckle.AspNetCore.props (3,5)
       Property 'MSBuildUserExtensionsPath' with value '/home/saidul/.local/share/Microsoft\MSBuild' expanded from the environment.
       The "Platform" property is a global property, and cannot be modified.
       The "Configuration" property is a global property, and cannot be modified.
       The "Platform" property is a global property, and cannot be modified.
       Property reassignment: $(PublishProfileImported)="false" (previous value: "true") at /usr/share/dotnet/sdk/8.0.415/Sdks/Microsoft.NET.Sdk/targets/Microsoft.NET.Sdk.ImportPublishProfile.targets (28,5)
       The "Configuration" property is a global property, and cannot be modified.
       Property reassignment: $(TargetPlatformVersion)="" (previous value: "0.0") at /usr/share/dotnet/sdk/8.0.415/Sdks/Microsoft.NET.Sdk/targets/Microsoft.NET.TargetFrameworkInference.targets (69,5)
       The "Platform" property is a global property, and cannot be modified.
       Property reassignment: $(AssemblySearchPaths)="{CandidateAssemblyFiles};{HintPathFromItem}" (previous value: "{CandidateAssemblyFiles}") at /usr/share/dotnet/sdk/8.0.415/Sdks/Microsoft.NET.Sdk/targets/Microsoft.NET.Sdk.props (91,5)
       Property reassignment: $(AssemblySearchPaths)="{CandidateAssemblyFiles};{HintPathFromItem};{TargetFrameworkDirectory}" (previous value: "{CandidateAssemblyFiles};{HintPathFromItem}") at /usr/share/dotnet/sdk/8.0.415/Sdks/Microsoft.NET.Sdk/targets/Microsoft.NET.Sdk.props (92,5)
       Property reassignment: $(AssemblySearchPaths)="{CandidateAssemblyFiles};{HintPathFromItem};{TargetFrameworkDirectory};{RawFileName}" (previous value: "{CandidateAssemblyFiles};{HintPathFromItem};{TargetFrameworkDirectory}") at /usr/share/dotnet/sdk/8.0.415/Sdks/Microsoft.NET.Sdk/targets/Microsoft.NET.Sdk.props (93,5)
       Property reassignment: $(TargetsForTfmSpecificContentInPackage)=";PackTool;_PackProjectToolValidation" (previous value: ";PackTool") at /usr/share/dotnet/sdk/8.0.415/Sdks/Microsoft.NET.Sdk/targets/Microsoft.NET.PackProjectTool.props (15,5)
       Property reassignment: $(DefaultItemExcludes)=";bin\Release//**;obj\Release//**" (previous value: ";bin\Release//**") at /usr/share/dotnet/sdk/8.0.415/Sdks/Microsoft.NET.Sdk/targets/Microsoft.NET.DefaultOutputPaths.targets (122,5)
       Property reassignment: $(OutputPath)="bin\Release/net8.0/" (previous value: "bin\Release/") at /usr/share/dotnet/sdk/8.0.415/Sdks/Microsoft.NET.Sdk/targets/Microsoft.NET.DefaultOutputPaths.targets (137,5)
       Property reassignment: $(IntermediateOutputPath)="obj\Release/net8.0/" (previous value: "obj\Release/") at /usr/share/dotnet/sdk/8.0.415/Sdks/Microsoft.NET.Sdk/targets/Microsoft.NET.DefaultOutputPaths.targets (142,5)
       Property reassignment: $(DefaultItemExcludes)=";bin\Release//**;obj\Release//**" (previous value: ";bin\Release//**") at /usr/share/dotnet/sdk/8.0.415/Sdks/Microsoft.NET.Sdk/targets/Microsoft.NET.DefaultOutputPaths.targets (122,5)
       Property reassignment: $(OutputPath)="bin\Release/net8.0/" (previous value: "bin\Release/") at /usr/share/dotnet/sdk/8.0.415/Sdks/Microsoft.NET.Sdk/targets/Microsoft.NET.DefaultOutputPaths.targets (137,5)
       Property reassignment: $(PublishProfileImported)="false" (previous value: "true") at /usr/share/dotnet/sdk/8.0.415/Sdks/Microsoft.NET.Sdk/targets/Microsoft.NET.Sdk.ImportPublishProfile.targets (28,5)
       Property reassignment: $(IntermediateOutputPath)="obj\Release/net8.0/" (previous value: "obj\Release/") at /usr/share/dotnet/sdk/8.0.415/Sdks/Microsoft.NET.Sdk/targets/Microsoft.NET.DefaultOutputPaths.targets (142,5)
       Property reassignment: $(TargetPlatformVersion)="" (previous value: "0.0") at /usr/share/dotnet/sdk/8.0.415/Sdks/Microsoft.NET.Sdk/targets/Microsoft.NET.TargetFrameworkInference.targets (69,5)
       Property reassignment: $(TargetsForTfmSpecificContentInPackage)=";PackTool;_PackProjectToolValidation" (previous value: ";PackTool") at /usr/share/dotnet/sdk/8.0.415/Sdks/Microsoft.NET.Sdk/targets/Microsoft.NET.PackProjectTool.props (15,5)
       Property reassignment: $(DefaultItemExcludes)=";**\node_modules\**;node_modules\**;**\jspm_packages\**;jspm_packages\**" (previous value: ";**\node_modules\**;node_modules\**") at /usr/share/dotnet/sdk/8.0.415/Sdks/Microsoft.NET.Sdk.StaticWebAssets/Sdk/Sdk.StaticWebAssets.StaticAssets.ProjectSystem.props (23,5)
       Property reassignment: $(DefaultItemExcludes)=";**\node_modules\**;node_modules\**;**\jspm_packages\**;jspm_packages\**;**\bower_components\**;bower_components\**" (previous value: ";**\node_modules\**;node_modules\**;**\jspm_packages\**;jspm_packages\**") at /usr/share/dotnet/sdk/8.0.415/Sdks/Microsoft.NET.Sdk.StaticWebAssets/Sdk/Sdk.StaticWebAssets.StaticAssets.ProjectSystem.props (24,5)
       Property reassignment: $(DefaultItemExcludes)=";bin\Release//**;obj\Release//**" (previous value: ";bin\Release//**") at /usr/share/dotnet/sdk/8.0.415/Sdks/Microsoft.NET.Sdk/targets/Microsoft.NET.DefaultOutputPaths.targets (122,5)
       Property reassignment: $(OutputPath)="bin\Release/net8.0/" (previous value: "bin\Release/") at /usr/share/dotnet/sdk/8.0.415/Sdks/Microsoft.NET.Sdk/targets/Microsoft.NET.DefaultOutputPaths.targets (137,5)
       Property reassignment: $(IntermediateOutputPath)="obj\Release/net8.0/" (previous value: "obj\Release/") at /usr/share/dotnet/sdk/8.0.415/Sdks/Microsoft.NET.Sdk/targets/Microsoft.NET.DefaultOutputPaths.targets (142,5)
       Property reassignment: $(OutputType)="Exe" (previous value: "Library") at /usr/share/dotnet/sdk/8.0.415/Sdks/Microsoft.NET.Sdk.Web.ProjectSystem/targets/Microsoft.NET.Sdk.Web.ProjectSystem.props (16,5)
       The "Configuration" property is a global property, and cannot be modified.
       Property reassignment: $(NoWarn)="1701;1702;1591" (previous value: "1701;1702") at /home/saidul/Desktop/K-Chief Marine Automation Platform/src/KChief.Platform.API/KChief.Platform.API.csproj (8,5)
       The "Platform" property is a global property, and cannot be modified.
       Property reassignment: $(PublishProfileImported)="false" (previous value: "true") at /usr/share/dotnet/sdk/8.0.415/Sdks/Microsoft.NET.Sdk/targets/Microsoft.NET.Sdk.ImportPublishProfile.targets (28,5)
       Property reassignment: $(TargetsForTfmSpecificContentInPackage)=";PackTool;_PackProjectToolValidation" (previous value: ";PackTool") at /usr/share/dotnet/sdk/8.0.415/Sdks/Microsoft.NET.Sdk/targets/Microsoft.NET.PackProjectTool.props (15,5)
       The "Configuration" property is a global property, and cannot be modified.
       The "Platform" property is a global property, and cannot be modified.
       The "Configuration" property is a global property, and cannot be modified.
       The "Platform" property is a global property, and cannot be modified.
       Property reassignment: $(TargetPlatformVersion)="" (previous value: "0.0") at /usr/share/dotnet/sdk/8.0.415/Sdks/Microsoft.NET.Sdk/targets/Microsoft.NET.TargetFrameworkInference.targets (69,5)
       Property reassignment: $(PublishProfileImported)="false" (previous value: "true") at /usr/share/dotnet/sdk/8.0.415/Sdks/Microsoft.NET.Sdk/targets/Microsoft.NET.Sdk.ImportPublishProfile.targets (28,5)
       Property reassignment: $(TargetPlatformVersion)="" (previous value: "0.0") at /usr/share/dotnet/sdk/8.0.415/Sdks/Microsoft.NET.Sdk/targets/Microsoft.NET.TargetFrameworkInference.targets (69,5)
       Property reassignment: $(_FrameworkIdentifierForImplicitDefine)="NET" (previous value: "NETCOREAPP") at /usr/share/dotnet/sdk/8.0.415/Sdks/Microsoft.NET.Sdk/targets/Microsoft.NET.Sdk.BeforeCommon.targets (187,5)
       Property reassignment: $(_FrameworkVersionForImplicitDefine)="8_0" (previous value: "8.0") at /usr/share/dotnet/sdk/8.0.415/Sdks/Microsoft.NET.Sdk/targets/Microsoft.NET.Sdk.BeforeCommon.targets (192,5)
       Property reassignment: $(DefaultItemExcludes)=";**\node_modules\**;node_modules\**;**\jspm_packages\**;jspm_packages\**;**\bower_components\**;bower_components\**;bin\Release//**" (previous value: ";**\node_modules\**;node_modules\**;**\jspm_packages\**;jspm_packages\**;**\bower_components\**;bower_components\**") at /usr/share/dotnet/sdk/8.0.415/Sdks/Microsoft.NET.Sdk/targets/Microsoft.NET.DefaultOutputPaths.targets (121,5)
       Property reassignment: $(_FrameworkIdentifierForImplicitDefine)="NET" (previous value: "NETCOREAPP") at /usr/share/dotnet/sdk/8.0.415/Sdks/Microsoft.NET.Sdk/targets/Microsoft.NET.Sdk.BeforeCommon.targets (187,5)
       Property reassignment: $(DefaultItemExcludes)=";**\node_modules\**;node_modules\**;**\jspm_packages\**;jspm_packages\**;**\bower_components\**;bower_components\**;bin\Release//**;obj\Release//**" (previous value: ";**\node_modules\**;node_modules\**;**\jspm_packages\**;jspm_packages\**;**\bower_components\**;bower_components\**;bin\Release//**") at /usr/share/dotnet/sdk/8.0.415/Sdks/Microsoft.NET.Sdk/targets/Microsoft.NET.DefaultOutputPaths.targets (122,5)
       Property reassignment: $(_FrameworkVersionForImplicitDefine)="8_0" (previous value: "8.0") at /usr/share/dotnet/sdk/8.0.415/Sdks/Microsoft.NET.Sdk/targets/Microsoft.NET.Sdk.BeforeCommon.targets (192,5)
       Property reassignment: $(CommandLineArgsForDesignTimeEvaluation)="-langversion:12.0 -define:TRACE" (previous value: "-langversion:12.0") at /usr/share/dotnet/sdk/8.0.415/Roslyn/Microsoft.CSharp.Core.targets (200,5)
       Property reassignment: $(OutputPath)="bin\Release/net8.0/" (previous value: "bin\Release/") at /usr/share/dotnet/sdk/8.0.415/Sdks/Microsoft.NET.Sdk/targets/Microsoft.NET.DefaultOutputPaths.targets (137,5)
       Property reassignment: $(IntermediateOutputPath)="obj\Release/net8.0/" (previous value: "obj\Release/") at /usr/share/dotnet/sdk/8.0.415/Sdks/Microsoft.NET.Sdk/targets/Microsoft.NET.DefaultOutputPaths.targets (142,5)
       Property reassignment: $(PublishProfileImported)="false" (previous value: "true") at /usr/share/dotnet/sdk/8.0.415/Sdks/Microsoft.NET.Sdk/targets/Microsoft.NET.Sdk.ImportPublishProfile.targets (28,5)
       Property reassignment: $(TargetPlatformVersion)="" (previous value: "0.0") at /usr/share/dotnet/sdk/8.0.415/Sdks/Microsoft.NET.Sdk/targets/Microsoft.NET.TargetFrameworkInference.targets (69,5)
       Property reassignment: $(DefaultItemExcludes)=";bin\Release//**;obj\Release//**" (previous value: ";bin\Release//**") at /usr/share/dotnet/sdk/8.0.415/Sdks/Microsoft.NET.Sdk/targets/Microsoft.NET.DefaultOutputPaths.targets (122,5)
       Property reassignment: $(DefaultItemExcludes)=";bin\Release//**;obj\Release//**" (previous value: ";bin\Release//**") at /usr/share/dotnet/sdk/8.0.415/Sdks/Microsoft.NET.Sdk/targets/Microsoft.NET.DefaultOutputPaths.targets (122,5)
       Property reassignment: $(CommandLineArgsForDesignTimeEvaluation)="-langversion:12.0 -define:TRACE" (previous value: "-langversion:12.0") at /usr/share/dotnet/sdk/8.0.415/Roslyn/Microsoft.CSharp.Core.targets (200,5)
       Property 'MSBuildUserExtensionsPath' with value '/home/saidul/.local/share/Microsoft\MSBuild' expanded from the environment.
       Property reassignment: $(OutputPath)="bin\Release/net8.0/" (previous value: "bin\Release/") at /usr/share/dotnet/sdk/8.0.415/Sdks/Microsoft.NET.Sdk/targets/Microsoft.NET.DefaultOutputPaths.targets (137,5)
       The "Configuration" property is a global property, and cannot be modified.
       Property reassignment: $(IntermediateOutputPath)="obj\Release/net8.0/" (previous value: "obj\Release/") at /usr/share/dotnet/sdk/8.0.415/Sdks/Microsoft.NET.Sdk/targets/Microsoft.NET.DefaultOutputPaths.targets (142,5)
       The "Platform" property is a global property, and cannot be modified.
       Property reassignment: $(OutputPath)="bin\Release/net8.0/" (previous value: "bin\Release/") at /usr/share/dotnet/sdk/8.0.415/Sdks/Microsoft.NET.Sdk/targets/Microsoft.NET.DefaultOutputPaths.targets (137,5)
       The "Configuration" property is a global property, and cannot be modified.
       The "Platform" property is a global property, and cannot be modified.
       Property reassignment: $(AssemblySearchPaths)="{CandidateAssemblyFiles};{HintPathFromItem}" (previous value: "{CandidateAssemblyFiles}") at /usr/share/dotnet/sdk/8.0.415/Sdks/Microsoft.NET.Sdk/targets/Microsoft.NET.Sdk.props (91,5)
       Property reassignment: $(IntermediateOutputPath)="obj\Release/net8.0/" (previous value: "obj\Release/") at /usr/share/dotnet/sdk/8.0.415/Sdks/Microsoft.NET.Sdk/targets/Microsoft.NET.DefaultOutputPaths.targets (142,5)
       Property reassignment: $(AssemblySearchPaths)="{CandidateAssemblyFiles};{HintPathFromItem};{TargetFrameworkDirectory}" (previous value: "{CandidateAssemblyFiles};{HintPathFromItem}") at /usr/share/dotnet/sdk/8.0.415/Sdks/Microsoft.NET.Sdk/targets/Microsoft.NET.Sdk.props (92,5)
       Property reassignment: $(_FrameworkIdentifierForImplicitDefine)="NET" (previous value: "NETCOREAPP") at /usr/share/dotnet/sdk/8.0.415/Sdks/Microsoft.NET.Sdk/targets/Microsoft.NET.Sdk.BeforeCommon.targets (187,5)
       Property reassignment: $(AssemblySearchPaths)="{CandidateAssemblyFiles};{HintPathFromItem};{TargetFrameworkDirectory};{RawFileName}" (previous value: "{CandidateAssemblyFiles};{HintPathFromItem};{TargetFrameworkDirectory}") at /usr/share/dotnet/sdk/8.0.415/Sdks/Microsoft.NET.Sdk/targets/Microsoft.NET.Sdk.props (93,5)
       Property reassignment: $(TargetsForTfmSpecificContentInPackage)=";PackTool;_PackProjectToolValidation" (previous value: ";PackTool") at /usr/share/dotnet/sdk/8.0.415/Sdks/Microsoft.NET.Sdk/targets/Microsoft.NET.PackProjectTool.props (15,5)
       The "Configuration" property is a global property, and cannot be modified.
       Property reassignment: $(_FrameworkVersionForImplicitDefine)="8_0" (previous value: "8.0") at /usr/share/dotnet/sdk/8.0.415/Sdks/Microsoft.NET.Sdk/targets/Microsoft.NET.Sdk.BeforeCommon.targets (192,5)
       The "Platform" property is a global property, and cannot be modified.
       Property reassignment: $(PublishProfileImported)="false" (previous value: "true") at /usr/share/dotnet/sdk/8.0.415/Sdks/Microsoft.NET.Sdk/targets/Microsoft.NET.Sdk.ImportPublishProfile.targets (28,5)
       Property reassignment: $(TargetPlatformVersion)="" (previous value: "0.0") at /usr/share/dotnet/sdk/8.0.415/Sdks/Microsoft.NET.Sdk/targets/Microsoft.NET.TargetFrameworkInference.targets (69,5)
       Property reassignment: $(CommandLineArgsForDesignTimeEvaluation)="-langversion:12.0 -define:TRACE" (previous value: "-langversion:12.0") at /usr/share/dotnet/sdk/8.0.415/Roslyn/Microsoft.CSharp.Core.targets (200,5)
       Property reassignment: $(DefaultItemExcludes)=";bin\Release//**;obj\Release//**" (previous value: ";bin\Release//**") at /usr/share/dotnet/sdk/8.0.415/Sdks/Microsoft.NET.Sdk/targets/Microsoft.NET.DefaultOutputPaths.targets (122,5)
       Property reassignment: $(OutputPath)="bin\Release/net8.0/" (previous value: "bin\Release/") at /usr/share/dotnet/sdk/8.0.415/Sdks/Microsoft.NET.Sdk/targets/Microsoft.NET.DefaultOutputPaths.targets (137,5)
       Property reassignment: $(IntermediateOutputPath)="obj\Release/net8.0/" (previous value: "obj\Release/") at /usr/share/dotnet/sdk/8.0.415/Sdks/Microsoft.NET.Sdk/targets/Microsoft.NET.DefaultOutputPaths.targets (142,5)
       Property 'MSBuildExtensionsPath' with value '/usr/share/dotnet/sdk/8.0.415/' expanded from the environment.
       Property reassignment: $(MSBuildProjectExtensionsPath)="/home/saidul/Desktop/K-Chief Marine Automation Platform/tests/KChief.Integration.Tests/obj/" (previous value: "obj\") at /usr/share/dotnet/sdk/8.0.415/Current/Microsoft.Common.props (60,5)
       Property 'MSBuildUserExtensionsPath' with value '/home/saidul/.local/share/Microsoft\MSBuild' expanded from the environment.
       The "Configuration" property is a global property, and cannot be modified.
       The "Platform" property is a global property, and cannot be modified.
       The "Configuration" property is a global property, and cannot be modified.
       The "Platform" property is a global property, and cannot be modified.
       The "Platform" property is a global property, and cannot be modified.
       Property reassignment: $(AssemblySearchPaths)="{CandidateAssemblyFiles};{HintPathFromItem}" (previous value: "{CandidateAssemblyFiles}") at /usr/share/dotnet/sdk/8.0.415/Sdks/Microsoft.NET.Sdk/targets/Microsoft.NET.Sdk.props (91,5)
       Property reassignment: $(_FrameworkIdentifierForImplicitDefine)="NET" (previous value: "NETCOREAPP") at /usr/share/dotnet/sdk/8.0.415/Sdks/Microsoft.NET.Sdk/targets/Microsoft.NET.Sdk.BeforeCommon.targets (187,5)
       Property reassignment: $(AssemblySearchPaths)="{CandidateAssemblyFiles};{HintPathFromItem};{TargetFrameworkDirectory}" (previous value: "{CandidateAssemblyFiles};{HintPathFromItem}") at /usr/share/dotnet/sdk/8.0.415/Sdks/Microsoft.NET.Sdk/targets/Microsoft.NET.Sdk.props (92,5)
       Property reassignment: $(AssemblySearchPaths)="{CandidateAssemblyFiles};{HintPathFromItem};{TargetFrameworkDirectory};{RawFileName}" (previous value: "{CandidateAssemblyFiles};{HintPathFromItem};{TargetFrameworkDirectory}") at /usr/share/dotnet/sdk/8.0.415/Sdks/Microsoft.NET.Sdk/targets/Microsoft.NET.Sdk.props (93,5)
       Property reassignment: $(TargetsForTfmSpecificContentInPackage)=";PackTool;_PackProjectToolValidation" (previous value: ";PackTool") at /usr/share/dotnet/sdk/8.0.415/Sdks/Microsoft.NET.Sdk/targets/Microsoft.NET.PackProjectTool.props (15,5)
       The "Configuration" property is a global property, and cannot be modified.
       The "Configuration" property is a global property, and cannot be modified.
       Property reassignment: $(_DebugSymbolsProduced)="true" (previous value: "false") at /usr/share/dotnet/sdk/8.0.415/Microsoft.Common.CurrentVersion.targets (179,5)
       The "Platform" property is a global property, and cannot be modified.
       Property reassignment: $(_DocumentationFileProduced)="false" (previous value: "true") at /usr/share/dotnet/sdk/8.0.415/Microsoft.Common.CurrentVersion.targets (185,5)
       Property reassignment: $(PublishProfileImported)="false" (previous value: "true") at /usr/share/dotnet/sdk/8.0.415/Sdks/Microsoft.NET.Sdk/targets/Microsoft.NET.Sdk.ImportPublishProfile.targets (28,5)
       Property reassignment: $(TargetPlatformVersion)="" (previous value: "0.0") at /usr/share/dotnet/sdk/8.0.415/Sdks/Microsoft.NET.Sdk/targets/Microsoft.NET.TargetFrameworkInference.targets (69,5)
       Property reassignment: $(_FrameworkVersionForImplicitDefine)="8_0" (previous value: "8.0") at /usr/share/dotnet/sdk/8.0.415/Sdks/Microsoft.NET.Sdk/targets/Microsoft.NET.Sdk.BeforeCommon.targets (192,5)
       Property reassignment: $(DefaultItemExcludes)=";bin\Release//**;obj\Release//**" (previous value: ";bin\Release//**") at /usr/share/dotnet/sdk/8.0.415/Sdks/Microsoft.NET.Sdk/targets/Microsoft.NET.DefaultOutputPaths.targets (122,5)
       Property reassignment: $(OutputPath)="bin\Release/net8.0/" (previous value: "bin\Release/") at /usr/share/dotnet/sdk/8.0.415/Sdks/Microsoft.NET.Sdk/targets/Microsoft.NET.DefaultOutputPaths.targets (137,5)
       Property reassignment: $(_FrameworkIdentifierForImplicitDefine)="NET" (previous value: "NETCOREAPP") at /usr/share/dotnet/sdk/8.0.415/Sdks/Microsoft.NET.Sdk/targets/Microsoft.NET.Sdk.BeforeCommon.targets (187,5)
       Property reassignment: $(IntermediateOutputPath)="obj\Release/net8.0/" (previous value: "obj\Release/") at /usr/share/dotnet/sdk/8.0.415/Sdks/Microsoft.NET.Sdk/targets/Microsoft.NET.DefaultOutputPaths.targets (142,5)
       Property reassignment: $(_FrameworkVersionForImplicitDefine)="8_0" (previous value: "8.0") at /usr/share/dotnet/sdk/8.0.415/Sdks/Microsoft.NET.Sdk/targets/Microsoft.NET.Sdk.BeforeCommon.targets (192,5)
       Property reassignment: $(_FrameworkIdentifierForImplicitDefine)="NET" (previous value: "NETCOREAPP") at /usr/share/dotnet/sdk/8.0.415/Sdks/Microsoft.NET.Sdk/targets/Microsoft.NET.Sdk.BeforeCommon.targets (187,5)
       The "SolutionName" property is a global property, and cannot be modified.
       The "SolutionFileName" property is a global property, and cannot be modified.
       The "SolutionPath" property is a global property, and cannot be modified.
       The "SolutionDir" property is a global property, and cannot be modified.
       The "SolutionExt" property is a global property, and cannot be modified.
       Property reassignment: $(CommandLineArgsForDesignTimeEvaluation)="-langversion:12.0 -define:TRACE" (previous value: "-langversion:12.0") at /usr/share/dotnet/sdk/8.0.415/Roslyn/Microsoft.CSharp.Core.targets (200,5)
       The "Platform" property is a global property, and cannot be modified.
       The "Configuration" property is a global property, and cannot be modified.
       The "Platform" property is a global property, and cannot be modified.
       The "Configuration" property is a global property, and cannot be modified.
       Property reassignment: $(CommandLineArgsForDesignTimeEvaluation)="-langversion:12.0 -define:TRACE" (previous value: "-langversion:12.0") at /usr/share/dotnet/sdk/8.0.415/Roslyn/Microsoft.CSharp.Core.targets (200,5)
       Property reassignment: $(MSBuildCopyMarkerName)="KChief.P.D5C893B4" (previous value: "KChief.Protocols.OPC.csproj") at /usr/share/dotnet/sdk/8.0.415/Microsoft.Common.CurrentVersion.targets (392,5)
       Property reassignment: $(MSBuildCopyMarkerName)="KChief.P.D5C893B4.Up2Date" (previous value: "KChief.P.D5C893B4") at /usr/share/dotnet/sdk/8.0.415/Microsoft.Common.CurrentVersion.targets (393,5)
       Property reassignment: $(_FrameworkIdentifierForImplicitDefine)="NET" (previous value: "NETCOREAPP") at /usr/share/dotnet/sdk/8.0.415/Sdks/Microsoft.NET.Sdk/targets/Microsoft.NET.Sdk.BeforeCommon.targets (187,5)
       Property reassignment: $(_FrameworkVersionForImplicitDefine)="8_0" (previous value: "8.0") at /usr/share/dotnet/sdk/8.0.415/Sdks/Microsoft.NET.Sdk/targets/Microsoft.NET.Sdk.BeforeCommon.targets (192,5)
       Property reassignment: $(CommandLineArgsForDesignTimeEvaluation)="-langversion:12.0 -define:TRACE" (previous value: "-langversion:12.0") at /usr/share/dotnet/sdk/8.0.415/Roslyn/Microsoft.CSharp.Core.targets (200,5)
       The "Platform" property is a global property, and cannot be modified.
       The "Configuration" property is a global property, and cannot be modified.
       Property reassignment: $(_DebugSymbolsProduced)="true" (previous value: "false") at /usr/share/dotnet/sdk/8.0.415/Microsoft.Common.CurrentVersion.targets (175,5)
       Property reassignment: $(_DebugSymbolsProduced)="true" (previous value: "false") at /usr/share/dotnet/sdk/8.0.415/Microsoft.Common.CurrentVersion.targets (179,5)
       Property reassignment: $(_DocumentationFileProduced)="false" (previous value: "true") at /usr/share/dotnet/sdk/8.0.415/Microsoft.Common.CurrentVersion.targets (185,5)
       The "SolutionName" property is a global property, and cannot be modified.
       The "SolutionFileName" property is a global property, and cannot be modified.
       The "SolutionPath" property is a global property, and cannot be modified.
       The "SolutionDir" property is a global property, and cannot be modified.
       The "SolutionExt" property is a global property, and cannot be modified.
       Property reassignment: $(MSBuildCopyMarkerName)="KChief.A.29E9782D" (previous value: "KChief.AlarmSystem.csproj") at /usr/share/dotnet/sdk/8.0.415/Microsoft.Common.CurrentVersion.targets (392,5)
       Property reassignment: $(MSBuildCopyMarkerName)="KChief.A.29E9782D.Up2Date" (previous value: "KChief.A.29E9782D") at /usr/share/dotnet/sdk/8.0.415/Microsoft.Common.CurrentVersion.targets (393,5)
       Property reassignment: $(ProcessorArchitecture)="msil" (previous value: "") at /usr/share/dotnet/sdk/8.0.415/Microsoft.Common.CurrentVersion.targets (541,5)
       Property reassignment: $(DelaySign)="" (previous value: "false") at /usr/share/dotnet/sdk/8.0.415/Microsoft.Common.CurrentVersion.targets (580,5)
       Property 'LocalAppData' with value '/home/saidul/.local/share' expanded from the environment.
       Property reassignment: $(_SGenGenerateSerializationAssembliesConfig)="Auto" (previous value: "") at /usr/share/dotnet/sdk/8.0.415/Microsoft.Common.CurrentVersion.targets (3896,5)
       Property reassignment: $(_TargetsThatPrepareProjectReferences)="
             AssignProjectConfiguration;
             _SplitProjectReferencesByFileExistence
           " (previous value: "_SplitProjectReferencesByFileExistence") at /usr/share/dotnet/sdk/8.0.415/Microsoft.Common.CurrentVersion.targets (5099,5)
       Property 'MSBuildExtensionsPath32' with value '/usr/share/dotnet/sdk/8.0.415' expanded from the environment.
       The "SolutionName" property is a global property, and cannot be modified.
       The "SolutionFileName" property is a global property, and cannot be modified.
       The "SolutionPath" property is a global property, and cannot be modified.
       The "SolutionDir" property is a global property, and cannot be modified.
       The "SolutionExt" property is a global property, and cannot be modified.
       Property reassignment: $(MSBuildCopyMarkerName)="KChief.P.F3D3397E" (previous value: "KChief.Platform.API.csproj") at /usr/share/dotnet/sdk/8.0.415/Microsoft.Common.CurrentVersion.targets (392,5)
       Property reassignment: $(MSBuildCopyMarkerName)="KChief.P.F3D3397E.Up2Date" (previous value: "KChief.P.F3D3397E") at /usr/share/dotnet/sdk/8.0.415/Microsoft.Common.CurrentVersion.targets (393,5)
       Property reassignment: $(ProcessorArchitecture)="msil" (previous value: "") at /usr/share/dotnet/sdk/8.0.415/Microsoft.Common.CurrentVersion.targets (541,5)
       Property reassignment: $(DelaySign)="" (previous value: "false") at /usr/share/dotnet/sdk/8.0.415/Microsoft.Common.CurrentVersion.targets (580,5)
       Property 'LocalAppData' with value '/home/saidul/.local/share' expanded from the environment.
       Property reassignment: $(_SGenGenerateSerializationAssembliesConfig)="Auto" (previous value: "") at /usr/share/dotnet/sdk/8.0.415/Microsoft.Common.CurrentVersion.targets (3896,5)
       Property reassignment: $(_TargetsThatPrepareProjectReferences)="
             AssignProjectConfiguration;
             _SplitProjectReferencesByFileExistence
           " (previous value: "_SplitProjectReferencesByFileExistence") at /usr/share/dotnet/sdk/8.0.415/Microsoft.Common.CurrentVersion.targets (5099,5)
       Property 'MSBuildExtensionsPath32' with value '/usr/share/dotnet/sdk/8.0.415' expanded from the environment.
       The "Platform" property is a global property, and cannot be modified.
       The "Configuration" property is a global property, and cannot be modified.
       Property reassignment: $(_DebugSymbolsProduced)="true" (previous value: "false") at /usr/share/dotnet/sdk/8.0.415/Microsoft.Common.CurrentVersion.targets (179,5)
       Property reassignment: $(_DocumentationFileProduced)="false" (previous value: "true") at /usr/share/dotnet/sdk/8.0.415/Microsoft.Common.CurrentVersion.targets (185,5)
       The "SolutionName" property is a global property, and cannot be modified.
       The "SolutionFileName" property is a global property, and cannot be modified.
       The "SolutionPath" property is a global property, and cannot be modified.
       The "SolutionDir" property is a global property, and cannot be modified.
       The "SolutionExt" property is a global property, and cannot be modified.
       Property reassignment: $(MSBuildCopyMarkerName)="KChief.V.56673482" (previous value: "KChief.VesselControl.csproj") at /usr/share/dotnet/sdk/8.0.415/Microsoft.Common.CurrentVersion.targets (392,5)
       Property reassignment: $(MSBuildCopyMarkerName)="KChief.V.56673482.Up2Date" (previous value: "KChief.V.56673482") at /usr/share/dotnet/sdk/8.0.415/Microsoft.Common.CurrentVersion.targets (393,5)
       Property reassignment: $(ProcessorArchitecture)="msil" (previous value: "") at /usr/share/dotnet/sdk/8.0.415/Microsoft.Common.CurrentVersion.targets (541,5)
       Property reassignment: $(DelaySign)="" (previous value: "false") at /usr/share/dotnet/sdk/8.0.415/Microsoft.Common.CurrentVersion.targets (580,5)
       Property 'LocalAppData' with value '/home/saidul/.local/share' expanded from the environment.
       Property reassignment: $(_FrameworkIdentifierForImplicitDefine)="NET" (previous value: "NETCOREAPP") at /usr/share/dotnet/sdk/8.0.415/Sdks/Microsoft.NET.Sdk/targets/Microsoft.NET.Sdk.BeforeCommon.targets (187,5)
       Property reassignment: $(_FrameworkVersionForImplicitDefine)="8_0" (previous value: "8.0") at /usr/share/dotnet/sdk/8.0.415/Sdks/Microsoft.NET.Sdk/targets/Microsoft.NET.Sdk.BeforeCommon.targets (192,5)
       Property reassignment: $(CommandLineArgsForDesignTimeEvaluation)="-langversion:12.0 -define:TRACE" (previous value: "-langversion:12.0") at /usr/share/dotnet/sdk/8.0.415/Roslyn/Microsoft.CSharp.Core.targets (200,5)
       Property reassignment: $(_FrameworkVersionForImplicitDefine)="8_0" (previous value: "8.0") at /usr/share/dotnet/sdk/8.0.415/Sdks/Microsoft.NET.Sdk/targets/Microsoft.NET.Sdk.BeforeCommon.targets (192,5)
       The "Platform" property is a global property, and cannot be modified.
       Property reassignment: $(CommandLineArgsForDesignTimeEvaluation)="-langversion:12.0 -define:TRACE" (previous value: "-langversion:12.0") at /usr/share/dotnet/sdk/8.0.415/Roslyn/Microsoft.CSharp.Core.targets (200,5)
       The "Platform" property is a global property, and cannot be modified.
       The "Configuration" property is a global property, and cannot be modified.
       The "Configuration" property is a global property, and cannot be modified.
       Property reassignment: $(_DebugSymbolsProduced)="true" (previous value: "false") at /usr/share/dotnet/sdk/8.0.415/Microsoft.Common.CurrentVersion.targets (175,5)
       Property reassignment: $(_DebugSymbolsProduced)="true" (previous value: "false") at /usr/share/dotnet/sdk/8.0.415/Microsoft.Common.CurrentVersion.targets (179,5)
       Property reassignment: $(_DocumentationFileProduced)="false" (previous value: "true") at /usr/share/dotnet/sdk/8.0.415/Microsoft.Common.CurrentVersion.targets (185,5)
       The "SolutionName" property is a global property, and cannot be modified.
       The "SolutionFileName" property is a global property, and cannot be modified.
       Property reassignment: $(_DocumentationFileProduced)="false" (previous value: "true") at /usr/share/dotnet/sdk/8.0.415/Microsoft.Common.CurrentVersion.targets (185,5)
       The "SolutionPath" property is a global property, and cannot be modified.
       The "SolutionDir" property is a global property, and cannot be modified.
       The "SolutionExt" property is a global property, and cannot be modified.
       Property reassignment: $(MSBuildCopyMarkerName)="KChief.I.35442460" (previous value: "KChief.Integration.Tests.csproj") at /usr/share/dotnet/sdk/8.0.415/Microsoft.Common.CurrentVersion.targets (392,5)
       Property reassignment: $(MSBuildCopyMarkerName)="KChief.I.35442460.Up2Date" (previous value: "KChief.I.35442460") at /usr/share/dotnet/sdk/8.0.415/Microsoft.Common.CurrentVersion.targets (393,5)
       Property reassignment: $(ProjectAssetsCacheFile)="/home/saidul/Desktop/K-Chief Marine Automation Platform/src/KChief.Protocols.OPC/obj/Release/net8.0/KChief.Protocols.OPC.assets.cache" (previous value: "obj\Release/net8.0/KChief.Protocols.OPC.assets.cache") at /usr/share/dotnet/sdk/8.0.415/Sdks/Microsoft.NET.Sdk/targets/Microsoft.PackageDependencyResolution.targets (29,5)
       Property reassignment: $(ProcessorArchitecture)="msil" (previous value: "") at /usr/share/dotnet/sdk/8.0.415/Microsoft.Common.CurrentVersion.targets (541,5)
       Property reassignment: $(DelaySign)="" (previous value: "false") at /usr/share/dotnet/sdk/8.0.415/Microsoft.Common.CurrentVersion.targets (580,5)
       Property reassignment: $(ResolveAssemblyReferencesDependsOn)="
             
             ResolveProjectReferences;
             FindInvalidProjectReferences;
             GetFrameworkPaths;
             GetReferenceAssemblyPaths;
             PrepareForBuild;
             ResolveSDKReferences;
             ExpandSDKReferences;
           ;
             ResolvePackageDependenciesForBuild;
             _HandlePackageFileConflicts;
           " (previous value: "
             ResolveProjectReferences;
             FindInvalidProjectReferences;
             GetFrameworkPaths;
             GetReferenceAssemblyPaths;
             PrepareForBuild;
             ResolveSDKReferences;
             ExpandSDKReferences;
           ") at /usr/share/dotnet/sdk/8.0.415/Sdks/Microsoft.NET.Sdk/targets/Microsoft.PackageDependencyResolution.targets (80,5)
       Property 'LocalAppData' with value '/home/saidul/.local/share' expanded from the environment.
       Property reassignment: $(_SGenGenerateSerializationAssembliesConfig)="Auto" (previous value: "") at /usr/share/dotnet/sdk/8.0.415/Microsoft.Common.CurrentVersion.targets (3896,5)
       Property reassignment: $(_TargetsThatPrepareProjectReferences)="
             AssignProjectConfiguration;
             _SplitProjectReferencesByFileExistence
           " (previous value: "_SplitProjectReferencesByFileExistence") at /usr/share/dotnet/sdk/8.0.415/Microsoft.Common.CurrentVersion.targets (5099,5)
       Property reassignment: $(PrepareResourcesDependsOn)="
             ResolvePackageDependenciesForBuild;
             _HandlePackageFileConflicts;
             
             ;
             PrepareResourceNames;
             ResGen;
             CompileLicxFiles
           
           " (previous value: "
             ;
             PrepareResourceNames;
             ResGen;
             CompileLicxFiles
           ") at /usr/share/dotnet/sdk/8.0.415/Sdks/Microsoft.NET.Sdk/targets/Microsoft.PackageDependencyResolution.targets (86,5)
       Property 'MSBuildExtensionsPath32' with value '/usr/share/dotnet/sdk/8.0.415' expanded from the environment.
       Property reassignment: $(DefaultItemExcludes)=";bin\Release//**;obj\Release//**;bin\/**" (previous value: ";bin\Release//**;obj\Release//**") at /usr/share/dotnet/sdk/8.0.415/Sdks/Microsoft.NET.Sdk/targets/Microsoft.NET.Sdk.DefaultItems.targets (27,5)
       Property reassignment: $(ProcessorArchitecture)="msil" (previous value: "") at /usr/share/dotnet/sdk/8.0.415/Microsoft.Common.CurrentVersion.targets (541,5)
       Property reassignment: $(DefaultItemExcludes)=";bin\Release//**;obj\Release//**;bin\/**;obj\/**" (previous value: ";bin\Release//**;obj\Release//**;bin\/**") at /usr/share/dotnet/sdk/8.0.415/Sdks/Microsoft.NET.Sdk/targets/Microsoft.NET.Sdk.DefaultItems.targets (29,5)
       Property reassignment: $(DelaySign)="" (previous value: "false") at /usr/share/dotnet/sdk/8.0.415/Microsoft.Common.CurrentVersion.targets (580,5)
       Property 'LocalAppData' with value '/home/saidul/.local/share' expanded from the environment.
       Property reassignment: $(_SGenGenerateSerializationAssembliesConfig)="Auto" (previous value: "") at /usr/share/dotnet/sdk/8.0.415/Microsoft.Common.CurrentVersion.targets (3896,5)
       Property reassignment: $(DefaultItemExcludes)=";bin\Release//**;obj\Release//**;bin\/**;obj\/**;**/*.user" (previous value: ";bin\Release//**;obj\Release//**;bin\/**;obj\/**") at /usr/share/dotnet/sdk/8.0.415/Sdks/Microsoft.NET.Sdk/targets/Microsoft.NET.Sdk.DefaultItems.targets (32,5)
       Property reassignment: $(_TargetsThatPrepareProjectReferences)="
             AssignProjectConfiguration;
             _SplitProjectReferencesByFileExistence
           " (previous value: "_SplitProjectReferencesByFileExistence") at /usr/share/dotnet/sdk/8.0.415/Microsoft.Common.CurrentVersion.targets (5099,5)
       Property 'MSBuildExtensionsPath32' with value '/usr/share/dotnet/sdk/8.0.415' expanded from the environment.
       Property reassignment: $(DefaultItemExcludes)=";bin\Release//**;obj\Release//**;bin\/**;obj\/**;**/*.user;**/*.*proj" (previous value: ";bin\Release//**;obj\Release//**;bin\/**;obj\/**;**/*.user") at /usr/share/dotnet/sdk/8.0.415/Sdks/Microsoft.NET.Sdk/targets/Microsoft.NET.Sdk.DefaultItems.targets (33,5)
       Property reassignment: $(ProjectAssetsCacheFile)="/home/saidul/Desktop/K-Chief Marine Automation Platform/src/KChief.AlarmSystem/obj/Release/net8.0/KChief.AlarmSystem.assets.cache" (previous value: "obj\Release/net8.0/KChief.AlarmSystem.assets.cache") at /usr/share/dotnet/sdk/8.0.415/Sdks/Microsoft.NET.Sdk/targets/Microsoft.PackageDependencyResolution.targets (29,5)
       Property reassignment: $(ResolveAssemblyReferencesDependsOn)="
             
             ResolveProjectReferences;
             FindInvalidProjectReferences;
             GetFrameworkPaths;
             GetReferenceAssemblyPaths;
             PrepareForBuild;
             ResolveSDKReferences;
             ExpandSDKReferences;
           ;
             ResolvePackageDependenciesForBuild;
             _HandlePackageFileConflicts;
           " (previous value: "
             ResolveProjectReferences;
             FindInvalidProjectReferences;
             GetFrameworkPaths;
             GetReferenceAssemblyPaths;
             PrepareForBuild;
             ResolveSDKReferences;
             ExpandSDKReferences;
           ") at /usr/share/dotnet/sdk/8.0.415/Sdks/Microsoft.NET.Sdk/targets/Microsoft.PackageDependencyResolution.targets (80,5)
       Property reassignment: $(DefaultItemExcludes)=";bin\Release//**;obj\Release//**;bin\/**;obj\/**;**/*.user;**/*.*proj;**/*.sln" (previous value: ";bin\Release//**;obj\Release//**;bin\/**;obj\/**;**/*.user;**/*.*proj") at /usr/share/dotnet/sdk/8.0.415/Sdks/Microsoft.NET.Sdk/targets/Microsoft.NET.Sdk.DefaultItems.targets (34,5)
       Property reassignment: $(PrepareResourcesDependsOn)="
             ResolvePackageDependenciesForBuild;
             _HandlePackageFileConflicts;
             
             ;
             PrepareResourceNames;
             ResGen;
             CompileLicxFiles
           
           " (previous value: "
             ;
             PrepareResourceNames;
             ResGen;
             CompileLicxFiles
           ") at /usr/share/dotnet/sdk/8.0.415/Sdks/Microsoft.NET.Sdk/targets/Microsoft.PackageDependencyResolution.targets (86,5)
       Property reassignment: $(DefaultItemExcludes)=";bin\Release//**;obj\Release//**;bin\/**" (previous value: ";bin\Release//**;obj\Release//**") at /usr/share/dotnet/sdk/8.0.415/Sdks/Microsoft.NET.Sdk/targets/Microsoft.NET.Sdk.DefaultItems.targets (27,5)
       Property reassignment: $(DefaultItemExcludes)=";bin\Release//**;obj\Release//**;bin\/**;obj\/**;**/*.user;**/*.*proj;**/*.sln;**/*.vssscc" (previous value: ";bin\Release//**;obj\Release//**;bin\/**;obj\/**;**/*.user;**/*.*proj;**/*.sln") at /usr/share/dotnet/sdk/8.0.415/Sdks/Microsoft.NET.Sdk/targets/Microsoft.NET.Sdk.DefaultItems.targets (35,5)
       Property reassignment: $(DefaultItemExcludes)=";bin\Release//**;obj\Release//**;bin\/**;obj\/**" (previous value: ";bin\Release//**;obj\Release//**;bin\/**") at /usr/share/dotnet/sdk/8.0.415/Sdks/Microsoft.NET.Sdk/targets/Microsoft.NET.Sdk.DefaultItems.targets (29,5)
       Property reassignment: $(DefaultItemExcludes)=";bin\Release//**;obj\Release//**;bin\/**;obj\/**;**/*.user" (previous value: ";bin\Release//**;obj\Release//**;bin\/**;obj\/**") at /usr/share/dotnet/sdk/8.0.415/Sdks/Microsoft.NET.Sdk/targets/Microsoft.NET.Sdk.DefaultItems.targets (32,5)
       Property reassignment: $(DefaultItemExcludes)=";bin\Release//**;obj\Release//**;bin\/**;obj\/**;**/*.user;**/*.*proj;**/*.sln;**/*.vssscc;**/.DS_Store" (previous value: ";bin\Release//**;obj\Release//**;bin\/**;obj\/**;**/*.user;**/*.*proj;**/*.sln;**/*.vssscc") at /usr/share/dotnet/sdk/8.0.415/Sdks/Microsoft.NET.Sdk/targets/Microsoft.NET.Sdk.DefaultItems.targets (36,5)
       Property reassignment: $(DefaultItemExcludes)=";bin\Release//**;obj\Release//**;bin\/**;obj\/**;**/*.user;**/*.*proj" (previous value: ";bin\Release//**;obj\Release//**;bin\/**;obj\/**;**/*.user") at /usr/share/dotnet/sdk/8.0.415/Sdks/Microsoft.NET.Sdk/targets/Microsoft.NET.Sdk.DefaultItems.targets (33,5)
       Property reassignment: $(ResolveAssemblyReferencesDependsOn)="
             
             
             ResolveProjectReferences;
             FindInvalidProjectReferences;
             GetFrameworkPaths;
             GetReferenceAssemblyPaths;
             PrepareForBuild;
             ResolveSDKReferences;
             ExpandSDKReferences;
           ;
             ResolvePackageDependenciesForBuild;
             _HandlePackageFileConflicts;
           ;
             ResolveTargetingPackAssets;
           " (previous value: "
             
             ResolveProjectReferences;
             FindInvalidProjectReferences;
             GetFrameworkPaths;
             GetReferenceAssemblyPaths;
             PrepareForBuild;
             ResolveSDKReferences;
             ExpandSDKReferences;
           ;
             ResolvePackageDependenciesForBuild;
             _HandlePackageFileConflicts;
           ") at /usr/share/dotnet/sdk/8.0.415/Sdks/Microsoft.NET.Sdk/targets/Microsoft.NET.Sdk.FrameworkReferenceResolution.targets (14,5)
       Property reassignment: $(_GenerateRuntimeConfigurationPropertyInputsCache)="/home/saidul/Desktop/K-Chief Marine Automation Platform/src/KChief.Protocols.OPC/obj/Release/net8.0/KChief.Protocols.OPC.genruntimeconfig.cache" (previous value: "obj\Release/net8.0/KChief.Protocols.OPC.genruntimeconfig.cache") at /usr/share/dotnet/sdk/8.0.415/Sdks/Microsoft.NET.Sdk/targets/Microsoft.NET.Sdk.targets (44,5)
       Property reassignment: $(DefaultItemExcludes)=";bin\Release//**;obj\Release//**;bin\/**;obj\/**;**/*.user;**/*.*proj;**/*.sln" (previous value: ";bin\Release//**;obj\Release//**;bin\/**;obj\/**;**/*.user;**/*.*proj") at /usr/share/dotnet/sdk/8.0.415/Sdks/Microsoft.NET.Sdk/targets/Microsoft.NET.Sdk.DefaultItems.targets (34,5)
       Property reassignment: $(DefaultItemExcludes)=";bin\Release//**;obj\Release//**;bin\/**;obj\/**;**/*.user;**/*.*proj;**/*.sln;**/*.vssscc" (previous value: ";bin\Release//**;obj\Release//**;bin\/**;obj\/**;**/*.user;**/*.*proj;**/*.sln") at /usr/share/dotnet/sdk/8.0.415/Sdks/Microsoft.NET.Sdk/targets/Microsoft.NET.Sdk.DefaultItems.targets (35,5)
       Property reassignment: $(_GeneratePublishDependencyFilePropertyInputsCache)="/home/saidul/Desktop/K-Chief Marine Automation Platform/src/KChief.Protocols.OPC/obj/Release/net8.0/KChief.Protocols.OPC.genpublishdeps.cache" (previous value: "obj\Release/net8.0/KChief.Protocols.OPC.genpublishdeps.cache") at /usr/share/dotnet/sdk/8.0.415/Sdks/Microsoft.NET.Sdk/targets/Microsoft.NET.Sdk.targets (46,5)
       Property reassignment: $(DefaultItemExcludes)=";bin\Release//**;obj\Release//**;bin\/**;obj\/**;**/*.user;**/*.*proj;**/*.sln;**/*.vssscc;**/.DS_Store" (previous value: ";bin\Release//**;obj\Release//**;bin\/**;obj\/**;**/*.user;**/*.*proj;**/*.sln;**/*.vssscc") at /usr/share/dotnet/sdk/8.0.415/Sdks/Microsoft.NET.Sdk/targets/Microsoft.NET.Sdk.DefaultItems.targets (36,5)
       Property reassignment: $(ResolveAssemblyReferencesDependsOn)="
             
             
             ResolveProjectReferences;
             FindInvalidProjectReferences;
             GetFrameworkPaths;
             GetReferenceAssemblyPaths;
             PrepareForBuild;
             ResolveSDKReferences;
             ExpandSDKReferences;
           ;
             ResolvePackageDependenciesForBuild;
             _HandlePackageFileConflicts;
           ;
             ResolveTargetingPackAssets;
           " (previous value: "
             
             ResolveProjectReferences;
             FindInvalidProjectReferences;
             GetFrameworkPaths;
             GetReferenceAssemblyPaths;
             PrepareForBuild;
             ResolveSDKReferences;
             ExpandSDKReferences;
           ;
             ResolvePackageDependenciesForBuild;
             _HandlePackageFileConflicts;
           ") at /usr/share/dotnet/sdk/8.0.415/Sdks/Microsoft.NET.Sdk/targets/Microsoft.NET.Sdk.FrameworkReferenceResolution.targets (14,5)
       Property reassignment: $(_GenerateSingleFileBundlePropertyInputsCache)="/home/saidul/Desktop/K-Chief Marine Automation Platform/src/KChief.Protocols.OPC/obj/Release/net8.0/KChief.Protocols.OPC.genbundle.cache" (previous value: "obj\Release/net8.0/KChief.Protocols.OPC.genbundle.cache") at /usr/share/dotnet/sdk/8.0.415/Sdks/Microsoft.NET.Sdk/targets/Microsoft.NET.Sdk.targets (48,5)
       Property reassignment: $(_GenerateRuntimeConfigurationPropertyInputsCache)="/home/saidul/Desktop/K-Chief Marine Automation Platform/src/KChief.AlarmSystem/obj/Release/net8.0/KChief.AlarmSystem.genruntimeconfig.cache" (previous value: "obj\Release/net8.0/KChief.AlarmSystem.genruntimeconfig.cache") at /usr/share/dotnet/sdk/8.0.415/Sdks/Microsoft.NET.Sdk/targets/Microsoft.NET.Sdk.targets (44,5)
       Property reassignment: $(_GeneratePublishDependencyFilePropertyInputsCache)="/home/saidul/Desktop/K-Chief Marine Automation Platform/src/KChief.AlarmSystem/obj/Release/net8.0/KChief.AlarmSystem.genpublishdeps.cache" (previous value: "obj\Release/net8.0/KChief.AlarmSystem.genpublishdeps.cache") at /usr/share/dotnet/sdk/8.0.415/Sdks/Microsoft.NET.Sdk/targets/Microsoft.NET.Sdk.targets (46,5)
       Property reassignment: $(GenerateRuntimeConfigDevFile)="false" (previous value: "true") at /usr/share/dotnet/sdk/8.0.415/Sdks/Microsoft.NET.Sdk/targets/Microsoft.NET.Sdk.targets (81,5)
       Property reassignment: $(_GenerateSingleFileBundlePropertyInputsCache)="/home/saidul/Desktop/K-Chief Marine Automation Platform/src/KChief.AlarmSystem/obj/Release/net8.0/KChief.AlarmSystem.genbundle.cache" (previous value: "obj\Release/net8.0/KChief.AlarmSystem.genbundle.cache") at /usr/share/dotnet/sdk/8.0.415/Sdks/Microsoft.NET.Sdk/targets/Microsoft.NET.Sdk.targets (48,5)
       Property reassignment: $(GenerateRuntimeConfigDevFile)="false" (previous value: "true") at /usr/share/dotnet/sdk/8.0.415/Sdks/Microsoft.NET.Sdk/targets/Microsoft.NET.Sdk.targets (81,5)
       Property 'HOME' with value '/home/saidul' expanded from the environment.
       Property 'HOME' with value '/home/saidul' expanded from the environment.
       Property reassignment: $(_DefaultUserProfileRuntimeStorePath)="/home/saidul/.dotnet/store" (previous value: "/home/saidul") at /usr/share/dotnet/sdk/8.0.415/Sdks/Microsoft.NET.Sdk/targets/Microsoft.NET.Sdk.targets (98,5)
       Property reassignment: $(_DefaultUserProfileRuntimeStorePath)="/home/saidul/.dotnet/store" (previous value: "/home/saidul") at /usr/share/dotnet/sdk/8.0.415/Sdks/Microsoft.NET.Sdk/targets/Microsoft.NET.Sdk.targets (98,5)
       Property reassignment: $(AvailablePlatforms)="Any CPU,x86,x64,ARM32" (previous value: "Any CPU,x86,x64") at /usr/share/dotnet/sdk/8.0.415/Sdks/Microsoft.NET.Sdk/targets/Microsoft.NET.Sdk.targets (136,5)
       Property reassignment: $(AvailablePlatforms)="Any CPU,x86,x64,ARM32,ARM64" (previous value: "Any CPU,x86,x64,ARM32") at /usr/share/dotnet/sdk/8.0.415/Sdks/Microsoft.NET.Sdk/targets/Microsoft.NET.Sdk.targets (140,5)
       Property reassignment: $(AvailablePlatforms)="Any CPU,x86,x64,ARM32" (previous value: "Any CPU,x86,x64") at /usr/share/dotnet/sdk/8.0.415/Sdks/Microsoft.NET.Sdk/targets/Microsoft.NET.Sdk.targets (136,5)
       Property reassignment: $(AvailablePlatforms)="Any CPU,x86,x64,ARM32,ARM64" (previous value: "Any CPU,x86,x64,ARM32") at /usr/share/dotnet/sdk/8.0.415/Sdks/Microsoft.NET.Sdk/targets/Microsoft.NET.Sdk.targets (140,5)
       Property reassignment: $(OpenApiGenerateDocuments)="true" (previous value: "") at /home/saidul/.nuget/packages/microsoft.extensions.apidescription.server/6.0.5/build/Microsoft.Extensions.ApiDescription.Server.targets (9,5)
       Property reassignment: $(_SGenGenerateSerializationAssembliesConfig)="Auto" (previous value: "") at /usr/share/dotnet/sdk/8.0.415/Microsoft.Common.CurrentVersion.targets (3896,5)
       Property reassignment: $(CoreBuildDependsOn)="
             _CheckForBuildWithNoBuild;
             
             BuildOnlySettings;
             PrepareForBuild;
             PreBuildEvent;
             ResolveReferences;
             PrepareResources;
             ResolveKeySource;
             Compile;
             ExportWindowsMDFile;
             UnmanagedUnregistration;
             GenerateSerializationAssemblies;
             CreateSatelliteAssemblies;
             GenerateManifests;
             GetTargetPath;
             PrepareForRun;
             UnmanagedRegistration;
             IncrementalClean;
             PostBuildEvent
           ;
             GenerateBuildDependencyFile;
             GenerateBuildRuntimeConfigurationFiles
           " (previous value: "
             BuildOnlySettings;
             PrepareForBuild;
             PreBuildEvent;
             ResolveReferences;
             PrepareResources;
             ResolveKeySource;
             Compile;
             ExportWindowsMDFile;
             UnmanagedUnregistration;
             GenerateSerializationAssemblies;
             CreateSatelliteAssemblies;
             GenerateManifests;
             GetTargetPath;
             PrepareForRun;
             UnmanagedRegistration;
             IncrementalClean;
             PostBuildEvent
           ") at /usr/share/dotnet/sdk/8.0.415/Sdks/Microsoft.NET.Sdk/targets/Microsoft.NET.Sdk.targets (197,5)
       Property reassignment: $(_TargetsThatPrepareProjectReferences)="
             AssignProjectConfiguration;
             _SplitProjectReferencesByFileExistence
           " (previous value: "_SplitProjectReferencesByFileExistence") at /usr/share/dotnet/sdk/8.0.415/Microsoft.Common.CurrentVersion.targets (5099,5)
       Property 'MSBuildExtensionsPath32' with value '/usr/share/dotnet/sdk/8.0.415' expanded from the environment.
       Property reassignment: $(CoreCleanDependsOn)="
             _SdkBeforeClean;
             
           " (previous value: "") at /usr/share/dotnet/sdk/8.0.415/Sdks/Microsoft.NET.Sdk/targets/Microsoft.NET.Sdk.targets (206,5)
       The "Platform" property is a global property, and cannot be modified.
       The "Configuration" property is a global property, and cannot be modified.
       Property reassignment: $(RebuildDependsOn)="
             _SdkBeforeRebuild;
             
             BeforeRebuild;
             Clean;
             Build;
             AfterRebuild;
           
           " (previous value: "
             BeforeRebuild;
             Clean;
             Build;
             AfterRebuild;
           ") at /usr/share/dotnet/sdk/8.0.415/Sdks/Microsoft.NET.Sdk/targets/Microsoft.NET.Sdk.targets (213,5)
       Property reassignment: $(_DebugSymbolsProduced)="true" (previous value: "false") at /usr/share/dotnet/sdk/8.0.415/Microsoft.Common.CurrentVersion.targets (179,5)
       Property reassignment: $(_DocumentationFileProduced)="false" (previous value: "true") at /usr/share/dotnet/sdk/8.0.415/Microsoft.Common.CurrentVersion.targets (185,5)
       Property reassignment: $(CompileDependsOn)="
             
             ResolveReferences;
             ResolveKeySource;
             SetWin32ManifestProperties;
             _SetPreferNativeArm64Win32ManifestProperties;
             FindReferenceAssembliesForReferences;
             _GenerateCompileInputs;
             BeforeCompile;
             _TimeStampBeforeCompile;
             _GenerateCompileDependencyCache;
             CoreCompile;
             _TimeStampAfterCompile;
             AfterCompile;
           ;
             _CreateAppHost;
             _CreateComHost;
             _GetIjwHostPaths;
           " (previous value: "
             ResolveReferences;
             ResolveKeySource;
             SetWin32ManifestProperties;
             _SetPreferNativeArm64Win32ManifestProperties;
             FindReferenceAssembliesForReferences;
             _GenerateCompileInputs;
             BeforeCompile;
             _TimeStampBeforeCompile;
             _GenerateCompileDependencyCache;
             CoreCompile;
             _TimeStampAfterCompile;
             AfterCompile;
           ") at /usr/share/dotnet/sdk/8.0.415/Sdks/Microsoft.NET.Sdk/targets/Microsoft.NET.Sdk.targets (679,5)
       Property reassignment: $(CoreBuildDependsOn)="
             _CheckForBuildWithNoBuild;
             
             BuildOnlySettings;
             PrepareForBuild;
             PreBuildEvent;
             ResolveReferences;
             PrepareResources;
             ResolveKeySource;
             Compile;
             ExportWindowsMDFile;
             UnmanagedUnregistration;
             GenerateSerializationAssemblies;
             CreateSatelliteAssemblies;
             GenerateManifests;
             GetTargetPath;
             PrepareForRun;
             UnmanagedRegistration;
             IncrementalClean;
             PostBuildEvent
           ;
             GenerateBuildDependencyFile;
             GenerateBuildRuntimeConfigurationFiles
           " (previous value: "
             BuildOnlySettings;
             PrepareForBuild;
             PreBuildEvent;
             ResolveReferences;
             PrepareResources;
             ResolveKeySource;
             Compile;
             ExportWindowsMDFile;
             UnmanagedUnregistration;
             GenerateSerializationAssemblies;
             CreateSatelliteAssemblies;
             GenerateManifests;
             GetTargetPath;
             PrepareForRun;
             UnmanagedRegistration;
             IncrementalClean;
             PostBuildEvent
           ") at /usr/share/dotnet/sdk/8.0.415/Sdks/Microsoft.NET.Sdk/targets/Microsoft.NET.Sdk.targets (197,5)
       Property reassignment: $(CoreCleanDependsOn)="
             _SdkBeforeClean;
             
           " (previous value: "") at /usr/share/dotnet/sdk/8.0.415/Sdks/Microsoft.NET.Sdk/targets/Microsoft.NET.Sdk.targets (206,5)
       Property reassignment: $(CreateSatelliteAssembliesDependsOn)="
             
             ;
             _GenerateSatelliteAssemblyInputs;
             ComputeIntermediateSatelliteAssemblies;
             GenerateSatelliteAssemblies
           ;
             CoreGenerateSatelliteAssemblies
           " (previous value: "
             ;
             _GenerateSatelliteAssemblyInputs;
             ComputeIntermediateSatelliteAssemblies;
             GenerateSatelliteAssemblies
           ") at /usr/share/dotnet/sdk/8.0.415/Sdks/Microsoft.NET.Sdk/targets/Microsoft.NET.Sdk.targets (1065,5)
       Property reassignment: $(RebuildDependsOn)="
             _SdkBeforeRebuild;
             
             BeforeRebuild;
             Clean;
             Build;
             AfterRebuild;
           
           " (previous value: "
             BeforeRebuild;
             Clean;
             Build;
             AfterRebuild;
           ") at /usr/share/dotnet/sdk/8.0.415/Sdks/Microsoft.NET.Sdk/targets/Microsoft.NET.Sdk.targets (213,5)
       Property reassignment: $(CompileDependsOn)="
             
             ResolveReferences;
             ResolveKeySource;
             SetWin32ManifestProperties;
             _SetPreferNativeArm64Win32ManifestProperties;
             FindReferenceAssembliesForReferences;
             _GenerateCompileInputs;
             BeforeCompile;
             _TimeStampBeforeCompile;
             _GenerateCompileDependencyCache;
             CoreCompile;
             _TimeStampAfterCompile;
             AfterCompile;
           ;
             _CreateAppHost;
             _CreateComHost;
             _GetIjwHostPaths;
           " (previous value: "
             ResolveReferences;
             ResolveKeySource;
             SetWin32ManifestProperties;
             _SetPreferNativeArm64Win32ManifestProperties;
             FindReferenceAssembliesForReferences;
             _GenerateCompileInputs;
             BeforeCompile;
             _TimeStampBeforeCompile;
             _GenerateCompileDependencyCache;
             CoreCompile;
             _TimeStampAfterCompile;
             AfterCompile;
           ") at /usr/share/dotnet/sdk/8.0.415/Sdks/Microsoft.NET.Sdk/targets/Microsoft.NET.Sdk.targets (679,5)
       Property reassignment: $(SourceLinkUrlInitializerTargets)=";_InitializeGitHubSourceLinkUrl;_InitializeGitLabSourceLinkUrl" (previous value: ";_InitializeGitHubSourceLinkUrl") at /usr/share/dotnet/sdk/8.0.415/Sdks/Microsoft.SourceLink.GitLab/build/Microsoft.SourceLink.GitLab.targets (12,5)
       Property reassignment: $(CreateSatelliteAssembliesDependsOn)="
             
             ;
             _GenerateSatelliteAssemblyInputs;
             ComputeIntermediateSatelliteAssemblies;
             GenerateSatelliteAssemblies
           ;
             CoreGenerateSatelliteAssemblies
           " (previous value: "
             ;
             _GenerateSatelliteAssemblyInputs;
             ComputeIntermediateSatelliteAssemblies;
             GenerateSatelliteAssemblies
           ") at /usr/share/dotnet/sdk/8.0.415/Sdks/Microsoft.NET.Sdk/targets/Microsoft.NET.Sdk.targets (1065,5)
       Property reassignment: $(SourceControlManagerUrlTranslationTargets)=";TranslateGitHubUrlsInSourceControlInformation;TranslateGitLabUrlsInSourceControlInformation" (previous value: ";TranslateGitHubUrlsInSourceControlInformation") at /usr/share/dotnet/sdk/8.0.415/Sdks/Microsoft.SourceLink.GitLab/build/Microsoft.SourceLink.GitLab.targets (13,5)
       Property reassignment: $(SourceLinkUrlInitializerTargets)=";_InitializeGitHubSourceLinkUrl;_InitializeGitLabSourceLinkUrl" (previous value: ";_InitializeGitHubSourceLinkUrl") at /usr/share/dotnet/sdk/8.0.415/Sdks/Microsoft.SourceLink.GitLab/build/Microsoft.SourceLink.GitLab.targets (12,5)
       Property reassignment: $(SourceControlManagerUrlTranslationTargets)=";TranslateGitHubUrlsInSourceControlInformation;TranslateGitLabUrlsInSourceControlInformation" (previous value: ";TranslateGitHubUrlsInSourceControlInformation") at /usr/share/dotnet/sdk/8.0.415/Sdks/Microsoft.SourceLink.GitLab/build/Microsoft.SourceLink.GitLab.targets (13,5)
       Property reassignment: $(SourceLinkUrlInitializerTargets)=";_InitializeGitHubSourceLinkUrl;_InitializeGitLabSourceLinkUrl;_InitializeAzureReposGitSourceLinkUrl" (previous value: ";_InitializeGitHubSourceLinkUrl;_InitializeGitLabSourceLinkUrl") at /usr/share/dotnet/sdk/8.0.415/Sdks/Microsoft.SourceLink.AzureRepos.Git/build/Microsoft.SourceLink.AzureRepos.Git.targets (12,5)
       Property reassignment: $(SourceLinkUrlInitializerTargets)=";_InitializeGitHubSourceLinkUrl;_InitializeGitLabSourceLinkUrl;_InitializeAzureReposGitSourceLinkUrl" (previous value: ";_InitializeGitHubSourceLinkUrl;_InitializeGitLabSourceLinkUrl") at /usr/share/dotnet/sdk/8.0.415/Sdks/Microsoft.SourceLink.AzureRepos.Git/build/Microsoft.SourceLink.AzureRepos.Git.targets (12,5)
       Property reassignment: $(SourceControlManagerUrlTranslationTargets)=";TranslateGitHubUrlsInSourceControlInformation;TranslateGitLabUrlsInSourceControlInformation;TranslateAzureReposGitUrlsInSourceControlInformation" (previous value: ";TranslateGitHubUrlsInSourceControlInformation;TranslateGitLabUrlsInSourceControlInformation") at /usr/share/dotnet/sdk/8.0.415/Sdks/Microsoft.SourceLink.AzureRepos.Git/build/Microsoft.SourceLink.AzureRepos.Git.targets (13,5)
       Property reassignment: $(SourceControlManagerUrlTranslationTargets)=";TranslateGitHubUrlsInSourceControlInformation;TranslateGitLabUrlsInSourceControlInformation;TranslateAzureReposGitUrlsInSourceControlInformation" (previous value: ";TranslateGitHubUrlsInSourceControlInformation;TranslateGitLabUrlsInSourceControlInformation") at /usr/share/dotnet/sdk/8.0.415/Sdks/Microsoft.SourceLink.AzureRepos.Git/build/Microsoft.SourceLink.AzureRepos.Git.targets (13,5)
       Property reassignment: $(SourceLinkUrlInitializerTargets)=";_InitializeGitHubSourceLinkUrl;_InitializeGitLabSourceLinkUrl;_InitializeAzureReposGitSourceLinkUrl;_InitializeBitbucketGitSourceLinkUrl" (previous value: ";_InitializeGitHubSourceLinkUrl;_InitializeGitLabSourceLinkUrl;_InitializeAzureReposGitSourceLinkUrl") at /usr/share/dotnet/sdk/8.0.415/Sdks/Microsoft.SourceLink.Bitbucket.Git/build/Microsoft.SourceLink.Bitbucket.Git.targets (12,5)
       Property reassignment: $(SourceControlManagerUrlTranslationTargets)=";TranslateGitHubUrlsInSourceControlInformation;TranslateGitLabUrlsInSourceControlInformation;TranslateAzureReposGitUrlsInSourceControlInformation;TranslateBitbucketGitUrlsInSourceControlInformation" (previous value: ";TranslateGitHubUrlsInSourceControlInformation;TranslateGitLabUrlsInSourceControlInformation;TranslateAzureReposGitUrlsInSourceControlInformation") at /usr/share/dotnet/sdk/8.0.415/Sdks/Microsoft.SourceLink.Bitbucket.Git/build/Microsoft.SourceLink.Bitbucket.Git.targets (13,5)
       Property reassignment: $(SourceLinkUrlInitializerTargets)=";_InitializeGitHubSourceLinkUrl;_InitializeGitLabSourceLinkUrl;_InitializeAzureReposGitSourceLinkUrl;_InitializeBitbucketGitSourceLinkUrl" (previous value: ";_InitializeGitHubSourceLinkUrl;_InitializeGitLabSourceLinkUrl;_InitializeAzureReposGitSourceLinkUrl") at /usr/share/dotnet/sdk/8.0.415/Sdks/Microsoft.SourceLink.Bitbucket.Git/build/Microsoft.SourceLink.Bitbucket.Git.targets (12,5)
       Property reassignment: $(DesignerRuntimeImplementationProjectOutputGroupDependsOn)="
             
             ;
             
             ;
             BuildOnlySettings;
             PrepareForBuild;
             AssignTargetPaths;
             ResolveReferences
           
           ;
             _GenerateDesignerDepsFile;
             _GenerateDesignerRuntimeConfigFile;
             GetCopyToOutputDirectoryItems;
             _GatherDesignerShadowCopyFiles;
           " (previous value: "
             ;
             
             ;
             BuildOnlySettings;
             PrepareForBuild;
             AssignTargetPaths;
             ResolveReferences
           
           ") at /usr/share/dotnet/sdk/8.0.415/Sdks/Microsoft.NET.Sdk/targets/Microsoft.NET.DesignerSupport.targets (21,5)
       Property reassignment: $(SourceControlManagerUrlTranslationTargets)=";TranslateGitHubUrlsInSourceControlInformation;TranslateGitLabUrlsInSourceControlInformation;TranslateAzureReposGitUrlsInSourceControlInformation;TranslateBitbucketGitUrlsInSourceControlInformation" (previous value: ";TranslateGitHubUrlsInSourceControlInformation;TranslateGitLabUrlsInSourceControlInformation;TranslateAzureReposGitUrlsInSourceControlInformation") at /usr/share/dotnet/sdk/8.0.415/Sdks/Microsoft.SourceLink.Bitbucket.Git/build/Microsoft.SourceLink.Bitbucket.Git.targets (13,5)
       The "SolutionName" property is a global property, and cannot be modified.
       The "SolutionFileName" property is a global property, and cannot be modified.
       The "SolutionPath" property is a global property, and cannot be modified.
       Property reassignment: $(DesignerRuntimeImplementationProjectOutputGroupDependsOn)="
             
             ;
             
             ;
             BuildOnlySettings;
             PrepareForBuild;
             AssignTargetPaths;
             ResolveReferences
           
           ;
             _GenerateDesignerDepsFile;
             _GenerateDesignerRuntimeConfigFile;
             GetCopyToOutputDirectoryItems;
             _GatherDesignerShadowCopyFiles;
           " (previous value: "
             ;
             
             ;
             BuildOnlySettings;
             PrepareForBuild;
             AssignTargetPaths;
             ResolveReferences
           
           ") at /usr/share/dotnet/sdk/8.0.415/Sdks/Microsoft.NET.Sdk/targets/Microsoft.NET.DesignerSupport.targets (21,5)
       The "SolutionDir" property is a global property, and cannot be modified.
       The "SolutionExt" property is a global property, and cannot be modified.
       Property reassignment: $(_GenerateToolsSettingsFileCacheFile)="/home/saidul/Desktop/K-Chief Marine Automation Platform/src/KChief.Protocols.OPC/obj/Release/net8.0/KChief.Protocols.OPC.toolssettingsinput.cache" (previous value: "obj\Release/net8.0/KChief.Protocols.OPC.toolssettingsinput.cache") at /usr/share/dotnet/sdk/8.0.415/Sdks/Microsoft.NET.Sdk/targets/Microsoft.NET.PackTool.targets (68,5)
       Property reassignment: $(ProjectAssetsCacheFile)="/home/saidul/Desktop/K-Chief Marine Automation Platform/src/KChief.VesselControl/obj/Release/net8.0/KChief.VesselControl.assets.cache" (previous value: "obj\Release/net8.0/KChief.VesselControl.assets.cache") at /usr/share/dotnet/sdk/8.0.415/Sdks/Microsoft.NET.Sdk/targets/Microsoft.PackageDependencyResolution.targets (29,5)
       Property reassignment: $(ResolveAssemblyReferencesDependsOn)="
             
             ResolveProjectReferences;
             FindInvalidProjectReferences;
             GetFrameworkPaths;
             GetReferenceAssemblyPaths;
             PrepareForBuild;
             ResolveSDKReferences;
             ExpandSDKReferences;
           ;
             ResolvePackageDependenciesForBuild;
             _HandlePackageFileConflicts;
           " (previous value: "
             ResolveProjectReferences;
             FindInvalidProjectReferences;
             GetFrameworkPaths;
             GetReferenceAssemblyPaths;
             PrepareForBuild;
             ResolveSDKReferences;
             ExpandSDKReferences;
           ") at /usr/share/dotnet/sdk/8.0.415/Sdks/Microsoft.NET.Sdk/targets/Microsoft.PackageDependencyResolution.targets (80,5)
       Property reassignment: $(PrepareResourcesDependsOn)="
             ResolvePackageDependenciesForBuild;
             _HandlePackageFileConflicts;
             
             ;
             PrepareResourceNames;
             ResGen;
             CompileLicxFiles
           
           " (previous value: "
             ;
             PrepareResourceNames;
             ResGen;
             CompileLicxFiles
           ") at /usr/share/dotnet/sdk/8.0.415/Sdks/Microsoft.NET.Sdk/targets/Microsoft.PackageDependencyResolution.targets (86,5)
       Property reassignment: $(_ShimInputCacheFile)="/home/saidul/Desktop/K-Chief Marine Automation Platform/src/KChief.Protocols.OPC/obj/Release/net8.0/KChief.Protocols.OPC.shiminput.cache" (previous value: "obj\Release/net8.0/KChief.Protocols.OPC.shiminput.cache") at /usr/share/dotnet/sdk/8.0.415/Sdks/Microsoft.NET.Sdk/targets/Microsoft.NET.PackTool.targets (137,5)
       Property reassignment: $(DefaultItemExcludes)=";bin\Release//**;obj\Release//**;bin\/**" (previous value: ";bin\Release//**;obj\Release//**") at /usr/share/dotnet/sdk/8.0.415/Sdks/Microsoft.NET.Sdk/targets/Microsoft.NET.Sdk.DefaultItems.targets (27,5)
       Property reassignment: $(DefaultItemExcludes)=";bin\Release//**;obj\Release//**;bin\/**;obj\/**" (previous value: ";bin\Release//**;obj\Release//**;bin\/**") at /usr/share/dotnet/sdk/8.0.415/Sdks/Microsoft.NET.Sdk/targets/Microsoft.NET.Sdk.DefaultItems.targets (29,5)
       Property reassignment: $(_ShimCreatedSentinelFile)="/home/saidul/Desktop/K-Chief Marine Automation Platform/src/KChief.Protocols.OPC/obj/Release/net8.0/KChief.Protocols.OPC.shimcreated.sentinel" (previous value: "obj\Release/net8.0/KChief.Protocols.OPC.shimcreated.sentinel") at /usr/share/dotnet/sdk/8.0.415/Sdks/Microsoft.NET.Sdk/targets/Microsoft.NET.PackTool.targets (139,5)
       Property reassignment: $(DefaultItemExcludes)=";bin\Release//**;obj\Release//**;bin\/**;obj\/**;**/*.user" (previous value: ";bin\Release//**;obj\Release//**;bin\/**;obj\/**") at /usr/share/dotnet/sdk/8.0.415/Sdks/Microsoft.NET.Sdk/targets/Microsoft.NET.Sdk.DefaultItems.targets (32,5)
       Property reassignment: $(DefaultItemExcludes)=";bin\Release//**;obj\Release//**;bin\/**;obj\/**;**/*.user;**/*.*proj" (previous value: ";bin\Release//**;obj\Release//**;bin\/**;obj\/**;**/*.user") at /usr/share/dotnet/sdk/8.0.415/Sdks/Microsoft.NET.Sdk/targets/Microsoft.NET.Sdk.DefaultItems.targets (33,5)
       Property reassignment: $(DefineConstants)="TRACE;RELEASE" (previous value: "TRACE") at /usr/share/dotnet/sdk/8.0.415/Sdks/Microsoft.NET.Sdk/targets/Microsoft.NET.Sdk.CSharp.targets (31,5)
       Property reassignment: $(DefaultItemExcludes)=";bin\Release//**;obj\Release//**;bin\/**;obj\/**;**/*.user;**/*.*proj;**/*.sln" (previous value: ";bin\Release//**;obj\Release//**;bin\/**;obj\/**;**/*.user;**/*.*proj") at /usr/share/dotnet/sdk/8.0.415/Sdks/Microsoft.NET.Sdk/targets/Microsoft.NET.Sdk.DefaultItems.targets (34,5)
       Property reassignment: $(DefineConstants)="TRACE;RELEASE;NET;NET8_0;NETCOREAPP" (previous value: "TRACE;RELEASE") at /usr/share/dotnet/sdk/8.0.415/Sdks/Microsoft.NET.Sdk/targets/Microsoft.NET.Sdk.CSharp.targets (34,5)
       Property reassignment: $(_GenerateToolsSettingsFileCacheFile)="/home/saidul/Desktop/K-Chief Marine Automation Platform/src/KChief.AlarmSystem/obj/Release/net8.0/KChief.AlarmSystem.toolssettingsinput.cache" (previous value: "obj\Release/net8.0/KChief.AlarmSystem.toolssettingsinput.cache") at /usr/share/dotnet/sdk/8.0.415/Sdks/Microsoft.NET.Sdk/targets/Microsoft.NET.PackTool.targets (68,5)
       Property reassignment: $(_ShimInputCacheFile)="/home/saidul/Desktop/K-Chief Marine Automation Platform/src/KChief.AlarmSystem/obj/Release/net8.0/KChief.AlarmSystem.shiminput.cache" (previous value: "obj\Release/net8.0/KChief.AlarmSystem.shiminput.cache") at /usr/share/dotnet/sdk/8.0.415/Sdks/Microsoft.NET.Sdk/targets/Microsoft.NET.PackTool.targets (137,5)
       Property reassignment: $(WarningsAsErrors)=";NU1605;SYSLIB0011" (previous value: ";NU1605") at /usr/share/dotnet/sdk/8.0.415/Sdks/Microsoft.NET.Sdk/targets/Microsoft.NET.Sdk.CSharp.targets (48,5)
       Property reassignment: $(_ShimCreatedSentinelFile)="/home/saidul/Desktop/K-Chief Marine Automation Platform/src/KChief.AlarmSystem/obj/Release/net8.0/KChief.AlarmSystem.shimcreated.sentinel" (previous value: "obj\Release/net8.0/KChief.AlarmSystem.shimcreated.sentinel") at /usr/share/dotnet/sdk/8.0.415/Sdks/Microsoft.NET.Sdk/targets/Microsoft.NET.PackTool.targets (139,5)
       Property reassignment: $(PackageDescription)="Package Description" (previous value: "") at /usr/share/dotnet/sdk/8.0.415/Sdks/NuGet.Build.Tasks.Pack/build/NuGet.Build.Tasks.Pack.targets (34,5)
       Property reassignment: $(DefineConstants)="TRACE;RELEASE" (previous value: "TRACE") at /usr/share/dotnet/sdk/8.0.415/Sdks/Microsoft.NET.Sdk/targets/Microsoft.NET.Sdk.CSharp.targets (31,5)
       Property reassignment: $(GenerateNuspecDependsOn)="Build;_LoadPackInputItems; _GetTargetFrameworksOutput; _WalkEachTargetPerFramework; _GetPackageFiles; " (previous value: "_LoadPackInputItems; _GetTargetFrameworksOutput; _WalkEachTargetPerFramework; _GetPackageFiles; ") at /usr/share/dotnet/sdk/8.0.415/Sdks/NuGet.Build.Tasks.Pack/build/NuGet.Build.Tasks.Pack.targets (59,5)
       Property reassignment: $(DefineConstants)="TRACE;RELEASE;NET;NET8_0;NETCOREAPP" (previous value: "TRACE;RELEASE") at /usr/share/dotnet/sdk/8.0.415/Sdks/Microsoft.NET.Sdk/targets/Microsoft.NET.Sdk.CSharp.targets (34,5)
       Property reassignment: $(_IsNotSetContainersTargetsDir)="true" (previous value: "false") at /usr/share/dotnet/sdk/8.0.415/Sdks/Microsoft.NET.Sdk/Sdk/Sdk.targets (59,5)
       Property reassignment: $(WarningsAsErrors)=";NU1605;SYSLIB0011" (previous value: ";NU1605") at /usr/share/dotnet/sdk/8.0.415/Sdks/Microsoft.NET.Sdk/targets/Microsoft.NET.Sdk.CSharp.targets (48,5)
       Property reassignment: $(_IsSDKContainerAllowedVersion)="true" (previous value: "false") at /usr/share/dotnet/sdk/8.0.415/Containers/build/Microsoft.NET.Build.Containers.targets (5,5)
       Property reassignment: $(DefaultItemExcludes)=";bin\Release//**;obj\Release//**;bin\/**;obj\/**;**/*.user;**/*.*proj;**/*.sln;**/*.vssscc" (previous value: ";bin\Release//**;obj\Release//**;bin\/**;obj\/**;**/*.user;**/*.*proj;**/*.sln") at /usr/share/dotnet/sdk/8.0.415/Sdks/Microsoft.NET.Sdk/targets/Microsoft.NET.Sdk.DefaultItems.targets (35,5)
       Property reassignment: $(DefaultItemExcludes)=";bin\Release//**;obj\Release//**;bin\/**;obj\/**;**/*.user;**/*.*proj;**/*.sln;**/*.vssscc;**/.DS_Store" (previous value: ";bin\Release//**;obj\Release//**;bin\/**;obj\/**;**/*.user;**/*.*proj;**/*.sln;**/*.vssscc") at /usr/share/dotnet/sdk/8.0.415/Sdks/Microsoft.NET.Sdk/targets/Microsoft.NET.Sdk.DefaultItems.targets (36,5)
       Property reassignment: $(_ContainerIsTargetingNet8TFM)="true" (previous value: "false") at /usr/share/dotnet/sdk/8.0.415/Containers/build/Microsoft.NET.Build.Containers.targets (15,5)
       Property reassignment: $(ResolveAssemblyReferencesDependsOn)="
             
             
             ResolveProjectReferences;
             FindInvalidProjectReferences;
             GetFrameworkPaths;
             GetReferenceAssemblyPaths;
             PrepareForBuild;
             ResolveSDKReferences;
             ExpandSDKReferences;
           ;
             ResolvePackageDependenciesForBuild;
             _HandlePackageFileConflicts;
           ;
             ResolveTargetingPackAssets;
           " (previous value: "
             
             ResolveProjectReferences;
             FindInvalidProjectReferences;
             GetFrameworkPaths;
             GetReferenceAssemblyPaths;
             PrepareForBuild;
             ResolveSDKReferences;
             ExpandSDKReferences;
           ;
             ResolvePackageDependenciesForBuild;
             _HandlePackageFileConflicts;
           ") at /usr/share/dotnet/sdk/8.0.415/Sdks/Microsoft.NET.Sdk/targets/Microsoft.NET.Sdk.FrameworkReferenceResolution.targets (14,5)
       Property reassignment: $(_GenerateRuntimeConfigurationPropertyInputsCache)="/home/saidul/Desktop/K-Chief Marine Automation Platform/src/KChief.VesselControl/obj/Release/net8.0/KChief.VesselControl.genruntimeconfig.cache" (previous value: "obj\Release/net8.0/KChief.VesselControl.genruntimeconfig.cache") at /usr/share/dotnet/sdk/8.0.415/Sdks/Microsoft.NET.Sdk/targets/Microsoft.NET.Sdk.targets (44,5)
       Property reassignment: $(_GeneratePublishDependencyFilePropertyInputsCache)="/home/saidul/Desktop/K-Chief Marine Automation Platform/src/KChief.VesselControl/obj/Release/net8.0/KChief.VesselControl.genpublishdeps.cache" (previous value: "obj\Release/net8.0/KChief.VesselControl.genpublishdeps.cache") at /usr/share/dotnet/sdk/8.0.415/Sdks/Microsoft.NET.Sdk/targets/Microsoft.NET.Sdk.targets (46,5)
       Property reassignment: $(_GenerateSingleFileBundlePropertyInputsCache)="/home/saidul/Desktop/K-Chief Marine Automation Platform/src/KChief.VesselControl/obj/Release/net8.0/KChief.VesselControl.genbundle.cache" (previous value: "obj\Release/net8.0/KChief.VesselControl.genbundle.cache") at /usr/share/dotnet/sdk/8.0.415/Sdks/Microsoft.NET.Sdk/targets/Microsoft.NET.Sdk.targets (48,5)
       The "SolutionName" property is a global property, and cannot be modified.
       Property reassignment: $(GenerateRuntimeConfigDevFile)="false" (previous value: "true") at /usr/share/dotnet/sdk/8.0.415/Sdks/Microsoft.NET.Sdk/targets/Microsoft.NET.Sdk.targets (81,5)
       Property reassignment: $(PackageDescription)="Package Description" (previous value: "") at /usr/share/dotnet/sdk/8.0.415/Sdks/NuGet.Build.Tasks.Pack/build/NuGet.Build.Tasks.Pack.targets (34,5)
       The "SolutionFileName" property is a global property, and cannot be modified.
       Property reassignment: $(MSBuildCopyMarkerName)="KChief.D.3F2D3CA3" (previous value: "KChief.DataAccess.csproj") at /usr/share/dotnet/sdk/8.0.415/Microsoft.Common.CurrentVersion.targets (392,5)
       The "SolutionPath" property is a global property, and cannot be modified.
       Property reassignment: $(MSBuildCopyMarkerName)="KChief.D.3F2D3CA3.Up2Date" (previous value: "KChief.D.3F2D3CA3") at /usr/share/dotnet/sdk/8.0.415/Microsoft.Common.CurrentVersion.targets (393,5)
       Property reassignment: $(_DebugSymbolsProduced)="true" (previous value: "false") at /usr/share/dotnet/sdk/8.0.415/Microsoft.Common.CurrentVersion.targets (175,5)
       Property reassignment: $(_DocumentationFileProduced)="false" (previous value: "true") at /usr/share/dotnet/sdk/8.0.415/Microsoft.Common.CurrentVersion.targets (185,5)
       Property reassignment: $(GenerateNuspecDependsOn)="Build;_LoadPackInputItems; _GetTargetFrameworksOutput; _WalkEachTargetPerFramework; _GetPackageFiles; " (previous value: "_LoadPackInputItems; _GetTargetFrameworksOutput; _WalkEachTargetPerFramework; _GetPackageFiles; ") at /usr/share/dotnet/sdk/8.0.415/Sdks/NuGet.Build.Tasks.Pack/build/NuGet.Build.Tasks.Pack.targets (59,5)
       The "SolutionName" property is a global property, and cannot be modified.
       Property reassignment: $(_IsNotSetContainersTargetsDir)="true" (previous value: "false") at /usr/share/dotnet/sdk/8.0.415/Sdks/Microsoft.NET.Sdk/Sdk/Sdk.targets (59,5)
       The "SolutionFileName" property is a global property, and cannot be modified.
       Property reassignment: $(_IsSDKContainerAllowedVersion)="true" (previous value: "false") at /usr/share/dotnet/sdk/8.0.415/Containers/build/Microsoft.NET.Build.Containers.targets (5,5)
       The "SolutionPath" property is a global property, and cannot be modified.
       Property reassignment: $(_ContainerIsTargetingNet8TFM)="true" (previous value: "false") at /usr/share/dotnet/sdk/8.0.415/Containers/build/Microsoft.NET.Build.Containers.targets (15,5)
       The "SolutionDir" property is a global property, and cannot be modified.
       The "SolutionExt" property is a global property, and cannot be modified.
       Property reassignment: $(MSBuildCopyMarkerName)="KChief.P.D2187258" (previous value: "KChief.Platform.Tests.csproj") at /usr/share/dotnet/sdk/8.0.415/Microsoft.Common.CurrentVersion.targets (392,5)
       Property reassignment: $(MSBuildCopyMarkerName)="KChief.P.D2187258.Up2Date" (previous value: "KChief.P.D2187258") at /usr/share/dotnet/sdk/8.0.415/Microsoft.Common.CurrentVersion.targets (393,5)
       Property 'HOME' with value '/home/saidul' expanded from the environment.
       Property reassignment: $(ProcessorArchitecture)="msil" (previous value: "") at /usr/share/dotnet/sdk/8.0.415/Microsoft.Common.CurrentVersion.targets (541,5)
       Property reassignment: $(DelaySign)="" (previous value: "false") at /usr/share/dotnet/sdk/8.0.415/Microsoft.Common.CurrentVersion.targets (580,5)
       Property 'LocalAppData' with value '/home/saidul/.local/share' expanded from the environment.
       The SDK "Microsoft.NET.SDK.WorkloadAutoImportPropsLocator" was successfully resolved by the "Microsoft.DotNet.MSBuildWorkloadSdkResolver" resolver to location "null" and version "null".
       Property reassignment: $(_SGenGenerateSerializationAssembliesConfig)="Auto" (previous value: "") at /usr/share/dotnet/sdk/8.0.415/Microsoft.Common.CurrentVersion.targets (3896,5)
       Property reassignment: $(_TargetsThatPrepareProjectReferences)="
             AssignProjectConfiguration;
             _SplitProjectReferencesByFileExistence
           " (previous value: "_SplitProjectReferencesByFileExistence") at /usr/share/dotnet/sdk/8.0.415/Microsoft.Common.CurrentVersion.targets (5099,5)
       Property 'MSBuildExtensionsPath32' with value '/usr/share/dotnet/sdk/8.0.415' expanded from the environment.
       The "SolutionDir" property is a global property, and cannot be modified.
       Property reassignment: $(ProcessorArchitecture)="msil" (previous value: "") at /usr/share/dotnet/sdk/8.0.415/Microsoft.Common.CurrentVersion.targets (541,5)
       Property reassignment: $(DelaySign)="" (previous value: "false") at /usr/share/dotnet/sdk/8.0.415/Microsoft.Common.CurrentVersion.targets (580,5)
       The "SolutionExt" property is a global property, and cannot be modified.
       Property reassignment: $(MSBuildCopyMarkerName)="KChief.P.BA84CE94" (previous value: "KChief.Protocols.Modbus.csproj") at /usr/share/dotnet/sdk/8.0.415/Microsoft.Common.CurrentVersion.targets (392,5)
       Property reassignment: $(MSBuildCopyMarkerName)="KChief.P.BA84CE94.Up2Date" (previous value: "KChief.P.BA84CE94") at /usr/share/dotnet/sdk/8.0.415/Microsoft.Common.CurrentVersion.targets (393,5)
       Property reassignment: $(ProcessorArchitecture)="msil" (previous value: "") at /usr/share/dotnet/sdk/8.0.415/Microsoft.Common.CurrentVersion.targets (541,5)
       Property reassignment: $(DelaySign)="" (previous value: "false") at /usr/share/dotnet/sdk/8.0.415/Microsoft.Common.CurrentVersion.targets (580,5)
       Property 'LocalAppData' with value '/home/saidul/.local/share' expanded from the environment.
       Property reassignment: $(_SGenGenerateSerializationAssembliesConfig)="Auto" (previous value: "") at /usr/share/dotnet/sdk/8.0.415/Microsoft.Common.CurrentVersion.targets (3896,5)
       Property reassignment: $(_TargetsThatPrepareProjectReferences)="
             AssignProjectConfiguration;
             _SplitProjectReferencesByFileExistence
           " (previous value: "_SplitProjectReferencesByFileExistence") at /usr/share/dotnet/sdk/8.0.415/Microsoft.Common.CurrentVersion.targets (5099,5)
       Property 'MSBuildExtensionsPath32' with value '/usr/share/dotnet/sdk/8.0.415' expanded from the environment.
       Property reassignment: $(_DefaultUserProfileRuntimeStorePath)="/home/saidul/.dotnet/store" (previous value: "/home/saidul") at /usr/share/dotnet/sdk/8.0.415/Sdks/Microsoft.NET.Sdk/targets/Microsoft.NET.Sdk.targets (98,5)
       Property reassignment: $(AvailablePlatforms)="Any CPU,x86,x64,ARM32" (previous value: "Any CPU,x86,x64") at /usr/share/dotnet/sdk/8.0.415/Sdks/Microsoft.NET.Sdk/targets/Microsoft.NET.Sdk.targets (136,5)
       Property reassignment: $(AvailablePlatforms)="Any CPU,x86,x64,ARM32,ARM64" (previous value: "Any CPU,x86,x64,ARM32") at /usr/share/dotnet/sdk/8.0.415/Sdks/Microsoft.NET.Sdk/targets/Microsoft.NET.Sdk.targets (140,5)
       Property reassignment: $(CoreBuildDependsOn)="
             _CheckForBuildWithNoBuild;
             
             BuildOnlySettings;
             PrepareForBuild;
             PreBuildEvent;
             ResolveReferences;
             PrepareResources;
             ResolveKeySource;
             Compile;
             ExportWindowsMDFile;
             UnmanagedUnregistration;
             GenerateSerializationAssemblies;
             CreateSatelliteAssemblies;
             GenerateManifests;
             GetTargetPath;
             PrepareForRun;
             UnmanagedRegistration;
             IncrementalClean;
             PostBuildEvent
           ;
             GenerateBuildDependencyFile;
             GenerateBuildRuntimeConfigurationFiles
           " (previous value: "
             BuildOnlySettings;
             PrepareForBuild;
             PreBuildEvent;
             ResolveReferences;
             PrepareResources;
             ResolveKeySource;
             Compile;
             ExportWindowsMDFile;
             UnmanagedUnregistration;
             GenerateSerializationAssemblies;
             CreateSatelliteAssemblies;
             GenerateManifests;
             GetTargetPath;
             PrepareForRun;
             UnmanagedRegistration;
             IncrementalClean;
             PostBuildEvent
           ") at /usr/share/dotnet/sdk/8.0.415/Sdks/Microsoft.NET.Sdk/targets/Microsoft.NET.Sdk.targets (197,5)
       Property reassignment: $(TargetsForTfmSpecificContentInPackage)=";PackTool;_PackProjectToolValidation" (previous value: ";PackTool") at /usr/share/dotnet/sdk/8.0.415/Sdks/Microsoft.NET.Sdk/targets/Microsoft.NET.PackProjectTool.props (15,5)
       Property reassignment: $(CoreCleanDependsOn)="
             _SdkBeforeClean;
             
           " (previous value: "") at /usr/share/dotnet/sdk/8.0.415/Sdks/Microsoft.NET.Sdk/targets/Microsoft.NET.Sdk.targets (206,5)
       Property reassignment: $(RebuildDependsOn)="
             _SdkBeforeRebuild;
             
             BeforeRebuild;
             Clean;
             Build;
             AfterRebuild;
           
           " (previous value: "
             BeforeRebuild;
             Clean;
             Build;
             AfterRebuild;
           ") at /usr/share/dotnet/sdk/8.0.415/Sdks/Microsoft.NET.Sdk/targets/Microsoft.NET.Sdk.targets (213,5)
       Property reassignment: $(CompileDependsOn)="
             
             ResolveReferences;
             ResolveKeySource;
             SetWin32ManifestProperties;
             _SetPreferNativeArm64Win32ManifestProperties;
             FindReferenceAssembliesForReferences;
             _GenerateCompileInputs;
             BeforeCompile;
             _TimeStampBeforeCompile;
             _GenerateCompileDependencyCache;
             CoreCompile;
             _TimeStampAfterCompile;
             AfterCompile;
           ;
             _CreateAppHost;
             _CreateComHost;
             _GetIjwHostPaths;
           " (previous value: "
             ResolveReferences;
             ResolveKeySource;
             SetWin32ManifestProperties;
             _SetPreferNativeArm64Win32ManifestProperties;
             FindReferenceAssembliesForReferences;
             _GenerateCompileInputs;
             BeforeCompile;
             _TimeStampBeforeCompile;
             _GenerateCompileDependencyCache;
             CoreCompile;
             _TimeStampAfterCompile;
             AfterCompile;
           ") at /usr/share/dotnet/sdk/8.0.415/Sdks/Microsoft.NET.Sdk/targets/Microsoft.NET.Sdk.targets (679,5)
       Property reassignment: $(CreateSatelliteAssembliesDependsOn)="
             
             ;
             _GenerateSatelliteAssemblyInputs;
             ComputeIntermediateSatelliteAssemblies;
             GenerateSatelliteAssemblies
           ;
             CoreGenerateSatelliteAssemblies
           " (previous value: "
             ;
             _GenerateSatelliteAssemblyInputs;
             ComputeIntermediateSatelliteAssemblies;
             GenerateSatelliteAssemblies
           ") at /usr/share/dotnet/sdk/8.0.415/Sdks/Microsoft.NET.Sdk/targets/Microsoft.NET.Sdk.targets (1065,5)
       Property reassignment: $(SourceLinkUrlInitializerTargets)=";_InitializeGitHubSourceLinkUrl;_InitializeGitLabSourceLinkUrl" (previous value: ";_InitializeGitHubSourceLinkUrl") at /usr/share/dotnet/sdk/8.0.415/Sdks/Microsoft.SourceLink.GitLab/build/Microsoft.SourceLink.GitLab.targets (12,5)
       Property reassignment: $(SourceControlManagerUrlTranslationTargets)=";TranslateGitHubUrlsInSourceControlInformation;TranslateGitLabUrlsInSourceControlInformation" (previous value: ";TranslateGitHubUrlsInSourceControlInformation") at /usr/share/dotnet/sdk/8.0.415/Sdks/Microsoft.SourceLink.GitLab/build/Microsoft.SourceLink.GitLab.targets (13,5)
       Property reassignment: $(SourceLinkUrlInitializerTargets)=";_InitializeGitHubSourceLinkUrl;_InitializeGitLabSourceLinkUrl;_InitializeAzureReposGitSourceLinkUrl" (previous value: ";_InitializeGitHubSourceLinkUrl;_InitializeGitLabSourceLinkUrl") at /usr/share/dotnet/sdk/8.0.415/Sdks/Microsoft.SourceLink.AzureRepos.Git/build/Microsoft.SourceLink.AzureRepos.Git.targets (12,5)
       Property reassignment: $(SourceControlManagerUrlTranslationTargets)=";TranslateGitHubUrlsInSourceControlInformation;TranslateGitLabUrlsInSourceControlInformation;TranslateAzureReposGitUrlsInSourceControlInformation" (previous value: ";TranslateGitHubUrlsInSourceControlInformation;TranslateGitLabUrlsInSourceControlInformation") at /usr/share/dotnet/sdk/8.0.415/Sdks/Microsoft.SourceLink.AzureRepos.Git/build/Microsoft.SourceLink.AzureRepos.Git.targets (13,5)
       Property reassignment: $(SourceLinkUrlInitializerTargets)=";_InitializeGitHubSourceLinkUrl;_InitializeGitLabSourceLinkUrl;_InitializeAzureReposGitSourceLinkUrl;_InitializeBitbucketGitSourceLinkUrl" (previous value: ";_InitializeGitHubSourceLinkUrl;_InitializeGitLabSourceLinkUrl;_InitializeAzureReposGitSourceLinkUrl") at /usr/share/dotnet/sdk/8.0.415/Sdks/Microsoft.SourceLink.Bitbucket.Git/build/Microsoft.SourceLink.Bitbucket.Git.targets (12,5)
       Property reassignment: $(SourceControlManagerUrlTranslationTargets)=";TranslateGitHubUrlsInSourceControlInformation;TranslateGitLabUrlsInSourceControlInformation;TranslateAzureReposGitUrlsInSourceControlInformation;TranslateBitbucketGitUrlsInSourceControlInformation" (previous value: ";TranslateGitHubUrlsInSourceControlInformation;TranslateGitLabUrlsInSourceControlInformation;TranslateAzureReposGitUrlsInSourceControlInformation") at /usr/share/dotnet/sdk/8.0.415/Sdks/Microsoft.SourceLink.Bitbucket.Git/build/Microsoft.SourceLink.Bitbucket.Git.targets (13,5)
       Property reassignment: $(ProjectAssetsCacheFile)="/home/saidul/Desktop/K-Chief Marine Automation Platform/src/KChief.Protocols.Modbus/obj/Release/net8.0/KChief.Protocols.Modbus.assets.cache" (previous value: "obj\Release/net8.0/KChief.Protocols.Modbus.assets.cache") at /usr/share/dotnet/sdk/8.0.415/Sdks/Microsoft.NET.Sdk/targets/Microsoft.PackageDependencyResolution.targets (29,5)
       Property reassignment: $(DesignerRuntimeImplementationProjectOutputGroupDependsOn)="
             
             ;
             
             ;
             BuildOnlySettings;
             PrepareForBuild;
             AssignTargetPaths;
             ResolveReferences
           
           ;
             _GenerateDesignerDepsFile;
             _GenerateDesignerRuntimeConfigFile;
             GetCopyToOutputDirectoryItems;
             _GatherDesignerShadowCopyFiles;
           " (previous value: "
             ;
             
             ;
             BuildOnlySettings;
             PrepareForBuild;
             AssignTargetPaths;
             ResolveReferences
           
           ") at /usr/share/dotnet/sdk/8.0.415/Sdks/Microsoft.NET.Sdk/targets/Microsoft.NET.DesignerSupport.targets (21,5)
       Property reassignment: $(ResolveAssemblyReferencesDependsOn)="
             
             ResolveProjectReferences;
             FindInvalidProjectReferences;
             GetFrameworkPaths;
             GetReferenceAssemblyPaths;
             PrepareForBuild;
             ResolveSDKReferences;
             ExpandSDKReferences;
           ;
             ResolvePackageDependenciesForBuild;
             _HandlePackageFileConflicts;
           " (previous value: "
             ResolveProjectReferences;
             FindInvalidProjectReferences;
             GetFrameworkPaths;
             GetReferenceAssemblyPaths;
             PrepareForBuild;
             ResolveSDKReferences;
             ExpandSDKReferences;
           ") at /usr/share/dotnet/sdk/8.0.415/Sdks/Microsoft.NET.Sdk/targets/Microsoft.PackageDependencyResolution.targets (80,5)
       Property reassignment: $(_GenerateToolsSettingsFileCacheFile)="/home/saidul/Desktop/K-Chief Marine Automation Platform/src/KChief.VesselControl/obj/Release/net8.0/KChief.VesselControl.toolssettingsinput.cache" (previous value: "obj\Release/net8.0/KChief.VesselControl.toolssettingsinput.cache") at /usr/share/dotnet/sdk/8.0.415/Sdks/Microsoft.NET.Sdk/targets/Microsoft.NET.PackTool.targets (68,5)
       Property reassignment: $(_ShimInputCacheFile)="/home/saidul/Desktop/K-Chief Marine Automation Platform/src/KChief.VesselControl/obj/Release/net8.0/KChief.VesselControl.shiminput.cache" (previous value: "obj\Release/net8.0/KChief.VesselControl.shiminput.cache") at /usr/share/dotnet/sdk/8.0.415/Sdks/Microsoft.NET.Sdk/targets/Microsoft.NET.PackTool.targets (137,5)
       Property reassignment: $(_ShimCreatedSentinelFile)="/home/saidul/Desktop/K-Chief Marine Automation Platform/src/KChief.VesselControl/obj/Release/net8.0/KChief.VesselControl.shimcreated.sentinel" (previous value: "obj\Release/net8.0/KChief.VesselControl.shimcreated.sentinel") at /usr/share/dotnet/sdk/8.0.415/Sdks/Microsoft.NET.Sdk/targets/Microsoft.NET.PackTool.targets (139,5)
       The "Configuration" property is a global property, and cannot be modified.
       The "Platform" property is a global property, and cannot be modified.
       Property reassignment: $(PrepareResourcesDependsOn)="
             ResolvePackageDependenciesForBuild;
             _HandlePackageFileConflicts;
             
             ;
             PrepareResourceNames;
             ResGen;
             CompileLicxFiles
           
           " (previous value: "
             ;
             PrepareResourceNames;
             ResGen;
             CompileLicxFiles
           ") at /usr/share/dotnet/sdk/8.0.415/Sdks/Microsoft.NET.Sdk/targets/Microsoft.PackageDependencyResolution.targets (86,5)
       Property reassignment: $(DefineConstants)="TRACE;RELEASE" (previous value: "TRACE") at /usr/share/dotnet/sdk/8.0.415/Sdks/Microsoft.NET.Sdk/targets/Microsoft.NET.Sdk.CSharp.targets (31,5)
       Property reassignment: $(PublishProfileImported)="false" (previous value: "true") at /usr/share/dotnet/sdk/8.0.415/Sdks/Microsoft.NET.Sdk/targets/Microsoft.NET.Sdk.ImportPublishProfile.targets (28,5)
       Property reassignment: $(DefineConstants)="TRACE;RELEASE;NET;NET8_0;NETCOREAPP" (previous value: "TRACE;RELEASE") at /usr/share/dotnet/sdk/8.0.415/Sdks/Microsoft.NET.Sdk/targets/Microsoft.NET.Sdk.CSharp.targets (34,5)
       Property reassignment: $(DefaultItemExcludes)=";bin\Release//**;obj\Release//**;bin\/**" (previous value: ";bin\Release//**;obj\Release//**") at /usr/share/dotnet/sdk/8.0.415/Sdks/Microsoft.NET.Sdk/targets/Microsoft.NET.Sdk.DefaultItems.targets (27,5)
       Property reassignment: $(WarningsAsErrors)=";NU1605;SYSLIB0011" (previous value: ";NU1605") at /usr/share/dotnet/sdk/8.0.415/Sdks/Microsoft.NET.Sdk/targets/Microsoft.NET.Sdk.CSharp.targets (48,5)
       Property reassignment: $(DefaultItemExcludes)=";bin\Release//**;obj\Release//**;bin\/**;obj\/**" (previous value: ";bin\Release//**;obj\Release//**;bin\/**") at /usr/share/dotnet/sdk/8.0.415/Sdks/Microsoft.NET.Sdk/targets/Microsoft.NET.Sdk.DefaultItems.targets (29,5)
       Property 'LocalAppData' with value '/home/saidul/.local/share' expanded from the environment.
       Property reassignment: $(DefaultItemExcludes)=";bin\Release//**;obj\Release//**;bin\/**;obj\/**;**/*.user" (previous value: ";bin\Release//**;obj\Release//**;bin\/**;obj\/**") at /usr/share/dotnet/sdk/8.0.415/Sdks/Microsoft.NET.Sdk/targets/Microsoft.NET.Sdk.DefaultItems.targets (32,5)
       Property reassignment: $(_SGenGenerateSerializationAssembliesConfig)="Auto" (previous value: "") at /usr/share/dotnet/sdk/8.0.415/Microsoft.Common.CurrentVersion.targets (3896,5)
       Property reassignment: $(_TargetsThatPrepareProjectReferences)="
             AssignProjectConfiguration;
             _SplitProjectReferencesByFileExistence
           " (previous value: "_SplitProjectReferencesByFileExistence") at /usr/share/dotnet/sdk/8.0.415/Microsoft.Common.CurrentVersion.targets (5099,5)
       Property reassignment: $(DefaultItemExcludes)=";bin\Release//**;obj\Release//**;bin\/**;obj\/**;**/*.user;**/*.*proj" (previous value: ";bin\Release//**;obj\Release//**;bin\/**;obj\/**;**/*.user") at /usr/share/dotnet/sdk/8.0.415/Sdks/Microsoft.NET.Sdk/targets/Microsoft.NET.Sdk.DefaultItems.targets (33,5)
       Property 'MSBuildExtensionsPath32' with value '/usr/share/dotnet/sdk/8.0.415' expanded from the environment.
       Property reassignment: $(ProjectAssetsCacheFile)="/home/saidul/Desktop/K-Chief Marine Automation Platform/src/KChief.DataAccess/obj/Release/net8.0/KChief.DataAccess.assets.cache" (previous value: "obj\Release/net8.0/KChief.DataAccess.assets.cache") at /usr/share/dotnet/sdk/8.0.415/Sdks/Microsoft.NET.Sdk/targets/Microsoft.PackageDependencyResolution.targets (29,5)
       Property reassignment: $(ResolveAssemblyReferencesDependsOn)="
             
             ResolveProjectReferences;
             FindInvalidProjectReferences;
             GetFrameworkPaths;
             GetReferenceAssemblyPaths;
             PrepareForBuild;
             ResolveSDKReferences;
             ExpandSDKReferences;
           ;
             ResolvePackageDependenciesForBuild;
             _HandlePackageFileConflicts;
           " (previous value: "
             ResolveProjectReferences;
             FindInvalidProjectReferences;
             GetFrameworkPaths;
             GetReferenceAssemblyPaths;
             PrepareForBuild;
             ResolveSDKReferences;
             ExpandSDKReferences;
           ") at /usr/share/dotnet/sdk/8.0.415/Sdks/Microsoft.NET.Sdk/targets/Microsoft.PackageDependencyResolution.targets (80,5)
       Property reassignment: $(PrepareResourcesDependsOn)="
             ResolvePackageDependenciesForBuild;
             _HandlePackageFileConflicts;
             
             ;
             PrepareResourceNames;
             ResGen;
             CompileLicxFiles
           
           " (previous value: "
             ;
             PrepareResourceNames;
             ResGen;
             CompileLicxFiles
           ") at /usr/share/dotnet/sdk/8.0.415/Sdks/Microsoft.NET.Sdk/targets/Microsoft.PackageDependencyResolution.targets (86,5)
       Property reassignment: $(DefaultItemExcludes)=";bin\Release//**;obj\Release//**;bin\/**" (previous value: ";bin\Release//**;obj\Release//**") at /usr/share/dotnet/sdk/8.0.415/Sdks/Microsoft.NET.Sdk/targets/Microsoft.NET.Sdk.DefaultItems.targets (27,5)
       Property reassignment: $(DefaultItemExcludes)=";bin\Release//**;obj\Release//**;bin\/**;obj\/**" (previous value: ";bin\Release//**;obj\Release//**;bin\/**") at /usr/share/dotnet/sdk/8.0.415/Sdks/Microsoft.NET.Sdk/targets/Microsoft.NET.Sdk.DefaultItems.targets (29,5)
       Property reassignment: $(DefaultItemExcludes)=";bin\Release//**;obj\Release//**;bin\/**;obj\/**;**/*.user" (previous value: ";bin\Release//**;obj\Release//**;bin\/**;obj\/**") at /usr/share/dotnet/sdk/8.0.415/Sdks/Microsoft.NET.Sdk/targets/Microsoft.NET.Sdk.DefaultItems.targets (32,5)
       Property reassignment: $(DefaultItemExcludes)=";bin\Release//**;obj\Release//**;bin\/**;obj\/**;**/*.user;**/*.*proj" (previous value: ";bin\Release//**;obj\Release//**;bin\/**;obj\/**;**/*.user") at /usr/share/dotnet/sdk/8.0.415/Sdks/Microsoft.NET.Sdk/targets/Microsoft.NET.Sdk.DefaultItems.targets (33,5)
       Property reassignment: $(PackageDescription)="Package Description" (previous value: "") at /usr/share/dotnet/sdk/8.0.415/Sdks/NuGet.Build.Tasks.Pack/build/NuGet.Build.Tasks.Pack.targets (34,5)
       Property reassignment: $(GenerateNuspecDependsOn)="Build;_LoadPackInputItems; _GetTargetFrameworksOutput; _WalkEachTargetPerFramework; _GetPackageFiles; " (previous value: "_LoadPackInputItems; _GetTargetFrameworksOutput; _WalkEachTargetPerFramework; _GetPackageFiles; ") at /usr/share/dotnet/sdk/8.0.415/Sdks/NuGet.Build.Tasks.Pack/build/NuGet.Build.Tasks.Pack.targets (59,5)
       Property reassignment: $(DefaultItemExcludes)=";bin\Release//**;obj\Release//**;bin\/**;obj\/**;**/*.user;**/*.*proj;**/*.sln" (previous value: ";bin\Release//**;obj\Release//**;bin\/**;obj\/**;**/*.user;**/*.*proj") at /usr/share/dotnet/sdk/8.0.415/Sdks/Microsoft.NET.Sdk/targets/Microsoft.NET.Sdk.DefaultItems.targets (34,5)
       Property reassignment: $(DefaultItemExcludes)=";bin\Release//**;obj\Release//**;bin\/**;obj\/**;**/*.user;**/*.*proj;**/*.sln;**/*.vssscc" (previous value: ";bin\Release//**;obj\Release//**;bin\/**;obj\/**;**/*.user;**/*.*proj;**/*.sln") at /usr/share/dotnet/sdk/8.0.415/Sdks/Microsoft.NET.Sdk/targets/Microsoft.NET.Sdk.DefaultItems.targets (35,5)
       Property reassignment: $(DefaultItemExcludes)=";bin\Release//**;obj\Release//**;bin\/**;obj\/**;**/*.user;**/*.*proj;**/*.sln;**/*.vssscc;**/.DS_Store" (previous value: ";bin\Release//**;obj\Release//**;bin\/**;obj\/**;**/*.user;**/*.*proj;**/*.sln;**/*.vssscc") at /usr/share/dotnet/sdk/8.0.415/Sdks/Microsoft.NET.Sdk/targets/Microsoft.NET.Sdk.DefaultItems.targets (36,5)
       Property reassignment: $(TargetPlatformVersion)="" (previous value: "0.0") at /usr/share/dotnet/sdk/8.0.415/Sdks/Microsoft.NET.Sdk/targets/Microsoft.NET.TargetFrameworkInference.targets (69,5)
       Property reassignment: $(DefaultItemExcludes)=";bin\Release//**;obj\Release//**;bin\/**;obj\/**;**/*.user;**/*.*proj;**/*.sln" (previous value: ";bin\Release//**;obj\Release//**;bin\/**;obj\/**;**/*.user;**/*.*proj") at /usr/share/dotnet/sdk/8.0.415/Sdks/Microsoft.NET.Sdk/targets/Microsoft.NET.Sdk.DefaultItems.targets (34,5)
       Property reassignment: $(_IsNotSetContainersTargetsDir)="true" (previous value: "false") at /usr/share/dotnet/sdk/8.0.415/Sdks/Microsoft.NET.Sdk/Sdk/Sdk.targets (59,5)
       Property reassignment: $(_IsSDKContainerAllowedVersion)="true" (previous value: "false") at /usr/share/dotnet/sdk/8.0.415/Containers/build/Microsoft.NET.Build.Containers.targets (5,5)
       Property reassignment: $(DefaultItemExcludes)=";bin\Release//**;obj\Release//**;bin\/**;obj\/**;**/*.user;**/*.*proj;**/*.sln;**/*.vssscc" (previous value: ";bin\Release//**;obj\Release//**;bin\/**;obj\/**;**/*.user;**/*.*proj;**/*.sln") at /usr/share/dotnet/sdk/8.0.415/Sdks/Microsoft.NET.Sdk/targets/Microsoft.NET.Sdk.DefaultItems.targets (35,5)
       Property reassignment: $(_ContainerIsTargetingNet8TFM)="true" (previous value: "false") at /usr/share/dotnet/sdk/8.0.415/Containers/build/Microsoft.NET.Build.Containers.targets (15,5)
       Property reassignment: $(DefaultItemExcludes)=";bin\Release//**;obj\Release//**;bin\/**;obj\/**;**/*.user;**/*.*proj;**/*.sln;**/*.vssscc;**/.DS_Store" (previous value: ";bin\Release//**;obj\Release//**;bin\/**;obj\/**;**/*.user;**/*.*proj;**/*.sln;**/*.vssscc") at /usr/share/dotnet/sdk/8.0.415/Sdks/Microsoft.NET.Sdk/targets/Microsoft.NET.Sdk.DefaultItems.targets (36,5)
       Property reassignment: $(ResolveAssemblyReferencesDependsOn)="
             
             
             ResolveProjectReferences;
             FindInvalidProjectReferences;
             GetFrameworkPaths;
             GetReferenceAssemblyPaths;
             PrepareForBuild;
             ResolveSDKReferences;
             ExpandSDKReferences;
           ;
             ResolvePackageDependenciesForBuild;
             _HandlePackageFileConflicts;
           ;
             ResolveTargetingPackAssets;
           " (previous value: "
             
             ResolveProjectReferences;
             FindInvalidProjectReferences;
             GetFrameworkPaths;
             GetReferenceAssemblyPaths;
             PrepareForBuild;
             ResolveSDKReferences;
             ExpandSDKReferences;
           ;
             ResolvePackageDependenciesForBuild;
             _HandlePackageFileConflicts;
           ") at /usr/share/dotnet/sdk/8.0.415/Sdks/Microsoft.NET.Sdk/targets/Microsoft.NET.Sdk.FrameworkReferenceResolution.targets (14,5)
       Property reassignment: $(ResolveAssemblyReferencesDependsOn)="
             
             
             ResolveProjectReferences;
             FindInvalidProjectReferences;
             GetFrameworkPaths;
             GetReferenceAssemblyPaths;
             PrepareForBuild;
             ResolveSDKReferences;
             ExpandSDKReferences;
           ;
             ResolvePackageDependenciesForBuild;
             _HandlePackageFileConflicts;
           ;
             ResolveTargetingPackAssets;
           " (previous value: "
             
             ResolveProjectReferences;
             FindInvalidProjectReferences;
             GetFrameworkPaths;
             GetReferenceAssemblyPaths;
             PrepareForBuild;
             ResolveSDKReferences;
             ExpandSDKReferences;
           ;
             ResolvePackageDependenciesForBuild;
             _HandlePackageFileConflicts;
           ") at /usr/share/dotnet/sdk/8.0.415/Sdks/Microsoft.NET.Sdk/targets/Microsoft.NET.Sdk.FrameworkReferenceResolution.targets (14,5)
       Property reassignment: $(DefaultItemExcludes)=";bin\Release//**;obj\Release//**" (previous value: ";bin\Release//**") at /usr/share/dotnet/sdk/8.0.415/Sdks/Microsoft.NET.Sdk/targets/Microsoft.NET.DefaultOutputPaths.targets (122,5)
       Property reassignment: $(_GenerateRuntimeConfigurationPropertyInputsCache)="/home/saidul/Desktop/K-Chief Marine Automation Platform/src/KChief.Protocols.Modbus/obj/Release/net8.0/KChief.Protocols.Modbus.genruntimeconfig.cache" (previous value: "obj\Release/net8.0/KChief.Protocols.Modbus.genruntimeconfig.cache") at /usr/share/dotnet/sdk/8.0.415/Sdks/Microsoft.NET.Sdk/targets/Microsoft.NET.Sdk.targets (44,5)
       Property reassignment: $(OutputPath)="bin\Release/net8.0/" (previous value: "bin\Release/") at /usr/share/dotnet/sdk/8.0.415/Sdks/Microsoft.NET.Sdk/targets/Microsoft.NET.DefaultOutputPaths.targets (137,5)
       Property reassignment: $(_GeneratePublishDependencyFilePropertyInputsCache)="/home/saidul/Desktop/K-Chief Marine Automation Platform/src/KChief.Protocols.Modbus/obj/Release/net8.0/KChief.Protocols.Modbus.genpublishdeps.cache" (previous value: "obj\Release/net8.0/KChief.Protocols.Modbus.genpublishdeps.cache") at /usr/share/dotnet/sdk/8.0.415/Sdks/Microsoft.NET.Sdk/targets/Microsoft.NET.Sdk.targets (46,5)
       Property reassignment: $(IntermediateOutputPath)="obj\Release/net8.0/" (previous value: "obj\Release/") at /usr/share/dotnet/sdk/8.0.415/Sdks/Microsoft.NET.Sdk/targets/Microsoft.NET.DefaultOutputPaths.targets (142,5)
       Property reassignment: $(_GenerateRuntimeConfigurationPropertyInputsCache)="/home/saidul/Desktop/K-Chief Marine Automation Platform/src/KChief.DataAccess/obj/Release/net8.0/KChief.DataAccess.genruntimeconfig.cache" (previous value: "obj\Release/net8.0/KChief.DataAccess.genruntimeconfig.cache") at /usr/share/dotnet/sdk/8.0.415/Sdks/Microsoft.NET.Sdk/targets/Microsoft.NET.Sdk.targets (44,5)
       Property reassignment: $(_GenerateSingleFileBundlePropertyInputsCache)="/home/saidul/Desktop/K-Chief Marine Automation Platform/src/KChief.Protocols.Modbus/obj/Release/net8.0/KChief.Protocols.Modbus.genbundle.cache" (previous value: "obj\Release/net8.0/KChief.Protocols.Modbus.genbundle.cache") at /usr/share/dotnet/sdk/8.0.415/Sdks/Microsoft.NET.Sdk/targets/Microsoft.NET.Sdk.targets (48,5)
       Property reassignment: $(_GeneratePublishDependencyFilePropertyInputsCache)="/home/saidul/Desktop/K-Chief Marine Automation Platform/src/KChief.DataAccess/obj/Release/net8.0/KChief.DataAccess.genpublishdeps.cache" (previous value: "obj\Release/net8.0/KChief.DataAccess.genpublishdeps.cache") at /usr/share/dotnet/sdk/8.0.415/Sdks/Microsoft.NET.Sdk/targets/Microsoft.NET.Sdk.targets (46,5)
       Property reassignment: $(_GenerateSingleFileBundlePropertyInputsCache)="/home/saidul/Desktop/K-Chief Marine Automation Platform/src/KChief.DataAccess/obj/Release/net8.0/KChief.DataAccess.genbundle.cache" (previous value: "obj\Release/net8.0/KChief.DataAccess.genbundle.cache") at /usr/share/dotnet/sdk/8.0.415/Sdks/Microsoft.NET.Sdk/targets/Microsoft.NET.Sdk.targets (48,5)
       Property reassignment: $(GenerateRuntimeConfigDevFile)="false" (previous value: "true") at /usr/share/dotnet/sdk/8.0.415/Sdks/Microsoft.NET.Sdk/targets/Microsoft.NET.Sdk.targets (81,5)
       Property reassignment: $(GenerateRuntimeConfigDevFile)="false" (previous value: "true") at /usr/share/dotnet/sdk/8.0.415/Sdks/Microsoft.NET.Sdk/targets/Microsoft.NET.Sdk.targets (81,5)
       Property 'HOME' with value '/home/saidul' expanded from the environment.
       Property 'HOME' with value '/home/saidul' expanded from the environment.
       Property reassignment: $(_DefaultUserProfileRuntimeStorePath)="/home/saidul/.dotnet/store" (previous value: "/home/saidul") at /usr/share/dotnet/sdk/8.0.415/Sdks/Microsoft.NET.Sdk/targets/Microsoft.NET.Sdk.targets (98,5)
       The "DefaultSdkResolver" resolver attempted to resolve the SDK "Microsoft.NET.SDK.WorkloadManifestTargetsLocator".
       Warnings: null
       Errors: MSB4276: The default SDK resolver failed to resolve SDK "Microsoft.NET.SDK.WorkloadManifestTargetsLocator" because directory "/usr/share/dotnet/sdk/8.0.415/Sdks/Microsoft.NET.SDK.WorkloadManifestTargetsLocator/Sdk" did not exist.
       Property reassignment: $(_DefaultUserProfileRuntimeStorePath)="/home/saidul/.dotnet/store" (previous value: "/home/saidul") at /usr/share/dotnet/sdk/8.0.415/Sdks/Microsoft.NET.Sdk/targets/Microsoft.NET.Sdk.targets (98,5)
       Property reassignment: $(AvailablePlatforms)="Any CPU,x86,x64,ARM32" (previous value: "Any CPU,x86,x64") at /usr/share/dotnet/sdk/8.0.415/Sdks/Microsoft.NET.Sdk/targets/Microsoft.NET.Sdk.targets (136,5)
       Property reassignment: $(AvailablePlatforms)="Any CPU,x86,x64,ARM32" (previous value: "Any CPU,x86,x64") at /usr/share/dotnet/sdk/8.0.415/Sdks/Microsoft.NET.Sdk/targets/Microsoft.NET.Sdk.targets (136,5)
       Property reassignment: $(AvailablePlatforms)="Any CPU,x86,x64,ARM32,ARM64" (previous value: "Any CPU,x86,x64,ARM32") at /usr/share/dotnet/sdk/8.0.415/Sdks/Microsoft.NET.Sdk/targets/Microsoft.NET.Sdk.targets (140,5)
       Property reassignment: $(AvailablePlatforms)="Any CPU,x86,x64,ARM32,ARM64" (previous value: "Any CPU,x86,x64,ARM32") at /usr/share/dotnet/sdk/8.0.415/Sdks/Microsoft.NET.Sdk/targets/Microsoft.NET.Sdk.targets (140,5)
       Property reassignment: $(CoreBuildDependsOn)="
             _CheckForBuildWithNoBuild;
             
             BuildOnlySettings;
             PrepareForBuild;
             PreBuildEvent;
             ResolveReferences;
             PrepareResources;
             ResolveKeySource;
             Compile;
             ExportWindowsMDFile;
             UnmanagedUnregistration;
             GenerateSerializationAssemblies;
             CreateSatelliteAssemblies;
             GenerateManifests;
             GetTargetPath;
             PrepareForRun;
             UnmanagedRegistration;
             IncrementalClean;
             PostBuildEvent
           ;
             GenerateBuildDependencyFile;
             GenerateBuildRuntimeConfigurationFiles
           " (previous value: "
             BuildOnlySettings;
             PrepareForBuild;
             PreBuildEvent;
             ResolveReferences;
             PrepareResources;
             ResolveKeySource;
             Compile;
             ExportWindowsMDFile;
             UnmanagedUnregistration;
             GenerateSerializationAssemblies;
             CreateSatelliteAssemblies;
             GenerateManifests;
             GetTargetPath;
             PrepareForRun;
             UnmanagedRegistration;
             IncrementalClean;
             PostBuildEvent
           ") at /usr/share/dotnet/sdk/8.0.415/Sdks/Microsoft.NET.Sdk/targets/Microsoft.NET.Sdk.targets (197,5)
       Property reassignment: $(CoreBuildDependsOn)="
             _CheckForBuildWithNoBuild;
             
             BuildOnlySettings;
             PrepareForBuild;
             PreBuildEvent;
             ResolveReferences;
             PrepareResources;
             ResolveKeySource;
             Compile;
             ExportWindowsMDFile;
             UnmanagedUnregistration;
             GenerateSerializationAssemblies;
             CreateSatelliteAssemblies;
             GenerateManifests;
             GetTargetPath;
             PrepareForRun;
             UnmanagedRegistration;
             IncrementalClean;
             PostBuildEvent
           ;
             GenerateBuildDependencyFile;
             GenerateBuildRuntimeConfigurationFiles
           " (previous value: "
             BuildOnlySettings;
             PrepareForBuild;
             PreBuildEvent;
             ResolveReferences;
             PrepareResources;
             ResolveKeySource;
             Compile;
             ExportWindowsMDFile;
             UnmanagedUnregistration;
             GenerateSerializationAssemblies;
             CreateSatelliteAssemblies;
             GenerateManifests;
             GetTargetPath;
             PrepareForRun;
             UnmanagedRegistration;
             IncrementalClean;
             PostBuildEvent
           ") at /usr/share/dotnet/sdk/8.0.415/Sdks/Microsoft.NET.Sdk/targets/Microsoft.NET.Sdk.targets (197,5)
       Property reassignment: $(CoreCleanDependsOn)="
             _SdkBeforeClean;
             
           " (previous value: "") at /usr/share/dotnet/sdk/8.0.415/Sdks/Microsoft.NET.Sdk/targets/Microsoft.NET.Sdk.targets (206,5)
       Property reassignment: $(CoreCleanDependsOn)="
             _SdkBeforeClean;
             
           " (previous value: "") at /usr/share/dotnet/sdk/8.0.415/Sdks/Microsoft.NET.Sdk/targets/Microsoft.NET.Sdk.targets (206,5)
       Property reassignment: $(RebuildDependsOn)="
             _SdkBeforeRebuild;
             
             BeforeRebuild;
             Clean;
             Build;
             AfterRebuild;
           
           " (previous value: "
             BeforeRebuild;
             Clean;
             Build;
             AfterRebuild;
           ") at /usr/share/dotnet/sdk/8.0.415/Sdks/Microsoft.NET.Sdk/targets/Microsoft.NET.Sdk.targets (213,5)
       Property reassignment: $(RebuildDependsOn)="
             _SdkBeforeRebuild;
             
             BeforeRebuild;
             Clean;
             Build;
             AfterRebuild;
           
           " (previous value: "
             BeforeRebuild;
             Clean;
             Build;
             AfterRebuild;
           ") at /usr/share/dotnet/sdk/8.0.415/Sdks/Microsoft.NET.Sdk/targets/Microsoft.NET.Sdk.targets (213,5)
       Property reassignment: $(CompileDependsOn)="
             
             ResolveReferences;
             ResolveKeySource;
             SetWin32ManifestProperties;
             _SetPreferNativeArm64Win32ManifestProperties;
             FindReferenceAssembliesForReferences;
             _GenerateCompileInputs;
             BeforeCompile;
             _TimeStampBeforeCompile;
             _GenerateCompileDependencyCache;
             CoreCompile;
             _TimeStampAfterCompile;
             AfterCompile;
           ;
             _CreateAppHost;
             _CreateComHost;
             _GetIjwHostPaths;
           " (previous value: "
             ResolveReferences;
             ResolveKeySource;
             SetWin32ManifestProperties;
             _SetPreferNativeArm64Win32ManifestProperties;
             FindReferenceAssembliesForReferences;
             _GenerateCompileInputs;
             BeforeCompile;
             _TimeStampBeforeCompile;
             _GenerateCompileDependencyCache;
             CoreCompile;
             _TimeStampAfterCompile;
             AfterCompile;
           ") at /usr/share/dotnet/sdk/8.0.415/Sdks/Microsoft.NET.Sdk/targets/Microsoft.NET.Sdk.targets (679,5)
       Property reassignment: $(CompileDependsOn)="
             
             ResolveReferences;
             ResolveKeySource;
             SetWin32ManifestProperties;
             _SetPreferNativeArm64Win32ManifestProperties;
             FindReferenceAssembliesForReferences;
             _GenerateCompileInputs;
             BeforeCompile;
             _TimeStampBeforeCompile;
             _GenerateCompileDependencyCache;
             CoreCompile;
             _TimeStampAfterCompile;
             AfterCompile;
           ;
             _CreateAppHost;
             _CreateComHost;
             _GetIjwHostPaths;
           " (previous value: "
             ResolveReferences;
             ResolveKeySource;
             SetWin32ManifestProperties;
             _SetPreferNativeArm64Win32ManifestProperties;
             FindReferenceAssembliesForReferences;
             _GenerateCompileInputs;
             BeforeCompile;
             _TimeStampBeforeCompile;
             _GenerateCompileDependencyCache;
             CoreCompile;
             _TimeStampAfterCompile;
             AfterCompile;
           ") at /usr/share/dotnet/sdk/8.0.415/Sdks/Microsoft.NET.Sdk/targets/Microsoft.NET.Sdk.targets (679,5)
       Property reassignment: $(CreateSatelliteAssembliesDependsOn)="
             
             ;
             _GenerateSatelliteAssemblyInputs;
             ComputeIntermediateSatelliteAssemblies;
             GenerateSatelliteAssemblies
           ;
             CoreGenerateSatelliteAssemblies
           " (previous value: "
             ;
             _GenerateSatelliteAssemblyInputs;
             ComputeIntermediateSatelliteAssemblies;
             GenerateSatelliteAssemblies
           ") at /usr/share/dotnet/sdk/8.0.415/Sdks/Microsoft.NET.Sdk/targets/Microsoft.NET.Sdk.targets (1065,5)
       Property reassignment: $(CreateSatelliteAssembliesDependsOn)="
             
             ;
             _GenerateSatelliteAssemblyInputs;
             ComputeIntermediateSatelliteAssemblies;
             GenerateSatelliteAssemblies
           ;
             CoreGenerateSatelliteAssemblies
           " (previous value: "
             ;
             _GenerateSatelliteAssemblyInputs;
             ComputeIntermediateSatelliteAssemblies;
             GenerateSatelliteAssemblies
           ") at /usr/share/dotnet/sdk/8.0.415/Sdks/Microsoft.NET.Sdk/targets/Microsoft.NET.Sdk.targets (1065,5)
       Property reassignment: $(SourceLinkUrlInitializerTargets)=";_InitializeGitHubSourceLinkUrl;_InitializeGitLabSourceLinkUrl" (previous value: ";_InitializeGitHubSourceLinkUrl") at /usr/share/dotnet/sdk/8.0.415/Sdks/Microsoft.SourceLink.GitLab/build/Microsoft.SourceLink.GitLab.targets (12,5)
       Property reassignment: $(SourceLinkUrlInitializerTargets)=";_InitializeGitHubSourceLinkUrl;_InitializeGitLabSourceLinkUrl" (previous value: ";_InitializeGitHubSourceLinkUrl") at /usr/share/dotnet/sdk/8.0.415/Sdks/Microsoft.SourceLink.GitLab/build/Microsoft.SourceLink.GitLab.targets (12,5)
       Property reassignment: $(SourceControlManagerUrlTranslationTargets)=";TranslateGitHubUrlsInSourceControlInformation;TranslateGitLabUrlsInSourceControlInformation" (previous value: ";TranslateGitHubUrlsInSourceControlInformation") at /usr/share/dotnet/sdk/8.0.415/Sdks/Microsoft.SourceLink.GitLab/build/Microsoft.SourceLink.GitLab.targets (13,5)
       Property reassignment: $(SourceControlManagerUrlTranslationTargets)=";TranslateGitHubUrlsInSourceControlInformation;TranslateGitLabUrlsInSourceControlInformation" (previous value: ";TranslateGitHubUrlsInSourceControlInformation") at /usr/share/dotnet/sdk/8.0.415/Sdks/Microsoft.SourceLink.GitLab/build/Microsoft.SourceLink.GitLab.targets (13,5)
       Property reassignment: $(SourceLinkUrlInitializerTargets)=";_InitializeGitHubSourceLinkUrl;_InitializeGitLabSourceLinkUrl;_InitializeAzureReposGitSourceLinkUrl" (previous value: ";_InitializeGitHubSourceLinkUrl;_InitializeGitLabSourceLinkUrl") at /usr/share/dotnet/sdk/8.0.415/Sdks/Microsoft.SourceLink.AzureRepos.Git/build/Microsoft.SourceLink.AzureRepos.Git.targets (12,5)
       Property reassignment: $(SourceControlManagerUrlTranslationTargets)=";TranslateGitHubUrlsInSourceControlInformation;TranslateGitLabUrlsInSourceControlInformation;TranslateAzureReposGitUrlsInSourceControlInformation" (previous value: ";TranslateGitHubUrlsInSourceControlInformation;TranslateGitLabUrlsInSourceControlInformation") at /usr/share/dotnet/sdk/8.0.415/Sdks/Microsoft.SourceLink.AzureRepos.Git/build/Microsoft.SourceLink.AzureRepos.Git.targets (13,5)
       Property reassignment: $(SourceLinkUrlInitializerTargets)=";_InitializeGitHubSourceLinkUrl;_InitializeGitLabSourceLinkUrl;_InitializeAzureReposGitSourceLinkUrl;_InitializeBitbucketGitSourceLinkUrl" (previous value: ";_InitializeGitHubSourceLinkUrl;_InitializeGitLabSourceLinkUrl;_InitializeAzureReposGitSourceLinkUrl") at /usr/share/dotnet/sdk/8.0.415/Sdks/Microsoft.SourceLink.Bitbucket.Git/build/Microsoft.SourceLink.Bitbucket.Git.targets (12,5)
       Property reassignment: $(SourceLinkUrlInitializerTargets)=";_InitializeGitHubSourceLinkUrl;_InitializeGitLabSourceLinkUrl;_InitializeAzureReposGitSourceLinkUrl" (previous value: ";_InitializeGitHubSourceLinkUrl;_InitializeGitLabSourceLinkUrl") at /usr/share/dotnet/sdk/8.0.415/Sdks/Microsoft.SourceLink.AzureRepos.Git/build/Microsoft.SourceLink.AzureRepos.Git.targets (12,5)
       Property reassignment: $(SourceControlManagerUrlTranslationTargets)=";TranslateGitHubUrlsInSourceControlInformation;TranslateGitLabUrlsInSourceControlInformation;TranslateAzureReposGitUrlsInSourceControlInformation" (previous value: ";TranslateGitHubUrlsInSourceControlInformation;TranslateGitLabUrlsInSourceControlInformation") at /usr/share/dotnet/sdk/8.0.415/Sdks/Microsoft.SourceLink.AzureRepos.Git/build/Microsoft.SourceLink.AzureRepos.Git.targets (13,5)
       Property reassignment: $(SourceControlManagerUrlTranslationTargets)=";TranslateGitHubUrlsInSourceControlInformation;TranslateGitLabUrlsInSourceControlInformation;TranslateAzureReposGitUrlsInSourceControlInformation;TranslateBitbucketGitUrlsInSourceControlInformation" (previous value: ";TranslateGitHubUrlsInSourceControlInformation;TranslateGitLabUrlsInSourceControlInformation;TranslateAzureReposGitUrlsInSourceControlInformation") at /usr/share/dotnet/sdk/8.0.415/Sdks/Microsoft.SourceLink.Bitbucket.Git/build/Microsoft.SourceLink.Bitbucket.Git.targets (13,5)
       Property reassignment: $(DesignerRuntimeImplementationProjectOutputGroupDependsOn)="
             
             ;
             
             ;
             BuildOnlySettings;
             PrepareForBuild;
             AssignTargetPaths;
             ResolveReferences
           
           ;
             _GenerateDesignerDepsFile;
             _GenerateDesignerRuntimeConfigFile;
             GetCopyToOutputDirectoryItems;
             _GatherDesignerShadowCopyFiles;
           " (previous value: "
             ;
             
             ;
             BuildOnlySettings;
             PrepareForBuild;
             AssignTargetPaths;
             ResolveReferences
           
           ") at /usr/share/dotnet/sdk/8.0.415/Sdks/Microsoft.NET.Sdk/targets/Microsoft.NET.DesignerSupport.targets (21,5)
       Property reassignment: $(_GenerateToolsSettingsFileCacheFile)="/home/saidul/Desktop/K-Chief Marine Automation Platform/src/KChief.DataAccess/obj/Release/net8.0/KChief.DataAccess.toolssettingsinput.cache" (previous value: "obj\Release/net8.0/KChief.DataAccess.toolssettingsinput.cache") at /usr/share/dotnet/sdk/8.0.415/Sdks/Microsoft.NET.Sdk/targets/Microsoft.NET.PackTool.targets (68,5)
       Property reassignment: $(_ShimInputCacheFile)="/home/saidul/Desktop/K-Chief Marine Automation Platform/src/KChief.DataAccess/obj/Release/net8.0/KChief.DataAccess.shiminput.cache" (previous value: "obj\Release/net8.0/KChief.DataAccess.shiminput.cache") at /usr/share/dotnet/sdk/8.0.415/Sdks/Microsoft.NET.Sdk/targets/Microsoft.NET.PackTool.targets (137,5)
       Property reassignment: $(_ShimCreatedSentinelFile)="/home/saidul/Desktop/K-Chief Marine Automation Platform/src/KChief.DataAccess/obj/Release/net8.0/KChief.DataAccess.shimcreated.sentinel" (previous value: "obj\Release/net8.0/KChief.DataAccess.shimcreated.sentinel") at /usr/share/dotnet/sdk/8.0.415/Sdks/Microsoft.NET.Sdk/targets/Microsoft.NET.PackTool.targets (139,5)
       Property reassignment: $(DefineConstants)="TRACE;RELEASE" (previous value: "TRACE") at /usr/share/dotnet/sdk/8.0.415/Sdks/Microsoft.NET.Sdk/targets/Microsoft.NET.Sdk.CSharp.targets (31,5)
       Property reassignment: $(DefineConstants)="TRACE;RELEASE;NET;NET8_0;NETCOREAPP" (previous value: "TRACE;RELEASE") at /usr/share/dotnet/sdk/8.0.415/Sdks/Microsoft.NET.Sdk/targets/Microsoft.NET.Sdk.CSharp.targets (34,5)
       Property reassignment: $(WarningsAsErrors)=";NU1605;SYSLIB0011" (previous value: ";NU1605") at /usr/share/dotnet/sdk/8.0.415/Sdks/Microsoft.NET.Sdk/targets/Microsoft.NET.Sdk.CSharp.targets (48,5)
       The SDK "Microsoft.NET.SDK.WorkloadManifestTargetsLocator" was successfully resolved by the "Microsoft.DotNet.MSBuildWorkloadSdkResolver" resolver to location "/usr/share/dotnet/sdk-manifests/8.0.100/microsoft.net.sdk.android/34.0.43" and version "null".
       Property reassignment: $(PackageDescription)="Package Description" (previous value: "") at /usr/share/dotnet/sdk/8.0.415/Sdks/NuGet.Build.Tasks.Pack/build/NuGet.Build.Tasks.Pack.targets (34,5)
       Property reassignment: $(GenerateNuspecDependsOn)="Build;_LoadPackInputItems; _GetTargetFrameworksOutput; _WalkEachTargetPerFramework; _GetPackageFiles; " (previous value: "_LoadPackInputItems; _GetTargetFrameworksOutput; _WalkEachTargetPerFramework; _GetPackageFiles; ") at /usr/share/dotnet/sdk/8.0.415/Sdks/NuGet.Build.Tasks.Pack/build/NuGet.Build.Tasks.Pack.targets (59,5)
       Property reassignment: $(_IsNotSetContainersTargetsDir)="true" (previous value: "false") at /usr/share/dotnet/sdk/8.0.415/Sdks/Microsoft.NET.Sdk/Sdk/Sdk.targets (59,5)
       Property reassignment: $(_IsSDKContainerAllowedVersion)="true" (previous value: "false") at /usr/share/dotnet/sdk/8.0.415/Containers/build/Microsoft.NET.Build.Containers.targets (5,5)
       Property reassignment: $(_ContainerIsTargetingNet8TFM)="true" (previous value: "false") at /usr/share/dotnet/sdk/8.0.415/Containers/build/Microsoft.NET.Build.Containers.targets (15,5)
       Property reassignment: $(SourceLinkUrlInitializerTargets)=";_InitializeGitHubSourceLinkUrl;_InitializeGitLabSourceLinkUrl;_InitializeAzureReposGitSourceLinkUrl;_InitializeBitbucketGitSourceLinkUrl" (previous value: ";_InitializeGitHubSourceLinkUrl;_InitializeGitLabSourceLinkUrl;_InitializeAzureReposGitSourceLinkUrl") at /usr/share/dotnet/sdk/8.0.415/Sdks/Microsoft.SourceLink.Bitbucket.Git/build/Microsoft.SourceLink.Bitbucket.Git.targets (12,5)
       Property reassignment: $(SourceControlManagerUrlTranslationTargets)=";TranslateGitHubUrlsInSourceControlInformation;TranslateGitLabUrlsInSourceControlInformation;TranslateAzureReposGitUrlsInSourceControlInformation;TranslateBitbucketGitUrlsInSourceControlInformation" (previous value: ";TranslateGitHubUrlsInSourceControlInformation;TranslateGitLabUrlsInSourceControlInformation;TranslateAzureReposGitUrlsInSourceControlInformation") at /usr/share/dotnet/sdk/8.0.415/Sdks/Microsoft.SourceLink.Bitbucket.Git/build/Microsoft.SourceLink.Bitbucket.Git.targets (13,5)
       Property reassignment: $(DesignerRuntimeImplementationProjectOutputGroupDependsOn)="
             
             ;
             
             ;
             BuildOnlySettings;
             PrepareForBuild;
             AssignTargetPaths;
             ResolveReferences
           
           ;
             _GenerateDesignerDepsFile;
             _GenerateDesignerRuntimeConfigFile;
             GetCopyToOutputDirectoryItems;
             _GatherDesignerShadowCopyFiles;
           " (previous value: "
             ;
             
             ;
             BuildOnlySettings;
             PrepareForBuild;
             AssignTargetPaths;
             ResolveReferences
           
           ") at /usr/share/dotnet/sdk/8.0.415/Sdks/Microsoft.NET.Sdk/targets/Microsoft.NET.DesignerSupport.targets (21,5)
       Property reassignment: $(_GenerateToolsSettingsFileCacheFile)="/home/saidul/Desktop/K-Chief Marine Automation Platform/src/KChief.Protocols.Modbus/obj/Release/net8.0/KChief.Protocols.Modbus.toolssettingsinput.cache" (previous value: "obj\Release/net8.0/KChief.Protocols.Modbus.toolssettingsinput.cache") at /usr/share/dotnet/sdk/8.0.415/Sdks/Microsoft.NET.Sdk/targets/Microsoft.NET.PackTool.targets (68,5)
       Property reassignment: $(_ShimInputCacheFile)="/home/saidul/Desktop/K-Chief Marine Automation Platform/src/KChief.Protocols.Modbus/obj/Release/net8.0/KChief.Protocols.Modbus.shiminput.cache" (previous value: "obj\Release/net8.0/KChief.Protocols.Modbus.shiminput.cache") at /usr/share/dotnet/sdk/8.0.415/Sdks/Microsoft.NET.Sdk/targets/Microsoft.NET.PackTool.targets (137,5)
       Property reassignment: $(_ShimCreatedSentinelFile)="/home/saidul/Desktop/K-Chief Marine Automation Platform/src/KChief.Protocols.Modbus/obj/Release/net8.0/KChief.Protocols.Modbus.shimcreated.sentinel" (previous value: "obj\Release/net8.0/KChief.Protocols.Modbus.shimcreated.sentinel") at /usr/share/dotnet/sdk/8.0.415/Sdks/Microsoft.NET.Sdk/targets/Microsoft.NET.PackTool.targets (139,5)
       Property reassignment: $(DefineConstants)="TRACE;RELEASE" (previous value: "TRACE") at /usr/share/dotnet/sdk/8.0.415/Sdks/Microsoft.NET.Sdk/targets/Microsoft.NET.Sdk.CSharp.targets (31,5)
       Property reassignment: $(DefineConstants)="TRACE;RELEASE;NET;NET8_0;NETCOREAPP" (previous value: "TRACE;RELEASE") at /usr/share/dotnet/sdk/8.0.415/Sdks/Microsoft.NET.Sdk/targets/Microsoft.NET.Sdk.CSharp.targets (34,5)
       Property reassignment: $(WarningsAsErrors)=";NU1605;SYSLIB0011" (previous value: ";NU1605") at /usr/share/dotnet/sdk/8.0.415/Sdks/Microsoft.NET.Sdk/targets/Microsoft.NET.Sdk.CSharp.targets (48,5)
       Property reassignment: $(OutputType)="Exe" (previous value: "Library") at /home/saidul/.nuget/packages/microsoft.net.test.sdk/17.8.0/build/netcoreapp3.1/Microsoft.NET.Test.Sdk.targets (20,5)
       Property reassignment: $(OutputType)="Exe" (previous value: "Library") at /home/saidul/.nuget/packages/microsoft.net.test.sdk/17.8.0/build/netcoreapp3.1/Microsoft.NET.Test.Sdk.targets (20,5)
       Property reassignment: $(_CoverletSourceRootTargetName)="InitializeSourceRootMappedPaths" (previous value: "CoverletGetPathMap") at /home/saidul/.nuget/packages/coverlet.collector/6.0.0/build/netstandard1.0/coverlet.collector.targets (31,5)
       Property reassignment: $(PackageDescription)="Package Description" (previous value: "") at /usr/share/dotnet/sdk/8.0.415/Sdks/NuGet.Build.Tasks.Pack/build/NuGet.Build.Tasks.Pack.targets (34,5)
       Property reassignment: $(GenerateNuspecDependsOn)="Build;_LoadPackInputItems; _GetTargetFrameworksOutput; _WalkEachTargetPerFramework; _GetPackageFiles; " (previous value: "_LoadPackInputItems; _GetTargetFrameworksOutput; _WalkEachTargetPerFramework; _GetPackageFiles; ") at /usr/share/dotnet/sdk/8.0.415/Sdks/NuGet.Build.Tasks.Pack/build/NuGet.Build.Tasks.Pack.targets (59,5)
       Property reassignment: $(_FrameworkIdentifierForImplicitDefine)="NET" (previous value: "NETCOREAPP") at /usr/share/dotnet/sdk/8.0.415/Sdks/Microsoft.NET.Sdk/targets/Microsoft.NET.Sdk.BeforeCommon.targets (187,5)
       Property reassignment: $(_IsNotSetContainersTargetsDir)="true" (previous value: "false") at /usr/share/dotnet/sdk/8.0.415/Sdks/Microsoft.NET.Sdk/Sdk/Sdk.targets (59,5)
       Property reassignment: $(_IsSDKContainerAllowedVersion)="true" (previous value: "false") at /usr/share/dotnet/sdk/8.0.415/Containers/build/Microsoft.NET.Build.Containers.targets (5,5)
       Property reassignment: $(_FrameworkVersionForImplicitDefine)="8_0" (previous value: "8.0") at /usr/share/dotnet/sdk/8.0.415/Sdks/Microsoft.NET.Sdk/targets/Microsoft.NET.Sdk.BeforeCommon.targets (192,5)
       Property reassignment: $(_ContainerIsTargetingNet8TFM)="true" (previous value: "false") at /usr/share/dotnet/sdk/8.0.415/Containers/build/Microsoft.NET.Build.Containers.targets (15,5)
       Property reassignment: $(HasRuntimeOutput)="true" (previous value: "") at /usr/share/dotnet/sdk/8.0.415/Sdks/Microsoft.NET.Sdk/targets/Microsoft.NET.Sdk.Common.targets (37,5)
       Property reassignment: $(ProjectAssetsCacheFile)="/home/saidul/Desktop/K-Chief Marine Automation Platform/tests/KChief.Integration.Tests/obj/Release/net8.0/KChief.Integration.Tests.assets.cache" (previous value: "obj\Release/net8.0/KChief.Integration.Tests.assets.cache") at /usr/share/dotnet/sdk/8.0.415/Sdks/Microsoft.NET.Sdk/targets/Microsoft.PackageDependencyResolution.targets (29,5)
       Property reassignment: $(ResolveAssemblyReferencesDependsOn)="
             
             ResolveProjectReferences;
             FindInvalidProjectReferences;
             GetFrameworkPaths;
             GetReferenceAssemblyPaths;
             PrepareForBuild;
             ResolveSDKReferences;
             ExpandSDKReferences;
           ;
             ResolvePackageDependenciesForBuild;
             _HandlePackageFileConflicts;
           " (previous value: "
             ResolveProjectReferences;
             FindInvalidProjectReferences;
             GetFrameworkPaths;
             GetReferenceAssemblyPaths;
             PrepareForBuild;
             ResolveSDKReferences;
             ExpandSDKReferences;
           ") at /usr/share/dotnet/sdk/8.0.415/Sdks/Microsoft.NET.Sdk/targets/Microsoft.PackageDependencyResolution.targets (80,5)
       Property reassignment: $(PrepareResourcesDependsOn)="
             ResolvePackageDependenciesForBuild;
             _HandlePackageFileConflicts;
             
             ;
             PrepareResourceNames;
             ResGen;
             CompileLicxFiles
           
           " (previous value: "
             ;
             PrepareResourceNames;
             ResGen;
             CompileLicxFiles
           ") at /usr/share/dotnet/sdk/8.0.415/Sdks/Microsoft.NET.Sdk/targets/Microsoft.PackageDependencyResolution.targets (86,5)
       Property reassignment: $(DefaultItemExcludes)=";bin\Release//**;obj\Release//**;bin\/**" (previous value: ";bin\Release//**;obj\Release//**") at /usr/share/dotnet/sdk/8.0.415/Sdks/Microsoft.NET.Sdk/targets/Microsoft.NET.Sdk.DefaultItems.targets (27,5)
       Property reassignment: $(DefaultItemExcludes)=";bin\Release//**;obj\Release//**;bin\/**;obj\/**" (previous value: ";bin\Release//**;obj\Release//**;bin\/**") at /usr/share/dotnet/sdk/8.0.415/Sdks/Microsoft.NET.Sdk/targets/Microsoft.NET.Sdk.DefaultItems.targets (29,5)
       Property reassignment: $(DefaultItemExcludes)=";bin\Release//**;obj\Release//**;bin\/**;obj\/**;**/*.user" (previous value: ";bin\Release//**;obj\Release//**;bin\/**;obj\/**") at /usr/share/dotnet/sdk/8.0.415/Sdks/Microsoft.NET.Sdk/targets/Microsoft.NET.Sdk.DefaultItems.targets (32,5)
       Property reassignment: $(DefaultItemExcludes)=";bin\Release//**;obj\Release//**;bin\/**;obj\/**;**/*.user;**/*.*proj" (previous value: ";bin\Release//**;obj\Release//**;bin\/**;obj\/**;**/*.user") at /usr/share/dotnet/sdk/8.0.415/Sdks/Microsoft.NET.Sdk/targets/Microsoft.NET.Sdk.DefaultItems.targets (33,5)
       Property reassignment: $(DefaultItemExcludes)=";bin\Release//**;obj\Release//**;bin\/**;obj\/**;**/*.user;**/*.*proj;**/*.sln" (previous value: ";bin\Release//**;obj\Release//**;bin\/**;obj\/**;**/*.user;**/*.*proj") at /usr/share/dotnet/sdk/8.0.415/Sdks/Microsoft.NET.Sdk/targets/Microsoft.NET.Sdk.DefaultItems.targets (34,5)
       Property reassignment: $(DefaultItemExcludes)=";bin\Release//**;obj\Release//**;bin\/**;obj\/**;**/*.user;**/*.*proj;**/*.sln;**/*.vssscc" (previous value: ";bin\Release//**;obj\Release//**;bin\/**;obj\/**;**/*.user;**/*.*proj;**/*.sln") at /usr/share/dotnet/sdk/8.0.415/Sdks/Microsoft.NET.Sdk/targets/Microsoft.NET.Sdk.DefaultItems.targets (35,5)
       Property reassignment: $(CommandLineArgsForDesignTimeEvaluation)="-langversion:12.0 -define:TRACE" (previous value: "-langversion:12.0") at /usr/share/dotnet/sdk/8.0.415/Roslyn/Microsoft.CSharp.Core.targets (200,5)
       Property reassignment: $(DefaultItemExcludes)=";bin\Release//**;obj\Release//**;bin\/**;obj\/**;**/*.user;**/*.*proj;**/*.sln;**/*.vssscc;**/.DS_Store" (previous value: ";bin\Release//**;obj\Release//**;bin\/**;obj\/**;**/*.user;**/*.*proj;**/*.sln;**/*.vssscc") at /usr/share/dotnet/sdk/8.0.415/Sdks/Microsoft.NET.Sdk/targets/Microsoft.NET.Sdk.DefaultItems.targets (36,5)
       Property reassignment: $(ResolveAssemblyReferencesDependsOn)="
             
             
             ResolveProjectReferences;
             FindInvalidProjectReferences;
             GetFrameworkPaths;
             GetReferenceAssemblyPaths;
             PrepareForBuild;
             ResolveSDKReferences;
             ExpandSDKReferences;
           ;
             ResolvePackageDependenciesForBuild;
             _HandlePackageFileConflicts;
           ;
             ResolveTargetingPackAssets;
           " (previous value: "
             
             ResolveProjectReferences;
             FindInvalidProjectReferences;
             GetFrameworkPaths;
             GetReferenceAssemblyPaths;
             PrepareForBuild;
             ResolveSDKReferences;
             ExpandSDKReferences;
           ;
             ResolvePackageDependenciesForBuild;
             _HandlePackageFileConflicts;
           ") at /usr/share/dotnet/sdk/8.0.415/Sdks/Microsoft.NET.Sdk/targets/Microsoft.NET.Sdk.FrameworkReferenceResolution.targets (14,5)
       Property reassignment: $(_GenerateRuntimeConfigurationPropertyInputsCache)="/home/saidul/Desktop/K-Chief Marine Automation Platform/tests/KChief.Integration.Tests/obj/Release/net8.0/KChief.Integration.Tests.genruntimeconfig.cache" (previous value: "obj\Release/net8.0/KChief.Integration.Tests.genruntimeconfig.cache") at /usr/share/dotnet/sdk/8.0.415/Sdks/Microsoft.NET.Sdk/targets/Microsoft.NET.Sdk.targets (44,5)
       Property reassignment: $(_GeneratePublishDependencyFilePropertyInputsCache)="/home/saidul/Desktop/K-Chief Marine Automation Platform/tests/KChief.Integration.Tests/obj/Release/net8.0/KChief.Integration.Tests.genpublishdeps.cache" (previous value: "obj\Release/net8.0/KChief.Integration.Tests.genpublishdeps.cache") at /usr/share/dotnet/sdk/8.0.415/Sdks/Microsoft.NET.Sdk/targets/Microsoft.NET.Sdk.targets (46,5)
       Property reassignment: $(_GenerateSingleFileBundlePropertyInputsCache)="/home/saidul/Desktop/K-Chief Marine Automation Platform/tests/KChief.Integration.Tests/obj/Release/net8.0/KChief.Integration.Tests.genbundle.cache" (previous value: "obj\Release/net8.0/KChief.Integration.Tests.genbundle.cache") at /usr/share/dotnet/sdk/8.0.415/Sdks/Microsoft.NET.Sdk/targets/Microsoft.NET.Sdk.targets (48,5)
       Property reassignment: $(GenerateRuntimeConfigDevFile)="false" (previous value: "true") at /usr/share/dotnet/sdk/8.0.415/Sdks/Microsoft.NET.Sdk/targets/Microsoft.NET.Sdk.targets (81,5)
       Property reassignment: $(_CoverletSourceRootTargetName)="InitializeSourceRootMappedPaths" (previous value: "CoverletGetPathMap") at /home/saidul/.nuget/packages/coverlet.collector/6.0.0/build/netstandard1.0/coverlet.collector.targets (31,5)
       Property 'HOME' with value '/home/saidul' expanded from the environment.
       Property reassignment: $(_DefaultUserProfileRuntimeStorePath)="/home/saidul/.dotnet/store" (previous value: "/home/saidul") at /usr/share/dotnet/sdk/8.0.415/Sdks/Microsoft.NET.Sdk/targets/Microsoft.NET.Sdk.targets (98,5)
       Property reassignment: $(AvailablePlatforms)="Any CPU,x86,x64,ARM32" (previous value: "Any CPU,x86,x64") at /usr/share/dotnet/sdk/8.0.415/Sdks/Microsoft.NET.Sdk/targets/Microsoft.NET.Sdk.targets (136,5)
       Property reassignment: $(HasRuntimeOutput)="true" (previous value: "") at /usr/share/dotnet/sdk/8.0.415/Sdks/Microsoft.NET.Sdk/targets/Microsoft.NET.Sdk.Common.targets (37,5)
       Property reassignment: $(AvailablePlatforms)="Any CPU,x86,x64,ARM32,ARM64" (previous value: "Any CPU,x86,x64,ARM32") at /usr/share/dotnet/sdk/8.0.415/Sdks/Microsoft.NET.Sdk/targets/Microsoft.NET.Sdk.targets (140,5)
       Property reassignment: $(ProjectAssetsCacheFile)="/home/saidul/Desktop/K-Chief Marine Automation Platform/tests/KChief.Platform.Tests/obj/Release/net8.0/KChief.Platform.Tests.assets.cache" (previous value: "obj\Release/net8.0/KChief.Platform.Tests.assets.cache") at /usr/share/dotnet/sdk/8.0.415/Sdks/Microsoft.NET.Sdk/targets/Microsoft.PackageDependencyResolution.targets (29,5)
       Property reassignment: $(ResolveAssemblyReferencesDependsOn)="
             
             ResolveProjectReferences;
             FindInvalidProjectReferences;
             GetFrameworkPaths;
             GetReferenceAssemblyPaths;
             PrepareForBuild;
             ResolveSDKReferences;
             ExpandSDKReferences;
           ;
             ResolvePackageDependenciesForBuild;
             _HandlePackageFileConflicts;
           " (previous value: "
             ResolveProjectReferences;
             FindInvalidProjectReferences;
             GetFrameworkPaths;
             GetReferenceAssemblyPaths;
             PrepareForBuild;
             ResolveSDKReferences;
             ExpandSDKReferences;
           ") at /usr/share/dotnet/sdk/8.0.415/Sdks/Microsoft.NET.Sdk/targets/Microsoft.PackageDependencyResolution.targets (80,5)
       Property reassignment: $(PrepareResourcesDependsOn)="
             ResolvePackageDependenciesForBuild;
             _HandlePackageFileConflicts;
             
             ;
             PrepareResourceNames;
             ResGen;
             CompileLicxFiles
           
           " (previous value: "
             ;
             PrepareResourceNames;
             ResGen;
             CompileLicxFiles
           ") at /usr/share/dotnet/sdk/8.0.415/Sdks/Microsoft.NET.Sdk/targets/Microsoft.PackageDependencyResolution.targets (86,5)
       Property reassignment: $(DefaultItemExcludes)=";bin\Release//**;obj\Release//**;bin\/**" (previous value: ";bin\Release//**;obj\Release//**") at /usr/share/dotnet/sdk/8.0.415/Sdks/Microsoft.NET.Sdk/targets/Microsoft.NET.Sdk.DefaultItems.targets (27,5)
       Property reassignment: $(DefaultItemExcludes)=";bin\Release//**;obj\Release//**;bin\/**;obj\/**" (previous value: ";bin\Release//**;obj\Release//**;bin\/**") at /usr/share/dotnet/sdk/8.0.415/Sdks/Microsoft.NET.Sdk/targets/Microsoft.NET.Sdk.DefaultItems.targets (29,5)
       Property reassignment: $(CoreBuildDependsOn)="
             _CheckForBuildWithNoBuild;
             
             BuildOnlySettings;
             PrepareForBuild;
             PreBuildEvent;
             ResolveReferences;
             PrepareResources;
             ResolveKeySource;
             Compile;
             ExportWindowsMDFile;
             UnmanagedUnregistration;
             GenerateSerializationAssemblies;
             CreateSatelliteAssemblies;
             GenerateManifests;
             GetTargetPath;
             PrepareForRun;
             UnmanagedRegistration;
             IncrementalClean;
             PostBuildEvent
           ;
             GenerateBuildDependencyFile;
             GenerateBuildRuntimeConfigurationFiles
           " (previous value: "
             BuildOnlySettings;
             PrepareForBuild;
             PreBuildEvent;
             ResolveReferences;
             PrepareResources;
             ResolveKeySource;
             Compile;
             ExportWindowsMDFile;
             UnmanagedUnregistration;
             GenerateSerializationAssemblies;
             CreateSatelliteAssemblies;
             GenerateManifests;
             GetTargetPath;
             PrepareForRun;
             UnmanagedRegistration;
             IncrementalClean;
             PostBuildEvent
           ") at /usr/share/dotnet/sdk/8.0.415/Sdks/Microsoft.NET.Sdk/targets/Microsoft.NET.Sdk.targets (197,5)
       Property reassignment: $(DefaultItemExcludes)=";bin\Release//**;obj\Release//**;bin\/**;obj\/**;**/*.user" (previous value: ";bin\Release//**;obj\Release//**;bin\/**;obj\/**") at /usr/share/dotnet/sdk/8.0.415/Sdks/Microsoft.NET.Sdk/targets/Microsoft.NET.Sdk.DefaultItems.targets (32,5)
       Property reassignment: $(DefaultItemExcludes)=";bin\Release//**;obj\Release//**;bin\/**;obj\/**;**/*.user;**/*.*proj" (previous value: ";bin\Release//**;obj\Release//**;bin\/**;obj\/**;**/*.user") at /usr/share/dotnet/sdk/8.0.415/Sdks/Microsoft.NET.Sdk/targets/Microsoft.NET.Sdk.DefaultItems.targets (33,5)
       Property reassignment: $(CoreCleanDependsOn)="
             _SdkBeforeClean;
             
           " (previous value: "") at /usr/share/dotnet/sdk/8.0.415/Sdks/Microsoft.NET.Sdk/targets/Microsoft.NET.Sdk.targets (206,5)
       Property reassignment: $(DefaultItemExcludes)=";bin\Release//**;obj\Release//**;bin\/**;obj\/**;**/*.user;**/*.*proj;**/*.sln" (previous value: ";bin\Release//**;obj\Release//**;bin\/**;obj\/**;**/*.user;**/*.*proj") at /usr/share/dotnet/sdk/8.0.415/Sdks/Microsoft.NET.Sdk/targets/Microsoft.NET.Sdk.DefaultItems.targets (34,5)
       Property reassignment: $(RebuildDependsOn)="
             _SdkBeforeRebuild;
             
             BeforeRebuild;
             Clean;
             Build;
             AfterRebuild;
           
           " (previous value: "
             BeforeRebuild;
             Clean;
             Build;
             AfterRebuild;
           ") at /usr/share/dotnet/sdk/8.0.415/Sdks/Microsoft.NET.Sdk/targets/Microsoft.NET.Sdk.targets (213,5)
       Property reassignment: $(DefaultItemExcludes)=";bin\Release//**;obj\Release//**;bin\/**;obj\/**;**/*.user;**/*.*proj;**/*.sln;**/*.vssscc" (previous value: ";bin\Release//**;obj\Release//**;bin\/**;obj\/**;**/*.user;**/*.*proj;**/*.sln") at /usr/share/dotnet/sdk/8.0.415/Sdks/Microsoft.NET.Sdk/targets/Microsoft.NET.Sdk.DefaultItems.targets (35,5)
       Property reassignment: $(DefaultItemExcludes)=";bin\Release//**;obj\Release//**;bin\/**;obj\/**;**/*.user;**/*.*proj;**/*.sln;**/*.vssscc;**/.DS_Store" (previous value: ";bin\Release//**;obj\Release//**;bin\/**;obj\/**;**/*.user;**/*.*proj;**/*.sln;**/*.vssscc") at /usr/share/dotnet/sdk/8.0.415/Sdks/Microsoft.NET.Sdk/targets/Microsoft.NET.Sdk.DefaultItems.targets (36,5)
       Property reassignment: $(CompileDependsOn)="
             
             ResolveReferences;
             ResolveKeySource;
             SetWin32ManifestProperties;
             _SetPreferNativeArm64Win32ManifestProperties;
             FindReferenceAssembliesForReferences;
             _GenerateCompileInputs;
             BeforeCompile;
             _TimeStampBeforeCompile;
             _GenerateCompileDependencyCache;
             CoreCompile;
             _TimeStampAfterCompile;
             AfterCompile;
           ;
             _CreateAppHost;
             _CreateComHost;
             _GetIjwHostPaths;
           " (previous value: "
             ResolveReferences;
             ResolveKeySource;
             SetWin32ManifestProperties;
             _SetPreferNativeArm64Win32ManifestProperties;
             FindReferenceAssembliesForReferences;
             _GenerateCompileInputs;
             BeforeCompile;
             _TimeStampBeforeCompile;
             _GenerateCompileDependencyCache;
             CoreCompile;
             _TimeStampAfterCompile;
             AfterCompile;
           ") at /usr/share/dotnet/sdk/8.0.415/Sdks/Microsoft.NET.Sdk/targets/Microsoft.NET.Sdk.targets (679,5)
       Property reassignment: $(ResolveAssemblyReferencesDependsOn)="
             
             
             ResolveProjectReferences;
             FindInvalidProjectReferences;
             GetFrameworkPaths;
             GetReferenceAssemblyPaths;
             PrepareForBuild;
             ResolveSDKReferences;
             ExpandSDKReferences;
           ;
             ResolvePackageDependenciesForBuild;
             _HandlePackageFileConflicts;
           ;
             ResolveTargetingPackAssets;
           " (previous value: "
             
             ResolveProjectReferences;
             FindInvalidProjectReferences;
             GetFrameworkPaths;
             GetReferenceAssemblyPaths;
             PrepareForBuild;
             ResolveSDKReferences;
             ExpandSDKReferences;
           ;
             ResolvePackageDependenciesForBuild;
             _HandlePackageFileConflicts;
           ") at /usr/share/dotnet/sdk/8.0.415/Sdks/Microsoft.NET.Sdk/targets/Microsoft.NET.Sdk.FrameworkReferenceResolution.targets (14,5)
       Property reassignment: $(CreateSatelliteAssembliesDependsOn)="
             
             ;
             _GenerateSatelliteAssemblyInputs;
             ComputeIntermediateSatelliteAssemblies;
             GenerateSatelliteAssemblies
           ;
             CoreGenerateSatelliteAssemblies
           " (previous value: "
             ;
             _GenerateSatelliteAssemblyInputs;
             ComputeIntermediateSatelliteAssemblies;
             GenerateSatelliteAssemblies
           ") at /usr/share/dotnet/sdk/8.0.415/Sdks/Microsoft.NET.Sdk/targets/Microsoft.NET.Sdk.targets (1065,5)
       Property reassignment: $(_GenerateRuntimeConfigurationPropertyInputsCache)="/home/saidul/Desktop/K-Chief Marine Automation Platform/tests/KChief.Platform.Tests/obj/Release/net8.0/KChief.Platform.Tests.genruntimeconfig.cache" (previous value: "obj\Release/net8.0/KChief.Platform.Tests.genruntimeconfig.cache") at /usr/share/dotnet/sdk/8.0.415/Sdks/Microsoft.NET.Sdk/targets/Microsoft.NET.Sdk.targets (44,5)
       Property reassignment: $(_GeneratePublishDependencyFilePropertyInputsCache)="/home/saidul/Desktop/K-Chief Marine Automation Platform/tests/KChief.Platform.Tests/obj/Release/net8.0/KChief.Platform.Tests.genpublishdeps.cache" (previous value: "obj\Release/net8.0/KChief.Platform.Tests.genpublishdeps.cache") at /usr/share/dotnet/sdk/8.0.415/Sdks/Microsoft.NET.Sdk/targets/Microsoft.NET.Sdk.targets (46,5)
       Property reassignment: $(_GenerateSingleFileBundlePropertyInputsCache)="/home/saidul/Desktop/K-Chief Marine Automation Platform/tests/KChief.Platform.Tests/obj/Release/net8.0/KChief.Platform.Tests.genbundle.cache" (previous value: "obj\Release/net8.0/KChief.Platform.Tests.genbundle.cache") at /usr/share/dotnet/sdk/8.0.415/Sdks/Microsoft.NET.Sdk/targets/Microsoft.NET.Sdk.targets (48,5)
       Property reassignment: $(GenerateRuntimeConfigDevFile)="false" (previous value: "true") at /usr/share/dotnet/sdk/8.0.415/Sdks/Microsoft.NET.Sdk/targets/Microsoft.NET.Sdk.targets (81,5)
       Property 'HOME' with value '/home/saidul' expanded from the environment.
       Property reassignment: $(_DefaultUserProfileRuntimeStorePath)="/home/saidul/.dotnet/store" (previous value: "/home/saidul") at /usr/share/dotnet/sdk/8.0.415/Sdks/Microsoft.NET.Sdk/targets/Microsoft.NET.Sdk.targets (98,5)
       Property reassignment: $(AvailablePlatforms)="Any CPU,x86,x64,ARM32" (previous value: "Any CPU,x86,x64") at /usr/share/dotnet/sdk/8.0.415/Sdks/Microsoft.NET.Sdk/targets/Microsoft.NET.Sdk.targets (136,5)
       The "Platform" property is a global property, and cannot be modified.
       The "Configuration" property is a global property, and cannot be modified.
       Property reassignment: $(AvailablePlatforms)="Any CPU,x86,x64,ARM32,ARM64" (previous value: "Any CPU,x86,x64,ARM32") at /usr/share/dotnet/sdk/8.0.415/Sdks/Microsoft.NET.Sdk/targets/Microsoft.NET.Sdk.targets (140,5)
       Property reassignment: $(CoreBuildDependsOn)="
             _CheckForBuildWithNoBuild;
             
             BuildOnlySettings;
             PrepareForBuild;
             PreBuildEvent;
             ResolveReferences;
             PrepareResources;
             ResolveKeySource;
             Compile;
             ExportWindowsMDFile;
             UnmanagedUnregistration;
             GenerateSerializationAssemblies;
             CreateSatelliteAssemblies;
             GenerateManifests;
             GetTargetPath;
             PrepareForRun;
             UnmanagedRegistration;
             IncrementalClean;
             PostBuildEvent
           ;
             GenerateBuildDependencyFile;
             GenerateBuildRuntimeConfigurationFiles
           " (previous value: "
             BuildOnlySettings;
             PrepareForBuild;
             PreBuildEvent;
             ResolveReferences;
             PrepareResources;
             ResolveKeySource;
             Compile;
             ExportWindowsMDFile;
             UnmanagedUnregistration;
             GenerateSerializationAssemblies;
             CreateSatelliteAssemblies;
             GenerateManifests;
             GetTargetPath;
             PrepareForRun;
             UnmanagedRegistration;
             IncrementalClean;
             PostBuildEvent
           ") at /usr/share/dotnet/sdk/8.0.415/Sdks/Microsoft.NET.Sdk/targets/Microsoft.NET.Sdk.targets (197,5)
       Property reassignment: $(CoreCleanDependsOn)="
             _SdkBeforeClean;
             
           " (previous value: "") at /usr/share/dotnet/sdk/8.0.415/Sdks/Microsoft.NET.Sdk/targets/Microsoft.NET.Sdk.targets (206,5)
       Property reassignment: $(RebuildDependsOn)="
             _SdkBeforeRebuild;
             
             BeforeRebuild;
             Clean;
             Build;
             AfterRebuild;
           
           " (previous value: "
             BeforeRebuild;
             Clean;
             Build;
             AfterRebuild;
           ") at /usr/share/dotnet/sdk/8.0.415/Sdks/Microsoft.NET.Sdk/targets/Microsoft.NET.Sdk.targets (213,5)
       Property reassignment: $(CompileDependsOn)="
             
             ResolveReferences;
             ResolveKeySource;
             SetWin32ManifestProperties;
             _SetPreferNativeArm64Win32ManifestProperties;
             FindReferenceAssembliesForReferences;
             _GenerateCompileInputs;
             BeforeCompile;
             _TimeStampBeforeCompile;
             _GenerateCompileDependencyCache;
             CoreCompile;
             _TimeStampAfterCompile;
             AfterCompile;
           ;
             _CreateAppHost;
             _CreateComHost;
             _GetIjwHostPaths;
           " (previous value: "
             ResolveReferences;
             ResolveKeySource;
             SetWin32ManifestProperties;
             _SetPreferNativeArm64Win32ManifestProperties;
             FindReferenceAssembliesForReferences;
             _GenerateCompileInputs;
             BeforeCompile;
             _TimeStampBeforeCompile;
             _GenerateCompileDependencyCache;
             CoreCompile;
             _TimeStampAfterCompile;
             AfterCompile;
           ") at /usr/share/dotnet/sdk/8.0.415/Sdks/Microsoft.NET.Sdk/targets/Microsoft.NET.Sdk.targets (679,5)
       Property reassignment: $(CreateSatelliteAssembliesDependsOn)="
             
             ;
             _GenerateSatelliteAssemblyInputs;
             ComputeIntermediateSatelliteAssemblies;
             GenerateSatelliteAssemblies
           ;
             CoreGenerateSatelliteAssemblies
           " (previous value: "
             ;
             _GenerateSatelliteAssemblyInputs;
             ComputeIntermediateSatelliteAssemblies;
             GenerateSatelliteAssemblies
           ") at /usr/share/dotnet/sdk/8.0.415/Sdks/Microsoft.NET.Sdk/targets/Microsoft.NET.Sdk.targets (1065,5)
       Property reassignment: $(SourceLinkUrlInitializerTargets)=";_InitializeGitHubSourceLinkUrl;_InitializeGitLabSourceLinkUrl" (previous value: ";_InitializeGitHubSourceLinkUrl") at /usr/share/dotnet/sdk/8.0.415/Sdks/Microsoft.SourceLink.GitLab/build/Microsoft.SourceLink.GitLab.targets (12,5)
       Property reassignment: $(SourceControlManagerUrlTranslationTargets)=";TranslateGitHubUrlsInSourceControlInformation;TranslateGitLabUrlsInSourceControlInformation" (previous value: ";TranslateGitHubUrlsInSourceControlInformation") at /usr/share/dotnet/sdk/8.0.415/Sdks/Microsoft.SourceLink.GitLab/build/Microsoft.SourceLink.GitLab.targets (13,5)
       Property reassignment: $(SourceLinkUrlInitializerTargets)=";_InitializeGitHubSourceLinkUrl;_InitializeGitLabSourceLinkUrl;_InitializeAzureReposGitSourceLinkUrl" (previous value: ";_InitializeGitHubSourceLinkUrl;_InitializeGitLabSourceLinkUrl") at /usr/share/dotnet/sdk/8.0.415/Sdks/Microsoft.SourceLink.AzureRepos.Git/build/Microsoft.SourceLink.AzureRepos.Git.targets (12,5)
       Property reassignment: $(SourceControlManagerUrlTranslationTargets)=";TranslateGitHubUrlsInSourceControlInformation;TranslateGitLabUrlsInSourceControlInformation;TranslateAzureReposGitUrlsInSourceControlInformation" (previous value: ";TranslateGitHubUrlsInSourceControlInformation;TranslateGitLabUrlsInSourceControlInformation") at /usr/share/dotnet/sdk/8.0.415/Sdks/Microsoft.SourceLink.AzureRepos.Git/build/Microsoft.SourceLink.AzureRepos.Git.targets (13,5)
       Property reassignment: $(_DebugSymbolsProduced)="true" (previous value: "false") at /usr/share/dotnet/sdk/8.0.415/Microsoft.Common.CurrentVersion.targets (179,5)
       Property reassignment: $(SourceLinkUrlInitializerTargets)=";_InitializeGitHubSourceLinkUrl;_InitializeGitLabSourceLinkUrl;_InitializeAzureReposGitSourceLinkUrl;_InitializeBitbucketGitSourceLinkUrl" (previous value: ";_InitializeGitHubSourceLinkUrl;_InitializeGitLabSourceLinkUrl;_InitializeAzureReposGitSourceLinkUrl") at /usr/share/dotnet/sdk/8.0.415/Sdks/Microsoft.SourceLink.Bitbucket.Git/build/Microsoft.SourceLink.Bitbucket.Git.targets (12,5)
       Property reassignment: $(_DocumentationFileProduced)="false" (previous value: "true") at /usr/share/dotnet/sdk/8.0.415/Microsoft.Common.CurrentVersion.targets (185,5)
       Property reassignment: $(SourceControlManagerUrlTranslationTargets)=";TranslateGitHubUrlsInSourceControlInformation;TranslateGitLabUrlsInSourceControlInformation;TranslateAzureReposGitUrlsInSourceControlInformation;TranslateBitbucketGitUrlsInSourceControlInformation" (previous value: ";TranslateGitHubUrlsInSourceControlInformation;TranslateGitLabUrlsInSourceControlInformation;TranslateAzureReposGitUrlsInSourceControlInformation") at /usr/share/dotnet/sdk/8.0.415/Sdks/Microsoft.SourceLink.Bitbucket.Git/build/Microsoft.SourceLink.Bitbucket.Git.targets (13,5)
       Property reassignment: $(DesignerRuntimeImplementationProjectOutputGroupDependsOn)="
             
             ;
             
             ;
             BuildOnlySettings;
             PrepareForBuild;
             AssignTargetPaths;
             ResolveReferences
           
           ;
             _GenerateDesignerDepsFile;
             _GenerateDesignerRuntimeConfigFile;
             GetCopyToOutputDirectoryItems;
             _GatherDesignerShadowCopyFiles;
           " (previous value: "
             ;
             
             ;
             BuildOnlySettings;
             PrepareForBuild;
             AssignTargetPaths;
             ResolveReferences
           
           ") at /usr/share/dotnet/sdk/8.0.415/Sdks/Microsoft.NET.Sdk/targets/Microsoft.NET.DesignerSupport.targets (21,5)
       Overriding target "ResolveFrameworkReferences" in project "/usr/share/dotnet/sdk/8.0.415/Microsoft.Common.CurrentVersion.targets" with target "ResolveFrameworkReferences" from project "/usr/share/dotnet/sdk/8.0.415/Sdks/Microsoft.NET.Sdk/targets/Microsoft.NET.Sdk.FrameworkReferenceResolution.targets".
       Property reassignment: $(SourceLinkUrlInitializerTargets)=";_InitializeGitHubSourceLinkUrl;_InitializeGitLabSourceLinkUrl" (previous value: ";_InitializeGitHubSourceLinkUrl") at /usr/share/dotnet/sdk/8.0.415/Sdks/Microsoft.SourceLink.GitLab/build/Microsoft.SourceLink.GitLab.targets (12,5)
       Property reassignment: $(SourceControlManagerUrlTranslationTargets)=";TranslateGitHubUrlsInSourceControlInformation;TranslateGitLabUrlsInSourceControlInformation" (previous value: ";TranslateGitHubUrlsInSourceControlInformation") at /usr/share/dotnet/sdk/8.0.415/Sdks/Microsoft.SourceLink.GitLab/build/Microsoft.SourceLink.GitLab.targets (13,5)
       Overriding target "Run" in project "/usr/share/dotnet/sdk/8.0.415/Microsoft.Common.CurrentVersion.targets" with target "Run" from project "/usr/share/dotnet/sdk/8.0.415/Sdks/Microsoft.NET.Sdk/targets/Microsoft.NET.Sdk.targets".
       Property reassignment: $(SourceLinkUrlInitializerTargets)=";_InitializeGitHubSourceLinkUrl;_InitializeGitLabSourceLinkUrl;_InitializeAzureReposGitSourceLinkUrl" (previous value: ";_InitializeGitHubSourceLinkUrl;_InitializeGitLabSourceLinkUrl") at /usr/share/dotnet/sdk/8.0.415/Sdks/Microsoft.SourceLink.AzureRepos.Git/build/Microsoft.SourceLink.AzureRepos.Git.targets (12,5)
       Overriding target "GenerateSupportedTargetFrameworkAlias" in project "/usr/share/dotnet/sdk/8.0.415/Microsoft.Common.CurrentVersion.targets" with target "GenerateSupportedTargetFrameworkAlias" from project "/usr/share/dotnet/sdk/8.0.415/Sdks/Microsoft.NET.Sdk/targets/Microsoft.NET.Sdk.targets".
       Property reassignment: $(SourceControlManagerUrlTranslationTargets)=";TranslateGitHubUrlsInSourceControlInformation;TranslateGitLabUrlsInSourceControlInformation;TranslateAzureReposGitUrlsInSourceControlInformation" (previous value: ";TranslateGitHubUrlsInSourceControlInformation;TranslateGitLabUrlsInSourceControlInformation") at /usr/share/dotnet/sdk/8.0.415/Sdks/Microsoft.SourceLink.AzureRepos.Git/build/Microsoft.SourceLink.AzureRepos.Git.targets (13,5)
       Overriding target "GetReferenceAssemblyPaths" in project "/usr/share/dotnet/sdk/8.0.415/Microsoft.Common.CurrentVersion.targets" with target "GetReferenceAssemblyPaths" from project "/usr/share/dotnet/sdk/8.0.415/Sdks/Microsoft.NET.Sdk/targets/Microsoft.NET.DisableStandardFrameworkResolution.targets".
       Property reassignment: $(SourceLinkUrlInitializerTargets)=";_InitializeGitHubSourceLinkUrl;_InitializeGitLabSourceLinkUrl;_InitializeAzureReposGitSourceLinkUrl;_InitializeBitbucketGitSourceLinkUrl" (previous value: ";_InitializeGitHubSourceLinkUrl;_InitializeGitLabSourceLinkUrl;_InitializeAzureReposGitSourceLinkUrl") at /usr/share/dotnet/sdk/8.0.415/Sdks/Microsoft.SourceLink.Bitbucket.Git/build/Microsoft.SourceLink.Bitbucket.Git.targets (12,5)
       Overriding target "GetFrameworkPaths" in project "/usr/share/dotnet/sdk/8.0.415/Microsoft.Common.CurrentVersion.targets" with target "GetFrameworkPaths" from project "/usr/share/dotnet/sdk/8.0.415/Sdks/Microsoft.NET.Sdk/targets/Microsoft.NET.DisableStandardFrameworkResolution.targets".
       Property reassignment: $(SourceControlManagerUrlTranslationTargets)=";TranslateGitHubUrlsInSourceControlInformation;TranslateGitLabUrlsInSourceControlInformation;TranslateAzureReposGitUrlsInSourceControlInformation;TranslateBitbucketGitUrlsInSourceControlInformation" (previous value: ";TranslateGitHubUrlsInSourceControlInformation;TranslateGitLabUrlsInSourceControlInformation;TranslateAzureReposGitUrlsInSourceControlInformation") at /usr/share/dotnet/sdk/8.0.415/Sdks/Microsoft.SourceLink.Bitbucket.Git/build/Microsoft.SourceLink.Bitbucket.Git.targets (13,5)
       Overriding target "DesignerRuntimeImplementationProjectOutputGroup" in project "/usr/share/dotnet/sdk/8.0.415/Microsoft.Common.CurrentVersion.targets" with target "DesignerRuntimeImplementationProjectOutputGroup" from project "/usr/share/dotnet/sdk/8.0.415/Sdks/Microsoft.NET.Sdk/targets/Microsoft.NET.DesignerSupport.targets".
       Property reassignment: $(DesignerRuntimeImplementationProjectOutputGroupDependsOn)="
             
             ;
             
             ;
             BuildOnlySettings;
             PrepareForBuild;
             AssignTargetPaths;
             ResolveReferences
           
           ;
             _GenerateDesignerDepsFile;
             _GenerateDesignerRuntimeConfigFile;
             GetCopyToOutputDirectoryItems;
             _GatherDesignerShadowCopyFiles;
           " (previous value: "
             ;
             
             ;
             BuildOnlySettings;
             PrepareForBuild;
             AssignTargetPaths;
             ResolveReferences
           
           ") at /usr/share/dotnet/sdk/8.0.415/Sdks/Microsoft.NET.Sdk/targets/Microsoft.NET.DesignerSupport.targets (21,5)
       Overriding target "Publish" in project "/usr/share/dotnet/sdk/8.0.415/Microsoft.Common.CurrentVersion.targets" with target "Publish" from project "/usr/share/dotnet/sdk/8.0.415/Sdks/Microsoft.NET.Sdk/targets/Microsoft.NET.Publish.targets".
       Overriding target "ResolveReadyToRunCompilers" in project "/usr/share/dotnet/sdk/8.0.415/Sdks/Microsoft.NET.Sdk/targets/Microsoft.NET.CrossGen.targets" with target "ResolveReadyToRunCompilers" from project "/usr/share/dotnet/sdk/8.0.415/Sdks/Microsoft.NET.Sdk/targets/Microsoft.NET.Publish.targets".
       Overriding target "GetCopyToPublishDirectoryItems" in project "/usr/share/dotnet/sdk/8.0.415/Microsoft.Common.CurrentVersion.targets" with target "GetCopyToPublishDirectoryItems" from project "/usr/share/dotnet/sdk/8.0.415/Sdks/Microsoft.NET.Sdk/targets/Microsoft.NET.Publish.targets".
       The "SolutionName" property is a global property, and cannot be modified.
       The "SolutionFileName" property is a global property, and cannot be modified.
       The "SolutionPath" property is a global property, and cannot be modified.
       The "SolutionDir" property is a global property, and cannot be modified.
       The "SolutionExt" property is a global property, and cannot be modified.
       Property reassignment: $(MSBuildCopyMarkerName)="KChief.P.D8011408" (previous value: "KChief.Platform.Core.csproj") at /usr/share/dotnet/sdk/8.0.415/Microsoft.Common.CurrentVersion.targets (392,5)
       Property reassignment: $(MSBuildCopyMarkerName)="KChief.P.D8011408.Up2Date" (previous value: "KChief.P.D8011408") at /usr/share/dotnet/sdk/8.0.415/Microsoft.Common.CurrentVersion.targets (393,5)
       Property reassignment: $(_GenerateToolsSettingsFileCacheFile)="/home/saidul/Desktop/K-Chief Marine Automation Platform/tests/KChief.Platform.Tests/obj/Release/net8.0/KChief.Platform.Tests.toolssettingsinput.cache" (previous value: "obj\Release/net8.0/KChief.Platform.Tests.toolssettingsinput.cache") at /usr/share/dotnet/sdk/8.0.415/Sdks/Microsoft.NET.Sdk/targets/Microsoft.NET.PackTool.targets (68,5)
       Property reassignment: $(_ShimInputCacheFile)="/home/saidul/Desktop/K-Chief Marine Automation Platform/tests/KChief.Platform.Tests/obj/Release/net8.0/KChief.Platform.Tests.shiminput.cache" (previous value: "obj\Release/net8.0/KChief.Platform.Tests.shiminput.cache") at /usr/share/dotnet/sdk/8.0.415/Sdks/Microsoft.NET.Sdk/targets/Microsoft.NET.PackTool.targets (137,5)
       Property reassignment: $(_ShimCreatedSentinelFile)="/home/saidul/Desktop/K-Chief Marine Automation Platform/tests/KChief.Platform.Tests/obj/Release/net8.0/KChief.Platform.Tests.shimcreated.sentinel" (previous value: "obj\Release/net8.0/KChief.Platform.Tests.shimcreated.sentinel") at /usr/share/dotnet/sdk/8.0.415/Sdks/Microsoft.NET.Sdk/targets/Microsoft.NET.PackTool.targets (139,5)
       Property reassignment: $(DefineConstants)="TRACE;RELEASE" (previous value: "TRACE") at /usr/share/dotnet/sdk/8.0.415/Sdks/Microsoft.NET.Sdk/targets/Microsoft.NET.Sdk.CSharp.targets (31,5)
       Property reassignment: $(DefineConstants)="TRACE;RELEASE;NET;NET8_0;NETCOREAPP" (previous value: "TRACE;RELEASE") at /usr/share/dotnet/sdk/8.0.415/Sdks/Microsoft.NET.Sdk/targets/Microsoft.NET.Sdk.CSharp.targets (34,5)
       Property reassignment: $(WarningsAsErrors)=";NU1605;SYSLIB0011" (previous value: ";NU1605") at /usr/share/dotnet/sdk/8.0.415/Sdks/Microsoft.NET.Sdk/targets/Microsoft.NET.Sdk.CSharp.targets (48,5)
       Property reassignment: $(ProcessorArchitecture)="msil" (previous value: "") at /usr/share/dotnet/sdk/8.0.415/Microsoft.Common.CurrentVersion.targets (541,5)
       Property reassignment: $(DelaySign)="" (previous value: "false") at /usr/share/dotnet/sdk/8.0.415/Microsoft.Common.CurrentVersion.targets (580,5)
       Property reassignment: $(_GenerateToolsSettingsFileCacheFile)="/home/saidul/Desktop/K-Chief Marine Automation Platform/tests/KChief.Integration.Tests/obj/Release/net8.0/KChief.Integration.Tests.toolssettingsinput.cache" (previous value: "obj\Release/net8.0/KChief.Integration.Tests.toolssettingsinput.cache") at /usr/share/dotnet/sdk/8.0.415/Sdks/Microsoft.NET.Sdk/targets/Microsoft.NET.PackTool.targets (68,5)
       Property reassignment: $(_ShimInputCacheFile)="/home/saidul/Desktop/K-Chief Marine Automation Platform/tests/KChief.Integration.Tests/obj/Release/net8.0/KChief.Integration.Tests.shiminput.cache" (previous value: "obj\Release/net8.0/KChief.Integration.Tests.shiminput.cache") at /usr/share/dotnet/sdk/8.0.415/Sdks/Microsoft.NET.Sdk/targets/Microsoft.NET.PackTool.targets (137,5)
       Property reassignment: $(_ShimCreatedSentinelFile)="/home/saidul/Desktop/K-Chief Marine Automation Platform/tests/KChief.Integration.Tests/obj/Release/net8.0/KChief.Integration.Tests.shimcreated.sentinel" (previous value: "obj\Release/net8.0/KChief.Integration.Tests.shimcreated.sentinel") at /usr/share/dotnet/sdk/8.0.415/Sdks/Microsoft.NET.Sdk/targets/Microsoft.NET.PackTool.targets (139,5)
       Property 'LocalAppData' with value '/home/saidul/.local/share' expanded from the environment.
       Property reassignment: $(DefineConstants)="TRACE;RELEASE" (previous value: "TRACE") at /usr/share/dotnet/sdk/8.0.415/Sdks/Microsoft.NET.Sdk/targets/Microsoft.NET.Sdk.CSharp.targets (31,5)
       Property reassignment: $(DefineConstants)="TRACE;RELEASE;NET;NET8_0;NETCOREAPP" (previous value: "TRACE;RELEASE") at /usr/share/dotnet/sdk/8.0.415/Sdks/Microsoft.NET.Sdk/targets/Microsoft.NET.Sdk.CSharp.targets (34,5)
       Property reassignment: $(ProjectAssetsCacheFile)="/home/saidul/Desktop/K-Chief Marine Automation Platform/src/KChief.Platform.API/obj/Release/net8.0/KChief.Platform.API.assets.cache" (previous value: "obj\Release/net8.0/KChief.Platform.API.assets.cache") at /usr/share/dotnet/sdk/8.0.415/Sdks/Microsoft.NET.Sdk/targets/Microsoft.PackageDependencyResolution.targets (29,5)
       Property reassignment: $(WarningsAsErrors)=";NU1605;SYSLIB0011" (previous value: ";NU1605") at /usr/share/dotnet/sdk/8.0.415/Sdks/Microsoft.NET.Sdk/targets/Microsoft.NET.Sdk.CSharp.targets (48,5)
       Property reassignment: $(ResolveAssemblyReferencesDependsOn)="
             
             ResolveProjectReferences;
             FindInvalidProjectReferences;
             GetFrameworkPaths;
             GetReferenceAssemblyPaths;
             PrepareForBuild;
             ResolveSDKReferences;
             ExpandSDKReferences;
           ;
             ResolvePackageDependenciesForBuild;
             _HandlePackageFileConflicts;
           " (previous value: "
             ResolveProjectReferences;
             FindInvalidProjectReferences;
             GetFrameworkPaths;
             GetReferenceAssemblyPaths;
             PrepareForBuild;
             ResolveSDKReferences;
             ExpandSDKReferences;
           ") at /usr/share/dotnet/sdk/8.0.415/Sdks/Microsoft.NET.Sdk/targets/Microsoft.PackageDependencyResolution.targets (80,5)
       Property reassignment: $(PackageDescription)="Package Description" (previous value: "") at /usr/share/dotnet/sdk/8.0.415/Sdks/NuGet.Build.Tasks.Pack/build/NuGet.Build.Tasks.Pack.targets (34,5)
       Property reassignment: $(PrepareResourcesDependsOn)="
             ResolvePackageDependenciesForBuild;
             _HandlePackageFileConflicts;
             
             ;
             PrepareResourceNames;
             ResGen;
             CompileLicxFiles
           
           " (previous value: "
             ;
             PrepareResourceNames;
             ResGen;
             CompileLicxFiles
           ") at /usr/share/dotnet/sdk/8.0.415/Sdks/Microsoft.NET.Sdk/targets/Microsoft.PackageDependencyResolution.targets (86,5)
       Property reassignment: $(GenerateNuspecDependsOn)="Build;_LoadPackInputItems; _GetTargetFrameworksOutput; _WalkEachTargetPerFramework; _GetPackageFiles; " (previous value: "_LoadPackInputItems; _GetTargetFrameworksOutput; _WalkEachTargetPerFramework; _GetPackageFiles; ") at /usr/share/dotnet/sdk/8.0.415/Sdks/NuGet.Build.Tasks.Pack/build/NuGet.Build.Tasks.Pack.targets (59,5)
       Property reassignment: $(DefaultItemExcludes)=";**\node_modules\**;node_modules\**;**\jspm_packages\**;jspm_packages\**;**\bower_components\**;bower_components\**;bin\Release//**;obj\Release//**;bin\/**" (previous value: ";**\node_modules\**;node_modules\**;**\jspm_packages\**;jspm_packages\**;**\bower_components\**;bower_components\**;bin\Release//**;obj\Release//**") at /usr/share/dotnet/sdk/8.0.415/Sdks/Microsoft.NET.Sdk/targets/Microsoft.NET.Sdk.DefaultItems.targets (27,5)
       Property reassignment: $(_SGenGenerateSerializationAssembliesConfig)="Auto" (previous value: "") at /usr/share/dotnet/sdk/8.0.415/Microsoft.Common.CurrentVersion.targets (3896,5)
       Property reassignment: $(DefaultItemExcludes)=";**\node_modules\**;node_modules\**;**\jspm_packages\**;jspm_packages\**;**\bower_components\**;bower_components\**;bin\Release//**;obj\Release//**;bin\/**;obj\/**" (previous value: ";**\node_modules\**;node_modules\**;**\jspm_packages\**;jspm_packages\**;**\bower_components\**;bower_components\**;bin\Release//**;obj\Release//**;bin\/**") at /usr/share/dotnet/sdk/8.0.415/Sdks/Microsoft.NET.Sdk/targets/Microsoft.NET.Sdk.DefaultItems.targets (29,5)
       Property reassignment: $(DefaultItemExcludes)=";**\node_modules\**;node_modules\**;**\jspm_packages\**;jspm_packages\**;**\bower_components\**;bower_components\**;bin\Release//**;obj\Release//**;bin\/**;obj\/**;**/*.user" (previous value: ";**\node_modules\**;node_modules\**;**\jspm_packages\**;jspm_packages\**;**\bower_components\**;bower_components\**;bin\Release//**;obj\Release//**;bin\/**;obj\/**") at /usr/share/dotnet/sdk/8.0.415/Sdks/Microsoft.NET.Sdk/targets/Microsoft.NET.Sdk.DefaultItems.targets (32,5)
       Property reassignment: $(_TargetsThatPrepareProjectReferences)="
             AssignProjectConfiguration;
             _SplitProjectReferencesByFileExistence
           " (previous value: "_SplitProjectReferencesByFileExistence") at /usr/share/dotnet/sdk/8.0.415/Microsoft.Common.CurrentVersion.targets (5099,5)
       Property reassignment: $(DefaultItemExcludes)=";**\node_modules\**;node_modules\**;**\jspm_packages\**;jspm_packages\**;**\bower_components\**;bower_components\**;bin\Release//**;obj\Release//**;bin\/**;obj\/**;**/*.user;**/*.*proj" (previous value: ";**\node_modules\**;node_modules\**;**\jspm_packages\**;jspm_packages\**;**\bower_components\**;bower_components\**;bin\Release//**;obj\Release//**;bin\/**;obj\/**;**/*.user") at /usr/share/dotnet/sdk/8.0.415/Sdks/Microsoft.NET.Sdk/targets/Microsoft.NET.Sdk.DefaultItems.targets (33,5)
       Property reassignment: $(DefaultItemExcludes)=";**\node_modules\**;node_modules\**;**\jspm_packages\**;jspm_packages\**;**\bower_components\**;bower_components\**;bin\Release//**;obj\Release//**;bin\/**;obj\/**;**/*.user;**/*.*proj;**/*.sln" (previous value: ";**\node_modules\**;node_modules\**;**\jspm_packages\**;jspm_packages\**;**\bower_components\**;bower_components\**;bin\Release//**;obj\Release//**;bin\/**;obj\/**;**/*.user;**/*.*proj") at /usr/share/dotnet/sdk/8.0.415/Sdks/Microsoft.NET.Sdk/targets/Microsoft.NET.Sdk.DefaultItems.targets (34,5)
       Property reassignment: $(DefaultItemExcludes)=";**\node_modules\**;node_modules\**;**\jspm_packages\**;jspm_packages\**;**\bower_components\**;bower_components\**;bin\Release//**;obj\Release//**;bin\/**;obj\/**;**/*.user;**/*.*proj;**/*.sln;**/*.vssscc" (previous value: ";**\node_modules\**;node_modules\**;**\jspm_packages\**;jspm_packages\**;**\bower_components\**;bower_components\**;bin\Release//**;obj\Release//**;bin\/**;obj\/**;**/*.user;**/*.*proj;**/*.sln") at /usr/share/dotnet/sdk/8.0.415/Sdks/Microsoft.NET.Sdk/targets/Microsoft.NET.Sdk.DefaultItems.targets (35,5)
       Property reassignment: $(DefaultItemExcludes)=";**\node_modules\**;node_modules\**;**\jspm_packages\**;jspm_packages\**;**\bower_components\**;bower_components\**;bin\Release//**;obj\Release//**;bin\/**;obj\/**;**/*.user;**/*.*proj;**/*.sln;**/*.vssscc;**/.DS_Store" (previous value: ";**\node_modules\**;node_modules\**;**\jspm_packages\**;jspm_packages\**;**\bower_components\**;bower_components\**;bin\Release//**;obj\Release//**;bin\/**;obj\/**;**/*.user;**/*.*proj;**/*.sln;**/*.vssscc") at /usr/share/dotnet/sdk/8.0.415/Sdks/Microsoft.NET.Sdk/targets/Microsoft.NET.Sdk.DefaultItems.targets (36,5)
       Property reassignment: $(ResolveAssemblyReferencesDependsOn)="
             
             
             ResolveProjectReferences;
             FindInvalidProjectReferences;
             GetFrameworkPaths;
             GetReferenceAssemblyPaths;
             PrepareForBuild;
             ResolveSDKReferences;
             ExpandSDKReferences;
           ;
             ResolvePackageDependenciesForBuild;
             _HandlePackageFileConflicts;
           ;
             ResolveTargetingPackAssets;
           " (previous value: "
             
             ResolveProjectReferences;
             FindInvalidProjectReferences;
             GetFrameworkPaths;
             GetReferenceAssemblyPaths;
             PrepareForBuild;
             ResolveSDKReferences;
             ExpandSDKReferences;
           ;
             ResolvePackageDependenciesForBuild;
             _HandlePackageFileConflicts;
           ") at /usr/share/dotnet/sdk/8.0.415/Sdks/Microsoft.NET.Sdk/targets/Microsoft.NET.Sdk.FrameworkReferenceResolution.targets (14,5)
       Property 'MSBuildExtensionsPath32' with value '/usr/share/dotnet/sdk/8.0.415' expanded from the environment.
       Property reassignment: $(_GenerateRuntimeConfigurationPropertyInputsCache)="/home/saidul/Desktop/K-Chief Marine Automation Platform/src/KChief.Platform.API/obj/Release/net8.0/KChief.Platform.API.genruntimeconfig.cache" (previous value: "obj\Release/net8.0/KChief.Platform.API.genruntimeconfig.cache") at /usr/share/dotnet/sdk/8.0.415/Sdks/Microsoft.NET.Sdk/targets/Microsoft.NET.Sdk.targets (44,5)
       Property reassignment: $(PackageDescription)="Package Description" (previous value: "") at /usr/share/dotnet/sdk/8.0.415/Sdks/NuGet.Build.Tasks.Pack/build/NuGet.Build.Tasks.Pack.targets (34,5)
       Property reassignment: $(_GeneratePublishDependencyFilePropertyInputsCache)="/home/saidul/Desktop/K-Chief Marine Automation Platform/src/KChief.Platform.API/obj/Release/net8.0/KChief.Platform.API.genpublishdeps.cache" (previous value: "obj\Release/net8.0/KChief.Platform.API.genpublishdeps.cache") at /usr/share/dotnet/sdk/8.0.415/Sdks/Microsoft.NET.Sdk/targets/Microsoft.NET.Sdk.targets (46,5)
       Property reassignment: $(_GenerateSingleFileBundlePropertyInputsCache)="/home/saidul/Desktop/K-Chief Marine Automation Platform/src/KChief.Platform.API/obj/Release/net8.0/KChief.Platform.API.genbundle.cache" (previous value: "obj\Release/net8.0/KChief.Platform.API.genbundle.cache") at /usr/share/dotnet/sdk/8.0.415/Sdks/Microsoft.NET.Sdk/targets/Microsoft.NET.Sdk.targets (48,5)
       The target "ResolveNuGetPackageAssets" listed in an AfterTargets attribute at "/home/saidul/.nuget/packages/microsoft.extensions.logging.abstractions/8.0.0/buildTransitive/net6.0/Microsoft.Extensions.Logging.Abstractions.targets (11,11)" does not exist in the project, and will be ignored.
       Property reassignment: $(GenerateRuntimeConfigDevFile)="false" (previous value: "true") at /usr/share/dotnet/sdk/8.0.415/Sdks/Microsoft.NET.Sdk/targets/Microsoft.NET.Sdk.targets (81,5)
       Property reassignment: $(GenerateNuspecDependsOn)="Build;_LoadPackInputItems; _GetTargetFrameworksOutput; _WalkEachTargetPerFramework; _GetPackageFiles; " (previous value: "_LoadPackInputItems; _GetTargetFrameworksOutput; _WalkEachTargetPerFramework; _GetPackageFiles; ") at /usr/share/dotnet/sdk/8.0.415/Sdks/NuGet.Build.Tasks.Pack/build/NuGet.Build.Tasks.Pack.targets (59,5)
       Property 'HOME' with value '/home/saidul' expanded from the environment.
       The target "ResolveNuGetPackageAssets" listed in an AfterTargets attribute at "/home/saidul/.nuget/packages/microsoft.extensions.logging.abstractions/8.0.0/buildTransitive/net6.0/Microsoft.Extensions.Logging.Abstractions.targets (23,11)" does not exist in the project, and will be ignored.
       Property reassignment: $(_DefaultUserProfileRuntimeStorePath)="/home/saidul/.dotnet/store" (previous value: "/home/saidul") at /usr/share/dotnet/sdk/8.0.415/Sdks/Microsoft.NET.Sdk/targets/Microsoft.NET.Sdk.targets (98,5)
       The target "ResolveNuGetPackageAssets" listed in an AfterTargets attribute at "/home/saidul/.nuget/packages/microsoft.extensions.options/8.0.0/buildTransitive/net6.0/Microsoft.Extensions.Options.targets (11,11)" does not exist in the project, and will be ignored.
       Property reassignment: $(AvailablePlatforms)="Any CPU,x86,x64,ARM32" (previous value: "Any CPU,x86,x64") at /usr/share/dotnet/sdk/8.0.415/Sdks/Microsoft.NET.Sdk/targets/Microsoft.NET.Sdk.targets (136,5)
       The target "ResolveNuGetPackageAssets" listed in an AfterTargets attribute at "/home/saidul/.nuget/packages/microsoft.extensions.options/8.0.0/buildTransitive/net6.0/Microsoft.Extensions.Options.targets (23,11)" does not exist in the project, and will be ignored.
       Property reassignment: $(AvailablePlatforms)="Any CPU,x86,x64,ARM32,ARM64" (previous value: "Any CPU,x86,x64,ARM32") at /usr/share/dotnet/sdk/8.0.415/Sdks/Microsoft.NET.Sdk/targets/Microsoft.NET.Sdk.targets (140,5)
       Property reassignment: $(_IsNotSetContainersTargetsDir)="true" (previous value: "false") at /usr/share/dotnet/sdk/8.0.415/Sdks/Microsoft.NET.Sdk/Sdk/Sdk.targets (59,5)
       Property reassignment: $(_IsSDKContainerAllowedVersion)="true" (previous value: "false") at /usr/share/dotnet/sdk/8.0.415/Containers/build/Microsoft.NET.Build.Containers.targets (5,5)
       Property reassignment: $(_ContainerIsTargetingNet8TFM)="true" (previous value: "false") at /usr/share/dotnet/sdk/8.0.415/Containers/build/Microsoft.NET.Build.Containers.targets (15,5)
       Property reassignment: $(CoreBuildDependsOn)="
             _CheckForBuildWithNoBuild;
             
             BuildOnlySettings;
             PrepareForBuild;
             PreBuildEvent;
             ResolveReferences;
             PrepareResources;
             ResolveKeySource;
             Compile;
             ExportWindowsMDFile;
             UnmanagedUnregistration;
             GenerateSerializationAssemblies;
             CreateSatelliteAssemblies;
             GenerateManifests;
             GetTargetPath;
             PrepareForRun;
             UnmanagedRegistration;
             IncrementalClean;
             PostBuildEvent
           ;
             GenerateBuildDependencyFile;
             GenerateBuildRuntimeConfigurationFiles
           " (previous value: "
             BuildOnlySettings;
             PrepareForBuild;
             PreBuildEvent;
             ResolveReferences;
             PrepareResources;
             ResolveKeySource;
             Compile;
             ExportWindowsMDFile;
             UnmanagedUnregistration;
             GenerateSerializationAssemblies;
             CreateSatelliteAssemblies;
             GenerateManifests;
             GetTargetPath;
             PrepareForRun;
             UnmanagedRegistration;
             IncrementalClean;
             PostBuildEvent
           ") at /usr/share/dotnet/sdk/8.0.415/Sdks/Microsoft.NET.Sdk/targets/Microsoft.NET.Sdk.targets (197,5)
       Property reassignment: $(CoreCleanDependsOn)="
             _SdkBeforeClean;
             
           " (previous value: "") at /usr/share/dotnet/sdk/8.0.415/Sdks/Microsoft.NET.Sdk/targets/Microsoft.NET.Sdk.targets (206,5)
       Property reassignment: $(_IsNotSetContainersTargetsDir)="true" (previous value: "false") at /usr/share/dotnet/sdk/8.0.415/Sdks/Microsoft.NET.Sdk/Sdk/Sdk.targets (59,5)
       Property reassignment: $(_IsSDKContainerAllowedVersion)="true" (previous value: "false") at /usr/share/dotnet/sdk/8.0.415/Containers/build/Microsoft.NET.Build.Containers.targets (5,5)
       Property reassignment: $(_ContainerIsTargetingNet8TFM)="true" (previous value: "false") at /usr/share/dotnet/sdk/8.0.415/Containers/build/Microsoft.NET.Build.Containers.targets (15,5)
       Overriding target "ResolveFrameworkReferences" in project "/usr/share/dotnet/sdk/8.0.415/Microsoft.Common.CurrentVersion.targets" with target "ResolveFrameworkReferences" from project "/usr/share/dotnet/sdk/8.0.415/Sdks/Microsoft.NET.Sdk/targets/Microsoft.NET.Sdk.FrameworkReferenceResolution.targets".
       Overriding target "Run" in project "/usr/share/dotnet/sdk/8.0.415/Microsoft.Common.CurrentVersion.targets" with target "Run" from project "/usr/share/dotnet/sdk/8.0.415/Sdks/Microsoft.NET.Sdk/targets/Microsoft.NET.Sdk.targets".
       Overriding target "GenerateSupportedTargetFrameworkAlias" in project "/usr/share/dotnet/sdk/8.0.415/Microsoft.Common.CurrentVersion.targets" with target "GenerateSupportedTargetFrameworkAlias" from project "/usr/share/dotnet/sdk/8.0.415/Sdks/Microsoft.NET.Sdk/targets/Microsoft.NET.Sdk.targets".
       Overriding target "GetReferenceAssemblyPaths" in project "/usr/share/dotnet/sdk/8.0.415/Microsoft.Common.CurrentVersion.targets" with target "GetReferenceAssemblyPaths" from project "/usr/share/dotnet/sdk/8.0.415/Sdks/Microsoft.NET.Sdk/targets/Microsoft.NET.DisableStandardFrameworkResolution.targets".
       Overriding target "GetFrameworkPaths" in project "/usr/share/dotnet/sdk/8.0.415/Microsoft.Common.CurrentVersion.targets" with target "GetFrameworkPaths" from project "/usr/share/dotnet/sdk/8.0.415/Sdks/Microsoft.NET.Sdk/targets/Microsoft.NET.DisableStandardFrameworkResolution.targets".
       Overriding target "DesignerRuntimeImplementationProjectOutputGroup" in project "/usr/share/dotnet/sdk/8.0.415/Microsoft.Common.CurrentVersion.targets" with target "DesignerRuntimeImplementationProjectOutputGroup" from project "/usr/share/dotnet/sdk/8.0.415/Sdks/Microsoft.NET.Sdk/targets/Microsoft.NET.DesignerSupport.targets".
       Overriding target "Publish" in project "/usr/share/dotnet/sdk/8.0.415/Microsoft.Common.CurrentVersion.targets" with target "Publish" from project "/usr/share/dotnet/sdk/8.0.415/Sdks/Microsoft.NET.Sdk/targets/Microsoft.NET.Publish.targets".
       Overriding target "ResolveReadyToRunCompilers" in project "/usr/share/dotnet/sdk/8.0.415/Sdks/Microsoft.NET.Sdk/targets/Microsoft.NET.CrossGen.targets" with target "ResolveReadyToRunCompilers" from project "/usr/share/dotnet/sdk/8.0.415/Sdks/Microsoft.NET.Sdk/targets/Microsoft.NET.Publish.targets".
       Overriding target "GetCopyToPublishDirectoryItems" in project "/usr/share/dotnet/sdk/8.0.415/Microsoft.Common.CurrentVersion.targets" with target "GetCopyToPublishDirectoryItems" from project "/usr/share/dotnet/sdk/8.0.415/Sdks/Microsoft.NET.Sdk/targets/Microsoft.NET.Publish.targets".
       The target "ResolveNuGetPackageAssets" listed in an AfterTargets attribute at "/home/saidul/.nuget/packages/microsoft.extensions.options/8.0.0/buildTransitive/net6.0/Microsoft.Extensions.Options.targets (11,11)" does not exist in the project, and will be ignored.
       The target "ResolveNuGetPackageAssets" listed in an AfterTargets attribute at "/home/saidul/.nuget/packages/microsoft.extensions.options/8.0.0/buildTransitive/net6.0/Microsoft.Extensions.Options.targets (23,11)" does not exist in the project, and will be ignored.
       The target "ResolveNuGetPackageAssets" listed in an AfterTargets attribute at "/home/saidul/.nuget/packages/microsoft.extensions.logging.abstractions/8.0.0/buildTransitive/net6.0/Microsoft.Extensions.Logging.Abstractions.targets (11,11)" does not exist in the project, and will be ignored.
       The target "ResolveNuGetPackageAssets" listed in an AfterTargets attribute at "/home/saidul/.nuget/packages/microsoft.extensions.logging.abstractions/8.0.0/buildTransitive/net6.0/Microsoft.Extensions.Logging.Abstractions.targets (23,11)" does not exist in the project, and will be ignored.
       Property reassignment: $(RebuildDependsOn)="
             _SdkBeforeRebuild;
             
             BeforeRebuild;
             Clean;
             Build;
             AfterRebuild;
           
           " (previous value: "
             BeforeRebuild;
             Clean;
             Build;
             AfterRebuild;
           ") at /usr/share/dotnet/sdk/8.0.415/Sdks/Microsoft.NET.Sdk/targets/Microsoft.NET.Sdk.targets (213,5)
       Property reassignment: $(ProjectAssetsCacheFile)="/home/saidul/Desktop/K-Chief Marine Automation Platform/src/KChief.Platform.Core/obj/Release/net8.0/KChief.Platform.Core.assets.cache" (previous value: "obj\Release/net8.0/KChief.Platform.Core.assets.cache") at /usr/share/dotnet/sdk/8.0.415/Sdks/Microsoft.NET.Sdk/targets/Microsoft.PackageDependencyResolution.targets (29,5)
       Property reassignment: $(ResolveAssemblyReferencesDependsOn)="
             
             ResolveProjectReferences;
             FindInvalidProjectReferences;
             GetFrameworkPaths;
             GetReferenceAssemblyPaths;
             PrepareForBuild;
             ResolveSDKReferences;
             ExpandSDKReferences;
           ;
             ResolvePackageDependenciesForBuild;
             _HandlePackageFileConflicts;
           " (previous value: "
             ResolveProjectReferences;
             FindInvalidProjectReferences;
             GetFrameworkPaths;
             GetReferenceAssemblyPaths;
             PrepareForBuild;
             ResolveSDKReferences;
             ExpandSDKReferences;
           ") at /usr/share/dotnet/sdk/8.0.415/Sdks/Microsoft.NET.Sdk/targets/Microsoft.PackageDependencyResolution.targets (80,5)
       Property reassignment: $(PrepareResourcesDependsOn)="
             ResolvePackageDependenciesForBuild;
             _HandlePackageFileConflicts;
             
             ;
             PrepareResourceNames;
             ResGen;
             CompileLicxFiles
           
           " (previous value: "
             ;
             PrepareResourceNames;
             ResGen;
             CompileLicxFiles
           ") at /usr/share/dotnet/sdk/8.0.415/Sdks/Microsoft.NET.Sdk/targets/Microsoft.PackageDependencyResolution.targets (86,5)
       Property reassignment: $(DefaultItemExcludes)=";bin\Release//**;obj\Release//**;bin\/**" (previous value: ";bin\Release//**;obj\Release//**") at /usr/share/dotnet/sdk/8.0.415/Sdks/Microsoft.NET.Sdk/targets/Microsoft.NET.Sdk.DefaultItems.targets (27,5)
       Property reassignment: $(CompileDependsOn)="
             
             ResolveReferences;
             ResolveKeySource;
             SetWin32ManifestProperties;
             _SetPreferNativeArm64Win32ManifestProperties;
             FindReferenceAssembliesForReferences;
             _GenerateCompileInputs;
             BeforeCompile;
             _TimeStampBeforeCompile;
             _GenerateCompileDependencyCache;
             CoreCompile;
             _TimeStampAfterCompile;
             AfterCompile;
           ;
             _CreateAppHost;
             _CreateComHost;
             _GetIjwHostPaths;
           " (previous value: "
             ResolveReferences;
             ResolveKeySource;
             SetWin32ManifestProperties;
             _SetPreferNativeArm64Win32ManifestProperties;
             FindReferenceAssembliesForReferences;
             _GenerateCompileInputs;
             BeforeCompile;
             _TimeStampBeforeCompile;
             _GenerateCompileDependencyCache;
             CoreCompile;
             _TimeStampAfterCompile;
             AfterCompile;
           ") at /usr/share/dotnet/sdk/8.0.415/Sdks/Microsoft.NET.Sdk/targets/Microsoft.NET.Sdk.targets (679,5)
       Property reassignment: $(DefaultItemExcludes)=";bin\Release//**;obj\Release//**;bin\/**;obj\/**" (previous value: ";bin\Release//**;obj\Release//**;bin\/**") at /usr/share/dotnet/sdk/8.0.415/Sdks/Microsoft.NET.Sdk/targets/Microsoft.NET.Sdk.DefaultItems.targets (29,5)
       Property reassignment: $(DefaultItemExcludes)=";bin\Release//**;obj\Release//**;bin\/**;obj\/**;**/*.user" (previous value: ";bin\Release//**;obj\Release//**;bin\/**;obj\/**") at /usr/share/dotnet/sdk/8.0.415/Sdks/Microsoft.NET.Sdk/targets/Microsoft.NET.Sdk.DefaultItems.targets (32,5)
       Property reassignment: $(DefaultItemExcludes)=";bin\Release//**;obj\Release//**;bin\/**;obj\/**;**/*.user;**/*.*proj" (previous value: ";bin\Release//**;obj\Release//**;bin\/**;obj\/**;**/*.user") at /usr/share/dotnet/sdk/8.0.415/Sdks/Microsoft.NET.Sdk/targets/Microsoft.NET.Sdk.DefaultItems.targets (33,5)
       Property reassignment: $(DefaultItemExcludes)=";bin\Release//**;obj\Release//**;bin\/**;obj\/**;**/*.user;**/*.*proj;**/*.sln" (previous value: ";bin\Release//**;obj\Release//**;bin\/**;obj\/**;**/*.user;**/*.*proj") at /usr/share/dotnet/sdk/8.0.415/Sdks/Microsoft.NET.Sdk/targets/Microsoft.NET.Sdk.DefaultItems.targets (34,5)
       Property reassignment: $(DefaultItemExcludes)=";bin\Release//**;obj\Release//**;bin\/**;obj\/**;**/*.user;**/*.*proj;**/*.sln;**/*.vssscc" (previous value: ";bin\Release//**;obj\Release//**;bin\/**;obj\/**;**/*.user;**/*.*proj;**/*.sln") at /usr/share/dotnet/sdk/8.0.415/Sdks/Microsoft.NET.Sdk/targets/Microsoft.NET.Sdk.DefaultItems.targets (35,5)
       Property reassignment: $(DefaultItemExcludes)=";bin\Release//**;obj\Release//**;bin\/**;obj\/**;**/*.user;**/*.*proj;**/*.sln;**/*.vssscc;**/.DS_Store" (previous value: ";bin\Release//**;obj\Release//**;bin\/**;obj\/**;**/*.user;**/*.*proj;**/*.sln;**/*.vssscc") at /usr/share/dotnet/sdk/8.0.415/Sdks/Microsoft.NET.Sdk/targets/Microsoft.NET.Sdk.DefaultItems.targets (36,5)
       Property reassignment: $(ResolveAssemblyReferencesDependsOn)="
             
             
             ResolveProjectReferences;
             FindInvalidProjectReferences;
             GetFrameworkPaths;
             GetReferenceAssemblyPaths;
             PrepareForBuild;
             ResolveSDKReferences;
             ExpandSDKReferences;
           ;
             ResolvePackageDependenciesForBuild;
             _HandlePackageFileConflicts;
           ;
             ResolveTargetingPackAssets;
           " (previous value: "
             
             ResolveProjectReferences;
             FindInvalidProjectReferences;
             GetFrameworkPaths;
             GetReferenceAssemblyPaths;
             PrepareForBuild;
             ResolveSDKReferences;
             ExpandSDKReferences;
           ;
             ResolvePackageDependenciesForBuild;
             _HandlePackageFileConflicts;
           ") at /usr/share/dotnet/sdk/8.0.415/Sdks/Microsoft.NET.Sdk/targets/Microsoft.NET.Sdk.FrameworkReferenceResolution.targets (14,5)
       Property reassignment: $(_GenerateRuntimeConfigurationPropertyInputsCache)="/home/saidul/Desktop/K-Chief Marine Automation Platform/src/KChief.Platform.Core/obj/Release/net8.0/KChief.Platform.Core.genruntimeconfig.cache" (previous value: "obj\Release/net8.0/KChief.Platform.Core.genruntimeconfig.cache") at /usr/share/dotnet/sdk/8.0.415/Sdks/Microsoft.NET.Sdk/targets/Microsoft.NET.Sdk.targets (44,5)
       Property reassignment: $(_GeneratePublishDependencyFilePropertyInputsCache)="/home/saidul/Desktop/K-Chief Marine Automation Platform/src/KChief.Platform.Core/obj/Release/net8.0/KChief.Platform.Core.genpublishdeps.cache" (previous value: "obj\Release/net8.0/KChief.Platform.Core.genpublishdeps.cache") at /usr/share/dotnet/sdk/8.0.415/Sdks/Microsoft.NET.Sdk/targets/Microsoft.NET.Sdk.targets (46,5)
       Property reassignment: $(_GenerateSingleFileBundlePropertyInputsCache)="/home/saidul/Desktop/K-Chief Marine Automation Platform/src/KChief.Platform.Core/obj/Release/net8.0/KChief.Platform.Core.genbundle.cache" (previous value: "obj\Release/net8.0/KChief.Platform.Core.genbundle.cache") at /usr/share/dotnet/sdk/8.0.415/Sdks/Microsoft.NET.Sdk/targets/Microsoft.NET.Sdk.targets (48,5)
       Property reassignment: $(GenerateRuntimeConfigDevFile)="false" (previous value: "true") at /usr/share/dotnet/sdk/8.0.415/Sdks/Microsoft.NET.Sdk/targets/Microsoft.NET.Sdk.targets (81,5)
       Property reassignment: $(CreateSatelliteAssembliesDependsOn)="
             
             ;
             _GenerateSatelliteAssemblyInputs;
             ComputeIntermediateSatelliteAssemblies;
             GenerateSatelliteAssemblies
           ;
             CoreGenerateSatelliteAssemblies
           " (previous value: "
             ;
             _GenerateSatelliteAssemblyInputs;
             ComputeIntermediateSatelliteAssemblies;
             GenerateSatelliteAssemblies
           ") at /usr/share/dotnet/sdk/8.0.415/Sdks/Microsoft.NET.Sdk/targets/Microsoft.NET.Sdk.targets (1065,5)
       Property 'HOME' with value '/home/saidul' expanded from the environment.
       Property reassignment: $(_DefaultUserProfileRuntimeStorePath)="/home/saidul/.dotnet/store" (previous value: "/home/saidul") at /usr/share/dotnet/sdk/8.0.415/Sdks/Microsoft.NET.Sdk/targets/Microsoft.NET.Sdk.targets (98,5)
       Property reassignment: $(AvailablePlatforms)="Any CPU,x86,x64,ARM32" (previous value: "Any CPU,x86,x64") at /usr/share/dotnet/sdk/8.0.415/Sdks/Microsoft.NET.Sdk/targets/Microsoft.NET.Sdk.targets (136,5)
       Property reassignment: $(AvailablePlatforms)="Any CPU,x86,x64,ARM32,ARM64" (previous value: "Any CPU,x86,x64,ARM32") at /usr/share/dotnet/sdk/8.0.415/Sdks/Microsoft.NET.Sdk/targets/Microsoft.NET.Sdk.targets (140,5)
       Property reassignment: $(SourceLinkUrlInitializerTargets)=";_InitializeGitHubSourceLinkUrl;_InitializeGitLabSourceLinkUrl" (previous value: ";_InitializeGitHubSourceLinkUrl") at /usr/share/dotnet/sdk/8.0.415/Sdks/Microsoft.SourceLink.GitLab/build/Microsoft.SourceLink.GitLab.targets (12,5)
       Property reassignment: $(CoreBuildDependsOn)="
             _CheckForBuildWithNoBuild;
             
             BuildOnlySettings;
             PrepareForBuild;
             PreBuildEvent;
             ResolveReferences;
             PrepareResources;
             ResolveKeySource;
             Compile;
             ExportWindowsMDFile;
             UnmanagedUnregistration;
             GenerateSerializationAssemblies;
             CreateSatelliteAssemblies;
             GenerateManifests;
             GetTargetPath;
             PrepareForRun;
             UnmanagedRegistration;
             IncrementalClean;
             PostBuildEvent
           ;
             GenerateBuildDependencyFile;
             GenerateBuildRuntimeConfigurationFiles
           " (previous value: "
             BuildOnlySettings;
             PrepareForBuild;
             PreBuildEvent;
             ResolveReferences;
             PrepareResources;
             ResolveKeySource;
             Compile;
             ExportWindowsMDFile;
             UnmanagedUnregistration;
             GenerateSerializationAssemblies;
             CreateSatelliteAssemblies;
             GenerateManifests;
             GetTargetPath;
             PrepareForRun;
             UnmanagedRegistration;
             IncrementalClean;
             PostBuildEvent
           ") at /usr/share/dotnet/sdk/8.0.415/Sdks/Microsoft.NET.Sdk/targets/Microsoft.NET.Sdk.targets (197,5)
       Property reassignment: $(CoreCleanDependsOn)="
             _SdkBeforeClean;
             
           " (previous value: "") at /usr/share/dotnet/sdk/8.0.415/Sdks/Microsoft.NET.Sdk/targets/Microsoft.NET.Sdk.targets (206,5)
       Property reassignment: $(RebuildDependsOn)="
             _SdkBeforeRebuild;
             
             BeforeRebuild;
             Clean;
             Build;
             AfterRebuild;
           
           " (previous value: "
             BeforeRebuild;
             Clean;
             Build;
             AfterRebuild;
           ") at /usr/share/dotnet/sdk/8.0.415/Sdks/Microsoft.NET.Sdk/targets/Microsoft.NET.Sdk.targets (213,5)
       Property reassignment: $(CompileDependsOn)="
             
             ResolveReferences;
             ResolveKeySource;
             SetWin32ManifestProperties;
             _SetPreferNativeArm64Win32ManifestProperties;
             FindReferenceAssembliesForReferences;
             _GenerateCompileInputs;
             BeforeCompile;
             _TimeStampBeforeCompile;
             _GenerateCompileDependencyCache;
             CoreCompile;
             _TimeStampAfterCompile;
             AfterCompile;
           ;
             _CreateAppHost;
             _CreateComHost;
             _GetIjwHostPaths;
           " (previous value: "
             ResolveReferences;
             ResolveKeySource;
             SetWin32ManifestProperties;
             _SetPreferNativeArm64Win32ManifestProperties;
             FindReferenceAssembliesForReferences;
             _GenerateCompileInputs;
             BeforeCompile;
             _TimeStampBeforeCompile;
             _GenerateCompileDependencyCache;
             CoreCompile;
             _TimeStampAfterCompile;
             AfterCompile;
           ") at /usr/share/dotnet/sdk/8.0.415/Sdks/Microsoft.NET.Sdk/targets/Microsoft.NET.Sdk.targets (679,5)
       Property reassignment: $(CreateSatelliteAssembliesDependsOn)="
             
             ;
             _GenerateSatelliteAssemblyInputs;
             ComputeIntermediateSatelliteAssemblies;
             GenerateSatelliteAssemblies
           ;
             CoreGenerateSatelliteAssemblies
           " (previous value: "
             ;
             _GenerateSatelliteAssemblyInputs;
             ComputeIntermediateSatelliteAssemblies;
             GenerateSatelliteAssemblies
           ") at /usr/share/dotnet/sdk/8.0.415/Sdks/Microsoft.NET.Sdk/targets/Microsoft.NET.Sdk.targets (1065,5)
       Property reassignment: $(SourceLinkUrlInitializerTargets)=";_InitializeGitHubSourceLinkUrl;_InitializeGitLabSourceLinkUrl" (previous value: ";_InitializeGitHubSourceLinkUrl") at /usr/share/dotnet/sdk/8.0.415/Sdks/Microsoft.SourceLink.GitLab/build/Microsoft.SourceLink.GitLab.targets (12,5)
       Property reassignment: $(SourceControlManagerUrlTranslationTargets)=";TranslateGitHubUrlsInSourceControlInformation;TranslateGitLabUrlsInSourceControlInformation" (previous value: ";TranslateGitHubUrlsInSourceControlInformation") at /usr/share/dotnet/sdk/8.0.415/Sdks/Microsoft.SourceLink.GitLab/build/Microsoft.SourceLink.GitLab.targets (13,5)
       Property reassignment: $(SourceLinkUrlInitializerTargets)=";_InitializeGitHubSourceLinkUrl;_InitializeGitLabSourceLinkUrl;_InitializeAzureReposGitSourceLinkUrl" (previous value: ";_InitializeGitHubSourceLinkUrl;_InitializeGitLabSourceLinkUrl") at /usr/share/dotnet/sdk/8.0.415/Sdks/Microsoft.SourceLink.AzureRepos.Git/build/Microsoft.SourceLink.AzureRepos.Git.targets (12,5)
       Property reassignment: $(SourceControlManagerUrlTranslationTargets)=";TranslateGitHubUrlsInSourceControlInformation;TranslateGitLabUrlsInSourceControlInformation;TranslateAzureReposGitUrlsInSourceControlInformation" (previous value: ";TranslateGitHubUrlsInSourceControlInformation;TranslateGitLabUrlsInSourceControlInformation") at /usr/share/dotnet/sdk/8.0.415/Sdks/Microsoft.SourceLink.AzureRepos.Git/build/Microsoft.SourceLink.AzureRepos.Git.targets (13,5)
       Property reassignment: $(SourceLinkUrlInitializerTargets)=";_InitializeGitHubSourceLinkUrl;_InitializeGitLabSourceLinkUrl;_InitializeAzureReposGitSourceLinkUrl;_InitializeBitbucketGitSourceLinkUrl" (previous value: ";_InitializeGitHubSourceLinkUrl;_InitializeGitLabSourceLinkUrl;_InitializeAzureReposGitSourceLinkUrl") at /usr/share/dotnet/sdk/8.0.415/Sdks/Microsoft.SourceLink.Bitbucket.Git/build/Microsoft.SourceLink.Bitbucket.Git.targets (12,5)
       Property reassignment: $(SourceControlManagerUrlTranslationTargets)=";TranslateGitHubUrlsInSourceControlInformation;TranslateGitLabUrlsInSourceControlInformation;TranslateAzureReposGitUrlsInSourceControlInformation;TranslateBitbucketGitUrlsInSourceControlInformation" (previous value: ";TranslateGitHubUrlsInSourceControlInformation;TranslateGitLabUrlsInSourceControlInformation;TranslateAzureReposGitUrlsInSourceControlInformation") at /usr/share/dotnet/sdk/8.0.415/Sdks/Microsoft.SourceLink.Bitbucket.Git/build/Microsoft.SourceLink.Bitbucket.Git.targets (13,5)
       Property reassignment: $(DesignerRuntimeImplementationProjectOutputGroupDependsOn)="
             
             ;
             
             ;
             BuildOnlySettings;
             PrepareForBuild;
             AssignTargetPaths;
             ResolveReferences
           
           ;
             _GenerateDesignerDepsFile;
             _GenerateDesignerRuntimeConfigFile;
             GetCopyToOutputDirectoryItems;
             _GatherDesignerShadowCopyFiles;
           " (previous value: "
             ;
             
             ;
             BuildOnlySettings;
             PrepareForBuild;
             AssignTargetPaths;
             ResolveReferences
           
           ") at /usr/share/dotnet/sdk/8.0.415/Sdks/Microsoft.NET.Sdk/targets/Microsoft.NET.DesignerSupport.targets (21,5)
       Property reassignment: $(_GenerateToolsSettingsFileCacheFile)="/home/saidul/Desktop/K-Chief Marine Automation Platform/src/KChief.Platform.Core/obj/Release/net8.0/KChief.Platform.Core.toolssettingsinput.cache" (previous value: "obj\Release/net8.0/KChief.Platform.Core.toolssettingsinput.cache") at /usr/share/dotnet/sdk/8.0.415/Sdks/Microsoft.NET.Sdk/targets/Microsoft.NET.PackTool.targets (68,5)
       Property reassignment: $(_ShimInputCacheFile)="/home/saidul/Desktop/K-Chief Marine Automation Platform/src/KChief.Platform.Core/obj/Release/net8.0/KChief.Platform.Core.shiminput.cache" (previous value: "obj\Release/net8.0/KChief.Platform.Core.shiminput.cache") at /usr/share/dotnet/sdk/8.0.415/Sdks/Microsoft.NET.Sdk/targets/Microsoft.NET.PackTool.targets (137,5)
       Property reassignment: $(_ShimCreatedSentinelFile)="/home/saidul/Desktop/K-Chief Marine Automation Platform/src/KChief.Platform.Core/obj/Release/net8.0/KChief.Platform.Core.shimcreated.sentinel" (previous value: "obj\Release/net8.0/KChief.Platform.Core.shimcreated.sentinel") at /usr/share/dotnet/sdk/8.0.415/Sdks/Microsoft.NET.Sdk/targets/Microsoft.NET.PackTool.targets (139,5)
       Property reassignment: $(DefineConstants)="TRACE;RELEASE" (previous value: "TRACE") at /usr/share/dotnet/sdk/8.0.415/Sdks/Microsoft.NET.Sdk/targets/Microsoft.NET.Sdk.CSharp.targets (31,5)
       Property reassignment: $(DefineConstants)="TRACE;RELEASE;NET;NET8_0;NETCOREAPP" (previous value: "TRACE;RELEASE") at /usr/share/dotnet/sdk/8.0.415/Sdks/Microsoft.NET.Sdk/targets/Microsoft.NET.Sdk.CSharp.targets (34,5)
       Property reassignment: $(WarningsAsErrors)=";NU1605;SYSLIB0011" (previous value: ";NU1605") at /usr/share/dotnet/sdk/8.0.415/Sdks/Microsoft.NET.Sdk/targets/Microsoft.NET.Sdk.CSharp.targets (48,5)
       Overriding target "ResolveFrameworkReferences" in project "/usr/share/dotnet/sdk/8.0.415/Microsoft.Common.CurrentVersion.targets" with target "ResolveFrameworkReferences" from project "/usr/share/dotnet/sdk/8.0.415/Sdks/Microsoft.NET.Sdk/targets/Microsoft.NET.Sdk.FrameworkReferenceResolution.targets".
       Overriding target "Run" in project "/usr/share/dotnet/sdk/8.0.415/Microsoft.Common.CurrentVersion.targets" with target "Run" from project "/usr/share/dotnet/sdk/8.0.415/Sdks/Microsoft.NET.Sdk/targets/Microsoft.NET.Sdk.targets".
       Overriding target "GenerateSupportedTargetFrameworkAlias" in project "/usr/share/dotnet/sdk/8.0.415/Microsoft.Common.CurrentVersion.targets" with target "GenerateSupportedTargetFrameworkAlias" from project "/usr/share/dotnet/sdk/8.0.415/Sdks/Microsoft.NET.Sdk/targets/Microsoft.NET.Sdk.targets".
       Overriding target "GetReferenceAssemblyPaths" in project "/usr/share/dotnet/sdk/8.0.415/Microsoft.Common.CurrentVersion.targets" with target "GetReferenceAssemblyPaths" from project "/usr/share/dotnet/sdk/8.0.415/Sdks/Microsoft.NET.Sdk/targets/Microsoft.NET.DisableStandardFrameworkResolution.targets".
       Overriding target "GetFrameworkPaths" in project "/usr/share/dotnet/sdk/8.0.415/Microsoft.Common.CurrentVersion.targets" with target "GetFrameworkPaths" from project "/usr/share/dotnet/sdk/8.0.415/Sdks/Microsoft.NET.Sdk/targets/Microsoft.NET.DisableStandardFrameworkResolution.targets".
       Property reassignment: $(PackageDescription)="Package Description" (previous value: "") at /usr/share/dotnet/sdk/8.0.415/Sdks/NuGet.Build.Tasks.Pack/build/NuGet.Build.Tasks.Pack.targets (34,5)
       Overriding target "DesignerRuntimeImplementationProjectOutputGroup" in project "/usr/share/dotnet/sdk/8.0.415/Microsoft.Common.CurrentVersion.targets" with target "DesignerRuntimeImplementationProjectOutputGroup" from project "/usr/share/dotnet/sdk/8.0.415/Sdks/Microsoft.NET.Sdk/targets/Microsoft.NET.DesignerSupport.targets".
       Property reassignment: $(GenerateNuspecDependsOn)="Build;_LoadPackInputItems; _GetTargetFrameworksOutput; _WalkEachTargetPerFramework; _GetPackageFiles; " (previous value: "_LoadPackInputItems; _GetTargetFrameworksOutput; _WalkEachTargetPerFramework; _GetPackageFiles; ") at /usr/share/dotnet/sdk/8.0.415/Sdks/NuGet.Build.Tasks.Pack/build/NuGet.Build.Tasks.Pack.targets (59,5)
       Overriding target "Publish" in project "/usr/share/dotnet/sdk/8.0.415/Microsoft.Common.CurrentVersion.targets" with target "Publish" from project "/usr/share/dotnet/sdk/8.0.415/Sdks/Microsoft.NET.Sdk/targets/Microsoft.NET.Publish.targets".
       Property reassignment: $(_IsNotSetContainersTargetsDir)="true" (previous value: "false") at /usr/share/dotnet/sdk/8.0.415/Sdks/Microsoft.NET.Sdk/Sdk/Sdk.targets (59,5)
       Overriding target "ResolveReadyToRunCompilers" in project "/usr/share/dotnet/sdk/8.0.415/Sdks/Microsoft.NET.Sdk/targets/Microsoft.NET.CrossGen.targets" with target "ResolveReadyToRunCompilers" from project "/usr/share/dotnet/sdk/8.0.415/Sdks/Microsoft.NET.Sdk/targets/Microsoft.NET.Publish.targets".
       Overriding target "GetCopyToPublishDirectoryItems" in project "/usr/share/dotnet/sdk/8.0.415/Microsoft.Common.CurrentVersion.targets" with target "GetCopyToPublishDirectoryItems" from project "/usr/share/dotnet/sdk/8.0.415/Sdks/Microsoft.NET.Sdk/targets/Microsoft.NET.Publish.targets".
       The target "ResolveNuGetPackageAssets" listed in an AfterTargets attribute at "/home/saidul/.nuget/packages/system.text.json/8.0.0/buildTransitive/net6.0/System.Text.Json.targets (11,11)" does not exist in the project, and will be ignored.
       The target "ResolveNuGetPackageAssets" listed in an AfterTargets attribute at "/home/saidul/.nuget/packages/system.text.json/8.0.0/buildTransitive/net6.0/System.Text.Json.targets (23,11)" does not exist in the project, and will be ignored.
       The target "ResolveNuGetPackageAssets" listed in an AfterTargets attribute at "/home/saidul/.nuget/packages/microsoft.extensions.options/8.0.0/buildTransitive/net6.0/Microsoft.Extensions.Options.targets (11,11)" does not exist in the project, and will be ignored.
       The target "ResolveNuGetPackageAssets" listed in an AfterTargets attribute at "/home/saidul/.nuget/packages/microsoft.extensions.options/8.0.0/buildTransitive/net6.0/Microsoft.Extensions.Options.targets (23,11)" does not exist in the project, and will be ignored.
       Property reassignment: $(_IsSDKContainerAllowedVersion)="true" (previous value: "false") at /usr/share/dotnet/sdk/8.0.415/Containers/build/Microsoft.NET.Build.Containers.targets (5,5)
       The target "ResolveNuGetPackageAssets" listed in an AfterTargets attribute at "/home/saidul/.nuget/packages/microsoft.extensions.logging.abstractions/8.0.1/buildTransitive/net6.0/Microsoft.Extensions.Logging.Abstractions.targets (11,11)" does not exist in the project, and will be ignored.
       Property reassignment: $(_ContainerIsTargetingNet8TFM)="true" (previous value: "false") at /usr/share/dotnet/sdk/8.0.415/Containers/build/Microsoft.NET.Build.Containers.targets (15,5)
       The target "ResolveNuGetPackageAssets" listed in an AfterTargets attribute at "/home/saidul/.nuget/packages/microsoft.extensions.logging.abstractions/8.0.1/buildTransitive/net6.0/Microsoft.Extensions.Logging.Abstractions.targets (23,11)" does not exist in the project, and will be ignored.
   1:2>Project "/home/saidul/Desktop/K-Chief Marine Automation Platform/KChief.MarineAutomationPlatform.sln" (1:2) is building "/home/saidul/Desktop/K-Chief Marine Automation Platform/src/KChief.Protocols.OPC/KChief.Protocols.OPC.csproj" (5:7) on node 3 (default targets).
   5:7>Target "_CheckForUnsupportedTargetFramework" skipped, due to false condition; ('$(_UnsupportedTargetFrameworkError)' == 'true') was evaluated as ('' == 'true').
   5:7>Target "_CollectTargetFrameworkForTelemetry" in file "/usr/share/dotnet/sdk/8.0.415/Sdks/Microsoft.NET.Sdk/targets/Microsoft.NET.TargetFrameworkInference.targets" from project "/home/saidul/Desktop/K-Chief Marine Automation Platform/src/KChief.Protocols.OPC/KChief.Protocols.OPC.csproj" (target "_CheckForInvalidConfigurationAndPlatform" depends on it):
       Using "AllowEmptyTelemetry" task from assembly "/usr/share/dotnet/sdk/8.0.415/Sdks/Microsoft.NET.Sdk/targets/../tools/net8.0/Microsoft.NET.Build.Tasks.dll".
       Task "AllowEmptyTelemetry"
       Done executing task "AllowEmptyTelemetry".
     0>Property reassignment: $(SourceControlManagerUrlTranslationTargets)=";TranslateGitHubUrlsInSourceControlInformation;TranslateGitLabUrlsInSourceControlInformation" (previous value: ";TranslateGitHubUrlsInSourceControlInformation") at /usr/share/dotnet/sdk/8.0.415/Sdks/Microsoft.SourceLink.GitLab/build/Microsoft.SourceLink.GitLab.targets (13,5)
   5:7>Done building target "_CollectTargetFrameworkForTelemetry" in project "KChief.Protocols.OPC.csproj".
     0>Property reassignment: $(SourceLinkUrlInitializerTargets)=";_InitializeGitHubSourceLinkUrl;_InitializeGitLabSourceLinkUrl;_InitializeAzureReposGitSourceLinkUrl" (previous value: ";_InitializeGitHubSourceLinkUrl;_InitializeGitLabSourceLinkUrl") at /usr/share/dotnet/sdk/8.0.415/Sdks/Microsoft.SourceLink.AzureRepos.Git/build/Microsoft.SourceLink.AzureRepos.Git.targets (12,5)
   5:7>Target "_CheckForUnsupportedTargetPlatformIdentifier" skipped, due to false condition; ('$(TargetPlatformIdentifier)' != '' and '$(TargetFrameworkIdentifier)' == '.NETCoreApp' and $([MSBuild]::VersionGreaterThanOrEquals($(TargetFrameworkVersion), 5.0)) And ('$(DesignTimeBuild)' != 'true' Or '@(MissingWorkloadPack)' == '')) was evaluated as ('' != '' and '.NETCoreApp' == '.NETCoreApp' and True And ('' != 'true' Or '' == '')).
     0>Property reassignment: $(SourceControlManagerUrlTranslationTargets)=";TranslateGitHubUrlsInSourceControlInformation;TranslateGitLabUrlsInSourceControlInformation;TranslateAzureReposGitUrlsInSourceControlInformation" (previous value: ";TranslateGitHubUrlsInSourceControlInformation;TranslateGitLabUrlsInSourceControlInformation") at /usr/share/dotnet/sdk/8.0.415/Sdks/Microsoft.SourceLink.AzureRepos.Git/build/Microsoft.SourceLink.AzureRepos.Git.targets (13,5)
   5:7>Target "_CheckForMissingWorkload" skipped, due to false condition; ('@(MissingWorkloadPack)' != '' And '$(DesignTimeBuild)' != 'true') was evaluated as ('' != '' And '' != 'true').
     0>Property reassignment: $(SourceLinkUrlInitializerTargets)=";_InitializeGitHubSourceLinkUrl;_InitializeGitLabSourceLinkUrl;_InitializeAzureReposGitSourceLinkUrl;_InitializeBitbucketGitSourceLinkUrl" (previous value: ";_InitializeGitHubSourceLinkUrl;_InitializeGitLabSourceLinkUrl;_InitializeAzureReposGitSourceLinkUrl") at /usr/share/dotnet/sdk/8.0.415/Sdks/Microsoft.SourceLink.Bitbucket.Git/build/Microsoft.SourceLink.Bitbucket.Git.targets (12,5)
       Property reassignment: $(SourceControlManagerUrlTranslationTargets)=";TranslateGitHubUrlsInSourceControlInformation;TranslateGitLabUrlsInSourceControlInformation;TranslateAzureReposGitUrlsInSourceControlInformation;TranslateBitbucketGitUrlsInSourceControlInformation" (previous value: ";TranslateGitHubUrlsInSourceControlInformation;TranslateGitLabUrlsInSourceControlInformation;TranslateAzureReposGitUrlsInSourceControlInformation") at /usr/share/dotnet/sdk/8.0.415/Sdks/Microsoft.SourceLink.Bitbucket.Git/build/Microsoft.SourceLink.Bitbucket.Git.targets (13,5)
   5:7>Target "_CheckForUnsupportedNETCoreVersion" in file "/usr/share/dotnet/sdk/8.0.415/Sdks/Microsoft.NET.Sdk/targets/Microsoft.NET.TargetFrameworkInference.targets" from project "/home/saidul/Desktop/K-Chief Marine Automation Platform/src/KChief.Protocols.OPC/KChief.Protocols.OPC.csproj" (target "_CheckForInvalidConfigurationAndPlatform" depends on it):
   5:7>Task "NETSdkError" skipped, due to false condition; ('$(_TargetFrameworkVersionWithoutV)' > '$(NETCoreAppMaximumVersion)' and '$(DisplayVSMessage)' != 'true') was evaluated as ('8.0' > '8.0' and '' != 'true').
     0>Property reassignment: $(DesignerRuntimeImplementationProjectOutputGroupDependsOn)="
      
      ;
      
      ;
      BuildOnlySettings;
      PrepareForBuild;
      AssignTargetPaths;
      ResolveReferences
    
    ;
      _GenerateDesignerDepsFile;
      _GenerateDesignerRuntimeConfigFile;
      GetCopyToOutputDirectoryItems;
      _GatherDesignerShadowCopyFiles;
    " (previous value: "
      ;
      
      ;
      BuildOnlySettings;
      PrepareForBuild;
      AssignTargetPaths;
      ResolveReferences
    
    ") at /usr/share/dotnet/sdk/8.0.415/Sdks/Microsoft.NET.Sdk/targets/Microsoft.NET.DesignerSupport.targets (21,5)
   5:7>_CheckForUnsupportedNETCoreVersion:
       Task "NETSdkError" skipped, due to false condition; ('$(DisplayVSMessage)' == 'true') was evaluated as ('' == 'true').
     0>Property reassignment: $(_GenerateToolsSettingsFileCacheFile)="/home/saidul/Desktop/K-Chief Marine Automation Platform/src/KChief.Platform.API/obj/Release/net8.0/KChief.Platform.API.toolssettingsinput.cache" (previous value: "obj\Release/net8.0/KChief.Platform.API.toolssettingsinput.cache") at /usr/share/dotnet/sdk/8.0.415/Sdks/Microsoft.NET.Sdk/targets/Microsoft.NET.PackTool.targets (68,5)
   5:7>Done building target "_CheckForUnsupportedNETCoreVersion" in project "KChief.Protocols.OPC.csproj".
     0>Property reassignment: $(_ShimInputCacheFile)="/home/saidul/Desktop/K-Chief Marine Automation Platform/src/KChief.Platform.API/obj/Release/net8.0/KChief.Platform.API.shiminput.cache" (previous value: "obj\Release/net8.0/KChief.Platform.API.shiminput.cache") at /usr/share/dotnet/sdk/8.0.415/Sdks/Microsoft.NET.Sdk/targets/Microsoft.NET.PackTool.targets (137,5)
   5:7>Target "_CheckForEolTargetFrameworks" skipped, due to false condition; ('@(_EolNetCoreTargetFrameworkVersions->AnyHaveMetadataValue('Identity', '$(_TargetFrameworkVersionWithoutV)'))' and '$(TargetFrameworkIdentifier)' == '.NETCoreApp' and '$(CheckEolTargetFramework)' == 'true') was evaluated as ('false' and '.NETCoreApp' == '.NETCoreApp' and '' == 'true').
     0>Property reassignment: $(_ShimCreatedSentinelFile)="/home/saidul/Desktop/K-Chief Marine Automation Platform/src/KChief.Platform.API/obj/Release/net8.0/KChief.Platform.API.shimcreated.sentinel" (previous value: "obj\Release/net8.0/KChief.Platform.API.shimcreated.sentinel") at /usr/share/dotnet/sdk/8.0.415/Sdks/Microsoft.NET.Sdk/targets/Microsoft.NET.PackTool.targets (139,5)
   5:7>Target "_CheckForEolWorkloads" skipped, due to false condition; ('@(EolWorkload)' != '' and '$(CheckEolWorkloads)' == 'true') was evaluated as ('' != '' and 'true' == 'true').
     0>Property reassignment: $(DefineConstants)="TRACE;RELEASE" (previous value: "TRACE") at /usr/share/dotnet/sdk/8.0.415/Sdks/Microsoft.NET.Sdk/targets/Microsoft.NET.Sdk.CSharp.targets (31,5)
       Property reassignment: $(DefineConstants)="TRACE;RELEASE;NET;NET8_0;NETCOREAPP" (previous value: "TRACE;RELEASE") at /usr/share/dotnet/sdk/8.0.415/Sdks/Microsoft.NET.Sdk/targets/Microsoft.NET.Sdk.CSharp.targets (34,5)
   5:7>Target "_CheckForUnsupportedCppNETCoreVersion" in file "/usr/share/dotnet/sdk/8.0.415/Sdks/Microsoft.NET.Sdk/targets/Microsoft.NET.TargetFrameworkInference.targets" from project "/home/saidul/Desktop/K-Chief Marine Automation Platform/src/KChief.Protocols.OPC/KChief.Protocols.OPC.csproj" (target "_CheckForInvalidConfigurationAndPlatform" depends on it):
   5:7>Task "NETSdkError" skipped, due to false condition; ('$(TargetFrameworkIdentifier)' == '.NETCoreApp' and '$(_TargetFrameworkVersionWithoutV)' < '3.1' and ('$(Language)' == 'C++' and '$(_EnablePackageReferencesInVCProjects)' != 'true')) was evaluated as ('.NETCoreApp' == '.NETCoreApp' and '8.0' < '3.1' and ('C#' == 'C++' and '' != 'true')).
     0>Property reassignment: $(WarningsAsErrors)=";NU1605;SYSLIB0011" (previous value: ";NU1605") at /usr/share/dotnet/sdk/8.0.415/Sdks/Microsoft.NET.Sdk/targets/Microsoft.NET.Sdk.CSharp.targets (48,5)
   5:7>Done building target "_CheckForUnsupportedCppNETCoreVersion" in project "KChief.Protocols.OPC.csproj".
     0>Property reassignment: $(PackageDescription)="Package Description" (previous value: "") at /usr/share/dotnet/sdk/8.0.415/Sdks/NuGet.Build.Tasks.Pack/build/NuGet.Build.Tasks.Pack.targets (34,5)
   5:7>Target "_CheckForUnsupportedNETStandardVersion" skipped, due to false condition; ('$(TargetFrameworkIdentifier)' == '.NETStandard' And '$(NETStandardMaximumVersion)' != '') was evaluated as ('.NETCoreApp' == '.NETStandard' And '' != '').
     0>Property reassignment: $(GenerateNuspecDependsOn)="Build;_LoadPackInputItems; _GetTargetFrameworksOutput; _WalkEachTargetPerFramework; _GetPackageFiles; " (previous value: "_LoadPackInputItems; _GetTargetFrameworksOutput; _WalkEachTargetPerFramework; _GetPackageFiles; ") at /usr/share/dotnet/sdk/8.0.415/Sdks/NuGet.Build.Tasks.Pack/build/NuGet.Build.Tasks.Pack.targets (59,5)
   5:7>Target "_CheckForUnsupportedTargetFrameworkAndFeatureCombination" skipped, due to false condition; ('$(TargetFrameworkIdentifier)' == '.NETFramework') was evaluated as ('.NETCoreApp' == '.NETFramework').
     0>Property reassignment: $(_IsNotSetContainersTargetsDir)="true" (previous value: "false") at /usr/share/dotnet/sdk/8.0.415/Sdks/Microsoft.NET.Sdk/Sdk/Sdk.targets (59,5)
   5:7>Target "_CheckForSupportedOSPlatformVersionHigherThanTargetPlatformVersion" skipped, due to false condition; ('$(TargetPlatformVersion)' != '' and '$(TargetFrameworkIdentifier)' == '.NETCoreApp' and $([MSBuild]::VersionGreaterThanOrEquals($(TargetFrameworkVersion), 5.0))) was evaluated as ('' != '' and '.NETCoreApp' == '.NETCoreApp' and True).
     0>Property reassignment: $(_IsSDKContainerAllowedVersion)="true" (previous value: "false") at /usr/share/dotnet/sdk/8.0.415/Containers/build/Microsoft.NET.Build.Containers.targets (5,5)
   5:7>Target "_CheckForInvalidTargetPlatformVersion" skipped, due to false condition; ('$(TargetPlatformVersion)' != '' and '$(TargetFrameworkIdentifier)' == '.NETCoreApp' and $([MSBuild]::VersionGreaterThanOrEquals($(TargetFrameworkVersion), 5.0)) and ('$(Language)' != 'C++' or '$(_EnablePackageReferencesInVCProjects)' == 'true')) was evaluated as ('' != '' and '.NETCoreApp' == '.NETCoreApp' and True and ('C#' != 'C++' or '' == 'true')).
     0>Property reassignment: $(_ContainerIsTargetingNet8TFM)="true" (previous value: "false") at /usr/share/dotnet/sdk/8.0.415/Containers/build/Microsoft.NET.Build.Containers.targets (15,5)
       Property 'DOTNET_HOST_PATH' with value '/usr/share/dotnet/dotnet' expanded from the environment.
   5:7>Target "_CheckForUnsupportedArtifactsPath" in file "/usr/share/dotnet/sdk/8.0.415/Sdks/Microsoft.NET.Sdk/targets/Microsoft.NET.DefaultOutputPaths.targets" from project "/home/saidul/Desktop/K-Chief Marine Automation Platform/src/KChief.Protocols.OPC/KChief.Protocols.OPC.csproj" (target "_CheckForInvalidConfigurationAndPlatform" depends on it):
   5:7>Task "NetSdkError" skipped, due to false condition; ('$(UseArtifactsOutput)' == 'true' and '$(_ArtifactsPathSetEarly)' != 'true') was evaluated as ('' == 'true' and '' != 'true').
       Task "NetSdkError" skipped, due to false condition; ('$(_ArtifactsPathLocationType)' == 'ProjectFolder') was evaluated as ('' == 'ProjectFolder').
   5:7>Done building target "_CheckForUnsupportedArtifactsPath" in project "KChief.Protocols.OPC.csproj".
       Target "_CheckForMissingWorkload" skipped, due to false condition; ('@(MissingWorkloadPack)' != '' And '$(DesignTimeBuild)' != 'true') was evaluated as ('' != '' And '' != 'true').
       Target "_CheckForUnsupportedAppHostUsage" skipped, due to false condition; ('$(TargetFrameworkIdentifier)' == '.NETCoreApp' and '$(HasRuntimeOutput)' == 'true') was evaluated as ('.NETCoreApp' == '.NETCoreApp' and '' == 'true').
   5:7>Target "_CheckForUnsupportedHostingUsage" in file "/usr/share/dotnet/sdk/8.0.415/Sdks/Microsoft.NET.Sdk/targets/Microsoft.NET.RuntimeIdentifierInference.targets" from project "/home/saidul/Desktop/K-Chief Marine Automation Platform/src/KChief.Protocols.OPC/KChief.Protocols.OPC.csproj" (target "_CheckForInvalidConfigurationAndPlatform" depends on it):
       Task "NETSdkWarning" skipped, due to false condition; ('$(SelfContained)' == 'true' and '$(EnableComHosting)' == 'true') was evaluated as ('' == 'true' and '' == 'true').
   5:7>Done building target "_CheckForUnsupportedHostingUsage" in project "KChief.Protocols.OPC.csproj".
   5:7>Target "_CheckAndUnsetUnsupportedPrefer32Bit" in file "/usr/share/dotnet/sdk/8.0.415/Sdks/Microsoft.NET.Sdk/targets/Microsoft.NET.RuntimeIdentifierInference.targets" from project "/home/saidul/Desktop/K-Chief Marine Automation Platform/src/KChief.Protocols.OPC/KChief.Protocols.OPC.csproj" (target "_CheckForInvalidConfigurationAndPlatform" depends on it):
       Task "NETSdkWarning" skipped, due to false condition; ('$(Prefer32Bit)' == 'true') was evaluated as ('false' == 'true').
   5:7>Done building target "_CheckAndUnsetUnsupportedPrefer32Bit" in project "KChief.Protocols.OPC.csproj".
       Target "_CheckForMismatchingPlatform" skipped, due to false condition; ('$(RuntimeIdentifier)' != '' and '$(PlatformTarget)' != '') was evaluated as ('' != '' and '' != '').
   5:7>Target "_CheckForLanguageAndFeatureCombinationSupport" in file "/usr/share/dotnet/sdk/8.0.415/Sdks/Microsoft.NET.Sdk/targets/Microsoft.NET.RuntimeIdentifierInference.targets" from project "/home/saidul/Desktop/K-Chief Marine Automation Platform/src/KChief.Protocols.OPC/KChief.Protocols.OPC.csproj" (target "_CheckForInvalidConfigurationAndPlatform" depends on it):
       Task "NETSdkError" skipped, due to false condition; (('$(Language)' == 'C++' and '$(_EnablePackageReferencesInVCProjects)' != 'true') and $(OutputType) != 'library' and '$(TargetFrameworkIdentifier)' == '.NETCoreApp') was evaluated as (('C#' == 'C++' and '' != 'true') and Library != 'library' and '.NETCoreApp' == '.NETCoreApp').
       Task "NETSdkError" skipped, due to false condition; (('$(Language)' == 'C++' and '$(_EnablePackageReferencesInVCProjects)' != 'true') and $(EnableComHosting) == 'true') was evaluated as (('C#' == 'C++' and '' != 'true') and  == 'true').
       Task "NETSdkError" skipped, due to false condition; (('$(Language)' == 'C++' and '$(_EnablePackageReferencesInVCProjects)' != 'true') and $(SelfContained) == 'true') was evaluated as (('C#' == 'C++' and '' != 'true') and  == 'true').
   5:7>Done building target "_CheckForLanguageAndFeatureCombinationSupport" in project "KChief.Protocols.OPC.csproj".
       Target "_CheckForNETCoreSdkIsPreview" skipped, due to false condition; ( '$(_NETCoreSdkIsPreview)' == 'true' AND '$(SuppressNETCoreSdkPreviewMessage)' != 'true' ) was evaluated as ( 'false' == 'true' AND '' != 'true' ).
   5:7>Target "_GetProjectJsonPath" in file "/usr/share/dotnet/sdk/8.0.415/NuGet.targets" from project "/home/saidul/Desktop/K-Chief Marine Automation Platform/src/KChief.Protocols.OPC/KChief.Protocols.OPC.csproj" (target "_GetRestoreProjectStyle" depends on it):
       Task "GetRestoreProjectJsonPathTask" skipped, due to false condition; ( '$(RestoreProjectStyle)' == 'ProjectJson' OR '$(RestoreProjectStyle)' == '' ) was evaluated as ( 'PackageReference' == 'ProjectJson' OR 'PackageReference' == '' ).
   5:7>Done building target "_GetProjectJsonPath" in project "KChief.Protocols.OPC.csproj".
       Target "_CheckForUnsupportedTargetPlatformIdentifier" skipped, due to false condition; ('$(TargetPlatformIdentifier)' != '' and '$(TargetFrameworkIdentifier)' == '.NETCoreApp' and $([MSBuild]::VersionGreaterThanOrEquals($(TargetFrameworkVersion), 5.0)) And ('$(DesignTimeBuild)' != 'true' Or '@(MissingWorkloadPack)' == '')) was evaluated as ('' != '' and '.NETCoreApp' == '.NETCoreApp' and True And ('' != 'true' Or '' == '')).
       Target "_CheckForMissingWorkload" skipped, due to false condition; ('@(MissingWorkloadPack)' != '' And '$(DesignTimeBuild)' != 'true') was evaluated as ('' != '' And '' != 'true').
       Target "_CheckForUnsupportedNETStandardVersion" skipped, due to false condition; ('$(TargetFrameworkIdentifier)' == '.NETStandard' And '$(NETStandardMaximumVersion)' != '') was evaluated as ('.NETCoreApp' == '.NETStandard' And '' != '').
       Target "_CheckForUnsupportedTargetFrameworkAndFeatureCombination" skipped, due to false condition; ('$(TargetFrameworkIdentifier)' == '.NETFramework') was evaluated as ('.NETCoreApp' == '.NETFramework').
   5:7>Target "UpdateAspNetToFrameworkReference" in file "/usr/share/dotnet/sdk/8.0.415/Sdks/Microsoft.NET.Sdk/targets/Microsoft.NET.Sdk.DefaultItems.Shared.targets" from project "/home/saidul/Desktop/K-Chief Marine Automation Platform/src/KChief.Protocols.OPC/KChief.Protocols.OPC.csproj" (target "ApplyImplicitVersions" depends on it):
       Using "CheckIfPackageReferenceShouldBeFrameworkReference" task from assembly "/usr/share/dotnet/sdk/8.0.415/Sdks/Microsoft.NET.Sdk/targets/../tools/net8.0/Microsoft.NET.Build.Tasks.dll".
       Task "CheckIfPackageReferenceShouldBeFrameworkReference"
       Done executing task "CheckIfPackageReferenceShouldBeFrameworkReference".
       Task "NETSdkError" skipped, due to false condition; ('$(_ShouldRemoveAspNetCoreAll)' == 'true') was evaluated as ('False' == 'true').
       Task "CheckIfPackageReferenceShouldBeFrameworkReference"
       Done executing task "CheckIfPackageReferenceShouldBeFrameworkReference".
       Task "NETSdkWarning" skipped, due to false condition; ('$(_ShouldRemoveAspNetCoreApp)' == 'true') was evaluated as ('False' == 'true').
   5:7>Done building target "UpdateAspNetToFrameworkReference" in project "KChief.Protocols.OPC.csproj".
       Target "IncludeTargetingPackReference" skipped, due to false condition; ('$(TargetFrameworkMoniker)' != '' and '$(TargetFrameworkIdentifier)' == '.NETFramework' and '$(AutomaticallyUseReferenceAssemblyPackages)' == 'true') was evaluated as ('.NETCoreApp,Version=v8.0' != '' and '.NETCoreApp' == '.NETFramework' and 'true' == 'true').
   5:7>Target "CheckForImplicitPackageReferenceOverrides" in file "/usr/share/dotnet/sdk/8.0.415/Sdks/Microsoft.NET.Sdk/targets/Microsoft.NET.Sdk.DefaultItems.Shared.targets" from project "/home/saidul/Desktop/K-Chief Marine Automation Platform/src/KChief.Protocols.OPC/KChief.Protocols.OPC.csproj" (target "ApplyImplicitVersions" depends on it):
       Using "CheckForImplicitPackageReferenceOverrides" task from assembly "/usr/share/dotnet/sdk/8.0.415/Sdks/Microsoft.NET.Sdk/targets/../tools/net8.0/Microsoft.NET.Build.Tasks.dll".
       Task "CheckForImplicitPackageReferenceOverrides"
       Done executing task "CheckForImplicitPackageReferenceOverrides".
   5:7>Done building target "CheckForImplicitPackageReferenceOverrides" in project "KChief.Protocols.OPC.csproj".
   5:7>Target "ApplyImplicitVersions" in file "/usr/share/dotnet/sdk/8.0.415/Sdks/Microsoft.NET.Sdk/targets/Microsoft.NET.Sdk.DefaultItems.Shared.targets" from project "/home/saidul/Desktop/K-Chief Marine Automation Platform/src/KChief.Protocols.OPC/KChief.Protocols.OPC.csproj" (target "CollectPackageReferences" depends on it):
       Using "ApplyImplicitVersions" task from assembly "/usr/share/dotnet/sdk/8.0.415/Sdks/Microsoft.NET.Sdk/targets/../tools/net8.0/Microsoft.NET.Build.Tasks.dll".
       Task "ApplyImplicitVersions"
       Done executing task "ApplyImplicitVersions".
   5:7>Done building target "ApplyImplicitVersions" in project "KChief.Protocols.OPC.csproj".
       Target "CheckForImplicitPackageReferenceOverrides" skipped. Previously built successfully.
       Target "AddWindowsSdkKnownFrameworkReferences" skipped, due to false condition; ('$(TargetFrameworkIdentifier)' == '.NETCoreApp' And '$(TargetPlatformIdentifier)' == 'Windows') was evaluated as ('.NETCoreApp' == '.NETCoreApp' And '' == 'Windows').
       Target "_NormalizeTargetPlatformVersion" skipped, due to false condition; ('$(TargetPlatformVersion)' != '' and '$(TargetFrameworkIdentifier)' == '.NETCoreApp' and $([MSBuild]::VersionGreaterThanOrEquals($(TargetFrameworkVersion), 5.0)) and ('$(Language)' != 'C++' or '$(_EnablePackageReferencesInVCProjects)' == 'true')) was evaluated as ('' != '' and '.NETCoreApp' == '.NETCoreApp' and True and ('C#' != 'C++' or '' == 'true')).
   5:7>Target "_ComputeToolPackInputsToProcessFrameworkReferences" in file "/usr/share/dotnet/sdk/8.0.415/Sdks/Microsoft.NET.Sdk/targets/Microsoft.NET.Publish.targets" from project "/home/saidul/Desktop/K-Chief Marine Automation Platform/src/KChief.Protocols.OPC/KChief.Protocols.OPC.csproj" (target "ProcessFrameworkReferences" depends on it):
   5:7>Done building target "_ComputeToolPackInputsToProcessFrameworkReferences" in project "KChief.Protocols.OPC.csproj".
   5:7>Target "ProcessFrameworkReferences" in file "/usr/share/dotnet/sdk/8.0.415/Sdks/Microsoft.NET.Sdk/targets/Microsoft.NET.Sdk.FrameworkReferenceResolution.targets" from project "/home/saidul/Desktop/K-Chief Marine Automation Platform/src/KChief.Protocols.OPC/KChief.Protocols.OPC.csproj" (target "CollectPackageReferences" depends on it):
       Using "CheckForDuplicateFrameworkReferences" task from assembly "/usr/share/dotnet/sdk/8.0.415/Sdks/Microsoft.NET.Sdk/targets/../tools/net8.0/Microsoft.NET.Build.Tasks.dll".
       Task "CheckForDuplicateFrameworkReferences"
       Done executing task "CheckForDuplicateFrameworkReferences".
       Using "ProcessFrameworkReferences" task from assembly "/usr/share/dotnet/sdk/8.0.415/Sdks/Microsoft.NET.Sdk/targets/../tools/net8.0/Microsoft.NET.Build.Tasks.dll".
       Task "ProcessFrameworkReferences"
       Done executing task "ProcessFrameworkReferences".
       Using "ResolveAppHosts" task from assembly "/usr/share/dotnet/sdk/8.0.415/Sdks/Microsoft.NET.Sdk/targets/../tools/net8.0/Microsoft.NET.Build.Tasks.dll".
       Task "ResolveAppHosts"
   1:2>Project "/home/saidul/Desktop/K-Chief Marine Automation Platform/KChief.MarineAutomationPlatform.sln" (1:2) is building "/home/saidul/Desktop/K-Chief Marine Automation Platform/src/KChief.AlarmSystem/KChief.AlarmSystem.csproj" (7:7) on node 5 (default targets).
   7:7>Target "_CheckForUnsupportedTargetFramework" skipped, due to false condition; ('$(_UnsupportedTargetFrameworkError)' == 'true') was evaluated as ('' == 'true').
   7:7>Target "_CollectTargetFrameworkForTelemetry" in file "/usr/share/dotnet/sdk/8.0.415/Sdks/Microsoft.NET.Sdk/targets/Microsoft.NET.TargetFrameworkInference.targets" from project "/home/saidul/Desktop/K-Chief Marine Automation Platform/src/KChief.AlarmSystem/KChief.AlarmSystem.csproj" (target "_CheckForInvalidConfigurationAndPlatform" depends on it):
       Using "AllowEmptyTelemetry" task from assembly "/usr/share/dotnet/sdk/8.0.415/Sdks/Microsoft.NET.Sdk/targets/../tools/net8.0/Microsoft.NET.Build.Tasks.dll".
       Task "AllowEmptyTelemetry"
       Done executing task "AllowEmptyTelemetry".
   7:7>Done building target "_CollectTargetFrameworkForTelemetry" in project "KChief.AlarmSystem.csproj".
       Target "_CheckForUnsupportedTargetPlatformIdentifier" skipped, due to false condition; ('$(TargetPlatformIdentifier)' != '' and '$(TargetFrameworkIdentifier)' == '.NETCoreApp' and $([MSBuild]::VersionGreaterThanOrEquals($(TargetFrameworkVersion), 5.0)) And ('$(DesignTimeBuild)' != 'true' Or '@(MissingWorkloadPack)' == '')) was evaluated as ('' != '' and '.NETCoreApp' == '.NETCoreApp' and True And ('' != 'true' Or '' == '')).
       Target "_CheckForMissingWorkload" skipped, due to false condition; ('@(MissingWorkloadPack)' != '' And '$(DesignTimeBuild)' != 'true') was evaluated as ('' != '' And '' != 'true').
   7:7>Target "_CheckForUnsupportedNETCoreVersion" in file "/usr/share/dotnet/sdk/8.0.415/Sdks/Microsoft.NET.Sdk/targets/Microsoft.NET.TargetFrameworkInference.targets" from project "/home/saidul/Desktop/K-Chief Marine Automation Platform/src/KChief.AlarmSystem/KChief.AlarmSystem.csproj" (target "_CheckForInvalidConfigurationAndPlatform" depends on it):
       Task "NETSdkError" skipped, due to false condition; ('$(_TargetFrameworkVersionWithoutV)' > '$(NETCoreAppMaximumVersion)' and '$(DisplayVSMessage)' != 'true') was evaluated as ('8.0' > '8.0' and '' != 'true').
       Task "NETSdkError" skipped, due to false condition; ('$(DisplayVSMessage)' == 'true') was evaluated as ('' == 'true').
   7:7>Done building target "_CheckForUnsupportedNETCoreVersion" in project "KChief.AlarmSystem.csproj".
       Target "_CheckForEolTargetFrameworks" skipped, due to false condition; ('@(_EolNetCoreTargetFrameworkVersions->AnyHaveMetadataValue('Identity', '$(_TargetFrameworkVersionWithoutV)'))' and '$(TargetFrameworkIdentifier)' == '.NETCoreApp' and '$(CheckEolTargetFramework)' == 'true') was evaluated as ('false' and '.NETCoreApp' == '.NETCoreApp' and '' == 'true').
       Target "_CheckForEolWorkloads" skipped, due to false condition; ('@(EolWorkload)' != '' and '$(CheckEolWorkloads)' == 'true') was evaluated as ('' != '' and 'true' == 'true').
   7:7>Target "_CheckForUnsupportedCppNETCoreVersion" in file "/usr/share/dotnet/sdk/8.0.415/Sdks/Microsoft.NET.Sdk/targets/Microsoft.NET.TargetFrameworkInference.targets" from project "/home/saidul/Desktop/K-Chief Marine Automation Platform/src/KChief.AlarmSystem/KChief.AlarmSystem.csproj" (target "_CheckForInvalidConfigurationAndPlatform" depends on it):
       Task "NETSdkError" skipped, due to false condition; ('$(TargetFrameworkIdentifier)' == '.NETCoreApp' and '$(_TargetFrameworkVersionWithoutV)' < '3.1' and ('$(Language)' == 'C++' and '$(_EnablePackageReferencesInVCProjects)' != 'true')) was evaluated as ('.NETCoreApp' == '.NETCoreApp' and '8.0' < '3.1' and ('C#' == 'C++' and '' != 'true')).
   7:7>Done building target "_CheckForUnsupportedCppNETCoreVersion" in project "KChief.AlarmSystem.csproj".
       Target "_CheckForUnsupportedNETStandardVersion" skipped, due to false condition; ('$(TargetFrameworkIdentifier)' == '.NETStandard' And '$(NETStandardMaximumVersion)' != '') was evaluated as ('.NETCoreApp' == '.NETStandard' And '' != '').
       Target "_CheckForUnsupportedTargetFrameworkAndFeatureCombination" skipped, due to false condition; ('$(TargetFrameworkIdentifier)' == '.NETFramework') was evaluated as ('.NETCoreApp' == '.NETFramework').
       Target "_CheckForSupportedOSPlatformVersionHigherThanTargetPlatformVersion" skipped, due to false condition; ('$(TargetPlatformVersion)' != '' and '$(TargetFrameworkIdentifier)' == '.NETCoreApp' and $([MSBuild]::VersionGreaterThanOrEquals($(TargetFrameworkVersion), 5.0))) was evaluated as ('' != '' and '.NETCoreApp' == '.NETCoreApp' and True).
       Target "_CheckForInvalidTargetPlatformVersion" skipped, due to false condition; ('$(TargetPlatformVersion)' != '' and '$(TargetFrameworkIdentifier)' == '.NETCoreApp' and $([MSBuild]::VersionGreaterThanOrEquals($(TargetFrameworkVersion), 5.0)) and ('$(Language)' != 'C++' or '$(_EnablePackageReferencesInVCProjects)' == 'true')) was evaluated as ('' != '' and '.NETCoreApp' == '.NETCoreApp' and True and ('C#' != 'C++' or '' == 'true')).
   7:7>Target "_CheckForUnsupportedArtifactsPath" in file "/usr/share/dotnet/sdk/8.0.415/Sdks/Microsoft.NET.Sdk/targets/Microsoft.NET.DefaultOutputPaths.targets" from project "/home/saidul/Desktop/K-Chief Marine Automation Platform/src/KChief.AlarmSystem/KChief.AlarmSystem.csproj" (target "_CheckForInvalidConfigurationAndPlatform" depends on it):
       Task "NetSdkError" skipped, due to false condition; ('$(UseArtifactsOutput)' == 'true' and '$(_ArtifactsPathSetEarly)' != 'true') was evaluated as ('' == 'true' and '' != 'true').
       Task "NetSdkError" skipped, due to false condition; ('$(_ArtifactsPathLocationType)' == 'ProjectFolder') was evaluated as ('' == 'ProjectFolder').
   7:7>Done building target "_CheckForUnsupportedArtifactsPath" in project "KChief.AlarmSystem.csproj".
       Target "_CheckForMissingWorkload" skipped, due to false condition; ('@(MissingWorkloadPack)' != '' And '$(DesignTimeBuild)' != 'true') was evaluated as ('' != '' And '' != 'true').
       Target "_CheckForUnsupportedAppHostUsage" skipped, due to false condition; ('$(TargetFrameworkIdentifier)' == '.NETCoreApp' and '$(HasRuntimeOutput)' == 'true') was evaluated as ('.NETCoreApp' == '.NETCoreApp' and '' == 'true').
   7:7>Target "_CheckForUnsupportedHostingUsage" in file "/usr/share/dotnet/sdk/8.0.415/Sdks/Microsoft.NET.Sdk/targets/Microsoft.NET.RuntimeIdentifierInference.targets" from project "/home/saidul/Desktop/K-Chief Marine Automation Platform/src/KChief.AlarmSystem/KChief.AlarmSystem.csproj" (target "_CheckForInvalidConfigurationAndPlatform" depends on it):
       Task "NETSdkWarning" skipped, due to false condition; ('$(SelfContained)' == 'true' and '$(EnableComHosting)' == 'true') was evaluated as ('' == 'true' and '' == 'true').
   7:7>Done building target "_CheckForUnsupportedHostingUsage" in project "KChief.AlarmSystem.csproj".
   7:7>Target "_CheckAndUnsetUnsupportedPrefer32Bit" in file "/usr/share/dotnet/sdk/8.0.415/Sdks/Microsoft.NET.Sdk/targets/Microsoft.NET.RuntimeIdentifierInference.targets" from project "/home/saidul/Desktop/K-Chief Marine Automation Platform/src/KChief.AlarmSystem/KChief.AlarmSystem.csproj" (target "_CheckForInvalidConfigurationAndPlatform" depends on it):
       Task "NETSdkWarning" skipped, due to false condition; ('$(Prefer32Bit)' == 'true') was evaluated as ('false' == 'true').
   7:7>Done building target "_CheckAndUnsetUnsupportedPrefer32Bit" in project "KChief.AlarmSystem.csproj".
       Target "_CheckForMismatchingPlatform" skipped, due to false condition; ('$(RuntimeIdentifier)' != '' and '$(PlatformTarget)' != '') was evaluated as ('' != '' and '' != '').
   7:7>Target "_CheckForLanguageAndFeatureCombinationSupport" in file "/usr/share/dotnet/sdk/8.0.415/Sdks/Microsoft.NET.Sdk/targets/Microsoft.NET.RuntimeIdentifierInference.targets" from project "/home/saidul/Desktop/K-Chief Marine Automation Platform/src/KChief.AlarmSystem/KChief.AlarmSystem.csproj" (target "_CheckForInvalidConfigurationAndPlatform" depends on it):
       Task "NETSdkError" skipped, due to false condition; (('$(Language)' == 'C++' and '$(_EnablePackageReferencesInVCProjects)' != 'true') and $(OutputType) != 'library' and '$(TargetFrameworkIdentifier)' == '.NETCoreApp') was evaluated as (('C#' == 'C++' and '' != 'true') and Library != 'library' and '.NETCoreApp' == '.NETCoreApp').
       Task "NETSdkError" skipped, due to false condition; (('$(Language)' == 'C++' and '$(_EnablePackageReferencesInVCProjects)' != 'true') and $(EnableComHosting) == 'true') was evaluated as (('C#' == 'C++' and '' != 'true') and  == 'true').
     0>Overriding target "ResolveFrameworkReferences" in project "/usr/share/dotnet/sdk/8.0.415/Microsoft.Common.CurrentVersion.targets" with target "ResolveFrameworkReferences" from project "/usr/share/dotnet/sdk/8.0.415/Sdks/Microsoft.NET.Sdk/targets/Microsoft.NET.Sdk.FrameworkReferenceResolution.targets".
   7:7>_CheckForLanguageAndFeatureCombinationSupport:
       Task "NETSdkError" skipped, due to false condition; (('$(Language)' == 'C++' and '$(_EnablePackageReferencesInVCProjects)' != 'true') and $(SelfContained) == 'true') was evaluated as (('C#' == 'C++' and '' != 'true') and  == 'true').
     0>Overriding target "Run" in project "/usr/share/dotnet/sdk/8.0.415/Microsoft.Common.CurrentVersion.targets" with target "Run" from project "/usr/share/dotnet/sdk/8.0.415/Sdks/Microsoft.NET.Sdk/targets/Microsoft.NET.Sdk.targets".
   7:7>Done building target "_CheckForLanguageAndFeatureCombinationSupport" in project "KChief.AlarmSystem.csproj".
     0>Overriding target "GenerateSupportedTargetFrameworkAlias" in project "/usr/share/dotnet/sdk/8.0.415/Microsoft.Common.CurrentVersion.targets" with target "GenerateSupportedTargetFrameworkAlias" from project "/usr/share/dotnet/sdk/8.0.415/Sdks/Microsoft.NET.Sdk/targets/Microsoft.NET.Sdk.targets".
   7:7>Target "_CheckForNETCoreSdkIsPreview" skipped, due to false condition; ( '$(_NETCoreSdkIsPreview)' == 'true' AND '$(SuppressNETCoreSdkPreviewMessage)' != 'true' ) was evaluated as ( 'false' == 'true' AND '' != 'true' ).
     0>Overriding target "GetReferenceAssemblyPaths" in project "/usr/share/dotnet/sdk/8.0.415/Microsoft.Common.CurrentVersion.targets" with target "GetReferenceAssemblyPaths" from project "/usr/share/dotnet/sdk/8.0.415/Sdks/Microsoft.NET.Sdk/targets/Microsoft.NET.DisableStandardFrameworkResolution.targets".
       Overriding target "GetFrameworkPaths" in project "/usr/share/dotnet/sdk/8.0.415/Microsoft.Common.CurrentVersion.targets" with target "GetFrameworkPaths" from project "/usr/share/dotnet/sdk/8.0.415/Sdks/Microsoft.NET.Sdk/targets/Microsoft.NET.DisableStandardFrameworkResolution.targets".
   7:7>Target "_GetProjectJsonPath" in file "/usr/share/dotnet/sdk/8.0.415/NuGet.targets" from project "/home/saidul/Desktop/K-Chief Marine Automation Platform/src/KChief.AlarmSystem/KChief.AlarmSystem.csproj" (target "_GetRestoreProjectStyle" depends on it):
   7:7>Task "GetRestoreProjectJsonPathTask" skipped, due to false condition; ( '$(RestoreProjectStyle)' == 'ProjectJson' OR '$(RestoreProjectStyle)' == '' ) was evaluated as ( 'PackageReference' == 'ProjectJson' OR 'PackageReference' == '' ).
     0>Overriding target "DesignerRuntimeImplementationProjectOutputGroup" in project "/usr/share/dotnet/sdk/8.0.415/Microsoft.Common.CurrentVersion.targets" with target "DesignerRuntimeImplementationProjectOutputGroup" from project "/usr/share/dotnet/sdk/8.0.415/Sdks/Microsoft.NET.Sdk/targets/Microsoft.NET.DesignerSupport.targets".
   7:7>Done building target "_GetProjectJsonPath" in project "KChief.AlarmSystem.csproj".
     0>Overriding target "Publish" in project "/usr/share/dotnet/sdk/8.0.415/Microsoft.Common.CurrentVersion.targets" with target "Publish" from project "/usr/share/dotnet/sdk/8.0.415/Sdks/Microsoft.NET.Sdk/targets/Microsoft.NET.Publish.targets".
   7:7>Target "_CheckForUnsupportedTargetPlatformIdentifier" skipped, due to false condition; ('$(TargetPlatformIdentifier)' != '' and '$(TargetFrameworkIdentifier)' == '.NETCoreApp' and $([MSBuild]::VersionGreaterThanOrEquals($(TargetFrameworkVersion), 5.0)) And ('$(DesignTimeBuild)' != 'true' Or '@(MissingWorkloadPack)' == '')) was evaluated as ('' != '' and '.NETCoreApp' == '.NETCoreApp' and True And ('' != 'true' Or '' == '')).
     0>Overriding target "ResolveReadyToRunCompilers" in project "/usr/share/dotnet/sdk/8.0.415/Sdks/Microsoft.NET.Sdk/targets/Microsoft.NET.CrossGen.targets" with target "ResolveReadyToRunCompilers" from project "/usr/share/dotnet/sdk/8.0.415/Sdks/Microsoft.NET.Sdk/targets/Microsoft.NET.Publish.targets".
   7:7>Target "_CheckForMissingWorkload" skipped, due to false condition; ('@(MissingWorkloadPack)' != '' And '$(DesignTimeBuild)' != 'true') was evaluated as ('' != '' And '' != 'true').
     0>Overriding target "GetCopyToPublishDirectoryItems" in project "/usr/share/dotnet/sdk/8.0.415/Microsoft.Common.CurrentVersion.targets" with target "GetCopyToPublishDirectoryItems" from project "/usr/share/dotnet/sdk/8.0.415/Sdks/Microsoft.NET.Sdk/targets/Microsoft.NET.Publish.targets".
   7:7>Target "_CheckForUnsupportedNETStandardVersion" skipped, due to false condition; ('$(TargetFrameworkIdentifier)' == '.NETStandard' And '$(NETStandardMaximumVersion)' != '') was evaluated as ('.NETCoreApp' == '.NETStandard' And '' != '').
     0>The target "ResolveNuGetPackageAssets" listed in an AfterTargets attribute at "/home/saidul/.nuget/packages/microsoft.extensions.options/8.0.0/buildTransitive/net6.0/Microsoft.Extensions.Options.targets (11,11)" does not exist in the project, and will be ignored.
   7:7>Target "_CheckForUnsupportedTargetFrameworkAndFeatureCombination" skipped, due to false condition; ('$(TargetFrameworkIdentifier)' == '.NETFramework') was evaluated as ('.NETCoreApp' == '.NETFramework').
     0>The target "ResolveNuGetPackageAssets" listed in an AfterTargets attribute at "/home/saidul/.nuget/packages/microsoft.extensions.options/8.0.0/buildTransitive/net6.0/Microsoft.Extensions.Options.targets (23,11)" does not exist in the project, and will be ignored.
       The target "ResolveNuGetPackageAssets" listed in an AfterTargets attribute at "/home/saidul/.nuget/packages/microsoft.extensions.logging.abstractions/8.0.0/buildTransitive/net6.0/Microsoft.Extensions.Logging.Abstractions.targets (11,11)" does not exist in the project, and will be ignored.
   7:7>Target "UpdateAspNetToFrameworkReference" in file "/usr/share/dotnet/sdk/8.0.415/Sdks/Microsoft.NET.Sdk/targets/Microsoft.NET.Sdk.DefaultItems.Shared.targets" from project "/home/saidul/Desktop/K-Chief Marine Automation Platform/src/KChief.AlarmSystem/KChief.AlarmSystem.csproj" (target "ApplyImplicitVersions" depends on it):
   7:7>Using "CheckIfPackageReferenceShouldBeFrameworkReference" task from assembly "/usr/share/dotnet/sdk/8.0.415/Sdks/Microsoft.NET.Sdk/targets/../tools/net8.0/Microsoft.NET.Build.Tasks.dll".
     0>The target "ResolveNuGetPackageAssets" listed in an AfterTargets attribute at "/home/saidul/.nuget/packages/microsoft.extensions.logging.abstractions/8.0.0/buildTransitive/net6.0/Microsoft.Extensions.Logging.Abstractions.targets (23,11)" does not exist in the project, and will be ignored.
   7:7>Task "CheckIfPackageReferenceShouldBeFrameworkReference"
       Done executing task "CheckIfPackageReferenceShouldBeFrameworkReference".
       Task "NETSdkError" skipped, due to false condition; ('$(_ShouldRemoveAspNetCoreAll)' == 'true') was evaluated as ('False' == 'true').
       Task "CheckIfPackageReferenceShouldBeFrameworkReference"
       Done executing task "CheckIfPackageReferenceShouldBeFrameworkReference".
       Task "NETSdkWarning" skipped, due to false condition; ('$(_ShouldRemoveAspNetCoreApp)' == 'true') was evaluated as ('False' == 'true').
   7:7>Done building target "UpdateAspNetToFrameworkReference" in project "KChief.AlarmSystem.csproj".
       Target "IncludeTargetingPackReference" skipped, due to false condition; ('$(TargetFrameworkMoniker)' != '' and '$(TargetFrameworkIdentifier)' == '.NETFramework' and '$(AutomaticallyUseReferenceAssemblyPackages)' == 'true') was evaluated as ('.NETCoreApp,Version=v8.0' != '' and '.NETCoreApp' == '.NETFramework' and 'true' == 'true').
   5:7>Done executing task "ResolveAppHosts".
   7:7>Target "CheckForImplicitPackageReferenceOverrides" in file "/usr/share/dotnet/sdk/8.0.415/Sdks/Microsoft.NET.Sdk/targets/Microsoft.NET.Sdk.DefaultItems.Shared.targets" from project "/home/saidul/Desktop/K-Chief Marine Automation Platform/src/KChief.AlarmSystem/KChief.AlarmSystem.csproj" (target "ApplyImplicitVersions" depends on it):
   7:7>Using "CheckForImplicitPackageReferenceOverrides" task from assembly "/usr/share/dotnet/sdk/8.0.415/Sdks/Microsoft.NET.Sdk/targets/../tools/net8.0/Microsoft.NET.Build.Tasks.dll".
       Task "CheckForImplicitPackageReferenceOverrides"
       Done executing task "CheckForImplicitPackageReferenceOverrides".
   7:7>Done building target "CheckForImplicitPackageReferenceOverrides" in project "KChief.AlarmSystem.csproj".
   7:7>Target "ApplyImplicitVersions" in file "/usr/share/dotnet/sdk/8.0.415/Sdks/Microsoft.NET.Sdk/targets/Microsoft.NET.Sdk.DefaultItems.Shared.targets" from project "/home/saidul/Desktop/K-Chief Marine Automation Platform/src/KChief.AlarmSystem/KChief.AlarmSystem.csproj" (target "CollectPackageReferences" depends on it):
       Using "ApplyImplicitVersions" task from assembly "/usr/share/dotnet/sdk/8.0.415/Sdks/Microsoft.NET.Sdk/targets/../tools/net8.0/Microsoft.NET.Build.Tasks.dll".
       Task "ApplyImplicitVersions"
       Done executing task "ApplyImplicitVersions".
   7:7>Done building target "ApplyImplicitVersions" in project "KChief.AlarmSystem.csproj".
       Target "CheckForImplicitPackageReferenceOverrides" skipped. Previously built successfully.
       Target "AddWindowsSdkKnownFrameworkReferences" skipped, due to false condition; ('$(TargetFrameworkIdentifier)' == '.NETCoreApp' And '$(TargetPlatformIdentifier)' == 'Windows') was evaluated as ('.NETCoreApp' == '.NETCoreApp' And '' == 'Windows').
       Target "_NormalizeTargetPlatformVersion" skipped, due to false condition; ('$(TargetPlatformVersion)' != '' and '$(TargetFrameworkIdentifier)' == '.NETCoreApp' and $([MSBuild]::VersionGreaterThanOrEquals($(TargetFrameworkVersion), 5.0)) and ('$(Language)' != 'C++' or '$(_EnablePackageReferencesInVCProjects)' == 'true')) was evaluated as ('' != '' and '.NETCoreApp' == '.NETCoreApp' and True and ('C#' != 'C++' or '' == 'true')).
   7:7>Target "_ComputeToolPackInputsToProcessFrameworkReferences" in file "/usr/share/dotnet/sdk/8.0.415/Sdks/Microsoft.NET.Sdk/targets/Microsoft.NET.Publish.targets" from project "/home/saidul/Desktop/K-Chief Marine Automation Platform/src/KChief.AlarmSystem/KChief.AlarmSystem.csproj" (target "ProcessFrameworkReferences" depends on it):
   7:7>Done building target "_ComputeToolPackInputsToProcessFrameworkReferences" in project "KChief.AlarmSystem.csproj".
   5:7>Done building target "ProcessFrameworkReferences" in project "KChief.Protocols.OPC.csproj".
   7:7>Target "ProcessFrameworkReferences" in file "/usr/share/dotnet/sdk/8.0.415/Sdks/Microsoft.NET.Sdk/targets/Microsoft.NET.Sdk.FrameworkReferenceResolution.targets" from project "/home/saidul/Desktop/K-Chief Marine Automation Platform/src/KChief.AlarmSystem/KChief.AlarmSystem.csproj" (target "CollectPackageReferences" depends on it):
   7:7>Using "CheckForDuplicateFrameworkReferences" task from assembly "/usr/share/dotnet/sdk/8.0.415/Sdks/Microsoft.NET.Sdk/targets/../tools/net8.0/Microsoft.NET.Build.Tasks.dll".
   5:7>Target "IncludeTargetingPackReference" skipped, due to false condition; ('$(TargetFrameworkMoniker)' != '' and '$(TargetFrameworkIdentifier)' == '.NETFramework' and '$(AutomaticallyUseReferenceAssemblyPackages)' == 'true') was evaluated as ('.NETCoreApp,Version=v8.0' != '' and '.NETCoreApp' == '.NETFramework' and 'true' == 'true').
   7:7>Task "CheckForDuplicateFrameworkReferences"
       Done executing task "CheckForDuplicateFrameworkReferences".
       Using "ProcessFrameworkReferences" task from assembly "/usr/share/dotnet/sdk/8.0.415/Sdks/Microsoft.NET.Sdk/targets/../tools/net8.0/Microsoft.NET.Build.Tasks.dll".
   5:7>Target "_AddMicrosoftNetCompilerToolsetFrameworkPackage" in file "/usr/share/dotnet/sdk/8.0.415/Sdks/Microsoft.NET.Sdk/targets/Microsoft.NET.Sdk.targets" from project "/home/saidul/Desktop/K-Chief Marine Automation Platform/src/KChief.Protocols.OPC/KChief.Protocols.OPC.csproj" (target "CollectPackageReferences" depends on it):
   5:7>Task "NETSdkWarning" skipped, due to false condition; ('@(PackageReference->AnyHaveMetadataValue('Identity', 'Microsoft.Net.Compilers.Toolset.Framework'))' == 'true') was evaluated as ('false' == 'true').
   7:7>Task "ProcessFrameworkReferences"
   5:7>Done building target "_AddMicrosoftNetCompilerToolsetFrameworkPackage" in project "KChief.Protocols.OPC.csproj".
   7:7>Done executing task "ProcessFrameworkReferences".
       Using "ResolveAppHosts" task from assembly "/usr/share/dotnet/sdk/8.0.415/Sdks/Microsoft.NET.Sdk/targets/../tools/net8.0/Microsoft.NET.Build.Tasks.dll".
   5:7>Target "_CheckForObsoleteDotNetCliToolReferences" in file "/usr/share/dotnet/sdk/8.0.415/Sdks/Microsoft.NET.Sdk/targets/Microsoft.NET.ObsoleteReferences.targets" from project "/home/saidul/Desktop/K-Chief Marine Automation Platform/src/KChief.Protocols.OPC/KChief.Protocols.OPC.csproj" (target "CollectPackageReferences" depends on it):
   5:7>Task "NETSdkWarning" skipped, due to false condition; ( '%(_ReferenceToObsoleteDotNetCliTool.Identity)' != '' ) was evaluated as ( '' != '' ).
   7:7>Task "ResolveAppHosts"
   5:7>Done building target "_CheckForObsoleteDotNetCliToolReferences" in project "KChief.Protocols.OPC.csproj".
   7:7>Done executing task "ResolveAppHosts".
   5:7>Target "CollectPackageReferences" in file "/usr/share/dotnet/sdk/8.0.415/NuGet.targets" from project "/home/saidul/Desktop/K-Chief Marine Automation Platform/src/KChief.Protocols.OPC/KChief.Protocols.OPC.csproj" (target "_GetRestoreProjectStyle" depends on it):
   5:7>Using "CheckForDuplicateNuGetItemsTask" task from assembly "/usr/share/dotnet/sdk/8.0.415/NuGet.Build.Tasks.dll".
       Task "CheckForDuplicateNuGetItemsTask"
       Done executing task "CheckForDuplicateNuGetItemsTask".
   5:7>Done building target "CollectPackageReferences" in project "KChief.Protocols.OPC.csproj".
   7:7>Done building target "ProcessFrameworkReferences" in project "KChief.AlarmSystem.csproj".
       Target "IncludeTargetingPackReference" skipped, due to false condition; ('$(TargetFrameworkMoniker)' != '' and '$(TargetFrameworkIdentifier)' == '.NETFramework' and '$(AutomaticallyUseReferenceAssemblyPackages)' == 'true') was evaluated as ('.NETCoreApp,Version=v8.0' != '' and '.NETCoreApp' == '.NETFramework' and 'true' == 'true').
   5:7>Target "_GetRestoreProjectStyle" in file "/usr/share/dotnet/sdk/8.0.415/NuGet.targets" from project "/home/saidul/Desktop/K-Chief Marine Automation Platform/src/KChief.Protocols.OPC/KChief.Protocols.OPC.csproj" (target "EnableIntermediateOutputPathMismatchWarning" depends on it):
   5:7>Using "GetRestoreProjectStyleTask" task from assembly "/usr/share/dotnet/sdk/8.0.415/NuGet.Build.Tasks.dll".
       Task "GetRestoreProjectStyleTask"
     0>Overriding target "ResolveFrameworkReferences" in project "/usr/share/dotnet/sdk/8.0.415/Microsoft.Common.CurrentVersion.targets" with target "ResolveFrameworkReferences" from project "/usr/share/dotnet/sdk/8.0.415/Sdks/Microsoft.NET.Sdk/targets/Microsoft.NET.Sdk.FrameworkReferenceResolution.targets".
   7:7>Target "_AddMicrosoftNetCompilerToolsetFrameworkPackage" in file "/usr/share/dotnet/sdk/8.0.415/Sdks/Microsoft.NET.Sdk/targets/Microsoft.NET.Sdk.targets" from project "/home/saidul/Desktop/K-Chief Marine Automation Platform/src/KChief.AlarmSystem/KChief.AlarmSystem.csproj" (target "CollectPackageReferences" depends on it):
   7:7>Task "NETSdkWarning" skipped, due to false condition; ('@(PackageReference->AnyHaveMetadataValue('Identity', 'Microsoft.Net.Compilers.Toolset.Framework'))' == 'true') was evaluated as ('false' == 'true').
     0>Overriding target "Run" in project "/usr/share/dotnet/sdk/8.0.415/Microsoft.Common.CurrentVersion.targets" with target "Run" from project "/usr/share/dotnet/sdk/8.0.415/Sdks/Microsoft.NET.Sdk/targets/Microsoft.NET.Sdk.targets".
   7:7>Done building target "_AddMicrosoftNetCompilerToolsetFrameworkPackage" in project "KChief.AlarmSystem.csproj".
     0>Overriding target "GenerateSupportedTargetFrameworkAlias" in project "/usr/share/dotnet/sdk/8.0.415/Microsoft.Common.CurrentVersion.targets" with target "GenerateSupportedTargetFrameworkAlias" from project "/usr/share/dotnet/sdk/8.0.415/Sdks/Microsoft.NET.Sdk/targets/Microsoft.NET.Sdk.targets".
       Overriding target "GetReferenceAssemblyPaths" in project "/usr/share/dotnet/sdk/8.0.415/Microsoft.Common.CurrentVersion.targets" with target "GetReferenceAssemblyPaths" from project "/usr/share/dotnet/sdk/8.0.415/Sdks/Microsoft.NET.Sdk/targets/Microsoft.NET.DisableStandardFrameworkResolution.targets".
   7:7>Target "_CheckForObsoleteDotNetCliToolReferences" in file "/usr/share/dotnet/sdk/8.0.415/Sdks/Microsoft.NET.Sdk/targets/Microsoft.NET.ObsoleteReferences.targets" from project "/home/saidul/Desktop/K-Chief Marine Automation Platform/src/KChief.AlarmSystem/KChief.AlarmSystem.csproj" (target "CollectPackageReferences" depends on it):
   7:7>Task "NETSdkWarning" skipped, due to false condition; ( '%(_ReferenceToObsoleteDotNetCliTool.Identity)' != '' ) was evaluated as ( '' != '' ).
     0>Overriding target "GetFrameworkPaths" in project "/usr/share/dotnet/sdk/8.0.415/Microsoft.Common.CurrentVersion.targets" with target "GetFrameworkPaths" from project "/usr/share/dotnet/sdk/8.0.415/Sdks/Microsoft.NET.Sdk/targets/Microsoft.NET.DisableStandardFrameworkResolution.targets".
   7:7>Done building target "_CheckForObsoleteDotNetCliToolReferences" in project "KChief.AlarmSystem.csproj".
     0>Overriding target "DesignerRuntimeImplementationProjectOutputGroup" in project "/usr/share/dotnet/sdk/8.0.415/Microsoft.Common.CurrentVersion.targets" with target "DesignerRuntimeImplementationProjectOutputGroup" from project "/usr/share/dotnet/sdk/8.0.415/Sdks/Microsoft.NET.Sdk/targets/Microsoft.NET.DesignerSupport.targets".
       Overriding target "Publish" in project "/usr/share/dotnet/sdk/8.0.415/Microsoft.Common.CurrentVersion.targets" with target "Publish" from project "/usr/share/dotnet/sdk/8.0.415/Sdks/Microsoft.NET.Sdk/targets/Microsoft.NET.Publish.targets".
   7:7>Target "CollectPackageReferences" in file "/usr/share/dotnet/sdk/8.0.415/NuGet.targets" from project "/home/saidul/Desktop/K-Chief Marine Automation Platform/src/KChief.AlarmSystem/KChief.AlarmSystem.csproj" (target "_GetRestoreProjectStyle" depends on it):
   7:7>Using "CheckForDuplicateNuGetItemsTask" task from assembly "/usr/share/dotnet/sdk/8.0.415/NuGet.Build.Tasks.dll".
     0>Overriding target "ResolveReadyToRunCompilers" in project "/usr/share/dotnet/sdk/8.0.415/Sdks/Microsoft.NET.Sdk/targets/Microsoft.NET.CrossGen.targets" with target "ResolveReadyToRunCompilers" from project "/usr/share/dotnet/sdk/8.0.415/Sdks/Microsoft.NET.Sdk/targets/Microsoft.NET.Publish.targets".
   7:7>Task "CheckForDuplicateNuGetItemsTask"
     0>Overriding target "GetCopyToPublishDirectoryItems" in project "/usr/share/dotnet/sdk/8.0.415/Microsoft.Common.CurrentVersion.targets" with target "GetCopyToPublishDirectoryItems" from project "/usr/share/dotnet/sdk/8.0.415/Sdks/Microsoft.NET.Sdk/targets/Microsoft.NET.Publish.targets".
       The target "ResolveNuGetPackageAssets" listed in an AfterTargets attribute at "/home/saidul/.nuget/packages/system.text.json/8.0.0/buildTransitive/net6.0/System.Text.Json.targets (11,11)" does not exist in the project, and will be ignored.
       The target "ResolveNuGetPackageAssets" listed in an AfterTargets attribute at "/home/saidul/.nuget/packages/system.text.json/8.0.0/buildTransitive/net6.0/System.Text.Json.targets (23,11)" does not exist in the project, and will be ignored.
       The target "ResolveNuGetPackageAssets" listed in an AfterTargets attribute at "/home/saidul/.nuget/packages/microsoft.extensions.logging.abstractions/9.0.0/buildTransitive/net8.0/Microsoft.Extensions.Logging.Abstractions.targets (11,11)" does not exist in the project, and will be ignored.
       The target "ResolveNuGetPackageAssets" listed in an AfterTargets attribute at "/home/saidul/.nuget/packages/microsoft.extensions.logging.abstractions/9.0.0/buildTransitive/net8.0/Microsoft.Extensions.Logging.Abstractions.targets (23,11)" does not exist in the project, and will be ignored.
       The target "ResolveNuGetPackageAssets" listed in an AfterTargets attribute at "/home/saidul/.nuget/packages/microsoft.extensions.configuration.binder/8.0.0/buildTransitive/netstandard2.0/Microsoft.Extensions.Configuration.Binder.targets (9,13)" does not exist in the project, and will be ignored.
       The target "ResolveNuGetPackageAssets" listed in an AfterTargets attribute at "/home/saidul/.nuget/packages/microsoft.extensions.options/9.0.0/buildTransitive/net8.0/Microsoft.Extensions.Options.targets (11,11)" does not exist in the project, and will be ignored.
       The target "ResolveNuGetPackageAssets" listed in an AfterTargets attribute at "/home/saidul/.nuget/packages/microsoft.extensions.options/9.0.0/buildTransitive/net8.0/Microsoft.Extensions.Options.targets (23,11)" does not exist in the project, and will be ignored.
   5:7>Done executing task "GetRestoreProjectStyleTask".
   5:7>Done building target "_GetRestoreProjectStyle" in project "KChief.Protocols.OPC.csproj".
   5:7>Target "EnableIntermediateOutputPathMismatchWarning" in file "/usr/share/dotnet/sdk/8.0.415/NuGet.targets" from project "/home/saidul/Desktop/K-Chief Marine Automation Platform/src/KChief.Protocols.OPC/KChief.Protocols.OPC.csproj" (target "_CheckForInvalidConfigurationAndPlatform" depends on it):
   5:7>Done building target "EnableIntermediateOutputPathMismatchWarning" in project "KChief.Protocols.OPC.csproj".
       Target "ApplyImplicitVersions" skipped. Previously built successfully.
       Target "CheckForImplicitPackageReferenceOverrides" skipped. Previously built successfully.
     0>Overriding target "ResolveFrameworkReferences" in project "/usr/share/dotnet/sdk/8.0.415/Microsoft.Common.CurrentVersion.targets" with target "ResolveFrameworkReferences" from project "/usr/share/dotnet/sdk/8.0.415/Sdks/Microsoft.NET.Sdk/targets/Microsoft.NET.Sdk.FrameworkReferenceResolution.targets".
       Property reassignment: $(PrepareForRunDependsOn)="StaticWebAssetsPrepareForRun;
             CopyFilesToOutputDirectory
           " (previous value: "
             CopyFilesToOutputDirectory
           ") at /usr/share/dotnet/sdk/8.0.415/Sdks/Microsoft.NET.Sdk.StaticWebAssets/targets/Microsoft.NET.Sdk.StaticWebAssets.targets (255,5)
       Overriding target "Run" in project "/usr/share/dotnet/sdk/8.0.415/Microsoft.Common.CurrentVersion.targets" with target "Run" from project "/usr/share/dotnet/sdk/8.0.415/Sdks/Microsoft.NET.Sdk/targets/Microsoft.NET.Sdk.targets".
       Property reassignment: $(GetCopyToOutputDirectoryItemsDependsOn)="
             AssignTargetPaths;
             
             AssignProjectConfiguration;
             _SplitProjectReferencesByFileExistence
           ;
             _GetProjectReferenceTargetFrameworkProperties;
             _PopulateCommonStateForGetCopyToOutputDirectoryItems
           ;AddStaticWebAssetsManifest" (previous value: "
             AssignTargetPaths;
             
             AssignProjectConfiguration;
             _SplitProjectReferencesByFileExistence
           ;
             _GetProjectReferenceTargetFrameworkProperties;
             _PopulateCommonStateForGetCopyToOutputDirectoryItems
           ") at /usr/share/dotnet/sdk/8.0.415/Sdks/Microsoft.NET.Sdk.StaticWebAssets/targets/Microsoft.NET.Sdk.StaticWebAssets.targets (266,5)
       Overriding target "GenerateSupportedTargetFrameworkAlias" in project "/usr/share/dotnet/sdk/8.0.415/Microsoft.Common.CurrentVersion.targets" with target "GenerateSupportedTargetFrameworkAlias" from project "/usr/share/dotnet/sdk/8.0.415/Sdks/Microsoft.NET.Sdk/targets/Microsoft.NET.Sdk.targets".
       Property reassignment: $(GenerateNuspecDependsOn)="
             IncludeStaticWebAssetsPackItems;
             Build;_LoadPackInputItems; _GetTargetFrameworksOutput; _WalkEachTargetPerFramework; _GetPackageFiles; ;
           " (previous value: "Build;_LoadPackInputItems; _GetTargetFrameworksOutput; _WalkEachTargetPerFramework; _GetPackageFiles; ") at /usr/share/dotnet/sdk/8.0.415/Sdks/Microsoft.NET.Sdk.StaticWebAssets/targets/Microsoft.NET.Sdk.StaticWebAssets.Pack.targets (41,5)
       Overriding target "GetReferenceAssemblyPaths" in project "/usr/share/dotnet/sdk/8.0.415/Microsoft.Common.CurrentVersion.targets" with target "GetReferenceAssemblyPaths" from project "/usr/share/dotnet/sdk/8.0.415/Sdks/Microsoft.NET.Sdk/targets/Microsoft.NET.DisableStandardFrameworkResolution.targets".
       Property reassignment: $(IncludeStaticWebAssetsPackItemsDependsOn)="
             Build;
             ResolveStaticWebAssetsConfiguration;LoadStaticWebAssetsBuildManifest
           ;
           " (previous value: "
             ResolveStaticWebAssetsConfiguration;LoadStaticWebAssetsBuildManifest
           ") at /usr/share/dotnet/sdk/8.0.415/Sdks/Microsoft.NET.Sdk.StaticWebAssets/targets/Microsoft.NET.Sdk.StaticWebAssets.Pack.targets (50,5)
       Overriding target "GetFrameworkPaths" in project "/usr/share/dotnet/sdk/8.0.415/Microsoft.Common.CurrentVersion.targets" with target "GetFrameworkPaths" from project "/usr/share/dotnet/sdk/8.0.415/Sdks/Microsoft.NET.Sdk/targets/Microsoft.NET.DisableStandardFrameworkResolution.targets".
       Property reassignment: $(ResolveStaticWebAssetsInputsDependsOn)="
           UpdateExistingPackageStaticWebAssets;ResolveProjectStaticWebAssets;ResolveEmbeddedProjectsStaticWebAssets;ResolveReferencedProjectsStaticWebAssets;;
           UpdateLegacyPackageScopedCssBundles;
           _AddScopedCssBundles;
         " (previous value: "UpdateExistingPackageStaticWebAssets;ResolveProjectStaticWebAssets;ResolveEmbeddedProjectsStaticWebAssets;ResolveReferencedProjectsStaticWebAssets;") at /usr/share/dotnet/sdk/8.0.415/Sdks/Microsoft.NET.Sdk.StaticWebAssets/targets/Microsoft.NET.Sdk.StaticWebAssets.ScopedCss.targets (55,3)
       Overriding target "DesignerRuntimeImplementationProjectOutputGroup" in project "/usr/share/dotnet/sdk/8.0.415/Microsoft.Common.CurrentVersion.targets" with target "DesignerRuntimeImplementationProjectOutputGroup" from project "/usr/share/dotnet/sdk/8.0.415/Sdks/Microsoft.NET.Sdk/targets/Microsoft.NET.DesignerSupport.targets".
       Property reassignment: $(GenerateComputedBuildStaticWebAssetsDependsOn)="
           ;
           _ResolveBundlingConfiguration;
           _GenerateScopedCssFiles;
           BundleScopedCssFiles;
         " (previous value: "") at /usr/share/dotnet/sdk/8.0.415/Sdks/Microsoft.NET.Sdk.StaticWebAssets/targets/Microsoft.NET.Sdk.StaticWebAssets.ScopedCss.targets (61,3)
       Overriding target "Publish" in project "/usr/share/dotnet/sdk/8.0.415/Microsoft.Common.CurrentVersion.targets" with target "Publish" from project "/usr/share/dotnet/sdk/8.0.415/Sdks/Microsoft.NET.Sdk/targets/Microsoft.NET.Publish.targets".
       Property reassignment: $(ResolveStaticWebAssetsInputsDependsOn)="
             
           UpdateExistingPackageStaticWebAssets;ResolveProjectStaticWebAssets;ResolveEmbeddedProjectsStaticWebAssets;ResolveReferencedProjectsStaticWebAssets;;
           UpdateLegacyPackageScopedCssBundles;
           _AddScopedCssBundles;
         ;
             _AddJsModulesToStaticWebAssets;
           " (previous value: "
           UpdateExistingPackageStaticWebAssets;ResolveProjectStaticWebAssets;ResolveEmbeddedProjectsStaticWebAssets;ResolveReferencedProjectsStaticWebAssets;;
           UpdateLegacyPackageScopedCssBundles;
           _AddScopedCssBundles;
         ") at /usr/share/dotnet/sdk/8.0.415/Sdks/Microsoft.NET.Sdk.StaticWebAssets/targets/Microsoft.NET.Sdk.StaticWebAssets.JSModules.targets (36,5)
       Overriding target "ResolveReadyToRunCompilers" in project "/usr/share/dotnet/sdk/8.0.415/Sdks/Microsoft.NET.Sdk/targets/Microsoft.NET.CrossGen.targets" with target "ResolveReadyToRunCompilers" from project "/usr/share/dotnet/sdk/8.0.415/Sdks/Microsoft.NET.Sdk/targets/Microsoft.NET.Publish.targets".
       Property reassignment: $(StaticWebAssetsPrepareForRunDependsOn)="
             ;GenerateStaticWebAssetsManifest;GenerateComputedBuildStaticWebAssets;CopyStaticWebAssetsToOutputDirectory;
             _GenerateBuildJsModuleManifest;
           " (previous value: ";GenerateStaticWebAssetsManifest;GenerateComputedBuildStaticWebAssets;CopyStaticWebAssetsToOutputDirectory") at /usr/share/dotnet/sdk/8.0.415/Sdks/Microsoft.NET.Sdk.StaticWebAssets/targets/Microsoft.NET.Sdk.StaticWebAssets.JSModules.targets (44,5)
       Overriding target "GetCopyToPublishDirectoryItems" in project "/usr/share/dotnet/sdk/8.0.415/Microsoft.Common.CurrentVersion.targets" with target "GetCopyToPublishDirectoryItems" from project "/usr/share/dotnet/sdk/8.0.415/Sdks/Microsoft.NET.Sdk/targets/Microsoft.NET.Publish.targets".
       Property reassignment: $(StaticWebAssetsPrepareForPublishDependsOn)="
             ;ResolveStaticWebAssetsConfiguration;GenerateStaticWebAssetsPublishManifest;GenerateComputedPublishStaticWebAssets;
             _GeneratePublishJsModuleManifest;
           " (previous value: ";ResolveStaticWebAssetsConfiguration;GenerateStaticWebAssetsPublishManifest;GenerateComputedPublishStaticWebAssets") at /usr/share/dotnet/sdk/8.0.415/Sdks/Microsoft.NET.Sdk.StaticWebAssets/targets/Microsoft.NET.Sdk.StaticWebAssets.JSModules.targets (49,5)
       The target "ResolveNuGetPackageAssets" listed in an AfterTargets attribute at "/home/saidul/.nuget/packages/system.text.json/8.0.0/buildTransitive/net6.0/System.Text.Json.targets (11,11)" does not exist in the project, and will be ignored.
       Property reassignment: $(ResolveStaticWebAssetsInputsDependsOn)="
             
             
           UpdateExistingPackageStaticWebAssets;ResolveProjectStaticWebAssets;ResolveEmbeddedProjectsStaticWebAssets;ResolveReferencedProjectsStaticWebAssets;;
           UpdateLegacyPackageScopedCssBundles;
           _AddScopedCssBundles;
         ;
             _AddJsModulesToStaticWebAssets;
           ;
             _AddBuildJsModuleManifest;
           " (previous value: "
             
           UpdateExistingPackageStaticWebAssets;ResolveProjectStaticWebAssets;ResolveEmbeddedProjectsStaticWebAssets;ResolveReferencedProjectsStaticWebAssets;;
           UpdateLegacyPackageScopedCssBundles;
           _AddScopedCssBundles;
         ;
             _AddJsModulesToStaticWebAssets;
           ") at /usr/share/dotnet/sdk/8.0.415/Sdks/Microsoft.NET.Sdk.StaticWebAssets/targets/Microsoft.NET.Sdk.StaticWebAssets.JSModules.targets (54,5)
       The target "ResolveNuGetPackageAssets" listed in an AfterTargets attribute at "/home/saidul/.nuget/packages/system.text.json/8.0.0/buildTransitive/net6.0/System.Text.Json.targets (23,11)" does not exist in the project, and will be ignored.
       Property reassignment: $(ResolvePublishStaticWebAssetsDependsOn)="
             LoadStaticWebAssetsBuildManifest;ComputeReferencedProjectsEmbeddedPublishAssets;ComputeReferencedProjectsPublishAssets;;
             _AddPublishJsModuleManifest
           " (previous value: "LoadStaticWebAssetsBuildManifest;ComputeReferencedProjectsEmbeddedPublishAssets;ComputeReferencedProjectsPublishAssets;") at /usr/share/dotnet/sdk/8.0.415/Sdks/Microsoft.NET.Sdk.StaticWebAssets/targets/Microsoft.NET.Sdk.StaticWebAssets.JSModules.targets (59,5)
       The target "ResolveNuGetPackageAssets" listed in an AfterTargets attribute at "/home/saidul/.nuget/packages/microsoft.extensions.options/8.0.0/buildTransitive/net6.0/Microsoft.Extensions.Options.targets (11,11)" does not exist in the project, and will be ignored.
       Property reassignment: $(GenerateComputedBuildStaticWebAssetsDependsOn)="
             
           ;
           _ResolveBundlingConfiguration;
           _GenerateScopedCssFiles;
           BundleScopedCssFiles;
         ;
             _CompressFiles;
           " (previous value: "
           ;
           _ResolveBundlingConfiguration;
           _GenerateScopedCssFiles;
           BundleScopedCssFiles;
         ") at /usr/share/dotnet/sdk/8.0.415/Sdks/Microsoft.NET.Sdk.StaticWebAssets/targets/Microsoft.NET.Sdk.StaticWebAssets.Compression.targets (35,5)
       The target "ResolveNuGetPackageAssets" listed in an AfterTargets attribute at "/home/saidul/.nuget/packages/microsoft.extensions.options/8.0.0/buildTransitive/net6.0/Microsoft.Extensions.Options.targets (23,11)" does not exist in the project, and will be ignored.
       Property reassignment: $(GenerateComputedPublishStaticWebAssetsDependsOn)="
             ;
             _CompressFilesForPublish;
           " (previous value: "") at /usr/share/dotnet/sdk/8.0.415/Sdks/Microsoft.NET.Sdk.StaticWebAssets/targets/Microsoft.NET.Sdk.StaticWebAssets.Compression.targets (39,5)
       The target "ResolveNuGetPackageAssets" listed in an AfterTargets attribute at "/home/saidul/.nuget/packages/microsoft.extensions.logging.abstractions/8.0.1/buildTransitive/net6.0/Microsoft.Extensions.Logging.Abstractions.targets (11,11)" does not exist in the project, and will be ignored.
       Property reassignment: $(StaticWebAssetsPrepareForPublishDependsOn)="
             
             ;ResolveStaticWebAssetsConfiguration;GenerateStaticWebAssetsPublishManifest;GenerateComputedPublishStaticWebAssets;
             _GeneratePublishJsModuleManifest;
           ;
             _CompressFilesForPublish;
           " (previous value: "
             ;ResolveStaticWebAssetsConfiguration;GenerateStaticWebAssetsPublishManifest;GenerateComputedPublishStaticWebAssets;
             _GeneratePublishJsModuleManifest;
           ") at /usr/share/dotnet/sdk/8.0.415/Sdks/Microsoft.NET.Sdk.StaticWebAssets/targets/Microsoft.NET.Sdk.StaticWebAssets.Compression.targets (43,5)
       The target "ResolveNuGetPackageAssets" listed in an AfterTargets attribute at "/home/saidul/.nuget/packages/microsoft.extensions.logging.abstractions/8.0.1/buildTransitive/net6.0/Microsoft.Extensions.Logging.Abstractions.targets (23,11)" does not exist in the project, and will be ignored.
       Property reassignment: $(ResolveStaticWebAssetsInputsDependsOn)="
             
             
             
           UpdateExistingPackageStaticWebAssets;ResolveProjectStaticWebAssets;ResolveEmbeddedProjectsStaticWebAssets;ResolveReferencedProjectsStaticWebAssets;;
           UpdateLegacyPackageScopedCssBundles;
           _AddScopedCssBundles;
         ;
             _AddJsModulesToStaticWebAssets;
           ;
             _AddBuildJsModuleManifest;
           ;
             _ResolveCompressedFiles;
           " (previous value: "
             
             
           UpdateExistingPackageStaticWebAssets;ResolveProjectStaticWebAssets;ResolveEmbeddedProjectsStaticWebAssets;ResolveReferencedProjectsStaticWebAssets;;
           UpdateLegacyPackageScopedCssBundles;
           _AddScopedCssBundles;
         ;
             _AddJsModulesToStaticWebAssets;
           ;
             _AddBuildJsModuleManifest;
           ") at /usr/share/dotnet/sdk/8.0.415/Sdks/Microsoft.NET.Sdk.StaticWebAssets/targets/Microsoft.NET.Sdk.StaticWebAssets.Compression.targets (47,5)
       Property reassignment: $(ResolvePublishStaticWebAssetsDependsOn)="
             
             LoadStaticWebAssetsBuildManifest;ComputeReferencedProjectsEmbeddedPublishAssets;ComputeReferencedProjectsPublishAssets;;
             _AddPublishJsModuleManifest
           ;
             _ResolveCompressedFilesForPublish;
           " (previous value: "
             LoadStaticWebAssetsBuildManifest;ComputeReferencedProjectsEmbeddedPublishAssets;ComputeReferencedProjectsPublishAssets;;
             _AddPublishJsModuleManifest
           ") at /usr/share/dotnet/sdk/8.0.415/Sdks/Microsoft.NET.Sdk.StaticWebAssets/targets/Microsoft.NET.Sdk.StaticWebAssets.Compression.targets (51,5)
       Property reassignment: $(ResolveScopedCssOutputsDependsOn)="
             
           ;
         ;
             ResolveCssScopes;
           " (previous value: "
           ;
         ") at /usr/share/dotnet/sdk/8.0.415/Sdks/Microsoft.NET.Sdk.Razor/targets/Sdk.Razor.CurrentVersion.targets (188,5)
       Property reassignment: $(DebugSymbolsProjectOutputGroupDependsOn)="
             ;
             _RazorAddDebugSymbolsProjectOutputGroupOutput
           " (previous value: "") at /usr/share/dotnet/sdk/8.0.415/Sdks/Microsoft.NET.Sdk.Razor/targets/Sdk.Razor.CurrentVersion.targets (193,5)
       Property reassignment: $(PrepareForBuildDependsOn)="
             ;GetFrameworkPaths;GetReferenceAssemblyPaths;AssignLinkMetadata;
             ResolveRazorGenerateInputs
           " (previous value: ";GetFrameworkPaths;GetReferenceAssemblyPaths;AssignLinkMetadata") at /usr/share/dotnet/sdk/8.0.415/Sdks/Microsoft.NET.Sdk.Razor/targets/Sdk.Razor.CurrentVersion.targets (198,5)
       Property reassignment: $(GenerateNuspecDependsOn)="
             ResolveRazorGenerateInputs;
             
             IncludeStaticWebAssetsPackItems;
             Build;_LoadPackInputItems; _GetTargetFrameworksOutput; _WalkEachTargetPerFramework; _GetPackageFiles; ;
           
           " (previous value: "
             IncludeStaticWebAssetsPackItems;
             Build;_LoadPackInputItems; _GetTargetFrameworksOutput; _WalkEachTargetPerFramework; _GetPackageFiles; ;
           ") at /usr/share/dotnet/sdk/8.0.415/Sdks/Microsoft.NET.Sdk.Razor/targets/Sdk.Razor.CurrentVersion.targets (203,5)
       Property reassignment: $(PrepareForRunDependsOn)="
             _RazorPrepareForRun;
             StaticWebAssetsPrepareForRun;
             CopyFilesToOutputDirectory
           
           " (previous value: "StaticWebAssetsPrepareForRun;
             CopyFilesToOutputDirectory
           ") at /usr/share/dotnet/sdk/8.0.415/Sdks/Microsoft.NET.Sdk.Razor/targets/Sdk.Razor.CurrentVersion.targets (208,5)
       Property reassignment: $(UseRazorBuildServer)="true" (previous value: "") at /usr/share/dotnet/sdk/8.0.415/Sdks/Microsoft.NET.Sdk.Razor/targets/Sdk.Razor.CurrentVersion.targets (299,5)
       Property reassignment: $(_RazorDebugSymbolsProduced)="true" (previous value: "false") at /usr/share/dotnet/sdk/8.0.415/Sdks/Microsoft.NET.Sdk.Razor/targets/Sdk.Razor.CurrentVersion.targets (305,5)
       Property reassignment: $(GenerateRazorTargetAssemblyInfoDependsOn)="
             _ResolveMvcAssemblyAttributes;
             
             GetRazorTargetAssemblyAttributes;
             _CreateRazorTargetAssemblyInfoInputsCacheFile;
             CoreGenerateRazorTargetAssemblyInfo
           
           " (previous value: "
             GetRazorTargetAssemblyAttributes;
             _CreateRazorTargetAssemblyInfoInputsCacheFile;
             CoreGenerateRazorTargetAssemblyInfo
           ") at /usr/share/dotnet/sdk/8.0.415/Sdks/Microsoft.NET.Sdk.Razor/targets/Microsoft.NET.Sdk.Razor.GenerateAssemblyInfo.targets (36,5)
       Property reassignment: $(CoreCompileDependsOn)="
             ;_ComputeNonExistentFileProperty;ResolveCodeAnalysisRuleSet;
             _GenerateRazorAssemblyInfo
           " (previous value: ";_ComputeNonExistentFileProperty;ResolveCodeAnalysisRuleSet") at /usr/share/dotnet/sdk/8.0.415/Sdks/Microsoft.NET.Sdk.Razor/targets/Microsoft.NET.Sdk.Razor.GenerateAssemblyInfo.targets (181,5)
       Property reassignment: $(_GenerateRazorAssemblyInfoDependsOn)="
             _ResolveMvcAssemblyAttributes;
             RazorGetAssemblyAttributes;PrepareForBuild;_CoreGenerateRazorAssemblyInfo;
           " (previous value: "RazorGetAssemblyAttributes;PrepareForBuild;_CoreGenerateRazorAssemblyInfo") at /usr/share/dotnet/sdk/8.0.415/Sdks/Microsoft.NET.Sdk.Razor/targets/Microsoft.NET.Sdk.Razor.GenerateAssemblyInfo.targets (189,5)
       Property reassignment: $(CoreCompileDependsOn)="
             _DiscoverMvcApplicationParts;
             
             ;_ComputeNonExistentFileProperty;ResolveCodeAnalysisRuleSet;
             _GenerateRazorAssemblyInfo
           ;
           " (previous value: "
             ;_ComputeNonExistentFileProperty;ResolveCodeAnalysisRuleSet;
             _GenerateRazorAssemblyInfo
           ") at /usr/share/dotnet/sdk/8.0.415/Sdks/Microsoft.NET.Sdk.Razor/targets/Microsoft.NET.Sdk.Razor.MvcApplicationPartsDiscovery.targets (22,5)
       Property reassignment: $(RazorDesignTimeTargets)="/usr/share/dotnet/sdk/8.0.415/Sdks/Microsoft.NET.Sdk.Razor/targets/Microsoft.NET.Sdk.Razor.DesignTime.targets" (previous value: "/usr/share/dotnet/sdk/8.0.415/Microsoft/VisualStudio/Razor/Microsoft.NET.Sdk.Razor.DesignTime.targets") at /usr/share/dotnet/sdk/8.0.415/Sdks/Microsoft.NET.Sdk.Razor/targets/Sdk.Razor.CurrentVersion.targets (779,5)
       Property reassignment: $(RunWorkingDirectory)="/home/saidul/Desktop/K-Chief Marine Automation Platform/src/KChief.Platform.API" (previous value: "") at /usr/share/dotnet/sdk/8.0.415/Sdks/Microsoft.NET.Sdk.Web.ProjectSystem/targets/Microsoft.NET.Sdk.Web.ProjectSystem.targets (21,5)
       Property reassignment: $(PublishProfileImported)="true" (previous value: "false") at /usr/share/dotnet/sdk/8.0.415/Sdks/Microsoft.NET.Sdk.Publish/targets/Microsoft.NET.Sdk.Publish.targets (60,5)
   1:2>Project "/home/saidul/Desktop/K-Chief Marine Automation Platform/KChief.MarineAutomationPlatform.sln" (1:2) is building "/home/saidul/Desktop/K-Chief Marine Automation Platform/src/KChief.DataAccess/KChief.DataAccess.csproj" (8:8) on node 6 (default targets).
   8:8>Target "_CheckForUnsupportedTargetFramework" skipped, due to false condition; ('$(_UnsupportedTargetFrameworkError)' == 'true') was evaluated as ('' == 'true').
     0>Property reassignment: $(PublishConfiguration)="Release" (previous value: "") at /usr/share/dotnet/sdk/8.0.415/Sdks/Microsoft.NET.Sdk.Publish/targets/Microsoft.NET.Sdk.Publish.targets (81,5)
       Property reassignment: $(BaseIntermediateOutputPath)="/home/saidul/Desktop/K-Chief Marine Automation Platform/src/KChief.Platform.API/obj/" (previous value: "obj\") at /usr/share/dotnet/sdk/8.0.415/Sdks/Microsoft.NET.Sdk.Publish/targets/Microsoft.NET.Sdk.Publish.targets (87,5)
   8:8>Target "_CollectTargetFrameworkForTelemetry" in file "/usr/share/dotnet/sdk/8.0.415/Sdks/Microsoft.NET.Sdk/targets/Microsoft.NET.TargetFrameworkInference.targets" from project "/home/saidul/Desktop/K-Chief Marine Automation Platform/src/KChief.DataAccess/KChief.DataAccess.csproj" (target "_CheckForInvalidConfigurationAndPlatform" depends on it):
   8:8>Using "AllowEmptyTelemetry" task from assembly "/usr/share/dotnet/sdk/8.0.415/Sdks/Microsoft.NET.Sdk/targets/../tools/net8.0/Microsoft.NET.Build.Tasks.dll".
       Task "AllowEmptyTelemetry"
   5:7>Target "CheckForDuplicateItems" in file "/usr/share/dotnet/sdk/8.0.415/Sdks/Microsoft.NET.Sdk/targets/Microsoft.NET.Sdk.DefaultItems.Shared.targets" from project "/home/saidul/Desktop/K-Chief Marine Automation Platform/src/KChief.Protocols.OPC/KChief.Protocols.OPC.csproj" (target "_CheckForInvalidConfigurationAndPlatform" depends on it):
   5:7>Using "CheckForDuplicateItems" task from assembly "/usr/share/dotnet/sdk/8.0.415/Sdks/Microsoft.NET.Sdk/targets/../tools/net8.0/Microsoft.NET.Build.Tasks.dll".
       Task "CheckForDuplicateItems"
   8:8>Done executing task "AllowEmptyTelemetry".
   5:7>Done executing task "CheckForDuplicateItems".
   8:8>Done building target "_CollectTargetFrameworkForTelemetry" in project "KChief.DataAccess.csproj".
   5:7>Task "CheckForDuplicateItems"
   8:8>Target "_CheckForUnsupportedTargetPlatformIdentifier" skipped, due to false condition; ('$(TargetPlatformIdentifier)' != '' and '$(TargetFrameworkIdentifier)' == '.NETCoreApp' and $([MSBuild]::VersionGreaterThanOrEquals($(TargetFrameworkVersion), 5.0)) And ('$(DesignTimeBuild)' != 'true' Or '@(MissingWorkloadPack)' == '')) was evaluated as ('' != '' and '.NETCoreApp' == '.NETCoreApp' and True And ('' != 'true' Or '' == '')).
       Target "_CheckForMissingWorkload" skipped, due to false condition; ('@(MissingWorkloadPack)' != '' And '$(DesignTimeBuild)' != 'true') was evaluated as ('' != '' And '' != 'true').
   8:8>Target "_CheckForUnsupportedNETCoreVersion" in file "/usr/share/dotnet/sdk/8.0.415/Sdks/Microsoft.NET.Sdk/targets/Microsoft.NET.TargetFrameworkInference.targets" from project "/home/saidul/Desktop/K-Chief Marine Automation Platform/src/KChief.DataAccess/KChief.DataAccess.csproj" (target "_CheckForInvalidConfigurationAndPlatform" depends on it):
       Task "NETSdkError" skipped, due to false condition; ('$(_TargetFrameworkVersionWithoutV)' > '$(NETCoreAppMaximumVersion)' and '$(DisplayVSMessage)' != 'true') was evaluated as ('8.0' > '8.0' and '' != 'true').
       Task "NETSdkError" skipped, due to false condition; ('$(DisplayVSMessage)' == 'true') was evaluated as ('' == 'true').
   8:8>Done building target "_CheckForUnsupportedNETCoreVersion" in project "KChief.DataAccess.csproj".
       Target "_CheckForEolTargetFrameworks" skipped, due to false condition; ('@(_EolNetCoreTargetFrameworkVersions->AnyHaveMetadataValue('Identity', '$(_TargetFrameworkVersionWithoutV)'))' and '$(TargetFrameworkIdentifier)' == '.NETCoreApp' and '$(CheckEolTargetFramework)' == 'true') was evaluated as ('false' and '.NETCoreApp' == '.NETCoreApp' and '' == 'true').
       Target "_CheckForEolWorkloads" skipped, due to false condition; ('@(EolWorkload)' != '' and '$(CheckEolWorkloads)' == 'true') was evaluated as ('' != '' and 'true' == 'true').
   8:8>Target "_CheckForUnsupportedCppNETCoreVersion" in file "/usr/share/dotnet/sdk/8.0.415/Sdks/Microsoft.NET.Sdk/targets/Microsoft.NET.TargetFrameworkInference.targets" from project "/home/saidul/Desktop/K-Chief Marine Automation Platform/src/KChief.DataAccess/KChief.DataAccess.csproj" (target "_CheckForInvalidConfigurationAndPlatform" depends on it):
       Task "NETSdkError" skipped, due to false condition; ('$(TargetFrameworkIdentifier)' == '.NETCoreApp' and '$(_TargetFrameworkVersionWithoutV)' < '3.1' and ('$(Language)' == 'C++' and '$(_EnablePackageReferencesInVCProjects)' != 'true')) was evaluated as ('.NETCoreApp' == '.NETCoreApp' and '8.0' < '3.1' and ('C#' == 'C++' and '' != 'true')).
   8:8>Done building target "_CheckForUnsupportedCppNETCoreVersion" in project "KChief.DataAccess.csproj".
       Target "_CheckForUnsupportedNETStandardVersion" skipped, due to false condition; ('$(TargetFrameworkIdentifier)' == '.NETStandard' And '$(NETStandardMaximumVersion)' != '') was evaluated as ('.NETCoreApp' == '.NETStandard' And '' != '').
       Target "_CheckForUnsupportedTargetFrameworkAndFeatureCombination" skipped, due to false condition; ('$(TargetFrameworkIdentifier)' == '.NETFramework') was evaluated as ('.NETCoreApp' == '.NETFramework').
       Target "_CheckForSupportedOSPlatformVersionHigherThanTargetPlatformVersion" skipped, due to false condition; ('$(TargetPlatformVersion)' != '' and '$(TargetFrameworkIdentifier)' == '.NETCoreApp' and $([MSBuild]::VersionGreaterThanOrEquals($(TargetFrameworkVersion), 5.0))) was evaluated as ('' != '' and '.NETCoreApp' == '.NETCoreApp' and True).
       Target "_CheckForInvalidTargetPlatformVersion" skipped, due to false condition; ('$(TargetPlatformVersion)' != '' and '$(TargetFrameworkIdentifier)' == '.NETCoreApp' and $([MSBuild]::VersionGreaterThanOrEquals($(TargetFrameworkVersion), 5.0)) and ('$(Language)' != 'C++' or '$(_EnablePackageReferencesInVCProjects)' == 'true')) was evaluated as ('' != '' and '.NETCoreApp' == '.NETCoreApp' and True and ('C#' != 'C++' or '' == 'true')).
   8:8>Target "_CheckForUnsupportedArtifactsPath" in file "/usr/share/dotnet/sdk/8.0.415/Sdks/Microsoft.NET.Sdk/targets/Microsoft.NET.DefaultOutputPaths.targets" from project "/home/saidul/Desktop/K-Chief Marine Automation Platform/src/KChief.DataAccess/KChief.DataAccess.csproj" (target "_CheckForInvalidConfigurationAndPlatform" depends on it):
       Task "NetSdkError" skipped, due to false condition; ('$(UseArtifactsOutput)' == 'true' and '$(_ArtifactsPathSetEarly)' != 'true') was evaluated as ('' == 'true' and '' != 'true').
       Task "NetSdkError" skipped, due to false condition; ('$(_ArtifactsPathLocationType)' == 'ProjectFolder') was evaluated as ('' == 'ProjectFolder').
   8:8>Done building target "_CheckForUnsupportedArtifactsPath" in project "KChief.DataAccess.csproj".
       Target "_CheckForMissingWorkload" skipped, due to false condition; ('@(MissingWorkloadPack)' != '' And '$(DesignTimeBuild)' != 'true') was evaluated as ('' != '' And '' != 'true').
       Target "_CheckForUnsupportedAppHostUsage" skipped, due to false condition; ('$(TargetFrameworkIdentifier)' == '.NETCoreApp' and '$(HasRuntimeOutput)' == 'true') was evaluated as ('.NETCoreApp' == '.NETCoreApp' and '' == 'true').
   8:8>Target "_CheckForUnsupportedHostingUsage" in file "/usr/share/dotnet/sdk/8.0.415/Sdks/Microsoft.NET.Sdk/targets/Microsoft.NET.RuntimeIdentifierInference.targets" from project "/home/saidul/Desktop/K-Chief Marine Automation Platform/src/KChief.DataAccess/KChief.DataAccess.csproj" (target "_CheckForInvalidConfigurationAndPlatform" depends on it):
       Task "NETSdkWarning" skipped, due to false condition; ('$(SelfContained)' == 'true' and '$(EnableComHosting)' == 'true') was evaluated as ('' == 'true' and '' == 'true').
   8:8>Done building target "_CheckForUnsupportedHostingUsage" in project "KChief.DataAccess.csproj".
   8:8>Target "_CheckAndUnsetUnsupportedPrefer32Bit" in file "/usr/share/dotnet/sdk/8.0.415/Sdks/Microsoft.NET.Sdk/targets/Microsoft.NET.RuntimeIdentifierInference.targets" from project "/home/saidul/Desktop/K-Chief Marine Automation Platform/src/KChief.DataAccess/KChief.DataAccess.csproj" (target "_CheckForInvalidConfigurationAndPlatform" depends on it):
       Task "NETSdkWarning" skipped, due to false condition; ('$(Prefer32Bit)' == 'true') was evaluated as ('false' == 'true').
   8:8>Done building target "_CheckAndUnsetUnsupportedPrefer32Bit" in project "KChief.DataAccess.csproj".
       Target "_CheckForMismatchingPlatform" skipped, due to false condition; ('$(RuntimeIdentifier)' != '' and '$(PlatformTarget)' != '') was evaluated as ('' != '' and '' != '').
   8:8>Target "_CheckForLanguageAndFeatureCombinationSupport" in file "/usr/share/dotnet/sdk/8.0.415/Sdks/Microsoft.NET.Sdk/targets/Microsoft.NET.RuntimeIdentifierInference.targets" from project "/home/saidul/Desktop/K-Chief Marine Automation Platform/src/KChief.DataAccess/KChief.DataAccess.csproj" (target "_CheckForInvalidConfigurationAndPlatform" depends on it):
       Task "NETSdkError" skipped, due to false condition; (('$(Language)' == 'C++' and '$(_EnablePackageReferencesInVCProjects)' != 'true') and $(OutputType) != 'library' and '$(TargetFrameworkIdentifier)' == '.NETCoreApp') was evaluated as (('C#' == 'C++' and '' != 'true') and Library != 'library' and '.NETCoreApp' == '.NETCoreApp').
       Task "NETSdkError" skipped, due to false condition; (('$(Language)' == 'C++' and '$(_EnablePackageReferencesInVCProjects)' != 'true') and $(EnableComHosting) == 'true') was evaluated as (('C#' == 'C++' and '' != 'true') and  == 'true').
       Task "NETSdkError" skipped, due to false condition; (('$(Language)' == 'C++' and '$(_EnablePackageReferencesInVCProjects)' != 'true') and $(SelfContained) == 'true') was evaluated as (('C#' == 'C++' and '' != 'true') and  == 'true').
   8:8>Done building target "_CheckForLanguageAndFeatureCombinationSupport" in project "KChief.DataAccess.csproj".
       Target "_CheckForNETCoreSdkIsPreview" skipped, due to false condition; ( '$(_NETCoreSdkIsPreview)' == 'true' AND '$(SuppressNETCoreSdkPreviewMessage)' != 'true' ) was evaluated as ( 'false' == 'true' AND '' != 'true' ).
   8:8>Target "_GetProjectJsonPath" in file "/usr/share/dotnet/sdk/8.0.415/NuGet.targets" from project "/home/saidul/Desktop/K-Chief Marine Automation Platform/src/KChief.DataAccess/KChief.DataAccess.csproj" (target "_GetRestoreProjectStyle" depends on it):
       Task "GetRestoreProjectJsonPathTask" skipped, due to false condition; ( '$(RestoreProjectStyle)' == 'ProjectJson' OR '$(RestoreProjectStyle)' == '' ) was evaluated as ( 'PackageReference' == 'ProjectJson' OR 'PackageReference' == '' ).
   8:8>Done building target "_GetProjectJsonPath" in project "KChief.DataAccess.csproj".
       Target "_CheckForUnsupportedTargetPlatformIdentifier" skipped, due to false condition; ('$(TargetPlatformIdentifier)' != '' and '$(TargetFrameworkIdentifier)' == '.NETCoreApp' and $([MSBuild]::VersionGreaterThanOrEquals($(TargetFrameworkVersion), 5.0)) And ('$(DesignTimeBuild)' != 'true' Or '@(MissingWorkloadPack)' == '')) was evaluated as ('' != '' and '.NETCoreApp' == '.NETCoreApp' and True And ('' != 'true' Or '' == '')).
       Target "_CheckForMissingWorkload" skipped, due to false condition; ('@(MissingWorkloadPack)' != '' And '$(DesignTimeBuild)' != 'true') was evaluated as ('' != '' And '' != 'true').
       Target "_CheckForUnsupportedNETStandardVersion" skipped, due to false condition; ('$(TargetFrameworkIdentifier)' == '.NETStandard' And '$(NETStandardMaximumVersion)' != '') was evaluated as ('.NETCoreApp' == '.NETStandard' And '' != '').
       Target "_CheckForUnsupportedTargetFrameworkAndFeatureCombination" skipped, due to false condition; ('$(TargetFrameworkIdentifier)' == '.NETFramework') was evaluated as ('.NETCoreApp' == '.NETFramework').
   8:8>Target "UpdateAspNetToFrameworkReference" in file "/usr/share/dotnet/sdk/8.0.415/Sdks/Microsoft.NET.Sdk/targets/Microsoft.NET.Sdk.DefaultItems.Shared.targets" from project "/home/saidul/Desktop/K-Chief Marine Automation Platform/src/KChief.DataAccess/KChief.DataAccess.csproj" (target "ApplyImplicitVersions" depends on it):
       Using "CheckIfPackageReferenceShouldBeFrameworkReference" task from assembly "/usr/share/dotnet/sdk/8.0.415/Sdks/Microsoft.NET.Sdk/targets/../tools/net8.0/Microsoft.NET.Build.Tasks.dll".
       Task "CheckIfPackageReferenceShouldBeFrameworkReference"
       Done executing task "CheckIfPackageReferenceShouldBeFrameworkReference".
       Task "NETSdkError" skipped, due to false condition; ('$(_ShouldRemoveAspNetCoreAll)' == 'true') was evaluated as ('False' == 'true').
       Task "CheckIfPackageReferenceShouldBeFrameworkReference"
       Done executing task "CheckIfPackageReferenceShouldBeFrameworkReference".
       Task "NETSdkWarning" skipped, due to false condition; ('$(_ShouldRemoveAspNetCoreApp)' == 'true') was evaluated as ('False' == 'true').
   8:8>Done building target "UpdateAspNetToFrameworkReference" in project "KChief.DataAccess.csproj".
       Target "IncludeTargetingPackReference" skipped, due to false condition; ('$(TargetFrameworkMoniker)' != '' and '$(TargetFrameworkIdentifier)' == '.NETFramework' and '$(AutomaticallyUseReferenceAssemblyPackages)' == 'true') was evaluated as ('.NETCoreApp,Version=v8.0' != '' and '.NETCoreApp' == '.NETFramework' and 'true' == 'true').
   8:8>Target "CheckForImplicitPackageReferenceOverrides" in file "/usr/share/dotnet/sdk/8.0.415/Sdks/Microsoft.NET.Sdk/targets/Microsoft.NET.Sdk.DefaultItems.Shared.targets" from project "/home/saidul/Desktop/K-Chief Marine Automation Platform/src/KChief.DataAccess/KChief.DataAccess.csproj" (target "ApplyImplicitVersions" depends on it):
       Using "CheckForImplicitPackageReferenceOverrides" task from assembly "/usr/share/dotnet/sdk/8.0.415/Sdks/Microsoft.NET.Sdk/targets/../tools/net8.0/Microsoft.NET.Build.Tasks.dll".
       Task "CheckForImplicitPackageReferenceOverrides"
       Done executing task "CheckForImplicitPackageReferenceOverrides".
   8:8>Done building target "CheckForImplicitPackageReferenceOverrides" in project "KChief.DataAccess.csproj".
   8:8>Target "ApplyImplicitVersions" in file "/usr/share/dotnet/sdk/8.0.415/Sdks/Microsoft.NET.Sdk/targets/Microsoft.NET.Sdk.DefaultItems.Shared.targets" from project "/home/saidul/Desktop/K-Chief Marine Automation Platform/src/KChief.DataAccess/KChief.DataAccess.csproj" (target "CollectPackageReferences" depends on it):
       Using "ApplyImplicitVersions" task from assembly "/usr/share/dotnet/sdk/8.0.415/Sdks/Microsoft.NET.Sdk/targets/../tools/net8.0/Microsoft.NET.Build.Tasks.dll".
       Task "ApplyImplicitVersions"
       Done executing task "ApplyImplicitVersions".
   8:8>Done building target "ApplyImplicitVersions" in project "KChief.DataAccess.csproj".
       Target "CheckForImplicitPackageReferenceOverrides" skipped. Previously built successfully.
       Target "AddWindowsSdkKnownFrameworkReferences" skipped, due to false condition; ('$(TargetFrameworkIdentifier)' == '.NETCoreApp' And '$(TargetPlatformIdentifier)' == 'Windows') was evaluated as ('.NETCoreApp' == '.NETCoreApp' And '' == 'Windows').
       Target "_NormalizeTargetPlatformVersion" skipped, due to false condition; ('$(TargetPlatformVersion)' != '' and '$(TargetFrameworkIdentifier)' == '.NETCoreApp' and $([MSBuild]::VersionGreaterThanOrEquals($(TargetFrameworkVersion), 5.0)) and ('$(Language)' != 'C++' or '$(_EnablePackageReferencesInVCProjects)' == 'true')) was evaluated as ('' != '' and '.NETCoreApp' == '.NETCoreApp' and True and ('C#' != 'C++' or '' == 'true')).
   8:8>Target "_ComputeToolPackInputsToProcessFrameworkReferences" in file "/usr/share/dotnet/sdk/8.0.415/Sdks/Microsoft.NET.Sdk/targets/Microsoft.NET.Publish.targets" from project "/home/saidul/Desktop/K-Chief Marine Automation Platform/src/KChief.DataAccess/KChief.DataAccess.csproj" (target "ProcessFrameworkReferences" depends on it):
   8:8>Done building target "_ComputeToolPackInputsToProcessFrameworkReferences" in project "KChief.DataAccess.csproj".
   8:8>Target "ProcessFrameworkReferences" in file "/usr/share/dotnet/sdk/8.0.415/Sdks/Microsoft.NET.Sdk/targets/Microsoft.NET.Sdk.FrameworkReferenceResolution.targets" from project "/home/saidul/Desktop/K-Chief Marine Automation Platform/src/KChief.DataAccess/KChief.DataAccess.csproj" (target "CollectPackageReferences" depends on it):
       Using "CheckForDuplicateFrameworkReferences" task from assembly "/usr/share/dotnet/sdk/8.0.415/Sdks/Microsoft.NET.Sdk/targets/../tools/net8.0/Microsoft.NET.Build.Tasks.dll".
       Task "CheckForDuplicateFrameworkReferences"
       Done executing task "CheckForDuplicateFrameworkReferences".
       Using "ProcessFrameworkReferences" task from assembly "/usr/share/dotnet/sdk/8.0.415/Sdks/Microsoft.NET.Sdk/targets/../tools/net8.0/Microsoft.NET.Build.Tasks.dll".
       Task "ProcessFrameworkReferences"
   1:2>Project "/home/saidul/Desktop/K-Chief Marine Automation Platform/KChief.MarineAutomationPlatform.sln" (1:2) is building "/home/saidul/Desktop/K-Chief Marine Automation Platform/src/KChief.Protocols.Modbus/KChief.Protocols.Modbus.csproj" (4:7) on node 8 (default targets).
   4:7>Target "_CheckForUnsupportedTargetFramework" skipped, due to false condition; ('$(_UnsupportedTargetFrameworkError)' == 'true') was evaluated as ('' == 'true').
   4:7>Target "_CollectTargetFrameworkForTelemetry" in file "/usr/share/dotnet/sdk/8.0.415/Sdks/Microsoft.NET.Sdk/targets/Microsoft.NET.TargetFrameworkInference.targets" from project "/home/saidul/Desktop/K-Chief Marine Automation Platform/src/KChief.Protocols.Modbus/KChief.Protocols.Modbus.csproj" (target "_CheckForInvalidConfigurationAndPlatform" depends on it):
       Using "AllowEmptyTelemetry" task from assembly "/usr/share/dotnet/sdk/8.0.415/Sdks/Microsoft.NET.Sdk/targets/../tools/net8.0/Microsoft.NET.Build.Tasks.dll".
       Task "AllowEmptyTelemetry"
       Done executing task "AllowEmptyTelemetry".
   4:7>Done building target "_CollectTargetFrameworkForTelemetry" in project "KChief.Protocols.Modbus.csproj".
       Target "_CheckForUnsupportedTargetPlatformIdentifier" skipped, due to false condition; ('$(TargetPlatformIdentifier)' != '' and '$(TargetFrameworkIdentifier)' == '.NETCoreApp' and $([MSBuild]::VersionGreaterThanOrEquals($(TargetFrameworkVersion), 5.0)) And ('$(DesignTimeBuild)' != 'true' Or '@(MissingWorkloadPack)' == '')) was evaluated as ('' != '' and '.NETCoreApp' == '.NETCoreApp' and True And ('' != 'true' Or '' == '')).
       Target "_CheckForMissingWorkload" skipped, due to false condition; ('@(MissingWorkloadPack)' != '' And '$(DesignTimeBuild)' != 'true') was evaluated as ('' != '' And '' != 'true').
   7:7>Done executing task "CheckForDuplicateNuGetItemsTask".
   4:7>Target "_CheckForUnsupportedNETCoreVersion" in file "/usr/share/dotnet/sdk/8.0.415/Sdks/Microsoft.NET.Sdk/targets/Microsoft.NET.TargetFrameworkInference.targets" from project "/home/saidul/Desktop/K-Chief Marine Automation Platform/src/KChief.Protocols.Modbus/KChief.Protocols.Modbus.csproj" (target "_CheckForInvalidConfigurationAndPlatform" depends on it):
   4:7>Task "NETSdkError" skipped, due to false condition; ('$(_TargetFrameworkVersionWithoutV)' > '$(NETCoreAppMaximumVersion)' and '$(DisplayVSMessage)' != 'true') was evaluated as ('8.0' > '8.0' and '' != 'true').
   7:7>Done building target "CollectPackageReferences" in project "KChief.AlarmSystem.csproj".
   4:7>_CheckForUnsupportedNETCoreVersion:
       Task "NETSdkError" skipped, due to false condition; ('$(DisplayVSMessage)' == 'true') was evaluated as ('' == 'true').
   4:7>Done building target "_CheckForUnsupportedNETCoreVersion" in project "KChief.Protocols.Modbus.csproj".
   7:7>Target "_GetRestoreProjectStyle" in file "/usr/share/dotnet/sdk/8.0.415/NuGet.targets" from project "/home/saidul/Desktop/K-Chief Marine Automation Platform/src/KChief.AlarmSystem/KChief.AlarmSystem.csproj" (target "EnableIntermediateOutputPathMismatchWarning" depends on it):
   7:7>Using "GetRestoreProjectStyleTask" task from assembly "/usr/share/dotnet/sdk/8.0.415/NuGet.Build.Tasks.dll".
   4:7>Target "_CheckForEolTargetFrameworks" skipped, due to false condition; ('@(_EolNetCoreTargetFrameworkVersions->AnyHaveMetadataValue('Identity', '$(_TargetFrameworkVersionWithoutV)'))' and '$(TargetFrameworkIdentifier)' == '.NETCoreApp' and '$(CheckEolTargetFramework)' == 'true') was evaluated as ('false' and '.NETCoreApp' == '.NETCoreApp' and '' == 'true').
       Target "_CheckForEolWorkloads" skipped, due to false condition; ('@(EolWorkload)' != '' and '$(CheckEolWorkloads)' == 'true') was evaluated as ('' != '' and 'true' == 'true').
   7:7>Task "GetRestoreProjectStyleTask"
   4:7>Target "_CheckForUnsupportedCppNETCoreVersion" in file "/usr/share/dotnet/sdk/8.0.415/Sdks/Microsoft.NET.Sdk/targets/Microsoft.NET.TargetFrameworkInference.targets" from project "/home/saidul/Desktop/K-Chief Marine Automation Platform/src/KChief.Protocols.Modbus/KChief.Protocols.Modbus.csproj" (target "_CheckForInvalidConfigurationAndPlatform" depends on it):
   4:7>Task "NETSdkError" skipped, due to false condition; ('$(TargetFrameworkIdentifier)' == '.NETCoreApp' and '$(_TargetFrameworkVersionWithoutV)' < '3.1' and ('$(Language)' == 'C++' and '$(_EnablePackageReferencesInVCProjects)' != 'true')) was evaluated as ('.NETCoreApp' == '.NETCoreApp' and '8.0' < '3.1' and ('C#' == 'C++' and '' != 'true')).
   4:7>Done building target "_CheckForUnsupportedCppNETCoreVersion" in project "KChief.Protocols.Modbus.csproj".
   7:7>Done executing task "GetRestoreProjectStyleTask".
   4:7>Target "_CheckForUnsupportedNETStandardVersion" skipped, due to false condition; ('$(TargetFrameworkIdentifier)' == '.NETStandard' And '$(NETStandardMaximumVersion)' != '') was evaluated as ('.NETCoreApp' == '.NETStandard' And '' != '').
   7:7>Done building target "_GetRestoreProjectStyle" in project "KChief.AlarmSystem.csproj".
   4:7>Target "_CheckForUnsupportedTargetFrameworkAndFeatureCombination" skipped, due to false condition; ('$(TargetFrameworkIdentifier)' == '.NETFramework') was evaluated as ('.NETCoreApp' == '.NETFramework').
   7:7>Target "EnableIntermediateOutputPathMismatchWarning" in file "/usr/share/dotnet/sdk/8.0.415/NuGet.targets" from project "/home/saidul/Desktop/K-Chief Marine Automation Platform/src/KChief.AlarmSystem/KChief.AlarmSystem.csproj" (target "_CheckForInvalidConfigurationAndPlatform" depends on it):
   7:7>Done building target "EnableIntermediateOutputPathMismatchWarning" in project "KChief.AlarmSystem.csproj".
   4:7>Target "_CheckForSupportedOSPlatformVersionHigherThanTargetPlatformVersion" skipped, due to false condition; ('$(TargetPlatformVersion)' != '' and '$(TargetFrameworkIdentifier)' == '.NETCoreApp' and $([MSBuild]::VersionGreaterThanOrEquals($(TargetFrameworkVersion), 5.0))) was evaluated as ('' != '' and '.NETCoreApp' == '.NETCoreApp' and True).
   7:7>Target "ApplyImplicitVersions" skipped. Previously built successfully.
   4:7>Target "_CheckForInvalidTargetPlatformVersion" skipped, due to false condition; ('$(TargetPlatformVersion)' != '' and '$(TargetFrameworkIdentifier)' == '.NETCoreApp' and $([MSBuild]::VersionGreaterThanOrEquals($(TargetFrameworkVersion), 5.0)) and ('$(Language)' != 'C++' or '$(_EnablePackageReferencesInVCProjects)' == 'true')) was evaluated as ('' != '' and '.NETCoreApp' == '.NETCoreApp' and True and ('C#' != 'C++' or '' == 'true')).
   7:7>Target "CheckForImplicitPackageReferenceOverrides" skipped. Previously built successfully.
   7:7>Target "CheckForDuplicateItems" in file "/usr/share/dotnet/sdk/8.0.415/Sdks/Microsoft.NET.Sdk/targets/Microsoft.NET.Sdk.DefaultItems.Shared.targets" from project "/home/saidul/Desktop/K-Chief Marine Automation Platform/src/KChief.AlarmSystem/KChief.AlarmSystem.csproj" (target "_CheckForInvalidConfigurationAndPlatform" depends on it):
       Using "CheckForDuplicateItems" task from assembly "/usr/share/dotnet/sdk/8.0.415/Sdks/Microsoft.NET.Sdk/targets/../tools/net8.0/Microsoft.NET.Build.Tasks.dll".
   4:7>Target "_CheckForUnsupportedArtifactsPath" in file "/usr/share/dotnet/sdk/8.0.415/Sdks/Microsoft.NET.Sdk/targets/Microsoft.NET.DefaultOutputPaths.targets" from project "/home/saidul/Desktop/K-Chief Marine Automation Platform/src/KChief.Protocols.Modbus/KChief.Protocols.Modbus.csproj" (target "_CheckForInvalidConfigurationAndPlatform" depends on it):
   4:7>Task "NetSdkError" skipped, due to false condition; ('$(UseArtifactsOutput)' == 'true' and '$(_ArtifactsPathSetEarly)' != 'true') was evaluated as ('' == 'true' and '' != 'true').
   7:7>Task "CheckForDuplicateItems"
       Done executing task "CheckForDuplicateItems".
   4:7>_CheckForUnsupportedArtifactsPath:
       Task "NetSdkError" skipped, due to false condition; ('$(_ArtifactsPathLocationType)' == 'ProjectFolder') was evaluated as ('' == 'ProjectFolder').
   7:7>Task "CheckForDuplicateItems"
   4:7>Done building target "_CheckForUnsupportedArtifactsPath" in project "KChief.Protocols.Modbus.csproj".
   7:7>Done executing task "CheckForDuplicateItems".
       Task "CheckForDuplicateItems"
   4:7>Target "_CheckForMissingWorkload" skipped, due to false condition; ('@(MissingWorkloadPack)' != '' And '$(DesignTimeBuild)' != 'true') was evaluated as ('' != '' And '' != 'true').
   7:7>Done executing task "CheckForDuplicateItems".
   4:7>Target "_CheckForUnsupportedAppHostUsage" skipped, due to false condition; ('$(TargetFrameworkIdentifier)' == '.NETCoreApp' and '$(HasRuntimeOutput)' == 'true') was evaluated as ('.NETCoreApp' == '.NETCoreApp' and '' == 'true').
   7:7>Done building target "CheckForDuplicateItems" in project "KChief.AlarmSystem.csproj".
       Target "WarnForExplicitVersions" skipped, due to false condition; ('@(SdkBuildWarning)' != '') was evaluated as ('' != '').
       Target "_CheckForFailedSDKResolution" skipped, due to false condition; ('$(SdkResolverHonoredGlobalJson)' == 'false') was evaluated as ('' == 'false').
       Target "_WarnWhenUsingNET8AndVSPriorTo178" skipped, due to false condition; ($([MSBuild]::VersionLessThan($(MSBuildVersion), '17.8.0')) and '$(TargetFrameworkIdentifier)' == '.NETCoreApp' and $([MSBuild]::VersionGreaterThanOrEquals($(_TargetFrameworkVersionWithoutV), '8.0'))) was evaluated as (False and '.NETCoreApp' == '.NETCoreApp' and True).
       Target "_CheckForInvalidWindowsDesktopTargetingConfiguration" skipped, due to false condition; ('$(TargetFrameworkIdentifier)' == '.NETCoreApp' and $([MSBuild]::VersionGreaterThanOrEquals($(_TargetFrameworkVersionWithoutV), '5.0')) and ('$(UseWindowsForms)' == 'true' or '$(UseWPF)' == 'true')) was evaluated as ('.NETCoreApp' == '.NETCoreApp' and True and ('' == 'true' or '' == 'true')).
       Target "_CheckForUnnecessaryWindowsDesktopSDK" skipped, due to false condition; ('$(TargetFrameworkIdentifier)' == '.NETCoreApp' and $([MSBuild]::VersionGreaterThanOrEquals($(_TargetFrameworkVersionWithoutV), '5.0')) and '$(_MicrosoftWindowsDesktopSdkImported)' == 'true' and '$(TargetFrameworks)' == '') was evaluated as ('.NETCoreApp' == '.NETCoreApp' and True and '' == 'true' and '' == '').
       Target "ProcessFrameworkReferences" skipped. Previously built successfully.
       Target "IncludeTargetingPackReference" skipped, due to false condition; ('$(TargetFrameworkMoniker)' != '' and '$(TargetFrameworkIdentifier)' == '.NETFramework' and '$(AutomaticallyUseReferenceAssemblyPackages)' == 'true') was evaluated as ('.NETCoreApp,Version=v8.0' != '' and '.NETCoreApp' == '.NETFramework' and 'true' == 'true').
   7:7>Target "_CheckForInvalidConfigurationAndPlatform" in file "/usr/share/dotnet/sdk/8.0.415/Microsoft.Common.CurrentVersion.targets" from project "/home/saidul/Desktop/K-Chief Marine Automation Platform/src/KChief.AlarmSystem/KChief.AlarmSystem.csproj" (target "BeforeBuild" depends on it):
       Task "Error" skipped, due to false condition; ( '$(_InvalidConfigurationError)' == 'true' ) was evaluated as ( '' == 'true' ).
       Task "Warning" skipped, due to false condition; ( '$(_InvalidConfigurationWarning)' == 'true' ) was evaluated as ( '' == 'true' ).
       Task "Message"
         Configuration=Release
       Done executing task "Message".
       Task "Message"
         Platform=AnyCPU
       Done executing task "Message".
       Task "Error" skipped, due to false condition; ('$(OutDir)' != '' and !HasTrailingSlash('$(OutDir)')) was evaluated as ('bin/Release/net8.0/' != '' and !HasTrailingSlash('bin/Release/net8.0/')).
       Task "Error" skipped, due to false condition; ('$(IntermediateOutputPath)' != '' and !HasTrailingSlash('$(IntermediateOutputPath)')) was evaluated as ('obj/Release/net8.0/' != '' and !HasTrailingSlash('obj/Release/net8.0/')).
       Task "Error" skipped, due to false condition; ('$(BaseIntermediateOutputPath)' != '' and !HasTrailingSlash('$(BaseIntermediateOutputPath)')) was evaluated as ('obj/' != '' and !HasTrailingSlash('obj/')).
       Task "MSBuildInternalMessage" skipped, due to false condition; ( '$(Prefer32Bit)' == 'true' and '$(PreferNativeArm64)' == 'true' ) was evaluated as ( 'false' == 'true' and '' == 'true' ).
       Task "MSBuildInternalMessage" skipped, due to false condition; ( '$(NoWin32Manifest)' == 'true' and '$(PreferNativeArm64)' == 'true' ) was evaluated as ( '' == 'true' and '' == 'true' ).
   4:7>Target "_CheckForUnsupportedHostingUsage" in file "/usr/share/dotnet/sdk/8.0.415/Sdks/Microsoft.NET.Sdk/targets/Microsoft.NET.RuntimeIdentifierInference.targets" from project "/home/saidul/Desktop/K-Chief Marine Automation Platform/src/KChief.Protocols.Modbus/KChief.Protocols.Modbus.csproj" (target "_CheckForInvalidConfigurationAndPlatform" depends on it):
   4:7>Task "NETSdkWarning" skipped, due to false condition; ('$(SelfContained)' == 'true' and '$(EnableComHosting)' == 'true') was evaluated as ('' == 'true' and '' == 'true').
   7:7>_CheckForInvalidConfigurationAndPlatform:
       Task "MSBuildInternalMessage" skipped, due to false condition; ( '$(PreferNativeArm64)' == 'true' and '$(Platform)' != 'AnyCPU' ) was evaluated as ( '' == 'true' and 'AnyCPU' != 'AnyCPU' ).
       Task "Error" skipped, due to false condition; ( '$(_InitialMSBuildProjectExtensionsPath)' != '' And '$(MSBuildProjectExtensionsPath)' != '$(_InitialMSBuildProjectExtensionsPath)' ) was evaluated as ( '/home/saidul/Desktop/K-Chief Marine Automation Platform/src/KChief.AlarmSystem/obj/' != '' And '/home/saidul/Desktop/K-Chief Marine Automation Platform/src/KChief.AlarmSystem/obj/' != '/home/saidul/Desktop/K-Chief Marine Automation Platform/src/KChief.AlarmSystem/obj/' ).
       Task "Warning" skipped, due to false condition; ( '$(EnableBaseIntermediateOutputPathMismatchWarning)' == 'true' And '$(_InitialBaseIntermediateOutputPath)' != '$(BaseIntermediateOutputPath)' And '$(BaseIntermediateOutputPath)' != '$(MSBuildProjectExtensionsPath)' ) was evaluated as ( 'true' == 'true' And 'obj/' != 'obj/' And 'obj/' != '/home/saidul/Desktop/K-Chief Marine Automation Platform/src/KChief.AlarmSystem/obj/' ).
   7:7>Done building target "_CheckForInvalidConfigurationAndPlatform" in project "KChief.AlarmSystem.csproj".
   8:8>Done executing task "ProcessFrameworkReferences".
   7:7>Target "ValidateCommandLineProperties" in file "/usr/share/dotnet/sdk/8.0.415/Sdks/Microsoft.NET.Sdk/targets/Microsoft.NET.Sdk.targets" from project "/home/saidul/Desktop/K-Chief Marine Automation Platform/src/KChief.AlarmSystem/KChief.AlarmSystem.csproj" (target "BeforeBuild" depends on it):
   7:7>Done building target "ValidateCommandLineProperties" in project "KChief.AlarmSystem.csproj".
   8:8>ProcessFrameworkReferences:
       Using "ResolveAppHosts" task from assembly "/usr/share/dotnet/sdk/8.0.415/Sdks/Microsoft.NET.Sdk/targets/../tools/net8.0/Microsoft.NET.Build.Tasks.dll".
       Task "ResolveAppHosts"
   7:7>Target "BeforeBuild" in file "/usr/share/dotnet/sdk/8.0.415/Microsoft.Common.CurrentVersion.targets" from project "/home/saidul/Desktop/K-Chief Marine Automation Platform/src/KChief.AlarmSystem/KChief.AlarmSystem.csproj" (target "Build" depends on it):
   7:7>Done building target "BeforeBuild" in project "KChief.AlarmSystem.csproj".
   8:8>Done executing task "ResolveAppHosts".
   7:7>Target "_CheckForBuildWithNoBuild" skipped, due to false condition; ('$(NoBuild)' == 'true' and '$(GeneratePackageOnBuild)' != 'true') was evaluated as ('' == 'true' and 'false' != 'true').
   8:8>Done building target "ProcessFrameworkReferences" in project "KChief.DataAccess.csproj".
   7:7>Target "BuildOnlySettings" in file "/usr/share/dotnet/sdk/8.0.415/Microsoft.Common.CurrentVersion.targets" from project "/home/saidul/Desktop/K-Chief Marine Automation Platform/src/KChief.AlarmSystem/KChief.AlarmSystem.csproj" (target "CoreBuild" depends on it):
   7:7>Done building target "BuildOnlySettings" in project "KChief.AlarmSystem.csproj".
       Target "_CheckForUnsupportedTargetFramework" skipped, due to false condition; ('$(_UnsupportedTargetFrameworkError)' == 'true') was evaluated as ('' == 'true').
   8:8>Target "IncludeTargetingPackReference" skipped, due to false condition; ('$(TargetFrameworkMoniker)' != '' and '$(TargetFrameworkIdentifier)' == '.NETFramework' and '$(AutomaticallyUseReferenceAssemblyPackages)' == 'true') was evaluated as ('.NETCoreApp,Version=v8.0' != '' and '.NETCoreApp' == '.NETFramework' and 'true' == 'true').
   7:7>Target "_CheckForUnsupportedTargetPlatformIdentifier" skipped, due to false condition; ('$(TargetPlatformIdentifier)' != '' and '$(TargetFrameworkIdentifier)' == '.NETCoreApp' and $([MSBuild]::VersionGreaterThanOrEquals($(TargetFrameworkVersion), 5.0)) And ('$(DesignTimeBuild)' != 'true' Or '@(MissingWorkloadPack)' == '')) was evaluated as ('' != '' and '.NETCoreApp' == '.NETCoreApp' and True And ('' != 'true' Or '' == '')).
       Target "_CheckForMissingWorkload" skipped, due to false condition; ('@(MissingWorkloadPack)' != '' And '$(DesignTimeBuild)' != 'true') was evaluated as ('' != '' And '' != 'true').
   8:8>Target "_AddMicrosoftNetCompilerToolsetFrameworkPackage" in file "/usr/share/dotnet/sdk/8.0.415/Sdks/Microsoft.NET.Sdk/targets/Microsoft.NET.Sdk.targets" from project "/home/saidul/Desktop/K-Chief Marine Automation Platform/src/KChief.DataAccess/KChief.DataAccess.csproj" (target "CollectPackageReferences" depends on it):
   8:8>Task "NETSdkWarning" skipped, due to false condition; ('@(PackageReference->AnyHaveMetadataValue('Identity', 'Microsoft.Net.Compilers.Toolset.Framework'))' == 'true') was evaluated as ('false' == 'true').
   7:7>Target "GetFrameworkPaths" in file "/usr/share/dotnet/sdk/8.0.415/Sdks/Microsoft.NET.Sdk/targets/Microsoft.NET.DisableStandardFrameworkResolution.targets" from project "/home/saidul/Desktop/K-Chief Marine Automation Platform/src/KChief.AlarmSystem/KChief.AlarmSystem.csproj" (target "PrepareForBuild" depends on it):
   7:7>Done building target "GetFrameworkPaths" in project "KChief.AlarmSystem.csproj".
   8:8>Done building target "_AddMicrosoftNetCompilerToolsetFrameworkPackage" in project "KChief.DataAccess.csproj".
   7:7>Target "_CheckForUnsupportedTargetFramework" skipped, due to false condition; ('$(_UnsupportedTargetFrameworkError)' == 'true') was evaluated as ('' == 'true').
       Target "_CheckForUnsupportedTargetPlatformIdentifier" skipped, due to false condition; ('$(TargetPlatformIdentifier)' != '' and '$(TargetFrameworkIdentifier)' == '.NETCoreApp' and $([MSBuild]::VersionGreaterThanOrEquals($(TargetFrameworkVersion), 5.0)) And ('$(DesignTimeBuild)' != 'true' Or '@(MissingWorkloadPack)' == '')) was evaluated as ('' != '' and '.NETCoreApp' == '.NETCoreApp' and True And ('' != 'true' Or '' == '')).
       Target "_CheckForMissingWorkload" skipped, due to false condition; ('@(MissingWorkloadPack)' != '' And '$(DesignTimeBuild)' != 'true') was evaluated as ('' != '' And '' != 'true').
   8:8>Target "_CheckForObsoleteDotNetCliToolReferences" in file "/usr/share/dotnet/sdk/8.0.415/Sdks/Microsoft.NET.Sdk/targets/Microsoft.NET.ObsoleteReferences.targets" from project "/home/saidul/Desktop/K-Chief Marine Automation Platform/src/KChief.DataAccess/KChief.DataAccess.csproj" (target "CollectPackageReferences" depends on it):
   8:8>Task "NETSdkWarning" skipped, due to false condition; ( '%(_ReferenceToObsoleteDotNetCliTool.Identity)' != '' ) was evaluated as ( '' != '' ).
   7:7>Target "GetReferenceAssemblyPaths" in file "/usr/share/dotnet/sdk/8.0.415/Sdks/Microsoft.NET.Sdk/targets/Microsoft.NET.DisableStandardFrameworkResolution.targets" from project "/home/saidul/Desktop/K-Chief Marine Automation Platform/src/KChief.AlarmSystem/KChief.AlarmSystem.csproj" (target "PrepareForBuild" depends on it):
   7:7>Done building target "GetReferenceAssemblyPaths" in project "KChief.AlarmSystem.csproj".
   8:8>Done building target "_CheckForObsoleteDotNetCliToolReferences" in project "KChief.DataAccess.csproj".
   5:7>Done executing task "CheckForDuplicateItems".
       Task "CheckForDuplicateItems"
       Done executing task "CheckForDuplicateItems".
   5:7>Done building target "CheckForDuplicateItems" in project "KChief.Protocols.OPC.csproj".
       Target "WarnForExplicitVersions" skipped, due to false condition; ('@(SdkBuildWarning)' != '') was evaluated as ('' != '').
       Target "_CheckForFailedSDKResolution" skipped, due to false condition; ('$(SdkResolverHonoredGlobalJson)' == 'false') was evaluated as ('' == 'false').
       Target "_WarnWhenUsingNET8AndVSPriorTo178" skipped, due to false condition; ($([MSBuild]::VersionLessThan($(MSBuildVersion), '17.8.0')) and '$(TargetFrameworkIdentifier)' == '.NETCoreApp' and $([MSBuild]::VersionGreaterThanOrEquals($(_TargetFrameworkVersionWithoutV), '8.0'))) was evaluated as (False and '.NETCoreApp' == '.NETCoreApp' and True).
       Target "_CheckForInvalidWindowsDesktopTargetingConfiguration" skipped, due to false condition; ('$(TargetFrameworkIdentifier)' == '.NETCoreApp' and $([MSBuild]::VersionGreaterThanOrEquals($(_TargetFrameworkVersionWithoutV), '5.0')) and ('$(UseWindowsForms)' == 'true' or '$(UseWPF)' == 'true')) was evaluated as ('.NETCoreApp' == '.NETCoreApp' and True and ('' == 'true' or '' == 'true')).
       Target "_CheckForUnnecessaryWindowsDesktopSDK" skipped, due to false condition; ('$(TargetFrameworkIdentifier)' == '.NETCoreApp' and $([MSBuild]::VersionGreaterThanOrEquals($(_TargetFrameworkVersionWithoutV), '5.0')) and '$(_MicrosoftWindowsDesktopSdkImported)' == 'true' and '$(TargetFrameworks)' == '') was evaluated as ('.NETCoreApp' == '.NETCoreApp' and True and '' == 'true' and '' == '').
       Target "ProcessFrameworkReferences" skipped. Previously built successfully.
       Target "IncludeTargetingPackReference" skipped, due to false condition; ('$(TargetFrameworkMoniker)' != '' and '$(TargetFrameworkIdentifier)' == '.NETFramework' and '$(AutomaticallyUseReferenceAssemblyPackages)' == 'true') was evaluated as ('.NETCoreApp,Version=v8.0' != '' and '.NETCoreApp' == '.NETFramework' and 'true' == 'true').
   5:7>Target "_CheckForInvalidConfigurationAndPlatform" in file "/usr/share/dotnet/sdk/8.0.415/Microsoft.Common.CurrentVersion.targets" from project "/home/saidul/Desktop/K-Chief Marine Automation Platform/src/KChief.Protocols.OPC/KChief.Protocols.OPC.csproj" (target "BeforeBuild" depends on it):
       Task "Error" skipped, due to false condition; ( '$(_InvalidConfigurationError)' == 'true' ) was evaluated as ( '' == 'true' ).
   7:7>Target "AssignLinkMetadata" skipped, due to false condition; ( '$(SynthesizeLinkMetadata)' == 'true' ) was evaluated as ( '' == 'true' ).
   5:7>_CheckForInvalidConfigurationAndPlatform:
       Task "Warning" skipped, due to false condition; ( '$(_InvalidConfigurationWarning)' == 'true' ) was evaluated as ( '' == 'true' ).
       Task "Message"
   7:7>Target "_VerifyPackReleaseConfigurations" skipped, due to false condition; ('$(_IsPacking)' == 'true' and '$(DOTNET_CLI_DISABLE_PUBLISH_AND_PACK_RELEASE)' != 'true' and '$(DOTNET_CLI_LAZY_PUBLISH_AND_PACK_RELEASE_FOR_SOLUTIONS)' == 'true') was evaluated as ('' == 'true' and '' != 'true' and '' == 'true').
   5:7>_CheckForInvalidConfigurationAndPlatform:
         Configuration=Release
       Done executing task "Message".
   7:7>Target "PrepareForBuild" in file "/usr/share/dotnet/sdk/8.0.415/Microsoft.Common.CurrentVersion.targets" from project "/home/saidul/Desktop/K-Chief Marine Automation Platform/src/KChief.AlarmSystem/KChief.AlarmSystem.csproj" (target "CoreBuild" depends on it):
   7:7>Using "FindAppConfigFile" task from assembly "Microsoft.Build.Tasks.Core, Version=15.1.0.0, Culture=neutral, PublicKeyToken=b03f5f7f11d50a3a".
   5:7>Task "Message"
   7:7>Task "FindAppConfigFile"
   5:7>_CheckForInvalidConfigurationAndPlatform:
         Platform=AnyCPU
   7:7>Done executing task "FindAppConfigFile".
   5:7>Done executing task "Message".
       Task "Error" skipped, due to false condition; ('$(OutDir)' != '' and !HasTrailingSlash('$(OutDir)')) was evaluated as ('bin/Release/net8.0/' != '' and !HasTrailingSlash('bin/Release/net8.0/')).
   7:7>PrepareForBuild:
       Using "MakeDir" task from assembly "Microsoft.Build.Tasks.Core, Version=15.1.0.0, Culture=neutral, PublicKeyToken=b03f5f7f11d50a3a".
   5:7>_CheckForInvalidConfigurationAndPlatform:
       Task "Error" skipped, due to false condition; ('$(IntermediateOutputPath)' != '' and !HasTrailingSlash('$(IntermediateOutputPath)')) was evaluated as ('obj/Release/net8.0/' != '' and !HasTrailingSlash('obj/Release/net8.0/')).
   7:7>Task "MakeDir"
   5:7>_CheckForInvalidConfigurationAndPlatform:
       Task "Error" skipped, due to false condition; ('$(BaseIntermediateOutputPath)' != '' and !HasTrailingSlash('$(BaseIntermediateOutputPath)')) was evaluated as ('obj/' != '' and !HasTrailingSlash('obj/')).
   7:7>Done executing task "MakeDir".
   5:7>_CheckForInvalidConfigurationAndPlatform:
       Task "MSBuildInternalMessage" skipped, due to false condition; ( '$(Prefer32Bit)' == 'true' and '$(PreferNativeArm64)' == 'true' ) was evaluated as ( 'false' == 'true' and '' == 'true' ).
   7:7>Done building target "PrepareForBuild" in project "KChief.AlarmSystem.csproj".
   5:7>_CheckForInvalidConfigurationAndPlatform:
       Task "MSBuildInternalMessage" skipped, due to false condition; ( '$(NoWin32Manifest)' == 'true' and '$(PreferNativeArm64)' == 'true' ) was evaluated as ( '' == 'true' and '' == 'true' ).
       Task "MSBuildInternalMessage" skipped, due to false condition; ( '$(PreferNativeArm64)' == 'true' and '$(Platform)' != 'AnyCPU' ) was evaluated as ( '' == 'true' and 'AnyCPU' != 'AnyCPU' ).
       Task "Error" skipped, due to false condition; ( '$(_InitialMSBuildProjectExtensionsPath)' != '' And '$(MSBuildProjectExtensionsPath)' != '$(_InitialMSBuildProjectExtensionsPath)' ) was evaluated as ( '/home/saidul/Desktop/K-Chief Marine Automation Platform/src/KChief.Protocols.OPC/obj/' != '' And '/home/saidul/Desktop/K-Chief Marine Automation Platform/src/KChief.Protocols.OPC/obj/' != '/home/saidul/Desktop/K-Chief Marine Automation Platform/src/KChief.Protocols.OPC/obj/' ).
       Task "Warning" skipped, due to false condition; ( '$(EnableBaseIntermediateOutputPathMismatchWarning)' == 'true' And '$(_InitialBaseIntermediateOutputPath)' != '$(BaseIntermediateOutputPath)' And '$(BaseIntermediateOutputPath)' != '$(MSBuildProjectExtensionsPath)' ) was evaluated as ( 'true' == 'true' And 'obj/' != 'obj/' And 'obj/' != '/home/saidul/Desktop/K-Chief Marine Automation Platform/src/KChief.Protocols.OPC/obj/' ).
   5:7>Done building target "_CheckForInvalidConfigurationAndPlatform" in project "KChief.Protocols.OPC.csproj".
   5:7>Target "ValidateCommandLineProperties" in file "/usr/share/dotnet/sdk/8.0.415/Sdks/Microsoft.NET.Sdk/targets/Microsoft.NET.Sdk.targets" from project "/home/saidul/Desktop/K-Chief Marine Automation Platform/src/KChief.Protocols.OPC/KChief.Protocols.OPC.csproj" (target "BeforeBuild" depends on it):
   5:7>Done building target "ValidateCommandLineProperties" in project "KChief.Protocols.OPC.csproj".
   5:7>Target "BeforeBuild" in file "/usr/share/dotnet/sdk/8.0.415/Microsoft.Common.CurrentVersion.targets" from project "/home/saidul/Desktop/K-Chief Marine Automation Platform/src/KChief.Protocols.OPC/KChief.Protocols.OPC.csproj" (target "Build" depends on it):
   5:7>Done building target "BeforeBuild" in project "KChief.Protocols.OPC.csproj".
       Target "_CheckForBuildWithNoBuild" skipped, due to false condition; ('$(NoBuild)' == 'true' and '$(GeneratePackageOnBuild)' != 'true') was evaluated as ('' == 'true' and 'false' != 'true').
   5:7>Target "BuildOnlySettings" in file "/usr/share/dotnet/sdk/8.0.415/Microsoft.Common.CurrentVersion.targets" from project "/home/saidul/Desktop/K-Chief Marine Automation Platform/src/KChief.Protocols.OPC/KChief.Protocols.OPC.csproj" (target "CoreBuild" depends on it):
   5:7>Done building target "BuildOnlySettings" in project "KChief.Protocols.OPC.csproj".
       Target "_CheckForUnsupportedTargetFramework" skipped, due to false condition; ('$(_UnsupportedTargetFrameworkError)' == 'true') was evaluated as ('' == 'true').
       Target "_CheckForUnsupportedTargetPlatformIdentifier" skipped, due to false condition; ('$(TargetPlatformIdentifier)' != '' and '$(TargetFrameworkIdentifier)' == '.NETCoreApp' and $([MSBuild]::VersionGreaterThanOrEquals($(TargetFrameworkVersion), 5.0)) And ('$(DesignTimeBuild)' != 'true' Or '@(MissingWorkloadPack)' == '')) was evaluated as ('' != '' and '.NETCoreApp' == '.NETCoreApp' and True And ('' != 'true' Or '' == '')).
       Target "_CheckForMissingWorkload" skipped, due to false condition; ('@(MissingWorkloadPack)' != '' And '$(DesignTimeBuild)' != 'true') was evaluated as ('' != '' And '' != 'true').
   5:7>Target "GetFrameworkPaths" in file "/usr/share/dotnet/sdk/8.0.415/Sdks/Microsoft.NET.Sdk/targets/Microsoft.NET.DisableStandardFrameworkResolution.targets" from project "/home/saidul/Desktop/K-Chief Marine Automation Platform/src/KChief.Protocols.OPC/KChief.Protocols.OPC.csproj" (target "PrepareForBuild" depends on it):
   5:7>Done building target "GetFrameworkPaths" in project "KChief.Protocols.OPC.csproj".
       Target "_CheckForUnsupportedTargetFramework" skipped, due to false condition; ('$(_UnsupportedTargetFrameworkError)' == 'true') was evaluated as ('' == 'true').
       Target "_CheckForUnsupportedTargetPlatformIdentifier" skipped, due to false condition; ('$(TargetPlatformIdentifier)' != '' and '$(TargetFrameworkIdentifier)' == '.NETCoreApp' and $([MSBuild]::VersionGreaterThanOrEquals($(TargetFrameworkVersion), 5.0)) And ('$(DesignTimeBuild)' != 'true' Or '@(MissingWorkloadPack)' == '')) was evaluated as ('' != '' and '.NETCoreApp' == '.NETCoreApp' and True And ('' != 'true' Or '' == '')).
       Target "_CheckForMissingWorkload" skipped, due to false condition; ('@(MissingWorkloadPack)' != '' And '$(DesignTimeBuild)' != 'true') was evaluated as ('' != '' And '' != 'true').
   5:7>Target "GetReferenceAssemblyPaths" in file "/usr/share/dotnet/sdk/8.0.415/Sdks/Microsoft.NET.Sdk/targets/Microsoft.NET.DisableStandardFrameworkResolution.targets" from project "/home/saidul/Desktop/K-Chief Marine Automation Platform/src/KChief.Protocols.OPC/KChief.Protocols.OPC.csproj" (target "PrepareForBuild" depends on it):
   5:7>Done building target "GetReferenceAssemblyPaths" in project "KChief.Protocols.OPC.csproj".
       Target "AssignLinkMetadata" skipped, due to false condition; ( '$(SynthesizeLinkMetadata)' == 'true' ) was evaluated as ( '' == 'true' ).
       Target "_VerifyPackReleaseConfigurations" skipped, due to false condition; ('$(_IsPacking)' == 'true' and '$(DOTNET_CLI_DISABLE_PUBLISH_AND_PACK_RELEASE)' != 'true' and '$(DOTNET_CLI_LAZY_PUBLISH_AND_PACK_RELEASE_FOR_SOLUTIONS)' == 'true') was evaluated as ('' == 'true' and '' != 'true' and '' == 'true').
     0>Overriding target "ResolveFrameworkReferences" in project "/usr/share/dotnet/sdk/8.0.415/Microsoft.Common.CurrentVersion.targets" with target "ResolveFrameworkReferences" from project "/usr/share/dotnet/sdk/8.0.415/Sdks/Microsoft.NET.Sdk/targets/Microsoft.NET.Sdk.FrameworkReferenceResolution.targets".
       Overriding target "Run" in project "/usr/share/dotnet/sdk/8.0.415/Microsoft.Common.CurrentVersion.targets" with target "Run" from project "/usr/share/dotnet/sdk/8.0.415/Sdks/Microsoft.NET.Sdk/targets/Microsoft.NET.Sdk.targets".
   5:7>Target "PrepareForBuild" in file "/usr/share/dotnet/sdk/8.0.415/Microsoft.Common.CurrentVersion.targets" from project "/home/saidul/Desktop/K-Chief Marine Automation Platform/src/KChief.Protocols.OPC/KChief.Protocols.OPC.csproj" (target "CoreBuild" depends on it):
   5:7>Using "FindAppConfigFile" task from assembly "Microsoft.Build.Tasks.Core, Version=15.1.0.0, Culture=neutral, PublicKeyToken=b03f5f7f11d50a3a".
     0>Overriding target "GenerateSupportedTargetFrameworkAlias" in project "/usr/share/dotnet/sdk/8.0.415/Microsoft.Common.CurrentVersion.targets" with target "GenerateSupportedTargetFrameworkAlias" from project "/usr/share/dotnet/sdk/8.0.415/Sdks/Microsoft.NET.Sdk/targets/Microsoft.NET.Sdk.targets".
   5:7>Task "FindAppConfigFile"
       Done executing task "FindAppConfigFile".
       Using "MakeDir" task from assembly "Microsoft.Build.Tasks.Core, Version=15.1.0.0, Culture=neutral, PublicKeyToken=b03f5f7f11d50a3a".
   4:7>Done building target "_CheckForUnsupportedHostingUsage" in project "KChief.Protocols.Modbus.csproj".
   5:7>Task "MakeDir"
       Done executing task "MakeDir".
   4:7>Target "_CheckAndUnsetUnsupportedPrefer32Bit" in file "/usr/share/dotnet/sdk/8.0.415/Sdks/Microsoft.NET.Sdk/targets/Microsoft.NET.RuntimeIdentifierInference.targets" from project "/home/saidul/Desktop/K-Chief Marine Automation Platform/src/KChief.Protocols.Modbus/KChief.Protocols.Modbus.csproj" (target "_CheckForInvalidConfigurationAndPlatform" depends on it):
   4:7>Task "NETSdkWarning" skipped, due to false condition; ('$(Prefer32Bit)' == 'true') was evaluated as ('false' == 'true').
   5:7>Done building target "PrepareForBuild" in project "KChief.Protocols.OPC.csproj".
   4:7>Done building target "_CheckAndUnsetUnsupportedPrefer32Bit" in project "KChief.Protocols.Modbus.csproj".
   5:7>Target "GenerateGlobalUsings" in file "/usr/share/dotnet/sdk/8.0.415/Sdks/Microsoft.NET.Sdk/targets/Microsoft.NET.GenerateGlobalUsings.targets" from project "/home/saidul/Desktop/K-Chief Marine Automation Platform/src/KChief.Protocols.OPC/KChief.Protocols.OPC.csproj" (target "CoreBuild" depends on it):
   5:7>Using "GenerateGlobalUsings" task from assembly "/usr/share/dotnet/sdk/8.0.415/Sdks/Microsoft.NET.Sdk/targets/../tools/net8.0/Microsoft.NET.Build.Tasks.dll".
       Task "GenerateGlobalUsings"
   4:7>Target "_CheckForMismatchingPlatform" skipped, due to false condition; ('$(RuntimeIdentifier)' != '' and '$(PlatformTarget)' != '') was evaluated as ('' != '' and '' != '').
   4:7>Target "_CheckForLanguageAndFeatureCombinationSupport" in file "/usr/share/dotnet/sdk/8.0.415/Sdks/Microsoft.NET.Sdk/targets/Microsoft.NET.RuntimeIdentifierInference.targets" from project "/home/saidul/Desktop/K-Chief Marine Automation Platform/src/KChief.Protocols.Modbus/KChief.Protocols.Modbus.csproj" (target "_CheckForInvalidConfigurationAndPlatform" depends on it):
       Task "NETSdkError" skipped, due to false condition; (('$(Language)' == 'C++' and '$(_EnablePackageReferencesInVCProjects)' != 'true') and $(OutputType) != 'library' and '$(TargetFrameworkIdentifier)' == '.NETCoreApp') was evaluated as (('C#' == 'C++' and '' != 'true') and Library != 'library' and '.NETCoreApp' == '.NETCoreApp').
       Task "NETSdkError" skipped, due to false condition; (('$(Language)' == 'C++' and '$(_EnablePackageReferencesInVCProjects)' != 'true') and $(EnableComHosting) == 'true') was evaluated as (('C#' == 'C++' and '' != 'true') and  == 'true').
       Task "NETSdkError" skipped, due to false condition; (('$(Language)' == 'C++' and '$(_EnablePackageReferencesInVCProjects)' != 'true') and $(SelfContained) == 'true') was evaluated as (('C#' == 'C++' and '' != 'true') and  == 'true').
   4:7>Done building target "_CheckForLanguageAndFeatureCombinationSupport" in project "KChief.Protocols.Modbus.csproj".
       Target "_CheckForNETCoreSdkIsPreview" skipped, due to false condition; ( '$(_NETCoreSdkIsPreview)' == 'true' AND '$(SuppressNETCoreSdkPreviewMessage)' != 'true' ) was evaluated as ( 'false' == 'true' AND '' != 'true' ).
   4:7>Target "_GetProjectJsonPath" in file "/usr/share/dotnet/sdk/8.0.415/NuGet.targets" from project "/home/saidul/Desktop/K-Chief Marine Automation Platform/src/KChief.Protocols.Modbus/KChief.Protocols.Modbus.csproj" (target "_GetRestoreProjectStyle" depends on it):
       Task "GetRestoreProjectJsonPathTask" skipped, due to false condition; ( '$(RestoreProjectStyle)' == 'ProjectJson' OR '$(RestoreProjectStyle)' == '' ) was evaluated as ( 'PackageReference' == 'ProjectJson' OR 'PackageReference' == '' ).
   4:7>Done building target "_GetProjectJsonPath" in project "KChief.Protocols.Modbus.csproj".
       Target "_CheckForUnsupportedTargetPlatformIdentifier" skipped, due to false condition; ('$(TargetPlatformIdentifier)' != '' and '$(TargetFrameworkIdentifier)' == '.NETCoreApp' and $([MSBuild]::VersionGreaterThanOrEquals($(TargetFrameworkVersion), 5.0)) And ('$(DesignTimeBuild)' != 'true' Or '@(MissingWorkloadPack)' == '')) was evaluated as ('' != '' and '.NETCoreApp' == '.NETCoreApp' and True And ('' != 'true' Or '' == '')).
       Target "_CheckForMissingWorkload" skipped, due to false condition; ('@(MissingWorkloadPack)' != '' And '$(DesignTimeBuild)' != 'true') was evaluated as ('' != '' And '' != 'true').
       Target "_CheckForUnsupportedNETStandardVersion" skipped, due to false condition; ('$(TargetFrameworkIdentifier)' == '.NETStandard' And '$(NETStandardMaximumVersion)' != '') was evaluated as ('.NETCoreApp' == '.NETStandard' And '' != '').
       Target "_CheckForUnsupportedTargetFrameworkAndFeatureCombination" skipped, due to false condition; ('$(TargetFrameworkIdentifier)' == '.NETFramework') was evaluated as ('.NETCoreApp' == '.NETFramework').
   4:7>Target "UpdateAspNetToFrameworkReference" in file "/usr/share/dotnet/sdk/8.0.415/Sdks/Microsoft.NET.Sdk/targets/Microsoft.NET.Sdk.DefaultItems.Shared.targets" from project "/home/saidul/Desktop/K-Chief Marine Automation Platform/src/KChief.Protocols.Modbus/KChief.Protocols.Modbus.csproj" (target "ApplyImplicitVersions" depends on it):
       Using "CheckIfPackageReferenceShouldBeFrameworkReference" task from assembly "/usr/share/dotnet/sdk/8.0.415/Sdks/Microsoft.NET.Sdk/targets/../tools/net8.0/Microsoft.NET.Build.Tasks.dll".
       Task "CheckIfPackageReferenceShouldBeFrameworkReference"
       Done executing task "CheckIfPackageReferenceShouldBeFrameworkReference".
       Task "NETSdkError" skipped, due to false condition; ('$(_ShouldRemoveAspNetCoreAll)' == 'true') was evaluated as ('False' == 'true').
       Task "CheckIfPackageReferenceShouldBeFrameworkReference"
       Done executing task "CheckIfPackageReferenceShouldBeFrameworkReference".
   7:7>Target "GenerateGlobalUsings" in file "/usr/share/dotnet/sdk/8.0.415/Sdks/Microsoft.NET.Sdk/targets/Microsoft.NET.GenerateGlobalUsings.targets" from project "/home/saidul/Desktop/K-Chief Marine Automation Platform/src/KChief.AlarmSystem/KChief.AlarmSystem.csproj" (target "CoreBuild" depends on it):
   7:7>Using "GenerateGlobalUsings" task from assembly "/usr/share/dotnet/sdk/8.0.415/Sdks/Microsoft.NET.Sdk/targets/../tools/net8.0/Microsoft.NET.Build.Tasks.dll".
       Task "GenerateGlobalUsings"
       Done executing task "GenerateGlobalUsings".
       Using "WriteLinesToFile" task from assembly "Microsoft.Build.Tasks.Core, Version=15.1.0.0, Culture=neutral, PublicKeyToken=b03f5f7f11d50a3a".
       Task "WriteLinesToFile"
         Skipping write to file "obj/Release/net8.0/KChief.AlarmSystem.GlobalUsings.g.cs" because content would not change.
       Done executing task "WriteLinesToFile".
   7:7>Done building target "GenerateGlobalUsings" in project "KChief.AlarmSystem.csproj".
   5:7>Done executing task "GenerateGlobalUsings".
   7:7>Target "PreBuildEvent" skipped, due to false condition; ('$(PreBuildEvent)'!='') was evaluated as (''!='').
   5:7>GenerateGlobalUsings:
       Using "WriteLinesToFile" task from assembly "Microsoft.Build.Tasks.Core, Version=15.1.0.0, Culture=neutral, PublicKeyToken=b03f5f7f11d50a3a".
   7:7>Target "BeforeResolveReferences" in file "/usr/share/dotnet/sdk/8.0.415/Microsoft.Common.CurrentVersion.targets" from project "/home/saidul/Desktop/K-Chief Marine Automation Platform/src/KChief.AlarmSystem/KChief.AlarmSystem.csproj" (target "ResolveReferences" depends on it):
   7:7>Done building target "BeforeResolveReferences" in project "KChief.AlarmSystem.csproj".
   5:7>Task "WriteLinesToFile"
         Skipping write to file "obj/Release/net8.0/KChief.Protocols.OPC.GlobalUsings.g.cs" because content would not change.
   7:7>Target "IgnoreJavaScriptOutputAssembly" in file "/usr/share/dotnet/sdk/8.0.415/Microsoft.Common.CurrentVersion.targets" from project "/home/saidul/Desktop/K-Chief Marine Automation Platform/src/KChief.AlarmSystem/KChief.AlarmSystem.csproj" (target "AssignProjectConfiguration" depends on it):
   7:7>Done building target "IgnoreJavaScriptOutputAssembly" in project "KChief.AlarmSystem.csproj".
   5:7>Done executing task "WriteLinesToFile".
   7:7>Target "ProcessFrameworkReferences" skipped. Previously built successfully.
   5:7>Done building target "GenerateGlobalUsings" in project "KChief.Protocols.OPC.csproj".
   7:7>Target "_DefaultMicrosoftNETPlatformLibrary" in file "/usr/share/dotnet/sdk/8.0.415/Sdks/Microsoft.NET.Sdk/targets/Microsoft.NET.Sdk.Shared.targets" from project "/home/saidul/Desktop/K-Chief Marine Automation Platform/src/KChief.AlarmSystem/KChief.AlarmSystem.csproj" (target "ResolvePackageAssets" depends on it):
   7:7>Done building target "_DefaultMicrosoftNETPlatformLibrary" in project "KChief.AlarmSystem.csproj".
   5:7>Target "PreBuildEvent" skipped, due to false condition; ('$(PreBuildEvent)'!='') was evaluated as (''!='').
   5:7>Target "BeforeResolveReferences" in file "/usr/share/dotnet/sdk/8.0.415/Microsoft.Common.CurrentVersion.targets" from project "/home/saidul/Desktop/K-Chief Marine Automation Platform/src/KChief.Protocols.OPC/KChief.Protocols.OPC.csproj" (target "ResolveReferences" depends on it):
   5:7>Done building target "BeforeResolveReferences" in project "KChief.Protocols.OPC.csproj".
   7:7>Target "_ComputePackageReferencePublish" in file "/usr/share/dotnet/sdk/8.0.415/Sdks/Microsoft.NET.Sdk/targets/Microsoft.NET.Sdk.Shared.targets" from project "/home/saidul/Desktop/K-Chief Marine Automation Platform/src/KChief.AlarmSystem/KChief.AlarmSystem.csproj" (target "ResolvePackageAssets" depends on it):
   7:7>Done building target "_ComputePackageReferencePublish" in project "KChief.AlarmSystem.csproj".
       Target "_ResolveCompilerVersion" skipped, due to false condition; ('$(CompilerApiVersion)' == '' And
                            ('$(Language)' == 'C#' Or '$(Language)' == 'VB') And
                            Exists('$(RoslynTargetsPath)\Microsoft.Build.Tasks.CodeAnalysis.dll')) was evaluated as ('roslyn4.11' == '' And
                            ('C#' == 'C#' Or 'C#' == 'VB') And
                            Exists('/usr/share/dotnet/sdk/8.0.415/Roslyn\Microsoft.Build.Tasks.CodeAnalysis.dll')).
   5:7>Target "IgnoreJavaScriptOutputAssembly" in file "/usr/share/dotnet/sdk/8.0.415/Microsoft.Common.CurrentVersion.targets" from project "/home/saidul/Desktop/K-Chief Marine Automation Platform/src/KChief.Protocols.OPC/KChief.Protocols.OPC.csproj" (target "AssignProjectConfiguration" depends on it):
   5:7>Done building target "IgnoreJavaScriptOutputAssembly" in project "KChief.Protocols.OPC.csproj".
       Target "ProcessFrameworkReferences" skipped. Previously built successfully.
   7:7>Target "ResolvePackageAssets" in file "/usr/share/dotnet/sdk/8.0.415/Sdks/Microsoft.NET.Sdk/targets/Microsoft.PackageDependencyResolution.targets" from project "/home/saidul/Desktop/K-Chief Marine Automation Platform/src/KChief.AlarmSystem/KChief.AlarmSystem.csproj" (target "ResolveLockFileReferences" depends on it):
   7:7>Using "ResolvePackageAssets" task from assembly "/usr/share/dotnet/sdk/8.0.415/Sdks/Microsoft.NET.Sdk/targets/../tools/net8.0/Microsoft.NET.Build.Tasks.dll".
       Task "ResolvePackageAssets"
   5:7>Target "_DefaultMicrosoftNETPlatformLibrary" in file "/usr/share/dotnet/sdk/8.0.415/Sdks/Microsoft.NET.Sdk/targets/Microsoft.NET.Sdk.Shared.targets" from project "/home/saidul/Desktop/K-Chief Marine Automation Platform/src/KChief.Protocols.OPC/KChief.Protocols.OPC.csproj" (target "ResolvePackageAssets" depends on it):
   5:7>Done building target "_DefaultMicrosoftNETPlatformLibrary" in project "KChief.Protocols.OPC.csproj".
   5:7>Target "_ComputePackageReferencePublish" in file "/usr/share/dotnet/sdk/8.0.415/Sdks/Microsoft.NET.Sdk/targets/Microsoft.NET.Sdk.Shared.targets" from project "/home/saidul/Desktop/K-Chief Marine Automation Platform/src/KChief.Protocols.OPC/KChief.Protocols.OPC.csproj" (target "ResolvePackageAssets" depends on it):
   5:7>Done building target "_ComputePackageReferencePublish" in project "KChief.Protocols.OPC.csproj".
     0>Overriding target "GetReferenceAssemblyPaths" in project "/usr/share/dotnet/sdk/8.0.415/Microsoft.Common.CurrentVersion.targets" with target "GetReferenceAssemblyPaths" from project "/usr/share/dotnet/sdk/8.0.415/Sdks/Microsoft.NET.Sdk/targets/Microsoft.NET.DisableStandardFrameworkResolution.targets".
   5:7>Target "_ResolveCompilerVersion" skipped, due to false condition; ('$(CompilerApiVersion)' == '' And
                     ('$(Language)' == 'C#' Or '$(Language)' == 'VB') And
                     Exists('$(RoslynTargetsPath)\Microsoft.Build.Tasks.CodeAnalysis.dll')) was evaluated as ('roslyn4.11' == '' And
                     ('C#' == 'C#' Or 'C#' == 'VB') And
                     Exists('/usr/share/dotnet/sdk/8.0.415/Roslyn\Microsoft.Build.Tasks.CodeAnalysis.dll')).
     0>Overriding target "GetFrameworkPaths" in project "/usr/share/dotnet/sdk/8.0.415/Microsoft.Common.CurrentVersion.targets" with target "GetFrameworkPaths" from project "/usr/share/dotnet/sdk/8.0.415/Sdks/Microsoft.NET.Sdk/targets/Microsoft.NET.DisableStandardFrameworkResolution.targets".
       Overriding target "DesignerRuntimeImplementationProjectOutputGroup" in project "/usr/share/dotnet/sdk/8.0.415/Microsoft.Common.CurrentVersion.targets" with target "DesignerRuntimeImplementationProjectOutputGroup" from project "/usr/share/dotnet/sdk/8.0.415/Sdks/Microsoft.NET.Sdk/targets/Microsoft.NET.DesignerSupport.targets".
       Overriding target "Publish" in project "/usr/share/dotnet/sdk/8.0.415/Microsoft.Common.CurrentVersion.targets" with target "Publish" from project "/usr/share/dotnet/sdk/8.0.415/Sdks/Microsoft.NET.Sdk/targets/Microsoft.NET.Publish.targets".
   8:8>Target "CollectPackageReferences" in file "/usr/share/dotnet/sdk/8.0.415/NuGet.targets" from project "/home/saidul/Desktop/K-Chief Marine Automation Platform/src/KChief.DataAccess/KChief.DataAccess.csproj" (target "_GetRestoreProjectStyle" depends on it):
   8:8>Using "CheckForDuplicateNuGetItemsTask" task from assembly "/usr/share/dotnet/sdk/8.0.415/NuGet.Build.Tasks.dll".
       Task "CheckForDuplicateNuGetItemsTask"
       Done executing task "CheckForDuplicateNuGetItemsTask".
   8:8>Done building target "CollectPackageReferences" in project "KChief.DataAccess.csproj".
     0>Overriding target "ResolveReadyToRunCompilers" in project "/usr/share/dotnet/sdk/8.0.415/Sdks/Microsoft.NET.Sdk/targets/Microsoft.NET.CrossGen.targets" with target "ResolveReadyToRunCompilers" from project "/usr/share/dotnet/sdk/8.0.415/Sdks/Microsoft.NET.Sdk/targets/Microsoft.NET.Publish.targets".
       Overriding target "GetCopyToPublishDirectoryItems" in project "/usr/share/dotnet/sdk/8.0.415/Microsoft.Common.CurrentVersion.targets" with target "GetCopyToPublishDirectoryItems" from project "/usr/share/dotnet/sdk/8.0.415/Sdks/Microsoft.NET.Sdk/targets/Microsoft.NET.Publish.targets".
   8:8>Target "_GetRestoreProjectStyle" in file "/usr/share/dotnet/sdk/8.0.415/NuGet.targets" from project "/home/saidul/Desktop/K-Chief Marine Automation Platform/src/KChief.DataAccess/KChief.DataAccess.csproj" (target "EnableIntermediateOutputPathMismatchWarning" depends on it):
   8:8>Using "GetRestoreProjectStyleTask" task from assembly "/usr/share/dotnet/sdk/8.0.415/NuGet.Build.Tasks.dll".
     0>The target "ResolveNuGetPackageAssets" listed in an AfterTargets attribute at "/home/saidul/.nuget/packages/microsoft.extensions.logging.abstractions/9.0.0/buildTransitive/net8.0/Microsoft.Extensions.Logging.Abstractions.targets (11,11)" does not exist in the project, and will be ignored.
   8:8>Task "GetRestoreProjectStyleTask"
       Done executing task "GetRestoreProjectStyleTask".
     0>The target "ResolveNuGetPackageAssets" listed in an AfterTargets attribute at "/home/saidul/.nuget/packages/microsoft.extensions.logging.abstractions/9.0.0/buildTransitive/net8.0/Microsoft.Extensions.Logging.Abstractions.targets (23,11)" does not exist in the project, and will be ignored.
       The target "ResolveNuGetPackageAssets" listed in an AfterTargets attribute at "/home/saidul/.nuget/packages/microsoft.extensions.configuration.binder/8.0.2/buildTransitive/netstandard2.0/Microsoft.Extensions.Configuration.Binder.targets (9,13)" does not exist in the project, and will be ignored.
   8:8>Done building target "_GetRestoreProjectStyle" in project "KChief.DataAccess.csproj".
     0>The target "ResolveNuGetPackageAssets" listed in an AfterTargets attribute at "/home/saidul/.nuget/packages/microsoft.extensions.options/9.0.0/buildTransitive/net8.0/Microsoft.Extensions.Options.targets (11,11)" does not exist in the project, and will be ignored.
       The target "ResolveNuGetPackageAssets" listed in an AfterTargets attribute at "/home/saidul/.nuget/packages/microsoft.extensions.options/9.0.0/buildTransitive/net8.0/Microsoft.Extensions.Options.targets (23,11)" does not exist in the project, and will be ignored.
   8:8>Target "EnableIntermediateOutputPathMismatchWarning" in file "/usr/share/dotnet/sdk/8.0.415/NuGet.targets" from project "/home/saidul/Desktop/K-Chief Marine Automation Platform/src/KChief.DataAccess/KChief.DataAccess.csproj" (target "_CheckForInvalidConfigurationAndPlatform" depends on it):
   8:8>Done building target "EnableIntermediateOutputPathMismatchWarning" in project "KChief.DataAccess.csproj".
       Target "ApplyImplicitVersions" skipped. Previously built successfully.
   5:7>Target "ResolvePackageAssets" in file "/usr/share/dotnet/sdk/8.0.415/Sdks/Microsoft.NET.Sdk/targets/Microsoft.PackageDependencyResolution.targets" from project "/home/saidul/Desktop/K-Chief Marine Automation Platform/src/KChief.Protocols.OPC/KChief.Protocols.OPC.csproj" (target "ResolveLockFileReferences" depends on it):
   5:7>Using "ResolvePackageAssets" task from assembly "/usr/share/dotnet/sdk/8.0.415/Sdks/Microsoft.NET.Sdk/targets/../tools/net8.0/Microsoft.NET.Build.Tasks.dll".
   8:8>Target "CheckForImplicitPackageReferenceOverrides" skipped. Previously built successfully.
   5:7>Task "ResolvePackageAssets"
   8:8>Target "CheckForDuplicateItems" in file "/usr/share/dotnet/sdk/8.0.415/Sdks/Microsoft.NET.Sdk/targets/Microsoft.NET.Sdk.DefaultItems.Shared.targets" from project "/home/saidul/Desktop/K-Chief Marine Automation Platform/src/KChief.DataAccess/KChief.DataAccess.csproj" (target "_CheckForInvalidConfigurationAndPlatform" depends on it):
   8:8>Using "CheckForDuplicateItems" task from assembly "/usr/share/dotnet/sdk/8.0.415/Sdks/Microsoft.NET.Sdk/targets/../tools/net8.0/Microsoft.NET.Build.Tasks.dll".
       Task "CheckForDuplicateItems"
   5:7>/home/saidul/Desktop/K-Chief Marine Automation Platform/src/KChief.Protocols.OPC/KChief.Protocols.OPC.csproj : warning NU1902: Package 'OPCFoundation.NetStandard.Opc.Ua' 1.5.374.54 has a known moderate severity vulnerability, https://github.com/advisories/GHSA-7vfh-cqpc-4267
   5:7>Done executing task "ResolvePackageAssets".
   4:7>UpdateAspNetToFrameworkReference:
       Task "NETSdkWarning" skipped, due to false condition; ('$(_ShouldRemoveAspNetCoreApp)' == 'true') was evaluated as ('False' == 'true').
   4:7>Done building target "UpdateAspNetToFrameworkReference" in project "KChief.Protocols.Modbus.csproj".
       Target "IncludeTargetingPackReference" skipped, due to false condition; ('$(TargetFrameworkMoniker)' != '' and '$(TargetFrameworkIdentifier)' == '.NETFramework' and '$(AutomaticallyUseReferenceAssemblyPackages)' == 'true') was evaluated as ('.NETCoreApp,Version=v8.0' != '' and '.NETCoreApp' == '.NETFramework' and 'true' == 'true').
   8:8>Done executing task "CheckForDuplicateItems".
       Task "CheckForDuplicateItems"
       Done executing task "CheckForDuplicateItems".
       Task "CheckForDuplicateItems"
       Done executing task "CheckForDuplicateItems".
   8:8>Done building target "CheckForDuplicateItems" in project "KChief.DataAccess.csproj".
       Target "WarnForExplicitVersions" skipped, due to false condition; ('@(SdkBuildWarning)' != '') was evaluated as ('' != '').
       Target "_CheckForFailedSDKResolution" skipped, due to false condition; ('$(SdkResolverHonoredGlobalJson)' == 'false') was evaluated as ('' == 'false').
       Target "_WarnWhenUsingNET8AndVSPriorTo178" skipped, due to false condition; ($([MSBuild]::VersionLessThan($(MSBuildVersion), '17.8.0')) and '$(TargetFrameworkIdentifier)' == '.NETCoreApp' and $([MSBuild]::VersionGreaterThanOrEquals($(_TargetFrameworkVersionWithoutV), '8.0'))) was evaluated as (False and '.NETCoreApp' == '.NETCoreApp' and True).
       Target "_CheckForInvalidWindowsDesktopTargetingConfiguration" skipped, due to false condition; ('$(TargetFrameworkIdentifier)' == '.NETCoreApp' and $([MSBuild]::VersionGreaterThanOrEquals($(_TargetFrameworkVersionWithoutV), '5.0')) and ('$(UseWindowsForms)' == 'true' or '$(UseWPF)' == 'true')) was evaluated as ('.NETCoreApp' == '.NETCoreApp' and True and ('' == 'true' or '' == 'true')).
       Target "_CheckForUnnecessaryWindowsDesktopSDK" skipped, due to false condition; ('$(TargetFrameworkIdentifier)' == '.NETCoreApp' and $([MSBuild]::VersionGreaterThanOrEquals($(_TargetFrameworkVersionWithoutV), '5.0')) and '$(_MicrosoftWindowsDesktopSdkImported)' == 'true' and '$(TargetFrameworks)' == '') was evaluated as ('.NETCoreApp' == '.NETCoreApp' and True and '' == 'true' and '' == '').
       Target "ProcessFrameworkReferences" skipped. Previously built successfully.
       Target "IncludeTargetingPackReference" skipped, due to false condition; ('$(TargetFrameworkMoniker)' != '' and '$(TargetFrameworkIdentifier)' == '.NETFramework' and '$(AutomaticallyUseReferenceAssemblyPackages)' == 'true') was evaluated as ('.NETCoreApp,Version=v8.0' != '' and '.NETCoreApp' == '.NETFramework' and 'true' == 'true').
   8:8>Target "_CheckForInvalidConfigurationAndPlatform" in file "/usr/share/dotnet/sdk/8.0.415/Microsoft.Common.CurrentVersion.targets" from project "/home/saidul/Desktop/K-Chief Marine Automation Platform/src/KChief.DataAccess/KChief.DataAccess.csproj" (target "BeforeBuild" depends on it):
       Task "Error" skipped, due to false condition; ( '$(_InvalidConfigurationError)' == 'true' ) was evaluated as ( '' == 'true' ).
   4:7>Target "CheckForImplicitPackageReferenceOverrides" in file "/usr/share/dotnet/sdk/8.0.415/Sdks/Microsoft.NET.Sdk/targets/Microsoft.NET.Sdk.DefaultItems.Shared.targets" from project "/home/saidul/Desktop/K-Chief Marine Automation Platform/src/KChief.Protocols.Modbus/KChief.Protocols.Modbus.csproj" (target "ApplyImplicitVersions" depends on it):
   4:7>Using "CheckForImplicitPackageReferenceOverrides" task from assembly "/usr/share/dotnet/sdk/8.0.415/Sdks/Microsoft.NET.Sdk/targets/../tools/net8.0/Microsoft.NET.Build.Tasks.dll".
       Task "CheckForImplicitPackageReferenceOverrides"
   8:8>_CheckForInvalidConfigurationAndPlatform:
       Task "Warning" skipped, due to false condition; ( '$(_InvalidConfigurationWarning)' == 'true' ) was evaluated as ( '' == 'true' ).
       Task "Message"
         Configuration=Release
       Done executing task "Message".
       Task "Message"
         Platform=AnyCPU
       Done executing task "Message".
       Task "Error" skipped, due to false condition; ('$(OutDir)' != '' and !HasTrailingSlash('$(OutDir)')) was evaluated as ('bin/Release/net8.0/' != '' and !HasTrailingSlash('bin/Release/net8.0/')).
       Task "Error" skipped, due to false condition; ('$(IntermediateOutputPath)' != '' and !HasTrailingSlash('$(IntermediateOutputPath)')) was evaluated as ('obj/Release/net8.0/' != '' and !HasTrailingSlash('obj/Release/net8.0/')).
   1:2>Project "/home/saidul/Desktop/K-Chief Marine Automation Platform/KChief.MarineAutomationPlatform.sln" (1:2) is building "/home/saidul/Desktop/K-Chief Marine Automation Platform/tests/KChief.Platform.Tests/KChief.Platform.Tests.csproj" (3:6) on node 4 (default targets).
   3:6>Target "NETStandardCompatError_Microsoft_Extensions_Configuration_Binder" in file "/home/saidul/.nuget/packages/microsoft.extensions.configuration.binder/8.0.0/buildTransitive/netstandard2.0/Microsoft.Extensions.Configuration.Binder.targets" from project "/home/saidul/Desktop/K-Chief Marine Automation Platform/tests/KChief.Platform.Tests/KChief.Platform.Tests.csproj" (entry point):
   3:6>Task "Warning" skipped, due to false condition; ('$(_Microsoft_Extensions_Configuration_Binder_Compatible_TargetFramework)' != '') was evaluated as ('' != '').
   8:8>_CheckForInvalidConfigurationAndPlatform:
       Task "Error" skipped, due to false condition; ('$(BaseIntermediateOutputPath)' != '' and !HasTrailingSlash('$(BaseIntermediateOutputPath)')) was evaluated as ('obj/' != '' and !HasTrailingSlash('obj/')).
   3:6>Done building target "NETStandardCompatError_Microsoft_Extensions_Configuration_Binder" in project "KChief.Platform.Tests.csproj".
   8:8>_CheckForInvalidConfigurationAndPlatform:
       Task "MSBuildInternalMessage" skipped, due to false condition; ( '$(Prefer32Bit)' == 'true' and '$(PreferNativeArm64)' == 'true' ) was evaluated as ( 'false' == 'true' and '' == 'true' ).
       Task "MSBuildInternalMessage" skipped, due to false condition; ( '$(NoWin32Manifest)' == 'true' and '$(PreferNativeArm64)' == 'true' ) was evaluated as ( '' == 'true' and '' == 'true' ).
   3:6>Target "GenerateProgramFile" in file "/home/saidul/.nuget/packages/microsoft.net.test.sdk/17.8.0/build/netcoreapp3.1/Microsoft.NET.Test.Sdk.targets" from project "/home/saidul/Desktop/K-Chief Marine Automation Platform/tests/KChief.Platform.Tests/KChief.Platform.Tests.csproj" (entry point):
   3:6>Task "Warning" skipped, due to false condition; (@(ProgramCompiles->Count()) != 0) was evaluated as (0 != 0).
   8:8>_CheckForInvalidConfigurationAndPlatform:
       Task "MSBuildInternalMessage" skipped, due to false condition; ( '$(PreferNativeArm64)' == 'true' and '$(Platform)' != 'AnyCPU' ) was evaluated as ( '' == 'true' and 'AnyCPU' != 'AnyCPU' ).
   3:6>Done building target "GenerateProgramFile" in project "KChief.Platform.Tests.csproj".
   8:8>_CheckForInvalidConfigurationAndPlatform:
       Task "Error" skipped, due to false condition; ( '$(_InitialMSBuildProjectExtensionsPath)' != '' And '$(MSBuildProjectExtensionsPath)' != '$(_InitialMSBuildProjectExtensionsPath)' ) was evaluated as ( '/home/saidul/Desktop/K-Chief Marine Automation Platform/src/KChief.DataAccess/obj/' != '' And '/home/saidul/Desktop/K-Chief Marine Automation Platform/src/KChief.DataAccess/obj/' != '/home/saidul/Desktop/K-Chief Marine Automation Platform/src/KChief.DataAccess/obj/' ).
   3:6>Target "_CheckForUnsupportedTargetFramework" skipped, due to false condition; ('$(_UnsupportedTargetFrameworkError)' == 'true') was evaluated as ('' == 'true').
   8:8>_CheckForInvalidConfigurationAndPlatform:
       Task "Warning" skipped, due to false condition; ( '$(EnableBaseIntermediateOutputPathMismatchWarning)' == 'true' And '$(_InitialBaseIntermediateOutputPath)' != '$(BaseIntermediateOutputPath)' And '$(BaseIntermediateOutputPath)' != '$(MSBuildProjectExtensionsPath)' ) was evaluated as ( 'true' == 'true' And 'obj/' != 'obj/' And 'obj/' != '/home/saidul/Desktop/K-Chief Marine Automation Platform/src/KChief.DataAccess/obj/' ).
   8:8>Done building target "_CheckForInvalidConfigurationAndPlatform" in project "KChief.DataAccess.csproj".
   3:6>Target "_CollectTargetFrameworkForTelemetry" in file "/usr/share/dotnet/sdk/8.0.415/Sdks/Microsoft.NET.Sdk/targets/Microsoft.NET.TargetFrameworkInference.targets" from project "/home/saidul/Desktop/K-Chief Marine Automation Platform/tests/KChief.Platform.Tests/KChief.Platform.Tests.csproj" (target "_CheckForInvalidConfigurationAndPlatform" depends on it):
   3:6>Using "AllowEmptyTelemetry" task from assembly "/usr/share/dotnet/sdk/8.0.415/Sdks/Microsoft.NET.Sdk/targets/../tools/net8.0/Microsoft.NET.Build.Tasks.dll".
   7:7>Done executing task "ResolvePackageAssets".
   8:8>Target "ValidateCommandLineProperties" in file "/usr/share/dotnet/sdk/8.0.415/Sdks/Microsoft.NET.Sdk/targets/Microsoft.NET.Sdk.targets" from project "/home/saidul/Desktop/K-Chief Marine Automation Platform/src/KChief.DataAccess/KChief.DataAccess.csproj" (target "BeforeBuild" depends on it):
   8:8>Done building target "ValidateCommandLineProperties" in project "KChief.DataAccess.csproj".
   7:7>Done building target "ResolvePackageAssets" in project "KChief.AlarmSystem.csproj".
   8:8>Target "BeforeBuild" in file "/usr/share/dotnet/sdk/8.0.415/Microsoft.Common.CurrentVersion.targets" from project "/home/saidul/Desktop/K-Chief Marine Automation Platform/src/KChief.DataAccess/KChief.DataAccess.csproj" (target "Build" depends on it):
   8:8>Done building target "BeforeBuild" in project "KChief.DataAccess.csproj".
       Target "_CheckForBuildWithNoBuild" skipped, due to false condition; ('$(NoBuild)' == 'true' and '$(GeneratePackageOnBuild)' != 'true') was evaluated as ('' == 'true' and 'false' != 'true').
   8:8>Target "BuildOnlySettings" in file "/usr/share/dotnet/sdk/8.0.415/Microsoft.Common.CurrentVersion.targets" from project "/home/saidul/Desktop/K-Chief Marine Automation Platform/src/KChief.DataAccess/KChief.DataAccess.csproj" (target "CoreBuild" depends on it):
   8:8>Done building target "BuildOnlySettings" in project "KChief.DataAccess.csproj".
       Target "_CheckForUnsupportedTargetFramework" skipped, due to false condition; ('$(_UnsupportedTargetFrameworkError)' == 'true') was evaluated as ('' == 'true').
       Target "_CheckForUnsupportedTargetPlatformIdentifier" skipped, due to false condition; ('$(TargetPlatformIdentifier)' != '' and '$(TargetFrameworkIdentifier)' == '.NETCoreApp' and $([MSBuild]::VersionGreaterThanOrEquals($(TargetFrameworkVersion), 5.0)) And ('$(DesignTimeBuild)' != 'true' Or '@(MissingWorkloadPack)' == '')) was evaluated as ('' != '' and '.NETCoreApp' == '.NETCoreApp' and True And ('' != 'true' Or '' == '')).
       Target "_CheckForMissingWorkload" skipped, due to false condition; ('@(MissingWorkloadPack)' != '' And '$(DesignTimeBuild)' != 'true') was evaluated as ('' != '' And '' != 'true').
   8:8>Target "GetFrameworkPaths" in file "/usr/share/dotnet/sdk/8.0.415/Sdks/Microsoft.NET.Sdk/targets/Microsoft.NET.DisableStandardFrameworkResolution.targets" from project "/home/saidul/Desktop/K-Chief Marine Automation Platform/src/KChief.DataAccess/KChief.DataAccess.csproj" (target "PrepareForBuild" depends on it):
   8:8>Done building target "GetFrameworkPaths" in project "KChief.DataAccess.csproj".
       Target "_CheckForUnsupportedTargetFramework" skipped, due to false condition; ('$(_UnsupportedTargetFrameworkError)' == 'true') was evaluated as ('' == 'true').
       Target "_CheckForUnsupportedTargetPlatformIdentifier" skipped, due to false condition; ('$(TargetPlatformIdentifier)' != '' and '$(TargetFrameworkIdentifier)' == '.NETCoreApp' and $([MSBuild]::VersionGreaterThanOrEquals($(TargetFrameworkVersion), 5.0)) And ('$(DesignTimeBuild)' != 'true' Or '@(MissingWorkloadPack)' == '')) was evaluated as ('' != '' and '.NETCoreApp' == '.NETCoreApp' and True And ('' != 'true' Or '' == '')).
       Target "_CheckForMissingWorkload" skipped, due to false condition; ('@(MissingWorkloadPack)' != '' And '$(DesignTimeBuild)' != 'true') was evaluated as ('' != '' And '' != 'true').
   8:8>Target "GetReferenceAssemblyPaths" in file "/usr/share/dotnet/sdk/8.0.415/Sdks/Microsoft.NET.Sdk/targets/Microsoft.NET.DisableStandardFrameworkResolution.targets" from project "/home/saidul/Desktop/K-Chief Marine Automation Platform/src/KChief.DataAccess/KChief.DataAccess.csproj" (target "PrepareForBuild" depends on it):
   8:8>Done building target "GetReferenceAssemblyPaths" in project "KChief.DataAccess.csproj".
       Target "AssignLinkMetadata" skipped, due to false condition; ( '$(SynthesizeLinkMetadata)' == 'true' ) was evaluated as ( '' == 'true' ).
       Target "_VerifyPackReleaseConfigurations" skipped, due to false condition; ('$(_IsPacking)' == 'true' and '$(DOTNET_CLI_DISABLE_PUBLISH_AND_PACK_RELEASE)' != 'true' and '$(DOTNET_CLI_LAZY_PUBLISH_AND_PACK_RELEASE_FOR_SOLUTIONS)' == 'true') was evaluated as ('' == 'true' and '' != 'true' and '' == 'true').
   8:8>Target "PrepareForBuild" in file "/usr/share/dotnet/sdk/8.0.415/Microsoft.Common.CurrentVersion.targets" from project "/home/saidul/Desktop/K-Chief Marine Automation Platform/src/KChief.DataAccess/KChief.DataAccess.csproj" (target "CoreBuild" depends on it):
       Using "FindAppConfigFile" task from assembly "Microsoft.Build.Tasks.Core, Version=15.1.0.0, Culture=neutral, PublicKeyToken=b03f5f7f11d50a3a".
       Task "FindAppConfigFile"
       Done executing task "FindAppConfigFile".
       Using "MakeDir" task from assembly "Microsoft.Build.Tasks.Core, Version=15.1.0.0, Culture=neutral, PublicKeyToken=b03f5f7f11d50a3a".
       Task "MakeDir"
       Done executing task "MakeDir".
   4:7>Done executing task "CheckForImplicitPackageReferenceOverrides".
   8:8>Done building target "PrepareForBuild" in project "KChief.DataAccess.csproj".
   4:7>Done building target "CheckForImplicitPackageReferenceOverrides" in project "KChief.Protocols.Modbus.csproj".
   1:2>Project "/home/saidul/Desktop/K-Chief Marine Automation Platform/KChief.MarineAutomationPlatform.sln" (1:2) is building "/home/saidul/Desktop/K-Chief Marine Automation Platform/src/KChief.VesselControl/KChief.VesselControl.csproj" (2:8) on node 9 (default targets).
   2:8>Target "_CheckForUnsupportedTargetFramework" skipped, due to false condition; ('$(_UnsupportedTargetFrameworkError)' == 'true') was evaluated as ('' == 'true').
   2:8>Target "_CollectTargetFrameworkForTelemetry" in file "/usr/share/dotnet/sdk/8.0.415/Sdks/Microsoft.NET.Sdk/targets/Microsoft.NET.TargetFrameworkInference.targets" from project "/home/saidul/Desktop/K-Chief Marine Automation Platform/src/KChief.VesselControl/KChief.VesselControl.csproj" (target "_CheckForInvalidConfigurationAndPlatform" depends on it):
       Using "AllowEmptyTelemetry" task from assembly "/usr/share/dotnet/sdk/8.0.415/Sdks/Microsoft.NET.Sdk/targets/../tools/net8.0/Microsoft.NET.Build.Tasks.dll".
       Task "AllowEmptyTelemetry"
       Done executing task "AllowEmptyTelemetry".
   8:8>Target "GenerateGlobalUsings" in file "/usr/share/dotnet/sdk/8.0.415/Sdks/Microsoft.NET.Sdk/targets/Microsoft.NET.GenerateGlobalUsings.targets" from project "/home/saidul/Desktop/K-Chief Marine Automation Platform/src/KChief.DataAccess/KChief.DataAccess.csproj" (target "CoreBuild" depends on it):
   8:8>Using "GenerateGlobalUsings" task from assembly "/usr/share/dotnet/sdk/8.0.415/Sdks/Microsoft.NET.Sdk/targets/../tools/net8.0/Microsoft.NET.Build.Tasks.dll".
   2:8>Done building target "_CollectTargetFrameworkForTelemetry" in project "KChief.VesselControl.csproj".
       Target "_CheckForUnsupportedTargetPlatformIdentifier" skipped, due to false condition; ('$(TargetPlatformIdentifier)' != '' and '$(TargetFrameworkIdentifier)' == '.NETCoreApp' and $([MSBuild]::VersionGreaterThanOrEquals($(TargetFrameworkVersion), 5.0)) And ('$(DesignTimeBuild)' != 'true' Or '@(MissingWorkloadPack)' == '')) was evaluated as ('' != '' and '.NETCoreApp' == '.NETCoreApp' and True And ('' != 'true' Or '' == '')).
   8:8>Task "GenerateGlobalUsings"
   2:8>Target "_CheckForMissingWorkload" skipped, due to false condition; ('@(MissingWorkloadPack)' != '' And '$(DesignTimeBuild)' != 'true') was evaluated as ('' != '' And '' != 'true').
   2:8>Target "_CheckForUnsupportedNETCoreVersion" in file "/usr/share/dotnet/sdk/8.0.415/Sdks/Microsoft.NET.Sdk/targets/Microsoft.NET.TargetFrameworkInference.targets" from project "/home/saidul/Desktop/K-Chief Marine Automation Platform/src/KChief.VesselControl/KChief.VesselControl.csproj" (target "_CheckForInvalidConfigurationAndPlatform" depends on it):
       Task "NETSdkError" skipped, due to false condition; ('$(_TargetFrameworkVersionWithoutV)' > '$(NETCoreAppMaximumVersion)' and '$(DisplayVSMessage)' != 'true') was evaluated as ('8.0' > '8.0' and '' != 'true').
   3:6>Task "AllowEmptyTelemetry"
   2:8>_CheckForUnsupportedNETCoreVersion:
       Task "NETSdkError" skipped, due to false condition; ('$(DisplayVSMessage)' == 'true') was evaluated as ('' == 'true').
   2:8>Done building target "_CheckForUnsupportedNETCoreVersion" in project "KChief.VesselControl.csproj".
       Target "_CheckForEolTargetFrameworks" skipped, due to false condition; ('@(_EolNetCoreTargetFrameworkVersions->AnyHaveMetadataValue('Identity', '$(_TargetFrameworkVersionWithoutV)'))' and '$(TargetFrameworkIdentifier)' == '.NETCoreApp' and '$(CheckEolTargetFramework)' == 'true') was evaluated as ('false' and '.NETCoreApp' == '.NETCoreApp' and '' == 'true').
   3:6>Done executing task "AllowEmptyTelemetry".
   2:8>Target "_CheckForEolWorkloads" skipped, due to false condition; ('@(EolWorkload)' != '' and '$(CheckEolWorkloads)' == 'true') was evaluated as ('' != '' and 'true' == 'true').
   3:6>Done building target "_CollectTargetFrameworkForTelemetry" in project "KChief.Platform.Tests.csproj".
   8:8>Done executing task "GenerateGlobalUsings".
   2:8>Target "_CheckForUnsupportedCppNETCoreVersion" in file "/usr/share/dotnet/sdk/8.0.415/Sdks/Microsoft.NET.Sdk/targets/Microsoft.NET.TargetFrameworkInference.targets" from project "/home/saidul/Desktop/K-Chief Marine Automation Platform/src/KChief.VesselControl/KChief.VesselControl.csproj" (target "_CheckForInvalidConfigurationAndPlatform" depends on it):
   2:8>Task "NETSdkError" skipped, due to false condition; ('$(TargetFrameworkIdentifier)' == '.NETCoreApp' and '$(_TargetFrameworkVersionWithoutV)' < '3.1' and ('$(Language)' == 'C++' and '$(_EnablePackageReferencesInVCProjects)' != 'true')) was evaluated as ('.NETCoreApp' == '.NETCoreApp' and '8.0' < '3.1' and ('C#' == 'C++' and '' != 'true')).
   3:6>Target "_CheckForUnsupportedTargetPlatformIdentifier" skipped, due to false condition; ('$(TargetPlatformIdentifier)' != '' and '$(TargetFrameworkIdentifier)' == '.NETCoreApp' and $([MSBuild]::VersionGreaterThanOrEquals($(TargetFrameworkVersion), 5.0)) And ('$(DesignTimeBuild)' != 'true' Or '@(MissingWorkloadPack)' == '')) was evaluated as ('' != '' and '.NETCoreApp' == '.NETCoreApp' and True And ('' != 'true' Or '' == '')).
   2:8>Done building target "_CheckForUnsupportedCppNETCoreVersion" in project "KChief.VesselControl.csproj".
   3:6>Target "_CheckForMissingWorkload" skipped, due to false condition; ('@(MissingWorkloadPack)' != '' And '$(DesignTimeBuild)' != 'true') was evaluated as ('' != '' And '' != 'true').
   2:8>Target "_CheckForUnsupportedNETStandardVersion" skipped, due to false condition; ('$(TargetFrameworkIdentifier)' == '.NETStandard' And '$(NETStandardMaximumVersion)' != '') was evaluated as ('.NETCoreApp' == '.NETStandard' And '' != '').
       Target "_CheckForUnsupportedTargetFrameworkAndFeatureCombination" skipped, due to false condition; ('$(TargetFrameworkIdentifier)' == '.NETFramework') was evaluated as ('.NETCoreApp' == '.NETFramework').
   3:6>Target "_CheckForUnsupportedNETCoreVersion" in file "/usr/share/dotnet/sdk/8.0.415/Sdks/Microsoft.NET.Sdk/targets/Microsoft.NET.TargetFrameworkInference.targets" from project "/home/saidul/Desktop/K-Chief Marine Automation Platform/tests/KChief.Platform.Tests/KChief.Platform.Tests.csproj" (target "_CheckForInvalidConfigurationAndPlatform" depends on it):
   3:6>Task "NETSdkError" skipped, due to false condition; ('$(_TargetFrameworkVersionWithoutV)' > '$(NETCoreAppMaximumVersion)' and '$(DisplayVSMessage)' != 'true') was evaluated as ('8.0' > '8.0' and '' != 'true').
   2:8>Target "_CheckForSupportedOSPlatformVersionHigherThanTargetPlatformVersion" skipped, due to false condition; ('$(TargetPlatformVersion)' != '' and '$(TargetFrameworkIdentifier)' == '.NETCoreApp' and $([MSBuild]::VersionGreaterThanOrEquals($(TargetFrameworkVersion), 5.0))) was evaluated as ('' != '' and '.NETCoreApp' == '.NETCoreApp' and True).
   3:6>_CheckForUnsupportedNETCoreVersion:
       Task "NETSdkError" skipped, due to false condition; ('$(DisplayVSMessage)' == 'true') was evaluated as ('' == 'true').
   2:8>Target "_CheckForInvalidTargetPlatformVersion" skipped, due to false condition; ('$(TargetPlatformVersion)' != '' and '$(TargetFrameworkIdentifier)' == '.NETCoreApp' and $([MSBuild]::VersionGreaterThanOrEquals($(TargetFrameworkVersion), 5.0)) and ('$(Language)' != 'C++' or '$(_EnablePackageReferencesInVCProjects)' == 'true')) was evaluated as ('' != '' and '.NETCoreApp' == '.NETCoreApp' and True and ('C#' != 'C++' or '' == 'true')).
   3:6>Done building target "_CheckForUnsupportedNETCoreVersion" in project "KChief.Platform.Tests.csproj".
       Target "_CheckForEolTargetFrameworks" skipped, due to false condition; ('@(_EolNetCoreTargetFrameworkVersions->AnyHaveMetadataValue('Identity', '$(_TargetFrameworkVersionWithoutV)'))' and '$(TargetFrameworkIdentifier)' == '.NETCoreApp' and '$(CheckEolTargetFramework)' == 'true') was evaluated as ('false' and '.NETCoreApp' == '.NETCoreApp' and '' == 'true').
       Target "_CheckForEolWorkloads" skipped, due to false condition; ('@(EolWorkload)' != '' and '$(CheckEolWorkloads)' == 'true') was evaluated as ('' != '' and 'true' == 'true').
   3:6>Target "_CheckForUnsupportedCppNETCoreVersion" in file "/usr/share/dotnet/sdk/8.0.415/Sdks/Microsoft.NET.Sdk/targets/Microsoft.NET.TargetFrameworkInference.targets" from project "/home/saidul/Desktop/K-Chief Marine Automation Platform/tests/KChief.Platform.Tests/KChief.Platform.Tests.csproj" (target "_CheckForInvalidConfigurationAndPlatform" depends on it):
       Task "NETSdkError" skipped, due to false condition; ('$(TargetFrameworkIdentifier)' == '.NETCoreApp' and '$(_TargetFrameworkVersionWithoutV)' < '3.1' and ('$(Language)' == 'C++' and '$(_EnablePackageReferencesInVCProjects)' != 'true')) was evaluated as ('.NETCoreApp' == '.NETCoreApp' and '8.0' < '3.1' and ('C#' == 'C++' and '' != 'true')).
   3:6>Done building target "_CheckForUnsupportedCppNETCoreVersion" in project "KChief.Platform.Tests.csproj".
       Target "_CheckForUnsupportedNETStandardVersion" skipped, due to false condition; ('$(TargetFrameworkIdentifier)' == '.NETStandard' And '$(NETStandardMaximumVersion)' != '') was evaluated as ('.NETCoreApp' == '.NETStandard' And '' != '').
       Target "_CheckForUnsupportedTargetFrameworkAndFeatureCombination" skipped, due to false condition; ('$(TargetFrameworkIdentifier)' == '.NETFramework') was evaluated as ('.NETCoreApp' == '.NETFramework').
       Target "_CheckForSupportedOSPlatformVersionHigherThanTargetPlatformVersion" skipped, due to false condition; ('$(TargetPlatformVersion)' != '' and '$(TargetFrameworkIdentifier)' == '.NETCoreApp' and $([MSBuild]::VersionGreaterThanOrEquals($(TargetFrameworkVersion), 5.0))) was evaluated as ('' != '' and '.NETCoreApp' == '.NETCoreApp' and True).
       Target "_CheckForInvalidTargetPlatformVersion" skipped, due to false condition; ('$(TargetPlatformVersion)' != '' and '$(TargetFrameworkIdentifier)' == '.NETCoreApp' and $([MSBuild]::VersionGreaterThanOrEquals($(TargetFrameworkVersion), 5.0)) and ('$(Language)' != 'C++' or '$(_EnablePackageReferencesInVCProjects)' == 'true')) was evaluated as ('' != '' and '.NETCoreApp' == '.NETCoreApp' and True and ('C#' != 'C++' or '' == 'true')).
   2:8>Target "_CheckForUnsupportedArtifactsPath" in file "/usr/share/dotnet/sdk/8.0.415/Sdks/Microsoft.NET.Sdk/targets/Microsoft.NET.DefaultOutputPaths.targets" from project "/home/saidul/Desktop/K-Chief Marine Automation Platform/src/KChief.VesselControl/KChief.VesselControl.csproj" (target "_CheckForInvalidConfigurationAndPlatform" depends on it):
   2:8>Task "NetSdkError" skipped, due to false condition; ('$(UseArtifactsOutput)' == 'true' and '$(_ArtifactsPathSetEarly)' != 'true') was evaluated as ('' == 'true' and '' != 'true').
   4:7>Target "ApplyImplicitVersions" in file "/usr/share/dotnet/sdk/8.0.415/Sdks/Microsoft.NET.Sdk/targets/Microsoft.NET.Sdk.DefaultItems.Shared.targets" from project "/home/saidul/Desktop/K-Chief Marine Automation Platform/src/KChief.Protocols.Modbus/KChief.Protocols.Modbus.csproj" (target "CollectPackageReferences" depends on it):
   4:7>Using "ApplyImplicitVersions" task from assembly "/usr/share/dotnet/sdk/8.0.415/Sdks/Microsoft.NET.Sdk/targets/../tools/net8.0/Microsoft.NET.Build.Tasks.dll".
   2:8>_CheckForUnsupportedArtifactsPath:
       Task "NetSdkError" skipped, due to false condition; ('$(_ArtifactsPathLocationType)' == 'ProjectFolder') was evaluated as ('' == 'ProjectFolder').
   4:7>Task "ApplyImplicitVersions"
   2:8>Done building target "_CheckForUnsupportedArtifactsPath" in project "KChief.VesselControl.csproj".
   8:8>GenerateGlobalUsings:
       Using "WriteLinesToFile" task from assembly "Microsoft.Build.Tasks.Core, Version=15.1.0.0, Culture=neutral, PublicKeyToken=b03f5f7f11d50a3a".
   2:8>Target "_CheckForMissingWorkload" skipped, due to false condition; ('@(MissingWorkloadPack)' != '' And '$(DesignTimeBuild)' != 'true') was evaluated as ('' != '' And '' != 'true').
       Target "_CheckForUnsupportedAppHostUsage" skipped, due to false condition; ('$(TargetFrameworkIdentifier)' == '.NETCoreApp' and '$(HasRuntimeOutput)' == 'true') was evaluated as ('.NETCoreApp' == '.NETCoreApp' and '' == 'true').
   8:8>Task "WriteLinesToFile"
   2:8>Target "_CheckForUnsupportedHostingUsage" in file "/usr/share/dotnet/sdk/8.0.415/Sdks/Microsoft.NET.Sdk/targets/Microsoft.NET.RuntimeIdentifierInference.targets" from project "/home/saidul/Desktop/K-Chief Marine Automation Platform/src/KChief.VesselControl/KChief.VesselControl.csproj" (target "_CheckForInvalidConfigurationAndPlatform" depends on it):
   2:8>Task "NETSdkWarning" skipped, due to false condition; ('$(SelfContained)' == 'true' and '$(EnableComHosting)' == 'true') was evaluated as ('' == 'true' and '' == 'true').
   2:8>Done building target "_CheckForUnsupportedHostingUsage" in project "KChief.VesselControl.csproj".
   2:8>Target "_CheckAndUnsetUnsupportedPrefer32Bit" in file "/usr/share/dotnet/sdk/8.0.415/Sdks/Microsoft.NET.Sdk/targets/Microsoft.NET.RuntimeIdentifierInference.targets" from project "/home/saidul/Desktop/K-Chief Marine Automation Platform/src/KChief.VesselControl/KChief.VesselControl.csproj" (target "_CheckForInvalidConfigurationAndPlatform" depends on it):
       Task "NETSdkWarning" skipped, due to false condition; ('$(Prefer32Bit)' == 'true') was evaluated as ('false' == 'true').
   3:6>Target "_CheckForUnsupportedArtifactsPath" in file "/usr/share/dotnet/sdk/8.0.415/Sdks/Microsoft.NET.Sdk/targets/Microsoft.NET.DefaultOutputPaths.targets" from project "/home/saidul/Desktop/K-Chief Marine Automation Platform/tests/KChief.Platform.Tests/KChief.Platform.Tests.csproj" (target "_CheckForInvalidConfigurationAndPlatform" depends on it):
   3:6>Task "NetSdkError" skipped, due to false condition; ('$(UseArtifactsOutput)' == 'true' and '$(_ArtifactsPathSetEarly)' != 'true') was evaluated as ('' == 'true' and '' != 'true').
       Task "NetSdkError" skipped, due to false condition; ('$(_ArtifactsPathLocationType)' == 'ProjectFolder') was evaluated as ('' == 'ProjectFolder').
   3:6>Done building target "_CheckForUnsupportedArtifactsPath" in project "KChief.Platform.Tests.csproj".
       Target "_CheckForMissingWorkload" skipped, due to false condition; ('@(MissingWorkloadPack)' != '' And '$(DesignTimeBuild)' != 'true') was evaluated as ('' != '' And '' != 'true').
   2:8>Done building target "_CheckAndUnsetUnsupportedPrefer32Bit" in project "KChief.VesselControl.csproj".
       Target "_CheckForMismatchingPlatform" skipped, due to false condition; ('$(RuntimeIdentifier)' != '' and '$(PlatformTarget)' != '') was evaluated as ('' != '' and '' != '').
   2:8>Target "_CheckForLanguageAndFeatureCombinationSupport" in file "/usr/share/dotnet/sdk/8.0.415/Sdks/Microsoft.NET.Sdk/targets/Microsoft.NET.RuntimeIdentifierInference.targets" from project "/home/saidul/Desktop/K-Chief Marine Automation Platform/src/KChief.VesselControl/KChief.VesselControl.csproj" (target "_CheckForInvalidConfigurationAndPlatform" depends on it):
       Task "NETSdkError" skipped, due to false condition; (('$(Language)' == 'C++' and '$(_EnablePackageReferencesInVCProjects)' != 'true') and $(OutputType) != 'library' and '$(TargetFrameworkIdentifier)' == '.NETCoreApp') was evaluated as (('C#' == 'C++' and '' != 'true') and Library != 'library' and '.NETCoreApp' == '.NETCoreApp').
       Task "NETSdkError" skipped, due to false condition; (('$(Language)' == 'C++' and '$(_EnablePackageReferencesInVCProjects)' != 'true') and $(EnableComHosting) == 'true') was evaluated as (('C#' == 'C++' and '' != 'true') and  == 'true').
       Task "NETSdkError" skipped, due to false condition; (('$(Language)' == 'C++' and '$(_EnablePackageReferencesInVCProjects)' != 'true') and $(SelfContained) == 'true') was evaluated as (('C#' == 'C++' and '' != 'true') and  == 'true').
   2:8>Done building target "_CheckForLanguageAndFeatureCombinationSupport" in project "KChief.VesselControl.csproj".
       Target "_CheckForNETCoreSdkIsPreview" skipped, due to false condition; ( '$(_NETCoreSdkIsPreview)' == 'true' AND '$(SuppressNETCoreSdkPreviewMessage)' != 'true' ) was evaluated as ( 'false' == 'true' AND '' != 'true' ).
   2:8>Target "_GetProjectJsonPath" in file "/usr/share/dotnet/sdk/8.0.415/NuGet.targets" from project "/home/saidul/Desktop/K-Chief Marine Automation Platform/src/KChief.VesselControl/KChief.VesselControl.csproj" (target "_GetRestoreProjectStyle" depends on it):
       Task "GetRestoreProjectJsonPathTask" skipped, due to false condition; ( '$(RestoreProjectStyle)' == 'ProjectJson' OR '$(RestoreProjectStyle)' == '' ) was evaluated as ( 'PackageReference' == 'ProjectJson' OR 'PackageReference' == '' ).
   7:7>Target "AdjustDefaultPlatformTargetForNetFrameworkExeWithNoNativeCopyLocalItems" skipped, due to false condition; ('$(_UsingDefaultPlatformTarget)' == 'true' and
                     '$(_UsingDefaultRuntimeIdentifier)' == 'true') was evaluated as ('true' == 'true' and
                     '' == 'true').
   2:8>Done building target "_GetProjectJsonPath" in project "KChief.VesselControl.csproj".
       Target "_CheckForUnsupportedTargetPlatformIdentifier" skipped, due to false condition; ('$(TargetPlatformIdentifier)' != '' and '$(TargetFrameworkIdentifier)' == '.NETCoreApp' and $([MSBuild]::VersionGreaterThanOrEquals($(TargetFrameworkVersion), 5.0)) And ('$(DesignTimeBuild)' != 'true' Or '@(MissingWorkloadPack)' == '')) was evaluated as ('' != '' and '.NETCoreApp' == '.NETCoreApp' and True And ('' != 'true' Or '' == '')).
       Target "_CheckForMissingWorkload" skipped, due to false condition; ('@(MissingWorkloadPack)' != '' And '$(DesignTimeBuild)' != 'true') was evaluated as ('' != '' And '' != 'true').
       Target "_CheckForUnsupportedNETStandardVersion" skipped, due to false condition; ('$(TargetFrameworkIdentifier)' == '.NETStandard' And '$(NETStandardMaximumVersion)' != '') was evaluated as ('.NETCoreApp' == '.NETStandard' And '' != '').
       Target "_CheckForUnsupportedTargetFrameworkAndFeatureCombination" skipped, due to false condition; ('$(TargetFrameworkIdentifier)' == '.NETFramework') was evaluated as ('.NETCoreApp' == '.NETFramework').
   7:7>Target "_CheckForTransitiveWindowsDesktopDependencies" skipped, due to false condition; ('$(TargetFrameworkIdentifier)' == '.NETCoreApp' and $([MSBuild]::VersionGreaterThanOrEquals($(_TargetFrameworkVersionWithoutV), '5.0')) and '$(TargetPlatformIdentifier)' != 'Windows' and '@(TransitiveFrameworkReference)' != '') was evaluated as ('.NETCoreApp' == '.NETCoreApp' and True and '' != 'Windows' and '' != '').
   2:8>Target "UpdateAspNetToFrameworkReference" in file "/usr/share/dotnet/sdk/8.0.415/Sdks/Microsoft.NET.Sdk/targets/Microsoft.NET.Sdk.DefaultItems.Shared.targets" from project "/home/saidul/Desktop/K-Chief Marine Automation Platform/src/KChief.VesselControl/KChief.VesselControl.csproj" (target "ApplyImplicitVersions" depends on it):
   2:8>Using "CheckIfPackageReferenceShouldBeFrameworkReference" task from assembly "/usr/share/dotnet/sdk/8.0.415/Sdks/Microsoft.NET.Sdk/targets/../tools/net8.0/Microsoft.NET.Build.Tasks.dll".
   3:6>Target "_CheckForUnsupportedAppHostUsage" in file "/usr/share/dotnet/sdk/8.0.415/Sdks/Microsoft.NET.Sdk/targets/Microsoft.NET.RuntimeIdentifierInference.targets" from project "/home/saidul/Desktop/K-Chief Marine Automation Platform/tests/KChief.Platform.Tests/KChief.Platform.Tests.csproj" (target "_CheckForInvalidConfigurationAndPlatform" depends on it):
   3:6>Task "NETSdkError" skipped, due to false condition; ('$(SelfContained)' == 'true' and '$(RuntimeIdentifier)' == '' and '$(AllowSelfContainedWithoutRuntimeIdentifier)' != 'true') was evaluated as ('' == 'true' and '' == '' and '' != 'true').
   2:8>Task "CheckIfPackageReferenceShouldBeFrameworkReference"
       Done executing task "CheckIfPackageReferenceShouldBeFrameworkReference".
   3:6>_CheckForUnsupportedAppHostUsage:
       Task "NETSdkError" skipped, due to false condition; ('$(PublishReadyToRun)' == 'true' and '$(RuntimeIdentifier)' == '' and '$(_IsPublishing)' == 'true') was evaluated as ('' == 'true' and '' == '' and '' == 'true').
   2:8>UpdateAspNetToFrameworkReference:
       Task "NETSdkError" skipped, due to false condition; ('$(_ShouldRemoveAspNetCoreAll)' == 'true') was evaluated as ('False' == 'true').
   3:6>_CheckForUnsupportedAppHostUsage:
       Task "NETSdkError" skipped, due to false condition; ('$(PublishSingleFile)' == 'true' and '$(RuntimeIdentifier)' == '' and '$(_IsPublishing)' == 'true') was evaluated as ('' == 'true' and '' == '' and '' == 'true').
   2:8>Task "CheckIfPackageReferenceShouldBeFrameworkReference"
   3:6>_CheckForUnsupportedAppHostUsage:
       Task "NETSdkError" skipped, due to false condition; ('$(PublishAot)' == 'true' and '$(RuntimeIdentifier)' == '' and '$(_IsPublishing)' == 'true' and '$(AllowPublishAotWithoutRuntimeIdentifier)' != 'true') was evaluated as ('' == 'true' and '' == '' and '' == 'true' and '' != 'true').
   2:8>Done executing task "CheckIfPackageReferenceShouldBeFrameworkReference".
   3:6>_CheckForUnsupportedAppHostUsage:
       Task "NETSdkError" skipped, due to false condition; ('$(PublishSelfContained)' != 'true' and '$(PublishSelfContained)' != 'false' and '$(PublishSelfContained)' != '') was evaluated as ('' != 'true' and '' != 'false' and '' != '').
   2:8>UpdateAspNetToFrameworkReference:
       Task "NETSdkWarning" skipped, due to false condition; ('$(_ShouldRemoveAspNetCoreApp)' == 'true') was evaluated as ('False' == 'true').
   3:6>_CheckForUnsupportedAppHostUsage:
       Task "NETSdkError" skipped, due to false condition; ('$(SelfContained)' == 'true' and '$(UseAppHost)' != 'true' and '$(_RuntimeIdentifierUsesAppHost)' == 'true') was evaluated as ('' == 'true' and '' != 'true' and '' == 'true').
   2:8>Done building target "UpdateAspNetToFrameworkReference" in project "KChief.VesselControl.csproj".
   3:6>_CheckForUnsupportedAppHostUsage:
       Task "NETSdkError" skipped, due to false condition; ('$(SelfContained)' != 'true' and '$(UseAppHost)' == 'true' and '$(_TargetFrameworkVersionWithoutV)' < '2.1') was evaluated as ('' != 'true' and '' == 'true' and '8.0' < '2.1').
   2:8>Target "IncludeTargetingPackReference" skipped, due to false condition; ('$(TargetFrameworkMoniker)' != '' and '$(TargetFrameworkIdentifier)' == '.NETFramework' and '$(AutomaticallyUseReferenceAssemblyPackages)' == 'true') was evaluated as ('.NETCoreApp,Version=v8.0' != '' and '.NETCoreApp' == '.NETFramework' and 'true' == 'true').
   3:6>_CheckForUnsupportedAppHostUsage:
       Task "NETSdkError" skipped, due to false condition; ('$(PublishSingleFile)' == 'true' and '$(_TargetFrameworkVersionWithoutV)' < '3.0') was evaluated as ('' == 'true' and '8.0' < '3.0').
       Task "NETSdkWarning" skipped, due to false condition; ('$(PublishReadyToRun)' == 'true' and '$(_TargetFrameworkVersionWithoutV)' < '3.0') was evaluated as ('' == 'true' and '8.0' < '3.0').
   2:8>Target "CheckForImplicitPackageReferenceOverrides" in file "/usr/share/dotnet/sdk/8.0.415/Sdks/Microsoft.NET.Sdk/targets/Microsoft.NET.Sdk.DefaultItems.Shared.targets" from project "/home/saidul/Desktop/K-Chief Marine Automation Platform/src/KChief.VesselControl/KChief.VesselControl.csproj" (target "ApplyImplicitVersions" depends on it):
   2:8>Using "CheckForImplicitPackageReferenceOverrides" task from assembly "/usr/share/dotnet/sdk/8.0.415/Sdks/Microsoft.NET.Sdk/targets/../tools/net8.0/Microsoft.NET.Build.Tasks.dll".
       Task "CheckForImplicitPackageReferenceOverrides"
   3:6>_CheckForUnsupportedAppHostUsage:
       Task "NETSdkWarning" skipped, due to false condition; ('$(RuntimeIdentifier)' != '' and '$(_TargetFrameworkVersionWithoutV)' != '' and $([MSBuild]::VersionLessThan($(_TargetFrameworkVersionWithoutV), '8.0')) and '$(_SelfContainedWasSpecified)' != 'true') was evaluated as ('' != '' and '8.0' != '' and False and '' != 'true').
   2:8>Done executing task "CheckForImplicitPackageReferenceOverrides".
   3:6>_CheckForUnsupportedAppHostUsage:
       Task "NetSdkError" skipped, due to false condition; (('$(UseWindowsForms)' == 'true') and ('$(PublishTrimmed)' == 'true') and ('$(_SuppressWinFormsTrimError)' != 'true')) was evaluated as (('' == 'true') and ('' == 'true') and ('' != 'true')).
   2:8>Done building target "CheckForImplicitPackageReferenceOverrides" in project "KChief.VesselControl.csproj".
   3:6>_CheckForUnsupportedAppHostUsage:
       Task "NetSdkError" skipped, due to false condition; (('$(UseWpf)' == 'true') and ('$(PublishTrimmed)' == 'true') and ('$(_SuppressWpfTrimError)' != 'true')) was evaluated as (('' == 'true') and ('' == 'true') and ('' != 'true')).
   3:6>Done building target "_CheckForUnsupportedAppHostUsage" in project "KChief.Platform.Tests.csproj".
   2:8>Target "ApplyImplicitVersions" in file "/usr/share/dotnet/sdk/8.0.415/Sdks/Microsoft.NET.Sdk/targets/Microsoft.NET.Sdk.DefaultItems.Shared.targets" from project "/home/saidul/Desktop/K-Chief Marine Automation Platform/src/KChief.VesselControl/KChief.VesselControl.csproj" (target "CollectPackageReferences" depends on it):
   2:8>Using "ApplyImplicitVersions" task from assembly "/usr/share/dotnet/sdk/8.0.415/Sdks/Microsoft.NET.Sdk/targets/../tools/net8.0/Microsoft.NET.Build.Tasks.dll".
       Task "ApplyImplicitVersions"
       Done executing task "ApplyImplicitVersions".
   3:6>Target "_CheckForUnsupportedHostingUsage" in file "/usr/share/dotnet/sdk/8.0.415/Sdks/Microsoft.NET.Sdk/targets/Microsoft.NET.RuntimeIdentifierInference.targets" from project "/home/saidul/Desktop/K-Chief Marine Automation Platform/tests/KChief.Platform.Tests/KChief.Platform.Tests.csproj" (target "_CheckForInvalidConfigurationAndPlatform" depends on it):
   3:6>Task "NETSdkWarning" skipped, due to false condition; ('$(SelfContained)' == 'true' and '$(EnableComHosting)' == 'true') was evaluated as ('' == 'true' and '' == 'true').
   3:6>Done building target "_CheckForUnsupportedHostingUsage" in project "KChief.Platform.Tests.csproj".
   2:8>Done building target "ApplyImplicitVersions" in project "KChief.VesselControl.csproj".
       Target "CheckForImplicitPackageReferenceOverrides" skipped. Previously built successfully.
   3:6>Target "_CheckAndUnsetUnsupportedPrefer32Bit" in file "/usr/share/dotnet/sdk/8.0.415/Sdks/Microsoft.NET.Sdk/targets/Microsoft.NET.RuntimeIdentifierInference.targets" from project "/home/saidul/Desktop/K-Chief Marine Automation Platform/tests/KChief.Platform.Tests/KChief.Platform.Tests.csproj" (target "_CheckForInvalidConfigurationAndPlatform" depends on it):
   3:6>Task "NETSdkWarning" skipped, due to false condition; ('$(Prefer32Bit)' == 'true') was evaluated as ('false' == 'true').
   2:8>Target "AddWindowsSdkKnownFrameworkReferences" skipped, due to false condition; ('$(TargetFrameworkIdentifier)' == '.NETCoreApp' And '$(TargetPlatformIdentifier)' == 'Windows') was evaluated as ('.NETCoreApp' == '.NETCoreApp' And '' == 'Windows').
   3:6>Done building target "_CheckAndUnsetUnsupportedPrefer32Bit" in project "KChief.Platform.Tests.csproj".
   2:8>Target "_NormalizeTargetPlatformVersion" skipped, due to false condition; ('$(TargetPlatformVersion)' != '' and '$(TargetFrameworkIdentifier)' == '.NETCoreApp' and $([MSBuild]::VersionGreaterThanOrEquals($(TargetFrameworkVersion), 5.0)) and ('$(Language)' != 'C++' or '$(_EnablePackageReferencesInVCProjects)' == 'true')) was evaluated as ('' != '' and '.NETCoreApp' == '.NETCoreApp' and True and ('C#' != 'C++' or '' == 'true')).
   3:6>Target "_CheckForMismatchingPlatform" skipped, due to false condition; ('$(RuntimeIdentifier)' != '' and '$(PlatformTarget)' != '') was evaluated as ('' != '' and '' != '').
   2:8>Target "_ComputeToolPackInputsToProcessFrameworkReferences" in file "/usr/share/dotnet/sdk/8.0.415/Sdks/Microsoft.NET.Sdk/targets/Microsoft.NET.Publish.targets" from project "/home/saidul/Desktop/K-Chief Marine Automation Platform/src/KChief.VesselControl/KChief.VesselControl.csproj" (target "ProcessFrameworkReferences" depends on it):
   2:8>Done building target "_ComputeToolPackInputsToProcessFrameworkReferences" in project "KChief.VesselControl.csproj".
   3:6>Target "_CheckForLanguageAndFeatureCombinationSupport" in file "/usr/share/dotnet/sdk/8.0.415/Sdks/Microsoft.NET.Sdk/targets/Microsoft.NET.RuntimeIdentifierInference.targets" from project "/home/saidul/Desktop/K-Chief Marine Automation Platform/tests/KChief.Platform.Tests/KChief.Platform.Tests.csproj" (target "_CheckForInvalidConfigurationAndPlatform" depends on it):
   3:6>Task "NETSdkError" skipped, due to false condition; (('$(Language)' == 'C++' and '$(_EnablePackageReferencesInVCProjects)' != 'true') and $(OutputType) != 'library' and '$(TargetFrameworkIdentifier)' == '.NETCoreApp') was evaluated as (('C#' == 'C++' and '' != 'true') and Exe != 'library' and '.NETCoreApp' == '.NETCoreApp').
   2:8>Target "ProcessFrameworkReferences" in file "/usr/share/dotnet/sdk/8.0.415/Sdks/Microsoft.NET.Sdk/targets/Microsoft.NET.Sdk.FrameworkReferenceResolution.targets" from project "/home/saidul/Desktop/K-Chief Marine Automation Platform/src/KChief.VesselControl/KChief.VesselControl.csproj" (target "CollectPackageReferences" depends on it):
   2:8>Using "CheckForDuplicateFrameworkReferences" task from assembly "/usr/share/dotnet/sdk/8.0.415/Sdks/Microsoft.NET.Sdk/targets/../tools/net8.0/Microsoft.NET.Build.Tasks.dll".
   3:6>_CheckForLanguageAndFeatureCombinationSupport:
       Task "NETSdkError" skipped, due to false condition; (('$(Language)' == 'C++' and '$(_EnablePackageReferencesInVCProjects)' != 'true') and $(EnableComHosting) == 'true') was evaluated as (('C#' == 'C++' and '' != 'true') and  == 'true').
   2:8>Task "CheckForDuplicateFrameworkReferences"
   3:6>_CheckForLanguageAndFeatureCombinationSupport:
       Task "NETSdkError" skipped, due to false condition; (('$(Language)' == 'C++' and '$(_EnablePackageReferencesInVCProjects)' != 'true') and $(SelfContained) == 'true') was evaluated as (('C#' == 'C++' and '' != 'true') and  == 'true').
   2:8>Done executing task "CheckForDuplicateFrameworkReferences".
   3:6>Done building target "_CheckForLanguageAndFeatureCombinationSupport" in project "KChief.Platform.Tests.csproj".
   2:8>ProcessFrameworkReferences:
       Using "ProcessFrameworkReferences" task from assembly "/usr/share/dotnet/sdk/8.0.415/Sdks/Microsoft.NET.Sdk/targets/../tools/net8.0/Microsoft.NET.Build.Tasks.dll".
   3:6>Target "_CheckForNETCoreSdkIsPreview" skipped, due to false condition; ( '$(_NETCoreSdkIsPreview)' == 'true' AND '$(SuppressNETCoreSdkPreviewMessage)' != 'true' ) was evaluated as ( 'false' == 'true' AND '' != 'true' ).
   2:8>Task "ProcessFrameworkReferences"
   3:6>Target "_GetProjectJsonPath" in file "/usr/share/dotnet/sdk/8.0.415/NuGet.targets" from project "/home/saidul/Desktop/K-Chief Marine Automation Platform/tests/KChief.Platform.Tests/KChief.Platform.Tests.csproj" (target "_GetRestoreProjectStyle" depends on it):
   3:6>Task "GetRestoreProjectJsonPathTask" skipped, due to false condition; ( '$(RestoreProjectStyle)' == 'ProjectJson' OR '$(RestoreProjectStyle)' == '' ) was evaluated as ( 'PackageReference' == 'ProjectJson' OR 'PackageReference' == '' ).
   3:6>Done building target "_GetProjectJsonPath" in project "KChief.Platform.Tests.csproj".
       Target "_CheckForUnsupportedTargetPlatformIdentifier" skipped, due to false condition; ('$(TargetPlatformIdentifier)' != '' and '$(TargetFrameworkIdentifier)' == '.NETCoreApp' and $([MSBuild]::VersionGreaterThanOrEquals($(TargetFrameworkVersion), 5.0)) And ('$(DesignTimeBuild)' != 'true' Or '@(MissingWorkloadPack)' == '')) was evaluated as ('' != '' and '.NETCoreApp' == '.NETCoreApp' and True And ('' != 'true' Or '' == '')).
       Target "_CheckForMissingWorkload" skipped, due to false condition; ('@(MissingWorkloadPack)' != '' And '$(DesignTimeBuild)' != 'true') was evaluated as ('' != '' And '' != 'true').
       Target "_CheckForUnsupportedNETStandardVersion" skipped, due to false condition; ('$(TargetFrameworkIdentifier)' == '.NETStandard' And '$(NETStandardMaximumVersion)' != '') was evaluated as ('.NETCoreApp' == '.NETStandard' And '' != '').
       Target "_CheckForUnsupportedTargetFrameworkAndFeatureCombination" skipped, due to false condition; ('$(TargetFrameworkIdentifier)' == '.NETFramework') was evaluated as ('.NETCoreApp' == '.NETFramework').
   3:6>Target "UpdateAspNetToFrameworkReference" in file "/usr/share/dotnet/sdk/8.0.415/Sdks/Microsoft.NET.Sdk/targets/Microsoft.NET.Sdk.DefaultItems.Shared.targets" from project "/home/saidul/Desktop/K-Chief Marine Automation Platform/tests/KChief.Platform.Tests/KChief.Platform.Tests.csproj" (target "ApplyImplicitVersions" depends on it):
       Using "CheckIfPackageReferenceShouldBeFrameworkReference" task from assembly "/usr/share/dotnet/sdk/8.0.415/Sdks/Microsoft.NET.Sdk/targets/../tools/net8.0/Microsoft.NET.Build.Tasks.dll".
       Task "CheckIfPackageReferenceShouldBeFrameworkReference"
       Done executing task "CheckIfPackageReferenceShouldBeFrameworkReference".
       Task "NETSdkError" skipped, due to false condition; ('$(_ShouldRemoveAspNetCoreAll)' == 'true') was evaluated as ('False' == 'true').
       Task "CheckIfPackageReferenceShouldBeFrameworkReference"
       Done executing task "CheckIfPackageReferenceShouldBeFrameworkReference".
       Task "NETSdkWarning" skipped, due to false condition; ('$(_ShouldRemoveAspNetCoreApp)' == 'true') was evaluated as ('False' == 'true').
   3:6>Done building target "UpdateAspNetToFrameworkReference" in project "KChief.Platform.Tests.csproj".
       Target "IncludeTargetingPackReference" skipped, due to false condition; ('$(TargetFrameworkMoniker)' != '' and '$(TargetFrameworkIdentifier)' == '.NETFramework' and '$(AutomaticallyUseReferenceAssemblyPackages)' == 'true') was evaluated as ('.NETCoreApp,Version=v8.0' != '' and '.NETCoreApp' == '.NETFramework' and 'true' == 'true').
   3:6>Target "CheckForImplicitPackageReferenceOverrides" in file "/usr/share/dotnet/sdk/8.0.415/Sdks/Microsoft.NET.Sdk/targets/Microsoft.NET.Sdk.DefaultItems.Shared.targets" from project "/home/saidul/Desktop/K-Chief Marine Automation Platform/tests/KChief.Platform.Tests/KChief.Platform.Tests.csproj" (target "ApplyImplicitVersions" depends on it):
       Using "CheckForImplicitPackageReferenceOverrides" task from assembly "/usr/share/dotnet/sdk/8.0.415/Sdks/Microsoft.NET.Sdk/targets/../tools/net8.0/Microsoft.NET.Build.Tasks.dll".
       Task "CheckForImplicitPackageReferenceOverrides"
       Done executing task "CheckForImplicitPackageReferenceOverrides".
   3:6>Done building target "CheckForImplicitPackageReferenceOverrides" in project "KChief.Platform.Tests.csproj".
   3:6>Target "ApplyImplicitVersions" in file "/usr/share/dotnet/sdk/8.0.415/Sdks/Microsoft.NET.Sdk/targets/Microsoft.NET.Sdk.DefaultItems.Shared.targets" from project "/home/saidul/Desktop/K-Chief Marine Automation Platform/tests/KChief.Platform.Tests/KChief.Platform.Tests.csproj" (target "CollectPackageReferences" depends on it):
       Using "ApplyImplicitVersions" task from assembly "/usr/share/dotnet/sdk/8.0.415/Sdks/Microsoft.NET.Sdk/targets/../tools/net8.0/Microsoft.NET.Build.Tasks.dll".
       Task "ApplyImplicitVersions"
       Done executing task "ApplyImplicitVersions".
   3:6>Done building target "ApplyImplicitVersions" in project "KChief.Platform.Tests.csproj".
       Target "CheckForImplicitPackageReferenceOverrides" skipped. Previously built successfully.
       Target "AddWindowsSdkKnownFrameworkReferences" skipped, due to false condition; ('$(TargetFrameworkIdentifier)' == '.NETCoreApp' And '$(TargetPlatformIdentifier)' == 'Windows') was evaluated as ('.NETCoreApp' == '.NETCoreApp' And '' == 'Windows').
       Target "_NormalizeTargetPlatformVersion" skipped, due to false condition; ('$(TargetPlatformVersion)' != '' and '$(TargetFrameworkIdentifier)' == '.NETCoreApp' and $([MSBuild]::VersionGreaterThanOrEquals($(TargetFrameworkVersion), 5.0)) and ('$(Language)' != 'C++' or '$(_EnablePackageReferencesInVCProjects)' == 'true')) was evaluated as ('' != '' and '.NETCoreApp' == '.NETCoreApp' and True and ('C#' != 'C++' or '' == 'true')).
   3:6>Target "_ComputeToolPackInputsToProcessFrameworkReferences" in file "/usr/share/dotnet/sdk/8.0.415/Sdks/Microsoft.NET.Sdk/targets/Microsoft.NET.Publish.targets" from project "/home/saidul/Desktop/K-Chief Marine Automation Platform/tests/KChief.Platform.Tests/KChief.Platform.Tests.csproj" (target "ProcessFrameworkReferences" depends on it):
   3:6>Done building target "_ComputeToolPackInputsToProcessFrameworkReferences" in project "KChief.Platform.Tests.csproj".
   3:6>Target "ProcessFrameworkReferences" in file "/usr/share/dotnet/sdk/8.0.415/Sdks/Microsoft.NET.Sdk/targets/Microsoft.NET.Sdk.FrameworkReferenceResolution.targets" from project "/home/saidul/Desktop/K-Chief Marine Automation Platform/tests/KChief.Platform.Tests/KChief.Platform.Tests.csproj" (target "CollectPackageReferences" depends on it):
       Using "CheckForDuplicateFrameworkReferences" task from assembly "/usr/share/dotnet/sdk/8.0.415/Sdks/Microsoft.NET.Sdk/targets/../tools/net8.0/Microsoft.NET.Build.Tasks.dll".
       Task "CheckForDuplicateFrameworkReferences"
       Done executing task "CheckForDuplicateFrameworkReferences".
       Using "ProcessFrameworkReferences" task from assembly "/usr/share/dotnet/sdk/8.0.415/Sdks/Microsoft.NET.Sdk/targets/../tools/net8.0/Microsoft.NET.Build.Tasks.dll".
       Task "ProcessFrameworkReferences"
       Done executing task "ProcessFrameworkReferences".
       Using "ResolveAppHosts" task from assembly "/usr/share/dotnet/sdk/8.0.415/Sdks/Microsoft.NET.Sdk/targets/../tools/net8.0/Microsoft.NET.Build.Tasks.dll".
       Task "ResolveAppHosts"
       Done executing task "ResolveAppHosts".
   3:6>Done building target "ProcessFrameworkReferences" in project "KChief.Platform.Tests.csproj".
       Target "IncludeTargetingPackReference" skipped, due to false condition; ('$(TargetFrameworkMoniker)' != '' and '$(TargetFrameworkIdentifier)' == '.NETFramework' and '$(AutomaticallyUseReferenceAssemblyPackages)' == 'true') was evaluated as ('.NETCoreApp,Version=v8.0' != '' and '.NETCoreApp' == '.NETFramework' and 'true' == 'true').
   3:6>Target "_AddMicrosoftNetCompilerToolsetFrameworkPackage" in file "/usr/share/dotnet/sdk/8.0.415/Sdks/Microsoft.NET.Sdk/targets/Microsoft.NET.Sdk.targets" from project "/home/saidul/Desktop/K-Chief Marine Automation Platform/tests/KChief.Platform.Tests/KChief.Platform.Tests.csproj" (target "CollectPackageReferences" depends on it):
       Task "NETSdkWarning" skipped, due to false condition; ('@(PackageReference->AnyHaveMetadataValue('Identity', 'Microsoft.Net.Compilers.Toolset.Framework'))' == 'true') was evaluated as ('false' == 'true').
   3:6>Done building target "_AddMicrosoftNetCompilerToolsetFrameworkPackage" in project "KChief.Platform.Tests.csproj".
   3:6>Target "_CheckForObsoleteDotNetCliToolReferences" in file "/usr/share/dotnet/sdk/8.0.415/Sdks/Microsoft.NET.Sdk/targets/Microsoft.NET.ObsoleteReferences.targets" from project "/home/saidul/Desktop/K-Chief Marine Automation Platform/tests/KChief.Platform.Tests/KChief.Platform.Tests.csproj" (target "CollectPackageReferences" depends on it):
       Task "NETSdkWarning" skipped, due to false condition; ( '%(_ReferenceToObsoleteDotNetCliTool.Identity)' != '' ) was evaluated as ( '' != '' ).
   3:6>Done building target "_CheckForObsoleteDotNetCliToolReferences" in project "KChief.Platform.Tests.csproj".
   3:6>Target "CollectPackageReferences" in file "/usr/share/dotnet/sdk/8.0.415/NuGet.targets" from project "/home/saidul/Desktop/K-Chief Marine Automation Platform/tests/KChief.Platform.Tests/KChief.Platform.Tests.csproj" (target "_GetRestoreProjectStyle" depends on it):
       Using "CheckForDuplicateNuGetItemsTask" task from assembly "/usr/share/dotnet/sdk/8.0.415/NuGet.Build.Tasks.dll".
       Task "CheckForDuplicateNuGetItemsTask"
       Done executing task "CheckForDuplicateNuGetItemsTask".
   3:6>Done building target "CollectPackageReferences" in project "KChief.Platform.Tests.csproj".
   3:6>Target "_GetRestoreProjectStyle" in file "/usr/share/dotnet/sdk/8.0.415/NuGet.targets" from project "/home/saidul/Desktop/K-Chief Marine Automation Platform/tests/KChief.Platform.Tests/KChief.Platform.Tests.csproj" (target "EnableIntermediateOutputPathMismatchWarning" depends on it):
       Using "GetRestoreProjectStyleTask" task from assembly "/usr/share/dotnet/sdk/8.0.415/NuGet.Build.Tasks.dll".
       Task "GetRestoreProjectStyleTask"
       Done executing task "GetRestoreProjectStyleTask".
   3:6>Done building target "_GetRestoreProjectStyle" in project "KChief.Platform.Tests.csproj".
   3:6>Target "EnableIntermediateOutputPathMismatchWarning" in file "/usr/share/dotnet/sdk/8.0.415/NuGet.targets" from project "/home/saidul/Desktop/K-Chief Marine Automation Platform/tests/KChief.Platform.Tests/KChief.Platform.Tests.csproj" (target "_CheckForInvalidConfigurationAndPlatform" depends on it):
   3:6>Done building target "EnableIntermediateOutputPathMismatchWarning" in project "KChief.Platform.Tests.csproj".
       Target "ApplyImplicitVersions" skipped. Previously built successfully.
       Target "CheckForImplicitPackageReferenceOverrides" skipped. Previously built successfully.
   3:6>Target "CheckForDuplicateItems" in file "/usr/share/dotnet/sdk/8.0.415/Sdks/Microsoft.NET.Sdk/targets/Microsoft.NET.Sdk.DefaultItems.Shared.targets" from project "/home/saidul/Desktop/K-Chief Marine Automation Platform/tests/KChief.Platform.Tests/KChief.Platform.Tests.csproj" (target "_CheckForInvalidConfigurationAndPlatform" depends on it):
       Using "CheckForDuplicateItems" task from assembly "/usr/share/dotnet/sdk/8.0.415/Sdks/Microsoft.NET.Sdk/targets/../tools/net8.0/Microsoft.NET.Build.Tasks.dll".
       Task "CheckForDuplicateItems"
       Done executing task "CheckForDuplicateItems".
       Task "CheckForDuplicateItems"
       Done executing task "CheckForDuplicateItems".
       Task "CheckForDuplicateItems"
       Done executing task "CheckForDuplicateItems".
   3:6>Done building target "CheckForDuplicateItems" in project "KChief.Platform.Tests.csproj".
       Target "WarnForExplicitVersions" skipped, due to false condition; ('@(SdkBuildWarning)' != '') was evaluated as ('' != '').
       Target "_CheckForFailedSDKResolution" skipped, due to false condition; ('$(SdkResolverHonoredGlobalJson)' == 'false') was evaluated as ('' == 'false').
       Target "_WarnWhenUsingNET8AndVSPriorTo178" skipped, due to false condition; ($([MSBuild]::VersionLessThan($(MSBuildVersion), '17.8.0')) and '$(TargetFrameworkIdentifier)' == '.NETCoreApp' and $([MSBuild]::VersionGreaterThanOrEquals($(_TargetFrameworkVersionWithoutV), '8.0'))) was evaluated as (False and '.NETCoreApp' == '.NETCoreApp' and True).
       Target "_CheckForInvalidWindowsDesktopTargetingConfiguration" skipped, due to false condition; ('$(TargetFrameworkIdentifier)' == '.NETCoreApp' and $([MSBuild]::VersionGreaterThanOrEquals($(_TargetFrameworkVersionWithoutV), '5.0')) and ('$(UseWindowsForms)' == 'true' or '$(UseWPF)' == 'true')) was evaluated as ('.NETCoreApp' == '.NETCoreApp' and True and ('' == 'true' or '' == 'true')).
     0>Overriding target "ResolveFrameworkReferences" in project "/usr/share/dotnet/sdk/8.0.415/Microsoft.Common.CurrentVersion.targets" with target "ResolveFrameworkReferences" from project "/usr/share/dotnet/sdk/8.0.415/Sdks/Microsoft.NET.Sdk/targets/Microsoft.NET.Sdk.FrameworkReferenceResolution.targets".
   3:6>Target "_CheckForUnnecessaryWindowsDesktopSDK" skipped, due to false condition; ('$(TargetFrameworkIdentifier)' == '.NETCoreApp' and $([MSBuild]::VersionGreaterThanOrEquals($(_TargetFrameworkVersionWithoutV), '5.0')) and '$(_MicrosoftWindowsDesktopSdkImported)' == 'true' and '$(TargetFrameworks)' == '') was evaluated as ('.NETCoreApp' == '.NETCoreApp' and True and '' == 'true' and '' == '').
       Target "ProcessFrameworkReferences" skipped. Previously built successfully.
     0>Overriding target "Run" in project "/usr/share/dotnet/sdk/8.0.415/Microsoft.Common.CurrentVersion.targets" with target "Run" from project "/usr/share/dotnet/sdk/8.0.415/Sdks/Microsoft.NET.Sdk/targets/Microsoft.NET.Sdk.targets".
       Overriding target "GenerateSupportedTargetFrameworkAlias" in project "/usr/share/dotnet/sdk/8.0.415/Microsoft.Common.CurrentVersion.targets" with target "GenerateSupportedTargetFrameworkAlias" from project "/usr/share/dotnet/sdk/8.0.415/Sdks/Microsoft.NET.Sdk/targets/Microsoft.NET.Sdk.targets".
   3:6>Target "IncludeTargetingPackReference" skipped, due to false condition; ('$(TargetFrameworkMoniker)' != '' and '$(TargetFrameworkIdentifier)' == '.NETFramework' and '$(AutomaticallyUseReferenceAssemblyPackages)' == 'true') was evaluated as ('.NETCoreApp,Version=v8.0' != '' and '.NETCoreApp' == '.NETFramework' and 'true' == 'true').
     0>Overriding target "GetReferenceAssemblyPaths" in project "/usr/share/dotnet/sdk/8.0.415/Microsoft.Common.CurrentVersion.targets" with target "GetReferenceAssemblyPaths" from project "/usr/share/dotnet/sdk/8.0.415/Sdks/Microsoft.NET.Sdk/targets/Microsoft.NET.DisableStandardFrameworkResolution.targets".
       Overriding target "GetFrameworkPaths" in project "/usr/share/dotnet/sdk/8.0.415/Microsoft.Common.CurrentVersion.targets" with target "GetFrameworkPaths" from project "/usr/share/dotnet/sdk/8.0.415/Sdks/Microsoft.NET.Sdk/targets/Microsoft.NET.DisableStandardFrameworkResolution.targets".
       Overriding target "DesignerRuntimeImplementationProjectOutputGroup" in project "/usr/share/dotnet/sdk/8.0.415/Microsoft.Common.CurrentVersion.targets" with target "DesignerRuntimeImplementationProjectOutputGroup" from project "/usr/share/dotnet/sdk/8.0.415/Sdks/Microsoft.NET.Sdk/targets/Microsoft.NET.DesignerSupport.targets".
   3:6>Target "_CheckForInvalidConfigurationAndPlatform" in file "/usr/share/dotnet/sdk/8.0.415/Microsoft.Common.CurrentVersion.targets" from project "/home/saidul/Desktop/K-Chief Marine Automation Platform/tests/KChief.Platform.Tests/KChief.Platform.Tests.csproj" (target "BeforeBuild" depends on it):
   3:6>Task "Error" skipped, due to false condition; ( '$(_InvalidConfigurationError)' == 'true' ) was evaluated as ( '' == 'true' ).
       Task "Warning" skipped, due to false condition; ( '$(_InvalidConfigurationWarning)' == 'true' ) was evaluated as ( '' == 'true' ).
     0>Overriding target "Publish" in project "/usr/share/dotnet/sdk/8.0.415/Microsoft.Common.CurrentVersion.targets" with target "Publish" from project "/usr/share/dotnet/sdk/8.0.415/Sdks/Microsoft.NET.Sdk/targets/Microsoft.NET.Publish.targets".
   3:6>Task "Message"
     0>Overriding target "ResolveReadyToRunCompilers" in project "/usr/share/dotnet/sdk/8.0.415/Sdks/Microsoft.NET.Sdk/targets/Microsoft.NET.CrossGen.targets" with target "ResolveReadyToRunCompilers" from project "/usr/share/dotnet/sdk/8.0.415/Sdks/Microsoft.NET.Sdk/targets/Microsoft.NET.Publish.targets".
   3:6>_CheckForInvalidConfigurationAndPlatform:
         Configuration=Release
     0>Overriding target "GetCopyToPublishDirectoryItems" in project "/usr/share/dotnet/sdk/8.0.415/Microsoft.Common.CurrentVersion.targets" with target "GetCopyToPublishDirectoryItems" from project "/usr/share/dotnet/sdk/8.0.415/Sdks/Microsoft.NET.Sdk/targets/Microsoft.NET.Publish.targets".
   3:6>Done executing task "Message".
       Task "Message"
         Platform=AnyCPU
       Done executing task "Message".
       Task "Error" skipped, due to false condition; ('$(OutDir)' != '' and !HasTrailingSlash('$(OutDir)')) was evaluated as ('bin/Release/net8.0/' != '' and !HasTrailingSlash('bin/Release/net8.0/')).
       Task "Error" skipped, due to false condition; ('$(IntermediateOutputPath)' != '' and !HasTrailingSlash('$(IntermediateOutputPath)')) was evaluated as ('obj/Release/net8.0/' != '' and !HasTrailingSlash('obj/Release/net8.0/')).
       Task "Error" skipped, due to false condition; ('$(BaseIntermediateOutputPath)' != '' and !HasTrailingSlash('$(BaseIntermediateOutputPath)')) was evaluated as ('obj/' != '' and !HasTrailingSlash('obj/')).
       Task "MSBuildInternalMessage" skipped, due to false condition; ( '$(Prefer32Bit)' == 'true' and '$(PreferNativeArm64)' == 'true' ) was evaluated as ( 'false' == 'true' and '' == 'true' ).
       Task "MSBuildInternalMessage" skipped, due to false condition; ( '$(NoWin32Manifest)' == 'true' and '$(PreferNativeArm64)' == 'true' ) was evaluated as ( '' == 'true' and '' == 'true' ).
       Task "MSBuildInternalMessage" skipped, due to false condition; ( '$(PreferNativeArm64)' == 'true' and '$(Platform)' != 'AnyCPU' ) was evaluated as ( '' == 'true' and 'AnyCPU' != 'AnyCPU' ).
       Task "Error" skipped, due to false condition; ( '$(_InitialMSBuildProjectExtensionsPath)' != '' And '$(MSBuildProjectExtensionsPath)' != '$(_InitialMSBuildProjectExtensionsPath)' ) was evaluated as ( '/home/saidul/Desktop/K-Chief Marine Automation Platform/tests/KChief.Platform.Tests/obj/' != '' And '/home/saidul/Desktop/K-Chief Marine Automation Platform/tests/KChief.Platform.Tests/obj/' != '/home/saidul/Desktop/K-Chief Marine Automation Platform/tests/KChief.Platform.Tests/obj/' ).
       Task "Warning" skipped, due to false condition; ( '$(EnableBaseIntermediateOutputPathMismatchWarning)' == 'true' And '$(_InitialBaseIntermediateOutputPath)' != '$(BaseIntermediateOutputPath)' And '$(BaseIntermediateOutputPath)' != '$(MSBuildProjectExtensionsPath)' ) was evaluated as ( 'true' == 'true' And 'obj/' != 'obj/' And 'obj/' != '/home/saidul/Desktop/K-Chief Marine Automation Platform/tests/KChief.Platform.Tests/obj/' ).
   3:6>Done building target "_CheckForInvalidConfigurationAndPlatform" in project "KChief.Platform.Tests.csproj".
   3:6>Target "ValidateCommandLineProperties" in file "/usr/share/dotnet/sdk/8.0.415/Sdks/Microsoft.NET.Sdk/targets/Microsoft.NET.Sdk.targets" from project "/home/saidul/Desktop/K-Chief Marine Automation Platform/tests/KChief.Platform.Tests/KChief.Platform.Tests.csproj" (target "BeforeBuild" depends on it):
   3:6>Done building target "ValidateCommandLineProperties" in project "KChief.Platform.Tests.csproj".
   3:6>Target "BeforeBuild" in file "/usr/share/dotnet/sdk/8.0.415/Microsoft.Common.CurrentVersion.targets" from project "/home/saidul/Desktop/K-Chief Marine Automation Platform/tests/KChief.Platform.Tests/KChief.Platform.Tests.csproj" (target "Build" depends on it):
   3:6>Done building target "BeforeBuild" in project "KChief.Platform.Tests.csproj".
       Target "_CheckForBuildWithNoBuild" skipped, due to false condition; ('$(NoBuild)' == 'true' and '$(GeneratePackageOnBuild)' != 'true') was evaluated as ('' == 'true' and 'false' != 'true').
   3:6>Target "BuildOnlySettings" in file "/usr/share/dotnet/sdk/8.0.415/Microsoft.Common.CurrentVersion.targets" from project "/home/saidul/Desktop/K-Chief Marine Automation Platform/tests/KChief.Platform.Tests/KChief.Platform.Tests.csproj" (target "CoreBuild" depends on it):
   3:6>Done building target "BuildOnlySettings" in project "KChief.Platform.Tests.csproj".
       Target "_CheckForUnsupportedTargetFramework" skipped, due to false condition; ('$(_UnsupportedTargetFrameworkError)' == 'true') was evaluated as ('' == 'true').
       Target "_CheckForUnsupportedTargetPlatformIdentifier" skipped, due to false condition; ('$(TargetPlatformIdentifier)' != '' and '$(TargetFrameworkIdentifier)' == '.NETCoreApp' and $([MSBuild]::VersionGreaterThanOrEquals($(TargetFrameworkVersion), 5.0)) And ('$(DesignTimeBuild)' != 'true' Or '@(MissingWorkloadPack)' == '')) was evaluated as ('' != '' and '.NETCoreApp' == '.NETCoreApp' and True And ('' != 'true' Or '' == '')).
       Target "_CheckForMissingWorkload" skipped, due to false condition; ('@(MissingWorkloadPack)' != '' And '$(DesignTimeBuild)' != 'true') was evaluated as ('' != '' And '' != 'true').
   3:6>Target "GetFrameworkPaths" in file "/usr/share/dotnet/sdk/8.0.415/Sdks/Microsoft.NET.Sdk/targets/Microsoft.NET.DisableStandardFrameworkResolution.targets" from project "/home/saidul/Desktop/K-Chief Marine Automation Platform/tests/KChief.Platform.Tests/KChief.Platform.Tests.csproj" (target "PrepareForBuild" depends on it):
   3:6>Done building target "GetFrameworkPaths" in project "KChief.Platform.Tests.csproj".
       Target "_CheckForUnsupportedTargetFramework" skipped, due to false condition; ('$(_UnsupportedTargetFrameworkError)' == 'true') was evaluated as ('' == 'true').
       Target "_CheckForUnsupportedTargetPlatformIdentifier" skipped, due to false condition; ('$(TargetPlatformIdentifier)' != '' and '$(TargetFrameworkIdentifier)' == '.NETCoreApp' and $([MSBuild]::VersionGreaterThanOrEquals($(TargetFrameworkVersion), 5.0)) And ('$(DesignTimeBuild)' != 'true' Or '@(MissingWorkloadPack)' == '')) was evaluated as ('' != '' and '.NETCoreApp' == '.NETCoreApp' and True And ('' != 'true' Or '' == '')).
       Target "_CheckForMissingWorkload" skipped, due to false condition; ('@(MissingWorkloadPack)' != '' And '$(DesignTimeBuild)' != 'true') was evaluated as ('' != '' And '' != 'true').
     0>The target "ResolveNuGetPackageAssets" listed in an AfterTargets attribute at "/home/saidul/.nuget/packages/microsoft.extensions.options/8.0.0/buildTransitive/net6.0/Microsoft.Extensions.Options.targets (11,11)" does not exist in the project, and will be ignored.
       The target "ResolveNuGetPackageAssets" listed in an AfterTargets attribute at "/home/saidul/.nuget/packages/microsoft.extensions.options/8.0.0/buildTransitive/net6.0/Microsoft.Extensions.Options.targets (23,11)" does not exist in the project, and will be ignored.
       The target "ResolveNuGetPackageAssets" listed in an AfterTargets attribute at "/home/saidul/.nuget/packages/microsoft.extensions.logging.abstractions/8.0.0/buildTransitive/net6.0/Microsoft.Extensions.Logging.Abstractions.targets (11,11)" does not exist in the project, and will be ignored.
   3:6>Target "GetReferenceAssemblyPaths" in file "/usr/share/dotnet/sdk/8.0.415/Sdks/Microsoft.NET.Sdk/targets/Microsoft.NET.DisableStandardFrameworkResolution.targets" from project "/home/saidul/Desktop/K-Chief Marine Automation Platform/tests/KChief.Platform.Tests/KChief.Platform.Tests.csproj" (target "PrepareForBuild" depends on it):
   3:6>Done building target "GetReferenceAssemblyPaths" in project "KChief.Platform.Tests.csproj".
     0>The target "ResolveNuGetPackageAssets" listed in an AfterTargets attribute at "/home/saidul/.nuget/packages/microsoft.extensions.logging.abstractions/8.0.0/buildTransitive/net6.0/Microsoft.Extensions.Logging.Abstractions.targets (23,11)" does not exist in the project, and will be ignored.
   3:6>Target "AssignLinkMetadata" skipped, due to false condition; ( '$(SynthesizeLinkMetadata)' == 'true' ) was evaluated as ( '' == 'true' ).
       Target "_VerifyPackReleaseConfigurations" skipped, due to false condition; ('$(_IsPacking)' == 'true' and '$(DOTNET_CLI_DISABLE_PUBLISH_AND_PACK_RELEASE)' != 'true' and '$(DOTNET_CLI_LAZY_PUBLISH_AND_PACK_RELEASE_FOR_SOLUTIONS)' == 'true') was evaluated as ('' == 'true' and '' != 'true' and '' == 'true').
   7:7>Target "AddTransitiveFrameworkReferences" skipped, due to false condition; ('@(TransitiveFrameworkReference)' != '') was evaluated as ('' != '').
   3:6>Target "PrepareForBuild" in file "/usr/share/dotnet/sdk/8.0.415/Microsoft.Common.CurrentVersion.targets" from project "/home/saidul/Desktop/K-Chief Marine Automation Platform/tests/KChief.Platform.Tests/KChief.Platform.Tests.csproj" (target "CoreBuild" depends on it):
   3:6>Using "FindAppConfigFile" task from assembly "Microsoft.Build.Tasks.Core, Version=15.1.0.0, Culture=neutral, PublicKeyToken=b03f5f7f11d50a3a".
       Task "FindAppConfigFile"
       Done executing task "FindAppConfigFile".
       Using "MakeDir" task from assembly "Microsoft.Build.Tasks.Core, Version=15.1.0.0, Culture=neutral, PublicKeyToken=b03f5f7f11d50a3a".
       Task "MakeDir"
       Done executing task "MakeDir".
   3:6>Done building target "PrepareForBuild" in project "KChief.Platform.Tests.csproj".
   3:6>Target "GenerateGlobalUsings" in file "/usr/share/dotnet/sdk/8.0.415/Sdks/Microsoft.NET.Sdk/targets/Microsoft.NET.GenerateGlobalUsings.targets" from project "/home/saidul/Desktop/K-Chief Marine Automation Platform/tests/KChief.Platform.Tests/KChief.Platform.Tests.csproj" (target "CoreBuild" depends on it):
       Using "GenerateGlobalUsings" task from assembly "/usr/share/dotnet/sdk/8.0.415/Sdks/Microsoft.NET.Sdk/targets/../tools/net8.0/Microsoft.NET.Build.Tasks.dll".
   4:7>Done executing task "ApplyImplicitVersions".
   3:6>Task "GenerateGlobalUsings"
   7:7>Target "ResolveLockFileReferences" in file "/usr/share/dotnet/sdk/8.0.415/Sdks/Microsoft.NET.Sdk/targets/Microsoft.PackageDependencyResolution.targets" from project "/home/saidul/Desktop/K-Chief Marine Automation Platform/src/KChief.AlarmSystem/KChief.AlarmSystem.csproj" (target "ResolvePackageDependenciesForBuild" depends on it):
   7:7>Using "JoinItems" task from assembly "/usr/share/dotnet/sdk/8.0.415/Sdks/Microsoft.NET.Sdk/targets/../tools/net8.0/Microsoft.NET.Build.Tasks.dll".
   3:6>Done executing task "GenerateGlobalUsings".
       Using "WriteLinesToFile" task from assembly "Microsoft.Build.Tasks.Core, Version=15.1.0.0, Culture=neutral, PublicKeyToken=b03f5f7f11d50a3a".
       Task "WriteLinesToFile"
         Skipping write to file "obj/Release/net8.0/KChief.Platform.Tests.GlobalUsings.g.cs" because content would not change.
       Done executing task "WriteLinesToFile".
   7:7>Task "JoinItems"
   3:6>Done building target "GenerateGlobalUsings" in project "KChief.Platform.Tests.csproj".
       Target "PreBuildEvent" skipped, due to false condition; ('$(PreBuildEvent)'!='') was evaluated as (''!='').
   4:7>Done building target "ApplyImplicitVersions" in project "KChief.Protocols.Modbus.csproj".
   3:6>Target "BeforeResolveReferences" in file "/usr/share/dotnet/sdk/8.0.415/Microsoft.Common.CurrentVersion.targets" from project "/home/saidul/Desktop/K-Chief Marine Automation Platform/tests/KChief.Platform.Tests/KChief.Platform.Tests.csproj" (target "ResolveReferences" depends on it):
   3:6>Done building target "BeforeResolveReferences" in project "KChief.Platform.Tests.csproj".
   7:7>Done executing task "JoinItems".
   4:7>Target "CheckForImplicitPackageReferenceOverrides" skipped. Previously built successfully.
   3:6>Target "IgnoreJavaScriptOutputAssembly" in file "/usr/share/dotnet/sdk/8.0.415/Microsoft.Common.CurrentVersion.targets" from project "/home/saidul/Desktop/K-Chief Marine Automation Platform/tests/KChief.Platform.Tests/KChief.Platform.Tests.csproj" (target "AssignProjectConfiguration" depends on it):
   3:6>Done building target "IgnoreJavaScriptOutputAssembly" in project "KChief.Platform.Tests.csproj".
   4:7>Target "AddWindowsSdkKnownFrameworkReferences" skipped, due to false condition; ('$(TargetFrameworkIdentifier)' == '.NETCoreApp' And '$(TargetPlatformIdentifier)' == 'Windows') was evaluated as ('.NETCoreApp' == '.NETCoreApp' And '' == 'Windows').
   3:6>Target "ProcessFrameworkReferences" skipped. Previously built successfully.
   4:7>Target "_NormalizeTargetPlatformVersion" skipped, due to false condition; ('$(TargetPlatformVersion)' != '' and '$(TargetFrameworkIdentifier)' == '.NETCoreApp' and $([MSBuild]::VersionGreaterThanOrEquals($(TargetFrameworkVersion), 5.0)) and ('$(Language)' != 'C++' or '$(_EnablePackageReferencesInVCProjects)' == 'true')) was evaluated as ('' != '' and '.NETCoreApp' == '.NETCoreApp' and True and ('C#' != 'C++' or '' == 'true')).
   7:7>Done building target "ResolveLockFileReferences" in project "KChief.AlarmSystem.csproj".
   3:6>Target "_DefaultMicrosoftNETPlatformLibrary" in file "/usr/share/dotnet/sdk/8.0.415/Sdks/Microsoft.NET.Sdk/targets/Microsoft.NET.Sdk.Shared.targets" from project "/home/saidul/Desktop/K-Chief Marine Automation Platform/tests/KChief.Platform.Tests/KChief.Platform.Tests.csproj" (target "ResolvePackageAssets" depends on it):
   3:6>Done building target "_DefaultMicrosoftNETPlatformLibrary" in project "KChief.Platform.Tests.csproj".
   4:7>Target "_ComputeToolPackInputsToProcessFrameworkReferences" in file "/usr/share/dotnet/sdk/8.0.415/Sdks/Microsoft.NET.Sdk/targets/Microsoft.NET.Publish.targets" from project "/home/saidul/Desktop/K-Chief Marine Automation Platform/src/KChief.Protocols.Modbus/KChief.Protocols.Modbus.csproj" (target "ProcessFrameworkReferences" depends on it):
   4:7>Done building target "_ComputeToolPackInputsToProcessFrameworkReferences" in project "KChief.Protocols.Modbus.csproj".
   3:6>Target "_ComputePackageReferencePublish" in file "/usr/share/dotnet/sdk/8.0.415/Sdks/Microsoft.NET.Sdk/targets/Microsoft.NET.Sdk.Shared.targets" from project "/home/saidul/Desktop/K-Chief Marine Automation Platform/tests/KChief.Platform.Tests/KChief.Platform.Tests.csproj" (target "ResolvePackageAssets" depends on it):
   3:6>Done building target "_ComputePackageReferencePublish" in project "KChief.Platform.Tests.csproj".
   7:7>Target "ResolvePackageAssets" skipped. Previously built successfully.
   4:7>Target "ProcessFrameworkReferences" in file "/usr/share/dotnet/sdk/8.0.415/Sdks/Microsoft.NET.Sdk/targets/Microsoft.NET.Sdk.FrameworkReferenceResolution.targets" from project "/home/saidul/Desktop/K-Chief Marine Automation Platform/src/KChief.Protocols.Modbus/KChief.Protocols.Modbus.csproj" (target "CollectPackageReferences" depends on it):
   4:7>Using "CheckForDuplicateFrameworkReferences" task from assembly "/usr/share/dotnet/sdk/8.0.415/Sdks/Microsoft.NET.Sdk/targets/../tools/net8.0/Microsoft.NET.Build.Tasks.dll".
   3:6>Target "_ResolveCompilerVersion" skipped, due to false condition; ('$(CompilerApiVersion)' == '' And
                     ('$(Language)' == 'C#' Or '$(Language)' == 'VB') And
                     Exists('$(RoslynTargetsPath)\Microsoft.Build.Tasks.CodeAnalysis.dll')) was evaluated as ('roslyn4.11' == '' And
                     ('C#' == 'C#' Or 'C#' == 'VB') And
                     Exists('/usr/share/dotnet/sdk/8.0.415/Roslyn\Microsoft.Build.Tasks.CodeAnalysis.dll')).
   3:6>Target "ResolvePackageAssets" in file "/usr/share/dotnet/sdk/8.0.415/Sdks/Microsoft.NET.Sdk/targets/Microsoft.PackageDependencyResolution.targets" from project "/home/saidul/Desktop/K-Chief Marine Automation Platform/tests/KChief.Platform.Tests/KChief.Platform.Tests.csproj" (target "ResolveLockFileReferences" depends on it):
       Using "ResolvePackageAssets" task from assembly "/usr/share/dotnet/sdk/8.0.415/Sdks/Microsoft.NET.Sdk/targets/../tools/net8.0/Microsoft.NET.Build.Tasks.dll".
       Task "ResolvePackageAssets"
   4:7>Task "CheckForDuplicateFrameworkReferences"
   2:8>Done executing task "ProcessFrameworkReferences".
   7:7>Target "ResolveLockFileAnalyzers" in file "/usr/share/dotnet/sdk/8.0.415/Sdks/Microsoft.NET.Sdk/targets/Microsoft.PackageDependencyResolution.targets" from project "/home/saidul/Desktop/K-Chief Marine Automation Platform/src/KChief.AlarmSystem/KChief.AlarmSystem.csproj" (target "ResolvePackageDependenciesForBuild" depends on it):
   7:7>Done building target "ResolveLockFileAnalyzers" in project "KChief.AlarmSystem.csproj".
   4:7>Done executing task "CheckForDuplicateFrameworkReferences".
   2:8>ProcessFrameworkReferences:
       Using "ResolveAppHosts" task from assembly "/usr/share/dotnet/sdk/8.0.415/Sdks/Microsoft.NET.Sdk/targets/../tools/net8.0/Microsoft.NET.Build.Tasks.dll".
   4:7>ProcessFrameworkReferences:
       Using "ProcessFrameworkReferences" task from assembly "/usr/share/dotnet/sdk/8.0.415/Sdks/Microsoft.NET.Sdk/targets/../tools/net8.0/Microsoft.NET.Build.Tasks.dll".
   2:8>Task "ResolveAppHosts"
   4:7>Task "ProcessFrameworkReferences"
   7:7>Target "ResolvePackageAssets" skipped. Previously built successfully.
   2:8>Done executing task "ResolveAppHosts".
   4:7>Done executing task "ProcessFrameworkReferences".
   2:8>Done building target "ProcessFrameworkReferences" in project "KChief.VesselControl.csproj".
   4:7>ProcessFrameworkReferences:
       Using "ResolveAppHosts" task from assembly "/usr/share/dotnet/sdk/8.0.415/Sdks/Microsoft.NET.Sdk/targets/../tools/net8.0/Microsoft.NET.Build.Tasks.dll".
       Task "ResolveAppHosts"
   2:8>Target "IncludeTargetingPackReference" skipped, due to false condition; ('$(TargetFrameworkMoniker)' != '' and '$(TargetFrameworkIdentifier)' == '.NETFramework' and '$(AutomaticallyUseReferenceAssemblyPackages)' == 'true') was evaluated as ('.NETCoreApp,Version=v8.0' != '' and '.NETCoreApp' == '.NETFramework' and 'true' == 'true').
   4:7>Done executing task "ResolveAppHosts".
   7:7>Target "RunProduceContentAssets" skipped, due to false condition; ('@(_ContentFilesToPreprocess)' != '' and '$(_CleaningWithoutRebuilding)' != 'true') was evaluated as ('' != '' and '' != 'true').
   4:7>Done building target "ProcessFrameworkReferences" in project "KChief.Protocols.Modbus.csproj".
   2:8>Target "_AddMicrosoftNetCompilerToolsetFrameworkPackage" in file "/usr/share/dotnet/sdk/8.0.415/Sdks/Microsoft.NET.Sdk/targets/Microsoft.NET.Sdk.targets" from project "/home/saidul/Desktop/K-Chief Marine Automation Platform/src/KChief.VesselControl/KChief.VesselControl.csproj" (target "CollectPackageReferences" depends on it):
   2:8>Task "NETSdkWarning" skipped, due to false condition; ('@(PackageReference->AnyHaveMetadataValue('Identity', 'Microsoft.Net.Compilers.Toolset.Framework'))' == 'true') was evaluated as ('false' == 'true').
   2:8>Done building target "_AddMicrosoftNetCompilerToolsetFrameworkPackage" in project "KChief.VesselControl.csproj".
   4:7>Target "IncludeTargetingPackReference" skipped, due to false condition; ('$(TargetFrameworkMoniker)' != '' and '$(TargetFrameworkIdentifier)' == '.NETFramework' and '$(AutomaticallyUseReferenceAssemblyPackages)' == 'true') was evaluated as ('.NETCoreApp,Version=v8.0' != '' and '.NETCoreApp' == '.NETFramework' and 'true' == 'true').
   2:8>Target "_CheckForObsoleteDotNetCliToolReferences" in file "/usr/share/dotnet/sdk/8.0.415/Sdks/Microsoft.NET.Sdk/targets/Microsoft.NET.ObsoleteReferences.targets" from project "/home/saidul/Desktop/K-Chief Marine Automation Platform/src/KChief.VesselControl/KChief.VesselControl.csproj" (target "CollectPackageReferences" depends on it):
   2:8>Task "NETSdkWarning" skipped, due to false condition; ( '%(_ReferenceToObsoleteDotNetCliTool.Identity)' != '' ) was evaluated as ( '' != '' ).
   4:7>Target "_AddMicrosoftNetCompilerToolsetFrameworkPackage" in file "/usr/share/dotnet/sdk/8.0.415/Sdks/Microsoft.NET.Sdk/targets/Microsoft.NET.Sdk.targets" from project "/home/saidul/Desktop/K-Chief Marine Automation Platform/src/KChief.Protocols.Modbus/KChief.Protocols.Modbus.csproj" (target "CollectPackageReferences" depends on it):
   4:7>Task "NETSdkWarning" skipped, due to false condition; ('@(PackageReference->AnyHaveMetadataValue('Identity', 'Microsoft.Net.Compilers.Toolset.Framework'))' == 'true') was evaluated as ('false' == 'true').
   2:8>Done building target "_CheckForObsoleteDotNetCliToolReferences" in project "KChief.VesselControl.csproj".
   4:7>Done building target "_AddMicrosoftNetCompilerToolsetFrameworkPackage" in project "KChief.Protocols.Modbus.csproj".
   7:7>Target "ResolveLockFileCopyLocalFiles" in file "/usr/share/dotnet/sdk/8.0.415/Sdks/Microsoft.NET.Sdk/targets/Microsoft.PackageDependencyResolution.targets" from project "/home/saidul/Desktop/K-Chief Marine Automation Platform/src/KChief.AlarmSystem/KChief.AlarmSystem.csproj" (target "ResolvePackageDependenciesForBuild" depends on it):
   7:7>Done building target "ResolveLockFileCopyLocalFiles" in project "KChief.AlarmSystem.csproj".
   4:7>Target "_CheckForObsoleteDotNetCliToolReferences" in file "/usr/share/dotnet/sdk/8.0.415/Sdks/Microsoft.NET.Sdk/targets/Microsoft.NET.ObsoleteReferences.targets" from project "/home/saidul/Desktop/K-Chief Marine Automation Platform/src/KChief.Protocols.Modbus/KChief.Protocols.Modbus.csproj" (target "CollectPackageReferences" depends on it):
   4:7>Task "NETSdkWarning" skipped, due to false condition; ( '%(_ReferenceToObsoleteDotNetCliTool.Identity)' != '' ) was evaluated as ( '' != '' ).
   2:8>Target "CollectPackageReferences" in file "/usr/share/dotnet/sdk/8.0.415/NuGet.targets" from project "/home/saidul/Desktop/K-Chief Marine Automation Platform/src/KChief.VesselControl/KChief.VesselControl.csproj" (target "_GetRestoreProjectStyle" depends on it):
   2:8>Using "CheckForDuplicateNuGetItemsTask" task from assembly "/usr/share/dotnet/sdk/8.0.415/NuGet.Build.Tasks.dll".
   4:7>Done building target "_CheckForObsoleteDotNetCliToolReferences" in project "KChief.Protocols.Modbus.csproj".
   2:8>Task "CheckForDuplicateNuGetItemsTask"
   7:7>Target "ResolveRuntimePackAssets" skipped, due to false condition; ('@(RuntimePack)' != '') was evaluated as ('' != '').
   1:2>Project "/home/saidul/Desktop/K-Chief Marine Automation Platform/KChief.MarineAutomationPlatform.sln" (1:2) is building "/home/saidul/Desktop/K-Chief Marine Automation Platform/src/KChief.Platform.Core/KChief.Platform.Core.csproj" (10:13) on node 1 (default targets).
 10:13>Target "_CheckForUnsupportedTargetFramework" skipped, due to false condition; ('$(_UnsupportedTargetFrameworkError)' == 'true') was evaluated as ('' == 'true').
   2:8>Done executing task "CheckForDuplicateNuGetItemsTask".
   2:8>Done building target "CollectPackageReferences" in project "KChief.VesselControl.csproj".
   7:7>Target "RunProduceContentAssets" skipped, due to false condition; ('@(_ContentFilesToPreprocess)' != '' and '$(_CleaningWithoutRebuilding)' != 'true') was evaluated as ('' != '' and '' != 'true').
   2:8>Target "_GetRestoreProjectStyle" in file "/usr/share/dotnet/sdk/8.0.415/NuGet.targets" from project "/home/saidul/Desktop/K-Chief Marine Automation Platform/src/KChief.VesselControl/KChief.VesselControl.csproj" (target "EnableIntermediateOutputPathMismatchWarning" depends on it):
   2:8>Using "GetRestoreProjectStyleTask" task from assembly "/usr/share/dotnet/sdk/8.0.415/NuGet.Build.Tasks.dll".
       Task "GetRestoreProjectStyleTask"
   7:7>Target "ResolvePackageAssets" skipped. Previously built successfully.
   2:8>Done executing task "GetRestoreProjectStyleTask".
   2:8>Done building target "_GetRestoreProjectStyle" in project "KChief.VesselControl.csproj".
   2:8>Target "EnableIntermediateOutputPathMismatchWarning" in file "/usr/share/dotnet/sdk/8.0.415/NuGet.targets" from project "/home/saidul/Desktop/K-Chief Marine Automation Platform/src/KChief.VesselControl/KChief.VesselControl.csproj" (target "_CheckForInvalidConfigurationAndPlatform" depends on it):
   2:8>Done building target "EnableIntermediateOutputPathMismatchWarning" in project "KChief.VesselControl.csproj".
       Target "ApplyImplicitVersions" skipped. Previously built successfully.
   7:7>Target "IncludeTransitiveProjectReferences" in file "/usr/share/dotnet/sdk/8.0.415/Sdks/Microsoft.NET.Sdk/targets/Microsoft.PackageDependencyResolution.targets" from project "/home/saidul/Desktop/K-Chief Marine Automation Platform/src/KChief.AlarmSystem/KChief.AlarmSystem.csproj" (target "ResolvePackageDependenciesForBuild" depends on it):
   7:7>Done building target "IncludeTransitiveProjectReferences" in project "KChief.AlarmSystem.csproj".
   2:8>Target "CheckForImplicitPackageReferenceOverrides" skipped. Previously built successfully.
   2:8>Target "CheckForDuplicateItems" in file "/usr/share/dotnet/sdk/8.0.415/Sdks/Microsoft.NET.Sdk/targets/Microsoft.NET.Sdk.DefaultItems.Shared.targets" from project "/home/saidul/Desktop/K-Chief Marine Automation Platform/src/KChief.VesselControl/KChief.VesselControl.csproj" (target "_CheckForInvalidConfigurationAndPlatform" depends on it):
       Using "CheckForDuplicateItems" task from assembly "/usr/share/dotnet/sdk/8.0.415/Sdks/Microsoft.NET.Sdk/targets/../tools/net8.0/Microsoft.NET.Build.Tasks.dll".
   5:7>Done building target "ResolvePackageAssets" in project "KChief.Protocols.OPC.csproj".
   2:8>Task "CheckForDuplicateItems"
       Done executing task "CheckForDuplicateItems".
   5:7>Target "AdjustDefaultPlatformTargetForNetFrameworkExeWithNoNativeCopyLocalItems" skipped, due to false condition; ('$(_UsingDefaultPlatformTarget)' == 'true' and
                     '$(_UsingDefaultRuntimeIdentifier)' == 'true') was evaluated as ('true' == 'true' and
                     '' == 'true').
   2:8>Task "CheckForDuplicateItems"
   7:7>Target "ResolvePackageDependenciesForBuild" in file "/usr/share/dotnet/sdk/8.0.415/Sdks/Microsoft.NET.Sdk/targets/Microsoft.PackageDependencyResolution.targets" from project "/home/saidul/Desktop/K-Chief Marine Automation Platform/src/KChief.AlarmSystem/KChief.AlarmSystem.csproj" (target "AssignProjectConfiguration" depends on it):
   7:7>Done building target "ResolvePackageDependenciesForBuild" in project "KChief.AlarmSystem.csproj".
   2:8>Done executing task "CheckForDuplicateItems".
       Task "CheckForDuplicateItems"
   5:7>Target "_CheckForTransitiveWindowsDesktopDependencies" in file "/usr/share/dotnet/sdk/8.0.415/Sdks/Microsoft.NET.Sdk/targets/Microsoft.NET.Sdk.DefaultItems.Shared.targets" from project "/home/saidul/Desktop/K-Chief Marine Automation Platform/src/KChief.Protocols.OPC/KChief.Protocols.OPC.csproj" (target "ResolveLockFileReferences" depends on it):
   5:7>Task "NetSdkError" skipped, due to false condition; ('@(_WindowsDesktopTransitiveFrameworkReference)' != '') was evaluated as ('' != '').
   2:8>Done executing task "CheckForDuplicateItems".
   7:7>Target "_Microsoft_Extensions_OptionsAnalyzerMultiTargeting" skipped, due to false condition; ('$(SupportsRoslynComponentVersioning)' != 'true') was evaluated as ('true' != 'true').
   2:8>Done building target "CheckForDuplicateItems" in project "KChief.VesselControl.csproj".
   5:7>Done building target "_CheckForTransitiveWindowsDesktopDependencies" in project "KChief.Protocols.OPC.csproj".
   2:8>Target "WarnForExplicitVersions" skipped, due to false condition; ('@(SdkBuildWarning)' != '') was evaluated as ('' != '').
       Target "_CheckForFailedSDKResolution" skipped, due to false condition; ('$(SdkResolverHonoredGlobalJson)' == 'false') was evaluated as ('' == 'false').
   7:7>Target "_Microsoft_Extensions_OptionsRemoveAnalyzers" skipped, due to false condition; ('$(DisableMicrosoftExtensionsOptionsSourceGenerator)' == 'true') was evaluated as ('' == 'true').
   2:8>Target "_WarnWhenUsingNET8AndVSPriorTo178" skipped, due to false condition; ($([MSBuild]::VersionLessThan($(MSBuildVersion), '17.8.0')) and '$(TargetFrameworkIdentifier)' == '.NETCoreApp' and $([MSBuild]::VersionGreaterThanOrEquals($(_TargetFrameworkVersionWithoutV), '8.0'))) was evaluated as (False and '.NETCoreApp' == '.NETCoreApp' and True).
   5:7>Target "AddTransitiveFrameworkReferences" in file "/usr/share/dotnet/sdk/8.0.415/Sdks/Microsoft.NET.Sdk/targets/Microsoft.NET.Sdk.FrameworkReferenceResolution.targets" from project "/home/saidul/Desktop/K-Chief Marine Automation Platform/src/KChief.Protocols.OPC/KChief.Protocols.OPC.csproj" (target "ResolveLockFileReferences" depends on it):
   5:7>Done building target "AddTransitiveFrameworkReferences" in project "KChief.Protocols.OPC.csproj".
   2:8>Target "_CheckForInvalidWindowsDesktopTargetingConfiguration" skipped, due to false condition; ('$(TargetFrameworkIdentifier)' == '.NETCoreApp' and $([MSBuild]::VersionGreaterThanOrEquals($(_TargetFrameworkVersionWithoutV), '5.0')) and ('$(UseWindowsForms)' == 'true' or '$(UseWPF)' == 'true')) was evaluated as ('.NETCoreApp' == '.NETCoreApp' and True and ('' == 'true' or '' == 'true')).
       Target "_CheckForUnnecessaryWindowsDesktopSDK" skipped, due to false condition; ('$(TargetFrameworkIdentifier)' == '.NETCoreApp' and $([MSBuild]::VersionGreaterThanOrEquals($(_TargetFrameworkVersionWithoutV), '5.0')) and '$(_MicrosoftWindowsDesktopSdkImported)' == 'true' and '$(TargetFrameworks)' == '') was evaluated as ('.NETCoreApp' == '.NETCoreApp' and True and '' == 'true' and '' == '').
   7:7>Target "_Microsoft_Extensions_Logging_AbstractionsAnalyzerMultiTargeting" skipped, due to false condition; ('$(SupportsRoslynComponentVersioning)' != 'true') was evaluated as ('true' != 'true').
   2:8>Target "ProcessFrameworkReferences" skipped. Previously built successfully.
   5:7>Target "ResolveLockFileReferences" in file "/usr/share/dotnet/sdk/8.0.415/Sdks/Microsoft.NET.Sdk/targets/Microsoft.PackageDependencyResolution.targets" from project "/home/saidul/Desktop/K-Chief Marine Automation Platform/src/KChief.Protocols.OPC/KChief.Protocols.OPC.csproj" (target "ResolvePackageDependenciesForBuild" depends on it):
   5:7>Using "JoinItems" task from assembly "/usr/share/dotnet/sdk/8.0.415/Sdks/Microsoft.NET.Sdk/targets/../tools/net8.0/Microsoft.NET.Build.Tasks.dll".
   2:8>Target "IncludeTargetingPackReference" skipped, due to false condition; ('$(TargetFrameworkMoniker)' != '' and '$(TargetFrameworkIdentifier)' == '.NETFramework' and '$(AutomaticallyUseReferenceAssemblyPackages)' == 'true') was evaluated as ('.NETCoreApp,Version=v8.0' != '' and '.NETCoreApp' == '.NETFramework' and 'true' == 'true').
   5:7>Task "JoinItems"
   2:8>Target "_CheckForInvalidConfigurationAndPlatform" in file "/usr/share/dotnet/sdk/8.0.415/Microsoft.Common.CurrentVersion.targets" from project "/home/saidul/Desktop/K-Chief Marine Automation Platform/src/KChief.VesselControl/KChief.VesselControl.csproj" (target "BeforeBuild" depends on it):
   2:8>Task "Error" skipped, due to false condition; ( '$(_InvalidConfigurationError)' == 'true' ) was evaluated as ( '' == 'true' ).
   5:7>Done executing task "JoinItems".
   7:7>Target "_Microsoft_Extensions_Logging_AbstractionsRemoveAnalyzers" skipped, due to false condition; ('$(DisableMicrosoftExtensionsLoggingSourceGenerator)' == 'true') was evaluated as ('' == 'true').
   2:8>_CheckForInvalidConfigurationAndPlatform:
       Task "Warning" skipped, due to false condition; ( '$(_InvalidConfigurationWarning)' == 'true' ) was evaluated as ( '' == 'true' ).
   5:7>Done building target "ResolveLockFileReferences" in project "KChief.Protocols.OPC.csproj".
   2:8>Task "Message"
         Configuration=Release
   5:7>Target "ResolvePackageAssets" skipped. Previously built successfully.
   2:8>Done executing task "Message".
       Task "Message"
         Platform=AnyCPU
   7:7>Target "AssignProjectConfiguration" in file "/usr/share/dotnet/sdk/8.0.415/Microsoft.Common.CurrentVersion.targets" from project "/home/saidul/Desktop/K-Chief Marine Automation Platform/src/KChief.AlarmSystem/KChief.AlarmSystem.csproj" (target "ResolveReferences" depends on it):
   7:7>Using "AssignProjectConfiguration" task from assembly "Microsoft.Build.Tasks.Core, Version=15.1.0.0, Culture=neutral, PublicKeyToken=b03f5f7f11d50a3a".
   5:7>Target "ResolveLockFileAnalyzers" in file "/usr/share/dotnet/sdk/8.0.415/Sdks/Microsoft.NET.Sdk/targets/Microsoft.PackageDependencyResolution.targets" from project "/home/saidul/Desktop/K-Chief Marine Automation Platform/src/KChief.Protocols.OPC/KChief.Protocols.OPC.csproj" (target "ResolvePackageDependenciesForBuild" depends on it):
   5:7>Done building target "ResolveLockFileAnalyzers" in project "KChief.Protocols.OPC.csproj".
   2:8>Done executing task "Message".
   5:7>Target "ResolvePackageAssets" skipped. Previously built successfully.
   2:8>_CheckForInvalidConfigurationAndPlatform:
       Task "Error" skipped, due to false condition; ('$(OutDir)' != '' and !HasTrailingSlash('$(OutDir)')) was evaluated as ('bin/Release/net8.0/' != '' and !HasTrailingSlash('bin/Release/net8.0/')).
       Task "Error" skipped, due to false condition; ('$(IntermediateOutputPath)' != '' and !HasTrailingSlash('$(IntermediateOutputPath)')) was evaluated as ('obj/Release/net8.0/' != '' and !HasTrailingSlash('obj/Release/net8.0/')).
   5:7>Target "RunProduceContentAssets" skipped, due to false condition; ('@(_ContentFilesToPreprocess)' != '' and '$(_CleaningWithoutRebuilding)' != 'true') was evaluated as ('' != '' and '' != 'true').
   7:7>Task "AssignProjectConfiguration"
   2:8>_CheckForInvalidConfigurationAndPlatform:
       Task "Error" skipped, due to false condition; ('$(BaseIntermediateOutputPath)' != '' and !HasTrailingSlash('$(BaseIntermediateOutputPath)')) was evaluated as ('obj/' != '' and !HasTrailingSlash('obj/')).
       Task "MSBuildInternalMessage" skipped, due to false condition; ( '$(Prefer32Bit)' == 'true' and '$(PreferNativeArm64)' == 'true' ) was evaluated as ( 'false' == 'true' and '' == 'true' ).
       Task "MSBuildInternalMessage" skipped, due to false condition; ( '$(NoWin32Manifest)' == 'true' and '$(PreferNativeArm64)' == 'true' ) was evaluated as ( '' == 'true' and '' == 'true' ).
   5:7>Target "ResolveLockFileCopyLocalFiles" in file "/usr/share/dotnet/sdk/8.0.415/Sdks/Microsoft.NET.Sdk/targets/Microsoft.PackageDependencyResolution.targets" from project "/home/saidul/Desktop/K-Chief Marine Automation Platform/src/KChief.Protocols.OPC/KChief.Protocols.OPC.csproj" (target "ResolvePackageDependenciesForBuild" depends on it):
   5:7>Done building target "ResolveLockFileCopyLocalFiles" in project "KChief.Protocols.OPC.csproj".
   7:7>AssignProjectConfiguration:
         Project reference "../KChief.Platform.Core/KChief.Platform.Core.csproj" has been assigned the "Release|AnyCPU" configuration.
   2:8>_CheckForInvalidConfigurationAndPlatform:
       Task "MSBuildInternalMessage" skipped, due to false condition; ( '$(PreferNativeArm64)' == 'true' and '$(Platform)' != 'AnyCPU' ) was evaluated as ( '' == 'true' and 'AnyCPU' != 'AnyCPU' ).
   5:7>Target "ResolveRuntimePackAssets" skipped, due to false condition; ('@(RuntimePack)' != '') was evaluated as ('' != '').
       Target "RunProduceContentAssets" skipped, due to false condition; ('@(_ContentFilesToPreprocess)' != '' and '$(_CleaningWithoutRebuilding)' != 'true') was evaluated as ('' != '' and '' != 'true').
   2:8>_CheckForInvalidConfigurationAndPlatform:
       Task "Error" skipped, due to false condition; ( '$(_InitialMSBuildProjectExtensionsPath)' != '' And '$(MSBuildProjectExtensionsPath)' != '$(_InitialMSBuildProjectExtensionsPath)' ) was evaluated as ( '/home/saidul/Desktop/K-Chief Marine Automation Platform/src/KChief.VesselControl/obj/' != '' And '/home/saidul/Desktop/K-Chief Marine Automation Platform/src/KChief.VesselControl/obj/' != '/home/saidul/Desktop/K-Chief Marine Automation Platform/src/KChief.VesselControl/obj/' ).
   5:7>Target "ResolvePackageAssets" skipped. Previously built successfully.
   7:7>Done executing task "AssignProjectConfiguration".
   2:8>_CheckForInvalidConfigurationAndPlatform:
       Task "Warning" skipped, due to false condition; ( '$(EnableBaseIntermediateOutputPathMismatchWarning)' == 'true' And '$(_InitialBaseIntermediateOutputPath)' != '$(BaseIntermediateOutputPath)' And '$(BaseIntermediateOutputPath)' != '$(MSBuildProjectExtensionsPath)' ) was evaluated as ( 'true' == 'true' And 'obj/' != 'obj/' And 'obj/' != '/home/saidul/Desktop/K-Chief Marine Automation Platform/src/KChief.VesselControl/obj/' ).
   2:8>Done building target "_CheckForInvalidConfigurationAndPlatform" in project "KChief.VesselControl.csproj".
 10:13>Target "_CollectTargetFrameworkForTelemetry" in file "/usr/share/dotnet/sdk/8.0.415/Sdks/Microsoft.NET.Sdk/targets/Microsoft.NET.TargetFrameworkInference.targets" from project "/home/saidul/Desktop/K-Chief Marine Automation Platform/src/KChief.Platform.Core/KChief.Platform.Core.csproj" (target "_CheckForInvalidConfigurationAndPlatform" depends on it):
 10:13>Using "AllowEmptyTelemetry" task from assembly "/usr/share/dotnet/sdk/8.0.415/Sdks/Microsoft.NET.Sdk/targets/../tools/net8.0/Microsoft.NET.Build.Tasks.dll".
   5:7>Target "IncludeTransitiveProjectReferences" in file "/usr/share/dotnet/sdk/8.0.415/Sdks/Microsoft.NET.Sdk/targets/Microsoft.PackageDependencyResolution.targets" from project "/home/saidul/Desktop/K-Chief Marine Automation Platform/src/KChief.Protocols.OPC/KChief.Protocols.OPC.csproj" (target "ResolvePackageDependenciesForBuild" depends on it):
   5:7>Done building target "IncludeTransitiveProjectReferences" in project "KChief.Protocols.OPC.csproj".
   7:7>Done building target "AssignProjectConfiguration" in project "KChief.AlarmSystem.csproj".
   2:8>Target "ValidateCommandLineProperties" in file "/usr/share/dotnet/sdk/8.0.415/Sdks/Microsoft.NET.Sdk/targets/Microsoft.NET.Sdk.targets" from project "/home/saidul/Desktop/K-Chief Marine Automation Platform/src/KChief.VesselControl/KChief.VesselControl.csproj" (target "BeforeBuild" depends on it):
   2:8>Done building target "ValidateCommandLineProperties" in project "KChief.VesselControl.csproj".
 10:13>Task "AllowEmptyTelemetry"
   2:8>Target "BeforeBuild" in file "/usr/share/dotnet/sdk/8.0.415/Microsoft.Common.CurrentVersion.targets" from project "/home/saidul/Desktop/K-Chief Marine Automation Platform/src/KChief.VesselControl/KChief.VesselControl.csproj" (target "Build" depends on it):
   2:8>Done building target "BeforeBuild" in project "KChief.VesselControl.csproj".
   7:7>Target "AssignProjectConfiguration" skipped. Previously built successfully.
   2:8>Target "_CheckForBuildWithNoBuild" skipped, due to false condition; ('$(NoBuild)' == 'true' and '$(GeneratePackageOnBuild)' != 'true') was evaluated as ('' == 'true' and 'false' != 'true').
   5:7>Target "ResolvePackageDependenciesForBuild" in file "/usr/share/dotnet/sdk/8.0.415/Sdks/Microsoft.NET.Sdk/targets/Microsoft.PackageDependencyResolution.targets" from project "/home/saidul/Desktop/K-Chief Marine Automation Platform/src/KChief.Protocols.OPC/KChief.Protocols.OPC.csproj" (target "AssignProjectConfiguration" depends on it):
   5:7>Done building target "ResolvePackageDependenciesForBuild" in project "KChief.Protocols.OPC.csproj".
   2:8>Target "BuildOnlySettings" in file "/usr/share/dotnet/sdk/8.0.415/Microsoft.Common.CurrentVersion.targets" from project "/home/saidul/Desktop/K-Chief Marine Automation Platform/src/KChief.VesselControl/KChief.VesselControl.csproj" (target "CoreBuild" depends on it):
   2:8>Done building target "BuildOnlySettings" in project "KChief.VesselControl.csproj".
   5:7>Target "_Microsoft_Extensions_Logging_AbstractionsAnalyzerMultiTargeting" skipped, due to false condition; ('$(SupportsRoslynComponentVersioning)' != 'true') was evaluated as ('true' != 'true').
   2:8>Target "_CheckForUnsupportedTargetFramework" skipped, due to false condition; ('$(_UnsupportedTargetFrameworkError)' == 'true') was evaluated as ('' == 'true').
   5:7>Target "_Microsoft_Extensions_Logging_AbstractionsRemoveAnalyzers" skipped, due to false condition; ('$(DisableMicrosoftExtensionsLoggingSourceGenerator)' == 'true') was evaluated as ('' == 'true').
   2:8>Target "_CheckForUnsupportedTargetPlatformIdentifier" skipped, due to false condition; ('$(TargetPlatformIdentifier)' != '' and '$(TargetFrameworkIdentifier)' == '.NETCoreApp' and $([MSBuild]::VersionGreaterThanOrEquals($(TargetFrameworkVersion), 5.0)) And ('$(DesignTimeBuild)' != 'true' Or '@(MissingWorkloadPack)' == '')) was evaluated as ('' != '' and '.NETCoreApp' == '.NETCoreApp' and True And ('' != 'true' Or '' == '')).
   7:7>Target "_SplitProjectReferencesByFileExistence" in file "/usr/share/dotnet/sdk/8.0.415/Microsoft.Common.CurrentVersion.targets" from project "/home/saidul/Desktop/K-Chief Marine Automation Platform/src/KChief.AlarmSystem/KChief.AlarmSystem.csproj" (target "PrepareProjectReferences" depends on it):
   7:7>Task "ResolveNonMSBuildProjectOutput" skipped, due to false condition; ('$(BuildingInsideVisualStudio)'=='true' and '@(ProjectReferenceWithConfiguration)'!='') was evaluated as (''=='true' and '../KChief.Platform.Core/KChief.Platform.Core.csproj'!='').
   5:7>Target "_Microsoft_Extensions_OptionsAnalyzerMultiTargeting" skipped, due to false condition; ('$(SupportsRoslynComponentVersioning)' != 'true') was evaluated as ('true' != 'true').
   2:8>Target "_CheckForMissingWorkload" skipped, due to false condition; ('@(MissingWorkloadPack)' != '' And '$(DesignTimeBuild)' != 'true') was evaluated as ('' != '' And '' != 'true').
   5:7>Target "_Microsoft_Extensions_OptionsRemoveAnalyzers" skipped, due to false condition; ('$(DisableMicrosoftExtensionsOptionsSourceGenerator)' == 'true') was evaluated as ('' == 'true').
   2:8>Target "GetFrameworkPaths" in file "/usr/share/dotnet/sdk/8.0.415/Sdks/Microsoft.NET.Sdk/targets/Microsoft.NET.DisableStandardFrameworkResolution.targets" from project "/home/saidul/Desktop/K-Chief Marine Automation Platform/src/KChief.VesselControl/KChief.VesselControl.csproj" (target "PrepareForBuild" depends on it):
   2:8>Done building target "GetFrameworkPaths" in project "KChief.VesselControl.csproj".
   8:8>GenerateGlobalUsings:
         Skipping write to file "obj/Release/net8.0/KChief.DataAccess.GlobalUsings.g.cs" because content would not change.
   7:7>Done building target "_SplitProjectReferencesByFileExistence" in project "KChief.AlarmSystem.csproj".
   2:8>Target "_CheckForUnsupportedTargetFramework" skipped, due to false condition; ('$(_UnsupportedTargetFrameworkError)' == 'true') was evaluated as ('' == 'true').
   8:8>Done executing task "WriteLinesToFile".
   2:8>Target "_CheckForUnsupportedTargetPlatformIdentifier" skipped, due to false condition; ('$(TargetPlatformIdentifier)' != '' and '$(TargetFrameworkIdentifier)' == '.NETCoreApp' and $([MSBuild]::VersionGreaterThanOrEquals($(TargetFrameworkVersion), 5.0)) And ('$(DesignTimeBuild)' != 'true' Or '@(MissingWorkloadPack)' == '')) was evaluated as ('' != '' and '.NETCoreApp' == '.NETCoreApp' and True And ('' != 'true' Or '' == '')).
   5:7>Target "AssignProjectConfiguration" in file "/usr/share/dotnet/sdk/8.0.415/Microsoft.Common.CurrentVersion.targets" from project "/home/saidul/Desktop/K-Chief Marine Automation Platform/src/KChief.Protocols.OPC/KChief.Protocols.OPC.csproj" (target "ResolveReferences" depends on it):
   5:7>Using "AssignProjectConfiguration" task from assembly "Microsoft.Build.Tasks.Core, Version=15.1.0.0, Culture=neutral, PublicKeyToken=b03f5f7f11d50a3a".
   2:8>Target "_CheckForMissingWorkload" skipped, due to false condition; ('@(MissingWorkloadPack)' != '' And '$(DesignTimeBuild)' != 'true') was evaluated as ('' != '' And '' != 'true').
   8:8>Done building target "GenerateGlobalUsings" in project "KChief.DataAccess.csproj".
   5:7>Task "AssignProjectConfiguration"
         Project reference "../KChief.Platform.Core/KChief.Platform.Core.csproj" has been assigned the "Release|AnyCPU" configuration.
   8:8>Target "PreBuildEvent" skipped, due to false condition; ('$(PreBuildEvent)'!='') was evaluated as (''!='').
   2:8>Target "GetReferenceAssemblyPaths" in file "/usr/share/dotnet/sdk/8.0.415/Sdks/Microsoft.NET.Sdk/targets/Microsoft.NET.DisableStandardFrameworkResolution.targets" from project "/home/saidul/Desktop/K-Chief Marine Automation Platform/src/KChief.VesselControl/KChief.VesselControl.csproj" (target "PrepareForBuild" depends on it):
   2:8>Done building target "GetReferenceAssemblyPaths" in project "KChief.VesselControl.csproj".
   5:7>Done executing task "AssignProjectConfiguration".
   7:7>Target "_AddOutputPathToGlobalPropertiesToRemove" in file "/usr/share/dotnet/sdk/8.0.415/Microsoft.Common.CurrentVersion.targets" from project "/home/saidul/Desktop/K-Chief Marine Automation Platform/src/KChief.AlarmSystem/KChief.AlarmSystem.csproj" (target "_GetProjectReferenceTargetFrameworkProperties" depends on it):
   7:7>Done building target "_AddOutputPathToGlobalPropertiesToRemove" in project "KChief.AlarmSystem.csproj".
   2:8>Target "AssignLinkMetadata" skipped, due to false condition; ( '$(SynthesizeLinkMetadata)' == 'true' ) was evaluated as ( '' == 'true' ).
   5:7>Done building target "AssignProjectConfiguration" in project "KChief.Protocols.OPC.csproj".
   8:8>Target "BeforeResolveReferences" in file "/usr/share/dotnet/sdk/8.0.415/Microsoft.Common.CurrentVersion.targets" from project "/home/saidul/Desktop/K-Chief Marine Automation Platform/src/KChief.DataAccess/KChief.DataAccess.csproj" (target "ResolveReferences" depends on it):
   8:8>Done building target "BeforeResolveReferences" in project "KChief.DataAccess.csproj".
   5:7>Target "AssignProjectConfiguration" skipped. Previously built successfully.
   2:8>Target "_VerifyPackReleaseConfigurations" skipped, due to false condition; ('$(_IsPacking)' == 'true' and '$(DOTNET_CLI_DISABLE_PUBLISH_AND_PACK_RELEASE)' != 'true' and '$(DOTNET_CLI_LAZY_PUBLISH_AND_PACK_RELEASE_FOR_SOLUTIONS)' == 'true') was evaluated as ('' == 'true' and '' != 'true' and '' == 'true').
   8:8>Target "IgnoreJavaScriptOutputAssembly" in file "/usr/share/dotnet/sdk/8.0.415/Microsoft.Common.CurrentVersion.targets" from project "/home/saidul/Desktop/K-Chief Marine Automation Platform/src/KChief.DataAccess/KChief.DataAccess.csproj" (target "AssignProjectConfiguration" depends on it):
   8:8>Done building target "IgnoreJavaScriptOutputAssembly" in project "KChief.DataAccess.csproj".
   5:7>Target "_SplitProjectReferencesByFileExistence" in file "/usr/share/dotnet/sdk/8.0.415/Microsoft.Common.CurrentVersion.targets" from project "/home/saidul/Desktop/K-Chief Marine Automation Platform/src/KChief.Protocols.OPC/KChief.Protocols.OPC.csproj" (target "PrepareProjectReferences" depends on it):
   5:7>Task "ResolveNonMSBuildProjectOutput" skipped, due to false condition; ('$(BuildingInsideVisualStudio)'=='true' and '@(ProjectReferenceWithConfiguration)'!='') was evaluated as (''=='true' and '../KChief.Platform.Core/KChief.Platform.Core.csproj'!='').
   2:8>Target "PrepareForBuild" in file "/usr/share/dotnet/sdk/8.0.415/Microsoft.Common.CurrentVersion.targets" from project "/home/saidul/Desktop/K-Chief Marine Automation Platform/src/KChief.VesselControl/KChief.VesselControl.csproj" (target "CoreBuild" depends on it):
   2:8>Using "FindAppConfigFile" task from assembly "Microsoft.Build.Tasks.Core, Version=15.1.0.0, Culture=neutral, PublicKeyToken=b03f5f7f11d50a3a".
   5:7>Done building target "_SplitProjectReferencesByFileExistence" in project "KChief.Protocols.OPC.csproj".
   2:8>Task "FindAppConfigFile"
       Done executing task "FindAppConfigFile".
   5:7>Target "_AddOutputPathToGlobalPropertiesToRemove" in file "/usr/share/dotnet/sdk/8.0.415/Microsoft.Common.CurrentVersion.targets" from project "/home/saidul/Desktop/K-Chief Marine Automation Platform/src/KChief.Protocols.OPC/KChief.Protocols.OPC.csproj" (target "_GetProjectReferenceTargetFrameworkProperties" depends on it):
   5:7>Done building target "_AddOutputPathToGlobalPropertiesToRemove" in project "KChief.Protocols.OPC.csproj".
   7:7>Target "_GetProjectReferenceTargetFrameworkProperties" in file "/usr/share/dotnet/sdk/8.0.415/Microsoft.Common.CurrentVersion.targets" from project "/home/saidul/Desktop/K-Chief Marine Automation Platform/src/KChief.AlarmSystem/KChief.AlarmSystem.csproj" (target "PrepareProjectReferences" depends on it):
   7:7>Task "MSBuild"
   2:8>PrepareForBuild:
       Using "MakeDir" task from assembly "Microsoft.Build.Tasks.Core, Version=15.1.0.0, Culture=neutral, PublicKeyToken=b03f5f7f11d50a3a".
       Task "MakeDir"
   5:7>Target "_GetProjectReferenceTargetFrameworkProperties" in file "/usr/share/dotnet/sdk/8.0.415/Microsoft.Common.CurrentVersion.targets" from project "/home/saidul/Desktop/K-Chief Marine Automation Platform/src/KChief.Protocols.OPC/KChief.Protocols.OPC.csproj" (target "PrepareProjectReferences" depends on it):
   5:7>Task "MSBuild"
   2:8>Done executing task "MakeDir".
   7:7>_GetProjectReferenceTargetFrameworkProperties:
         Global Properties:
   5:7>_GetProjectReferenceTargetFrameworkProperties:
         Global Properties:
   2:8>Done building target "PrepareForBuild" in project "KChief.VesselControl.csproj".
   2:8>Target "GenerateGlobalUsings" in file "/usr/share/dotnet/sdk/8.0.415/Sdks/Microsoft.NET.Sdk/targets/Microsoft.NET.GenerateGlobalUsings.targets" from project "/home/saidul/Desktop/K-Chief Marine Automation Platform/src/KChief.VesselControl/KChief.VesselControl.csproj" (target "CoreBuild" depends on it):
       Using "GenerateGlobalUsings" task from assembly "/usr/share/dotnet/sdk/8.0.415/Sdks/Microsoft.NET.Sdk/targets/../tools/net8.0/Microsoft.NET.Build.Tasks.dll".
       Task "GenerateGlobalUsings"
       Done executing task "GenerateGlobalUsings".
       Using "WriteLinesToFile" task from assembly "Microsoft.Build.Tasks.Core, Version=15.1.0.0, Culture=neutral, PublicKeyToken=b03f5f7f11d50a3a".
       Task "WriteLinesToFile"
         Skipping write to file "obj/Release/net8.0/KChief.VesselControl.GlobalUsings.g.cs" because content would not change.
   8:8>Target "ProcessFrameworkReferences" skipped. Previously built successfully.
 10:13>Done executing task "AllowEmptyTelemetry".
   8:8>Target "_DefaultMicrosoftNETPlatformLibrary" in file "/usr/share/dotnet/sdk/8.0.415/Sdks/Microsoft.NET.Sdk/targets/Microsoft.NET.Sdk.Shared.targets" from project "/home/saidul/Desktop/K-Chief Marine Automation Platform/src/KChief.DataAccess/KChief.DataAccess.csproj" (target "ResolvePackageAssets" depends on it):
   8:8>Done building target "_DefaultMicrosoftNETPlatformLibrary" in project "KChief.DataAccess.csproj".
 10:13>Done building target "_CollectTargetFrameworkForTelemetry" in project "KChief.Platform.Core.csproj".
   8:8>Target "_ComputePackageReferencePublish" in file "/usr/share/dotnet/sdk/8.0.415/Sdks/Microsoft.NET.Sdk/targets/Microsoft.NET.Sdk.Shared.targets" from project "/home/saidul/Desktop/K-Chief Marine Automation Platform/src/KChief.DataAccess/KChief.DataAccess.csproj" (target "ResolvePackageAssets" depends on it):
   8:8>Done building target "_ComputePackageReferencePublish" in project "KChief.DataAccess.csproj".
       Target "_ResolveCompilerVersion" skipped, due to false condition; ('$(CompilerApiVersion)' == '' And
                            ('$(Language)' == 'C#' Or '$(Language)' == 'VB') And
                            Exists('$(RoslynTargetsPath)\Microsoft.Build.Tasks.CodeAnalysis.dll')) was evaluated as ('roslyn4.11' == '' And
                            ('C#' == 'C#' Or 'C#' == 'VB') And
                            Exists('/usr/share/dotnet/sdk/8.0.415/Roslyn\Microsoft.Build.Tasks.CodeAnalysis.dll')).
   5:7>_GetProjectReferenceTargetFrameworkProperties:
           Configuration=Release
           Platform=AnyCPU
   8:8>Target "ResolvePackageAssets" in file "/usr/share/dotnet/sdk/8.0.415/Sdks/Microsoft.NET.Sdk/targets/Microsoft.PackageDependencyResolution.targets" from project "/home/saidul/Desktop/K-Chief Marine Automation Platform/src/KChief.DataAccess/KChief.DataAccess.csproj" (target "ResolveLockFileReferences" depends on it):
   8:8>Using "ResolvePackageAssets" task from assembly "/usr/share/dotnet/sdk/8.0.415/Sdks/Microsoft.NET.Sdk/targets/../tools/net8.0/Microsoft.NET.Build.Tasks.dll".
   5:7>_GetProjectReferenceTargetFrameworkProperties:
         Removing Properties:
   8:8>Task "ResolvePackageAssets"
   5:7>_GetProjectReferenceTargetFrameworkProperties:
           TargetFramework
   8:8>Done executing task "ResolvePackageAssets".
   5:7>_GetProjectReferenceTargetFrameworkProperties:
           RuntimeIdentifier
 10:13>Target "_CheckForUnsupportedTargetPlatformIdentifier" skipped, due to false condition; ('$(TargetPlatformIdentifier)' != '' and '$(TargetFrameworkIdentifier)' == '.NETCoreApp' and $([MSBuild]::VersionGreaterThanOrEquals($(TargetFrameworkVersion), 5.0)) And ('$(DesignTimeBuild)' != 'true' Or '@(MissingWorkloadPack)' == '')) was evaluated as ('' != '' and '.NETCoreApp' == '.NETCoreApp' and True And ('' != 'true' Or '' == '')).
   4:7>Target "CollectPackageReferences" in file "/usr/share/dotnet/sdk/8.0.415/NuGet.targets" from project "/home/saidul/Desktop/K-Chief Marine Automation Platform/src/KChief.Protocols.Modbus/KChief.Protocols.Modbus.csproj" (target "_GetRestoreProjectStyle" depends on it):
   4:7>Using "CheckForDuplicateNuGetItemsTask" task from assembly "/usr/share/dotnet/sdk/8.0.415/NuGet.Build.Tasks.dll".
   8:8>Done building target "ResolvePackageAssets" in project "KChief.DataAccess.csproj".
   7:7>_GetProjectReferenceTargetFrameworkProperties:
           Configuration=Release
   5:7>_GetProjectReferenceTargetFrameworkProperties:
           SelfContained
   4:7>Task "CheckForDuplicateNuGetItemsTask"
   8:8>Target "AdjustDefaultPlatformTargetForNetFrameworkExeWithNoNativeCopyLocalItems" skipped, due to false condition; ('$(_UsingDefaultPlatformTarget)' == 'true' and
                     '$(_UsingDefaultRuntimeIdentifier)' == 'true') was evaluated as ('true' == 'true' and
                     '' == 'true').
 10:13>Target "_CheckForMissingWorkload" skipped, due to false condition; ('@(MissingWorkloadPack)' != '' And '$(DesignTimeBuild)' != 'true') was evaluated as ('' != '' And '' != 'true').
   4:7>Done executing task "CheckForDuplicateNuGetItemsTask".
   4:7>Done building target "CollectPackageReferences" in project "KChief.Protocols.Modbus.csproj".
   4:7>Target "_GetRestoreProjectStyle" in file "/usr/share/dotnet/sdk/8.0.415/NuGet.targets" from project "/home/saidul/Desktop/K-Chief Marine Automation Platform/src/KChief.Protocols.Modbus/KChief.Protocols.Modbus.csproj" (target "EnableIntermediateOutputPathMismatchWarning" depends on it):
       Using "GetRestoreProjectStyleTask" task from assembly "/usr/share/dotnet/sdk/8.0.415/NuGet.Build.Tasks.dll".
       Task "GetRestoreProjectStyleTask"
       Done executing task "GetRestoreProjectStyleTask".
   4:7>Done building target "_GetRestoreProjectStyle" in project "KChief.Protocols.Modbus.csproj".
   4:7>Target "EnableIntermediateOutputPathMismatchWarning" in file "/usr/share/dotnet/sdk/8.0.415/NuGet.targets" from project "/home/saidul/Desktop/K-Chief Marine Automation Platform/src/KChief.Protocols.Modbus/KChief.Protocols.Modbus.csproj" (target "_CheckForInvalidConfigurationAndPlatform" depends on it):
   4:7>Done building target "EnableIntermediateOutputPathMismatchWarning" in project "KChief.Protocols.Modbus.csproj".
       Target "ApplyImplicitVersions" skipped. Previously built successfully.
 10:13>Target "_CheckForUnsupportedNETCoreVersion" in file "/usr/share/dotnet/sdk/8.0.415/Sdks/Microsoft.NET.Sdk/targets/Microsoft.NET.TargetFrameworkInference.targets" from project "/home/saidul/Desktop/K-Chief Marine Automation Platform/src/KChief.Platform.Core/KChief.Platform.Core.csproj" (target "_CheckForInvalidConfigurationAndPlatform" depends on it):
 10:13>Task "NETSdkError" skipped, due to false condition; ('$(_TargetFrameworkVersionWithoutV)' > '$(NETCoreAppMaximumVersion)' and '$(DisplayVSMessage)' != 'true') was evaluated as ('8.0' > '8.0' and '' != 'true').
   4:7>Target "CheckForImplicitPackageReferenceOverrides" skipped. Previously built successfully.
 10:13>_CheckForUnsupportedNETCoreVersion:
       Task "NETSdkError" skipped, due to false condition; ('$(DisplayVSMessage)' == 'true') was evaluated as ('' == 'true').
   8:8>Target "_CheckForTransitiveWindowsDesktopDependencies" skipped, due to false condition; ('$(TargetFrameworkIdentifier)' == '.NETCoreApp' and $([MSBuild]::VersionGreaterThanOrEquals($(_TargetFrameworkVersionWithoutV), '5.0')) and '$(TargetPlatformIdentifier)' != 'Windows' and '@(TransitiveFrameworkReference)' != '') was evaluated as ('.NETCoreApp' == '.NETCoreApp' and True and '' != 'Windows' and '' != '').
 10:13>Done building target "_CheckForUnsupportedNETCoreVersion" in project "KChief.Platform.Core.csproj".
   4:7>Target "CheckForDuplicateItems" in file "/usr/share/dotnet/sdk/8.0.415/Sdks/Microsoft.NET.Sdk/targets/Microsoft.NET.Sdk.DefaultItems.Shared.targets" from project "/home/saidul/Desktop/K-Chief Marine Automation Platform/src/KChief.Protocols.Modbus/KChief.Protocols.Modbus.csproj" (target "_CheckForInvalidConfigurationAndPlatform" depends on it):
   4:7>Using "CheckForDuplicateItems" task from assembly "/usr/share/dotnet/sdk/8.0.415/Sdks/Microsoft.NET.Sdk/targets/../tools/net8.0/Microsoft.NET.Build.Tasks.dll".
   7:7>_GetProjectReferenceTargetFrameworkProperties:
           Platform=AnyCPU
   8:8>Target "AddTransitiveFrameworkReferences" skipped, due to false condition; ('@(TransitiveFrameworkReference)' != '') was evaluated as ('' != '').
   4:7>Task "CheckForDuplicateItems"
       Done executing task "CheckForDuplicateItems".
   8:8>Target "ResolveLockFileReferences" in file "/usr/share/dotnet/sdk/8.0.415/Sdks/Microsoft.NET.Sdk/targets/Microsoft.PackageDependencyResolution.targets" from project "/home/saidul/Desktop/K-Chief Marine Automation Platform/src/KChief.DataAccess/KChief.DataAccess.csproj" (target "ResolvePackageDependenciesForBuild" depends on it):
   8:8>Using "JoinItems" task from assembly "/usr/share/dotnet/sdk/8.0.415/Sdks/Microsoft.NET.Sdk/targets/../tools/net8.0/Microsoft.NET.Build.Tasks.dll".
   4:7>Task "CheckForDuplicateItems"
   8:8>Task "JoinItems"
   2:8>Done executing task "WriteLinesToFile".
   8:8>Done executing task "JoinItems".
 10:13>Target "_CheckForEolTargetFrameworks" skipped, due to false condition; ('@(_EolNetCoreTargetFrameworkVersions->AnyHaveMetadataValue('Identity', '$(_TargetFrameworkVersionWithoutV)'))' and '$(TargetFrameworkIdentifier)' == '.NETCoreApp' and '$(CheckEolTargetFramework)' == 'true') was evaluated as ('false' and '.NETCoreApp' == '.NETCoreApp' and '' == 'true').
   7:7>_GetProjectReferenceTargetFrameworkProperties:
         Removing Properties:
   8:8>Done building target "ResolveLockFileReferences" in project "KChief.DataAccess.csproj".
 10:13>Target "_CheckForEolWorkloads" skipped, due to false condition; ('@(EolWorkload)' != '' and '$(CheckEolWorkloads)' == 'true') was evaluated as ('' != '' and 'true' == 'true').
   2:8>Done building target "GenerateGlobalUsings" in project "KChief.VesselControl.csproj".
   8:8>Target "ResolvePackageAssets" skipped. Previously built successfully.
   2:8>Target "PreBuildEvent" skipped, due to false condition; ('$(PreBuildEvent)'!='') was evaluated as (''!='').
   8:8>Target "ResolveLockFileAnalyzers" in file "/usr/share/dotnet/sdk/8.0.415/Sdks/Microsoft.NET.Sdk/targets/Microsoft.PackageDependencyResolution.targets" from project "/home/saidul/Desktop/K-Chief Marine Automation Platform/src/KChief.DataAccess/KChief.DataAccess.csproj" (target "ResolvePackageDependenciesForBuild" depends on it):
   8:8>Done building target "ResolveLockFileAnalyzers" in project "KChief.DataAccess.csproj".
 10:13>Target "_CheckForUnsupportedCppNETCoreVersion" in file "/usr/share/dotnet/sdk/8.0.415/Sdks/Microsoft.NET.Sdk/targets/Microsoft.NET.TargetFrameworkInference.targets" from project "/home/saidul/Desktop/K-Chief Marine Automation Platform/src/KChief.Platform.Core/KChief.Platform.Core.csproj" (target "_CheckForInvalidConfigurationAndPlatform" depends on it):
 10:13>Task "NETSdkError" skipped, due to false condition; ('$(TargetFrameworkIdentifier)' == '.NETCoreApp' and '$(_TargetFrameworkVersionWithoutV)' < '3.1' and ('$(Language)' == 'C++' and '$(_EnablePackageReferencesInVCProjects)' != 'true')) was evaluated as ('.NETCoreApp' == '.NETCoreApp' and '8.0' < '3.1' and ('C#' == 'C++' and '' != 'true')).
 10:13>Done building target "_CheckForUnsupportedCppNETCoreVersion" in project "KChief.Platform.Core.csproj".
   8:8>Target "ResolvePackageAssets" skipped. Previously built successfully.
   2:8>Target "BeforeResolveReferences" in file "/usr/share/dotnet/sdk/8.0.415/Microsoft.Common.CurrentVersion.targets" from project "/home/saidul/Desktop/K-Chief Marine Automation Platform/src/KChief.VesselControl/KChief.VesselControl.csproj" (target "ResolveReferences" depends on it):
   2:8>Done building target "BeforeResolveReferences" in project "KChief.VesselControl.csproj".
   7:7>_GetProjectReferenceTargetFrameworkProperties:
           TargetFramework
 10:13>Target "_CheckForUnsupportedNETStandardVersion" skipped, due to false condition; ('$(TargetFrameworkIdentifier)' == '.NETStandard' And '$(NETStandardMaximumVersion)' != '') was evaluated as ('.NETCoreApp' == '.NETStandard' And '' != '').
   8:8>Target "RunProduceContentAssets" skipped, due to false condition; ('@(_ContentFilesToPreprocess)' != '' and '$(_CleaningWithoutRebuilding)' != 'true') was evaluated as ('' != '' and '' != 'true').
 10:13>Target "_CheckForUnsupportedTargetFrameworkAndFeatureCombination" skipped, due to false condition; ('$(TargetFrameworkIdentifier)' == '.NETFramework') was evaluated as ('.NETCoreApp' == '.NETFramework').
   2:8>Target "IgnoreJavaScriptOutputAssembly" in file "/usr/share/dotnet/sdk/8.0.415/Microsoft.Common.CurrentVersion.targets" from project "/home/saidul/Desktop/K-Chief Marine Automation Platform/src/KChief.VesselControl/KChief.VesselControl.csproj" (target "AssignProjectConfiguration" depends on it):
   2:8>Done building target "IgnoreJavaScriptOutputAssembly" in project "KChief.VesselControl.csproj".
   8:8>Target "ResolveLockFileCopyLocalFiles" in file "/usr/share/dotnet/sdk/8.0.415/Sdks/Microsoft.NET.Sdk/targets/Microsoft.PackageDependencyResolution.targets" from project "/home/saidul/Desktop/K-Chief Marine Automation Platform/src/KChief.DataAccess/KChief.DataAccess.csproj" (target "ResolvePackageDependenciesForBuild" depends on it):
   8:8>Done building target "ResolveLockFileCopyLocalFiles" in project "KChief.DataAccess.csproj".
   2:8>Target "ProcessFrameworkReferences" skipped. Previously built successfully.
   8:8>Target "ResolveRuntimePackAssets" skipped, due to false condition; ('@(RuntimePack)' != '') was evaluated as ('' != '').
 10:13>Target "_CheckForSupportedOSPlatformVersionHigherThanTargetPlatformVersion" skipped, due to false condition; ('$(TargetPlatformVersion)' != '' and '$(TargetFrameworkIdentifier)' == '.NETCoreApp' and $([MSBuild]::VersionGreaterThanOrEquals($(TargetFrameworkVersion), 5.0))) was evaluated as ('' != '' and '.NETCoreApp' == '.NETCoreApp' and True).
   8:8>Target "RunProduceContentAssets" skipped, due to false condition; ('@(_ContentFilesToPreprocess)' != '' and '$(_CleaningWithoutRebuilding)' != 'true') was evaluated as ('' != '' and '' != 'true').
   2:8>Target "_DefaultMicrosoftNETPlatformLibrary" in file "/usr/share/dotnet/sdk/8.0.415/Sdks/Microsoft.NET.Sdk/targets/Microsoft.NET.Sdk.Shared.targets" from project "/home/saidul/Desktop/K-Chief Marine Automation Platform/src/KChief.VesselControl/KChief.VesselControl.csproj" (target "ResolvePackageAssets" depends on it):
   2:8>Done building target "_DefaultMicrosoftNETPlatformLibrary" in project "KChief.VesselControl.csproj".
 10:13>Target "_CheckForInvalidTargetPlatformVersion" skipped, due to false condition; ('$(TargetPlatformVersion)' != '' and '$(TargetFrameworkIdentifier)' == '.NETCoreApp' and $([MSBuild]::VersionGreaterThanOrEquals($(TargetFrameworkVersion), 5.0)) and ('$(Language)' != 'C++' or '$(_EnablePackageReferencesInVCProjects)' == 'true')) was evaluated as ('' != '' and '.NETCoreApp' == '.NETCoreApp' and True and ('C#' != 'C++' or '' == 'true')).
   7:7>_GetProjectReferenceTargetFrameworkProperties:
           RuntimeIdentifier
   8:8>Target "ResolvePackageAssets" skipped. Previously built successfully.
   2:8>Target "_ComputePackageReferencePublish" in file "/usr/share/dotnet/sdk/8.0.415/Sdks/Microsoft.NET.Sdk/targets/Microsoft.NET.Sdk.Shared.targets" from project "/home/saidul/Desktop/K-Chief Marine Automation Platform/src/KChief.VesselControl/KChief.VesselControl.csproj" (target "ResolvePackageAssets" depends on it):
   2:8>Done building target "_ComputePackageReferencePublish" in project "KChief.VesselControl.csproj".
 10:13>Target "_CheckForUnsupportedArtifactsPath" in file "/usr/share/dotnet/sdk/8.0.415/Sdks/Microsoft.NET.Sdk/targets/Microsoft.NET.DefaultOutputPaths.targets" from project "/home/saidul/Desktop/K-Chief Marine Automation Platform/src/KChief.Platform.Core/KChief.Platform.Core.csproj" (target "_CheckForInvalidConfigurationAndPlatform" depends on it):
 10:13>Task "NetSdkError" skipped, due to false condition; ('$(UseArtifactsOutput)' == 'true' and '$(_ArtifactsPathSetEarly)' != 'true') was evaluated as ('' == 'true' and '' != 'true').
   8:8>Target "IncludeTransitiveProjectReferences" in file "/usr/share/dotnet/sdk/8.0.415/Sdks/Microsoft.NET.Sdk/targets/Microsoft.PackageDependencyResolution.targets" from project "/home/saidul/Desktop/K-Chief Marine Automation Platform/src/KChief.DataAccess/KChief.DataAccess.csproj" (target "ResolvePackageDependenciesForBuild" depends on it):
   8:8>Done building target "IncludeTransitiveProjectReferences" in project "KChief.DataAccess.csproj".
   2:8>Target "_ResolveCompilerVersion" skipped, due to false condition; ('$(CompilerApiVersion)' == '' And
                     ('$(Language)' == 'C#' Or '$(Language)' == 'VB') And
                     Exists('$(RoslynTargetsPath)\Microsoft.Build.Tasks.CodeAnalysis.dll')) was evaluated as ('roslyn4.11' == '' And
                     ('C#' == 'C#' Or 'C#' == 'VB') And
                     Exists('/usr/share/dotnet/sdk/8.0.415/Roslyn\Microsoft.Build.Tasks.CodeAnalysis.dll')).
 10:13>_CheckForUnsupportedArtifactsPath:
       Task "NetSdkError" skipped, due to false condition; ('$(_ArtifactsPathLocationType)' == 'ProjectFolder') was evaluated as ('' == 'ProjectFolder').
 10:13>Done building target "_CheckForUnsupportedArtifactsPath" in project "KChief.Platform.Core.csproj".
   8:8>Target "ResolvePackageDependenciesForBuild" in file "/usr/share/dotnet/sdk/8.0.415/Sdks/Microsoft.NET.Sdk/targets/Microsoft.PackageDependencyResolution.targets" from project "/home/saidul/Desktop/K-Chief Marine Automation Platform/src/KChief.DataAccess/KChief.DataAccess.csproj" (target "AssignProjectConfiguration" depends on it):
   8:8>Done building target "ResolvePackageDependenciesForBuild" in project "KChief.DataAccess.csproj".
 10:13>Target "_CheckForMissingWorkload" skipped, due to false condition; ('@(MissingWorkloadPack)' != '' And '$(DesignTimeBuild)' != 'true') was evaluated as ('' != '' And '' != 'true').
   2:8>Target "ResolvePackageAssets" in file "/usr/share/dotnet/sdk/8.0.415/Sdks/Microsoft.NET.Sdk/targets/Microsoft.PackageDependencyResolution.targets" from project "/home/saidul/Desktop/K-Chief Marine Automation Platform/src/KChief.VesselControl/KChief.VesselControl.csproj" (target "ResolveLockFileReferences" depends on it):
   2:8>Using "ResolvePackageAssets" task from assembly "/usr/share/dotnet/sdk/8.0.415/Sdks/Microsoft.NET.Sdk/targets/../tools/net8.0/Microsoft.NET.Build.Tasks.dll".
   7:7>_GetProjectReferenceTargetFrameworkProperties:
           SelfContained
   8:8>Target "_System_Text_JsonAnalyzerMultiTargeting" skipped, due to false condition; ('$(SupportsRoslynComponentVersioning)' != 'true') was evaluated as ('true' != 'true').
 10:13>Target "_CheckForUnsupportedAppHostUsage" skipped, due to false condition; ('$(TargetFrameworkIdentifier)' == '.NETCoreApp' and '$(HasRuntimeOutput)' == 'true') was evaluated as ('.NETCoreApp' == '.NETCoreApp' and '' == 'true').
   2:8>Task "ResolvePackageAssets"
       Done executing task "ResolvePackageAssets".
   8:8>Target "_System_Text_JsonRemoveAnalyzers" skipped, due to false condition; ('$(DisableSystemTextJsonSourceGenerator)' == 'true') was evaluated as ('' == 'true').
   2:8>Done building target "ResolvePackageAssets" in project "KChief.VesselControl.csproj".
 10:13>Target "_CheckForUnsupportedHostingUsage" in file "/usr/share/dotnet/sdk/8.0.415/Sdks/Microsoft.NET.Sdk/targets/Microsoft.NET.RuntimeIdentifierInference.targets" from project "/home/saidul/Desktop/K-Chief Marine Automation Platform/src/KChief.Platform.Core/KChief.Platform.Core.csproj" (target "_CheckForInvalidConfigurationAndPlatform" depends on it):
 10:13>Task "NETSdkWarning" skipped, due to false condition; ('$(SelfContained)' == 'true' and '$(EnableComHosting)' == 'true') was evaluated as ('' == 'true' and '' == 'true').
 10:13>Done building target "_CheckForUnsupportedHostingUsage" in project "KChief.Platform.Core.csproj".
   8:8>Target "_Microsoft_Extensions_OptionsAnalyzerMultiTargeting" skipped, due to false condition; ('$(SupportsRoslynComponentVersioning)' != 'true') was evaluated as ('true' != 'true').
   2:8>Target "AdjustDefaultPlatformTargetForNetFrameworkExeWithNoNativeCopyLocalItems" skipped, due to false condition; ('$(_UsingDefaultPlatformTarget)' == 'true' and
                     '$(_UsingDefaultRuntimeIdentifier)' == 'true') was evaluated as ('true' == 'true' and
                     '' == 'true').
   8:8>Target "_Microsoft_Extensions_OptionsRemoveAnalyzers" skipped, due to false condition; ('$(DisableMicrosoftExtensionsOptionsSourceGenerator)' == 'true') was evaluated as ('' == 'true').
   2:8>Target "_CheckForTransitiveWindowsDesktopDependencies" skipped, due to false condition; ('$(TargetFrameworkIdentifier)' == '.NETCoreApp' and $([MSBuild]::VersionGreaterThanOrEquals($(_TargetFrameworkVersionWithoutV), '5.0')) and '$(TargetPlatformIdentifier)' != 'Windows' and '@(TransitiveFrameworkReference)' != '') was evaluated as ('.NETCoreApp' == '.NETCoreApp' and True and '' != 'Windows' and '' != '').
 10:13>Target "_CheckAndUnsetUnsupportedPrefer32Bit" in file "/usr/share/dotnet/sdk/8.0.415/Sdks/Microsoft.NET.Sdk/targets/Microsoft.NET.RuntimeIdentifierInference.targets" from project "/home/saidul/Desktop/K-Chief Marine Automation Platform/src/KChief.Platform.Core/KChief.Platform.Core.csproj" (target "_CheckForInvalidConfigurationAndPlatform" depends on it):
 10:13>Task "NETSdkWarning" skipped, due to false condition; ('$(Prefer32Bit)' == 'true') was evaluated as ('false' == 'true').
   8:8>Target "_Microsoft_Extensions_Logging_AbstractionsAnalyzerMultiTargeting" skipped, due to false condition; ('$(SupportsRoslynComponentVersioning)' != 'true') was evaluated as ('true' != 'true').
   2:8>Target "AddTransitiveFrameworkReferences" skipped, due to false condition; ('@(TransitiveFrameworkReference)' != '') was evaluated as ('' != '').
   8:8>Target "_Microsoft_Extensions_Logging_AbstractionsRemoveAnalyzers" skipped, due to false condition; ('$(DisableMicrosoftExtensionsLoggingSourceGenerator)' == 'true') was evaluated as ('' == 'true').
 10:13>Done building target "_CheckAndUnsetUnsupportedPrefer32Bit" in project "KChief.Platform.Core.csproj".
       Target "_CheckForMismatchingPlatform" skipped, due to false condition; ('$(RuntimeIdentifier)' != '' and '$(PlatformTarget)' != '') was evaluated as ('' != '' and '' != '').
   2:8>Target "ResolveLockFileReferences" in file "/usr/share/dotnet/sdk/8.0.415/Sdks/Microsoft.NET.Sdk/targets/Microsoft.PackageDependencyResolution.targets" from project "/home/saidul/Desktop/K-Chief Marine Automation Platform/src/KChief.VesselControl/KChief.VesselControl.csproj" (target "ResolvePackageDependenciesForBuild" depends on it):
   2:8>Using "JoinItems" task from assembly "/usr/share/dotnet/sdk/8.0.415/Sdks/Microsoft.NET.Sdk/targets/../tools/net8.0/Microsoft.NET.Build.Tasks.dll".
 10:13>Target "_CheckForLanguageAndFeatureCombinationSupport" in file "/usr/share/dotnet/sdk/8.0.415/Sdks/Microsoft.NET.Sdk/targets/Microsoft.NET.RuntimeIdentifierInference.targets" from project "/home/saidul/Desktop/K-Chief Marine Automation Platform/src/KChief.Platform.Core/KChief.Platform.Core.csproj" (target "_CheckForInvalidConfigurationAndPlatform" depends on it):
 10:13>Task "NETSdkError" skipped, due to false condition; (('$(Language)' == 'C++' and '$(_EnablePackageReferencesInVCProjects)' != 'true') and $(OutputType) != 'library' and '$(TargetFrameworkIdentifier)' == '.NETCoreApp') was evaluated as (('C#' == 'C++' and '' != 'true') and Library != 'library' and '.NETCoreApp' == '.NETCoreApp').
       Task "NETSdkError" skipped, due to false condition; (('$(Language)' == 'C++' and '$(_EnablePackageReferencesInVCProjects)' != 'true') and $(EnableComHosting) == 'true') was evaluated as (('C#' == 'C++' and '' != 'true') and  == 'true').
       Task "NETSdkError" skipped, due to false condition; (('$(Language)' == 'C++' and '$(_EnablePackageReferencesInVCProjects)' != 'true') and $(SelfContained) == 'true') was evaluated as (('C#' == 'C++' and '' != 'true') and  == 'true').
 10:13>Done building target "_CheckForLanguageAndFeatureCombinationSupport" in project "KChief.Platform.Core.csproj".
       Target "_CheckForNETCoreSdkIsPreview" skipped, due to false condition; ( '$(_NETCoreSdkIsPreview)' == 'true' AND '$(SuppressNETCoreSdkPreviewMessage)' != 'true' ) was evaluated as ( 'false' == 'true' AND '' != 'true' ).
 10:13>Target "_GetProjectJsonPath" in file "/usr/share/dotnet/sdk/8.0.415/NuGet.targets" from project "/home/saidul/Desktop/K-Chief Marine Automation Platform/src/KChief.Platform.Core/KChief.Platform.Core.csproj" (target "_GetRestoreProjectStyle" depends on it):
       Task "GetRestoreProjectJsonPathTask" skipped, due to false condition; ( '$(RestoreProjectStyle)' == 'ProjectJson' OR '$(RestoreProjectStyle)' == '' ) was evaluated as ( 'PackageReference' == 'ProjectJson' OR 'PackageReference' == '' ).
 10:13>Done building target "_GetProjectJsonPath" in project "KChief.Platform.Core.csproj".
   2:8>Task "JoinItems"
 10:13>Target "_CheckForUnsupportedTargetPlatformIdentifier" skipped, due to false condition; ('$(TargetPlatformIdentifier)' != '' and '$(TargetFrameworkIdentifier)' == '.NETCoreApp' and $([MSBuild]::VersionGreaterThanOrEquals($(TargetFrameworkVersion), 5.0)) And ('$(DesignTimeBuild)' != 'true' Or '@(MissingWorkloadPack)' == '')) was evaluated as ('' != '' and '.NETCoreApp' == '.NETCoreApp' and True And ('' != 'true' Or '' == '')).
   2:8>Done executing task "JoinItems".
 10:13>Target "_CheckForMissingWorkload" skipped, due to false condition; ('@(MissingWorkloadPack)' != '' And '$(DesignTimeBuild)' != 'true') was evaluated as ('' != '' And '' != 'true').
   2:8>Done building target "ResolveLockFileReferences" in project "KChief.VesselControl.csproj".
 10:13>Target "_CheckForUnsupportedNETStandardVersion" skipped, due to false condition; ('$(TargetFrameworkIdentifier)' == '.NETStandard' And '$(NETStandardMaximumVersion)' != '') was evaluated as ('.NETCoreApp' == '.NETStandard' And '' != '').
   2:8>Target "ResolvePackageAssets" skipped. Previously built successfully.
 10:13>Target "_CheckForUnsupportedTargetFrameworkAndFeatureCombination" skipped, due to false condition; ('$(TargetFrameworkIdentifier)' == '.NETFramework') was evaluated as ('.NETCoreApp' == '.NETFramework').
   2:8>Target "ResolveLockFileAnalyzers" in file "/usr/share/dotnet/sdk/8.0.415/Sdks/Microsoft.NET.Sdk/targets/Microsoft.PackageDependencyResolution.targets" from project "/home/saidul/Desktop/K-Chief Marine Automation Platform/src/KChief.VesselControl/KChief.VesselControl.csproj" (target "ResolvePackageDependenciesForBuild" depends on it):
   2:8>Done building target "ResolveLockFileAnalyzers" in project "KChief.VesselControl.csproj".
       Target "ResolvePackageAssets" skipped. Previously built successfully.
       Target "RunProduceContentAssets" skipped, due to false condition; ('@(_ContentFilesToPreprocess)' != '' and '$(_CleaningWithoutRebuilding)' != 'true') was evaluated as ('' != '' and '' != 'true').
   2:8>Target "ResolveLockFileCopyLocalFiles" in file "/usr/share/dotnet/sdk/8.0.415/Sdks/Microsoft.NET.Sdk/targets/Microsoft.PackageDependencyResolution.targets" from project "/home/saidul/Desktop/K-Chief Marine Automation Platform/src/KChief.VesselControl/KChief.VesselControl.csproj" (target "ResolvePackageDependenciesForBuild" depends on it):
   2:8>Done building target "ResolveLockFileCopyLocalFiles" in project "KChief.VesselControl.csproj".
       Target "ResolveRuntimePackAssets" skipped, due to false condition; ('@(RuntimePack)' != '') was evaluated as ('' != '').
       Target "RunProduceContentAssets" skipped, due to false condition; ('@(_ContentFilesToPreprocess)' != '' and '$(_CleaningWithoutRebuilding)' != 'true') was evaluated as ('' != '' and '' != 'true').
       Target "ResolvePackageAssets" skipped. Previously built successfully.
 10:13>Target "UpdateAspNetToFrameworkReference" in file "/usr/share/dotnet/sdk/8.0.415/Sdks/Microsoft.NET.Sdk/targets/Microsoft.NET.Sdk.DefaultItems.Shared.targets" from project "/home/saidul/Desktop/K-Chief Marine Automation Platform/src/KChief.Platform.Core/KChief.Platform.Core.csproj" (target "ApplyImplicitVersions" depends on it):
 10:13>Using "CheckIfPackageReferenceShouldBeFrameworkReference" task from assembly "/usr/share/dotnet/sdk/8.0.415/Sdks/Microsoft.NET.Sdk/targets/../tools/net8.0/Microsoft.NET.Build.Tasks.dll".
       Task "CheckIfPackageReferenceShouldBeFrameworkReference"
   4:7>Done executing task "CheckForDuplicateItems".
   2:8>Target "IncludeTransitiveProjectReferences" in file "/usr/share/dotnet/sdk/8.0.415/Sdks/Microsoft.NET.Sdk/targets/Microsoft.PackageDependencyResolution.targets" from project "/home/saidul/Desktop/K-Chief Marine Automation Platform/src/KChief.VesselControl/KChief.VesselControl.csproj" (target "ResolvePackageDependenciesForBuild" depends on it):
   2:8>Done building target "IncludeTransitiveProjectReferences" in project "KChief.VesselControl.csproj".
   4:7>Task "CheckForDuplicateItems"
       Done executing task "CheckForDuplicateItems".
   2:8>Target "ResolvePackageDependenciesForBuild" in file "/usr/share/dotnet/sdk/8.0.415/Sdks/Microsoft.NET.Sdk/targets/Microsoft.PackageDependencyResolution.targets" from project "/home/saidul/Desktop/K-Chief Marine Automation Platform/src/KChief.VesselControl/KChief.VesselControl.csproj" (target "AssignProjectConfiguration" depends on it):
   2:8>Done building target "ResolvePackageDependenciesForBuild" in project "KChief.VesselControl.csproj".
   4:7>Done building target "CheckForDuplicateItems" in project "KChief.Protocols.Modbus.csproj".
   2:8>Target "_System_Text_JsonAnalyzerMultiTargeting" skipped, due to false condition; ('$(SupportsRoslynComponentVersioning)' != 'true') was evaluated as ('true' != 'true').
   4:7>Target "WarnForExplicitVersions" skipped, due to false condition; ('@(SdkBuildWarning)' != '') was evaluated as ('' != '').
   2:8>Target "_System_Text_JsonRemoveAnalyzers" skipped, due to false condition; ('$(DisableSystemTextJsonSourceGenerator)' == 'true') was evaluated as ('' == 'true').
   4:7>Target "_CheckForFailedSDKResolution" skipped, due to false condition; ('$(SdkResolverHonoredGlobalJson)' == 'false') was evaluated as ('' == 'false').
   2:8>Target "_Microsoft_Extensions_OptionsAnalyzerMultiTargeting" skipped, due to false condition; ('$(SupportsRoslynComponentVersioning)' != 'true') was evaluated as ('true' != 'true').
   4:7>Target "_WarnWhenUsingNET8AndVSPriorTo178" skipped, due to false condition; ($([MSBuild]::VersionLessThan($(MSBuildVersion), '17.8.0')) and '$(TargetFrameworkIdentifier)' == '.NETCoreApp' and $([MSBuild]::VersionGreaterThanOrEquals($(_TargetFrameworkVersionWithoutV), '8.0'))) was evaluated as (False and '.NETCoreApp' == '.NETCoreApp' and True).
   2:8>Target "_Microsoft_Extensions_OptionsRemoveAnalyzers" skipped, due to false condition; ('$(DisableMicrosoftExtensionsOptionsSourceGenerator)' == 'true') was evaluated as ('' == 'true').
   4:7>Target "_CheckForInvalidWindowsDesktopTargetingConfiguration" skipped, due to false condition; ('$(TargetFrameworkIdentifier)' == '.NETCoreApp' and $([MSBuild]::VersionGreaterThanOrEquals($(_TargetFrameworkVersionWithoutV), '5.0')) and ('$(UseWindowsForms)' == 'true' or '$(UseWPF)' == 'true')) was evaluated as ('.NETCoreApp' == '.NETCoreApp' and True and ('' == 'true' or '' == 'true')).
   2:8>Target "_Microsoft_Extensions_Logging_AbstractionsAnalyzerMultiTargeting" skipped, due to false condition; ('$(SupportsRoslynComponentVersioning)' != 'true') was evaluated as ('true' != 'true').
   4:7>Target "_CheckForUnnecessaryWindowsDesktopSDK" skipped, due to false condition; ('$(TargetFrameworkIdentifier)' == '.NETCoreApp' and $([MSBuild]::VersionGreaterThanOrEquals($(_TargetFrameworkVersionWithoutV), '5.0')) and '$(_MicrosoftWindowsDesktopSdkImported)' == 'true' and '$(TargetFrameworks)' == '') was evaluated as ('.NETCoreApp' == '.NETCoreApp' and True and '' == 'true' and '' == '').
   2:8>Target "_Microsoft_Extensions_Logging_AbstractionsRemoveAnalyzers" skipped, due to false condition; ('$(DisableMicrosoftExtensionsLoggingSourceGenerator)' == 'true') was evaluated as ('' == 'true').
   4:7>Target "ProcessFrameworkReferences" skipped. Previously built successfully.
   2:8>Target "AssignProjectConfiguration" in file "/usr/share/dotnet/sdk/8.0.415/Microsoft.Common.CurrentVersion.targets" from project "/home/saidul/Desktop/K-Chief Marine Automation Platform/src/KChief.VesselControl/KChief.VesselControl.csproj" (target "ResolveReferences" depends on it):
   2:8>Using "AssignProjectConfiguration" task from assembly "Microsoft.Build.Tasks.Core, Version=15.1.0.0, Culture=neutral, PublicKeyToken=b03f5f7f11d50a3a".
   4:7>Target "IncludeTargetingPackReference" skipped, due to false condition; ('$(TargetFrameworkMoniker)' != '' and '$(TargetFrameworkIdentifier)' == '.NETFramework' and '$(AutomaticallyUseReferenceAssemblyPackages)' == 'true') was evaluated as ('.NETCoreApp,Version=v8.0' != '' and '.NETCoreApp' == '.NETFramework' and 'true' == 'true').
   2:8>Task "AssignProjectConfiguration"
         Project reference "../KChief.Platform.Core/KChief.Platform.Core.csproj" has been assigned the "Release|AnyCPU" configuration.
   4:7>Target "_CheckForInvalidConfigurationAndPlatform" in file "/usr/share/dotnet/sdk/8.0.415/Microsoft.Common.CurrentVersion.targets" from project "/home/saidul/Desktop/K-Chief Marine Automation Platform/src/KChief.Protocols.Modbus/KChief.Protocols.Modbus.csproj" (target "BeforeBuild" depends on it):
   4:7>Task "Error" skipped, due to false condition; ( '$(_InvalidConfigurationError)' == 'true' ) was evaluated as ( '' == 'true' ).
   2:8>AssignProjectConfiguration:
         Project reference "../KChief.DataAccess/KChief.DataAccess.csproj" has been assigned the "Release|AnyCPU" configuration.
   4:7>_CheckForInvalidConfigurationAndPlatform:
       Task "Warning" skipped, due to false condition; ( '$(_InvalidConfigurationWarning)' == 'true' ) was evaluated as ( '' == 'true' ).
   2:8>Done executing task "AssignProjectConfiguration".
   4:7>Task "Message"
   2:8>Done building target "AssignProjectConfiguration" in project "KChief.VesselControl.csproj".
       Target "AssignProjectConfiguration" skipped. Previously built successfully.
   2:8>Target "_SplitProjectReferencesByFileExistence" in file "/usr/share/dotnet/sdk/8.0.415/Microsoft.Common.CurrentVersion.targets" from project "/home/saidul/Desktop/K-Chief Marine Automation Platform/src/KChief.VesselControl/KChief.VesselControl.csproj" (target "PrepareProjectReferences" depends on it):
       Task "ResolveNonMSBuildProjectOutput" skipped, due to false condition; ('$(BuildingInsideVisualStudio)'=='true' and '@(ProjectReferenceWithConfiguration)'!='') was evaluated as (''=='true' and '../KChief.Platform.Core/KChief.Platform.Core.csproj;../KChief.DataAccess/KChief.DataAccess.csproj'!='').
   2:8>Done building target "_SplitProjectReferencesByFileExistence" in project "KChief.VesselControl.csproj".
   2:8>Target "_AddOutputPathToGlobalPropertiesToRemove" in file "/usr/share/dotnet/sdk/8.0.415/Microsoft.Common.CurrentVersion.targets" from project "/home/saidul/Desktop/K-Chief Marine Automation Platform/src/KChief.VesselControl/KChief.VesselControl.csproj" (target "_GetProjectReferenceTargetFrameworkProperties" depends on it):
   2:8>Done building target "_AddOutputPathToGlobalPropertiesToRemove" in project "KChief.VesselControl.csproj".
   2:8>Target "_GetProjectReferenceTargetFrameworkProperties" in file "/usr/share/dotnet/sdk/8.0.415/Microsoft.Common.CurrentVersion.targets" from project "/home/saidul/Desktop/K-Chief Marine Automation Platform/src/KChief.VesselControl/KChief.VesselControl.csproj" (target "PrepareProjectReferences" depends on it):
       Task "MSBuild"
         Global Properties:
           Configuration=Release
           Platform=AnyCPU
         Removing Properties:
           TargetFramework
           RuntimeIdentifier
           SelfContained
 10:13>Done executing task "CheckIfPackageReferenceShouldBeFrameworkReference".
   4:7>_CheckForInvalidConfigurationAndPlatform:
         Configuration=Release
 10:13>UpdateAspNetToFrameworkReference:
       Task "NETSdkError" skipped, due to false condition; ('$(_ShouldRemoveAspNetCoreAll)' == 'true') was evaluated as ('False' == 'true').
       Task "CheckIfPackageReferenceShouldBeFrameworkReference"
   4:7>Done executing task "Message".
       Task "Message"
         Platform=AnyCPU
       Done executing task "Message".
       Task "Error" skipped, due to false condition; ('$(OutDir)' != '' and !HasTrailingSlash('$(OutDir)')) was evaluated as ('bin/Release/net8.0/' != '' and !HasTrailingSlash('bin/Release/net8.0/')).
       Task "Error" skipped, due to false condition; ('$(IntermediateOutputPath)' != '' and !HasTrailingSlash('$(IntermediateOutputPath)')) was evaluated as ('obj/Release/net8.0/' != '' and !HasTrailingSlash('obj/Release/net8.0/')).
       Task "Error" skipped, due to false condition; ('$(BaseIntermediateOutputPath)' != '' and !HasTrailingSlash('$(BaseIntermediateOutputPath)')) was evaluated as ('obj/' != '' and !HasTrailingSlash('obj/')).
   1:2>Project "/home/saidul/Desktop/K-Chief Marine Automation Platform/KChief.MarineAutomationPlatform.sln" (1:2) is building "/home/saidul/Desktop/K-Chief Marine Automation Platform/tests/KChief.Integration.Tests/KChief.Integration.Tests.csproj" (6:6) on node 2 (default targets).
   6:6>Target "NETStandardCompatError_Microsoft_Extensions_Configuration_Binder" in file "/home/saidul/.nuget/packages/microsoft.extensions.configuration.binder/8.0.2/buildTransitive/netstandard2.0/Microsoft.Extensions.Configuration.Binder.targets" from project "/home/saidul/Desktop/K-Chief Marine Automation Platform/tests/KChief.Integration.Tests/KChief.Integration.Tests.csproj" (entry point):
   6:6>Task "Warning" skipped, due to false condition; ('$(_Microsoft_Extensions_Configuration_Binder_Compatible_TargetFramework)' != '') was evaluated as ('' != '').
   4:7>_CheckForInvalidConfigurationAndPlatform:
       Task "MSBuildInternalMessage" skipped, due to false condition; ( '$(Prefer32Bit)' == 'true' and '$(PreferNativeArm64)' == 'true' ) was evaluated as ( 'false' == 'true' and '' == 'true' ).
   6:6>Done building target "NETStandardCompatError_Microsoft_Extensions_Configuration_Binder" in project "KChief.Integration.Tests.csproj".
   4:7>_CheckForInvalidConfigurationAndPlatform:
       Task "MSBuildInternalMessage" skipped, due to false condition; ( '$(NoWin32Manifest)' == 'true' and '$(PreferNativeArm64)' == 'true' ) was evaluated as ( '' == 'true' and '' == 'true' ).
       Task "MSBuildInternalMessage" skipped, due to false condition; ( '$(PreferNativeArm64)' == 'true' and '$(Platform)' != 'AnyCPU' ) was evaluated as ( '' == 'true' and 'AnyCPU' != 'AnyCPU' ).
   6:6>Target "GenerateProgramFile" in file "/home/saidul/.nuget/packages/microsoft.net.test.sdk/17.8.0/build/netcoreapp3.1/Microsoft.NET.Test.Sdk.targets" from project "/home/saidul/Desktop/K-Chief Marine Automation Platform/tests/KChief.Integration.Tests/KChief.Integration.Tests.csproj" (entry point):
   6:6>Task "Warning" skipped, due to false condition; (@(ProgramCompiles->Count()) != 0) was evaluated as (0 != 0).
   4:7>_CheckForInvalidConfigurationAndPlatform:
       Task "Error" skipped, due to false condition; ( '$(_InitialMSBuildProjectExtensionsPath)' != '' And '$(MSBuildProjectExtensionsPath)' != '$(_InitialMSBuildProjectExtensionsPath)' ) was evaluated as ( '/home/saidul/Desktop/K-Chief Marine Automation Platform/src/KChief.Protocols.Modbus/obj/' != '' And '/home/saidul/Desktop/K-Chief Marine Automation Platform/src/KChief.Protocols.Modbus/obj/' != '/home/saidul/Desktop/K-Chief Marine Automation Platform/src/KChief.Protocols.Modbus/obj/' ).
   6:6>Done building target "GenerateProgramFile" in project "KChief.Integration.Tests.csproj".
   4:7>_CheckForInvalidConfigurationAndPlatform:
       Task "Warning" skipped, due to false condition; ( '$(EnableBaseIntermediateOutputPathMismatchWarning)' == 'true' And '$(_InitialBaseIntermediateOutputPath)' != '$(BaseIntermediateOutputPath)' And '$(BaseIntermediateOutputPath)' != '$(MSBuildProjectExtensionsPath)' ) was evaluated as ( 'true' == 'true' And 'obj/' != 'obj/' And 'obj/' != '/home/saidul/Desktop/K-Chief Marine Automation Platform/src/KChief.Protocols.Modbus/obj/' ).
   6:6>Target "_CheckForUnsupportedTargetFramework" skipped, due to false condition; ('$(_UnsupportedTargetFrameworkError)' == 'true') was evaluated as ('' == 'true').
   4:7>Done building target "_CheckForInvalidConfigurationAndPlatform" in project "KChief.Protocols.Modbus.csproj".
   6:6>Target "_CollectTargetFrameworkForTelemetry" in file "/usr/share/dotnet/sdk/8.0.415/Sdks/Microsoft.NET.Sdk/targets/Microsoft.NET.TargetFrameworkInference.targets" from project "/home/saidul/Desktop/K-Chief Marine Automation Platform/tests/KChief.Integration.Tests/KChief.Integration.Tests.csproj" (target "_CheckForInvalidConfigurationAndPlatform" depends on it):
   6:6>Using "AllowEmptyTelemetry" task from assembly "/usr/share/dotnet/sdk/8.0.415/Sdks/Microsoft.NET.Sdk/targets/../tools/net8.0/Microsoft.NET.Build.Tasks.dll".
 10:13>Done executing task "CheckIfPackageReferenceShouldBeFrameworkReference".
   4:7>Target "ValidateCommandLineProperties" in file "/usr/share/dotnet/sdk/8.0.415/Sdks/Microsoft.NET.Sdk/targets/Microsoft.NET.Sdk.targets" from project "/home/saidul/Desktop/K-Chief Marine Automation Platform/src/KChief.Protocols.Modbus/KChief.Protocols.Modbus.csproj" (target "BeforeBuild" depends on it):
   4:7>Done building target "ValidateCommandLineProperties" in project "KChief.Protocols.Modbus.csproj".
   6:6>Task "AllowEmptyTelemetry"
   4:7>Target "BeforeBuild" in file "/usr/share/dotnet/sdk/8.0.415/Microsoft.Common.CurrentVersion.targets" from project "/home/saidul/Desktop/K-Chief Marine Automation Platform/src/KChief.Protocols.Modbus/KChief.Protocols.Modbus.csproj" (target "Build" depends on it):
   4:7>Done building target "BeforeBuild" in project "KChief.Protocols.Modbus.csproj".
   6:6>Done executing task "AllowEmptyTelemetry".
   6:6>Done building target "_CollectTargetFrameworkForTelemetry" in project "KChief.Integration.Tests.csproj".
       Target "_CheckForUnsupportedTargetPlatformIdentifier" skipped, due to false condition; ('$(TargetPlatformIdentifier)' != '' and '$(TargetFrameworkIdentifier)' == '.NETCoreApp' and $([MSBuild]::VersionGreaterThanOrEquals($(TargetFrameworkVersion), 5.0)) And ('$(DesignTimeBuild)' != 'true' Or '@(MissingWorkloadPack)' == '')) was evaluated as ('' != '' and '.NETCoreApp' == '.NETCoreApp' and True And ('' != 'true' Or '' == '')).
 10:13>UpdateAspNetToFrameworkReference:
       Task "NETSdkWarning" skipped, due to false condition; ('$(_ShouldRemoveAspNetCoreApp)' == 'true') was evaluated as ('False' == 'true').
 10:13>Done building target "UpdateAspNetToFrameworkReference" in project "KChief.Platform.Core.csproj".
   6:6>Target "_CheckForMissingWorkload" skipped, due to false condition; ('@(MissingWorkloadPack)' != '' And '$(DesignTimeBuild)' != 'true') was evaluated as ('' != '' And '' != 'true').
   6:6>Target "_CheckForUnsupportedNETCoreVersion" in file "/usr/share/dotnet/sdk/8.0.415/Sdks/Microsoft.NET.Sdk/targets/Microsoft.NET.TargetFrameworkInference.targets" from project "/home/saidul/Desktop/K-Chief Marine Automation Platform/tests/KChief.Integration.Tests/KChief.Integration.Tests.csproj" (target "_CheckForInvalidConfigurationAndPlatform" depends on it):
       Task "NETSdkError" skipped, due to false condition; ('$(_TargetFrameworkVersionWithoutV)' > '$(NETCoreAppMaximumVersion)' and '$(DisplayVSMessage)' != 'true') was evaluated as ('8.0' > '8.0' and '' != 'true').
       Task "NETSdkError" skipped, due to false condition; ('$(DisplayVSMessage)' == 'true') was evaluated as ('' == 'true').
 10:13>Target "IncludeTargetingPackReference" skipped, due to false condition; ('$(TargetFrameworkMoniker)' != '' and '$(TargetFrameworkIdentifier)' == '.NETFramework' and '$(AutomaticallyUseReferenceAssemblyPackages)' == 'true') was evaluated as ('.NETCoreApp,Version=v8.0' != '' and '.NETCoreApp' == '.NETFramework' and 'true' == 'true').
   6:6>Done building target "_CheckForUnsupportedNETCoreVersion" in project "KChief.Integration.Tests.csproj".
       Target "_CheckForEolTargetFrameworks" skipped, due to false condition; ('@(_EolNetCoreTargetFrameworkVersions->AnyHaveMetadataValue('Identity', '$(_TargetFrameworkVersionWithoutV)'))' and '$(TargetFrameworkIdentifier)' == '.NETCoreApp' and '$(CheckEolTargetFramework)' == 'true') was evaluated as ('false' and '.NETCoreApp' == '.NETCoreApp' and '' == 'true').
       Target "_CheckForEolWorkloads" skipped, due to false condition; ('@(EolWorkload)' != '' and '$(CheckEolWorkloads)' == 'true') was evaluated as ('' != '' and 'true' == 'true').
   6:6>Target "_CheckForUnsupportedCppNETCoreVersion" in file "/usr/share/dotnet/sdk/8.0.415/Sdks/Microsoft.NET.Sdk/targets/Microsoft.NET.TargetFrameworkInference.targets" from project "/home/saidul/Desktop/K-Chief Marine Automation Platform/tests/KChief.Integration.Tests/KChief.Integration.Tests.csproj" (target "_CheckForInvalidConfigurationAndPlatform" depends on it):
       Task "NETSdkError" skipped, due to false condition; ('$(TargetFrameworkIdentifier)' == '.NETCoreApp' and '$(_TargetFrameworkVersionWithoutV)' < '3.1' and ('$(Language)' == 'C++' and '$(_EnablePackageReferencesInVCProjects)' != 'true')) was evaluated as ('.NETCoreApp' == '.NETCoreApp' and '8.0' < '3.1' and ('C#' == 'C++' and '' != 'true')).
   6:6>Done building target "_CheckForUnsupportedCppNETCoreVersion" in project "KChief.Integration.Tests.csproj".
       Target "_CheckForUnsupportedNETStandardVersion" skipped, due to false condition; ('$(TargetFrameworkIdentifier)' == '.NETStandard' And '$(NETStandardMaximumVersion)' != '') was evaluated as ('.NETCoreApp' == '.NETStandard' And '' != '').
       Target "_CheckForUnsupportedTargetFrameworkAndFeatureCombination" skipped, due to false condition; ('$(TargetFrameworkIdentifier)' == '.NETFramework') was evaluated as ('.NETCoreApp' == '.NETFramework').
       Target "_CheckForSupportedOSPlatformVersionHigherThanTargetPlatformVersion" skipped, due to false condition; ('$(TargetPlatformVersion)' != '' and '$(TargetFrameworkIdentifier)' == '.NETCoreApp' and $([MSBuild]::VersionGreaterThanOrEquals($(TargetFrameworkVersion), 5.0))) was evaluated as ('' != '' and '.NETCoreApp' == '.NETCoreApp' and True).
       Target "_CheckForInvalidTargetPlatformVersion" skipped, due to false condition; ('$(TargetPlatformVersion)' != '' and '$(TargetFrameworkIdentifier)' == '.NETCoreApp' and $([MSBuild]::VersionGreaterThanOrEquals($(TargetFrameworkVersion), 5.0)) and ('$(Language)' != 'C++' or '$(_EnablePackageReferencesInVCProjects)' == 'true')) was evaluated as ('' != '' and '.NETCoreApp' == '.NETCoreApp' and True and ('C#' != 'C++' or '' == 'true')).
   6:6>Target "_CheckForUnsupportedArtifactsPath" in file "/usr/share/dotnet/sdk/8.0.415/Sdks/Microsoft.NET.Sdk/targets/Microsoft.NET.DefaultOutputPaths.targets" from project "/home/saidul/Desktop/K-Chief Marine Automation Platform/tests/KChief.Integration.Tests/KChief.Integration.Tests.csproj" (target "_CheckForInvalidConfigurationAndPlatform" depends on it):
       Task "NetSdkError" skipped, due to false condition; ('$(UseArtifactsOutput)' == 'true' and '$(_ArtifactsPathSetEarly)' != 'true') was evaluated as ('' == 'true' and '' != 'true').
       Task "NetSdkError" skipped, due to false condition; ('$(_ArtifactsPathLocationType)' == 'ProjectFolder') was evaluated as ('' == 'ProjectFolder').
   6:6>Done building target "_CheckForUnsupportedArtifactsPath" in project "KChief.Integration.Tests.csproj".
       Target "_CheckForMissingWorkload" skipped, due to false condition; ('@(MissingWorkloadPack)' != '' And '$(DesignTimeBuild)' != 'true') was evaluated as ('' != '' And '' != 'true').
 10:13>Target "CheckForImplicitPackageReferenceOverrides" in file "/usr/share/dotnet/sdk/8.0.415/Sdks/Microsoft.NET.Sdk/targets/Microsoft.NET.Sdk.DefaultItems.Shared.targets" from project "/home/saidul/Desktop/K-Chief Marine Automation Platform/src/KChief.Platform.Core/KChief.Platform.Core.csproj" (target "ApplyImplicitVersions" depends on it):
 10:13>Using "CheckForImplicitPackageReferenceOverrides" task from assembly "/usr/share/dotnet/sdk/8.0.415/Sdks/Microsoft.NET.Sdk/targets/../tools/net8.0/Microsoft.NET.Build.Tasks.dll".
       Task "CheckForImplicitPackageReferenceOverrides"
   6:6>Target "_CheckForUnsupportedAppHostUsage" in file "/usr/share/dotnet/sdk/8.0.415/Sdks/Microsoft.NET.Sdk/targets/Microsoft.NET.RuntimeIdentifierInference.targets" from project "/home/saidul/Desktop/K-Chief Marine Automation Platform/tests/KChief.Integration.Tests/KChief.Integration.Tests.csproj" (target "_CheckForInvalidConfigurationAndPlatform" depends on it):
   6:6>Task "NETSdkError" skipped, due to false condition; ('$(SelfContained)' == 'true' and '$(RuntimeIdentifier)' == '' and '$(AllowSelfContainedWithoutRuntimeIdentifier)' != 'true') was evaluated as ('' == 'true' and '' == '' and '' != 'true').
     0>Overriding target "ResolveFrameworkReferences" in project "/usr/share/dotnet/sdk/8.0.415/Microsoft.Common.CurrentVersion.targets" with target "ResolveFrameworkReferences" from project "/usr/share/dotnet/sdk/8.0.415/Sdks/Microsoft.NET.Sdk/targets/Microsoft.NET.Sdk.FrameworkReferenceResolution.targets".
   6:6>_CheckForUnsupportedAppHostUsage:
       Task "NETSdkError" skipped, due to false condition; ('$(PublishReadyToRun)' == 'true' and '$(RuntimeIdentifier)' == '' and '$(_IsPublishing)' == 'true') was evaluated as ('' == 'true' and '' == '' and '' == 'true').
       Task "NETSdkError" skipped, due to false condition; ('$(PublishSingleFile)' == 'true' and '$(RuntimeIdentifier)' == '' and '$(_IsPublishing)' == 'true') was evaluated as ('' == 'true' and '' == '' and '' == 'true').
       Task "NETSdkError" skipped, due to false condition; ('$(PublishAot)' == 'true' and '$(RuntimeIdentifier)' == '' and '$(_IsPublishing)' == 'true' and '$(AllowPublishAotWithoutRuntimeIdentifier)' != 'true') was evaluated as ('' == 'true' and '' == '' and '' == 'true' and '' != 'true').
       Task "NETSdkError" skipped, due to false condition; ('$(PublishSelfContained)' != 'true' and '$(PublishSelfContained)' != 'false' and '$(PublishSelfContained)' != '') was evaluated as ('' != 'true' and '' != 'false' and '' != '').
       Task "NETSdkError" skipped, due to false condition; ('$(SelfContained)' == 'true' and '$(UseAppHost)' != 'true' and '$(_RuntimeIdentifierUsesAppHost)' == 'true') was evaluated as ('' == 'true' and '' != 'true' and '' == 'true').
     0>Overriding target "Run" in project "/usr/share/dotnet/sdk/8.0.415/Microsoft.Common.CurrentVersion.targets" with target "Run" from project "/usr/share/dotnet/sdk/8.0.415/Sdks/Microsoft.NET.Sdk/targets/Microsoft.NET.Sdk.targets".
   6:6>_CheckForUnsupportedAppHostUsage:
       Task "NETSdkError" skipped, due to false condition; ('$(SelfContained)' != 'true' and '$(UseAppHost)' == 'true' and '$(_TargetFrameworkVersionWithoutV)' < '2.1') was evaluated as ('' != 'true' and '' == 'true' and '8.0' < '2.1').
       Task "NETSdkError" skipped, due to false condition; ('$(PublishSingleFile)' == 'true' and '$(_TargetFrameworkVersionWithoutV)' < '3.0') was evaluated as ('' == 'true' and '8.0' < '3.0').
       Task "NETSdkWarning" skipped, due to false condition; ('$(PublishReadyToRun)' == 'true' and '$(_TargetFrameworkVersionWithoutV)' < '3.0') was evaluated as ('' == 'true' and '8.0' < '3.0').
     0>Overriding target "GenerateSupportedTargetFrameworkAlias" in project "/usr/share/dotnet/sdk/8.0.415/Microsoft.Common.CurrentVersion.targets" with target "GenerateSupportedTargetFrameworkAlias" from project "/usr/share/dotnet/sdk/8.0.415/Sdks/Microsoft.NET.Sdk/targets/Microsoft.NET.Sdk.targets".
   6:6>_CheckForUnsupportedAppHostUsage:
       Task "NETSdkWarning" skipped, due to false condition; ('$(RuntimeIdentifier)' != '' and '$(_TargetFrameworkVersionWithoutV)' != '' and $([MSBuild]::VersionLessThan($(_TargetFrameworkVersionWithoutV), '8.0')) and '$(_SelfContainedWasSpecified)' != 'true') was evaluated as ('' != '' and '8.0' != '' and False and '' != 'true').
     0>Overriding target "GetReferenceAssemblyPaths" in project "/usr/share/dotnet/sdk/8.0.415/Microsoft.Common.CurrentVersion.targets" with target "GetReferenceAssemblyPaths" from project "/usr/share/dotnet/sdk/8.0.415/Sdks/Microsoft.NET.Sdk/targets/Microsoft.NET.DisableStandardFrameworkResolution.targets".
   6:6>_CheckForUnsupportedAppHostUsage:
       Task "NetSdkError" skipped, due to false condition; (('$(UseWindowsForms)' == 'true') and ('$(PublishTrimmed)' == 'true') and ('$(_SuppressWinFormsTrimError)' != 'true')) was evaluated as (('' == 'true') and ('' == 'true') and ('' != 'true')).
     0>Overriding target "GetFrameworkPaths" in project "/usr/share/dotnet/sdk/8.0.415/Microsoft.Common.CurrentVersion.targets" with target "GetFrameworkPaths" from project "/usr/share/dotnet/sdk/8.0.415/Sdks/Microsoft.NET.Sdk/targets/Microsoft.NET.DisableStandardFrameworkResolution.targets".
   6:6>_CheckForUnsupportedAppHostUsage:
       Task "NetSdkError" skipped, due to false condition; (('$(UseWpf)' == 'true') and ('$(PublishTrimmed)' == 'true') and ('$(_SuppressWpfTrimError)' != 'true')) was evaluated as (('' == 'true') and ('' == 'true') and ('' != 'true')).
   6:6>Done building target "_CheckForUnsupportedAppHostUsage" in project "KChief.Integration.Tests.csproj".
     0>Overriding target "DesignerRuntimeImplementationProjectOutputGroup" in project "/usr/share/dotnet/sdk/8.0.415/Microsoft.Common.CurrentVersion.targets" with target "DesignerRuntimeImplementationProjectOutputGroup" from project "/usr/share/dotnet/sdk/8.0.415/Sdks/Microsoft.NET.Sdk/targets/Microsoft.NET.DesignerSupport.targets".
   6:6>Target "_CheckForUnsupportedHostingUsage" in file "/usr/share/dotnet/sdk/8.0.415/Sdks/Microsoft.NET.Sdk/targets/Microsoft.NET.RuntimeIdentifierInference.targets" from project "/home/saidul/Desktop/K-Chief Marine Automation Platform/tests/KChief.Integration.Tests/KChief.Integration.Tests.csproj" (target "_CheckForInvalidConfigurationAndPlatform" depends on it):
   6:6>Task "NETSdkWarning" skipped, due to false condition; ('$(SelfContained)' == 'true' and '$(EnableComHosting)' == 'true') was evaluated as ('' == 'true' and '' == 'true').
   6:6>Done building target "_CheckForUnsupportedHostingUsage" in project "KChief.Integration.Tests.csproj".
     0>Overriding target "Publish" in project "/usr/share/dotnet/sdk/8.0.415/Microsoft.Common.CurrentVersion.targets" with target "Publish" from project "/usr/share/dotnet/sdk/8.0.415/Sdks/Microsoft.NET.Sdk/targets/Microsoft.NET.Publish.targets".
   6:6>Target "_CheckAndUnsetUnsupportedPrefer32Bit" in file "/usr/share/dotnet/sdk/8.0.415/Sdks/Microsoft.NET.Sdk/targets/Microsoft.NET.RuntimeIdentifierInference.targets" from project "/home/saidul/Desktop/K-Chief Marine Automation Platform/tests/KChief.Integration.Tests/KChief.Integration.Tests.csproj" (target "_CheckForInvalidConfigurationAndPlatform" depends on it):
   6:6>Task "NETSdkWarning" skipped, due to false condition; ('$(Prefer32Bit)' == 'true') was evaluated as ('false' == 'true').
   6:6>Done building target "_CheckAndUnsetUnsupportedPrefer32Bit" in project "KChief.Integration.Tests.csproj".
     0>Overriding target "ResolveReadyToRunCompilers" in project "/usr/share/dotnet/sdk/8.0.415/Sdks/Microsoft.NET.Sdk/targets/Microsoft.NET.CrossGen.targets" with target "ResolveReadyToRunCompilers" from project "/usr/share/dotnet/sdk/8.0.415/Sdks/Microsoft.NET.Sdk/targets/Microsoft.NET.Publish.targets".
   6:6>Target "_CheckForMismatchingPlatform" skipped, due to false condition; ('$(RuntimeIdentifier)' != '' and '$(PlatformTarget)' != '') was evaluated as ('' != '' and '' != '').
     0>Overriding target "GetCopyToPublishDirectoryItems" in project "/usr/share/dotnet/sdk/8.0.415/Microsoft.Common.CurrentVersion.targets" with target "GetCopyToPublishDirectoryItems" from project "/usr/share/dotnet/sdk/8.0.415/Sdks/Microsoft.NET.Sdk/targets/Microsoft.NET.Publish.targets".
   6:6>Target "_CheckForLanguageAndFeatureCombinationSupport" in file "/usr/share/dotnet/sdk/8.0.415/Sdks/Microsoft.NET.Sdk/targets/Microsoft.NET.RuntimeIdentifierInference.targets" from project "/home/saidul/Desktop/K-Chief Marine Automation Platform/tests/KChief.Integration.Tests/KChief.Integration.Tests.csproj" (target "_CheckForInvalidConfigurationAndPlatform" depends on it):
   6:6>Task "NETSdkError" skipped, due to false condition; (('$(Language)' == 'C++' and '$(_EnablePackageReferencesInVCProjects)' != 'true') and $(OutputType) != 'library' and '$(TargetFrameworkIdentifier)' == '.NETCoreApp') was evaluated as (('C#' == 'C++' and '' != 'true') and Exe != 'library' and '.NETCoreApp' == '.NETCoreApp').
       Task "NETSdkError" skipped, due to false condition; (('$(Language)' == 'C++' and '$(_EnablePackageReferencesInVCProjects)' != 'true') and $(EnableComHosting) == 'true') was evaluated as (('C#' == 'C++' and '' != 'true') and  == 'true').
       Task "NETSdkError" skipped, due to false condition; (('$(Language)' == 'C++' and '$(_EnablePackageReferencesInVCProjects)' != 'true') and $(SelfContained) == 'true') was evaluated as (('C#' == 'C++' and '' != 'true') and  == 'true').
     0>Overriding target "BeforePublish" in project "/usr/share/dotnet/sdk/8.0.415/Microsoft.Common.CurrentVersion.targets" with target "BeforePublish" from project "/usr/share/dotnet/sdk/8.0.415/Sdks/Microsoft.NET.Sdk.Publish/targets/Microsoft.NET.Sdk.Publish.targets".
   6:6>Done building target "_CheckForLanguageAndFeatureCombinationSupport" in project "KChief.Integration.Tests.csproj".
       Target "_CheckForNETCoreSdkIsPreview" skipped, due to false condition; ( '$(_NETCoreSdkIsPreview)' == 'true' AND '$(SuppressNETCoreSdkPreviewMessage)' != 'true' ) was evaluated as ( 'false' == 'true' AND '' != 'true' ).
     0>Overriding target "AfterPublish" in project "/usr/share/dotnet/sdk/8.0.415/Microsoft.Common.CurrentVersion.targets" with target "AfterPublish" from project "/usr/share/dotnet/sdk/8.0.415/Sdks/Microsoft.NET.Sdk.Publish/targets/Microsoft.NET.Sdk.Publish.targets".
   6:6>Target "_GetProjectJsonPath" in file "/usr/share/dotnet/sdk/8.0.415/NuGet.targets" from project "/home/saidul/Desktop/K-Chief Marine Automation Platform/tests/KChief.Integration.Tests/KChief.Integration.Tests.csproj" (target "_GetRestoreProjectStyle" depends on it):
   6:6>Task "GetRestoreProjectJsonPathTask" skipped, due to false condition; ( '$(RestoreProjectStyle)' == 'ProjectJson' OR '$(RestoreProjectStyle)' == '' ) was evaluated as ( 'PackageReference' == 'ProjectJson' OR 'PackageReference' == '' ).
   6:6>Done building target "_GetProjectJsonPath" in project "KChief.Integration.Tests.csproj".
       Target "_CheckForUnsupportedTargetPlatformIdentifier" skipped, due to false condition; ('$(TargetPlatformIdentifier)' != '' and '$(TargetFrameworkIdentifier)' == '.NETCoreApp' and $([MSBuild]::VersionGreaterThanOrEquals($(TargetFrameworkVersion), 5.0)) And ('$(DesignTimeBuild)' != 'true' Or '@(MissingWorkloadPack)' == '')) was evaluated as ('' != '' and '.NETCoreApp' == '.NETCoreApp' and True And ('' != 'true' Or '' == '')).
 10:13>Done executing task "CheckForImplicitPackageReferenceOverrides".
   6:6>Target "_CheckForMissingWorkload" skipped, due to false condition; ('@(MissingWorkloadPack)' != '' And '$(DesignTimeBuild)' != 'true') was evaluated as ('' != '' And '' != 'true').
       Target "_CheckForUnsupportedNETStandardVersion" skipped, due to false condition; ('$(TargetFrameworkIdentifier)' == '.NETStandard' And '$(NETStandardMaximumVersion)' != '') was evaluated as ('.NETCoreApp' == '.NETStandard' And '' != '').
       Target "_CheckForUnsupportedTargetFrameworkAndFeatureCombination" skipped, due to false condition; ('$(TargetFrameworkIdentifier)' == '.NETFramework') was evaluated as ('.NETCoreApp' == '.NETFramework').
   6:6>Target "UpdateAspNetToFrameworkReference" in file "/usr/share/dotnet/sdk/8.0.415/Sdks/Microsoft.NET.Sdk/targets/Microsoft.NET.Sdk.DefaultItems.Shared.targets" from project "/home/saidul/Desktop/K-Chief Marine Automation Platform/tests/KChief.Integration.Tests/KChief.Integration.Tests.csproj" (target "ApplyImplicitVersions" depends on it):
       Using "CheckIfPackageReferenceShouldBeFrameworkReference" task from assembly "/usr/share/dotnet/sdk/8.0.415/Sdks/Microsoft.NET.Sdk/targets/../tools/net8.0/Microsoft.NET.Build.Tasks.dll".
       Task "CheckIfPackageReferenceShouldBeFrameworkReference"
       Done executing task "CheckIfPackageReferenceShouldBeFrameworkReference".
 10:13>Done building target "CheckForImplicitPackageReferenceOverrides" in project "KChief.Platform.Core.csproj".
   6:6>UpdateAspNetToFrameworkReference:
       Task "NETSdkError" skipped, due to false condition; ('$(_ShouldRemoveAspNetCoreAll)' == 'true') was evaluated as ('False' == 'true').
       Task "CheckIfPackageReferenceShouldBeFrameworkReference"
       Done executing task "CheckIfPackageReferenceShouldBeFrameworkReference".
       Task "NETSdkWarning" skipped, due to false condition; ('$(_ShouldRemoveAspNetCoreApp)' == 'true') was evaluated as ('False' == 'true').
 10:13>Target "ApplyImplicitVersions" in file "/usr/share/dotnet/sdk/8.0.415/Sdks/Microsoft.NET.Sdk/targets/Microsoft.NET.Sdk.DefaultItems.Shared.targets" from project "/home/saidul/Desktop/K-Chief Marine Automation Platform/src/KChief.Platform.Core/KChief.Platform.Core.csproj" (target "CollectPackageReferences" depends on it):
 10:13>Using "ApplyImplicitVersions" task from assembly "/usr/share/dotnet/sdk/8.0.415/Sdks/Microsoft.NET.Sdk/targets/../tools/net8.0/Microsoft.NET.Build.Tasks.dll".
       Task "ApplyImplicitVersions"
   4:7>Target "_CheckForBuildWithNoBuild" skipped, due to false condition; ('$(NoBuild)' == 'true' and '$(GeneratePackageOnBuild)' != 'true') was evaluated as ('' == 'true' and 'false' != 'true').
   4:7>Target "BuildOnlySettings" in file "/usr/share/dotnet/sdk/8.0.415/Microsoft.Common.CurrentVersion.targets" from project "/home/saidul/Desktop/K-Chief Marine Automation Platform/src/KChief.Protocols.Modbus/KChief.Protocols.Modbus.csproj" (target "CoreBuild" depends on it):
   4:7>Done building target "BuildOnlySettings" in project "KChief.Protocols.Modbus.csproj".
       Target "_CheckForUnsupportedTargetFramework" skipped, due to false condition; ('$(_UnsupportedTargetFrameworkError)' == 'true') was evaluated as ('' == 'true').
       Target "_CheckForUnsupportedTargetPlatformIdentifier" skipped, due to false condition; ('$(TargetPlatformIdentifier)' != '' and '$(TargetFrameworkIdentifier)' == '.NETCoreApp' and $([MSBuild]::VersionGreaterThanOrEquals($(TargetFrameworkVersion), 5.0)) And ('$(DesignTimeBuild)' != 'true' Or '@(MissingWorkloadPack)' == '')) was evaluated as ('' != '' and '.NETCoreApp' == '.NETCoreApp' and True And ('' != 'true' Or '' == '')).
       Target "_CheckForMissingWorkload" skipped, due to false condition; ('@(MissingWorkloadPack)' != '' And '$(DesignTimeBuild)' != 'true') was evaluated as ('' != '' And '' != 'true').
   4:7>Target "GetFrameworkPaths" in file "/usr/share/dotnet/sdk/8.0.415/Sdks/Microsoft.NET.Sdk/targets/Microsoft.NET.DisableStandardFrameworkResolution.targets" from project "/home/saidul/Desktop/K-Chief Marine Automation Platform/src/KChief.Protocols.Modbus/KChief.Protocols.Modbus.csproj" (target "PrepareForBuild" depends on it):
   4:7>Done building target "GetFrameworkPaths" in project "KChief.Protocols.Modbus.csproj".
       Target "_CheckForUnsupportedTargetFramework" skipped, due to false condition; ('$(_UnsupportedTargetFrameworkError)' == 'true') was evaluated as ('' == 'true').
       Target "_CheckForUnsupportedTargetPlatformIdentifier" skipped, due to false condition; ('$(TargetPlatformIdentifier)' != '' and '$(TargetFrameworkIdentifier)' == '.NETCoreApp' and $([MSBuild]::VersionGreaterThanOrEquals($(TargetFrameworkVersion), 5.0)) And ('$(DesignTimeBuild)' != 'true' Or '@(MissingWorkloadPack)' == '')) was evaluated as ('' != '' and '.NETCoreApp' == '.NETCoreApp' and True And ('' != 'true' Or '' == '')).
       Target "_CheckForMissingWorkload" skipped, due to false condition; ('@(MissingWorkloadPack)' != '' And '$(DesignTimeBuild)' != 'true') was evaluated as ('' != '' And '' != 'true').
   4:7>Target "GetReferenceAssemblyPaths" in file "/usr/share/dotnet/sdk/8.0.415/Sdks/Microsoft.NET.Sdk/targets/Microsoft.NET.DisableStandardFrameworkResolution.targets" from project "/home/saidul/Desktop/K-Chief Marine Automation Platform/src/KChief.Protocols.Modbus/KChief.Protocols.Modbus.csproj" (target "PrepareForBuild" depends on it):
   4:7>Done building target "GetReferenceAssemblyPaths" in project "KChief.Protocols.Modbus.csproj".
       Target "AssignLinkMetadata" skipped, due to false condition; ( '$(SynthesizeLinkMetadata)' == 'true' ) was evaluated as ( '' == 'true' ).
       Target "_VerifyPackReleaseConfigurations" skipped, due to false condition; ('$(_IsPacking)' == 'true' and '$(DOTNET_CLI_DISABLE_PUBLISH_AND_PACK_RELEASE)' != 'true' and '$(DOTNET_CLI_LAZY_PUBLISH_AND_PACK_RELEASE_FOR_SOLUTIONS)' == 'true') was evaluated as ('' == 'true' and '' != 'true' and '' == 'true').
 10:13>Done executing task "ApplyImplicitVersions".
   4:7>Target "PrepareForBuild" in file "/usr/share/dotnet/sdk/8.0.415/Microsoft.Common.CurrentVersion.targets" from project "/home/saidul/Desktop/K-Chief Marine Automation Platform/src/KChief.Protocols.Modbus/KChief.Protocols.Modbus.csproj" (target "CoreBuild" depends on it):
   4:7>Using "FindAppConfigFile" task from assembly "Microsoft.Build.Tasks.Core, Version=15.1.0.0, Culture=neutral, PublicKeyToken=b03f5f7f11d50a3a".
       Task "FindAppConfigFile"
       Done executing task "FindAppConfigFile".
       Using "MakeDir" task from assembly "Microsoft.Build.Tasks.Core, Version=15.1.0.0, Culture=neutral, PublicKeyToken=b03f5f7f11d50a3a".
       Task "MakeDir"
     0>The target "ResolveNuGetPackageAssets" listed in an AfterTargets attribute at "/home/saidul/.nuget/packages/system.text.json/8.0.0/buildTransitive/net6.0/System.Text.Json.targets (11,11)" does not exist in the project, and will be ignored.
 10:13>Done building target "ApplyImplicitVersions" in project "KChief.Platform.Core.csproj".
   4:7>Done executing task "MakeDir".
 10:13>Target "CheckForImplicitPackageReferenceOverrides" skipped. Previously built successfully.
     0>The target "ResolveNuGetPackageAssets" listed in an AfterTargets attribute at "/home/saidul/.nuget/packages/system.text.json/8.0.0/buildTransitive/net6.0/System.Text.Json.targets (23,11)" does not exist in the project, and will be ignored.
   4:7>Done building target "PrepareForBuild" in project "KChief.Protocols.Modbus.csproj".
 10:13>Target "AddWindowsSdkKnownFrameworkReferences" skipped, due to false condition; ('$(TargetFrameworkIdentifier)' == '.NETCoreApp' And '$(TargetPlatformIdentifier)' == 'Windows') was evaluated as ('.NETCoreApp' == '.NETCoreApp' And '' == 'Windows').
       Target "_NormalizeTargetPlatformVersion" skipped, due to false condition; ('$(TargetPlatformVersion)' != '' and '$(TargetFrameworkIdentifier)' == '.NETCoreApp' and $([MSBuild]::VersionGreaterThanOrEquals($(TargetFrameworkVersion), 5.0)) and ('$(Language)' != 'C++' or '$(_EnablePackageReferencesInVCProjects)' == 'true')) was evaluated as ('' != '' and '.NETCoreApp' == '.NETCoreApp' and True and ('C#' != 'C++' or '' == 'true')).
   6:6>Done building target "UpdateAspNetToFrameworkReference" in project "KChief.Integration.Tests.csproj".
       Target "IncludeTargetingPackReference" skipped, due to false condition; ('$(TargetFrameworkMoniker)' != '' and '$(TargetFrameworkIdentifier)' == '.NETFramework' and '$(AutomaticallyUseReferenceAssemblyPackages)' == 'true') was evaluated as ('.NETCoreApp,Version=v8.0' != '' and '.NETCoreApp' == '.NETFramework' and 'true' == 'true').
   6:6>Target "CheckForImplicitPackageReferenceOverrides" in file "/usr/share/dotnet/sdk/8.0.415/Sdks/Microsoft.NET.Sdk/targets/Microsoft.NET.Sdk.DefaultItems.Shared.targets" from project "/home/saidul/Desktop/K-Chief Marine Automation Platform/tests/KChief.Integration.Tests/KChief.Integration.Tests.csproj" (target "ApplyImplicitVersions" depends on it):
       Using "CheckForImplicitPackageReferenceOverrides" task from assembly "/usr/share/dotnet/sdk/8.0.415/Sdks/Microsoft.NET.Sdk/targets/../tools/net8.0/Microsoft.NET.Build.Tasks.dll".
     0>The target "ResolveNuGetPackageAssets" listed in an AfterTargets attribute at "/home/saidul/.nuget/packages/microsoft.extensions.logging.abstractions/9.0.0/buildTransitive/net8.0/Microsoft.Extensions.Logging.Abstractions.targets (11,11)" does not exist in the project, and will be ignored.
   6:6>Task "CheckForImplicitPackageReferenceOverrides"
     0>The target "ResolveNuGetPackageAssets" listed in an AfterTargets attribute at "/home/saidul/.nuget/packages/microsoft.extensions.logging.abstractions/9.0.0/buildTransitive/net8.0/Microsoft.Extensions.Logging.Abstractions.targets (23,11)" does not exist in the project, and will be ignored.
   6:6>Done executing task "CheckForImplicitPackageReferenceOverrides".
     0>The target "ResolveNuGetPackageAssets" listed in an AfterTargets attribute at "/home/saidul/.nuget/packages/microsoft.extensions.configuration.binder/8.0.0/buildTransitive/netstandard2.0/Microsoft.Extensions.Configuration.Binder.targets (9,13)" does not exist in the project, and will be ignored.
   6:6>Done building target "CheckForImplicitPackageReferenceOverrides" in project "KChief.Integration.Tests.csproj".
     0>The target "ResolveNuGetPackageAssets" listed in an AfterTargets attribute at "/home/saidul/.nuget/packages/microsoft.extensions.options/9.0.0/buildTransitive/net8.0/Microsoft.Extensions.Options.targets (11,11)" does not exist in the project, and will be ignored.
       The target "ResolveNuGetPackageAssets" listed in an AfterTargets attribute at "/home/saidul/.nuget/packages/microsoft.extensions.options/9.0.0/buildTransitive/net8.0/Microsoft.Extensions.Options.targets (23,11)" does not exist in the project, and will be ignored.
   6:6>Target "ApplyImplicitVersions" in file "/usr/share/dotnet/sdk/8.0.415/Sdks/Microsoft.NET.Sdk/targets/Microsoft.NET.Sdk.DefaultItems.Shared.targets" from project "/home/saidul/Desktop/K-Chief Marine Automation Platform/tests/KChief.Integration.Tests/KChief.Integration.Tests.csproj" (target "CollectPackageReferences" depends on it):
   6:6>Using "ApplyImplicitVersions" task from assembly "/usr/share/dotnet/sdk/8.0.415/Sdks/Microsoft.NET.Sdk/targets/../tools/net8.0/Microsoft.NET.Build.Tasks.dll".
       Task "ApplyImplicitVersions"
     0>The target "CollectUpToDateCheckInputDesignTime" listed in a BeforeTargets attribute at "/usr/share/dotnet/sdk/8.0.415/Sdks/Microsoft.NET.Sdk.StaticWebAssets/targets/Microsoft.NET.Sdk.StaticWebAssets.ScopedCss.targets (156,5)" does not exist in the project, and will be ignored.
 10:13>Target "_ComputeToolPackInputsToProcessFrameworkReferences" in file "/usr/share/dotnet/sdk/8.0.415/Sdks/Microsoft.NET.Sdk/targets/Microsoft.NET.Publish.targets" from project "/home/saidul/Desktop/K-Chief Marine Automation Platform/src/KChief.Platform.Core/KChief.Platform.Core.csproj" (target "ProcessFrameworkReferences" depends on it):
 10:13>Done building target "_ComputeToolPackInputsToProcessFrameworkReferences" in project "KChief.Platform.Core.csproj".
     0>The target "CollectUpToDateCheckBuiltDesignTime" listed in a BeforeTargets attribute at "/usr/share/dotnet/sdk/8.0.415/Sdks/Microsoft.NET.Sdk.StaticWebAssets/targets/Microsoft.NET.Sdk.StaticWebAssets.ScopedCss.targets (156,5)" does not exist in the project, and will be ignored.
   6:6>Done executing task "ApplyImplicitVersions".
     0>The target "RazorGenerateComponentDeclaration" listed in an AfterTargets attribute at "/usr/share/dotnet/sdk/8.0.415/Sdks/Microsoft.NET.Sdk.Razor/targets/Microsoft.NET.Sdk.Razor.DesignTime.targets (55,53)" does not exist in the project, and will be ignored.
   6:6>Done building target "ApplyImplicitVersions" in project "KChief.Integration.Tests.csproj".
       Target "CheckForImplicitPackageReferenceOverrides" skipped. Previously built successfully.
       Target "AddWindowsSdkKnownFrameworkReferences" skipped, due to false condition; ('$(TargetFrameworkIdentifier)' == '.NETCoreApp' And '$(TargetPlatformIdentifier)' == 'Windows') was evaluated as ('.NETCoreApp' == '.NETCoreApp' And '' == 'Windows').
       Target "_NormalizeTargetPlatformVersion" skipped, due to false condition; ('$(TargetPlatformVersion)' != '' and '$(TargetFrameworkIdentifier)' == '.NETCoreApp' and $([MSBuild]::VersionGreaterThanOrEquals($(TargetFrameworkVersion), 5.0)) and ('$(Language)' != 'C++' or '$(_EnablePackageReferencesInVCProjects)' == 'true')) was evaluated as ('' != '' and '.NETCoreApp' == '.NETCoreApp' and True and ('C#' != 'C++' or '' == 'true')).
 10:13>Target "ProcessFrameworkReferences" in file "/usr/share/dotnet/sdk/8.0.415/Sdks/Microsoft.NET.Sdk/targets/Microsoft.NET.Sdk.FrameworkReferenceResolution.targets" from project "/home/saidul/Desktop/K-Chief Marine Automation Platform/src/KChief.Platform.Core/KChief.Platform.Core.csproj" (target "CollectPackageReferences" depends on it):
 10:13>Using "CheckForDuplicateFrameworkReferences" task from assembly "/usr/share/dotnet/sdk/8.0.415/Sdks/Microsoft.NET.Sdk/targets/../tools/net8.0/Microsoft.NET.Build.Tasks.dll".
       Task "CheckForDuplicateFrameworkReferences"
   6:6>Target "_ComputeToolPackInputsToProcessFrameworkReferences" in file "/usr/share/dotnet/sdk/8.0.415/Sdks/Microsoft.NET.Sdk/targets/Microsoft.NET.Publish.targets" from project "/home/saidul/Desktop/K-Chief Marine Automation Platform/tests/KChief.Integration.Tests/KChief.Integration.Tests.csproj" (target "ProcessFrameworkReferences" depends on it):
   6:6>Done building target "_ComputeToolPackInputsToProcessFrameworkReferences" in project "KChief.Integration.Tests.csproj".
   6:6>Target "ProcessFrameworkReferences" in file "/usr/share/dotnet/sdk/8.0.415/Sdks/Microsoft.NET.Sdk/targets/Microsoft.NET.Sdk.FrameworkReferenceResolution.targets" from project "/home/saidul/Desktop/K-Chief Marine Automation Platform/tests/KChief.Integration.Tests/KChief.Integration.Tests.csproj" (target "CollectPackageReferences" depends on it):
       Using "CheckForDuplicateFrameworkReferences" task from assembly "/usr/share/dotnet/sdk/8.0.415/Sdks/Microsoft.NET.Sdk/targets/../tools/net8.0/Microsoft.NET.Build.Tasks.dll".
       Task "CheckForDuplicateFrameworkReferences"
       Done executing task "CheckForDuplicateFrameworkReferences".
       Using "ProcessFrameworkReferences" task from assembly "/usr/share/dotnet/sdk/8.0.415/Sdks/Microsoft.NET.Sdk/targets/../tools/net8.0/Microsoft.NET.Build.Tasks.dll".
       Task "ProcessFrameworkReferences"
 10:13>Done executing task "CheckForDuplicateFrameworkReferences".
   6:6>Done executing task "ProcessFrameworkReferences".
       Using "ResolveAppHosts" task from assembly "/usr/share/dotnet/sdk/8.0.415/Sdks/Microsoft.NET.Sdk/targets/../tools/net8.0/Microsoft.NET.Build.Tasks.dll".
       Task "ResolveAppHosts"
       Done executing task "ResolveAppHosts".
   6:6>Done building target "ProcessFrameworkReferences" in project "KChief.Integration.Tests.csproj".
       Target "IncludeTargetingPackReference" skipped, due to false condition; ('$(TargetFrameworkMoniker)' != '' and '$(TargetFrameworkIdentifier)' == '.NETFramework' and '$(AutomaticallyUseReferenceAssemblyPackages)' == 'true') was evaluated as ('.NETCoreApp,Version=v8.0' != '' and '.NETCoreApp' == '.NETFramework' and 'true' == 'true').
   6:6>Target "_AddMicrosoftNetCompilerToolsetFrameworkPackage" in file "/usr/share/dotnet/sdk/8.0.415/Sdks/Microsoft.NET.Sdk/targets/Microsoft.NET.Sdk.targets" from project "/home/saidul/Desktop/K-Chief Marine Automation Platform/tests/KChief.Integration.Tests/KChief.Integration.Tests.csproj" (target "CollectPackageReferences" depends on it):
       Task "NETSdkWarning" skipped, due to false condition; ('@(PackageReference->AnyHaveMetadataValue('Identity', 'Microsoft.Net.Compilers.Toolset.Framework'))' == 'true') was evaluated as ('false' == 'true').
   6:6>Done building target "_AddMicrosoftNetCompilerToolsetFrameworkPackage" in project "KChief.Integration.Tests.csproj".
 10:13>ProcessFrameworkReferences:
       Using "ProcessFrameworkReferences" task from assembly "/usr/share/dotnet/sdk/8.0.415/Sdks/Microsoft.NET.Sdk/targets/../tools/net8.0/Microsoft.NET.Build.Tasks.dll".
       Task "ProcessFrameworkReferences"
   6:6>Target "_CheckForObsoleteDotNetCliToolReferences" in file "/usr/share/dotnet/sdk/8.0.415/Sdks/Microsoft.NET.Sdk/targets/Microsoft.NET.ObsoleteReferences.targets" from project "/home/saidul/Desktop/K-Chief Marine Automation Platform/tests/KChief.Integration.Tests/KChief.Integration.Tests.csproj" (target "CollectPackageReferences" depends on it):
   6:6>Task "NETSdkWarning" skipped, due to false condition; ( '%(_ReferenceToObsoleteDotNetCliTool.Identity)' != '' ) was evaluated as ( '' != '' ).
   6:6>Done building target "_CheckForObsoleteDotNetCliToolReferences" in project "KChief.Integration.Tests.csproj".
   6:6>Target "CollectPackageReferences" in file "/usr/share/dotnet/sdk/8.0.415/NuGet.targets" from project "/home/saidul/Desktop/K-Chief Marine Automation Platform/tests/KChief.Integration.Tests/KChief.Integration.Tests.csproj" (target "_GetRestoreProjectStyle" depends on it):
       Using "CheckForDuplicateNuGetItemsTask" task from assembly "/usr/share/dotnet/sdk/8.0.415/NuGet.Build.Tasks.dll".
       Task "CheckForDuplicateNuGetItemsTask"
       Done executing task "CheckForDuplicateNuGetItemsTask".
   6:6>Done building target "CollectPackageReferences" in project "KChief.Integration.Tests.csproj".
   6:6>Target "_GetRestoreProjectStyle" in file "/usr/share/dotnet/sdk/8.0.415/NuGet.targets" from project "/home/saidul/Desktop/K-Chief Marine Automation Platform/tests/KChief.Integration.Tests/KChief.Integration.Tests.csproj" (target "EnableIntermediateOutputPathMismatchWarning" depends on it):
       Using "GetRestoreProjectStyleTask" task from assembly "/usr/share/dotnet/sdk/8.0.415/NuGet.Build.Tasks.dll".
       Task "GetRestoreProjectStyleTask"
       Done executing task "GetRestoreProjectStyleTask".
   6:6>Done building target "_GetRestoreProjectStyle" in project "KChief.Integration.Tests.csproj".
   6:6>Target "EnableIntermediateOutputPathMismatchWarning" in file "/usr/share/dotnet/sdk/8.0.415/NuGet.targets" from project "/home/saidul/Desktop/K-Chief Marine Automation Platform/tests/KChief.Integration.Tests/KChief.Integration.Tests.csproj" (target "_CheckForInvalidConfigurationAndPlatform" depends on it):
   6:6>Done building target "EnableIntermediateOutputPathMismatchWarning" in project "KChief.Integration.Tests.csproj".
       Target "ApplyImplicitVersions" skipped. Previously built successfully.
       Target "CheckForImplicitPackageReferenceOverrides" skipped. Previously built successfully.
   6:6>Target "CheckForDuplicateItems" in file "/usr/share/dotnet/sdk/8.0.415/Sdks/Microsoft.NET.Sdk/targets/Microsoft.NET.Sdk.DefaultItems.Shared.targets" from project "/home/saidul/Desktop/K-Chief Marine Automation Platform/tests/KChief.Integration.Tests/KChief.Integration.Tests.csproj" (target "_CheckForInvalidConfigurationAndPlatform" depends on it):
       Using "CheckForDuplicateItems" task from assembly "/usr/share/dotnet/sdk/8.0.415/Sdks/Microsoft.NET.Sdk/targets/../tools/net8.0/Microsoft.NET.Build.Tasks.dll".
       Task "CheckForDuplicateItems"
       Done executing task "CheckForDuplicateItems".
       Task "CheckForDuplicateItems"
       Done executing task "CheckForDuplicateItems".
       Task "CheckForDuplicateItems"
       Done executing task "CheckForDuplicateItems".
   6:6>Done building target "CheckForDuplicateItems" in project "KChief.Integration.Tests.csproj".
       Target "WarnForExplicitVersions" skipped, due to false condition; ('@(SdkBuildWarning)' != '') was evaluated as ('' != '').
       Target "_CheckForFailedSDKResolution" skipped, due to false condition; ('$(SdkResolverHonoredGlobalJson)' == 'false') was evaluated as ('' == 'false').
       Target "_WarnWhenUsingNET8AndVSPriorTo178" skipped, due to false condition; ($([MSBuild]::VersionLessThan($(MSBuildVersion), '17.8.0')) and '$(TargetFrameworkIdentifier)' == '.NETCoreApp' and $([MSBuild]::VersionGreaterThanOrEquals($(_TargetFrameworkVersionWithoutV), '8.0'))) was evaluated as (False and '.NETCoreApp' == '.NETCoreApp' and True).
       Target "_CheckForInvalidWindowsDesktopTargetingConfiguration" skipped, due to false condition; ('$(TargetFrameworkIdentifier)' == '.NETCoreApp' and $([MSBuild]::VersionGreaterThanOrEquals($(_TargetFrameworkVersionWithoutV), '5.0')) and ('$(UseWindowsForms)' == 'true' or '$(UseWPF)' == 'true')) was evaluated as ('.NETCoreApp' == '.NETCoreApp' and True and ('' == 'true' or '' == 'true')).
       Target "_CheckForUnnecessaryWindowsDesktopSDK" skipped, due to false condition; ('$(TargetFrameworkIdentifier)' == '.NETCoreApp' and $([MSBuild]::VersionGreaterThanOrEquals($(_TargetFrameworkVersionWithoutV), '5.0')) and '$(_MicrosoftWindowsDesktopSdkImported)' == 'true' and '$(TargetFrameworks)' == '') was evaluated as ('.NETCoreApp' == '.NETCoreApp' and True and '' == 'true' and '' == '').
       Target "ProcessFrameworkReferences" skipped. Previously built successfully.
       Target "IncludeTargetingPackReference" skipped, due to false condition; ('$(TargetFrameworkMoniker)' != '' and '$(TargetFrameworkIdentifier)' == '.NETFramework' and '$(AutomaticallyUseReferenceAssemblyPackages)' == 'true') was evaluated as ('.NETCoreApp,Version=v8.0' != '' and '.NETCoreApp' == '.NETFramework' and 'true' == 'true').
   6:6>Target "_CheckForInvalidConfigurationAndPlatform" in file "/usr/share/dotnet/sdk/8.0.415/Microsoft.Common.CurrentVersion.targets" from project "/home/saidul/Desktop/K-Chief Marine Automation Platform/tests/KChief.Integration.Tests/KChief.Integration.Tests.csproj" (target "BeforeBuild" depends on it):
       Task "Error" skipped, due to false condition; ( '$(_InvalidConfigurationError)' == 'true' ) was evaluated as ( '' == 'true' ).
       Task "Warning" skipped, due to false condition; ( '$(_InvalidConfigurationWarning)' == 'true' ) was evaluated as ( '' == 'true' ).
       Task "Message"
         Configuration=Release
   8:8>Target "AssignProjectConfiguration" in file "/usr/share/dotnet/sdk/8.0.415/Microsoft.Common.CurrentVersion.targets" from project "/home/saidul/Desktop/K-Chief Marine Automation Platform/src/KChief.DataAccess/KChief.DataAccess.csproj" (target "ResolveReferences" depends on it):
   8:8>Using "AssignProjectConfiguration" task from assembly "Microsoft.Build.Tasks.Core, Version=15.1.0.0, Culture=neutral, PublicKeyToken=b03f5f7f11d50a3a".
   6:6>Done executing task "Message".
   8:8>Task "AssignProjectConfiguration"
   6:6>Task "Message"
   8:8>AssignProjectConfiguration:
         Project reference "../KChief.Platform.Core/KChief.Platform.Core.csproj" has been assigned the "Release|AnyCPU" configuration.
       Done executing task "AssignProjectConfiguration".
   6:6>_CheckForInvalidConfigurationAndPlatform:
         Platform=AnyCPU
       Done executing task "Message".
       Task "Error" skipped, due to false condition; ('$(OutDir)' != '' and !HasTrailingSlash('$(OutDir)')) was evaluated as ('bin/Release/net8.0/' != '' and !HasTrailingSlash('bin/Release/net8.0/')).
       Task "Error" skipped, due to false condition; ('$(IntermediateOutputPath)' != '' and !HasTrailingSlash('$(IntermediateOutputPath)')) was evaluated as ('obj/Release/net8.0/' != '' and !HasTrailingSlash('obj/Release/net8.0/')).
       Task "Error" skipped, due to false condition; ('$(BaseIntermediateOutputPath)' != '' and !HasTrailingSlash('$(BaseIntermediateOutputPath)')) was evaluated as ('obj/' != '' and !HasTrailingSlash('obj/')).
   4:7>Target "GenerateGlobalUsings" in file "/usr/share/dotnet/sdk/8.0.415/Sdks/Microsoft.NET.Sdk/targets/Microsoft.NET.GenerateGlobalUsings.targets" from project "/home/saidul/Desktop/K-Chief Marine Automation Platform/src/KChief.Protocols.Modbus/KChief.Protocols.Modbus.csproj" (target "CoreBuild" depends on it):
   4:7>Using "GenerateGlobalUsings" task from assembly "/usr/share/dotnet/sdk/8.0.415/Sdks/Microsoft.NET.Sdk/targets/../tools/net8.0/Microsoft.NET.Build.Tasks.dll".
       Task "GenerateGlobalUsings"
       Done executing task "GenerateGlobalUsings".
       Using "WriteLinesToFile" task from assembly "Microsoft.Build.Tasks.Core, Version=15.1.0.0, Culture=neutral, PublicKeyToken=b03f5f7f11d50a3a".
       Task "WriteLinesToFile"
         Skipping write to file "obj/Release/net8.0/KChief.Protocols.Modbus.GlobalUsings.g.cs" because content would not change.
       Done executing task "WriteLinesToFile".
   4:7>Done building target "GenerateGlobalUsings" in project "KChief.Protocols.Modbus.csproj".
       Target "PreBuildEvent" skipped, due to false condition; ('$(PreBuildEvent)'!='') was evaluated as (''!='').
   4:7>Target "BeforeResolveReferences" in file "/usr/share/dotnet/sdk/8.0.415/Microsoft.Common.CurrentVersion.targets" from project "/home/saidul/Desktop/K-Chief Marine Automation Platform/src/KChief.Protocols.Modbus/KChief.Protocols.Modbus.csproj" (target "ResolveReferences" depends on it):
   4:7>Done building target "BeforeResolveReferences" in project "KChief.Protocols.Modbus.csproj".
   4:7>Target "IgnoreJavaScriptOutputAssembly" in file "/usr/share/dotnet/sdk/8.0.415/Microsoft.Common.CurrentVersion.targets" from project "/home/saidul/Desktop/K-Chief Marine Automation Platform/src/KChief.Protocols.Modbus/KChief.Protocols.Modbus.csproj" (target "AssignProjectConfiguration" depends on it):
   4:7>Done building target "IgnoreJavaScriptOutputAssembly" in project "KChief.Protocols.Modbus.csproj".
       Target "ProcessFrameworkReferences" skipped. Previously built successfully.
   4:7>Target "_DefaultMicrosoftNETPlatformLibrary" in file "/usr/share/dotnet/sdk/8.0.415/Sdks/Microsoft.NET.Sdk/targets/Microsoft.NET.Sdk.Shared.targets" from project "/home/saidul/Desktop/K-Chief Marine Automation Platform/src/KChief.Protocols.Modbus/KChief.Protocols.Modbus.csproj" (target "ResolvePackageAssets" depends on it):
   4:7>Done building target "_DefaultMicrosoftNETPlatformLibrary" in project "KChief.Protocols.Modbus.csproj".
   4:7>Target "_ComputePackageReferencePublish" in file "/usr/share/dotnet/sdk/8.0.415/Sdks/Microsoft.NET.Sdk/targets/Microsoft.NET.Sdk.Shared.targets" from project "/home/saidul/Desktop/K-Chief Marine Automation Platform/src/KChief.Protocols.Modbus/KChief.Protocols.Modbus.csproj" (target "ResolvePackageAssets" depends on it):
   4:7>Done building target "_ComputePackageReferencePublish" in project "KChief.Protocols.Modbus.csproj".
       Target "_ResolveCompilerVersion" skipped, due to false condition; ('$(CompilerApiVersion)' == '' And
                            ('$(Language)' == 'C#' Or '$(Language)' == 'VB') And
                            Exists('$(RoslynTargetsPath)\Microsoft.Build.Tasks.CodeAnalysis.dll')) was evaluated as ('roslyn4.11' == '' And
                            ('C#' == 'C#' Or 'C#' == 'VB') And
                            Exists('/usr/share/dotnet/sdk/8.0.415/Roslyn\Microsoft.Build.Tasks.CodeAnalysis.dll')).
   4:7>Target "ResolvePackageAssets" in file "/usr/share/dotnet/sdk/8.0.415/Sdks/Microsoft.NET.Sdk/targets/Microsoft.PackageDependencyResolution.targets" from project "/home/saidul/Desktop/K-Chief Marine Automation Platform/src/KChief.Protocols.Modbus/KChief.Protocols.Modbus.csproj" (target "ResolveLockFileReferences" depends on it):
       Using "ResolvePackageAssets" task from assembly "/usr/share/dotnet/sdk/8.0.415/Sdks/Microsoft.NET.Sdk/targets/../tools/net8.0/Microsoft.NET.Build.Tasks.dll".
       Task "ResolvePackageAssets"
   8:8>Done building target "AssignProjectConfiguration" in project "KChief.DataAccess.csproj".
       Target "AssignProjectConfiguration" skipped. Previously built successfully.
   8:8>Target "_SplitProjectReferencesByFileExistence" in file "/usr/share/dotnet/sdk/8.0.415/Microsoft.Common.CurrentVersion.targets" from project "/home/saidul/Desktop/K-Chief Marine Automation Platform/src/KChief.DataAccess/KChief.DataAccess.csproj" (target "PrepareProjectReferences" depends on it):
       Task "ResolveNonMSBuildProjectOutput" skipped, due to false condition; ('$(BuildingInsideVisualStudio)'=='true' and '@(ProjectReferenceWithConfiguration)'!='') was evaluated as (''=='true' and '../KChief.Platform.Core/KChief.Platform.Core.csproj'!='').
   8:8>Done building target "_SplitProjectReferencesByFileExistence" in project "KChief.DataAccess.csproj".
   8:8>Target "_AddOutputPathToGlobalPropertiesToRemove" in file "/usr/share/dotnet/sdk/8.0.415/Microsoft.Common.CurrentVersion.targets" from project "/home/saidul/Desktop/K-Chief Marine Automation Platform/src/KChief.DataAccess/KChief.DataAccess.csproj" (target "_GetProjectReferenceTargetFrameworkProperties" depends on it):
   8:8>Done building target "_AddOutputPathToGlobalPropertiesToRemove" in project "KChief.DataAccess.csproj".
   8:8>Target "_GetProjectReferenceTargetFrameworkProperties" in file "/usr/share/dotnet/sdk/8.0.415/Microsoft.Common.CurrentVersion.targets" from project "/home/saidul/Desktop/K-Chief Marine Automation Platform/src/KChief.DataAccess/KChief.DataAccess.csproj" (target "PrepareProjectReferences" depends on it):
       Task "MSBuild"
         Global Properties:
           Configuration=Release
           Platform=AnyCPU
         Removing Properties:
           TargetFramework
           RuntimeIdentifier
           SelfContained
 10:13>Done executing task "ProcessFrameworkReferences".
   4:7>Done executing task "ResolvePackageAssets".
 10:13>ProcessFrameworkReferences:
       Using "ResolveAppHosts" task from assembly "/usr/share/dotnet/sdk/8.0.415/Sdks/Microsoft.NET.Sdk/targets/../tools/net8.0/Microsoft.NET.Build.Tasks.dll".
       Task "ResolveAppHosts"
   4:7>Done building target "ResolvePackageAssets" in project "KChief.Protocols.Modbus.csproj".
       Target "AdjustDefaultPlatformTargetForNetFrameworkExeWithNoNativeCopyLocalItems" skipped, due to false condition; ('$(_UsingDefaultPlatformTarget)' == 'true' and
                            '$(_UsingDefaultRuntimeIdentifier)' == 'true') was evaluated as ('true' == 'true' and
                            '' == 'true').
       Target "_CheckForTransitiveWindowsDesktopDependencies" skipped, due to false condition; ('$(TargetFrameworkIdentifier)' == '.NETCoreApp' and $([MSBuild]::VersionGreaterThanOrEquals($(_TargetFrameworkVersionWithoutV), '5.0')) and '$(TargetPlatformIdentifier)' != 'Windows' and '@(TransitiveFrameworkReference)' != '') was evaluated as ('.NETCoreApp' == '.NETCoreApp' and True and '' != 'Windows' and '' != '').
       Target "AddTransitiveFrameworkReferences" skipped, due to false condition; ('@(TransitiveFrameworkReference)' != '') was evaluated as ('' != '').
   6:6>_CheckForInvalidConfigurationAndPlatform:
       Task "MSBuildInternalMessage" skipped, due to false condition; ( '$(Prefer32Bit)' == 'true' and '$(PreferNativeArm64)' == 'true' ) was evaluated as ( 'false' == 'true' and '' == 'true' ).
       Task "MSBuildInternalMessage" skipped, due to false condition; ( '$(NoWin32Manifest)' == 'true' and '$(PreferNativeArm64)' == 'true' ) was evaluated as ( '' == 'true' and '' == 'true' ).
       Task "MSBuildInternalMessage" skipped, due to false condition; ( '$(PreferNativeArm64)' == 'true' and '$(Platform)' != 'AnyCPU' ) was evaluated as ( '' == 'true' and 'AnyCPU' != 'AnyCPU' ).
       Task "Error" skipped, due to false condition; ( '$(_InitialMSBuildProjectExtensionsPath)' != '' And '$(MSBuildProjectExtensionsPath)' != '$(_InitialMSBuildProjectExtensionsPath)' ) was evaluated as ( '/home/saidul/Desktop/K-Chief Marine Automation Platform/tests/KChief.Integration.Tests/obj/' != '' And '/home/saidul/Desktop/K-Chief Marine Automation Platform/tests/KChief.Integration.Tests/obj/' != '/home/saidul/Desktop/K-Chief Marine Automation Platform/tests/KChief.Integration.Tests/obj/' ).
       Task "Warning" skipped, due to false condition; ( '$(EnableBaseIntermediateOutputPathMismatchWarning)' == 'true' And '$(_InitialBaseIntermediateOutputPath)' != '$(BaseIntermediateOutputPath)' And '$(BaseIntermediateOutputPath)' != '$(MSBuildProjectExtensionsPath)' ) was evaluated as ( 'true' == 'true' And 'obj/' != 'obj/' And 'obj/' != '/home/saidul/Desktop/K-Chief Marine Automation Platform/tests/KChief.Integration.Tests/obj/' ).
   4:7>Target "ResolveLockFileReferences" in file "/usr/share/dotnet/sdk/8.0.415/Sdks/Microsoft.NET.Sdk/targets/Microsoft.PackageDependencyResolution.targets" from project "/home/saidul/Desktop/K-Chief Marine Automation Platform/src/KChief.Protocols.Modbus/KChief.Protocols.Modbus.csproj" (target "ResolvePackageDependenciesForBuild" depends on it):
   4:7>Using "JoinItems" task from assembly "/usr/share/dotnet/sdk/8.0.415/Sdks/Microsoft.NET.Sdk/targets/../tools/net8.0/Microsoft.NET.Build.Tasks.dll".
   6:6>Done building target "_CheckForInvalidConfigurationAndPlatform" in project "KChief.Integration.Tests.csproj".
   4:7>Task "JoinItems"
   6:6>Target "ValidateCommandLineProperties" in file "/usr/share/dotnet/sdk/8.0.415/Sdks/Microsoft.NET.Sdk/targets/Microsoft.NET.Sdk.targets" from project "/home/saidul/Desktop/K-Chief Marine Automation Platform/tests/KChief.Integration.Tests/KChief.Integration.Tests.csproj" (target "BeforeBuild" depends on it):
   6:6>Done building target "ValidateCommandLineProperties" in project "KChief.Integration.Tests.csproj".
   6:6>Target "BeforeBuild" in file "/usr/share/dotnet/sdk/8.0.415/Microsoft.Common.CurrentVersion.targets" from project "/home/saidul/Desktop/K-Chief Marine Automation Platform/tests/KChief.Integration.Tests/KChief.Integration.Tests.csproj" (target "Build" depends on it):
   6:6>Done building target "BeforeBuild" in project "KChief.Integration.Tests.csproj".
       Target "_CheckForBuildWithNoBuild" skipped, due to false condition; ('$(NoBuild)' == 'true' and '$(GeneratePackageOnBuild)' != 'true') was evaluated as ('' == 'true' and 'false' != 'true').
   6:6>Target "BuildOnlySettings" in file "/usr/share/dotnet/sdk/8.0.415/Microsoft.Common.CurrentVersion.targets" from project "/home/saidul/Desktop/K-Chief Marine Automation Platform/tests/KChief.Integration.Tests/KChief.Integration.Tests.csproj" (target "CoreBuild" depends on it):
   6:6>Done building target "BuildOnlySettings" in project "KChief.Integration.Tests.csproj".
       Target "_CheckForUnsupportedTargetFramework" skipped, due to false condition; ('$(_UnsupportedTargetFrameworkError)' == 'true') was evaluated as ('' == 'true').
       Target "_CheckForUnsupportedTargetPlatformIdentifier" skipped, due to false condition; ('$(TargetPlatformIdentifier)' != '' and '$(TargetFrameworkIdentifier)' == '.NETCoreApp' and $([MSBuild]::VersionGreaterThanOrEquals($(TargetFrameworkVersion), 5.0)) And ('$(DesignTimeBuild)' != 'true' Or '@(MissingWorkloadPack)' == '')) was evaluated as ('' != '' and '.NETCoreApp' == '.NETCoreApp' and True And ('' != 'true' Or '' == '')).
       Target "_CheckForMissingWorkload" skipped, due to false condition; ('@(MissingWorkloadPack)' != '' And '$(DesignTimeBuild)' != 'true') was evaluated as ('' != '' And '' != 'true').
   6:6>Target "GetFrameworkPaths" in file "/usr/share/dotnet/sdk/8.0.415/Sdks/Microsoft.NET.Sdk/targets/Microsoft.NET.DisableStandardFrameworkResolution.targets" from project "/home/saidul/Desktop/K-Chief Marine Automation Platform/tests/KChief.Integration.Tests/KChief.Integration.Tests.csproj" (target "PrepareForBuild" depends on it):
   6:6>Done building target "GetFrameworkPaths" in project "KChief.Integration.Tests.csproj".
       Target "_CheckForUnsupportedTargetFramework" skipped, due to false condition; ('$(_UnsupportedTargetFrameworkError)' == 'true') was evaluated as ('' == 'true').
       Target "_CheckForUnsupportedTargetPlatformIdentifier" skipped, due to false condition; ('$(TargetPlatformIdentifier)' != '' and '$(TargetFrameworkIdentifier)' == '.NETCoreApp' and $([MSBuild]::VersionGreaterThanOrEquals($(TargetFrameworkVersion), 5.0)) And ('$(DesignTimeBuild)' != 'true' Or '@(MissingWorkloadPack)' == '')) was evaluated as ('' != '' and '.NETCoreApp' == '.NETCoreApp' and True And ('' != 'true' Or '' == '')).
   4:7>Done executing task "JoinItems".
   6:6>Target "_CheckForMissingWorkload" skipped, due to false condition; ('@(MissingWorkloadPack)' != '' And '$(DesignTimeBuild)' != 'true') was evaluated as ('' != '' And '' != 'true').
   6:6>Target "GetReferenceAssemblyPaths" in file "/usr/share/dotnet/sdk/8.0.415/Sdks/Microsoft.NET.Sdk/targets/Microsoft.NET.DisableStandardFrameworkResolution.targets" from project "/home/saidul/Desktop/K-Chief Marine Automation Platform/tests/KChief.Integration.Tests/KChief.Integration.Tests.csproj" (target "PrepareForBuild" depends on it):
   6:6>Done building target "GetReferenceAssemblyPaths" in project "KChief.Integration.Tests.csproj".
       Target "AssignLinkMetadata" skipped, due to false condition; ( '$(SynthesizeLinkMetadata)' == 'true' ) was evaluated as ( '' == 'true' ).
       Target "_VerifyPackReleaseConfigurations" skipped, due to false condition; ('$(_IsPacking)' == 'true' and '$(DOTNET_CLI_DISABLE_PUBLISH_AND_PACK_RELEASE)' != 'true' and '$(DOTNET_CLI_LAZY_PUBLISH_AND_PACK_RELEASE_FOR_SOLUTIONS)' == 'true') was evaluated as ('' == 'true' and '' != 'true' and '' == 'true').
   6:6>Target "PrepareForBuild" in file "/usr/share/dotnet/sdk/8.0.415/Microsoft.Common.CurrentVersion.targets" from project "/home/saidul/Desktop/K-Chief Marine Automation Platform/tests/KChief.Integration.Tests/KChief.Integration.Tests.csproj" (target "CoreBuild" depends on it):
       Using "FindAppConfigFile" task from assembly "Microsoft.Build.Tasks.Core, Version=15.1.0.0, Culture=neutral, PublicKeyToken=b03f5f7f11d50a3a".
       Task "FindAppConfigFile"
       Done executing task "FindAppConfigFile".
       Using "MakeDir" task from assembly "Microsoft.Build.Tasks.Core, Version=15.1.0.0, Culture=neutral, PublicKeyToken=b03f5f7f11d50a3a".
       Task "MakeDir"
       Done executing task "MakeDir".
   6:6>Done building target "PrepareForBuild" in project "KChief.Integration.Tests.csproj".
   6:6>Target "GenerateGlobalUsings" in file "/usr/share/dotnet/sdk/8.0.415/Sdks/Microsoft.NET.Sdk/targets/Microsoft.NET.GenerateGlobalUsings.targets" from project "/home/saidul/Desktop/K-Chief Marine Automation Platform/tests/KChief.Integration.Tests/KChief.Integration.Tests.csproj" (target "CoreBuild" depends on it):
       Using "GenerateGlobalUsings" task from assembly "/usr/share/dotnet/sdk/8.0.415/Sdks/Microsoft.NET.Sdk/targets/../tools/net8.0/Microsoft.NET.Build.Tasks.dll".
       Task "GenerateGlobalUsings"
       Done executing task "GenerateGlobalUsings".
       Using "WriteLinesToFile" task from assembly "Microsoft.Build.Tasks.Core, Version=15.1.0.0, Culture=neutral, PublicKeyToken=b03f5f7f11d50a3a".
       Task "WriteLinesToFile"
         Skipping write to file "obj/Release/net8.0/KChief.Integration.Tests.GlobalUsings.g.cs" because content would not change.
       Done executing task "WriteLinesToFile".
   6:6>Done building target "GenerateGlobalUsings" in project "KChief.Integration.Tests.csproj".
       Target "PreBuildEvent" skipped, due to false condition; ('$(PreBuildEvent)'!='') was evaluated as (''!='').
   6:6>Target "BeforeResolveReferences" in file "/usr/share/dotnet/sdk/8.0.415/Microsoft.Common.CurrentVersion.targets" from project "/home/saidul/Desktop/K-Chief Marine Automation Platform/tests/KChief.Integration.Tests/KChief.Integration.Tests.csproj" (target "ResolveReferences" depends on it):
   6:6>Done building target "BeforeResolveReferences" in project "KChief.Integration.Tests.csproj".
   6:6>Target "IgnoreJavaScriptOutputAssembly" in file "/usr/share/dotnet/sdk/8.0.415/Microsoft.Common.CurrentVersion.targets" from project "/home/saidul/Desktop/K-Chief Marine Automation Platform/tests/KChief.Integration.Tests/KChief.Integration.Tests.csproj" (target "AssignProjectConfiguration" depends on it):
   6:6>Done building target "IgnoreJavaScriptOutputAssembly" in project "KChief.Integration.Tests.csproj".
       Target "ProcessFrameworkReferences" skipped. Previously built successfully.
   6:6>Target "_DefaultMicrosoftNETPlatformLibrary" in file "/usr/share/dotnet/sdk/8.0.415/Sdks/Microsoft.NET.Sdk/targets/Microsoft.NET.Sdk.Shared.targets" from project "/home/saidul/Desktop/K-Chief Marine Automation Platform/tests/KChief.Integration.Tests/KChief.Integration.Tests.csproj" (target "ResolvePackageAssets" depends on it):
   6:6>Done building target "_DefaultMicrosoftNETPlatformLibrary" in project "KChief.Integration.Tests.csproj".
   6:6>Target "_ComputePackageReferencePublish" in file "/usr/share/dotnet/sdk/8.0.415/Sdks/Microsoft.NET.Sdk/targets/Microsoft.NET.Sdk.Shared.targets" from project "/home/saidul/Desktop/K-Chief Marine Automation Platform/tests/KChief.Integration.Tests/KChief.Integration.Tests.csproj" (target "ResolvePackageAssets" depends on it):
   6:6>Done building target "_ComputePackageReferencePublish" in project "KChief.Integration.Tests.csproj".
       Target "_ResolveCompilerVersion" skipped, due to false condition; ('$(CompilerApiVersion)' == '' And
                            ('$(Language)' == 'C#' Or '$(Language)' == 'VB') And
                            Exists('$(RoslynTargetsPath)\Microsoft.Build.Tasks.CodeAnalysis.dll')) was evaluated as ('roslyn4.11' == '' And
                            ('C#' == 'C#' Or 'C#' == 'VB') And
                            Exists('/usr/share/dotnet/sdk/8.0.415/Roslyn\Microsoft.Build.Tasks.CodeAnalysis.dll')).
   6:6>Target "ResolvePackageAssets" in file "/usr/share/dotnet/sdk/8.0.415/Sdks/Microsoft.NET.Sdk/targets/Microsoft.PackageDependencyResolution.targets" from project "/home/saidul/Desktop/K-Chief Marine Automation Platform/tests/KChief.Integration.Tests/KChief.Integration.Tests.csproj" (target "ResolveLockFileReferences" depends on it):
       Using "ResolvePackageAssets" task from assembly "/usr/share/dotnet/sdk/8.0.415/Sdks/Microsoft.NET.Sdk/targets/../tools/net8.0/Microsoft.NET.Build.Tasks.dll".
       Task "ResolvePackageAssets"
   4:7>Done building target "ResolveLockFileReferences" in project "KChief.Protocols.Modbus.csproj".
       Target "ResolvePackageAssets" skipped. Previously built successfully.
   4:7>Target "ResolveLockFileAnalyzers" in file "/usr/share/dotnet/sdk/8.0.415/Sdks/Microsoft.NET.Sdk/targets/Microsoft.PackageDependencyResolution.targets" from project "/home/saidul/Desktop/K-Chief Marine Automation Platform/src/KChief.Protocols.Modbus/KChief.Protocols.Modbus.csproj" (target "ResolvePackageDependenciesForBuild" depends on it):
   4:7>Done building target "ResolveLockFileAnalyzers" in project "KChief.Protocols.Modbus.csproj".
       Target "ResolvePackageAssets" skipped. Previously built successfully.
       Target "RunProduceContentAssets" skipped, due to false condition; ('@(_ContentFilesToPreprocess)' != '' and '$(_CleaningWithoutRebuilding)' != 'true') was evaluated as ('' != '' and '' != 'true').
   4:7>Target "ResolveLockFileCopyLocalFiles" in file "/usr/share/dotnet/sdk/8.0.415/Sdks/Microsoft.NET.Sdk/targets/Microsoft.PackageDependencyResolution.targets" from project "/home/saidul/Desktop/K-Chief Marine Automation Platform/src/KChief.Protocols.Modbus/KChief.Protocols.Modbus.csproj" (target "ResolvePackageDependenciesForBuild" depends on it):
   4:7>Done building target "ResolveLockFileCopyLocalFiles" in project "KChief.Protocols.Modbus.csproj".
       Target "ResolveRuntimePackAssets" skipped, due to false condition; ('@(RuntimePack)' != '') was evaluated as ('' != '').
       Target "RunProduceContentAssets" skipped, due to false condition; ('@(_ContentFilesToPreprocess)' != '' and '$(_CleaningWithoutRebuilding)' != 'true') was evaluated as ('' != '' and '' != 'true').
       Target "ResolvePackageAssets" skipped. Previously built successfully.
   4:7>Target "IncludeTransitiveProjectReferences" in file "/usr/share/dotnet/sdk/8.0.415/Sdks/Microsoft.NET.Sdk/targets/Microsoft.PackageDependencyResolution.targets" from project "/home/saidul/Desktop/K-Chief Marine Automation Platform/src/KChief.Protocols.Modbus/KChief.Protocols.Modbus.csproj" (target "ResolvePackageDependenciesForBuild" depends on it):
   4:7>Done building target "IncludeTransitiveProjectReferences" in project "KChief.Protocols.Modbus.csproj".
   4:7>Target "ResolvePackageDependenciesForBuild" in file "/usr/share/dotnet/sdk/8.0.415/Sdks/Microsoft.NET.Sdk/targets/Microsoft.PackageDependencyResolution.targets" from project "/home/saidul/Desktop/K-Chief Marine Automation Platform/src/KChief.Protocols.Modbus/KChief.Protocols.Modbus.csproj" (target "AssignProjectConfiguration" depends on it):
   4:7>Done building target "ResolvePackageDependenciesForBuild" in project "KChief.Protocols.Modbus.csproj".
       Target "_Microsoft_Extensions_OptionsAnalyzerMultiTargeting" skipped, due to false condition; ('$(SupportsRoslynComponentVersioning)' != 'true') was evaluated as ('true' != 'true').
       Target "_Microsoft_Extensions_OptionsRemoveAnalyzers" skipped, due to false condition; ('$(DisableMicrosoftExtensionsOptionsSourceGenerator)' == 'true') was evaluated as ('' == 'true').
       Target "_Microsoft_Extensions_Logging_AbstractionsAnalyzerMultiTargeting" skipped, due to false condition; ('$(SupportsRoslynComponentVersioning)' != 'true') was evaluated as ('true' != 'true').
   1:2>Project "/home/saidul/Desktop/K-Chief Marine Automation Platform/KChief.MarineAutomationPlatform.sln" (1:2) is building "/home/saidul/Desktop/K-Chief Marine Automation Platform/src/KChief.Platform.API/KChief.Platform.API.csproj" (9:8) on node 7 (default targets).
   9:8>Target "NETStandardCompatError_Microsoft_Extensions_Configuration_Binder" in file "/home/saidul/.nuget/packages/microsoft.extensions.configuration.binder/8.0.0/buildTransitive/netstandard2.0/Microsoft.Extensions.Configuration.Binder.targets" from project "/home/saidul/Desktop/K-Chief Marine Automation Platform/src/KChief.Platform.API/KChief.Platform.API.csproj" (entry point):
   9:8>Task "Warning" skipped, due to false condition; ('$(_Microsoft_Extensions_Configuration_Binder_Compatible_TargetFramework)' != '') was evaluated as ('' != '').
   4:7>Target "_Microsoft_Extensions_Logging_AbstractionsRemoveAnalyzers" skipped, due to false condition; ('$(DisableMicrosoftExtensionsLoggingSourceGenerator)' == 'true') was evaluated as ('' == 'true').
 10:13>Done executing task "ResolveAppHosts".
   4:7>Target "AssignProjectConfiguration" in file "/usr/share/dotnet/sdk/8.0.415/Microsoft.Common.CurrentVersion.targets" from project "/home/saidul/Desktop/K-Chief Marine Automation Platform/src/KChief.Protocols.Modbus/KChief.Protocols.Modbus.csproj" (target "ResolveReferences" depends on it):
   4:7>Using "AssignProjectConfiguration" task from assembly "Microsoft.Build.Tasks.Core, Version=15.1.0.0, Culture=neutral, PublicKeyToken=b03f5f7f11d50a3a".
   9:8>Done building target "NETStandardCompatError_Microsoft_Extensions_Configuration_Binder" in project "KChief.Platform.API.csproj".
   4:7>Task "AssignProjectConfiguration"
   9:8>Target "_CheckForUnsupportedTargetFramework" skipped, due to false condition; ('$(_UnsupportedTargetFrameworkError)' == 'true') was evaluated as ('' == 'true').
   2:8>Project "/home/saidul/Desktop/K-Chief Marine Automation Platform/src/KChief.VesselControl/KChief.VesselControl.csproj" (2:8) is building "/home/saidul/Desktop/K-Chief Marine Automation Platform/src/KChief.DataAccess/KChief.DataAccess.csproj" (8:9) on node 6 (GetTargetFrameworks target(s)).
   8:9>Target "GetTargetFrameworksWithPlatformForSingleTargetFramework" in file "/usr/share/dotnet/sdk/8.0.415/Microsoft.Common.CurrentVersion.targets" from project "/home/saidul/Desktop/K-Chief Marine Automation Platform/src/KChief.DataAccess/KChief.DataAccess.csproj" (target "GetTargetFrameworks" depends on it):
   8:9>Using "CombineTargetFrameworkInfoProperties" task from assembly "Microsoft.Build.Tasks.Core, Version=15.1.0.0, Culture=neutral, PublicKeyToken=b03f5f7f11d50a3a".
       Task "CombineTargetFrameworkInfoProperties"
   9:8>Target "_CollectTargetFrameworkForTelemetry" in file "/usr/share/dotnet/sdk/8.0.415/Sdks/Microsoft.NET.Sdk/targets/Microsoft.NET.TargetFrameworkInference.targets" from project "/home/saidul/Desktop/K-Chief Marine Automation Platform/src/KChief.Platform.API/KChief.Platform.API.csproj" (target "_CheckForInvalidConfigurationAndPlatform" depends on it):
   9:8>Using "AllowEmptyTelemetry" task from assembly "/usr/share/dotnet/sdk/8.0.415/Sdks/Microsoft.NET.Sdk/targets/../tools/net8.0/Microsoft.NET.Build.Tasks.dll".
       Task "AllowEmptyTelemetry"
 10:13>Done building target "ProcessFrameworkReferences" in project "KChief.Platform.Core.csproj".
   9:8>Done executing task "AllowEmptyTelemetry".
   9:8>Done building target "_CollectTargetFrameworkForTelemetry" in project "KChief.Platform.API.csproj".
 10:13>Target "IncludeTargetingPackReference" skipped, due to false condition; ('$(TargetFrameworkMoniker)' != '' and '$(TargetFrameworkIdentifier)' == '.NETFramework' and '$(AutomaticallyUseReferenceAssemblyPackages)' == 'true') was evaluated as ('.NETCoreApp,Version=v8.0' != '' and '.NETCoreApp' == '.NETFramework' and 'true' == 'true').
   9:8>Target "_CheckForUnsupportedTargetPlatformIdentifier" skipped, due to false condition; ('$(TargetPlatformIdentifier)' != '' and '$(TargetFrameworkIdentifier)' == '.NETCoreApp' and $([MSBuild]::VersionGreaterThanOrEquals($(TargetFrameworkVersion), 5.0)) And ('$(DesignTimeBuild)' != 'true' Or '@(MissingWorkloadPack)' == '')) was evaluated as ('' != '' and '.NETCoreApp' == '.NETCoreApp' and True And ('' != 'true' Or '' == '')).
       Target "_CheckForMissingWorkload" skipped, due to false condition; ('@(MissingWorkloadPack)' != '' And '$(DesignTimeBuild)' != 'true') was evaluated as ('' != '' And '' != 'true').
   9:8>Target "_CheckForUnsupportedNETCoreVersion" in file "/usr/share/dotnet/sdk/8.0.415/Sdks/Microsoft.NET.Sdk/targets/Microsoft.NET.TargetFrameworkInference.targets" from project "/home/saidul/Desktop/K-Chief Marine Automation Platform/src/KChief.Platform.API/KChief.Platform.API.csproj" (target "_CheckForInvalidConfigurationAndPlatform" depends on it):
       Task "NETSdkError" skipped, due to false condition; ('$(_TargetFrameworkVersionWithoutV)' > '$(NETCoreAppMaximumVersion)' and '$(DisplayVSMessage)' != 'true') was evaluated as ('8.0' > '8.0' and '' != 'true').
       Task "NETSdkError" skipped, due to false condition; ('$(DisplayVSMessage)' == 'true') was evaluated as ('' == 'true').
   4:7>AssignProjectConfiguration:
         Project reference "../KChief.Platform.Core/KChief.Platform.Core.csproj" has been assigned the "Release|AnyCPU" configuration.
   9:8>Done building target "_CheckForUnsupportedNETCoreVersion" in project "KChief.Platform.API.csproj".
       Target "_CheckForEolTargetFrameworks" skipped, due to false condition; ('@(_EolNetCoreTargetFrameworkVersions->AnyHaveMetadataValue('Identity', '$(_TargetFrameworkVersionWithoutV)'))' and '$(TargetFrameworkIdentifier)' == '.NETCoreApp' and '$(CheckEolTargetFramework)' == 'true') was evaluated as ('false' and '.NETCoreApp' == '.NETCoreApp' and 'true' == 'true').
 10:13>Target "_AddMicrosoftNetCompilerToolsetFrameworkPackage" in file "/usr/share/dotnet/sdk/8.0.415/Sdks/Microsoft.NET.Sdk/targets/Microsoft.NET.Sdk.targets" from project "/home/saidul/Desktop/K-Chief Marine Automation Platform/src/KChief.Platform.Core/KChief.Platform.Core.csproj" (target "CollectPackageReferences" depends on it):
 10:13>Task "NETSdkWarning" skipped, due to false condition; ('@(PackageReference->AnyHaveMetadataValue('Identity', 'Microsoft.Net.Compilers.Toolset.Framework'))' == 'true') was evaluated as ('false' == 'true').
   9:8>Target "_CheckForEolWorkloads" skipped, due to false condition; ('@(EolWorkload)' != '' and '$(CheckEolWorkloads)' == 'true') was evaluated as ('' != '' and 'true' == 'true').
   4:7>Done executing task "AssignProjectConfiguration".
 10:13>Done building target "_AddMicrosoftNetCompilerToolsetFrameworkPackage" in project "KChief.Platform.Core.csproj".
   9:8>Target "_CheckForUnsupportedCppNETCoreVersion" in file "/usr/share/dotnet/sdk/8.0.415/Sdks/Microsoft.NET.Sdk/targets/Microsoft.NET.TargetFrameworkInference.targets" from project "/home/saidul/Desktop/K-Chief Marine Automation Platform/src/KChief.Platform.API/KChief.Platform.API.csproj" (target "_CheckForInvalidConfigurationAndPlatform" depends on it):
   9:8>Task "NETSdkError" skipped, due to false condition; ('$(TargetFrameworkIdentifier)' == '.NETCoreApp' and '$(_TargetFrameworkVersionWithoutV)' < '3.1' and ('$(Language)' == 'C++' and '$(_EnablePackageReferencesInVCProjects)' != 'true')) was evaluated as ('.NETCoreApp' == '.NETCoreApp' and '8.0' < '3.1' and ('C#' == 'C++' and '' != 'true')).
   9:8>Done building target "_CheckForUnsupportedCppNETCoreVersion" in project "KChief.Platform.API.csproj".
   4:7>Done building target "AssignProjectConfiguration" in project "KChief.Protocols.Modbus.csproj".
 10:13>Target "_CheckForObsoleteDotNetCliToolReferences" in file "/usr/share/dotnet/sdk/8.0.415/Sdks/Microsoft.NET.Sdk/targets/Microsoft.NET.ObsoleteReferences.targets" from project "/home/saidul/Desktop/K-Chief Marine Automation Platform/src/KChief.Platform.Core/KChief.Platform.Core.csproj" (target "CollectPackageReferences" depends on it):
 10:13>Task "NETSdkWarning" skipped, due to false condition; ( '%(_ReferenceToObsoleteDotNetCliTool.Identity)' != '' ) was evaluated as ( '' != '' ).
 10:13>Done building target "_CheckForObsoleteDotNetCliToolReferences" in project "KChief.Platform.Core.csproj".
   9:8>Target "_CheckForUnsupportedNETStandardVersion" skipped, due to false condition; ('$(TargetFrameworkIdentifier)' == '.NETStandard' And '$(NETStandardMaximumVersion)' != '') was evaluated as ('.NETCoreApp' == '.NETStandard' And '' != '').
       Target "_CheckForUnsupportedTargetFrameworkAndFeatureCombination" skipped, due to false condition; ('$(TargetFrameworkIdentifier)' == '.NETFramework') was evaluated as ('.NETCoreApp' == '.NETFramework').
       Target "_CheckForSupportedOSPlatformVersionHigherThanTargetPlatformVersion" skipped, due to false condition; ('$(TargetPlatformVersion)' != '' and '$(TargetFrameworkIdentifier)' == '.NETCoreApp' and $([MSBuild]::VersionGreaterThanOrEquals($(TargetFrameworkVersion), 5.0))) was evaluated as ('' != '' and '.NETCoreApp' == '.NETCoreApp' and True).
   4:7>Target "AssignProjectConfiguration" skipped. Previously built successfully.
   9:8>Target "_CheckForInvalidTargetPlatformVersion" skipped, due to false condition; ('$(TargetPlatformVersion)' != '' and '$(TargetFrameworkIdentifier)' == '.NETCoreApp' and $([MSBuild]::VersionGreaterThanOrEquals($(TargetFrameworkVersion), 5.0)) and ('$(Language)' != 'C++' or '$(_EnablePackageReferencesInVCProjects)' == 'true')) was evaluated as ('' != '' and '.NETCoreApp' == '.NETCoreApp' and True and ('C#' != 'C++' or '' == 'true')).
   9:8>Target "_CheckForUnsupportedArtifactsPath" in file "/usr/share/dotnet/sdk/8.0.415/Sdks/Microsoft.NET.Sdk/targets/Microsoft.NET.DefaultOutputPaths.targets" from project "/home/saidul/Desktop/K-Chief Marine Automation Platform/src/KChief.Platform.API/KChief.Platform.API.csproj" (target "_CheckForInvalidConfigurationAndPlatform" depends on it):
       Task "NetSdkError" skipped, due to false condition; ('$(UseArtifactsOutput)' == 'true' and '$(_ArtifactsPathSetEarly)' != 'true') was evaluated as ('' == 'true' and '' != 'true').
       Task "NetSdkError" skipped, due to false condition; ('$(_ArtifactsPathLocationType)' == 'ProjectFolder') was evaluated as ('' == 'ProjectFolder').
   9:8>Done building target "_CheckForUnsupportedArtifactsPath" in project "KChief.Platform.API.csproj".
       Target "_CheckForMissingWorkload" skipped, due to false condition; ('@(MissingWorkloadPack)' != '' And '$(DesignTimeBuild)' != 'true') was evaluated as ('' != '' And '' != 'true').
   8:9>Done executing task "CombineTargetFrameworkInfoProperties".
   9:8>Target "_CheckForUnsupportedAppHostUsage" in file "/usr/share/dotnet/sdk/8.0.415/Sdks/Microsoft.NET.Sdk/targets/Microsoft.NET.RuntimeIdentifierInference.targets" from project "/home/saidul/Desktop/K-Chief Marine Automation Platform/src/KChief.Platform.API/KChief.Platform.API.csproj" (target "_CheckForInvalidConfigurationAndPlatform" depends on it):
   9:8>Task "NETSdkError" skipped, due to false condition; ('$(SelfContained)' == 'true' and '$(RuntimeIdentifier)' == '' and '$(AllowSelfContainedWithoutRuntimeIdentifier)' != 'true') was evaluated as ('false' == 'true' and '' == '' and '' != 'true').
       Task "NETSdkError" skipped, due to false condition; ('$(PublishReadyToRun)' == 'true' and '$(RuntimeIdentifier)' == '' and '$(_IsPublishing)' == 'true') was evaluated as ('' == 'true' and '' == '' and '' == 'true').
       Task "NETSdkError" skipped, due to false condition; ('$(PublishSingleFile)' == 'true' and '$(RuntimeIdentifier)' == '' and '$(_IsPublishing)' == 'true') was evaluated as ('' == 'true' and '' == '' and '' == 'true').
       Task "NETSdkError" skipped, due to false condition; ('$(PublishAot)' == 'true' and '$(RuntimeIdentifier)' == '' and '$(_IsPublishing)' == 'true' and '$(AllowPublishAotWithoutRuntimeIdentifier)' != 'true') was evaluated as ('' == 'true' and '' == '' and '' == 'true' and '' != 'true').
   4:7>Target "_SplitProjectReferencesByFileExistence" in file "/usr/share/dotnet/sdk/8.0.415/Microsoft.Common.CurrentVersion.targets" from project "/home/saidul/Desktop/K-Chief Marine Automation Platform/src/KChief.Protocols.Modbus/KChief.Protocols.Modbus.csproj" (target "PrepareProjectReferences" depends on it):
   4:7>Task "ResolveNonMSBuildProjectOutput" skipped, due to false condition; ('$(BuildingInsideVisualStudio)'=='true' and '@(ProjectReferenceWithConfiguration)'!='') was evaluated as (''=='true' and '../KChief.Platform.Core/KChief.Platform.Core.csproj'!='').
   9:8>_CheckForUnsupportedAppHostUsage:
       Task "NETSdkError" skipped, due to false condition; ('$(PublishSelfContained)' != 'true' and '$(PublishSelfContained)' != 'false' and '$(PublishSelfContained)' != '') was evaluated as ('' != 'true' and '' != 'false' and '' != '').
       Task "NETSdkError" skipped, due to false condition; ('$(SelfContained)' == 'true' and '$(UseAppHost)' != 'true' and '$(_RuntimeIdentifierUsesAppHost)' == 'true') was evaluated as ('false' == 'true' and 'true' != 'true' and 'true' == 'true').
       Task "NETSdkError" skipped, due to false condition; ('$(SelfContained)' != 'true' and '$(UseAppHost)' == 'true' and '$(_TargetFrameworkVersionWithoutV)' < '2.1') was evaluated as ('false' != 'true' and 'true' == 'true' and '8.0' < '2.1').
       Task "NETSdkError" skipped, due to false condition; ('$(PublishSingleFile)' == 'true' and '$(_TargetFrameworkVersionWithoutV)' < '3.0') was evaluated as ('' == 'true' and '8.0' < '3.0').
 10:13>Target "CollectPackageReferences" in file "/usr/share/dotnet/sdk/8.0.415/NuGet.targets" from project "/home/saidul/Desktop/K-Chief Marine Automation Platform/src/KChief.Platform.Core/KChief.Platform.Core.csproj" (target "_GetRestoreProjectStyle" depends on it):
 10:13>Using "CheckForDuplicateNuGetItemsTask" task from assembly "/usr/share/dotnet/sdk/8.0.415/NuGet.Build.Tasks.dll".
   9:8>_CheckForUnsupportedAppHostUsage:
       Task "NETSdkWarning" skipped, due to false condition; ('$(PublishReadyToRun)' == 'true' and '$(_TargetFrameworkVersionWithoutV)' < '3.0') was evaluated as ('' == 'true' and '8.0' < '3.0').
 10:13>Task "CheckForDuplicateNuGetItemsTask"
   9:8>_CheckForUnsupportedAppHostUsage:
       Task "NETSdkWarning" skipped, due to false condition; ('$(RuntimeIdentifier)' != '' and '$(_TargetFrameworkVersionWithoutV)' != '' and $([MSBuild]::VersionLessThan($(_TargetFrameworkVersionWithoutV), '8.0')) and '$(_SelfContainedWasSpecified)' != 'true') was evaluated as ('' != '' and '8.0' != '' and False and '' != 'true').
   4:7>Done building target "_SplitProjectReferencesByFileExistence" in project "KChief.Protocols.Modbus.csproj".
   9:8>_CheckForUnsupportedAppHostUsage:
       Task "NetSdkError" skipped, due to false condition; (('$(UseWindowsForms)' == 'true') and ('$(PublishTrimmed)' == 'true') and ('$(_SuppressWinFormsTrimError)' != 'true')) was evaluated as (('' == 'true') and ('' == 'true') and ('' != 'true')).
       Task "NetSdkError" skipped, due to false condition; (('$(UseWpf)' == 'true') and ('$(PublishTrimmed)' == 'true') and ('$(_SuppressWpfTrimError)' != 'true')) was evaluated as (('' == 'true') and ('' == 'true') and ('' != 'true')).
   4:7>Target "_AddOutputPathToGlobalPropertiesToRemove" in file "/usr/share/dotnet/sdk/8.0.415/Microsoft.Common.CurrentVersion.targets" from project "/home/saidul/Desktop/K-Chief Marine Automation Platform/src/KChief.Protocols.Modbus/KChief.Protocols.Modbus.csproj" (target "_GetProjectReferenceTargetFrameworkProperties" depends on it):
   4:7>Done building target "_AddOutputPathToGlobalPropertiesToRemove" in project "KChief.Protocols.Modbus.csproj".
   9:8>Done building target "_CheckForUnsupportedAppHostUsage" in project "KChief.Platform.API.csproj".
   9:8>Target "_CheckForUnsupportedHostingUsage" in file "/usr/share/dotnet/sdk/8.0.415/Sdks/Microsoft.NET.Sdk/targets/Microsoft.NET.RuntimeIdentifierInference.targets" from project "/home/saidul/Desktop/K-Chief Marine Automation Platform/src/KChief.Platform.API/KChief.Platform.API.csproj" (target "_CheckForInvalidConfigurationAndPlatform" depends on it):
       Task "NETSdkWarning" skipped, due to false condition; ('$(SelfContained)' == 'true' and '$(EnableComHosting)' == 'true') was evaluated as ('false' == 'true' and '' == 'true').
   9:8>Done building target "_CheckForUnsupportedHostingUsage" in project "KChief.Platform.API.csproj".
 10:13>Done executing task "CheckForDuplicateNuGetItemsTask".
   4:7>Target "_GetProjectReferenceTargetFrameworkProperties" in file "/usr/share/dotnet/sdk/8.0.415/Microsoft.Common.CurrentVersion.targets" from project "/home/saidul/Desktop/K-Chief Marine Automation Platform/src/KChief.Protocols.Modbus/KChief.Protocols.Modbus.csproj" (target "PrepareProjectReferences" depends on it):
   4:7>Task "MSBuild"
 10:13>Done building target "CollectPackageReferences" in project "KChief.Platform.Core.csproj".
   9:8>Target "_CheckAndUnsetUnsupportedPrefer32Bit" in file "/usr/share/dotnet/sdk/8.0.415/Sdks/Microsoft.NET.Sdk/targets/Microsoft.NET.RuntimeIdentifierInference.targets" from project "/home/saidul/Desktop/K-Chief Marine Automation Platform/src/KChief.Platform.API/KChief.Platform.API.csproj" (target "_CheckForInvalidConfigurationAndPlatform" depends on it):
   9:8>Task "NETSdkWarning" skipped, due to false condition; ('$(Prefer32Bit)' == 'true') was evaluated as ('false' == 'true').
   9:8>Done building target "_CheckAndUnsetUnsupportedPrefer32Bit" in project "KChief.Platform.API.csproj".
       Target "_CheckForMismatchingPlatform" skipped, due to false condition; ('$(RuntimeIdentifier)' != '' and '$(PlatformTarget)' != '') was evaluated as ('' != '' and '' != '').
   9:8>Target "_CheckForLanguageAndFeatureCombinationSupport" in file "/usr/share/dotnet/sdk/8.0.415/Sdks/Microsoft.NET.Sdk/targets/Microsoft.NET.RuntimeIdentifierInference.targets" from project "/home/saidul/Desktop/K-Chief Marine Automation Platform/src/KChief.Platform.API/KChief.Platform.API.csproj" (target "_CheckForInvalidConfigurationAndPlatform" depends on it):
       Task "NETSdkError" skipped, due to false condition; (('$(Language)' == 'C++' and '$(_EnablePackageReferencesInVCProjects)' != 'true') and $(OutputType) != 'library' and '$(TargetFrameworkIdentifier)' == '.NETCoreApp') was evaluated as (('C#' == 'C++' and '' != 'true') and Exe != 'library' and '.NETCoreApp' == '.NETCoreApp').
       Task "NETSdkError" skipped, due to false condition; (('$(Language)' == 'C++' and '$(_EnablePackageReferencesInVCProjects)' != 'true') and $(EnableComHosting) == 'true') was evaluated as (('C#' == 'C++' and '' != 'true') and  == 'true').
       Task "NETSdkError" skipped, due to false condition; (('$(Language)' == 'C++' and '$(_EnablePackageReferencesInVCProjects)' != 'true') and $(SelfContained) == 'true') was evaluated as (('C#' == 'C++' and '' != 'true') and false == 'true').
   9:8>Done building target "_CheckForLanguageAndFeatureCombinationSupport" in project "KChief.Platform.API.csproj".
       Target "_CheckForNETCoreSdkIsPreview" skipped, due to false condition; ( '$(_NETCoreSdkIsPreview)' == 'true' AND '$(SuppressNETCoreSdkPreviewMessage)' != 'true' ) was evaluated as ( 'false' == 'true' AND '' != 'true' ).
   9:8>Target "_GetProjectJsonPath" in file "/usr/share/dotnet/sdk/8.0.415/NuGet.targets" from project "/home/saidul/Desktop/K-Chief Marine Automation Platform/src/KChief.Platform.API/KChief.Platform.API.csproj" (target "_GetRestoreProjectStyle" depends on it):
       Task "GetRestoreProjectJsonPathTask" skipped, due to false condition; ( '$(RestoreProjectStyle)' == 'ProjectJson' OR '$(RestoreProjectStyle)' == '' ) was evaluated as ( 'PackageReference' == 'ProjectJson' OR 'PackageReference' == '' ).
   9:8>Done building target "_GetProjectJsonPath" in project "KChief.Platform.API.csproj".
       Target "_CheckForUnsupportedTargetPlatformIdentifier" skipped, due to false condition; ('$(TargetPlatformIdentifier)' != '' and '$(TargetFrameworkIdentifier)' == '.NETCoreApp' and $([MSBuild]::VersionGreaterThanOrEquals($(TargetFrameworkVersion), 5.0)) And ('$(DesignTimeBuild)' != 'true' Or '@(MissingWorkloadPack)' == '')) was evaluated as ('' != '' and '.NETCoreApp' == '.NETCoreApp' and True And ('' != 'true' Or '' == '')).
 10:13>Target "_GetRestoreProjectStyle" in file "/usr/share/dotnet/sdk/8.0.415/NuGet.targets" from project "/home/saidul/Desktop/K-Chief Marine Automation Platform/src/KChief.Platform.Core/KChief.Platform.Core.csproj" (target "EnableIntermediateOutputPathMismatchWarning" depends on it):
 10:13>Using "GetRestoreProjectStyleTask" task from assembly "/usr/share/dotnet/sdk/8.0.415/NuGet.Build.Tasks.dll".
       Task "GetRestoreProjectStyleTask"
   9:8>Target "_CheckForMissingWorkload" skipped, due to false condition; ('@(MissingWorkloadPack)' != '' And '$(DesignTimeBuild)' != 'true') was evaluated as ('' != '' And '' != 'true').
       Target "_CheckForUnsupportedNETStandardVersion" skipped, due to false condition; ('$(TargetFrameworkIdentifier)' == '.NETStandard' And '$(NETStandardMaximumVersion)' != '') was evaluated as ('.NETCoreApp' == '.NETStandard' And '' != '').
       Target "_CheckForUnsupportedTargetFrameworkAndFeatureCombination" skipped, due to false condition; ('$(TargetFrameworkIdentifier)' == '.NETFramework') was evaluated as ('.NETCoreApp' == '.NETFramework').
   9:8>Target "UpdateAspNetToFrameworkReference" in file "/usr/share/dotnet/sdk/8.0.415/Sdks/Microsoft.NET.Sdk/targets/Microsoft.NET.Sdk.DefaultItems.Shared.targets" from project "/home/saidul/Desktop/K-Chief Marine Automation Platform/src/KChief.Platform.API/KChief.Platform.API.csproj" (target "ApplyImplicitVersions" depends on it):
       Using "CheckIfPackageReferenceShouldBeFrameworkReference" task from assembly "/usr/share/dotnet/sdk/8.0.415/Sdks/Microsoft.NET.Sdk/targets/../tools/net8.0/Microsoft.NET.Build.Tasks.dll".
       Task "CheckIfPackageReferenceShouldBeFrameworkReference"
       Done executing task "CheckIfPackageReferenceShouldBeFrameworkReference".
       Task "NETSdkError" skipped, due to false condition; ('$(_ShouldRemoveAspNetCoreAll)' == 'true') was evaluated as ('False' == 'true').
       Task "CheckIfPackageReferenceShouldBeFrameworkReference"
       Done executing task "CheckIfPackageReferenceShouldBeFrameworkReference".
       Task "NETSdkWarning" skipped, due to false condition; ('$(_ShouldRemoveAspNetCoreApp)' == 'true') was evaluated as ('False' == 'true').
   9:8>Done building target "UpdateAspNetToFrameworkReference" in project "KChief.Platform.API.csproj".
       Target "IncludeTargetingPackReference" skipped, due to false condition; ('$(TargetFrameworkMoniker)' != '' and '$(TargetFrameworkIdentifier)' == '.NETFramework' and '$(AutomaticallyUseReferenceAssemblyPackages)' == 'true') was evaluated as ('.NETCoreApp,Version=v8.0' != '' and '.NETCoreApp' == '.NETFramework' and 'true' == 'true').
   9:8>Target "CheckForImplicitPackageReferenceOverrides" in file "/usr/share/dotnet/sdk/8.0.415/Sdks/Microsoft.NET.Sdk/targets/Microsoft.NET.Sdk.DefaultItems.Shared.targets" from project "/home/saidul/Desktop/K-Chief Marine Automation Platform/src/KChief.Platform.API/KChief.Platform.API.csproj" (target "ApplyImplicitVersions" depends on it):
       Using "CheckForImplicitPackageReferenceOverrides" task from assembly "/usr/share/dotnet/sdk/8.0.415/Sdks/Microsoft.NET.Sdk/targets/../tools/net8.0/Microsoft.NET.Build.Tasks.dll".
       Task "CheckForImplicitPackageReferenceOverrides"
       Done executing task "CheckForImplicitPackageReferenceOverrides".
   9:8>Done building target "CheckForImplicitPackageReferenceOverrides" in project "KChief.Platform.API.csproj".
   9:8>Target "ApplyImplicitVersions" in file "/usr/share/dotnet/sdk/8.0.415/Sdks/Microsoft.NET.Sdk/targets/Microsoft.NET.Sdk.DefaultItems.Shared.targets" from project "/home/saidul/Desktop/K-Chief Marine Automation Platform/src/KChief.Platform.API/KChief.Platform.API.csproj" (target "CollectPackageReferences" depends on it):
       Using "ApplyImplicitVersions" task from assembly "/usr/share/dotnet/sdk/8.0.415/Sdks/Microsoft.NET.Sdk/targets/../tools/net8.0/Microsoft.NET.Build.Tasks.dll".
       Task "ApplyImplicitVersions"
       Done executing task "ApplyImplicitVersions".
   9:8>Done building target "ApplyImplicitVersions" in project "KChief.Platform.API.csproj".
       Target "CheckForImplicitPackageReferenceOverrides" skipped. Previously built successfully.
       Target "AddWindowsSdkKnownFrameworkReferences" skipped, due to false condition; ('$(TargetFrameworkIdentifier)' == '.NETCoreApp' And '$(TargetPlatformIdentifier)' == 'Windows') was evaluated as ('.NETCoreApp' == '.NETCoreApp' And '' == 'Windows').
       Target "_NormalizeTargetPlatformVersion" skipped, due to false condition; ('$(TargetPlatformVersion)' != '' and '$(TargetFrameworkIdentifier)' == '.NETCoreApp' and $([MSBuild]::VersionGreaterThanOrEquals($(TargetFrameworkVersion), 5.0)) and ('$(Language)' != 'C++' or '$(_EnablePackageReferencesInVCProjects)' == 'true')) was evaluated as ('' != '' and '.NETCoreApp' == '.NETCoreApp' and True and ('C#' != 'C++' or '' == 'true')).
   9:8>Target "_ComputeToolPackInputsToProcessFrameworkReferences" in file "/usr/share/dotnet/sdk/8.0.415/Sdks/Microsoft.NET.Sdk/targets/Microsoft.NET.Publish.targets" from project "/home/saidul/Desktop/K-Chief Marine Automation Platform/src/KChief.Platform.API/KChief.Platform.API.csproj" (target "ProcessFrameworkReferences" depends on it):
   9:8>Done building target "_ComputeToolPackInputsToProcessFrameworkReferences" in project "KChief.Platform.API.csproj".
   9:8>Target "ProcessFrameworkReferences" in file "/usr/share/dotnet/sdk/8.0.415/Sdks/Microsoft.NET.Sdk/targets/Microsoft.NET.Sdk.FrameworkReferenceResolution.targets" from project "/home/saidul/Desktop/K-Chief Marine Automation Platform/src/KChief.Platform.API/KChief.Platform.API.csproj" (target "CollectPackageReferences" depends on it):
       Using "CheckForDuplicateFrameworkReferences" task from assembly "/usr/share/dotnet/sdk/8.0.415/Sdks/Microsoft.NET.Sdk/targets/../tools/net8.0/Microsoft.NET.Build.Tasks.dll".
       Task "CheckForDuplicateFrameworkReferences"
       Done executing task "CheckForDuplicateFrameworkReferences".
       Using "ProcessFrameworkReferences" task from assembly "/usr/share/dotnet/sdk/8.0.415/Sdks/Microsoft.NET.Sdk/targets/../tools/net8.0/Microsoft.NET.Build.Tasks.dll".
       Task "ProcessFrameworkReferences"
       Done executing task "ProcessFrameworkReferences".
       Using "ResolveAppHosts" task from assembly "/usr/share/dotnet/sdk/8.0.415/Sdks/Microsoft.NET.Sdk/targets/../tools/net8.0/Microsoft.NET.Build.Tasks.dll".
       Task "ResolveAppHosts"
   8:9>Done building target "GetTargetFrameworksWithPlatformForSingleTargetFramework" in project "KChief.DataAccess.csproj".
   4:7>_GetProjectReferenceTargetFrameworkProperties:
         Global Properties:
           Configuration=Release
           Platform=AnyCPU
         Removing Properties:
           TargetFramework
           RuntimeIdentifier
 10:13>Done executing task "GetRestoreProjectStyleTask".
   4:7>_GetProjectReferenceTargetFrameworkProperties:
           SelfContained
 10:13>Done building target "_GetRestoreProjectStyle" in project "KChief.Platform.Core.csproj".
 10:13>Target "EnableIntermediateOutputPathMismatchWarning" in file "/usr/share/dotnet/sdk/8.0.415/NuGet.targets" from project "/home/saidul/Desktop/K-Chief Marine Automation Platform/src/KChief.Platform.Core/KChief.Platform.Core.csproj" (target "_CheckForInvalidConfigurationAndPlatform" depends on it):
 10:13>Done building target "EnableIntermediateOutputPathMismatchWarning" in project "KChief.Platform.Core.csproj".
       Target "ApplyImplicitVersions" skipped. Previously built successfully.
       Target "CheckForImplicitPackageReferenceOverrides" skipped. Previously built successfully.
   8:9>Target "GetTargetFrameworks" in file "/usr/share/dotnet/sdk/8.0.415/Microsoft.Common.CurrentVersion.targets" from project "/home/saidul/Desktop/K-Chief Marine Automation Platform/src/KChief.DataAccess/KChief.DataAccess.csproj" (entry point):
   8:9>Task "Error" skipped, due to false condition; ('$(IsCrossTargetingBuild)' == 'true') was evaluated as ('' == 'true').
       Using "CombineXmlElements" task from assembly "Microsoft.Build.Tasks.Core, Version=15.1.0.0, Culture=neutral, PublicKeyToken=b03f5f7f11d50a3a".
       Task "CombineXmlElements"
       Done executing task "CombineXmlElements".
 10:13>Target "CheckForDuplicateItems" in file "/usr/share/dotnet/sdk/8.0.415/Sdks/Microsoft.NET.Sdk/targets/Microsoft.NET.Sdk.DefaultItems.Shared.targets" from project "/home/saidul/Desktop/K-Chief Marine Automation Platform/src/KChief.Platform.Core/KChief.Platform.Core.csproj" (target "_CheckForInvalidConfigurationAndPlatform" depends on it):
 10:13>Using "CheckForDuplicateItems" task from assembly "/usr/share/dotnet/sdk/8.0.415/Sdks/Microsoft.NET.Sdk/targets/../tools/net8.0/Microsoft.NET.Build.Tasks.dll".
   8:9>Done building target "GetTargetFrameworks" in project "KChief.DataAccess.csproj".
 10:13>Task "CheckForDuplicateItems"
   8:9>Done Building Project "/home/saidul/Desktop/K-Chief Marine Automation Platform/src/KChief.DataAccess/KChief.DataAccess.csproj" (GetTargetFrameworks target(s)).
   9:8>Done executing task "ResolveAppHosts".
   9:8>Done building target "ProcessFrameworkReferences" in project "KChief.Platform.API.csproj".
       Target "IncludeTargetingPackReference" skipped, due to false condition; ('$(TargetFrameworkMoniker)' != '' and '$(TargetFrameworkIdentifier)' == '.NETFramework' and '$(AutomaticallyUseReferenceAssemblyPackages)' == 'true') was evaluated as ('.NETCoreApp,Version=v8.0' != '' and '.NETCoreApp' == '.NETFramework' and 'true' == 'true').
   9:8>Target "_AddMicrosoftNetCompilerToolsetFrameworkPackage" in file "/usr/share/dotnet/sdk/8.0.415/Sdks/Microsoft.NET.Sdk/targets/Microsoft.NET.Sdk.targets" from project "/home/saidul/Desktop/K-Chief Marine Automation Platform/src/KChief.Platform.API/KChief.Platform.API.csproj" (target "CollectPackageReferences" depends on it):
       Task "NETSdkWarning" skipped, due to false condition; ('@(PackageReference->AnyHaveMetadataValue('Identity', 'Microsoft.Net.Compilers.Toolset.Framework'))' == 'true') was evaluated as ('false' == 'true').
   9:8>Done building target "_AddMicrosoftNetCompilerToolsetFrameworkPackage" in project "KChief.Platform.API.csproj".
   9:8>Target "_CheckForObsoleteDotNetCliToolReferences" in file "/usr/share/dotnet/sdk/8.0.415/Sdks/Microsoft.NET.Sdk/targets/Microsoft.NET.ObsoleteReferences.targets" from project "/home/saidul/Desktop/K-Chief Marine Automation Platform/src/KChief.Platform.API/KChief.Platform.API.csproj" (target "CollectPackageReferences" depends on it):
       Task "NETSdkWarning" skipped, due to false condition; ( '%(_ReferenceToObsoleteDotNetCliTool.Identity)' != '' ) was evaluated as ( '' != '' ).
   9:8>Done building target "_CheckForObsoleteDotNetCliToolReferences" in project "KChief.Platform.API.csproj".
   9:8>Target "CollectPackageReferences" in file "/usr/share/dotnet/sdk/8.0.415/NuGet.targets" from project "/home/saidul/Desktop/K-Chief Marine Automation Platform/src/KChief.Platform.API/KChief.Platform.API.csproj" (target "_GetRestoreProjectStyle" depends on it):
       Using "CheckForDuplicateNuGetItemsTask" task from assembly "/usr/share/dotnet/sdk/8.0.415/NuGet.Build.Tasks.dll".
       Task "CheckForDuplicateNuGetItemsTask"
 10:13>Done executing task "CheckForDuplicateItems".
       Task "CheckForDuplicateItems"
   9:8>Done executing task "CheckForDuplicateNuGetItemsTask".
   9:8>Done building target "CollectPackageReferences" in project "KChief.Platform.API.csproj".
   9:8>Target "_GetRestoreProjectStyle" in file "/usr/share/dotnet/sdk/8.0.415/NuGet.targets" from project "/home/saidul/Desktop/K-Chief Marine Automation Platform/src/KChief.Platform.API/KChief.Platform.API.csproj" (target "EnableIntermediateOutputPathMismatchWarning" depends on it):
       Using "GetRestoreProjectStyleTask" task from assembly "/usr/share/dotnet/sdk/8.0.415/NuGet.Build.Tasks.dll".
       Task "GetRestoreProjectStyleTask"
 10:13>Done executing task "CheckForDuplicateItems".
   9:8>Done executing task "GetRestoreProjectStyleTask".
 10:13>Task "CheckForDuplicateItems"
   9:8>Done building target "_GetRestoreProjectStyle" in project "KChief.Platform.API.csproj".
   9:8>Target "EnableIntermediateOutputPathMismatchWarning" in file "/usr/share/dotnet/sdk/8.0.415/NuGet.targets" from project "/home/saidul/Desktop/K-Chief Marine Automation Platform/src/KChief.Platform.API/KChief.Platform.API.csproj" (target "_CheckForInvalidConfigurationAndPlatform" depends on it):
   9:8>Done building target "EnableIntermediateOutputPathMismatchWarning" in project "KChief.Platform.API.csproj".
       Target "ApplyImplicitVersions" skipped. Previously built successfully.
       Target "CheckForImplicitPackageReferenceOverrides" skipped. Previously built successfully.
   9:8>Target "CheckForDuplicateItems" in file "/usr/share/dotnet/sdk/8.0.415/Sdks/Microsoft.NET.Sdk/targets/Microsoft.NET.Sdk.DefaultItems.Shared.targets" from project "/home/saidul/Desktop/K-Chief Marine Automation Platform/src/KChief.Platform.API/KChief.Platform.API.csproj" (target "_CheckForInvalidConfigurationAndPlatform" depends on it):
       Using "CheckForDuplicateItems" task from assembly "/usr/share/dotnet/sdk/8.0.415/Sdks/Microsoft.NET.Sdk/targets/../tools/net8.0/Microsoft.NET.Build.Tasks.dll".
       Task "CheckForDuplicateItems"
       Done executing task "CheckForDuplicateItems".
       Task "CheckForDuplicateItems"
 10:13>Done executing task "CheckForDuplicateItems".
 10:13>Done building target "CheckForDuplicateItems" in project "KChief.Platform.Core.csproj".
       Target "WarnForExplicitVersions" skipped, due to false condition; ('@(SdkBuildWarning)' != '') was evaluated as ('' != '').
       Target "_CheckForFailedSDKResolution" skipped, due to false condition; ('$(SdkResolverHonoredGlobalJson)' == 'false') was evaluated as ('' == 'false').
       Target "_WarnWhenUsingNET8AndVSPriorTo178" skipped, due to false condition; ($([MSBuild]::VersionLessThan($(MSBuildVersion), '17.8.0')) and '$(TargetFrameworkIdentifier)' == '.NETCoreApp' and $([MSBuild]::VersionGreaterThanOrEquals($(_TargetFrameworkVersionWithoutV), '8.0'))) was evaluated as (False and '.NETCoreApp' == '.NETCoreApp' and True).
       Target "_CheckForInvalidWindowsDesktopTargetingConfiguration" skipped, due to false condition; ('$(TargetFrameworkIdentifier)' == '.NETCoreApp' and $([MSBuild]::VersionGreaterThanOrEquals($(_TargetFrameworkVersionWithoutV), '5.0')) and ('$(UseWindowsForms)' == 'true' or '$(UseWPF)' == 'true')) was evaluated as ('.NETCoreApp' == '.NETCoreApp' and True and ('' == 'true' or '' == 'true')).
       Target "_CheckForUnnecessaryWindowsDesktopSDK" skipped, due to false condition; ('$(TargetFrameworkIdentifier)' == '.NETCoreApp' and $([MSBuild]::VersionGreaterThanOrEquals($(_TargetFrameworkVersionWithoutV), '5.0')) and '$(_MicrosoftWindowsDesktopSdkImported)' == 'true' and '$(TargetFrameworks)' == '') was evaluated as ('.NETCoreApp' == '.NETCoreApp' and True and '' == 'true' and '' == '').
       Target "ProcessFrameworkReferences" skipped. Previously built successfully.
       Target "IncludeTargetingPackReference" skipped, due to false condition; ('$(TargetFrameworkMoniker)' != '' and '$(TargetFrameworkIdentifier)' == '.NETFramework' and '$(AutomaticallyUseReferenceAssemblyPackages)' == 'true') was evaluated as ('.NETCoreApp,Version=v8.0' != '' and '.NETCoreApp' == '.NETFramework' and 'true' == 'true').
   9:8>Done executing task "CheckForDuplicateItems".
 10:13>Target "_CheckForInvalidConfigurationAndPlatform" in file "/usr/share/dotnet/sdk/8.0.415/Microsoft.Common.CurrentVersion.targets" from project "/home/saidul/Desktop/K-Chief Marine Automation Platform/src/KChief.Platform.Core/KChief.Platform.Core.csproj" (target "BeforeBuild" depends on it):
 10:13>Task "Error" skipped, due to false condition; ( '$(_InvalidConfigurationError)' == 'true' ) was evaluated as ( '' == 'true' ).
   9:8>Task "CheckForDuplicateItems"
 10:13>_CheckForInvalidConfigurationAndPlatform:
       Task "Warning" skipped, due to false condition; ( '$(_InvalidConfigurationWarning)' == 'true' ) was evaluated as ( '' == 'true' ).
       Task "Message"
         Configuration=Release
       Done executing task "Message".
       Task "Message"
         Platform=AnyCPU
       Done executing task "Message".
       Task "Error" skipped, due to false condition; ('$(OutDir)' != '' and !HasTrailingSlash('$(OutDir)')) was evaluated as ('bin/Release/net8.0/' != '' and !HasTrailingSlash('bin/Release/net8.0/')).
       Task "Error" skipped, due to false condition; ('$(IntermediateOutputPath)' != '' and !HasTrailingSlash('$(IntermediateOutputPath)')) was evaluated as ('obj/Release/net8.0/' != '' and !HasTrailingSlash('obj/Release/net8.0/')).
   9:8>Done executing task "CheckForDuplicateItems".
 10:13>_CheckForInvalidConfigurationAndPlatform:
       Task "Error" skipped, due to false condition; ('$(BaseIntermediateOutputPath)' != '' and !HasTrailingSlash('$(BaseIntermediateOutputPath)')) was evaluated as ('obj/' != '' and !HasTrailingSlash('obj/')).
   9:8>Done building target "CheckForDuplicateItems" in project "KChief.Platform.API.csproj".
 10:13>_CheckForInvalidConfigurationAndPlatform:
       Task "MSBuildInternalMessage" skipped, due to false condition; ( '$(Prefer32Bit)' == 'true' and '$(PreferNativeArm64)' == 'true' ) was evaluated as ( 'false' == 'true' and '' == 'true' ).
       Task "MSBuildInternalMessage" skipped, due to false condition; ( '$(NoWin32Manifest)' == 'true' and '$(PreferNativeArm64)' == 'true' ) was evaluated as ( '' == 'true' and '' == 'true' ).
   9:8>Target "WarnForExplicitVersions" skipped, due to false condition; ('@(SdkBuildWarning)' != '') was evaluated as ('' != '').
 10:13>_CheckForInvalidConfigurationAndPlatform:
       Task "MSBuildInternalMessage" skipped, due to false condition; ( '$(PreferNativeArm64)' == 'true' and '$(Platform)' != 'AnyCPU' ) was evaluated as ( '' == 'true' and 'AnyCPU' != 'AnyCPU' ).
       Task "Error" skipped, due to false condition; ( '$(_InitialMSBuildProjectExtensionsPath)' != '' And '$(MSBuildProjectExtensionsPath)' != '$(_InitialMSBuildProjectExtensionsPath)' ) was evaluated as ( '/home/saidul/Desktop/K-Chief Marine Automation Platform/src/KChief.Platform.Core/obj/' != '' And '/home/saidul/Desktop/K-Chief Marine Automation Platform/src/KChief.Platform.Core/obj/' != '/home/saidul/Desktop/K-Chief Marine Automation Platform/src/KChief.Platform.Core/obj/' ).
   9:8>Target "_CheckForFailedSDKResolution" skipped, due to false condition; ('$(SdkResolverHonoredGlobalJson)' == 'false') was evaluated as ('' == 'false').
       Target "_WarnWhenUsingNET8AndVSPriorTo178" skipped, due to false condition; ($([MSBuild]::VersionLessThan($(MSBuildVersion), '17.8.0')) and '$(TargetFrameworkIdentifier)' == '.NETCoreApp' and $([MSBuild]::VersionGreaterThanOrEquals($(_TargetFrameworkVersionWithoutV), '8.0'))) was evaluated as (False and '.NETCoreApp' == '.NETCoreApp' and True).
       Target "_CheckForInvalidWindowsDesktopTargetingConfiguration" skipped, due to false condition; ('$(TargetFrameworkIdentifier)' == '.NETCoreApp' and $([MSBuild]::VersionGreaterThanOrEquals($(_TargetFrameworkVersionWithoutV), '5.0')) and ('$(UseWindowsForms)' == 'true' or '$(UseWPF)' == 'true')) was evaluated as ('.NETCoreApp' == '.NETCoreApp' and True and ('' == 'true' or '' == 'true')).
 10:13>_CheckForInvalidConfigurationAndPlatform:
       Task "Warning" skipped, due to false condition; ( '$(EnableBaseIntermediateOutputPathMismatchWarning)' == 'true' And '$(_InitialBaseIntermediateOutputPath)' != '$(BaseIntermediateOutputPath)' And '$(BaseIntermediateOutputPath)' != '$(MSBuildProjectExtensionsPath)' ) was evaluated as ( 'true' == 'true' And 'obj/' != 'obj/' And 'obj/' != '/home/saidul/Desktop/K-Chief Marine Automation Platform/src/KChief.Platform.Core/obj/' ).
 10:13>Done building target "_CheckForInvalidConfigurationAndPlatform" in project "KChief.Platform.Core.csproj".
   9:8>Target "_CheckForUnnecessaryWindowsDesktopSDK" skipped, due to false condition; ('$(TargetFrameworkIdentifier)' == '.NETCoreApp' and $([MSBuild]::VersionGreaterThanOrEquals($(_TargetFrameworkVersionWithoutV), '5.0')) and '$(_MicrosoftWindowsDesktopSdkImported)' == 'true' and '$(TargetFrameworks)' == '') was evaluated as ('.NETCoreApp' == '.NETCoreApp' and True and '' == 'true' and '' == '').
       Target "ProcessFrameworkReferences" skipped. Previously built successfully.
 10:13>Target "ValidateCommandLineProperties" in file "/usr/share/dotnet/sdk/8.0.415/Sdks/Microsoft.NET.Sdk/targets/Microsoft.NET.Sdk.targets" from project "/home/saidul/Desktop/K-Chief Marine Automation Platform/src/KChief.Platform.Core/KChief.Platform.Core.csproj" (target "BeforeBuild" depends on it):
 10:13>Done building target "ValidateCommandLineProperties" in project "KChief.Platform.Core.csproj".
   9:8>Target "IncludeTargetingPackReference" skipped, due to false condition; ('$(TargetFrameworkMoniker)' != '' and '$(TargetFrameworkIdentifier)' == '.NETFramework' and '$(AutomaticallyUseReferenceAssemblyPackages)' == 'true') was evaluated as ('.NETCoreApp,Version=v8.0' != '' and '.NETCoreApp' == '.NETFramework' and 'true' == 'true').
 10:13>Target "BeforeBuild" in file "/usr/share/dotnet/sdk/8.0.415/Microsoft.Common.CurrentVersion.targets" from project "/home/saidul/Desktop/K-Chief Marine Automation Platform/src/KChief.Platform.Core/KChief.Platform.Core.csproj" (target "Build" depends on it):
 10:13>Done building target "BeforeBuild" in project "KChief.Platform.Core.csproj".
   9:8>Target "_CheckForInvalidConfigurationAndPlatform" in file "/usr/share/dotnet/sdk/8.0.415/Microsoft.Common.CurrentVersion.targets" from project "/home/saidul/Desktop/K-Chief Marine Automation Platform/src/KChief.Platform.API/KChief.Platform.API.csproj" (target "BeforeBuild" depends on it):
   9:8>Task "Error" skipped, due to false condition; ( '$(_InvalidConfigurationError)' == 'true' ) was evaluated as ( '' == 'true' ).
       Task "Warning" skipped, due to false condition; ( '$(_InvalidConfigurationWarning)' == 'true' ) was evaluated as ( '' == 'true' ).
 10:13>Target "_CheckForBuildWithNoBuild" skipped, due to false condition; ('$(NoBuild)' == 'true' and '$(GeneratePackageOnBuild)' != 'true') was evaluated as ('' == 'true' and 'false' != 'true').
   9:8>Task "Message"
         Configuration=Release
 10:13>Target "BuildOnlySettings" in file "/usr/share/dotnet/sdk/8.0.415/Microsoft.Common.CurrentVersion.targets" from project "/home/saidul/Desktop/K-Chief Marine Automation Platform/src/KChief.Platform.Core/KChief.Platform.Core.csproj" (target "CoreBuild" depends on it):
 10:13>Done building target "BuildOnlySettings" in project "KChief.Platform.Core.csproj".
   9:8>Done executing task "Message".
       Task "Message"
 10:13>Target "_CheckForUnsupportedTargetFramework" skipped, due to false condition; ('$(_UnsupportedTargetFrameworkError)' == 'true') was evaluated as ('' == 'true').
   9:8>_CheckForInvalidConfigurationAndPlatform:
         Platform=AnyCPU
       Done executing task "Message".
       Task "Error" skipped, due to false condition; ('$(OutDir)' != '' and !HasTrailingSlash('$(OutDir)')) was evaluated as ('bin/Release/net8.0/' != '' and !HasTrailingSlash('bin/Release/net8.0/')).
 10:13>Target "_CheckForUnsupportedTargetPlatformIdentifier" skipped, due to false condition; ('$(TargetPlatformIdentifier)' != '' and '$(TargetFrameworkIdentifier)' == '.NETCoreApp' and $([MSBuild]::VersionGreaterThanOrEquals($(TargetFrameworkVersion), 5.0)) And ('$(DesignTimeBuild)' != 'true' Or '@(MissingWorkloadPack)' == '')) was evaluated as ('' != '' and '.NETCoreApp' == '.NETCoreApp' and True And ('' != 'true' Or '' == '')).
   9:8>_CheckForInvalidConfigurationAndPlatform:
       Task "Error" skipped, due to false condition; ('$(IntermediateOutputPath)' != '' and !HasTrailingSlash('$(IntermediateOutputPath)')) was evaluated as ('obj/Release/net8.0/' != '' and !HasTrailingSlash('obj/Release/net8.0/')).
 10:13>Target "_CheckForMissingWorkload" skipped, due to false condition; ('@(MissingWorkloadPack)' != '' And '$(DesignTimeBuild)' != 'true') was evaluated as ('' != '' And '' != 'true').
   9:8>_CheckForInvalidConfigurationAndPlatform:
       Task "Error" skipped, due to false condition; ('$(BaseIntermediateOutputPath)' != '' and !HasTrailingSlash('$(BaseIntermediateOutputPath)')) was evaluated as ('/home/saidul/Desktop/K-Chief Marine Automation Platform/src/KChief.Platform.API/obj/' != '' and !HasTrailingSlash('/home/saidul/Desktop/K-Chief Marine Automation Platform/src/KChief.Platform.API/obj/')).
 10:13>Target "GetFrameworkPaths" in file "/usr/share/dotnet/sdk/8.0.415/Sdks/Microsoft.NET.Sdk/targets/Microsoft.NET.DisableStandardFrameworkResolution.targets" from project "/home/saidul/Desktop/K-Chief Marine Automation Platform/src/KChief.Platform.Core/KChief.Platform.Core.csproj" (target "PrepareForBuild" depends on it):
 10:13>Done building target "GetFrameworkPaths" in project "KChief.Platform.Core.csproj".
   9:8>_CheckForInvalidConfigurationAndPlatform:
       Task "MSBuildInternalMessage" skipped, due to false condition; ( '$(Prefer32Bit)' == 'true' and '$(PreferNativeArm64)' == 'true' ) was evaluated as ( 'false' == 'true' and '' == 'true' ).
 10:13>Target "_CheckForUnsupportedTargetFramework" skipped, due to false condition; ('$(_UnsupportedTargetFrameworkError)' == 'true') was evaluated as ('' == 'true').
   9:8>_CheckForInvalidConfigurationAndPlatform:
       Task "MSBuildInternalMessage" skipped, due to false condition; ( '$(NoWin32Manifest)' == 'true' and '$(PreferNativeArm64)' == 'true' ) was evaluated as ( '' == 'true' and '' == 'true' ).
       Task "MSBuildInternalMessage" skipped, due to false condition; ( '$(PreferNativeArm64)' == 'true' and '$(Platform)' != 'AnyCPU' ) was evaluated as ( '' == 'true' and 'AnyCPU' != 'AnyCPU' ).
 10:13>Target "_CheckForUnsupportedTargetPlatformIdentifier" skipped, due to false condition; ('$(TargetPlatformIdentifier)' != '' and '$(TargetFrameworkIdentifier)' == '.NETCoreApp' and $([MSBuild]::VersionGreaterThanOrEquals($(TargetFrameworkVersion), 5.0)) And ('$(DesignTimeBuild)' != 'true' Or '@(MissingWorkloadPack)' == '')) was evaluated as ('' != '' and '.NETCoreApp' == '.NETCoreApp' and True And ('' != 'true' Or '' == '')).
   9:8>_CheckForInvalidConfigurationAndPlatform:
       Task "Error" skipped, due to false condition; ( '$(_InitialMSBuildProjectExtensionsPath)' != '' And '$(MSBuildProjectExtensionsPath)' != '$(_InitialMSBuildProjectExtensionsPath)' ) was evaluated as ( '/home/saidul/Desktop/K-Chief Marine Automation Platform/src/KChief.Platform.API/obj/' != '' And '/home/saidul/Desktop/K-Chief Marine Automation Platform/src/KChief.Platform.API/obj/' != '/home/saidul/Desktop/K-Chief Marine Automation Platform/src/KChief.Platform.API/obj/' ).
 10:13>Target "_CheckForMissingWorkload" skipped, due to false condition; ('@(MissingWorkloadPack)' != '' And '$(DesignTimeBuild)' != 'true') was evaluated as ('' != '' And '' != 'true').
 10:13>Target "GetReferenceAssemblyPaths" in file "/usr/share/dotnet/sdk/8.0.415/Sdks/Microsoft.NET.Sdk/targets/Microsoft.NET.DisableStandardFrameworkResolution.targets" from project "/home/saidul/Desktop/K-Chief Marine Automation Platform/src/KChief.Platform.Core/KChief.Platform.Core.csproj" (target "PrepareForBuild" depends on it):
 10:13>Done building target "GetReferenceAssemblyPaths" in project "KChief.Platform.Core.csproj".
       Target "AssignLinkMetadata" skipped, due to false condition; ( '$(SynthesizeLinkMetadata)' == 'true' ) was evaluated as ( '' == 'true' ).
       Target "_VerifyPackReleaseConfigurations" skipped, due to false condition; ('$(_IsPacking)' == 'true' and '$(DOTNET_CLI_DISABLE_PUBLISH_AND_PACK_RELEASE)' != 'true' and '$(DOTNET_CLI_LAZY_PUBLISH_AND_PACK_RELEASE_FOR_SOLUTIONS)' == 'true') was evaluated as ('' == 'true' and '' != 'true' and '' == 'true').
   9:8>_CheckForInvalidConfigurationAndPlatform:
       Task "Warning" skipped, due to false condition; ( '$(EnableBaseIntermediateOutputPathMismatchWarning)' == 'true' And '$(_InitialBaseIntermediateOutputPath)' != '$(BaseIntermediateOutputPath)' And '$(BaseIntermediateOutputPath)' != '$(MSBuildProjectExtensionsPath)' ) was evaluated as ( 'true' == 'true' And 'obj/' != '/home/saidul/Desktop/K-Chief Marine Automation Platform/src/KChief.Platform.API/obj/' And '/home/saidul/Desktop/K-Chief Marine Automation Platform/src/KChief.Platform.API/obj/' != '/home/saidul/Desktop/K-Chief Marine Automation Platform/src/KChief.Platform.API/obj/' ).
   9:8>Done building target "_CheckForInvalidConfigurationAndPlatform" in project "KChief.Platform.API.csproj".
   9:8>Target "ValidateCommandLineProperties" in file "/usr/share/dotnet/sdk/8.0.415/Sdks/Microsoft.NET.Sdk/targets/Microsoft.NET.Sdk.targets" from project "/home/saidul/Desktop/K-Chief Marine Automation Platform/src/KChief.Platform.API/KChief.Platform.API.csproj" (target "BeforeBuild" depends on it):
   9:8>Done building target "ValidateCommandLineProperties" in project "KChief.Platform.API.csproj".
   9:8>Target "BeforeBuild" in file "/usr/share/dotnet/sdk/8.0.415/Microsoft.Common.CurrentVersion.targets" from project "/home/saidul/Desktop/K-Chief Marine Automation Platform/src/KChief.Platform.API/KChief.Platform.API.csproj" (target "Build" depends on it):
   9:8>Done building target "BeforeBuild" in project "KChief.Platform.API.csproj".
       Target "_CheckForBuildWithNoBuild" skipped, due to false condition; ('$(NoBuild)' == 'true' and '$(GeneratePackageOnBuild)' != 'true') was evaluated as ('' == 'true' and 'false' != 'true').
   9:8>Target "BuildOnlySettings" in file "/usr/share/dotnet/sdk/8.0.415/Microsoft.Common.CurrentVersion.targets" from project "/home/saidul/Desktop/K-Chief Marine Automation Platform/src/KChief.Platform.API/KChief.Platform.API.csproj" (target "CoreBuild" depends on it):
   9:8>Done building target "BuildOnlySettings" in project "KChief.Platform.API.csproj".
       Target "_CheckForUnsupportedTargetFramework" skipped, due to false condition; ('$(_UnsupportedTargetFrameworkError)' == 'true') was evaluated as ('' == 'true').
       Target "_CheckForUnsupportedTargetPlatformIdentifier" skipped, due to false condition; ('$(TargetPlatformIdentifier)' != '' and '$(TargetFrameworkIdentifier)' == '.NETCoreApp' and $([MSBuild]::VersionGreaterThanOrEquals($(TargetFrameworkVersion), 5.0)) And ('$(DesignTimeBuild)' != 'true' Or '@(MissingWorkloadPack)' == '')) was evaluated as ('' != '' and '.NETCoreApp' == '.NETCoreApp' and True And ('' != 'true' Or '' == '')).
       Target "_CheckForMissingWorkload" skipped, due to false condition; ('@(MissingWorkloadPack)' != '' And '$(DesignTimeBuild)' != 'true') was evaluated as ('' != '' And '' != 'true').
   9:8>Target "GetFrameworkPaths" in file "/usr/share/dotnet/sdk/8.0.415/Sdks/Microsoft.NET.Sdk/targets/Microsoft.NET.DisableStandardFrameworkResolution.targets" from project "/home/saidul/Desktop/K-Chief Marine Automation Platform/src/KChief.Platform.API/KChief.Platform.API.csproj" (target "PrepareForBuild" depends on it):
   9:8>Done building target "GetFrameworkPaths" in project "KChief.Platform.API.csproj".
       Target "_CheckForUnsupportedTargetFramework" skipped, due to false condition; ('$(_UnsupportedTargetFrameworkError)' == 'true') was evaluated as ('' == 'true').
 10:13>Target "PrepareForBuild" in file "/usr/share/dotnet/sdk/8.0.415/Microsoft.Common.CurrentVersion.targets" from project "/home/saidul/Desktop/K-Chief Marine Automation Platform/src/KChief.Platform.Core/KChief.Platform.Core.csproj" (target "CoreBuild" depends on it):
 10:13>Using "FindAppConfigFile" task from assembly "Microsoft.Build.Tasks.Core, Version=15.1.0.0, Culture=neutral, PublicKeyToken=b03f5f7f11d50a3a".
       Task "FindAppConfigFile"
   9:8>Target "_CheckForUnsupportedTargetPlatformIdentifier" skipped, due to false condition; ('$(TargetPlatformIdentifier)' != '' and '$(TargetFrameworkIdentifier)' == '.NETCoreApp' and $([MSBuild]::VersionGreaterThanOrEquals($(TargetFrameworkVersion), 5.0)) And ('$(DesignTimeBuild)' != 'true' Or '@(MissingWorkloadPack)' == '')) was evaluated as ('' != '' and '.NETCoreApp' == '.NETCoreApp' and True And ('' != 'true' Or '' == '')).
       Target "_CheckForMissingWorkload" skipped, due to false condition; ('@(MissingWorkloadPack)' != '' And '$(DesignTimeBuild)' != 'true') was evaluated as ('' != '' And '' != 'true').
   9:8>Target "GetReferenceAssemblyPaths" in file "/usr/share/dotnet/sdk/8.0.415/Sdks/Microsoft.NET.Sdk/targets/Microsoft.NET.DisableStandardFrameworkResolution.targets" from project "/home/saidul/Desktop/K-Chief Marine Automation Platform/src/KChief.Platform.API/KChief.Platform.API.csproj" (target "PrepareForBuild" depends on it):
   9:8>Done building target "GetReferenceAssemblyPaths" in project "KChief.Platform.API.csproj".
       Target "AssignLinkMetadata" skipped, due to false condition; ( '$(SynthesizeLinkMetadata)' == 'true' ) was evaluated as ( '' == 'true' ).
   9:8>Target "ResolveRazorGenerateInputs" in file "/usr/share/dotnet/sdk/8.0.415/Sdks/Microsoft.NET.Sdk.Razor/targets/Sdk.Razor.CurrentVersion.targets" from project "/home/saidul/Desktop/K-Chief Marine Automation Platform/src/KChief.Platform.API/KChief.Platform.API.csproj" (target "PrepareForBuild" depends on it):
   9:8>Done building target "ResolveRazorGenerateInputs" in project "KChief.Platform.API.csproj".
       Target "_VerifyPackReleaseConfigurations" skipped, due to false condition; ('$(_IsPacking)' == 'true' and '$(DOTNET_CLI_DISABLE_PUBLISH_AND_PACK_RELEASE)' != 'true' and '$(DOTNET_CLI_LAZY_PUBLISH_AND_PACK_RELEASE_FOR_SOLUTIONS)' == 'true') was evaluated as ('' == 'true' and '' != 'true' and '' == 'true').
   9:8>Target "PrepareForBuild" in file "/usr/share/dotnet/sdk/8.0.415/Microsoft.Common.CurrentVersion.targets" from project "/home/saidul/Desktop/K-Chief Marine Automation Platform/src/KChief.Platform.API/KChief.Platform.API.csproj" (target "CoreBuild" depends on it):
       Using "FindAppConfigFile" task from assembly "Microsoft.Build.Tasks.Core, Version=15.1.0.0, Culture=neutral, PublicKeyToken=b03f5f7f11d50a3a".
       Task "FindAppConfigFile"
 10:13>Done executing task "FindAppConfigFile".
   9:8>Done executing task "FindAppConfigFile".
       Using "MakeDir" task from assembly "Microsoft.Build.Tasks.Core, Version=15.1.0.0, Culture=neutral, PublicKeyToken=b03f5f7f11d50a3a".
       Task "MakeDir"
       Done executing task "MakeDir".
   9:8>Done building target "PrepareForBuild" in project "KChief.Platform.API.csproj".
 10:13>PrepareForBuild:
       Using "MakeDir" task from assembly "Microsoft.Build.Tasks.Core, Version=15.1.0.0, Culture=neutral, PublicKeyToken=b03f5f7f11d50a3a".
       Task "MakeDir"
   9:8>Target "GenerateGlobalUsings" in file "/usr/share/dotnet/sdk/8.0.415/Sdks/Microsoft.NET.Sdk/targets/Microsoft.NET.GenerateGlobalUsings.targets" from project "/home/saidul/Desktop/K-Chief Marine Automation Platform/src/KChief.Platform.API/KChief.Platform.API.csproj" (target "CoreBuild" depends on it):
   9:8>Using "GenerateGlobalUsings" task from assembly "/usr/share/dotnet/sdk/8.0.415/Sdks/Microsoft.NET.Sdk/targets/../tools/net8.0/Microsoft.NET.Build.Tasks.dll".
       Task "GenerateGlobalUsings"
       Done executing task "GenerateGlobalUsings".
       Using "WriteLinesToFile" task from assembly "Microsoft.Build.Tasks.Core, Version=15.1.0.0, Culture=neutral, PublicKeyToken=b03f5f7f11d50a3a".
       Task "WriteLinesToFile"
         Skipping write to file "obj/Release/net8.0/KChief.Platform.API.GlobalUsings.g.cs" because content would not change.
       Done executing task "WriteLinesToFile".
   9:8>Done building target "GenerateGlobalUsings" in project "KChief.Platform.API.csproj".
       Target "PreBuildEvent" skipped, due to false condition; ('$(PreBuildEvent)'!='') was evaluated as (''!='').
   9:8>Target "BeforeResolveReferences" in file "/usr/share/dotnet/sdk/8.0.415/Microsoft.Common.CurrentVersion.targets" from project "/home/saidul/Desktop/K-Chief Marine Automation Platform/src/KChief.Platform.API/KChief.Platform.API.csproj" (target "ResolveReferences" depends on it):
   9:8>Done building target "BeforeResolveReferences" in project "KChief.Platform.API.csproj".
   9:8>Target "IgnoreJavaScriptOutputAssembly" in file "/usr/share/dotnet/sdk/8.0.415/Microsoft.Common.CurrentVersion.targets" from project "/home/saidul/Desktop/K-Chief Marine Automation Platform/src/KChief.Platform.API/KChief.Platform.API.csproj" (target "AssignProjectConfiguration" depends on it):
   9:8>Done building target "IgnoreJavaScriptOutputAssembly" in project "KChief.Platform.API.csproj".
       Target "ProcessFrameworkReferences" skipped. Previously built successfully.
   9:8>Target "_DefaultMicrosoftNETPlatformLibrary" in file "/usr/share/dotnet/sdk/8.0.415/Sdks/Microsoft.NET.Sdk/targets/Microsoft.NET.Sdk.Shared.targets" from project "/home/saidul/Desktop/K-Chief Marine Automation Platform/src/KChief.Platform.API/KChief.Platform.API.csproj" (target "ResolvePackageAssets" depends on it):
   9:8>Done building target "_DefaultMicrosoftNETPlatformLibrary" in project "KChief.Platform.API.csproj".
   9:8>Target "_ComputePackageReferencePublish" in file "/usr/share/dotnet/sdk/8.0.415/Sdks/Microsoft.NET.Sdk/targets/Microsoft.NET.Sdk.Shared.targets" from project "/home/saidul/Desktop/K-Chief Marine Automation Platform/src/KChief.Platform.API/KChief.Platform.API.csproj" (target "ResolvePackageAssets" depends on it):
   9:8>Done building target "_ComputePackageReferencePublish" in project "KChief.Platform.API.csproj".
       Target "_ResolveCompilerVersion" skipped, due to false condition; ('$(CompilerApiVersion)' == '' And
                            ('$(Language)' == 'C#' Or '$(Language)' == 'VB') And
                            Exists('$(RoslynTargetsPath)\Microsoft.Build.Tasks.CodeAnalysis.dll')) was evaluated as ('roslyn4.11' == '' And
                            ('C#' == 'C#' Or 'C#' == 'VB') And
                            Exists('/usr/share/dotnet/sdk/8.0.415/Roslyn\Microsoft.Build.Tasks.CodeAnalysis.dll')).
   9:8>Target "ResolvePackageAssets" in file "/usr/share/dotnet/sdk/8.0.415/Sdks/Microsoft.NET.Sdk/targets/Microsoft.PackageDependencyResolution.targets" from project "/home/saidul/Desktop/K-Chief Marine Automation Platform/src/KChief.Platform.API/KChief.Platform.API.csproj" (target "ResolveLockFileReferences" depends on it):
       Using "ResolvePackageAssets" task from assembly "/usr/share/dotnet/sdk/8.0.415/Sdks/Microsoft.NET.Sdk/targets/../tools/net8.0/Microsoft.NET.Build.Tasks.dll".
       Task "ResolvePackageAssets"
 10:13>Done executing task "MakeDir".
 10:13>Done building target "PrepareForBuild" in project "KChief.Platform.Core.csproj".
 10:13>Target "GenerateGlobalUsings" in file "/usr/share/dotnet/sdk/8.0.415/Sdks/Microsoft.NET.Sdk/targets/Microsoft.NET.GenerateGlobalUsings.targets" from project "/home/saidul/Desktop/K-Chief Marine Automation Platform/src/KChief.Platform.Core/KChief.Platform.Core.csproj" (target "CoreBuild" depends on it):
       Using "GenerateGlobalUsings" task from assembly "/usr/share/dotnet/sdk/8.0.415/Sdks/Microsoft.NET.Sdk/targets/../tools/net8.0/Microsoft.NET.Build.Tasks.dll".
       Task "GenerateGlobalUsings"
   3:6>/home/saidul/Desktop/K-Chief Marine Automation Platform/tests/KChief.Platform.Tests/KChief.Platform.Tests.csproj : warning NU1603: KChief.Platform.API depends on Microsoft.Extensions.Caching.Memory (>= 8.0.11) but Microsoft.Extensions.Caching.Memory 8.0.11 was not found. An approximate best match of Microsoft.Extensions.Caching.Memory 9.0.0 was resolved.
   3:6>Done executing task "ResolvePackageAssets".
   3:6>Done building target "ResolvePackageAssets" in project "KChief.Platform.Tests.csproj".
       Target "AdjustDefaultPlatformTargetForNetFrameworkExeWithNoNativeCopyLocalItems" skipped, due to false condition; ('$(_UsingDefaultPlatformTarget)' == 'true' and
                            '$(_UsingDefaultRuntimeIdentifier)' == 'true') was evaluated as ('true' == 'true' and
                            '' == 'true').
   3:6>Target "_CheckForTransitiveWindowsDesktopDependencies" in file "/usr/share/dotnet/sdk/8.0.415/Sdks/Microsoft.NET.Sdk/targets/Microsoft.NET.Sdk.DefaultItems.Shared.targets" from project "/home/saidul/Desktop/K-Chief Marine Automation Platform/tests/KChief.Platform.Tests/KChief.Platform.Tests.csproj" (target "ResolveLockFileReferences" depends on it):
       Task "NetSdkError" skipped, due to false condition; ('@(_WindowsDesktopTransitiveFrameworkReference)' != '') was evaluated as ('' != '').
   3:6>Done building target "_CheckForTransitiveWindowsDesktopDependencies" in project "KChief.Platform.Tests.csproj".
   3:6>Target "AddTransitiveFrameworkReferences" in file "/usr/share/dotnet/sdk/8.0.415/Sdks/Microsoft.NET.Sdk/targets/Microsoft.NET.Sdk.FrameworkReferenceResolution.targets" from project "/home/saidul/Desktop/K-Chief Marine Automation Platform/tests/KChief.Platform.Tests/KChief.Platform.Tests.csproj" (target "ResolveLockFileReferences" depends on it):
   3:6>Done building target "AddTransitiveFrameworkReferences" in project "KChief.Platform.Tests.csproj".
   3:6>Target "ResolveLockFileReferences" in file "/usr/share/dotnet/sdk/8.0.415/Sdks/Microsoft.NET.Sdk/targets/Microsoft.PackageDependencyResolution.targets" from project "/home/saidul/Desktop/K-Chief Marine Automation Platform/tests/KChief.Platform.Tests/KChief.Platform.Tests.csproj" (target "ResolvePackageDependenciesForBuild" depends on it):
       Using "JoinItems" task from assembly "/usr/share/dotnet/sdk/8.0.415/Sdks/Microsoft.NET.Sdk/targets/../tools/net8.0/Microsoft.NET.Build.Tasks.dll".
       Task "JoinItems"
       Done executing task "JoinItems".
   3:6>Done building target "ResolveLockFileReferences" in project "KChief.Platform.Tests.csproj".
       Target "ResolvePackageAssets" skipped. Previously built successfully.
   3:6>Target "ResolveLockFileAnalyzers" in file "/usr/share/dotnet/sdk/8.0.415/Sdks/Microsoft.NET.Sdk/targets/Microsoft.PackageDependencyResolution.targets" from project "/home/saidul/Desktop/K-Chief Marine Automation Platform/tests/KChief.Platform.Tests/KChief.Platform.Tests.csproj" (target "ResolvePackageDependenciesForBuild" depends on it):
   3:6>Done building target "ResolveLockFileAnalyzers" in project "KChief.Platform.Tests.csproj".
       Target "ResolvePackageAssets" skipped. Previously built successfully.
       Target "RunProduceContentAssets" skipped, due to false condition; ('@(_ContentFilesToPreprocess)' != '' and '$(_CleaningWithoutRebuilding)' != 'true') was evaluated as ('' != '' and '' != 'true').
   3:6>Target "ResolveLockFileCopyLocalFiles" in file "/usr/share/dotnet/sdk/8.0.415/Sdks/Microsoft.NET.Sdk/targets/Microsoft.PackageDependencyResolution.targets" from project "/home/saidul/Desktop/K-Chief Marine Automation Platform/tests/KChief.Platform.Tests/KChief.Platform.Tests.csproj" (target "ResolvePackageDependenciesForBuild" depends on it):
   3:6>Done building target "ResolveLockFileCopyLocalFiles" in project "KChief.Platform.Tests.csproj".
       Target "ResolveRuntimePackAssets" skipped, due to false condition; ('@(RuntimePack)' != '') was evaluated as ('' != '').
       Target "RunProduceContentAssets" skipped, due to false condition; ('@(_ContentFilesToPreprocess)' != '' and '$(_CleaningWithoutRebuilding)' != 'true') was evaluated as ('' != '' and '' != 'true').
       Target "ResolvePackageAssets" skipped. Previously built successfully.
   3:6>Target "IncludeTransitiveProjectReferences" in file "/usr/share/dotnet/sdk/8.0.415/Sdks/Microsoft.NET.Sdk/targets/Microsoft.PackageDependencyResolution.targets" from project "/home/saidul/Desktop/K-Chief Marine Automation Platform/tests/KChief.Platform.Tests/KChief.Platform.Tests.csproj" (target "ResolvePackageDependenciesForBuild" depends on it):
   3:6>Done building target "IncludeTransitiveProjectReferences" in project "KChief.Platform.Tests.csproj".
   3:6>Target "ResolvePackageDependenciesForBuild" in file "/usr/share/dotnet/sdk/8.0.415/Sdks/Microsoft.NET.Sdk/targets/Microsoft.PackageDependencyResolution.targets" from project "/home/saidul/Desktop/K-Chief Marine Automation Platform/tests/KChief.Platform.Tests/KChief.Platform.Tests.csproj" (target "AssignProjectConfiguration" depends on it):
   3:6>Done building target "ResolvePackageDependenciesForBuild" in project "KChief.Platform.Tests.csproj".
       Target "_System_Text_JsonAnalyzerMultiTargeting" skipped, due to false condition; ('$(SupportsRoslynComponentVersioning)' != 'true') was evaluated as ('true' != 'true').
       Target "_System_Text_JsonRemoveAnalyzers" skipped, due to false condition; ('$(DisableSystemTextJsonSourceGenerator)' == 'true') was evaluated as ('' == 'true').
       Target "_Microsoft_Extensions_Logging_AbstractionsAnalyzerMultiTargeting" skipped, due to false condition; ('$(SupportsRoslynComponentVersioning)' != 'true') was evaluated as ('true' != 'true').
       Target "_Microsoft_Extensions_Logging_AbstractionsRemoveAnalyzers" skipped, due to false condition; ('$(DisableMicrosoftExtensionsLoggingSourceGenerator)' == 'true') was evaluated as ('' == 'true').
   3:6>Target "_Microsoft_Extensions_Configuration_Binder_RemoveAnalyzer" in file "/home/saidul/.nuget/packages/microsoft.extensions.configuration.binder/8.0.0/buildTransitive/netstandard2.0/Microsoft.Extensions.Configuration.Binder.targets" from project "/home/saidul/Desktop/K-Chief Marine Automation Platform/tests/KChief.Platform.Tests/KChief.Platform.Tests.csproj" (target "AssignProjectConfiguration" depends on it):
   3:6>Done building target "_Microsoft_Extensions_Configuration_Binder_RemoveAnalyzer" in project "KChief.Platform.Tests.csproj".
       Target "_Microsoft_Extensions_OptionsAnalyzerMultiTargeting" skipped, due to false condition; ('$(SupportsRoslynComponentVersioning)' != 'true') was evaluated as ('true' != 'true').
       Target "_Microsoft_Extensions_OptionsRemoveAnalyzers" skipped, due to false condition; ('$(DisableMicrosoftExtensionsOptionsSourceGenerator)' == 'true') was evaluated as ('' == 'true').
   3:6>Target "AssignProjectConfiguration" in file "/usr/share/dotnet/sdk/8.0.415/Microsoft.Common.CurrentVersion.targets" from project "/home/saidul/Desktop/K-Chief Marine Automation Platform/tests/KChief.Platform.Tests/KChief.Platform.Tests.csproj" (target "ResolveReferences" depends on it):
       Using "AssignProjectConfiguration" task from assembly "Microsoft.Build.Tasks.Core, Version=15.1.0.0, Culture=neutral, PublicKeyToken=b03f5f7f11d50a3a".
 10:13>Done executing task "GenerateGlobalUsings".
   3:6>Task "AssignProjectConfiguration"
         Project reference "../../src/KChief.Platform.Core/KChief.Platform.Core.csproj" has been assigned the "Release|AnyCPU" configuration.
         Project reference "../../src/KChief.Platform.API/KChief.Platform.API.csproj" has been assigned the "Release|AnyCPU" configuration.
         Project reference "../../src/KChief.VesselControl/KChief.VesselControl.csproj" has been assigned the "Release|AnyCPU" configuration.
         Project reference "../../src/KChief.AlarmSystem/KChief.AlarmSystem.csproj" has been assigned the "Release|AnyCPU" configuration.
         Project reference "../../src/KChief.DataAccess/KChief.DataAccess.csproj" has been assigned the "Release|AnyCPU" configuration.
         Project reference "../../src/KChief.Protocols.Modbus/KChief.Protocols.Modbus.csproj" has been assigned the "Release|AnyCPU" configuration.
         Project reference "../../src/KChief.Protocols.OPC/KChief.Protocols.OPC.csproj" has been assigned the "Release|AnyCPU" configuration.
       Done executing task "AssignProjectConfiguration".
   3:6>Done building target "AssignProjectConfiguration" in project "KChief.Platform.Tests.csproj".
       Target "AssignProjectConfiguration" skipped. Previously built successfully.
   3:6>Target "_SplitProjectReferencesByFileExistence" in file "/usr/share/dotnet/sdk/8.0.415/Microsoft.Common.CurrentVersion.targets" from project "/home/saidul/Desktop/K-Chief Marine Automation Platform/tests/KChief.Platform.Tests/KChief.Platform.Tests.csproj" (target "PrepareProjectReferences" depends on it):
       Task "ResolveNonMSBuildProjectOutput" skipped, due to false condition; ('$(BuildingInsideVisualStudio)'=='true' and '@(ProjectReferenceWithConfiguration)'!='') was evaluated as (''=='true' and '../../src/KChief.Platform.Core/KChief.Platform.Core.csproj;../../src/KChief.Platform.API/KChief.Platform.API.csproj;../../src/KChief.VesselControl/KChief.VesselControl.csproj;...'!='').
   3:6>Done building target "_SplitProjectReferencesByFileExistence" in project "KChief.Platform.Tests.csproj".
   3:6>Target "_AddOutputPathToGlobalPropertiesToRemove" in file "/usr/share/dotnet/sdk/8.0.415/Microsoft.Common.CurrentVersion.targets" from project "/home/saidul/Desktop/K-Chief Marine Automation Platform/tests/KChief.Platform.Tests/KChief.Platform.Tests.csproj" (target "_GetProjectReferenceTargetFrameworkProperties" depends on it):
   3:6>Done building target "_AddOutputPathToGlobalPropertiesToRemove" in project "KChief.Platform.Tests.csproj".
   3:6>Target "_GetProjectReferenceTargetFrameworkProperties" in file "/usr/share/dotnet/sdk/8.0.415/Microsoft.Common.CurrentVersion.targets" from project "/home/saidul/Desktop/K-Chief Marine Automation Platform/tests/KChief.Platform.Tests/KChief.Platform.Tests.csproj" (target "PrepareProjectReferences" depends on it):
       Task "MSBuild"
         Global Properties:
           Configuration=Release
           Platform=AnyCPU
         Removing Properties:
           TargetFramework
 10:13>GenerateGlobalUsings:
       Using "WriteLinesToFile" task from assembly "Microsoft.Build.Tasks.Core, Version=15.1.0.0, Culture=neutral, PublicKeyToken=b03f5f7f11d50a3a".
       Task "WriteLinesToFile"
   3:6>_GetProjectReferenceTargetFrameworkProperties:
           RuntimeIdentifier
           SelfContained
   3:6>Project "/home/saidul/Desktop/K-Chief Marine Automation Platform/tests/KChief.Platform.Tests/KChief.Platform.Tests.csproj" (3:6) is building "/home/saidul/Desktop/K-Chief Marine Automation Platform/src/KChief.DataAccess/KChief.DataAccess.csproj" (8:10) on node 6 (GetTargetFrameworks target(s)).
  8:10>Target "GetTargetFrameworks" skipped. Previously built successfully.
  8:10>Done Building Project "/home/saidul/Desktop/K-Chief Marine Automation Platform/src/KChief.DataAccess/KChief.DataAccess.csproj" (GetTargetFrameworks target(s)).
   9:8>/home/saidul/Desktop/K-Chief Marine Automation Platform/src/KChief.Platform.API/KChief.Platform.API.csproj : warning NU1603: KChief.Platform.API depends on Microsoft.Extensions.Caching.Memory (>= 8.0.11) but Microsoft.Extensions.Caching.Memory 8.0.11 was not found. An approximate best match of Microsoft.Extensions.Caching.Memory 9.0.0 was resolved.
 10:13>GenerateGlobalUsings:
         Skipping write to file "obj/Release/net8.0/KChief.Platform.Core.GlobalUsings.g.cs" because content would not change.
       Done executing task "WriteLinesToFile".
 10:13>Done building target "GenerateGlobalUsings" in project "KChief.Platform.Core.csproj".
       Target "PreBuildEvent" skipped, due to false condition; ('$(PreBuildEvent)'!='') was evaluated as (''!='').
 10:13>Target "BeforeResolveReferences" in file "/usr/share/dotnet/sdk/8.0.415/Microsoft.Common.CurrentVersion.targets" from project "/home/saidul/Desktop/K-Chief Marine Automation Platform/src/KChief.Platform.Core/KChief.Platform.Core.csproj" (target "ResolveReferences" depends on it):
 10:13>Done building target "BeforeResolveReferences" in project "KChief.Platform.Core.csproj".
   3:6>Project "/home/saidul/Desktop/K-Chief Marine Automation Platform/tests/KChief.Platform.Tests/KChief.Platform.Tests.csproj" (3:6) is building "/home/saidul/Desktop/K-Chief Marine Automation Platform/src/KChief.VesselControl/KChief.VesselControl.csproj" (2:9) on node 9 (GetTargetFrameworks target(s)).
   2:9>Target "GetTargetFrameworksWithPlatformForSingleTargetFramework" in file "/usr/share/dotnet/sdk/8.0.415/Microsoft.Common.CurrentVersion.targets" from project "/home/saidul/Desktop/K-Chief Marine Automation Platform/src/KChief.VesselControl/KChief.VesselControl.csproj" (target "GetTargetFrameworks" depends on it):
   2:9>Using "CombineTargetFrameworkInfoProperties" task from assembly "Microsoft.Build.Tasks.Core, Version=15.1.0.0, Culture=neutral, PublicKeyToken=b03f5f7f11d50a3a".
   3:6>Project "/home/saidul/Desktop/K-Chief Marine Automation Platform/tests/KChief.Platform.Tests/KChief.Platform.Tests.csproj" (3:6) is building "/home/saidul/Desktop/K-Chief Marine Automation Platform/src/KChief.AlarmSystem/KChief.AlarmSystem.csproj" (7:8) on node 5 (GetTargetFrameworks target(s)).
   7:8>Target "GetTargetFrameworksWithPlatformForSingleTargetFramework" in file "/usr/share/dotnet/sdk/8.0.415/Microsoft.Common.CurrentVersion.targets" from project "/home/saidul/Desktop/K-Chief Marine Automation Platform/src/KChief.AlarmSystem/KChief.AlarmSystem.csproj" (target "GetTargetFrameworks" depends on it):
   7:8>Using "CombineTargetFrameworkInfoProperties" task from assembly "Microsoft.Build.Tasks.Core, Version=15.1.0.0, Culture=neutral, PublicKeyToken=b03f5f7f11d50a3a".
       Task "CombineTargetFrameworkInfoProperties"
   2:9>Task "CombineTargetFrameworkInfoProperties"
   3:6>Project "/home/saidul/Desktop/K-Chief Marine Automation Platform/tests/KChief.Platform.Tests/KChief.Platform.Tests.csproj" (3:6) is building "/home/saidul/Desktop/K-Chief Marine Automation Platform/src/KChief.Protocols.Modbus/KChief.Protocols.Modbus.csproj" (4:8) on node 8 (GetTargetFrameworks target(s)).
   4:8>Target "GetTargetFrameworksWithPlatformForSingleTargetFramework" in file "/usr/share/dotnet/sdk/8.0.415/Microsoft.Common.CurrentVersion.targets" from project "/home/saidul/Desktop/K-Chief Marine Automation Platform/src/KChief.Protocols.Modbus/KChief.Protocols.Modbus.csproj" (target "GetTargetFrameworks" depends on it):
   4:8>Using "CombineTargetFrameworkInfoProperties" task from assembly "Microsoft.Build.Tasks.Core, Version=15.1.0.0, Culture=neutral, PublicKeyToken=b03f5f7f11d50a3a".
       Task "CombineTargetFrameworkInfoProperties"
 10:13>Target "IgnoreJavaScriptOutputAssembly" in file "/usr/share/dotnet/sdk/8.0.415/Microsoft.Common.CurrentVersion.targets" from project "/home/saidul/Desktop/K-Chief Marine Automation Platform/src/KChief.Platform.Core/KChief.Platform.Core.csproj" (target "AssignProjectConfiguration" depends on it):
 10:13>Done building target "IgnoreJavaScriptOutputAssembly" in project "KChief.Platform.Core.csproj".
   3:6>Project "/home/saidul/Desktop/K-Chief Marine Automation Platform/tests/KChief.Platform.Tests/KChief.Platform.Tests.csproj" (3:6) is building "/home/saidul/Desktop/K-Chief Marine Automation Platform/src/KChief.Protocols.OPC/KChief.Protocols.OPC.csproj" (5:8) on node 3 (GetTargetFrameworks target(s)).
   5:8>Target "GetTargetFrameworksWithPlatformForSingleTargetFramework" in file "/usr/share/dotnet/sdk/8.0.415/Microsoft.Common.CurrentVersion.targets" from project "/home/saidul/Desktop/K-Chief Marine Automation Platform/src/KChief.Protocols.OPC/KChief.Protocols.OPC.csproj" (target "GetTargetFrameworks" depends on it):
   5:8>Using "CombineTargetFrameworkInfoProperties" task from assembly "Microsoft.Build.Tasks.Core, Version=15.1.0.0, Culture=neutral, PublicKeyToken=b03f5f7f11d50a3a".
       Task "CombineTargetFrameworkInfoProperties"
       Done executing task "CombineTargetFrameworkInfoProperties".
   7:8>Done executing task "CombineTargetFrameworkInfoProperties".
 10:13>Target "ProcessFrameworkReferences" skipped. Previously built successfully.
   7:8>Done building target "GetTargetFrameworksWithPlatformForSingleTargetFramework" in project "KChief.AlarmSystem.csproj".
 10:13>Target "_DefaultMicrosoftNETPlatformLibrary" in file "/usr/share/dotnet/sdk/8.0.415/Sdks/Microsoft.NET.Sdk/targets/Microsoft.NET.Sdk.Shared.targets" from project "/home/saidul/Desktop/K-Chief Marine Automation Platform/src/KChief.Platform.Core/KChief.Platform.Core.csproj" (target "ResolvePackageAssets" depends on it):
 10:13>Done building target "_DefaultMicrosoftNETPlatformLibrary" in project "KChief.Platform.Core.csproj".
   5:8>Done building target "GetTargetFrameworksWithPlatformForSingleTargetFramework" in project "KChief.Protocols.OPC.csproj".
   7:8>Target "GetTargetFrameworks" in file "/usr/share/dotnet/sdk/8.0.415/Microsoft.Common.CurrentVersion.targets" from project "/home/saidul/Desktop/K-Chief Marine Automation Platform/src/KChief.AlarmSystem/KChief.AlarmSystem.csproj" (entry point):
   7:8>Task "Error" skipped, due to false condition; ('$(IsCrossTargetingBuild)' == 'true') was evaluated as ('' == 'true').
       Using "CombineXmlElements" task from assembly "Microsoft.Build.Tasks.Core, Version=15.1.0.0, Culture=neutral, PublicKeyToken=b03f5f7f11d50a3a".
       Task "CombineXmlElements"
       Done executing task "CombineXmlElements".
   7:8>Done building target "GetTargetFrameworks" in project "KChief.AlarmSystem.csproj".
   7:8>Done Building Project "/home/saidul/Desktop/K-Chief Marine Automation Platform/src/KChief.AlarmSystem/KChief.AlarmSystem.csproj" (GetTargetFrameworks target(s)).
 10:13>Target "_ComputePackageReferencePublish" in file "/usr/share/dotnet/sdk/8.0.415/Sdks/Microsoft.NET.Sdk/targets/Microsoft.NET.Sdk.Shared.targets" from project "/home/saidul/Desktop/K-Chief Marine Automation Platform/src/KChief.Platform.Core/KChief.Platform.Core.csproj" (target "ResolvePackageAssets" depends on it):
 10:13>Done building target "_ComputePackageReferencePublish" in project "KChief.Platform.Core.csproj".
       Target "_ResolveCompilerVersion" skipped, due to false condition; ('$(CompilerApiVersion)' == '' And
                            ('$(Language)' == 'C#' Or '$(Language)' == 'VB') And
                            Exists('$(RoslynTargetsPath)\Microsoft.Build.Tasks.CodeAnalysis.dll')) was evaluated as ('roslyn4.11' == '' And
                            ('C#' == 'C#' Or 'C#' == 'VB') And
                            Exists('/usr/share/dotnet/sdk/8.0.415/Roslyn\Microsoft.Build.Tasks.CodeAnalysis.dll')).
   4:8>Done executing task "CombineTargetFrameworkInfoProperties".
   4:8>Done building target "GetTargetFrameworksWithPlatformForSingleTargetFramework" in project "KChief.Protocols.Modbus.csproj".
   5:8>Target "GetTargetFrameworks" in file "/usr/share/dotnet/sdk/8.0.415/Microsoft.Common.CurrentVersion.targets" from project "/home/saidul/Desktop/K-Chief Marine Automation Platform/src/KChief.Protocols.OPC/KChief.Protocols.OPC.csproj" (entry point):
   5:8>Task "Error" skipped, due to false condition; ('$(IsCrossTargetingBuild)' == 'true') was evaluated as ('' == 'true').
   4:8>Target "GetTargetFrameworks" in file "/usr/share/dotnet/sdk/8.0.415/Microsoft.Common.CurrentVersion.targets" from project "/home/saidul/Desktop/K-Chief Marine Automation Platform/src/KChief.Protocols.Modbus/KChief.Protocols.Modbus.csproj" (entry point):
   4:8>Task "Error" skipped, due to false condition; ('$(IsCrossTargetingBuild)' == 'true') was evaluated as ('' == 'true').
       Using "CombineXmlElements" task from assembly "Microsoft.Build.Tasks.Core, Version=15.1.0.0, Culture=neutral, PublicKeyToken=b03f5f7f11d50a3a".
   5:8>GetTargetFrameworks:
       Using "CombineXmlElements" task from assembly "Microsoft.Build.Tasks.Core, Version=15.1.0.0, Culture=neutral, PublicKeyToken=b03f5f7f11d50a3a".
   4:8>Task "CombineXmlElements"
   5:8>Task "CombineXmlElements"
   4:8>Done executing task "CombineXmlElements".
   4:8>Done building target "GetTargetFrameworks" in project "KChief.Protocols.Modbus.csproj".
   5:8>Done executing task "CombineXmlElements".
   4:8>Done Building Project "/home/saidul/Desktop/K-Chief Marine Automation Platform/src/KChief.Protocols.Modbus/KChief.Protocols.Modbus.csproj" (GetTargetFrameworks target(s)).
   5:8>Done building target "GetTargetFrameworks" in project "KChief.Protocols.OPC.csproj".
   5:8>Done Building Project "/home/saidul/Desktop/K-Chief Marine Automation Platform/src/KChief.Protocols.OPC/KChief.Protocols.OPC.csproj" (GetTargetFrameworks target(s)).
   9:8>Done executing task "ResolvePackageAssets".
   9:8>Done building target "ResolvePackageAssets" in project "KChief.Platform.API.csproj".
       Target "AdjustDefaultPlatformTargetForNetFrameworkExeWithNoNativeCopyLocalItems" skipped, due to false condition; ('$(_UsingDefaultPlatformTarget)' == 'true' and
                            '$(_UsingDefaultRuntimeIdentifier)' == 'true') was evaluated as ('true' == 'true' and
                            '' == 'true').
   9:8>Target "_CheckForTransitiveWindowsDesktopDependencies" in file "/usr/share/dotnet/sdk/8.0.415/Sdks/Microsoft.NET.Sdk/targets/Microsoft.NET.Sdk.DefaultItems.Shared.targets" from project "/home/saidul/Desktop/K-Chief Marine Automation Platform/src/KChief.Platform.API/KChief.Platform.API.csproj" (target "ResolveLockFileReferences" depends on it):
       Task "NetSdkError" skipped, due to false condition; ('@(_WindowsDesktopTransitiveFrameworkReference)' != '') was evaluated as ('' != '').
   9:8>Done building target "_CheckForTransitiveWindowsDesktopDependencies" in project "KChief.Platform.API.csproj".
   9:8>Target "AddTransitiveFrameworkReferences" in file "/usr/share/dotnet/sdk/8.0.415/Sdks/Microsoft.NET.Sdk/targets/Microsoft.NET.Sdk.FrameworkReferenceResolution.targets" from project "/home/saidul/Desktop/K-Chief Marine Automation Platform/src/KChief.Platform.API/KChief.Platform.API.csproj" (target "ResolveLockFileReferences" depends on it):
   9:8>Done building target "AddTransitiveFrameworkReferences" in project "KChief.Platform.API.csproj".
 10:13>Target "ResolvePackageAssets" in file "/usr/share/dotnet/sdk/8.0.415/Sdks/Microsoft.NET.Sdk/targets/Microsoft.PackageDependencyResolution.targets" from project "/home/saidul/Desktop/K-Chief Marine Automation Platform/src/KChief.Platform.Core/KChief.Platform.Core.csproj" (target "ResolveLockFileReferences" depends on it):
 10:13>Using "ResolvePackageAssets" task from assembly "/usr/share/dotnet/sdk/8.0.415/Sdks/Microsoft.NET.Sdk/targets/../tools/net8.0/Microsoft.NET.Build.Tasks.dll".
       Task "ResolvePackageAssets"
   9:8>Target "ResolveLockFileReferences" in file "/usr/share/dotnet/sdk/8.0.415/Sdks/Microsoft.NET.Sdk/targets/Microsoft.PackageDependencyResolution.targets" from project "/home/saidul/Desktop/K-Chief Marine Automation Platform/src/KChief.Platform.API/KChief.Platform.API.csproj" (target "ResolvePackageDependenciesForBuild" depends on it):
   9:8>Using "JoinItems" task from assembly "/usr/share/dotnet/sdk/8.0.415/Sdks/Microsoft.NET.Sdk/targets/../tools/net8.0/Microsoft.NET.Build.Tasks.dll".
       Task "JoinItems"
       Done executing task "JoinItems".
   9:8>Done building target "ResolveLockFileReferences" in project "KChief.Platform.API.csproj".
       Target "ResolvePackageAssets" skipped. Previously built successfully.
   9:8>Target "ResolveLockFileAnalyzers" in file "/usr/share/dotnet/sdk/8.0.415/Sdks/Microsoft.NET.Sdk/targets/Microsoft.PackageDependencyResolution.targets" from project "/home/saidul/Desktop/K-Chief Marine Automation Platform/src/KChief.Platform.API/KChief.Platform.API.csproj" (target "ResolvePackageDependenciesForBuild" depends on it):
   9:8>Done building target "ResolveLockFileAnalyzers" in project "KChief.Platform.API.csproj".
       Target "ResolvePackageAssets" skipped. Previously built successfully.
       Target "RunProduceContentAssets" skipped, due to false condition; ('@(_ContentFilesToPreprocess)' != '' and '$(_CleaningWithoutRebuilding)' != 'true') was evaluated as ('' != '' and '' != 'true').
   9:8>Target "ResolveLockFileCopyLocalFiles" in file "/usr/share/dotnet/sdk/8.0.415/Sdks/Microsoft.NET.Sdk/targets/Microsoft.PackageDependencyResolution.targets" from project "/home/saidul/Desktop/K-Chief Marine Automation Platform/src/KChief.Platform.API/KChief.Platform.API.csproj" (target "ResolvePackageDependenciesForBuild" depends on it):
   9:8>Done building target "ResolveLockFileCopyLocalFiles" in project "KChief.Platform.API.csproj".
       Target "ResolveRuntimePackAssets" skipped, due to false condition; ('@(RuntimePack)' != '') was evaluated as ('' != '').
       Target "RunProduceContentAssets" skipped, due to false condition; ('@(_ContentFilesToPreprocess)' != '' and '$(_CleaningWithoutRebuilding)' != 'true') was evaluated as ('' != '' and '' != 'true').
       Target "ResolvePackageAssets" skipped. Previously built successfully.
   9:8>Target "IncludeTransitiveProjectReferences" in file "/usr/share/dotnet/sdk/8.0.415/Sdks/Microsoft.NET.Sdk/targets/Microsoft.PackageDependencyResolution.targets" from project "/home/saidul/Desktop/K-Chief Marine Automation Platform/src/KChief.Platform.API/KChief.Platform.API.csproj" (target "ResolvePackageDependenciesForBuild" depends on it):
   9:8>Done building target "IncludeTransitiveProjectReferences" in project "KChief.Platform.API.csproj".
   9:8>Target "ResolvePackageDependenciesForBuild" in file "/usr/share/dotnet/sdk/8.0.415/Sdks/Microsoft.NET.Sdk/targets/Microsoft.PackageDependencyResolution.targets" from project "/home/saidul/Desktop/K-Chief Marine Automation Platform/src/KChief.Platform.API/KChief.Platform.API.csproj" (target "AssignProjectConfiguration" depends on it):
   9:8>Done building target "ResolvePackageDependenciesForBuild" in project "KChief.Platform.API.csproj".
       Target "_System_Text_JsonAnalyzerMultiTargeting" skipped, due to false condition; ('$(SupportsRoslynComponentVersioning)' != 'true') was evaluated as ('true' != 'true').
       Target "_System_Text_JsonRemoveAnalyzers" skipped, due to false condition; ('$(DisableSystemTextJsonSourceGenerator)' == 'true') was evaluated as ('' == 'true').
       Target "_Microsoft_Extensions_Logging_AbstractionsAnalyzerMultiTargeting" skipped, due to false condition; ('$(SupportsRoslynComponentVersioning)' != 'true') was evaluated as ('true' != 'true').
       Target "_Microsoft_Extensions_Logging_AbstractionsRemoveAnalyzers" skipped, due to false condition; ('$(DisableMicrosoftExtensionsLoggingSourceGenerator)' == 'true') was evaluated as ('' == 'true').
   9:8>Target "_Microsoft_Extensions_Configuration_Binder_RemoveAnalyzer" in file "/home/saidul/.nuget/packages/microsoft.extensions.configuration.binder/8.0.0/buildTransitive/netstandard2.0/Microsoft.Extensions.Configuration.Binder.targets" from project "/home/saidul/Desktop/K-Chief Marine Automation Platform/src/KChief.Platform.API/KChief.Platform.API.csproj" (target "AssignProjectConfiguration" depends on it):
   9:8>Done building target "_Microsoft_Extensions_Configuration_Binder_RemoveAnalyzer" in project "KChief.Platform.API.csproj".
       Target "_Microsoft_Extensions_OptionsAnalyzerMultiTargeting" skipped, due to false condition; ('$(SupportsRoslynComponentVersioning)' != 'true') was evaluated as ('true' != 'true').
       Target "_Microsoft_Extensions_OptionsRemoveAnalyzers" skipped, due to false condition; ('$(DisableMicrosoftExtensionsOptionsSourceGenerator)' == 'true') was evaluated as ('' == 'true').
   9:8>Target "AssignProjectConfiguration" in file "/usr/share/dotnet/sdk/8.0.415/Microsoft.Common.CurrentVersion.targets" from project "/home/saidul/Desktop/K-Chief Marine Automation Platform/src/KChief.Platform.API/KChief.Platform.API.csproj" (target "ResolveReferences" depends on it):
       Using "AssignProjectConfiguration" task from assembly "Microsoft.Build.Tasks.Core, Version=15.1.0.0, Culture=neutral, PublicKeyToken=b03f5f7f11d50a3a".
       Task "AssignProjectConfiguration"
         Project reference "../KChief.Platform.Core/KChief.Platform.Core.csproj" has been assigned the "Release|AnyCPU" configuration.
         Project reference "../KChief.DataAccess/KChief.DataAccess.csproj" has been assigned the "Release|AnyCPU" configuration.
         Project reference "../KChief.VesselControl/KChief.VesselControl.csproj" has been assigned the "Release|AnyCPU" configuration.
         Project reference "../KChief.AlarmSystem/KChief.AlarmSystem.csproj" has been assigned the "Release|AnyCPU" configuration.
         Project reference "../KChief.Protocols.OPC/KChief.Protocols.OPC.csproj" has been assigned the "Release|AnyCPU" configuration.
         Project reference "../KChief.Protocols.Modbus/KChief.Protocols.Modbus.csproj" has been assigned the "Release|AnyCPU" configuration.
       Done executing task "AssignProjectConfiguration".
   9:8>Done building target "AssignProjectConfiguration" in project "KChief.Platform.API.csproj".
       Target "AssignProjectConfiguration" skipped. Previously built successfully.
   9:8>Target "_SplitProjectReferencesByFileExistence" in file "/usr/share/dotnet/sdk/8.0.415/Microsoft.Common.CurrentVersion.targets" from project "/home/saidul/Desktop/K-Chief Marine Automation Platform/src/KChief.Platform.API/KChief.Platform.API.csproj" (target "PrepareProjectReferences" depends on it):
       Task "ResolveNonMSBuildProjectOutput" skipped, due to false condition; ('$(BuildingInsideVisualStudio)'=='true' and '@(ProjectReferenceWithConfiguration)'!='') was evaluated as (''=='true' and '../KChief.Platform.Core/KChief.Platform.Core.csproj;../KChief.DataAccess/KChief.DataAccess.csproj;../KChief.VesselControl/KChief.VesselControl.csproj;...'!='').
   9:8>Done building target "_SplitProjectReferencesByFileExistence" in project "KChief.Platform.API.csproj".
   9:8>Target "_AddOutputPathToGlobalPropertiesToRemove" in file "/usr/share/dotnet/sdk/8.0.415/Microsoft.Common.CurrentVersion.targets" from project "/home/saidul/Desktop/K-Chief Marine Automation Platform/src/KChief.Platform.API/KChief.Platform.API.csproj" (target "_GetProjectReferenceTargetFrameworkProperties" depends on it):
   9:8>Done building target "_AddOutputPathToGlobalPropertiesToRemove" in project "KChief.Platform.API.csproj".
   9:8>Target "_GetProjectReferenceTargetFrameworkProperties" in file "/usr/share/dotnet/sdk/8.0.415/Microsoft.Common.CurrentVersion.targets" from project "/home/saidul/Desktop/K-Chief Marine Automation Platform/src/KChief.Platform.API/KChief.Platform.API.csproj" (target "PrepareProjectReferences" depends on it):
       Task "MSBuild"
         Global Properties:
           Configuration=Release
           Platform=AnyCPU
         Removing Properties:
           WebPublishProfileFile
           TargetFramework
           RuntimeIdentifier
           SelfContained
 10:13>Done executing task "ResolvePackageAssets".
 10:13>Done building target "ResolvePackageAssets" in project "KChief.Platform.Core.csproj".
       Target "AdjustDefaultPlatformTargetForNetFrameworkExeWithNoNativeCopyLocalItems" skipped, due to false condition; ('$(_UsingDefaultPlatformTarget)' == 'true' and
                            '$(_UsingDefaultRuntimeIdentifier)' == 'true') was evaluated as ('true' == 'true' and
                            '' == 'true').
       Target "_CheckForTransitiveWindowsDesktopDependencies" skipped, due to false condition; ('$(TargetFrameworkIdentifier)' == '.NETCoreApp' and $([MSBuild]::VersionGreaterThanOrEquals($(_TargetFrameworkVersionWithoutV), '5.0')) and '$(TargetPlatformIdentifier)' != 'Windows' and '@(TransitiveFrameworkReference)' != '') was evaluated as ('.NETCoreApp' == '.NETCoreApp' and True and '' != 'Windows' and '' != '').
       Target "AddTransitiveFrameworkReferences" skipped, due to false condition; ('@(TransitiveFrameworkReference)' != '') was evaluated as ('' != '').
 10:13>Target "ResolveLockFileReferences" in file "/usr/share/dotnet/sdk/8.0.415/Sdks/Microsoft.NET.Sdk/targets/Microsoft.PackageDependencyResolution.targets" from project "/home/saidul/Desktop/K-Chief Marine Automation Platform/src/KChief.Platform.Core/KChief.Platform.Core.csproj" (target "ResolvePackageDependenciesForBuild" depends on it):
       Using "JoinItems" task from assembly "/usr/share/dotnet/sdk/8.0.415/Sdks/Microsoft.NET.Sdk/targets/../tools/net8.0/Microsoft.NET.Build.Tasks.dll".
       Task "JoinItems"
   9:8>Project "/home/saidul/Desktop/K-Chief Marine Automation Platform/src/KChief.Platform.API/KChief.Platform.API.csproj" (9:8) is building "/home/saidul/Desktop/K-Chief Marine Automation Platform/src/KChief.DataAccess/KChief.DataAccess.csproj" (8:11) on node 6 (GetTargetFrameworks target(s)).
  8:11>Target "GetTargetFrameworks" skipped. Previously built successfully.
  8:11>Done Building Project "/home/saidul/Desktop/K-Chief Marine Automation Platform/src/KChief.DataAccess/KChief.DataAccess.csproj" (GetTargetFrameworks target(s)).
   9:8>Project "/home/saidul/Desktop/K-Chief Marine Automation Platform/src/KChief.Platform.API/KChief.Platform.API.csproj" (9:8) is building "/home/saidul/Desktop/K-Chief Marine Automation Platform/src/KChief.AlarmSystem/KChief.AlarmSystem.csproj" (7:9) on node 5 (GetTargetFrameworks target(s)).
   7:9>Target "GetTargetFrameworks" skipped. Previously built successfully.
   7:9>Done Building Project "/home/saidul/Desktop/K-Chief Marine Automation Platform/src/KChief.AlarmSystem/KChief.AlarmSystem.csproj" (GetTargetFrameworks target(s)).
   9:8>Project "/home/saidul/Desktop/K-Chief Marine Automation Platform/src/KChief.Platform.API/KChief.Platform.API.csproj" (9:8) is building "/home/saidul/Desktop/K-Chief Marine Automation Platform/src/KChief.Protocols.OPC/KChief.Protocols.OPC.csproj" (5:9) on node 3 (GetTargetFrameworks target(s)).
   5:9>Target "GetTargetFrameworks" skipped. Previously built successfully.
   5:9>Done Building Project "/home/saidul/Desktop/K-Chief Marine Automation Platform/src/KChief.Protocols.OPC/KChief.Protocols.OPC.csproj" (GetTargetFrameworks target(s)).
   9:8>Project "/home/saidul/Desktop/K-Chief Marine Automation Platform/src/KChief.Platform.API/KChief.Platform.API.csproj" (9:8) is building "/home/saidul/Desktop/K-Chief Marine Automation Platform/src/KChief.Protocols.Modbus/KChief.Protocols.Modbus.csproj" (4:9) on node 8 (GetTargetFrameworks target(s)).
   4:9>Target "GetTargetFrameworks" skipped. Previously built successfully.
   4:9>Done Building Project "/home/saidul/Desktop/K-Chief Marine Automation Platform/src/KChief.Protocols.Modbus/KChief.Protocols.Modbus.csproj" (GetTargetFrameworks target(s)).
 10:13>Done executing task "JoinItems".
 10:13>Done building target "ResolveLockFileReferences" in project "KChief.Platform.Core.csproj".
       Target "ResolvePackageAssets" skipped. Previously built successfully.
 10:13>Target "ResolveLockFileAnalyzers" in file "/usr/share/dotnet/sdk/8.0.415/Sdks/Microsoft.NET.Sdk/targets/Microsoft.PackageDependencyResolution.targets" from project "/home/saidul/Desktop/K-Chief Marine Automation Platform/src/KChief.Platform.Core/KChief.Platform.Core.csproj" (target "ResolvePackageDependenciesForBuild" depends on it):
 10:13>Done building target "ResolveLockFileAnalyzers" in project "KChief.Platform.Core.csproj".
       Target "ResolvePackageAssets" skipped. Previously built successfully.
       Target "RunProduceContentAssets" skipped, due to false condition; ('@(_ContentFilesToPreprocess)' != '' and '$(_CleaningWithoutRebuilding)' != 'true') was evaluated as ('' != '' and '' != 'true').
 10:13>Target "ResolveLockFileCopyLocalFiles" in file "/usr/share/dotnet/sdk/8.0.415/Sdks/Microsoft.NET.Sdk/targets/Microsoft.PackageDependencyResolution.targets" from project "/home/saidul/Desktop/K-Chief Marine Automation Platform/src/KChief.Platform.Core/KChief.Platform.Core.csproj" (target "ResolvePackageDependenciesForBuild" depends on it):
 10:13>Done building target "ResolveLockFileCopyLocalFiles" in project "KChief.Platform.Core.csproj".
       Target "ResolveRuntimePackAssets" skipped, due to false condition; ('@(RuntimePack)' != '') was evaluated as ('' != '').
       Target "RunProduceContentAssets" skipped, due to false condition; ('@(_ContentFilesToPreprocess)' != '' and '$(_CleaningWithoutRebuilding)' != 'true') was evaluated as ('' != '' and '' != 'true').
       Target "ResolvePackageAssets" skipped. Previously built successfully.
   3:6>Project "/home/saidul/Desktop/K-Chief Marine Automation Platform/tests/KChief.Platform.Tests/KChief.Platform.Tests.csproj" (3:6) is building "/home/saidul/Desktop/K-Chief Marine Automation Platform/src/KChief.Platform.API/KChief.Platform.API.csproj" (9:9) on node 7 (GetTargetFrameworks target(s)).
   9:9>Target "NETStandardCompatError_Microsoft_Extensions_Configuration_Binder" skipped. Previously built successfully.
 10:13>Target "IncludeTransitiveProjectReferences" in file "/usr/share/dotnet/sdk/8.0.415/Sdks/Microsoft.NET.Sdk/targets/Microsoft.PackageDependencyResolution.targets" from project "/home/saidul/Desktop/K-Chief Marine Automation Platform/src/KChief.Platform.Core/KChief.Platform.Core.csproj" (target "ResolvePackageDependenciesForBuild" depends on it):
 10:13>Done building target "IncludeTransitiveProjectReferences" in project "KChief.Platform.Core.csproj".
 10:13>Target "ResolvePackageDependenciesForBuild" in file "/usr/share/dotnet/sdk/8.0.415/Sdks/Microsoft.NET.Sdk/targets/Microsoft.PackageDependencyResolution.targets" from project "/home/saidul/Desktop/K-Chief Marine Automation Platform/src/KChief.Platform.Core/KChief.Platform.Core.csproj" (target "AssignProjectConfiguration" depends on it):
 10:13>Done building target "ResolvePackageDependenciesForBuild" in project "KChief.Platform.Core.csproj".
       Target "_Microsoft_Extensions_OptionsAnalyzerMultiTargeting" skipped, due to false condition; ('$(SupportsRoslynComponentVersioning)' != 'true') was evaluated as ('true' != 'true').
       Target "_Microsoft_Extensions_OptionsRemoveAnalyzers" skipped, due to false condition; ('$(DisableMicrosoftExtensionsOptionsSourceGenerator)' == 'true') was evaluated as ('' == 'true').
       Target "_Microsoft_Extensions_Logging_AbstractionsAnalyzerMultiTargeting" skipped, due to false condition; ('$(SupportsRoslynComponentVersioning)' != 'true') was evaluated as ('true' != 'true').
       Target "_Microsoft_Extensions_Logging_AbstractionsRemoveAnalyzers" skipped, due to false condition; ('$(DisableMicrosoftExtensionsLoggingSourceGenerator)' == 'true') was evaluated as ('' == 'true').
   9:9>Target "GetTargetFrameworksWithPlatformForSingleTargetFramework" in file "/usr/share/dotnet/sdk/8.0.415/Microsoft.Common.CurrentVersion.targets" from project "/home/saidul/Desktop/K-Chief Marine Automation Platform/src/KChief.Platform.API/KChief.Platform.API.csproj" (target "GetTargetFrameworks" depends on it):
   9:9>Using "CombineTargetFrameworkInfoProperties" task from assembly "Microsoft.Build.Tasks.Core, Version=15.1.0.0, Culture=neutral, PublicKeyToken=b03f5f7f11d50a3a".
       Task "CombineTargetFrameworkInfoProperties"
 10:13>Target "AssignProjectConfiguration" in file "/usr/share/dotnet/sdk/8.0.415/Microsoft.Common.CurrentVersion.targets" from project "/home/saidul/Desktop/K-Chief Marine Automation Platform/src/KChief.Platform.Core/KChief.Platform.Core.csproj" (target "ResolveReferences" depends on it):
 10:13>Using "AssignProjectConfiguration" task from assembly "Microsoft.Build.Tasks.Core, Version=15.1.0.0, Culture=neutral, PublicKeyToken=b03f5f7f11d50a3a".
       Task "AssignProjectConfiguration"
   9:9>Done executing task "CombineTargetFrameworkInfoProperties".
   9:9>Done building target "GetTargetFrameworksWithPlatformForSingleTargetFramework" in project "KChief.Platform.API.csproj".
   9:9>Target "GetTargetFrameworks" in file "/usr/share/dotnet/sdk/8.0.415/Microsoft.Common.CurrentVersion.targets" from project "/home/saidul/Desktop/K-Chief Marine Automation Platform/src/KChief.Platform.API/KChief.Platform.API.csproj" (entry point):
       Task "Error" skipped, due to false condition; ('$(IsCrossTargetingBuild)' == 'true') was evaluated as ('' == 'true').
       Using "CombineXmlElements" task from assembly "Microsoft.Build.Tasks.Core, Version=15.1.0.0, Culture=neutral, PublicKeyToken=b03f5f7f11d50a3a".
       Task "CombineXmlElements"
       Done executing task "CombineXmlElements".
 10:13>Done executing task "AssignProjectConfiguration".
 10:13>Done building target "AssignProjectConfiguration" in project "KChief.Platform.Core.csproj".
   9:9>Done building target "GetTargetFrameworks" in project "KChief.Platform.API.csproj".
 10:13>Target "AssignProjectConfiguration" skipped. Previously built successfully.
   9:9>Done Building Project "/home/saidul/Desktop/K-Chief Marine Automation Platform/src/KChief.Platform.API/KChief.Platform.API.csproj" (GetTargetFrameworks target(s)).
 10:13>Target "_SplitProjectReferencesByFileExistence" in file "/usr/share/dotnet/sdk/8.0.415/Microsoft.Common.CurrentVersion.targets" from project "/home/saidul/Desktop/K-Chief Marine Automation Platform/src/KChief.Platform.Core/KChief.Platform.Core.csproj" (target "PrepareProjectReferences" depends on it):
 10:13>Task "ResolveNonMSBuildProjectOutput" skipped, due to false condition; ('$(BuildingInsideVisualStudio)'=='true' and '@(ProjectReferenceWithConfiguration)'!='') was evaluated as (''=='true' and ''!='').
 10:13>Done building target "_SplitProjectReferencesByFileExistence" in project "KChief.Platform.Core.csproj".
 10:13>Target "_AddOutputPathToGlobalPropertiesToRemove" in file "/usr/share/dotnet/sdk/8.0.415/Microsoft.Common.CurrentVersion.targets" from project "/home/saidul/Desktop/K-Chief Marine Automation Platform/src/KChief.Platform.Core/KChief.Platform.Core.csproj" (target "_GetProjectReferenceTargetFrameworkProperties" depends on it):
 10:13>Done building target "_AddOutputPathToGlobalPropertiesToRemove" in project "KChief.Platform.Core.csproj".
 10:13>Target "_GetProjectReferenceTargetFrameworkProperties" in file "/usr/share/dotnet/sdk/8.0.415/Microsoft.Common.CurrentVersion.targets" from project "/home/saidul/Desktop/K-Chief Marine Automation Platform/src/KChief.Platform.Core/KChief.Platform.Core.csproj" (target "PrepareProjectReferences" depends on it):
       Task "MSBuild"
       Done executing task "MSBuild".
       Task "MSBuild" skipped, due to false condition; ('%(_MSBuildProjectReferenceExistent.SkipGetTargetFrameworkProperties)' != 'true' and '$(EnableDynamicPlatformResolution)' == 'true') was evaluated as ('' != 'true' and '' == 'true').
   2:9>Done executing task "CombineTargetFrameworkInfoProperties".
   2:9>Done building target "GetTargetFrameworksWithPlatformForSingleTargetFramework" in project "KChief.VesselControl.csproj".
   2:9>Target "GetTargetFrameworks" in file "/usr/share/dotnet/sdk/8.0.415/Microsoft.Common.CurrentVersion.targets" from project "/home/saidul/Desktop/K-Chief Marine Automation Platform/src/KChief.VesselControl/KChief.VesselControl.csproj" (entry point):
       Task "Error" skipped, due to false condition; ('$(IsCrossTargetingBuild)' == 'true') was evaluated as ('' == 'true').
       Using "CombineXmlElements" task from assembly "Microsoft.Build.Tasks.Core, Version=15.1.0.0, Culture=neutral, PublicKeyToken=b03f5f7f11d50a3a".
       Task "CombineXmlElements"
       Done executing task "CombineXmlElements".
   2:9>Done building target "GetTargetFrameworks" in project "KChief.VesselControl.csproj".
   2:9>Done Building Project "/home/saidul/Desktop/K-Chief Marine Automation Platform/src/KChief.VesselControl/KChief.VesselControl.csproj" (GetTargetFrameworks target(s)).
   9:8>Project "/home/saidul/Desktop/K-Chief Marine Automation Platform/src/KChief.Platform.API/KChief.Platform.API.csproj" (9:8) is building "/home/saidul/Desktop/K-Chief Marine Automation Platform/src/KChief.VesselControl/KChief.VesselControl.csproj" (2:10) on node 9 (GetTargetFrameworks target(s)).
  2:10>Target "GetTargetFrameworks" skipped. Previously built successfully.
  2:10>Done Building Project "/home/saidul/Desktop/K-Chief Marine Automation Platform/src/KChief.VesselControl/KChief.VesselControl.csproj" (GetTargetFrameworks target(s)).
   6:6>/home/saidul/Desktop/K-Chief Marine Automation Platform/tests/KChief.Integration.Tests/KChief.Integration.Tests.csproj : warning NU1603: KChief.Platform.API depends on Microsoft.Extensions.Caching.Memory (>= 8.0.11) but Microsoft.Extensions.Caching.Memory 8.0.11 was not found. An approximate best match of Microsoft.Extensions.Caching.Memory 9.0.0 was resolved.
   6:6>Done executing task "ResolvePackageAssets".
   6:6>Done building target "ResolvePackageAssets" in project "KChief.Integration.Tests.csproj".
       Target "AdjustDefaultPlatformTargetForNetFrameworkExeWithNoNativeCopyLocalItems" skipped, due to false condition; ('$(_UsingDefaultPlatformTarget)' == 'true' and
                            '$(_UsingDefaultRuntimeIdentifier)' == 'true') was evaluated as ('true' == 'true' and
                            '' == 'true').
   6:6>Target "_CheckForTransitiveWindowsDesktopDependencies" in file "/usr/share/dotnet/sdk/8.0.415/Sdks/Microsoft.NET.Sdk/targets/Microsoft.NET.Sdk.DefaultItems.Shared.targets" from project "/home/saidul/Desktop/K-Chief Marine Automation Platform/tests/KChief.Integration.Tests/KChief.Integration.Tests.csproj" (target "ResolveLockFileReferences" depends on it):
       Task "NetSdkError" skipped, due to false condition; ('@(_WindowsDesktopTransitiveFrameworkReference)' != '') was evaluated as ('' != '').
   6:6>Done building target "_CheckForTransitiveWindowsDesktopDependencies" in project "KChief.Integration.Tests.csproj".
   6:6>Target "AddTransitiveFrameworkReferences" in file "/usr/share/dotnet/sdk/8.0.415/Sdks/Microsoft.NET.Sdk/targets/Microsoft.NET.Sdk.FrameworkReferenceResolution.targets" from project "/home/saidul/Desktop/K-Chief Marine Automation Platform/tests/KChief.Integration.Tests/KChief.Integration.Tests.csproj" (target "ResolveLockFileReferences" depends on it):
   6:6>Done building target "AddTransitiveFrameworkReferences" in project "KChief.Integration.Tests.csproj".
   6:6>Target "ResolveLockFileReferences" in file "/usr/share/dotnet/sdk/8.0.415/Sdks/Microsoft.NET.Sdk/targets/Microsoft.PackageDependencyResolution.targets" from project "/home/saidul/Desktop/K-Chief Marine Automation Platform/tests/KChief.Integration.Tests/KChief.Integration.Tests.csproj" (target "ResolvePackageDependenciesForBuild" depends on it):
       Using "JoinItems" task from assembly "/usr/share/dotnet/sdk/8.0.415/Sdks/Microsoft.NET.Sdk/targets/../tools/net8.0/Microsoft.NET.Build.Tasks.dll".
       Task "JoinItems"
       Done executing task "JoinItems".
   6:6>Done building target "ResolveLockFileReferences" in project "KChief.Integration.Tests.csproj".
       Target "ResolvePackageAssets" skipped. Previously built successfully.
   6:6>Target "ResolveLockFileAnalyzers" in file "/usr/share/dotnet/sdk/8.0.415/Sdks/Microsoft.NET.Sdk/targets/Microsoft.PackageDependencyResolution.targets" from project "/home/saidul/Desktop/K-Chief Marine Automation Platform/tests/KChief.Integration.Tests/KChief.Integration.Tests.csproj" (target "ResolvePackageDependenciesForBuild" depends on it):
   6:6>Done building target "ResolveLockFileAnalyzers" in project "KChief.Integration.Tests.csproj".
       Target "ResolvePackageAssets" skipped. Previously built successfully.
       Target "RunProduceContentAssets" skipped, due to false condition; ('@(_ContentFilesToPreprocess)' != '' and '$(_CleaningWithoutRebuilding)' != 'true') was evaluated as ('' != '' and '' != 'true').
   6:6>Target "ResolveLockFileCopyLocalFiles" in file "/usr/share/dotnet/sdk/8.0.415/Sdks/Microsoft.NET.Sdk/targets/Microsoft.PackageDependencyResolution.targets" from project "/home/saidul/Desktop/K-Chief Marine Automation Platform/tests/KChief.Integration.Tests/KChief.Integration.Tests.csproj" (target "ResolvePackageDependenciesForBuild" depends on it):
   6:6>Done building target "ResolveLockFileCopyLocalFiles" in project "KChief.Integration.Tests.csproj".
       Target "ResolveRuntimePackAssets" skipped, due to false condition; ('@(RuntimePack)' != '') was evaluated as ('' != '').
       Target "RunProduceContentAssets" skipped, due to false condition; ('@(_ContentFilesToPreprocess)' != '' and '$(_CleaningWithoutRebuilding)' != 'true') was evaluated as ('' != '' and '' != 'true').
       Target "ResolvePackageAssets" skipped. Previously built successfully.
   6:6>Target "IncludeTransitiveProjectReferences" in file "/usr/share/dotnet/sdk/8.0.415/Sdks/Microsoft.NET.Sdk/targets/Microsoft.PackageDependencyResolution.targets" from project "/home/saidul/Desktop/K-Chief Marine Automation Platform/tests/KChief.Integration.Tests/KChief.Integration.Tests.csproj" (target "ResolvePackageDependenciesForBuild" depends on it):
   6:6>Done building target "IncludeTransitiveProjectReferences" in project "KChief.Integration.Tests.csproj".
   6:6>Target "ResolvePackageDependenciesForBuild" in file "/usr/share/dotnet/sdk/8.0.415/Sdks/Microsoft.NET.Sdk/targets/Microsoft.PackageDependencyResolution.targets" from project "/home/saidul/Desktop/K-Chief Marine Automation Platform/tests/KChief.Integration.Tests/KChief.Integration.Tests.csproj" (target "AssignProjectConfiguration" depends on it):
   6:6>Done building target "ResolvePackageDependenciesForBuild" in project "KChief.Integration.Tests.csproj".
       Target "_Microsoft_Extensions_Logging_AbstractionsAnalyzerMultiTargeting" skipped, due to false condition; ('$(SupportsRoslynComponentVersioning)' != 'true') was evaluated as ('true' != 'true').
       Target "_Microsoft_Extensions_Logging_AbstractionsRemoveAnalyzers" skipped, due to false condition; ('$(DisableMicrosoftExtensionsLoggingSourceGenerator)' == 'true') was evaluated as ('' == 'true').
   6:6>Target "_Microsoft_Extensions_Configuration_Binder_RemoveAnalyzer" in file "/home/saidul/.nuget/packages/microsoft.extensions.configuration.binder/8.0.2/buildTransitive/netstandard2.0/Microsoft.Extensions.Configuration.Binder.targets" from project "/home/saidul/Desktop/K-Chief Marine Automation Platform/tests/KChief.Integration.Tests/KChief.Integration.Tests.csproj" (target "AssignProjectConfiguration" depends on it):
   6:6>Done building target "_Microsoft_Extensions_Configuration_Binder_RemoveAnalyzer" in project "KChief.Integration.Tests.csproj".
       Target "_Microsoft_Extensions_OptionsAnalyzerMultiTargeting" skipped, due to false condition; ('$(SupportsRoslynComponentVersioning)' != 'true') was evaluated as ('true' != 'true').
       Target "_Microsoft_Extensions_OptionsRemoveAnalyzers" skipped, due to false condition; ('$(DisableMicrosoftExtensionsOptionsSourceGenerator)' == 'true') was evaluated as ('' == 'true').
   6:6>Target "AssignProjectConfiguration" in file "/usr/share/dotnet/sdk/8.0.415/Microsoft.Common.CurrentVersion.targets" from project "/home/saidul/Desktop/K-Chief Marine Automation Platform/tests/KChief.Integration.Tests/KChief.Integration.Tests.csproj" (target "ResolveReferences" depends on it):
       Using "AssignProjectConfiguration" task from assembly "Microsoft.Build.Tasks.Core, Version=15.1.0.0, Culture=neutral, PublicKeyToken=b03f5f7f11d50a3a".
       Task "AssignProjectConfiguration"
         Project reference "../../src/KChief.Platform.API/KChief.Platform.API.csproj" has been assigned the "Release|AnyCPU" configuration.
         Project reference "../../src/KChief.AlarmSystem/KChief.AlarmSystem.csproj" has been assigned the "Release|AnyCPU" configuration.
         Project reference "../../src/KChief.DataAccess/KChief.DataAccess.csproj" has been assigned the "Release|AnyCPU" configuration.
         Project reference "../../src/KChief.Platform.Core/KChief.Platform.Core.csproj" has been assigned the "Release|AnyCPU" configuration.
         Project reference "../../src/KChief.Protocols.Modbus/KChief.Protocols.Modbus.csproj" has been assigned the "Release|AnyCPU" configuration.
         Project reference "../../src/KChief.Protocols.OPC/KChief.Protocols.OPC.csproj" has been assigned the "Release|AnyCPU" configuration.
         Project reference "../../src/KChief.VesselControl/KChief.VesselControl.csproj" has been assigned the "Release|AnyCPU" configuration.
       Done executing task "AssignProjectConfiguration".
   6:6>Done building target "AssignProjectConfiguration" in project "KChief.Integration.Tests.csproj".
       Target "AssignProjectConfiguration" skipped. Previously built successfully.
   6:6>Target "_SplitProjectReferencesByFileExistence" in file "/usr/share/dotnet/sdk/8.0.415/Microsoft.Common.CurrentVersion.targets" from project "/home/saidul/Desktop/K-Chief Marine Automation Platform/tests/KChief.Integration.Tests/KChief.Integration.Tests.csproj" (target "PrepareProjectReferences" depends on it):
       Task "ResolveNonMSBuildProjectOutput" skipped, due to false condition; ('$(BuildingInsideVisualStudio)'=='true' and '@(ProjectReferenceWithConfiguration)'!='') was evaluated as (''=='true' and '../../src/KChief.Platform.API/KChief.Platform.API.csproj;../../src/KChief.AlarmSystem/KChief.AlarmSystem.csproj;../../src/KChief.DataAccess/KChief.DataAccess.csproj;...'!='').
   6:6>Done building target "_SplitProjectReferencesByFileExistence" in project "KChief.Integration.Tests.csproj".
   6:6>Target "_AddOutputPathToGlobalPropertiesToRemove" in file "/usr/share/dotnet/sdk/8.0.415/Microsoft.Common.CurrentVersion.targets" from project "/home/saidul/Desktop/K-Chief Marine Automation Platform/tests/KChief.Integration.Tests/KChief.Integration.Tests.csproj" (target "_GetProjectReferenceTargetFrameworkProperties" depends on it):
   6:6>Done building target "_AddOutputPathToGlobalPropertiesToRemove" in project "KChief.Integration.Tests.csproj".
   6:6>Target "_GetProjectReferenceTargetFrameworkProperties" in file "/usr/share/dotnet/sdk/8.0.415/Microsoft.Common.CurrentVersion.targets" from project "/home/saidul/Desktop/K-Chief Marine Automation Platform/tests/KChief.Integration.Tests/KChief.Integration.Tests.csproj" (target "PrepareProjectReferences" depends on it):
       Task "MSBuild"
         Global Properties:
           Configuration=Release
           Platform=AnyCPU
         Removing Properties:
           TargetFramework
           RuntimeIdentifier
           SelfContained
   6:6>Project "/home/saidul/Desktop/K-Chief Marine Automation Platform/tests/KChief.Integration.Tests/KChief.Integration.Tests.csproj" (6:6) is building "/home/saidul/Desktop/K-Chief Marine Automation Platform/src/KChief.Platform.API/KChief.Platform.API.csproj" (9:10) on node 7 (GetTargetFrameworks target(s)).
  9:10>Target "NETStandardCompatError_Microsoft_Extensions_Configuration_Binder" skipped. Previously built successfully.
       Target "GetTargetFrameworks" skipped. Previously built successfully.
  9:10>Done Building Project "/home/saidul/Desktop/K-Chief Marine Automation Platform/src/KChief.Platform.API/KChief.Platform.API.csproj" (GetTargetFrameworks target(s)).
   6:6>Project "/home/saidul/Desktop/K-Chief Marine Automation Platform/tests/KChief.Integration.Tests/KChief.Integration.Tests.csproj" (6:6) is building "/home/saidul/Desktop/K-Chief Marine Automation Platform/src/KChief.AlarmSystem/KChief.AlarmSystem.csproj" (7:10) on node 5 (GetTargetFrameworks target(s)).
  7:10>Target "GetTargetFrameworks" skipped. Previously built successfully.
  7:10>Done Building Project "/home/saidul/Desktop/K-Chief Marine Automation Platform/src/KChief.AlarmSystem/KChief.AlarmSystem.csproj" (GetTargetFrameworks target(s)).
   6:6>Project "/home/saidul/Desktop/K-Chief Marine Automation Platform/tests/KChief.Integration.Tests/KChief.Integration.Tests.csproj" (6:6) is building "/home/saidul/Desktop/K-Chief Marine Automation Platform/src/KChief.DataAccess/KChief.DataAccess.csproj" (8:12) on node 6 (GetTargetFrameworks target(s)).
  8:12>Target "GetTargetFrameworks" skipped. Previously built successfully.
  8:12>Done Building Project "/home/saidul/Desktop/K-Chief Marine Automation Platform/src/KChief.DataAccess/KChief.DataAccess.csproj" (GetTargetFrameworks target(s)).
   6:6>Project "/home/saidul/Desktop/K-Chief Marine Automation Platform/tests/KChief.Integration.Tests/KChief.Integration.Tests.csproj" (6:6) is building "/home/saidul/Desktop/K-Chief Marine Automation Platform/src/KChief.Protocols.Modbus/KChief.Protocols.Modbus.csproj" (4:10) on node 8 (GetTargetFrameworks target(s)).
  4:10>Target "GetTargetFrameworks" skipped. Previously built successfully.
  4:10>Done Building Project "/home/saidul/Desktop/K-Chief Marine Automation Platform/src/KChief.Protocols.Modbus/KChief.Protocols.Modbus.csproj" (GetTargetFrameworks target(s)).
   6:6>Project "/home/saidul/Desktop/K-Chief Marine Automation Platform/tests/KChief.Integration.Tests/KChief.Integration.Tests.csproj" (6:6) is building "/home/saidul/Desktop/K-Chief Marine Automation Platform/src/KChief.Protocols.OPC/KChief.Protocols.OPC.csproj" (5:10) on node 3 (GetTargetFrameworks target(s)).
  5:10>Target "GetTargetFrameworks" skipped. Previously built successfully.
  5:10>Done Building Project "/home/saidul/Desktop/K-Chief Marine Automation Platform/src/KChief.Protocols.OPC/KChief.Protocols.OPC.csproj" (GetTargetFrameworks target(s)).
   6:6>Project "/home/saidul/Desktop/K-Chief Marine Automation Platform/tests/KChief.Integration.Tests/KChief.Integration.Tests.csproj" (6:6) is building "/home/saidul/Desktop/K-Chief Marine Automation Platform/src/KChief.VesselControl/KChief.VesselControl.csproj" (2:11) on node 9 (GetTargetFrameworks target(s)).
  2:11>Target "GetTargetFrameworks" skipped. Previously built successfully.
  2:11>Done Building Project "/home/saidul/Desktop/K-Chief Marine Automation Platform/src/KChief.VesselControl/KChief.VesselControl.csproj" (GetTargetFrameworks target(s)).
 10:13>_GetProjectReferenceTargetFrameworkProperties:
       Task "GetReferenceNearestTargetFrameworkTask" skipped, due to false condition; ('@(_ProjectReferenceTargetFrameworkPossibilities)' != '' and '$(ReferringTargetFrameworkForProjectReferences)' != ''
                                                               And '$(GetReferenceNearestTargetFrameworkTaskSupportsTargetPlatformParameter)' == 'true' and '%(_ProjectReferenceTargetFrameworkPossibilities.IsVcxOrNativeProj)' != 'true') was evaluated as ('' != '' and '.NETCoreApp,Version=v8.0' != ''
                                                               And 'true' == 'true' and '' != 'true').
       Task "GetReferenceNearestTargetFrameworkTask" skipped, due to false condition; ('@(_ProjectReferenceTargetFrameworkPossibilities)' != '' and '$(ReferringTargetFrameworkForProjectReferences)' != ''
                                                               And '$(GetReferenceNearestTargetFrameworkTaskSupportsTargetPlatformParameter)' != 'true' and '%(_ProjectReferenceTargetFrameworkPossibilities.IsVcxOrNativeProj)' != 'true') was evaluated as ('' != '' and '.NETCoreApp,Version=v8.0' != ''
                                                               And 'true' != 'true' and '' != 'true').
       Using "SetRidAgnosticValueForProjects" task from assembly "Microsoft.Build.Tasks.Core, Version=15.1.0.0, Culture=neutral, PublicKeyToken=b03f5f7f11d50a3a".
       Task "SetRidAgnosticValueForProjects"
       Done executing task "SetRidAgnosticValueForProjects".
 10:13>Done building target "_GetProjectReferenceTargetFrameworkProperties" in project "KChief.Platform.Core.csproj".
 10:13>Target "ValidateExecutableReferences" in file "/usr/share/dotnet/sdk/8.0.415/Sdks/Microsoft.NET.Sdk/targets/Microsoft.NET.Sdk.targets" from project "/home/saidul/Desktop/K-Chief Marine Automation Platform/src/KChief.Platform.Core/KChief.Platform.Core.csproj" (target "PrepareProjectReferences" depends on it):
       Using "ValidateExecutableReferences" task from assembly "/usr/share/dotnet/sdk/8.0.415/Sdks/Microsoft.NET.Sdk/targets/../tools/net8.0/Microsoft.NET.Build.Tasks.dll".
       Task "ValidateExecutableReferences"
       Done executing task "ValidateExecutableReferences".
 10:13>Done building target "ValidateExecutableReferences" in project "KChief.Platform.Core.csproj".
       Target "_GetProjectReferencePlatformProperties" skipped, due to false condition; ('$(EnableDynamicPlatformResolution)' == 'true'
                            and '@(_MSBuildProjectReferenceExistent)' != '') was evaluated as ('' == 'true'
                            and '' != '').
 10:13>Target "PrepareProjectReferences" in file "/usr/share/dotnet/sdk/8.0.415/Microsoft.Common.CurrentVersion.targets" from project "/home/saidul/Desktop/K-Chief Marine Automation Platform/src/KChief.Platform.Core/KChief.Platform.Core.csproj" (target "ResolveProjectReferences" depends on it):
 10:13>Done building target "PrepareProjectReferences" in project "KChief.Platform.Core.csproj".
 10:13>Target "ResolveProjectReferences" in file "/usr/share/dotnet/sdk/8.0.415/Microsoft.Common.CurrentVersion.targets" from project "/home/saidul/Desktop/K-Chief Marine Automation Platform/src/KChief.Platform.Core/KChief.Platform.Core.csproj" (target "ResolveReferences" depends on it):
       Task "MSBuild" skipped, due to false condition; ('%(_MSBuildProjectReferenceExistent.BuildReference)' == 'true' and '@(ProjectReferenceWithConfiguration)' != '' and ('$(BuildingInsideVisualStudio)' == 'true' or '$(BuildProjectReferences)' != 'true') and '$(VisualStudioVersion)' != '10.0' and '@(_MSBuildProjectReferenceExistent)' != '') was evaluated as ('' == 'true' and '' != '' and ('' == 'true' or 'true' != 'true') and '17.0' != '10.0' and '' != '').
       Task "MSBuild" skipped, due to false condition; ('%(_MSBuildProjectReferenceExistent.BuildReference)' == 'true' and '@(ProjectReferenceWithConfiguration)' != '' and '$(BuildingInsideVisualStudio)' != 'true' and '$(BuildProjectReferences)' == 'true' and '@(_MSBuildProjectReferenceExistent)' != '') was evaluated as ('' == 'true' and '' != '' and '' != 'true' and 'true' == 'true' and '' != '').
       Task "MSBuild" skipped, due to false condition; ('%(_MSBuildProjectReferenceExistent.BuildReference)' == 'true' and '@(ProjectReferenceWithConfiguration)' != '' and '$(BuildingProject)' == 'true' and '@(_MSBuildProjectReferenceExistent)' != '') was evaluated as ('' == 'true' and '' != '' and 'true' == 'true' and '' != '').
       Task "Warning" skipped, due to false condition; ('@(ProjectReferenceWithConfiguration)' != '' and '@(_MSBuildProjectReferenceNonexistent)' != '') was evaluated as ('' != '' and '' != '').
 10:13>Done building target "ResolveProjectReferences" in project "KChief.Platform.Core.csproj".
       Target "FindInvalidProjectReferences" skipped, due to false condition; ('$(FindInvalidProjectReferences)' == 'true') was evaluated as ('' == 'true').
       Target "ResolveNativeReferences" skipped, due to false condition; ('@(NativeReference)'!='') was evaluated as (''!='').
       Target "ResolveProjectReferences" skipped. Previously built successfully.
       Target "FindInvalidProjectReferences" skipped, due to false condition; ('$(FindInvalidProjectReferences)' == 'true') was evaluated as ('' == 'true').
       Target "GetFrameworkPaths" skipped. Previously built successfully.
       Target "GetReferenceAssemblyPaths" skipped. Previously built successfully.
       Target "PrepareForBuild" skipped. Previously built successfully.
       Target "GetInstalledSDKLocations" skipped, due to false condition; ('@(SDKReference)' != '') was evaluated as ('' != '').
 10:13>Target "ResolveSDKReferences" in file "/usr/share/dotnet/sdk/8.0.415/Microsoft.Common.CurrentVersion.targets" from project "/home/saidul/Desktop/K-Chief Marine Automation Platform/src/KChief.Platform.Core/KChief.Platform.Core.csproj" (target "ResolveAssemblyReferences" depends on it):
       Task "ResolveSDKReference" skipped, due to false condition; ('@(SDKReference)'!='') was evaluated as (''!='').
 10:13>Done building target "ResolveSDKReferences" in project "KChief.Platform.Core.csproj".
       Target "ResolveSDKReferences" skipped. Previously built successfully.
 10:13>Target "ExpandSDKReferences" in file "/usr/share/dotnet/sdk/8.0.415/Microsoft.Common.CurrentVersion.targets" from project "/home/saidul/Desktop/K-Chief Marine Automation Platform/src/KChief.Platform.Core/KChief.Platform.Core.csproj" (target "ResolveAssemblyReferences" depends on it):
       Task "GetSDKReferenceFiles" skipped, due to false condition; ('@(ResolvedSDKReference)'!='') was evaluated as (''!='').
 10:13>Done building target "ExpandSDKReferences" in project "KChief.Platform.Core.csproj".
       Target "ResolvePackageDependenciesForBuild" skipped. Previously built successfully.
       Target "GetFrameworkPaths" skipped. Previously built successfully.
       Target "GetReferenceAssemblyPaths" skipped. Previously built successfully.
       Target "ProcessFrameworkReferences" skipped. Previously built successfully.
       Target "ResolvePackageAssets" skipped. Previously built successfully.
 10:13>Target "ResolveFrameworkReferences" in file "/usr/share/dotnet/sdk/8.0.415/Sdks/Microsoft.NET.Sdk/targets/Microsoft.NET.Sdk.FrameworkReferenceResolution.targets" from project "/home/saidul/Desktop/K-Chief Marine Automation Platform/src/KChief.Platform.Core/KChief.Platform.Core.csproj" (target "ResolveTargetingPackAssets" depends on it):
       Using "GetPackageDirectory" task from assembly "/usr/share/dotnet/sdk/8.0.415/Sdks/Microsoft.NET.Sdk/targets/../tools/net8.0/Microsoft.NET.Build.Tasks.dll".
       Task "GetPackageDirectory"
       Done executing task "GetPackageDirectory".
       Task "GetPackageDirectory"
       Done executing task "GetPackageDirectory".
       Task "GetPackageDirectory"
       Done executing task "GetPackageDirectory".
       Task "GetPackageDirectory"
       Done executing task "GetPackageDirectory".
       Task "GetPackageDirectory"
       Done executing task "GetPackageDirectory".
       Task "GetPackageDirectory"
       Done executing task "GetPackageDirectory".
       Task "GetPackageDirectory"
       Done executing task "GetPackageDirectory".
       Task "GetPackageDirectory"
       Done executing task "GetPackageDirectory".
       Task "GetPackageDirectory"
       Done executing task "GetPackageDirectory".
       Task "GetPackageDirectory"
       Done executing task "GetPackageDirectory".
       Using "ResolveFrameworkReferences" task from assembly "/usr/share/dotnet/sdk/8.0.415/Sdks/Microsoft.NET.Sdk/targets/../tools/net8.0/Microsoft.NET.Build.Tasks.dll".
       Task "ResolveFrameworkReferences"
       Done executing task "ResolveFrameworkReferences".
 10:13>Done building target "ResolveFrameworkReferences" in project "KChief.Platform.Core.csproj".
 10:13>Target "ResolveTargetingPackAssets" in file "/usr/share/dotnet/sdk/8.0.415/Sdks/Microsoft.NET.Sdk/targets/Microsoft.NET.Sdk.FrameworkReferenceResolution.targets" from project "/home/saidul/Desktop/K-Chief Marine Automation Platform/src/KChief.Platform.Core/KChief.Platform.Core.csproj" (target "_HandlePackageFileConflicts" depends on it):
       Using "ResolveTargetingPackAssets" task from assembly "/usr/share/dotnet/sdk/8.0.415/Sdks/Microsoft.NET.Sdk/targets/../tools/net8.0/Microsoft.NET.Build.Tasks.dll".
       Task "ResolveTargetingPackAssets"
       Done executing task "ResolveTargetingPackAssets".
 10:13>Done building target "ResolveTargetingPackAssets" in project "KChief.Platform.Core.csproj".
 10:13>Target "ResolveOffByDefaultAnalyzers" in file "/usr/share/dotnet/sdk/8.0.415/Sdks/Microsoft.NET.Sdk/targets/Microsoft.NET.Sdk.FrameworkReferenceResolution.targets" from project "/home/saidul/Desktop/K-Chief Marine Automation Platform/src/KChief.Platform.Core/KChief.Platform.Core.csproj" (target "_HandlePackageFileConflicts" depends on it):
 10:13>Done building target "ResolveOffByDefaultAnalyzers" in project "KChief.Platform.Core.csproj".
 10:13>Target "_HandlePackageFileConflicts" in file "/usr/share/dotnet/sdk/8.0.415/Sdks/Microsoft.NET.Sdk/targets/Microsoft.NET.ConflictResolution.targets" from project "/home/saidul/Desktop/K-Chief Marine Automation Platform/src/KChief.Platform.Core/KChief.Platform.Core.csproj" (target "ResolveAssemblyReferences" depends on it):
       Using "ResolvePackageFileConflicts" task from assembly "/usr/share/dotnet/sdk/8.0.415/Sdks/Microsoft.NET.Sdk/targets/../tools/net8.0/Microsoft.NET.Build.Tasks.dll".
       Task "ResolvePackageFileConflicts"
         Encountered conflict between 'Reference:/home/saidul/.nuget/packages/system.diagnostics.diagnosticsource/8.0.0/lib/net8.0/System.Diagnostics.DiagnosticSource.dll' and 'Reference:/usr/share/dotnet/packs/Microsoft.NETCore.App.Ref/8.0.21/ref/net8.0/System.Diagnostics.DiagnosticSource.dll'. Choosing 'Reference:/usr/share/dotnet/packs/Microsoft.NETCore.App.Ref/8.0.21/ref/net8.0/System.Diagnostics.DiagnosticSource.dll' because file version '8.0.2125.47513' is greater than '8.0.23.53103'.
         Encountered conflict between 'Reference:/home/saidul/.nuget/packages/system.text.encodings.web/4.5.0/lib/netstandard2.0/System.Text.Encodings.Web.dll' and 'Reference:/usr/share/dotnet/packs/Microsoft.NETCore.App.Ref/8.0.21/ref/net8.0/System.Text.Encodings.Web.dll'. Choosing 'Reference:/usr/share/dotnet/packs/Microsoft.NETCore.App.Ref/8.0.21/ref/net8.0/System.Text.Encodings.Web.dll' because AssemblyVersion '8.0.0.0' is greater than '4.0.3.0'.
         Encountered conflict between 'Platform:System.Diagnostics.DiagnosticSource.dll' and 'Runtime:/home/saidul/.nuget/packages/system.diagnostics.diagnosticsource/8.0.0/lib/net8.0/System.Diagnostics.DiagnosticSource.dll'. Choosing 'Platform:System.Diagnostics.DiagnosticSource.dll' because file version '8.0.2125.47513' is greater than '8.0.23.53103'.
         Encountered conflict between 'Platform:System.Text.Encodings.Web.dll' and 'Runtime:/home/saidul/.nuget/packages/system.text.encodings.web/4.5.0/lib/netstandard2.0/System.Text.Encodings.Web.dll'. Choosing 'Platform:System.Text.Encodings.Web.dll' because AssemblyVersion '8.0.0.0' is greater than '4.0.3.0'.
         Encountered conflict between 'Platform:mscorlib.dll' and 'Platform:mscorlib.dll'. Could not determine winner due to equal file and assembly versions.
         Encountered conflict between 'Platform:Microsoft.VisualBasic.dll' and 'Platform:Microsoft.VisualBasic.dll'. Could not determine winner due to equal file and assembly versions.
         Encountered conflict between 'Platform:System.dll' and 'Platform:System.dll'. Could not determine winner due to equal file and assembly versions.
         Encountered conflict between 'Platform:System.ComponentModel.DataAnnotations.dll' and 'Platform:System.ComponentModel.DataAnnotations.dll'. Could not determine winner due to equal file and assembly versions.
         Encountered conflict between 'Platform:System.Configuration.dll' and 'Platform:System.Configuration.dll'. Could not determine winner due to equal file and assembly versions.
         Encountered conflict between 'Platform:System.Core.dll' and 'Platform:System.Core.dll'. Could not determine winner due to equal file and assembly versions.
         Encountered conflict between 'Platform:System.Data.dll' and 'Platform:System.Data.dll'. Could not determine winner due to equal file and assembly versions.
         Encountered conflict between 'Platform:System.Drawing.dll' and 'Platform:System.Drawing.dll'. Could not determine winner due to equal file and assembly versions.
         Encountered conflict between 'Platform:System.IO.Compression.FileSystem.dll' and 'Platform:System.IO.Compression.FileSystem.dll'. Could not determine winner due to equal file and assembly versions.
         Encountered conflict between 'Platform:System.Net.dll' and 'Platform:System.Net.dll'. Could not determine winner due to equal file and assembly versions.
         Encountered conflict between 'Platform:System.Numerics.dll' and 'Platform:System.Numerics.dll'. Could not determine winner due to equal file and assembly versions.
         Encountered conflict between 'Platform:System.Runtime.Serialization.dll' and 'Platform:System.Runtime.Serialization.dll'. Could not determine winner due to equal file and assembly versions.
         Encountered conflict between 'Platform:System.Security.dll' and 'Platform:System.Security.dll'. Could not determine winner due to equal file and assembly versions.
         Encountered conflict between 'Platform:System.ServiceProcess.dll' and 'Platform:System.ServiceProcess.dll'. Could not determine winner due to equal file and assembly versions.
         Encountered conflict between 'Platform:System.ServiceModel.Web.dll' and 'Platform:System.ServiceModel.Web.dll'. Could not determine winner due to equal file and assembly versions.
         Encountered conflict between 'Platform:System.Transactions.dll' and 'Platform:System.Transactions.dll'. Could not determine winner due to equal file and assembly versions.
         Encountered conflict between 'Platform:System.Web.dll' and 'Platform:System.Web.dll'. Could not determine winner due to equal file and assembly versions.
         Encountered conflict between 'Platform:System.Windows.dll' and 'Platform:System.Windows.dll'. Could not determine winner due to equal file and assembly versions.
         Encountered conflict between 'Platform:System.Xml.dll' and 'Platform:System.Xml.dll'. Could not determine winner due to equal file and assembly versions.
         Encountered conflict between 'Platform:System.Xml.Serialization.dll' and 'Platform:System.Xml.Serialization.dll'. Could not determine winner due to equal file and assembly versions.
         Encountered conflict between 'Platform:System.Xml.Linq.dll' and 'Platform:System.Xml.Linq.dll'. Could not determine winner due to equal file and assembly versions.
         Encountered conflict between 'Platform:WindowsBase.dll' and 'Platform:WindowsBase.dll'. Could not determine winner due to equal file and assembly versions.
         Encountered conflict between 'Platform:netstandard.dll' and 'Platform:netstandard.dll'. Could not determine winner due to equal file and assembly versions.
         Encountered conflict between 'Platform:System.Private.CoreLib.dll' and 'Platform:System.Private.CoreLib.dll'. Could not determine winner due to equal file and assembly versions.
         Encountered conflict between 'Platform:System.Private.DataContractSerialization.dll' and 'Platform:System.Private.DataContractSerialization.dll'. Could not determine winner due to equal file and assembly versions.
         Encountered conflict between 'Platform:System.Private.Uri.dll' and 'Platform:System.Private.Uri.dll'. Could not determine winner due to equal file and assembly versions.
         Encountered conflict between 'Platform:System.Private.Xml.dll' and 'Platform:System.Private.Xml.dll'. Could not determine winner due to equal file and assembly versions.
         Encountered conflict between 'Platform:System.Private.Xml.Linq.dll' and 'Platform:System.Private.Xml.Linq.dll'. Could not determine winner due to equal file and assembly versions.
         Encountered conflict between 'Platform:mscordaccore_amd64_amd64_8.0.2125.47513.dll' and 'Platform:mscordaccore_amd64_amd64_8.0.2125.47513.dll'. Could not determine winner due to equal file and assembly versions.
       Done executing task "ResolvePackageFileConflicts".
 10:13>Done building target "_HandlePackageFileConflicts" in project "KChief.Platform.Core.csproj".
       Target "ResolveTargetingPackAssets" skipped. Previously built successfully.
 10:13>Target "ResolveAssemblyReferences" in file "/usr/share/dotnet/sdk/8.0.415/Microsoft.Common.CurrentVersion.targets" from project "/home/saidul/Desktop/K-Chief Marine Automation Platform/src/KChief.Platform.Core/KChief.Platform.Core.csproj" (target "ResolveReferences" depends on it):
       Using "ResolveAssemblyReference" task from assembly "Microsoft.Build.Tasks.Core, Version=15.1.0.0, Culture=neutral, PublicKeyToken=b03f5f7f11d50a3a".
       Task "ResolveAssemblyReference"
         TargetFrameworkMoniker:
             .NETCoreApp,Version=v8.0
         TargetFrameworkMonikerDisplayName:
             .NET 8.0
         TargetedRuntimeVersion:
             
         Assemblies:
             /home/saidul/.nuget/packages/fluentvalidation/11.9.0/lib/net8.0/FluentValidation.dll
                 Private = 'false'
                 HintPath = '/home/saidul/.nuget/packages/fluentvalidation/11.9.0/lib/net8.0/FluentValidation.dll'
             /home/saidul/.nuget/packages/microsoft.aspnetcore.http.abstractions/2.2.0/lib/netstandard2.0/Microsoft.AspNetCore.Http.Abstractions.dll
                 Private = 'false'
                 HintPath = '/home/saidul/.nuget/packages/microsoft.aspnetcore.http.abstractions/2.2.0/lib/netstandard2.0/Microsoft.AspNetCore.Http.Abstractions.dll'
             /home/saidul/.nuget/packages/microsoft.aspnetcore.http.features/2.2.0/lib/netstandard2.0/Microsoft.AspNetCore.Http.Features.dll
                 Private = 'false'
                 HintPath = '/home/saidul/.nuget/packages/microsoft.aspnetcore.http.features/2.2.0/lib/netstandard2.0/Microsoft.AspNetCore.Http.Features.dll'
             /home/saidul/.nuget/packages/microsoft.extensions.configuration.abstractions/8.0.0/lib/net8.0/Microsoft.Extensions.Configuration.Abstractions.dll
                 Private = 'false'
                 HintPath = '/home/saidul/.nuget/packages/microsoft.extensions.configuration.abstractions/8.0.0/lib/net8.0/Microsoft.Extensions.Configuration.Abstractions.dll'
             /home/saidul/.nuget/packages/microsoft.extensions.dependencyinjection.abstractions/8.0.0/lib/net8.0/Microsoft.Extensions.DependencyInjection.Abstractions.dll
                 Private = 'false'
                 HintPath = '/home/saidul/.nuget/packages/microsoft.extensions.dependencyinjection.abstractions/8.0.0/lib/net8.0/Microsoft.Extensions.DependencyInjection.Abstractions.dll'
             /home/saidul/.nuget/packages/microsoft.extensions.diagnostics.abstractions/8.0.0/lib/net8.0/Microsoft.Extensions.Diagnostics.Abstractions.dll
                 Private = 'false'
                 HintPath = '/home/saidul/.nuget/packages/microsoft.extensions.diagnostics.abstractions/8.0.0/lib/net8.0/Microsoft.Extensions.Diagnostics.Abstractions.dll'
             /home/saidul/.nuget/packages/microsoft.extensions.fileproviders.abstractions/8.0.0/lib/net8.0/Microsoft.Extensions.FileProviders.Abstractions.dll
                 Private = 'false'
                 HintPath = '/home/saidul/.nuget/packages/microsoft.extensions.fileproviders.abstractions/8.0.0/lib/net8.0/Microsoft.Extensions.FileProviders.Abstractions.dll'
             /home/saidul/.nuget/packages/microsoft.extensions.hosting.abstractions/8.0.0/lib/net8.0/Microsoft.Extensions.Hosting.Abstractions.dll
                 Private = 'false'
                 HintPath = '/home/saidul/.nuget/packages/microsoft.extensions.hosting.abstractions/8.0.0/lib/net8.0/Microsoft.Extensions.Hosting.Abstractions.dll'
             /home/saidul/.nuget/packages/microsoft.extensions.logging.abstractions/8.0.0/lib/net8.0/Microsoft.Extensions.Logging.Abstractions.dll
                 Private = 'false'
                 HintPath = '/home/saidul/.nuget/packages/microsoft.extensions.logging.abstractions/8.0.0/lib/net8.0/Microsoft.Extensions.Logging.Abstractions.dll'
             /home/saidul/.nuget/packages/microsoft.extensions.options/8.0.0/lib/net8.0/Microsoft.Extensions.Options.dll
                 Private = 'false'
                 HintPath = '/home/saidul/.nuget/packages/microsoft.extensions.options/8.0.0/lib/net8.0/Microsoft.Extensions.Options.dll'
             /home/saidul/.nuget/packages/microsoft.extensions.primitives/8.0.0/lib/net8.0/Microsoft.Extensions.Primitives.dll
                 Private = 'false'
                 HintPath = '/home/saidul/.nuget/packages/microsoft.extensions.primitives/8.0.0/lib/net8.0/Microsoft.Extensions.Primitives.dll'
             /home/saidul/.nuget/packages/polly/8.2.0/lib/net6.0/Polly.dll
                 Private = 'false'
                 HintPath = '/home/saidul/.nuget/packages/polly/8.2.0/lib/net6.0/Polly.dll'
             /home/saidul/.nuget/packages/polly.core/8.2.0/lib/net8.0/Polly.Core.dll
                 Private = 'false'
                 HintPath = '/home/saidul/.nuget/packages/polly.core/8.2.0/lib/net8.0/Polly.Core.dll'
             /home/saidul/.nuget/packages/serilog/3.1.1/lib/net7.0/Serilog.dll
                 Private = 'false'
                 HintPath = '/home/saidul/.nuget/packages/serilog/3.1.1/lib/net7.0/Serilog.dll'
             /usr/share/dotnet/packs/Microsoft.NETCore.App.Ref/8.0.21/ref/net8.0/Microsoft.CSharp.dll
                 Private = 'false'
             /usr/share/dotnet/packs/Microsoft.NETCore.App.Ref/8.0.21/ref/net8.0/Microsoft.VisualBasic.Core.dll
                 Private = 'false'
             /usr/share/dotnet/packs/Microsoft.NETCore.App.Ref/8.0.21/ref/net8.0/Microsoft.VisualBasic.dll
                 Private = 'false'
             /usr/share/dotnet/packs/Microsoft.NETCore.App.Ref/8.0.21/ref/net8.0/Microsoft.Win32.Primitives.dll
                 Private = 'false'
             /usr/share/dotnet/packs/Microsoft.NETCore.App.Ref/8.0.21/ref/net8.0/Microsoft.Win32.Registry.dll
                 Private = 'false'
             /usr/share/dotnet/packs/Microsoft.NETCore.App.Ref/8.0.21/ref/net8.0/System.AppContext.dll
                 Private = 'false'
             /usr/share/dotnet/packs/Microsoft.NETCore.App.Ref/8.0.21/ref/net8.0/System.Buffers.dll
                 Private = 'false'
             /usr/share/dotnet/packs/Microsoft.NETCore.App.Ref/8.0.21/ref/net8.0/System.Collections.Concurrent.dll
                 Private = 'false'
             /usr/share/dotnet/packs/Microsoft.NETCore.App.Ref/8.0.21/ref/net8.0/System.Collections.Immutable.dll
                 Private = 'false'
             /usr/share/dotnet/packs/Microsoft.NETCore.App.Ref/8.0.21/ref/net8.0/System.Collections.NonGeneric.dll
                 Private = 'false'
             /usr/share/dotnet/packs/Microsoft.NETCore.App.Ref/8.0.21/ref/net8.0/System.Collections.Specialized.dll
                 Private = 'false'
             /usr/share/dotnet/packs/Microsoft.NETCore.App.Ref/8.0.21/ref/net8.0/System.Collections.dll
                 Private = 'false'
             /usr/share/dotnet/packs/Microsoft.NETCore.App.Ref/8.0.21/ref/net8.0/System.ComponentModel.Annotations.dll
                 Private = 'false'
             /usr/share/dotnet/packs/Microsoft.NETCore.App.Ref/8.0.21/ref/net8.0/System.ComponentModel.DataAnnotations.dll
                 Private = 'false'
             /usr/share/dotnet/packs/Microsoft.NETCore.App.Ref/8.0.21/ref/net8.0/System.ComponentModel.EventBasedAsync.dll
                 Private = 'false'
             /usr/share/dotnet/packs/Microsoft.NETCore.App.Ref/8.0.21/ref/net8.0/System.ComponentModel.Primitives.dll
                 Private = 'false'
             /usr/share/dotnet/packs/Microsoft.NETCore.App.Ref/8.0.21/ref/net8.0/System.ComponentModel.TypeConverter.dll
                 Private = 'false'
             /usr/share/dotnet/packs/Microsoft.NETCore.App.Ref/8.0.21/ref/net8.0/System.ComponentModel.dll
                 Private = 'false'
             /usr/share/dotnet/packs/Microsoft.NETCore.App.Ref/8.0.21/ref/net8.0/System.Configuration.dll
                 Private = 'false'
             /usr/share/dotnet/packs/Microsoft.NETCore.App.Ref/8.0.21/ref/net8.0/System.Console.dll
                 Private = 'false'
             /usr/share/dotnet/packs/Microsoft.NETCore.App.Ref/8.0.21/ref/net8.0/System.Core.dll
                 Private = 'false'
             /usr/share/dotnet/packs/Microsoft.NETCore.App.Ref/8.0.21/ref/net8.0/System.Data.Common.dll
                 Private = 'false'
             /usr/share/dotnet/packs/Microsoft.NETCore.App.Ref/8.0.21/ref/net8.0/System.Data.DataSetExtensions.dll
                 Private = 'false'
             /usr/share/dotnet/packs/Microsoft.NETCore.App.Ref/8.0.21/ref/net8.0/System.Data.dll
                 Private = 'false'
             /usr/share/dotnet/packs/Microsoft.NETCore.App.Ref/8.0.21/ref/net8.0/System.Diagnostics.Contracts.dll
                 Private = 'false'
             /usr/share/dotnet/packs/Microsoft.NETCore.App.Ref/8.0.21/ref/net8.0/System.Diagnostics.Debug.dll
                 Private = 'false'
             /usr/share/dotnet/packs/Microsoft.NETCore.App.Ref/8.0.21/ref/net8.0/System.Diagnostics.DiagnosticSource.dll
                 Private = 'false'
             /usr/share/dotnet/packs/Microsoft.NETCore.App.Ref/8.0.21/ref/net8.0/System.Diagnostics.FileVersionInfo.dll
                 Private = 'false'
             /usr/share/dotnet/packs/Microsoft.NETCore.App.Ref/8.0.21/ref/net8.0/System.Diagnostics.Process.dll
                 Private = 'false'
             /usr/share/dotnet/packs/Microsoft.NETCore.App.Ref/8.0.21/ref/net8.0/System.Diagnostics.StackTrace.dll
                 Private = 'false'
             /usr/share/dotnet/packs/Microsoft.NETCore.App.Ref/8.0.21/ref/net8.0/System.Diagnostics.TextWriterTraceListener.dll
                 Private = 'false'
             /usr/share/dotnet/packs/Microsoft.NETCore.App.Ref/8.0.21/ref/net8.0/System.Diagnostics.Tools.dll
                 Private = 'false'
             /usr/share/dotnet/packs/Microsoft.NETCore.App.Ref/8.0.21/ref/net8.0/System.Diagnostics.TraceSource.dll
                 Private = 'false'
             /usr/share/dotnet/packs/Microsoft.NETCore.App.Ref/8.0.21/ref/net8.0/System.Diagnostics.Tracing.dll
                 Private = 'false'
             /usr/share/dotnet/packs/Microsoft.NETCore.App.Ref/8.0.21/ref/net8.0/System.Drawing.Primitives.dll
                 Private = 'false'
             /usr/share/dotnet/packs/Microsoft.NETCore.App.Ref/8.0.21/ref/net8.0/System.Drawing.dll
                 Private = 'false'
             /usr/share/dotnet/packs/Microsoft.NETCore.App.Ref/8.0.21/ref/net8.0/System.Dynamic.Runtime.dll
                 Private = 'false'
             /usr/share/dotnet/packs/Microsoft.NETCore.App.Ref/8.0.21/ref/net8.0/System.Formats.Asn1.dll
                 Private = 'false'
             /usr/share/dotnet/packs/Microsoft.NETCore.App.Ref/8.0.21/ref/net8.0/System.Formats.Tar.dll
                 Private = 'false'
             /usr/share/dotnet/packs/Microsoft.NETCore.App.Ref/8.0.21/ref/net8.0/System.Globalization.Calendars.dll
                 Private = 'false'
             /usr/share/dotnet/packs/Microsoft.NETCore.App.Ref/8.0.21/ref/net8.0/System.Globalization.Extensions.dll
                 Private = 'false'
             /usr/share/dotnet/packs/Microsoft.NETCore.App.Ref/8.0.21/ref/net8.0/System.Globalization.dll
                 Private = 'false'
             /usr/share/dotnet/packs/Microsoft.NETCore.App.Ref/8.0.21/ref/net8.0/System.IO.Compression.Brotli.dll
                 Private = 'false'
             /usr/share/dotnet/packs/Microsoft.NETCore.App.Ref/8.0.21/ref/net8.0/System.IO.Compression.FileSystem.dll
                 Private = 'false'
             /usr/share/dotnet/packs/Microsoft.NETCore.App.Ref/8.0.21/ref/net8.0/System.IO.Compression.ZipFile.dll
                 Private = 'false'
             /usr/share/dotnet/packs/Microsoft.NETCore.App.Ref/8.0.21/ref/net8.0/System.IO.Compression.dll
                 Private = 'false'
             /usr/share/dotnet/packs/Microsoft.NETCore.App.Ref/8.0.21/ref/net8.0/System.IO.FileSystem.AccessControl.dll
                 Private = 'false'
             /usr/share/dotnet/packs/Microsoft.NETCore.App.Ref/8.0.21/ref/net8.0/System.IO.FileSystem.DriveInfo.dll
                 Private = 'false'
             /usr/share/dotnet/packs/Microsoft.NETCore.App.Ref/8.0.21/ref/net8.0/System.IO.FileSystem.Primitives.dll
                 Private = 'false'
             /usr/share/dotnet/packs/Microsoft.NETCore.App.Ref/8.0.21/ref/net8.0/System.IO.FileSystem.Watcher.dll
                 Private = 'false'
             /usr/share/dotnet/packs/Microsoft.NETCore.App.Ref/8.0.21/ref/net8.0/System.IO.FileSystem.dll
                 Private = 'false'
             /usr/share/dotnet/packs/Microsoft.NETCore.App.Ref/8.0.21/ref/net8.0/System.IO.IsolatedStorage.dll
                 Private = 'false'
             /usr/share/dotnet/packs/Microsoft.NETCore.App.Ref/8.0.21/ref/net8.0/System.IO.MemoryMappedFiles.dll
                 Private = 'false'
             /usr/share/dotnet/packs/Microsoft.NETCore.App.Ref/8.0.21/ref/net8.0/System.IO.Pipes.AccessControl.dll
                 Private = 'false'
             /usr/share/dotnet/packs/Microsoft.NETCore.App.Ref/8.0.21/ref/net8.0/System.IO.Pipes.dll
                 Private = 'false'
             /usr/share/dotnet/packs/Microsoft.NETCore.App.Ref/8.0.21/ref/net8.0/System.IO.UnmanagedMemoryStream.dll
                 Private = 'false'
             /usr/share/dotnet/packs/Microsoft.NETCore.App.Ref/8.0.21/ref/net8.0/System.IO.dll
                 Private = 'false'
             /usr/share/dotnet/packs/Microsoft.NETCore.App.Ref/8.0.21/ref/net8.0/System.Linq.Expressions.dll
                 Private = 'false'
             /usr/share/dotnet/packs/Microsoft.NETCore.App.Ref/8.0.21/ref/net8.0/System.Linq.Parallel.dll
                 Private = 'false'
             /usr/share/dotnet/packs/Microsoft.NETCore.App.Ref/8.0.21/ref/net8.0/System.Linq.Queryable.dll
                 Private = 'false'
             /usr/share/dotnet/packs/Microsoft.NETCore.App.Ref/8.0.21/ref/net8.0/System.Linq.dll
                 Private = 'false'
             /usr/share/dotnet/packs/Microsoft.NETCore.App.Ref/8.0.21/ref/net8.0/System.Memory.dll
                 Private = 'false'
             /usr/share/dotnet/packs/Microsoft.NETCore.App.Ref/8.0.21/ref/net8.0/System.Net.Http.Json.dll
                 Private = 'false'
             /usr/share/dotnet/packs/Microsoft.NETCore.App.Ref/8.0.21/ref/net8.0/System.Net.Http.dll
                 Private = 'false'
             /usr/share/dotnet/packs/Microsoft.NETCore.App.Ref/8.0.21/ref/net8.0/System.Net.HttpListener.dll
                 Private = 'false'
             /usr/share/dotnet/packs/Microsoft.NETCore.App.Ref/8.0.21/ref/net8.0/System.Net.Mail.dll
                 Private = 'false'
             /usr/share/dotnet/packs/Microsoft.NETCore.App.Ref/8.0.21/ref/net8.0/System.Net.NameResolution.dll
                 Private = 'false'
             /usr/share/dotnet/packs/Microsoft.NETCore.App.Ref/8.0.21/ref/net8.0/System.Net.NetworkInformation.dll
                 Private = 'false'
             /usr/share/dotnet/packs/Microsoft.NETCore.App.Ref/8.0.21/ref/net8.0/System.Net.Ping.dll
                 Private = 'false'
             /usr/share/dotnet/packs/Microsoft.NETCore.App.Ref/8.0.21/ref/net8.0/System.Net.Primitives.dll
                 Private = 'false'
             /usr/share/dotnet/packs/Microsoft.NETCore.App.Ref/8.0.21/ref/net8.0/System.Net.Quic.dll
                 Private = 'false'
             /usr/share/dotnet/packs/Microsoft.NETCore.App.Ref/8.0.21/ref/net8.0/System.Net.Requests.dll
                 Private = 'false'
             /usr/share/dotnet/packs/Microsoft.NETCore.App.Ref/8.0.21/ref/net8.0/System.Net.Security.dll
                 Private = 'false'
             /usr/share/dotnet/packs/Microsoft.NETCore.App.Ref/8.0.21/ref/net8.0/System.Net.ServicePoint.dll
                 Private = 'false'
             /usr/share/dotnet/packs/Microsoft.NETCore.App.Ref/8.0.21/ref/net8.0/System.Net.Sockets.dll
                 Private = 'false'
             /usr/share/dotnet/packs/Microsoft.NETCore.App.Ref/8.0.21/ref/net8.0/System.Net.WebClient.dll
                 Private = 'false'
             /usr/share/dotnet/packs/Microsoft.NETCore.App.Ref/8.0.21/ref/net8.0/System.Net.WebHeaderCollection.dll
                 Private = 'false'
             /usr/share/dotnet/packs/Microsoft.NETCore.App.Ref/8.0.21/ref/net8.0/System.Net.WebProxy.dll
                 Private = 'false'
             /usr/share/dotnet/packs/Microsoft.NETCore.App.Ref/8.0.21/ref/net8.0/System.Net.WebSockets.Client.dll
                 Private = 'false'
             /usr/share/dotnet/packs/Microsoft.NETCore.App.Ref/8.0.21/ref/net8.0/System.Net.WebSockets.dll
                 Private = 'false'
             /usr/share/dotnet/packs/Microsoft.NETCore.App.Ref/8.0.21/ref/net8.0/System.Net.dll
                 Private = 'false'
             /usr/share/dotnet/packs/Microsoft.NETCore.App.Ref/8.0.21/ref/net8.0/System.Numerics.Vectors.dll
                 Private = 'false'
             /usr/share/dotnet/packs/Microsoft.NETCore.App.Ref/8.0.21/ref/net8.0/System.Numerics.dll
                 Private = 'false'
             /usr/share/dotnet/packs/Microsoft.NETCore.App.Ref/8.0.21/ref/net8.0/System.ObjectModel.dll
                 Private = 'false'
             /usr/share/dotnet/packs/Microsoft.NETCore.App.Ref/8.0.21/ref/net8.0/System.Reflection.DispatchProxy.dll
                 Private = 'false'
             /usr/share/dotnet/packs/Microsoft.NETCore.App.Ref/8.0.21/ref/net8.0/System.Reflection.Emit.ILGeneration.dll
                 Private = 'false'
             /usr/share/dotnet/packs/Microsoft.NETCore.App.Ref/8.0.21/ref/net8.0/System.Reflection.Emit.Lightweight.dll
                 Private = 'false'
             /usr/share/dotnet/packs/Microsoft.NETCore.App.Ref/8.0.21/ref/net8.0/System.Reflection.Emit.dll
                 Private = 'false'
             /usr/share/dotnet/packs/Microsoft.NETCore.App.Ref/8.0.21/ref/net8.0/System.Reflection.Extensions.dll
                 Private = 'false'
             /usr/share/dotnet/packs/Microsoft.NETCore.App.Ref/8.0.21/ref/net8.0/System.Reflection.Metadata.dll
                 Private = 'false'
             /usr/share/dotnet/packs/Microsoft.NETCore.App.Ref/8.0.21/ref/net8.0/System.Reflection.Primitives.dll
                 Private = 'false'
             /usr/share/dotnet/packs/Microsoft.NETCore.App.Ref/8.0.21/ref/net8.0/System.Reflection.TypeExtensions.dll
                 Private = 'false'
             /usr/share/dotnet/packs/Microsoft.NETCore.App.Ref/8.0.21/ref/net8.0/System.Reflection.dll
                 Private = 'false'
             /usr/share/dotnet/packs/Microsoft.NETCore.App.Ref/8.0.21/ref/net8.0/System.Resources.Reader.dll
                 Private = 'false'
             /usr/share/dotnet/packs/Microsoft.NETCore.App.Ref/8.0.21/ref/net8.0/System.Resources.ResourceManager.dll
                 Private = 'false'
             /usr/share/dotnet/packs/Microsoft.NETCore.App.Ref/8.0.21/ref/net8.0/System.Resources.Writer.dll
                 Private = 'false'
             /usr/share/dotnet/packs/Microsoft.NETCore.App.Ref/8.0.21/ref/net8.0/System.Runtime.CompilerServices.Unsafe.dll
                 Private = 'false'
             /usr/share/dotnet/packs/Microsoft.NETCore.App.Ref/8.0.21/ref/net8.0/System.Runtime.CompilerServices.VisualC.dll
                 Private = 'false'
             /usr/share/dotnet/packs/Microsoft.NETCore.App.Ref/8.0.21/ref/net8.0/System.Runtime.Extensions.dll
                 Private = 'false'
             /usr/share/dotnet/packs/Microsoft.NETCore.App.Ref/8.0.21/ref/net8.0/System.Runtime.Handles.dll
                 Private = 'false'
             /usr/share/dotnet/packs/Microsoft.NETCore.App.Ref/8.0.21/ref/net8.0/System.Runtime.InteropServices.JavaScript.dll
                 Private = 'false'
             /usr/share/dotnet/packs/Microsoft.NETCore.App.Ref/8.0.21/ref/net8.0/System.Runtime.InteropServices.RuntimeInformation.dll
                 Private = 'false'
             /usr/share/dotnet/packs/Microsoft.NETCore.App.Ref/8.0.21/ref/net8.0/System.Runtime.InteropServices.dll
                 Private = 'false'
             /usr/share/dotnet/packs/Microsoft.NETCore.App.Ref/8.0.21/ref/net8.0/System.Runtime.Intrinsics.dll
                 Private = 'false'
             /usr/share/dotnet/packs/Microsoft.NETCore.App.Ref/8.0.21/ref/net8.0/System.Runtime.Loader.dll
                 Private = 'false'
             /usr/share/dotnet/packs/Microsoft.NETCore.App.Ref/8.0.21/ref/net8.0/System.Runtime.Numerics.dll
                 Private = 'false'
             /usr/share/dotnet/packs/Microsoft.NETCore.App.Ref/8.0.21/ref/net8.0/System.Runtime.Serialization.Formatters.dll
                 Private = 'false'
             /usr/share/dotnet/packs/Microsoft.NETCore.App.Ref/8.0.21/ref/net8.0/System.Runtime.Serialization.Json.dll
                 Private = 'false'
             /usr/share/dotnet/packs/Microsoft.NETCore.App.Ref/8.0.21/ref/net8.0/System.Runtime.Serialization.Primitives.dll
                 Private = 'false'
             /usr/share/dotnet/packs/Microsoft.NETCore.App.Ref/8.0.21/ref/net8.0/System.Runtime.Serialization.Xml.dll
                 Private = 'false'
             /usr/share/dotnet/packs/Microsoft.NETCore.App.Ref/8.0.21/ref/net8.0/System.Runtime.Serialization.dll
                 Private = 'false'
             /usr/share/dotnet/packs/Microsoft.NETCore.App.Ref/8.0.21/ref/net8.0/System.Runtime.dll
                 Private = 'false'
             /usr/share/dotnet/packs/Microsoft.NETCore.App.Ref/8.0.21/ref/net8.0/System.Security.AccessControl.dll
                 Private = 'false'
             /usr/share/dotnet/packs/Microsoft.NETCore.App.Ref/8.0.21/ref/net8.0/System.Security.Claims.dll
                 Private = 'false'
             /usr/share/dotnet/packs/Microsoft.NETCore.App.Ref/8.0.21/ref/net8.0/System.Security.Cryptography.Algorithms.dll
                 Private = 'false'
             /usr/share/dotnet/packs/Microsoft.NETCore.App.Ref/8.0.21/ref/net8.0/System.Security.Cryptography.Cng.dll
                 Private = 'false'
             /usr/share/dotnet/packs/Microsoft.NETCore.App.Ref/8.0.21/ref/net8.0/System.Security.Cryptography.Csp.dll
                 Private = 'false'
             /usr/share/dotnet/packs/Microsoft.NETCore.App.Ref/8.0.21/ref/net8.0/System.Security.Cryptography.Encoding.dll
                 Private = 'false'
             /usr/share/dotnet/packs/Microsoft.NETCore.App.Ref/8.0.21/ref/net8.0/System.Security.Cryptography.OpenSsl.dll
                 Private = 'false'
             /usr/share/dotnet/packs/Microsoft.NETCore.App.Ref/8.0.21/ref/net8.0/System.Security.Cryptography.Primitives.dll
                 Private = 'false'
             /usr/share/dotnet/packs/Microsoft.NETCore.App.Ref/8.0.21/ref/net8.0/System.Security.Cryptography.X509Certificates.dll
                 Private = 'false'
             /usr/share/dotnet/packs/Microsoft.NETCore.App.Ref/8.0.21/ref/net8.0/System.Security.Cryptography.dll
                 Private = 'false'
             /usr/share/dotnet/packs/Microsoft.NETCore.App.Ref/8.0.21/ref/net8.0/System.Security.Principal.Windows.dll
                 Private = 'false'
             /usr/share/dotnet/packs/Microsoft.NETCore.App.Ref/8.0.21/ref/net8.0/System.Security.Principal.dll
                 Private = 'false'
             /usr/share/dotnet/packs/Microsoft.NETCore.App.Ref/8.0.21/ref/net8.0/System.Security.SecureString.dll
                 Private = 'false'
             /usr/share/dotnet/packs/Microsoft.NETCore.App.Ref/8.0.21/ref/net8.0/System.Security.dll
                 Private = 'false'
             /usr/share/dotnet/packs/Microsoft.NETCore.App.Ref/8.0.21/ref/net8.0/System.ServiceModel.Web.dll
                 Private = 'false'
             /usr/share/dotnet/packs/Microsoft.NETCore.App.Ref/8.0.21/ref/net8.0/System.ServiceProcess.dll
                 Private = 'false'
             /usr/share/dotnet/packs/Microsoft.NETCore.App.Ref/8.0.21/ref/net8.0/System.Text.Encoding.CodePages.dll
                 Private = 'false'
             /usr/share/dotnet/packs/Microsoft.NETCore.App.Ref/8.0.21/ref/net8.0/System.Text.Encoding.Extensions.dll
                 Private = 'false'
             /usr/share/dotnet/packs/Microsoft.NETCore.App.Ref/8.0.21/ref/net8.0/System.Text.Encoding.dll
                 Private = 'false'
             /usr/share/dotnet/packs/Microsoft.NETCore.App.Ref/8.0.21/ref/net8.0/System.Text.Encodings.Web.dll
                 Private = 'false'
             /usr/share/dotnet/packs/Microsoft.NETCore.App.Ref/8.0.21/ref/net8.0/System.Text.Json.dll
                 Private = 'false'
             /usr/share/dotnet/packs/Microsoft.NETCore.App.Ref/8.0.21/ref/net8.0/System.Text.RegularExpressions.dll
                 Private = 'false'
             /usr/share/dotnet/packs/Microsoft.NETCore.App.Ref/8.0.21/ref/net8.0/System.Threading.Channels.dll
                 Private = 'false'
             /usr/share/dotnet/packs/Microsoft.NETCore.App.Ref/8.0.21/ref/net8.0/System.Threading.Overlapped.dll
                 Private = 'false'
             /usr/share/dotnet/packs/Microsoft.NETCore.App.Ref/8.0.21/ref/net8.0/System.Threading.Tasks.Dataflow.dll
                 Private = 'false'
             /usr/share/dotnet/packs/Microsoft.NETCore.App.Ref/8.0.21/ref/net8.0/System.Threading.Tasks.Extensions.dll
                 Private = 'false'
             /usr/share/dotnet/packs/Microsoft.NETCore.App.Ref/8.0.21/ref/net8.0/System.Threading.Tasks.Parallel.dll
                 Private = 'false'
             /usr/share/dotnet/packs/Microsoft.NETCore.App.Ref/8.0.21/ref/net8.0/System.Threading.Tasks.dll
                 Private = 'false'
             /usr/share/dotnet/packs/Microsoft.NETCore.App.Ref/8.0.21/ref/net8.0/System.Threading.Thread.dll
                 Private = 'false'
             /usr/share/dotnet/packs/Microsoft.NETCore.App.Ref/8.0.21/ref/net8.0/System.Threading.ThreadPool.dll
                 Private = 'false'
             /usr/share/dotnet/packs/Microsoft.NETCore.App.Ref/8.0.21/ref/net8.0/System.Threading.Timer.dll
                 Private = 'false'
             /usr/share/dotnet/packs/Microsoft.NETCore.App.Ref/8.0.21/ref/net8.0/System.Threading.dll
                 Private = 'false'
             /usr/share/dotnet/packs/Microsoft.NETCore.App.Ref/8.0.21/ref/net8.0/System.Transactions.Local.dll
                 Private = 'false'
             /usr/share/dotnet/packs/Microsoft.NETCore.App.Ref/8.0.21/ref/net8.0/System.Transactions.dll
                 Private = 'false'
             /usr/share/dotnet/packs/Microsoft.NETCore.App.Ref/8.0.21/ref/net8.0/System.ValueTuple.dll
                 Private = 'false'
             /usr/share/dotnet/packs/Microsoft.NETCore.App.Ref/8.0.21/ref/net8.0/System.Web.HttpUtility.dll
                 Private = 'false'
             /usr/share/dotnet/packs/Microsoft.NETCore.App.Ref/8.0.21/ref/net8.0/System.Web.dll
                 Private = 'false'
             /usr/share/dotnet/packs/Microsoft.NETCore.App.Ref/8.0.21/ref/net8.0/System.Windows.dll
                 Private = 'false'
             /usr/share/dotnet/packs/Microsoft.NETCore.App.Ref/8.0.21/ref/net8.0/System.Xml.Linq.dll
                 Private = 'false'
             /usr/share/dotnet/packs/Microsoft.NETCore.App.Ref/8.0.21/ref/net8.0/System.Xml.ReaderWriter.dll
                 Private = 'false'
             /usr/share/dotnet/packs/Microsoft.NETCore.App.Ref/8.0.21/ref/net8.0/System.Xml.Serialization.dll
                 Private = 'false'
             /usr/share/dotnet/packs/Microsoft.NETCore.App.Ref/8.0.21/ref/net8.0/System.Xml.XDocument.dll
                 Private = 'false'
             /usr/share/dotnet/packs/Microsoft.NETCore.App.Ref/8.0.21/ref/net8.0/System.Xml.XPath.XDocument.dll
                 Private = 'false'
             /usr/share/dotnet/packs/Microsoft.NETCore.App.Ref/8.0.21/ref/net8.0/System.Xml.XPath.dll
                 Private = 'false'
             /usr/share/dotnet/packs/Microsoft.NETCore.App.Ref/8.0.21/ref/net8.0/System.Xml.XmlDocument.dll
                 Private = 'false'
             /usr/share/dotnet/packs/Microsoft.NETCore.App.Ref/8.0.21/ref/net8.0/System.Xml.XmlSerializer.dll
                 Private = 'false'
             /usr/share/dotnet/packs/Microsoft.NETCore.App.Ref/8.0.21/ref/net8.0/System.Xml.dll
                 Private = 'false'
             /usr/share/dotnet/packs/Microsoft.NETCore.App.Ref/8.0.21/ref/net8.0/System.dll
                 Private = 'false'
             /usr/share/dotnet/packs/Microsoft.NETCore.App.Ref/8.0.21/ref/net8.0/WindowsBase.dll
                 Private = 'false'
             /usr/share/dotnet/packs/Microsoft.NETCore.App.Ref/8.0.21/ref/net8.0/mscorlib.dll
                 Private = 'false'
             /usr/share/dotnet/packs/Microsoft.NETCore.App.Ref/8.0.21/ref/net8.0/netstandard.dll
                 Private = 'false'
         AssemblyFiles:
         CandidateAssemblyFiles:
         TargetFrameworkDirectories:
             
         InstalledAssemblyTables:
         IgnoreInstalledAssemblyTable:
             False
         SearchPaths:
             {CandidateAssemblyFiles}
             {HintPathFromItem}
             {TargetFrameworkDirectory}
             {RawFileName}
         AllowedAssemblyExtensions:
             .winmd
             .dll
             .exe
         AllowedRelatedFileExtensions:
             .pdb
             .xml
             .pri
             .dll.config
             .exe.config
         AppConfigFile:
             
         AutoUnify:
             True
         CopyLocalDependenciesWhenParentReferenceInGac:
             True
         FindDependencies:
             True
         TargetProcessorArchitecture:
             msil
         StateFile:
             obj/Release/net8.0/KChief.Platform.Core.csproj.AssemblyReference.cache
         InstalledAssemblySubsetTables:
         IgnoreInstalledAssemblySubsetTable:
             False
         TargetFrameworkSubsets:
         FullTargetFrameworkSubsetNames:
             Full
         ProfileName:
             
         FullFrameworkFolders:
         LatestTargetFrameworkDirectories:
         ProfileTablesLocation:
         Primary reference "FluentValidation, Version=11.0.0.0, Culture=neutral, PublicKeyToken=7de548da2fbae0f0".
             Resolved file path is "/home/saidul/.nuget/packages/fluentvalidation/11.9.0/lib/net8.0/FluentValidation.dll".
             Reference found at search path location "{HintPathFromItem}".
             This reference is not "CopyLocal" because at least one source item had "Private" set to "false" and no source items had "Private" set to "true".
             The ImageRuntimeVersion for this reference is "".
         Primary reference "Microsoft.AspNetCore.Http.Abstractions, Version=2.2.0.0, Culture=neutral, PublicKeyToken=adb9793829ddae60".
             Resolved file path is "/home/saidul/.nuget/packages/microsoft.aspnetcore.http.abstractions/2.2.0/lib/netstandard2.0/Microsoft.AspNetCore.Http.Abstractions.dll".
             Reference found at search path location "{HintPathFromItem}".
             This reference is not "CopyLocal" because at least one source item had "Private" set to "false" and no source items had "Private" set to "true".
             The ImageRuntimeVersion for this reference is "".
         Primary reference "Microsoft.AspNetCore.Http.Features, Version=2.2.0.0, Culture=neutral, PublicKeyToken=adb9793829ddae60".
             Resolved file path is "/home/saidul/.nuget/packages/microsoft.aspnetcore.http.features/2.2.0/lib/netstandard2.0/Microsoft.AspNetCore.Http.Features.dll".
             Reference found at search path location "{HintPathFromItem}".
             This reference is not "CopyLocal" because at least one source item had "Private" set to "false" and no source items had "Private" set to "true".
             The ImageRuntimeVersion for this reference is "".
         Primary reference "Microsoft.Extensions.Configuration.Abstractions, Version=8.0.0.0, Culture=neutral, PublicKeyToken=adb9793829ddae60".
             Resolved file path is "/home/saidul/.nuget/packages/microsoft.extensions.configuration.abstractions/8.0.0/lib/net8.0/Microsoft.Extensions.Configuration.Abstractions.dll".
             Reference found at search path location "{HintPathFromItem}".
             This reference is not "CopyLocal" because at least one source item had "Private" set to "false" and no source items had "Private" set to "true".
             The ImageRuntimeVersion for this reference is "".
         Primary reference "Microsoft.Extensions.DependencyInjection.Abstractions, Version=8.0.0.0, Culture=neutral, PublicKeyToken=adb9793829ddae60".
             Resolved file path is "/home/saidul/.nuget/packages/microsoft.extensions.dependencyinjection.abstractions/8.0.0/lib/net8.0/Microsoft.Extensions.DependencyInjection.Abstractions.dll".
             Reference found at search path location "{HintPathFromItem}".
             This reference is not "CopyLocal" because at least one source item had "Private" set to "false" and no source items had "Private" set to "true".
             The ImageRuntimeVersion for this reference is "".
         Primary reference "Microsoft.Extensions.Diagnostics.Abstractions, Version=8.0.0.0, Culture=neutral, PublicKeyToken=adb9793829ddae60".
             Resolved file path is "/home/saidul/.nuget/packages/microsoft.extensions.diagnostics.abstractions/8.0.0/lib/net8.0/Microsoft.Extensions.Diagnostics.Abstractions.dll".
             Reference found at search path location "{HintPathFromItem}".
             This reference is not "CopyLocal" because at least one source item had "Private" set to "false" and no source items had "Private" set to "true".
             The ImageRuntimeVersion for this reference is "".
         Primary reference "Microsoft.Extensions.FileProviders.Abstractions, Version=8.0.0.0, Culture=neutral, PublicKeyToken=adb9793829ddae60".
             Resolved file path is "/home/saidul/.nuget/packages/microsoft.extensions.fileproviders.abstractions/8.0.0/lib/net8.0/Microsoft.Extensions.FileProviders.Abstractions.dll".
             Reference found at search path location "{HintPathFromItem}".
             This reference is not "CopyLocal" because at least one source item had "Private" set to "false" and no source items had "Private" set to "true".
             The ImageRuntimeVersion for this reference is "".
         Primary reference "Microsoft.Extensions.Hosting.Abstractions, Version=8.0.0.0, Culture=neutral, PublicKeyToken=adb9793829ddae60".
             Resolved file path is "/home/saidul/.nuget/packages/microsoft.extensions.hosting.abstractions/8.0.0/lib/net8.0/Microsoft.Extensions.Hosting.Abstractions.dll".
             Reference found at search path location "{HintPathFromItem}".
             This reference is not "CopyLocal" because at least one source item had "Private" set to "false" and no source items had "Private" set to "true".
             The ImageRuntimeVersion for this reference is "".
         Primary reference "Microsoft.Extensions.Logging.Abstractions, Version=8.0.0.0, Culture=neutral, PublicKeyToken=adb9793829ddae60".
             Resolved file path is "/home/saidul/.nuget/packages/microsoft.extensions.logging.abstractions/8.0.0/lib/net8.0/Microsoft.Extensions.Logging.Abstractions.dll".
             Reference found at search path location "{HintPathFromItem}".
             This reference is not "CopyLocal" because at least one source item had "Private" set to "false" and no source items had "Private" set to "true".
             The ImageRuntimeVersion for this reference is "".
         Primary reference "Microsoft.Extensions.Options, Version=8.0.0.0, Culture=neutral, PublicKeyToken=adb9793829ddae60".
             Resolved file path is "/home/saidul/.nuget/packages/microsoft.extensions.options/8.0.0/lib/net8.0/Microsoft.Extensions.Options.dll".
             Reference found at search path location "{HintPathFromItem}".
             This reference is not "CopyLocal" because at least one source item had "Private" set to "false" and no source items had "Private" set to "true".
             The ImageRuntimeVersion for this reference is "".
         Primary reference "Microsoft.Extensions.Primitives, Version=8.0.0.0, Culture=neutral, PublicKeyToken=adb9793829ddae60".
             Resolved file path is "/home/saidul/.nuget/packages/microsoft.extensions.primitives/8.0.0/lib/net8.0/Microsoft.Extensions.Primitives.dll".
             Reference found at search path location "{HintPathFromItem}".
             This reference is not "CopyLocal" because at least one source item had "Private" set to "false" and no source items had "Private" set to "true".
             The ImageRuntimeVersion for this reference is "".
         Primary reference "Polly, Version=8.0.0.0, Culture=neutral, PublicKeyToken=c8a3ffc3f8f825cc".
             Resolved file path is "/home/saidul/.nuget/packages/polly/8.2.0/lib/net6.0/Polly.dll".
             Reference found at search path location "{HintPathFromItem}".
             This reference is not "CopyLocal" because at least one source item had "Private" set to "false" and no source items had "Private" set to "true".
             The ImageRuntimeVersion for this reference is "".
         Primary reference "Polly.Core, Version=8.0.0.0, Culture=neutral, PublicKeyToken=c8a3ffc3f8f825cc".
             Resolved file path is "/home/saidul/.nuget/packages/polly.core/8.2.0/lib/net8.0/Polly.Core.dll".
             Reference found at search path location "{HintPathFromItem}".
             This reference is not "CopyLocal" because at least one source item had "Private" set to "false" and no source items had "Private" set to "true".
             The ImageRuntimeVersion for this reference is "".
         Primary reference "Serilog, Version=2.0.0.0, Culture=neutral, PublicKeyToken=24c2f752a8e58a10".
             Resolved file path is "/home/saidul/.nuget/packages/serilog/3.1.1/lib/net7.0/Serilog.dll".
             Reference found at search path location "{HintPathFromItem}".
             This reference is not "CopyLocal" because at least one source item had "Private" set to "false" and no source items had "Private" set to "true".
             The ImageRuntimeVersion for this reference is "".
         Primary reference "Microsoft.CSharp, Version=8.0.0.0, Culture=neutral, PublicKeyToken=b03f5f7f11d50a3a".
             Resolved file path is "/usr/share/dotnet/packs/Microsoft.NETCore.App.Ref/8.0.21/ref/net8.0/Microsoft.CSharp.dll".
             Reference found at search path location "{RawFileName}".
             This reference is not "CopyLocal" because at least one source item had "Private" set to "false" and no source items had "Private" set to "true".
             The ImageRuntimeVersion for this reference is "".
         Primary reference "Microsoft.VisualBasic.Core, Version=13.0.0.0, Culture=neutral, PublicKeyToken=b03f5f7f11d50a3a".
             Resolved file path is "/usr/share/dotnet/packs/Microsoft.NETCore.App.Ref/8.0.21/ref/net8.0/Microsoft.VisualBasic.Core.dll".
             Reference found at search path location "{RawFileName}".
             This reference is not "CopyLocal" because at least one source item had "Private" set to "false" and no source items had "Private" set to "true".
             The ImageRuntimeVersion for this reference is "".
         Primary reference "Microsoft.VisualBasic, Version=10.0.0.0, Culture=neutral, PublicKeyToken=b03f5f7f11d50a3a".
             Resolved file path is "/usr/share/dotnet/packs/Microsoft.NETCore.App.Ref/8.0.21/ref/net8.0/Microsoft.VisualBasic.dll".
             Reference found at search path location "{RawFileName}".
             This reference is not "CopyLocal" because at least one source item had "Private" set to "false" and no source items had "Private" set to "true".
             The ImageRuntimeVersion for this reference is "".
         Primary reference "Microsoft.Win32.Primitives, Version=8.0.0.0, Culture=neutral, PublicKeyToken=b03f5f7f11d50a3a".
             Resolved file path is "/usr/share/dotnet/packs/Microsoft.NETCore.App.Ref/8.0.21/ref/net8.0/Microsoft.Win32.Primitives.dll".
             Reference found at search path location "{RawFileName}".
             This reference is not "CopyLocal" because at least one source item had "Private" set to "false" and no source items had "Private" set to "true".
             The ImageRuntimeVersion for this reference is "".
         Primary reference "Microsoft.Win32.Registry, Version=8.0.0.0, Culture=neutral, PublicKeyToken=b03f5f7f11d50a3a".
             Resolved file path is "/usr/share/dotnet/packs/Microsoft.NETCore.App.Ref/8.0.21/ref/net8.0/Microsoft.Win32.Registry.dll".
             Reference found at search path location "{RawFileName}".
             This reference is not "CopyLocal" because at least one source item had "Private" set to "false" and no source items had "Private" set to "true".
             The ImageRuntimeVersion for this reference is "".
         Primary reference "System.AppContext, Version=8.0.0.0, Culture=neutral, PublicKeyToken=b03f5f7f11d50a3a".
             Resolved file path is "/usr/share/dotnet/packs/Microsoft.NETCore.App.Ref/8.0.21/ref/net8.0/System.AppContext.dll".
             Reference found at search path location "{RawFileName}".
             This reference is not "CopyLocal" because at least one source item had "Private" set to "false" and no source items had "Private" set to "true".
             The ImageRuntimeVersion for this reference is "".
         Primary reference "System.Buffers, Version=8.0.0.0, Culture=neutral, PublicKeyToken=cc7b13ffcd2ddd51".
             Resolved file path is "/usr/share/dotnet/packs/Microsoft.NETCore.App.Ref/8.0.21/ref/net8.0/System.Buffers.dll".
             Reference found at search path location "{RawFileName}".
             This reference is not "CopyLocal" because at least one source item had "Private" set to "false" and no source items had "Private" set to "true".
             The ImageRuntimeVersion for this reference is "".
         Primary reference "System.Collections.Concurrent, Version=8.0.0.0, Culture=neutral, PublicKeyToken=b03f5f7f11d50a3a".
             Resolved file path is "/usr/share/dotnet/packs/Microsoft.NETCore.App.Ref/8.0.21/ref/net8.0/System.Collections.Concurrent.dll".
             Reference found at search path location "{RawFileName}".
             This reference is not "CopyLocal" because at least one source item had "Private" set to "false" and no source items had "Private" set to "true".
             The ImageRuntimeVersion for this reference is "".
         Primary reference "System.Collections.Immutable, Version=8.0.0.0, Culture=neutral, PublicKeyToken=b03f5f7f11d50a3a".
             Resolved file path is "/usr/share/dotnet/packs/Microsoft.NETCore.App.Ref/8.0.21/ref/net8.0/System.Collections.Immutable.dll".
             Reference found at search path location "{RawFileName}".
             This reference is not "CopyLocal" because at least one source item had "Private" set to "false" and no source items had "Private" set to "true".
             The ImageRuntimeVersion for this reference is "".
         Primary reference "System.Collections.NonGeneric, Version=8.0.0.0, Culture=neutral, PublicKeyToken=b03f5f7f11d50a3a".
             Resolved file path is "/usr/share/dotnet/packs/Microsoft.NETCore.App.Ref/8.0.21/ref/net8.0/System.Collections.NonGeneric.dll".
             Reference found at search path location "{RawFileName}".
             This reference is not "CopyLocal" because at least one source item had "Private" set to "false" and no source items had "Private" set to "true".
             The ImageRuntimeVersion for this reference is "".
         Primary reference "System.Collections.Specialized, Version=8.0.0.0, Culture=neutral, PublicKeyToken=b03f5f7f11d50a3a".
             Resolved file path is "/usr/share/dotnet/packs/Microsoft.NETCore.App.Ref/8.0.21/ref/net8.0/System.Collections.Specialized.dll".
             Reference found at search path location "{RawFileName}".
             This reference is not "CopyLocal" because at least one source item had "Private" set to "false" and no source items had "Private" set to "true".
             The ImageRuntimeVersion for this reference is "".
         Primary reference "System.Collections, Version=8.0.0.0, Culture=neutral, PublicKeyToken=b03f5f7f11d50a3a".
             Resolved file path is "/usr/share/dotnet/packs/Microsoft.NETCore.App.Ref/8.0.21/ref/net8.0/System.Collections.dll".
             Reference found at search path location "{RawFileName}".
             This reference is not "CopyLocal" because at least one source item had "Private" set to "false" and no source items had "Private" set to "true".
             The ImageRuntimeVersion for this reference is "".
         Primary reference "System.ComponentModel.Annotations, Version=8.0.0.0, Culture=neutral, PublicKeyToken=b03f5f7f11d50a3a".
             Resolved file path is "/usr/share/dotnet/packs/Microsoft.NETCore.App.Ref/8.0.21/ref/net8.0/System.ComponentModel.Annotations.dll".
             Reference found at search path location "{RawFileName}".
             This reference is not "CopyLocal" because at least one source item had "Private" set to "false" and no source items had "Private" set to "true".
             The ImageRuntimeVersion for this reference is "".
         Primary reference "System.ComponentModel.DataAnnotations, Version=4.0.0.0, Culture=neutral, PublicKeyToken=31bf3856ad364e35".
             Resolved file path is "/usr/share/dotnet/packs/Microsoft.NETCore.App.Ref/8.0.21/ref/net8.0/System.ComponentModel.DataAnnotations.dll".
             Reference found at search path location "{RawFileName}".
             This reference is not "CopyLocal" because at least one source item had "Private" set to "false" and no source items had "Private" set to "true".
             The ImageRuntimeVersion for this reference is "".
         Primary reference "System.ComponentModel.EventBasedAsync, Version=8.0.0.0, Culture=neutral, PublicKeyToken=b03f5f7f11d50a3a".
             Resolved file path is "/usr/share/dotnet/packs/Microsoft.NETCore.App.Ref/8.0.21/ref/net8.0/System.ComponentModel.EventBasedAsync.dll".
             Reference found at search path location "{RawFileName}".
             This reference is not "CopyLocal" because at least one source item had "Private" set to "false" and no source items had "Private" set to "true".
             The ImageRuntimeVersion for this reference is "".
         Primary reference "System.ComponentModel.Primitives, Version=8.0.0.0, Culture=neutral, PublicKeyToken=b03f5f7f11d50a3a".
             Resolved file path is "/usr/share/dotnet/packs/Microsoft.NETCore.App.Ref/8.0.21/ref/net8.0/System.ComponentModel.Primitives.dll".
             Reference found at search path location "{RawFileName}".
             This reference is not "CopyLocal" because at least one source item had "Private" set to "false" and no source items had "Private" set to "true".
             The ImageRuntimeVersion for this reference is "".
         Primary reference "System.ComponentModel.TypeConverter, Version=8.0.0.0, Culture=neutral, PublicKeyToken=b03f5f7f11d50a3a".
             Resolved file path is "/usr/share/dotnet/packs/Microsoft.NETCore.App.Ref/8.0.21/ref/net8.0/System.ComponentModel.TypeConverter.dll".
             Reference found at search path location "{RawFileName}".
             This reference is not "CopyLocal" because at least one source item had "Private" set to "false" and no source items had "Private" set to "true".
             The ImageRuntimeVersion for this reference is "".
         Primary reference "System.ComponentModel, Version=8.0.0.0, Culture=neutral, PublicKeyToken=b03f5f7f11d50a3a".
             Resolved file path is "/usr/share/dotnet/packs/Microsoft.NETCore.App.Ref/8.0.21/ref/net8.0/System.ComponentModel.dll".
             Reference found at search path location "{RawFileName}".
             This reference is not "CopyLocal" because at least one source item had "Private" set to "false" and no source items had "Private" set to "true".
             The ImageRuntimeVersion for this reference is "".
         Primary reference "System.Configuration, Version=4.0.0.0, Culture=neutral, PublicKeyToken=b03f5f7f11d50a3a".
             Resolved file path is "/usr/share/dotnet/packs/Microsoft.NETCore.App.Ref/8.0.21/ref/net8.0/System.Configuration.dll".
             Reference found at search path location "{RawFileName}".
             This reference is not "CopyLocal" because at least one source item had "Private" set to "false" and no source items had "Private" set to "true".
             The ImageRuntimeVersion for this reference is "".
         Primary reference "System.Console, Version=8.0.0.0, Culture=neutral, PublicKeyToken=b03f5f7f11d50a3a".
             Resolved file path is "/usr/share/dotnet/packs/Microsoft.NETCore.App.Ref/8.0.21/ref/net8.0/System.Console.dll".
             Reference found at search path location "{RawFileName}".
             This reference is not "CopyLocal" because at least one source item had "Private" set to "false" and no source items had "Private" set to "true".
             The ImageRuntimeVersion for this reference is "".
         Primary reference "System.Core, Version=4.0.0.0, Culture=neutral, PublicKeyToken=b77a5c561934e089".
             Resolved file path is "/usr/share/dotnet/packs/Microsoft.NETCore.App.Ref/8.0.21/ref/net8.0/System.Core.dll".
             Reference found at search path location "{RawFileName}".
             This reference is not "CopyLocal" because at least one source item had "Private" set to "false" and no source items had "Private" set to "true".
             The ImageRuntimeVersion for this reference is "".
         Primary reference "System.Data.Common, Version=8.0.0.0, Culture=neutral, PublicKeyToken=b03f5f7f11d50a3a".
             Resolved file path is "/usr/share/dotnet/packs/Microsoft.NETCore.App.Ref/8.0.21/ref/net8.0/System.Data.Common.dll".
             Reference found at search path location "{RawFileName}".
             This reference is not "CopyLocal" because at least one source item had "Private" set to "false" and no source items had "Private" set to "true".
             The ImageRuntimeVersion for this reference is "".
         Primary reference "System.Data.DataSetExtensions, Version=8.0.0.0, Culture=neutral, PublicKeyToken=b77a5c561934e089".
             Resolved file path is "/usr/share/dotnet/packs/Microsoft.NETCore.App.Ref/8.0.21/ref/net8.0/System.Data.DataSetExtensions.dll".
             Reference found at search path location "{RawFileName}".
             This reference is not "CopyLocal" because at least one source item had "Private" set to "false" and no source items had "Private" set to "true".
             The ImageRuntimeVersion for this reference is "".
         Primary reference "System.Data, Version=4.0.0.0, Culture=neutral, PublicKeyToken=b77a5c561934e089".
             Resolved file path is "/usr/share/dotnet/packs/Microsoft.NETCore.App.Ref/8.0.21/ref/net8.0/System.Data.dll".
             Reference found at search path location "{RawFileName}".
             This reference is not "CopyLocal" because at least one source item had "Private" set to "false" and no source items had "Private" set to "true".
             The ImageRuntimeVersion for this reference is "".
         Primary reference "System.Diagnostics.Contracts, Version=8.0.0.0, Culture=neutral, PublicKeyToken=b03f5f7f11d50a3a".
             Resolved file path is "/usr/share/dotnet/packs/Microsoft.NETCore.App.Ref/8.0.21/ref/net8.0/System.Diagnostics.Contracts.dll".
             Reference found at search path location "{RawFileName}".
             This reference is not "CopyLocal" because at least one source item had "Private" set to "false" and no source items had "Private" set to "true".
             The ImageRuntimeVersion for this reference is "".
         Primary reference "System.Diagnostics.Debug, Version=8.0.0.0, Culture=neutral, PublicKeyToken=b03f5f7f11d50a3a".
             Resolved file path is "/usr/share/dotnet/packs/Microsoft.NETCore.App.Ref/8.0.21/ref/net8.0/System.Diagnostics.Debug.dll".
             Reference found at search path location "{RawFileName}".
             This reference is not "CopyLocal" because at least one source item had "Private" set to "false" and no source items had "Private" set to "true".
             The ImageRuntimeVersion for this reference is "".
         Primary reference "System.Diagnostics.DiagnosticSource, Version=8.0.0.0, Culture=neutral, PublicKeyToken=cc7b13ffcd2ddd51".
             Resolved file path is "/usr/share/dotnet/packs/Microsoft.NETCore.App.Ref/8.0.21/ref/net8.0/System.Diagnostics.DiagnosticSource.dll".
             Reference found at search path location "{RawFileName}".
             This reference is not "CopyLocal" because at least one source item had "Private" set to "false" and no source items had "Private" set to "true".
             The ImageRuntimeVersion for this reference is "".
         Primary reference "System.Diagnostics.FileVersionInfo, Version=8.0.0.0, Culture=neutral, PublicKeyToken=b03f5f7f11d50a3a".
             Resolved file path is "/usr/share/dotnet/packs/Microsoft.NETCore.App.Ref/8.0.21/ref/net8.0/System.Diagnostics.FileVersionInfo.dll".
             Reference found at search path location "{RawFileName}".
             This reference is not "CopyLocal" because at least one source item had "Private" set to "false" and no source items had "Private" set to "true".
             The ImageRuntimeVersion for this reference is "".
         Primary reference "System.Diagnostics.Process, Version=8.0.0.0, Culture=neutral, PublicKeyToken=b03f5f7f11d50a3a".
             Resolved file path is "/usr/share/dotnet/packs/Microsoft.NETCore.App.Ref/8.0.21/ref/net8.0/System.Diagnostics.Process.dll".
             Reference found at search path location "{RawFileName}".
             This reference is not "CopyLocal" because at least one source item had "Private" set to "false" and no source items had "Private" set to "true".
             The ImageRuntimeVersion for this reference is "".
         Primary reference "System.Diagnostics.StackTrace, Version=8.0.0.0, Culture=neutral, PublicKeyToken=b03f5f7f11d50a3a".
             Resolved file path is "/usr/share/dotnet/packs/Microsoft.NETCore.App.Ref/8.0.21/ref/net8.0/System.Diagnostics.StackTrace.dll".
             Reference found at search path location "{RawFileName}".
             This reference is not "CopyLocal" because at least one source item had "Private" set to "false" and no source items had "Private" set to "true".
             The ImageRuntimeVersion for this reference is "".
         Primary reference "System.Diagnostics.TextWriterTraceListener, Version=8.0.0.0, Culture=neutral, PublicKeyToken=b03f5f7f11d50a3a".
             Resolved file path is "/usr/share/dotnet/packs/Microsoft.NETCore.App.Ref/8.0.21/ref/net8.0/System.Diagnostics.TextWriterTraceListener.dll".
             Reference found at search path location "{RawFileName}".
             This reference is not "CopyLocal" because at least one source item had "Private" set to "false" and no source items had "Private" set to "true".
             The ImageRuntimeVersion for this reference is "".
         Primary reference "System.Diagnostics.Tools, Version=8.0.0.0, Culture=neutral, PublicKeyToken=b03f5f7f11d50a3a".
             Resolved file path is "/usr/share/dotnet/packs/Microsoft.NETCore.App.Ref/8.0.21/ref/net8.0/System.Diagnostics.Tools.dll".
             Reference found at search path location "{RawFileName}".
             This reference is not "CopyLocal" because at least one source item had "Private" set to "false" and no source items had "Private" set to "true".
             The ImageRuntimeVersion for this reference is "".
         Primary reference "System.Diagnostics.TraceSource, Version=8.0.0.0, Culture=neutral, PublicKeyToken=b03f5f7f11d50a3a".
             Resolved file path is "/usr/share/dotnet/packs/Microsoft.NETCore.App.Ref/8.0.21/ref/net8.0/System.Diagnostics.TraceSource.dll".
             Reference found at search path location "{RawFileName}".
             This reference is not "CopyLocal" because at least one source item had "Private" set to "false" and no source items had "Private" set to "true".
             The ImageRuntimeVersion for this reference is "".
         Primary reference "System.Diagnostics.Tracing, Version=8.0.0.0, Culture=neutral, PublicKeyToken=b03f5f7f11d50a3a".
             Resolved file path is "/usr/share/dotnet/packs/Microsoft.NETCore.App.Ref/8.0.21/ref/net8.0/System.Diagnostics.Tracing.dll".
             Reference found at search path location "{RawFileName}".
             This reference is not "CopyLocal" because at least one source item had "Private" set to "false" and no source items had "Private" set to "true".
             The ImageRuntimeVersion for this reference is "".
         Primary reference "System.Drawing.Primitives, Version=8.0.0.0, Culture=neutral, PublicKeyToken=b03f5f7f11d50a3a".
             Resolved file path is "/usr/share/dotnet/packs/Microsoft.NETCore.App.Ref/8.0.21/ref/net8.0/System.Drawing.Primitives.dll".
             Reference found at search path location "{RawFileName}".
             This reference is not "CopyLocal" because at least one source item had "Private" set to "false" and no source items had "Private" set to "true".
             The ImageRuntimeVersion for this reference is "".
         Primary reference "System.Drawing, Version=4.0.0.0, Culture=neutral, PublicKeyToken=b03f5f7f11d50a3a".
             Resolved file path is "/usr/share/dotnet/packs/Microsoft.NETCore.App.Ref/8.0.21/ref/net8.0/System.Drawing.dll".
             Reference found at search path location "{RawFileName}".
             This reference is not "CopyLocal" because at least one source item had "Private" set to "false" and no source items had "Private" set to "true".
             The ImageRuntimeVersion for this reference is "".
         Primary reference "System.Dynamic.Runtime, Version=8.0.0.0, Culture=neutral, PublicKeyToken=b03f5f7f11d50a3a".
             Resolved file path is "/usr/share/dotnet/packs/Microsoft.NETCore.App.Ref/8.0.21/ref/net8.0/System.Dynamic.Runtime.dll".
             Reference found at search path location "{RawFileName}".
             This reference is not "CopyLocal" because at least one source item had "Private" set to "false" and no source items had "Private" set to "true".
             The ImageRuntimeVersion for this reference is "".
         Primary reference "System.Formats.Asn1, Version=8.0.0.0, Culture=neutral, PublicKeyToken=cc7b13ffcd2ddd51".
             Resolved file path is "/usr/share/dotnet/packs/Microsoft.NETCore.App.Ref/8.0.21/ref/net8.0/System.Formats.Asn1.dll".
             Reference found at search path location "{RawFileName}".
             This reference is not "CopyLocal" because at least one source item had "Private" set to "false" and no source items had "Private" set to "true".
             The ImageRuntimeVersion for this reference is "".
         Primary reference "System.Formats.Tar, Version=8.0.0.0, Culture=neutral, PublicKeyToken=cc7b13ffcd2ddd51".
             Resolved file path is "/usr/share/dotnet/packs/Microsoft.NETCore.App.Ref/8.0.21/ref/net8.0/System.Formats.Tar.dll".
             Reference found at search path location "{RawFileName}".
             This reference is not "CopyLocal" because at least one source item had "Private" set to "false" and no source items had "Private" set to "true".
             The ImageRuntimeVersion for this reference is "".
         Primary reference "System.Globalization.Calendars, Version=8.0.0.0, Culture=neutral, PublicKeyToken=b03f5f7f11d50a3a".
             Resolved file path is "/usr/share/dotnet/packs/Microsoft.NETCore.App.Ref/8.0.21/ref/net8.0/System.Globalization.Calendars.dll".
             Reference found at search path location "{RawFileName}".
             This reference is not "CopyLocal" because at least one source item had "Private" set to "false" and no source items had "Private" set to "true".
             The ImageRuntimeVersion for this reference is "".
         Primary reference "System.Globalization.Extensions, Version=8.0.0.0, Culture=neutral, PublicKeyToken=b03f5f7f11d50a3a".
             Resolved file path is "/usr/share/dotnet/packs/Microsoft.NETCore.App.Ref/8.0.21/ref/net8.0/System.Globalization.Extensions.dll".
             Reference found at search path location "{RawFileName}".
             This reference is not "CopyLocal" because at least one source item had "Private" set to "false" and no source items had "Private" set to "true".
             The ImageRuntimeVersion for this reference is "".
         Primary reference "System.Globalization, Version=8.0.0.0, Culture=neutral, PublicKeyToken=b03f5f7f11d50a3a".
             Resolved file path is "/usr/share/dotnet/packs/Microsoft.NETCore.App.Ref/8.0.21/ref/net8.0/System.Globalization.dll".
             Reference found at search path location "{RawFileName}".
             This reference is not "CopyLocal" because at least one source item had "Private" set to "false" and no source items had "Private" set to "true".
             The ImageRuntimeVersion for this reference is "".
         Primary reference "System.IO.Compression.Brotli, Version=8.0.0.0, Culture=neutral, PublicKeyToken=b77a5c561934e089".
             Resolved file path is "/usr/share/dotnet/packs/Microsoft.NETCore.App.Ref/8.0.21/ref/net8.0/System.IO.Compression.Brotli.dll".
             Reference found at search path location "{RawFileName}".
             This reference is not "CopyLocal" because at least one source item had "Private" set to "false" and no source items had "Private" set to "true".
             The ImageRuntimeVersion for this reference is "".
         Primary reference "System.IO.Compression.FileSystem, Version=4.0.0.0, Culture=neutral, PublicKeyToken=b77a5c561934e089".
             Resolved file path is "/usr/share/dotnet/packs/Microsoft.NETCore.App.Ref/8.0.21/ref/net8.0/System.IO.Compression.FileSystem.dll".
             Reference found at search path location "{RawFileName}".
             This reference is not "CopyLocal" because at least one source item had "Private" set to "false" and no source items had "Private" set to "true".
             The ImageRuntimeVersion for this reference is "".
         Primary reference "System.IO.Compression.ZipFile, Version=8.0.0.0, Culture=neutral, PublicKeyToken=b77a5c561934e089".
             Resolved file path is "/usr/share/dotnet/packs/Microsoft.NETCore.App.Ref/8.0.21/ref/net8.0/System.IO.Compression.ZipFile.dll".
             Reference found at search path location "{RawFileName}".
             This reference is not "CopyLocal" because at least one source item had "Private" set to "false" and no source items had "Private" set to "true".
             The ImageRuntimeVersion for this reference is "".
         Primary reference "System.IO.Compression, Version=8.0.0.0, Culture=neutral, PublicKeyToken=b77a5c561934e089".
             Resolved file path is "/usr/share/dotnet/packs/Microsoft.NETCore.App.Ref/8.0.21/ref/net8.0/System.IO.Compression.dll".
             Reference found at search path location "{RawFileName}".
             This reference is not "CopyLocal" because at least one source item had "Private" set to "false" and no source items had "Private" set to "true".
             The ImageRuntimeVersion for this reference is "".
         Primary reference "System.IO.FileSystem.AccessControl, Version=8.0.0.0, Culture=neutral, PublicKeyToken=b03f5f7f11d50a3a".
             Resolved file path is "/usr/share/dotnet/packs/Microsoft.NETCore.App.Ref/8.0.21/ref/net8.0/System.IO.FileSystem.AccessControl.dll".
             Reference found at search path location "{RawFileName}".
             This reference is not "CopyLocal" because at least one source item had "Private" set to "false" and no source items had "Private" set to "true".
             The ImageRuntimeVersion for this reference is "".
         Primary reference "System.IO.FileSystem.DriveInfo, Version=8.0.0.0, Culture=neutral, PublicKeyToken=b03f5f7f11d50a3a".
             Resolved file path is "/usr/share/dotnet/packs/Microsoft.NETCore.App.Ref/8.0.21/ref/net8.0/System.IO.FileSystem.DriveInfo.dll".
             Reference found at search path location "{RawFileName}".
             This reference is not "CopyLocal" because at least one source item had "Private" set to "false" and no source items had "Private" set to "true".
             The ImageRuntimeVersion for this reference is "".
         Primary reference "System.IO.FileSystem.Primitives, Version=8.0.0.0, Culture=neutral, PublicKeyToken=b03f5f7f11d50a3a".
             Resolved file path is "/usr/share/dotnet/packs/Microsoft.NETCore.App.Ref/8.0.21/ref/net8.0/System.IO.FileSystem.Primitives.dll".
             Reference found at search path location "{RawFileName}".
             This reference is not "CopyLocal" because at least one source item had "Private" set to "false" and no source items had "Private" set to "true".
             The ImageRuntimeVersion for this reference is "".
         Primary reference "System.IO.FileSystem.Watcher, Version=8.0.0.0, Culture=neutral, PublicKeyToken=b03f5f7f11d50a3a".
             Resolved file path is "/usr/share/dotnet/packs/Microsoft.NETCore.App.Ref/8.0.21/ref/net8.0/System.IO.FileSystem.Watcher.dll".
             Reference found at search path location "{RawFileName}".
             This reference is not "CopyLocal" because at least one source item had "Private" set to "false" and no source items had "Private" set to "true".
             The ImageRuntimeVersion for this reference is "".
         Primary reference "System.IO.FileSystem, Version=8.0.0.0, Culture=neutral, PublicKeyToken=b03f5f7f11d50a3a".
             Resolved file path is "/usr/share/dotnet/packs/Microsoft.NETCore.App.Ref/8.0.21/ref/net8.0/System.IO.FileSystem.dll".
             Reference found at search path location "{RawFileName}".
             This reference is not "CopyLocal" because at least one source item had "Private" set to "false" and no source items had "Private" set to "true".
             The ImageRuntimeVersion for this reference is "".
         Primary reference "System.IO.IsolatedStorage, Version=8.0.0.0, Culture=neutral, PublicKeyToken=b03f5f7f11d50a3a".
             Resolved file path is "/usr/share/dotnet/packs/Microsoft.NETCore.App.Ref/8.0.21/ref/net8.0/System.IO.IsolatedStorage.dll".
             Reference found at search path location "{RawFileName}".
             This reference is not "CopyLocal" because at least one source item had "Private" set to "false" and no source items had "Private" set to "true".
             The ImageRuntimeVersion for this reference is "".
         Primary reference "System.IO.MemoryMappedFiles, Version=8.0.0.0, Culture=neutral, PublicKeyToken=b03f5f7f11d50a3a".
             Resolved file path is "/usr/share/dotnet/packs/Microsoft.NETCore.App.Ref/8.0.21/ref/net8.0/System.IO.MemoryMappedFiles.dll".
             Reference found at search path location "{RawFileName}".
             This reference is not "CopyLocal" because at least one source item had "Private" set to "false" and no source items had "Private" set to "true".
             The ImageRuntimeVersion for this reference is "".
         Primary reference "System.IO.Pipes.AccessControl, Version=8.0.0.0, Culture=neutral, PublicKeyToken=b03f5f7f11d50a3a".
             Resolved file path is "/usr/share/dotnet/packs/Microsoft.NETCore.App.Ref/8.0.21/ref/net8.0/System.IO.Pipes.AccessControl.dll".
             Reference found at search path location "{RawFileName}".
             This reference is not "CopyLocal" because at least one source item had "Private" set to "false" and no source items had "Private" set to "true".
             The ImageRuntimeVersion for this reference is "".
         Primary reference "System.IO.Pipes, Version=8.0.0.0, Culture=neutral, PublicKeyToken=b03f5f7f11d50a3a".
             Resolved file path is "/usr/share/dotnet/packs/Microsoft.NETCore.App.Ref/8.0.21/ref/net8.0/System.IO.Pipes.dll".
             Reference found at search path location "{RawFileName}".
             This reference is not "CopyLocal" because at least one source item had "Private" set to "false" and no source items had "Private" set to "true".
             The ImageRuntimeVersion for this reference is "".
         Primary reference "System.IO.UnmanagedMemoryStream, Version=8.0.0.0, Culture=neutral, PublicKeyToken=b03f5f7f11d50a3a".
             Resolved file path is "/usr/share/dotnet/packs/Microsoft.NETCore.App.Ref/8.0.21/ref/net8.0/System.IO.UnmanagedMemoryStream.dll".
             Reference found at search path location "{RawFileName}".
             This reference is not "CopyLocal" because at least one source item had "Private" set to "false" and no source items had "Private" set to "true".
             The ImageRuntimeVersion for this reference is "".
         Primary reference "System.IO, Version=8.0.0.0, Culture=neutral, PublicKeyToken=b03f5f7f11d50a3a".
             Resolved file path is "/usr/share/dotnet/packs/Microsoft.NETCore.App.Ref/8.0.21/ref/net8.0/System.IO.dll".
             Reference found at search path location "{RawFileName}".
             This reference is not "CopyLocal" because at least one source item had "Private" set to "false" and no source items had "Private" set to "true".
             The ImageRuntimeVersion for this reference is "".
         Primary reference "System.Linq.Expressions, Version=8.0.0.0, Culture=neutral, PublicKeyToken=b03f5f7f11d50a3a".
             Resolved file path is "/usr/share/dotnet/packs/Microsoft.NETCore.App.Ref/8.0.21/ref/net8.0/System.Linq.Expressions.dll".
             Reference found at search path location "{RawFileName}".
             This reference is not "CopyLocal" because at least one source item had "Private" set to "false" and no source items had "Private" set to "true".
             The ImageRuntimeVersion for this reference is "".
         Primary reference "System.Linq.Parallel, Version=8.0.0.0, Culture=neutral, PublicKeyToken=b03f5f7f11d50a3a".
             Resolved file path is "/usr/share/dotnet/packs/Microsoft.NETCore.App.Ref/8.0.21/ref/net8.0/System.Linq.Parallel.dll".
             Reference found at search path location "{RawFileName}".
             This reference is not "CopyLocal" because at least one source item had "Private" set to "false" and no source items had "Private" set to "true".
             The ImageRuntimeVersion for this reference is "".
         Primary reference "System.Linq.Queryable, Version=8.0.0.0, Culture=neutral, PublicKeyToken=b03f5f7f11d50a3a".
             Resolved file path is "/usr/share/dotnet/packs/Microsoft.NETCore.App.Ref/8.0.21/ref/net8.0/System.Linq.Queryable.dll".
             Reference found at search path location "{RawFileName}".
             This reference is not "CopyLocal" because at least one source item had "Private" set to "false" and no source items had "Private" set to "true".
             The ImageRuntimeVersion for this reference is "".
         Primary reference "System.Linq, Version=8.0.0.0, Culture=neutral, PublicKeyToken=b03f5f7f11d50a3a".
             Resolved file path is "/usr/share/dotnet/packs/Microsoft.NETCore.App.Ref/8.0.21/ref/net8.0/System.Linq.dll".
             Reference found at search path location "{RawFileName}".
             This reference is not "CopyLocal" because at least one source item had "Private" set to "false" and no source items had "Private" set to "true".
             The ImageRuntimeVersion for this reference is "".
         Primary reference "System.Memory, Version=8.0.0.0, Culture=neutral, PublicKeyToken=cc7b13ffcd2ddd51".
             Resolved file path is "/usr/share/dotnet/packs/Microsoft.NETCore.App.Ref/8.0.21/ref/net8.0/System.Memory.dll".
             Reference found at search path location "{RawFileName}".
             This reference is not "CopyLocal" because at least one source item had "Private" set to "false" and no source items had "Private" set to "true".
             The ImageRuntimeVersion for this reference is "".
         Primary reference "System.Net.Http.Json, Version=8.0.0.0, Culture=neutral, PublicKeyToken=cc7b13ffcd2ddd51".
             Resolved file path is "/usr/share/dotnet/packs/Microsoft.NETCore.App.Ref/8.0.21/ref/net8.0/System.Net.Http.Json.dll".
             Reference found at search path location "{RawFileName}".
             This reference is not "CopyLocal" because at least one source item had "Private" set to "false" and no source items had "Private" set to "true".
             The ImageRuntimeVersion for this reference is "".
         Primary reference "System.Net.Http, Version=8.0.0.0, Culture=neutral, PublicKeyToken=b03f5f7f11d50a3a".
             Resolved file path is "/usr/share/dotnet/packs/Microsoft.NETCore.App.Ref/8.0.21/ref/net8.0/System.Net.Http.dll".
             Reference found at search path location "{RawFileName}".
             This reference is not "CopyLocal" because at least one source item had "Private" set to "false" and no source items had "Private" set to "true".
             The ImageRuntimeVersion for this reference is "".
         Primary reference "System.Net.HttpListener, Version=8.0.0.0, Culture=neutral, PublicKeyToken=cc7b13ffcd2ddd51".
             Resolved file path is "/usr/share/dotnet/packs/Microsoft.NETCore.App.Ref/8.0.21/ref/net8.0/System.Net.HttpListener.dll".
             Reference found at search path location "{RawFileName}".
             This reference is not "CopyLocal" because at least one source item had "Private" set to "false" and no source items had "Private" set to "true".
             The ImageRuntimeVersion for this reference is "".
         Primary reference "System.Net.Mail, Version=8.0.0.0, Culture=neutral, PublicKeyToken=cc7b13ffcd2ddd51".
             Resolved file path is "/usr/share/dotnet/packs/Microsoft.NETCore.App.Ref/8.0.21/ref/net8.0/System.Net.Mail.dll".
             Reference found at search path location "{RawFileName}".
             This reference is not "CopyLocal" because at least one source item had "Private" set to "false" and no source items had "Private" set to "true".
             The ImageRuntimeVersion for this reference is "".
         Primary reference "System.Net.NameResolution, Version=8.0.0.0, Culture=neutral, PublicKeyToken=b03f5f7f11d50a3a".
             Resolved file path is "/usr/share/dotnet/packs/Microsoft.NETCore.App.Ref/8.0.21/ref/net8.0/System.Net.NameResolution.dll".
             Reference found at search path location "{RawFileName}".
             This reference is not "CopyLocal" because at least one source item had "Private" set to "false" and no source items had "Private" set to "true".
             The ImageRuntimeVersion for this reference is "".
         Primary reference "System.Net.NetworkInformation, Version=8.0.0.0, Culture=neutral, PublicKeyToken=b03f5f7f11d50a3a".
             Resolved file path is "/usr/share/dotnet/packs/Microsoft.NETCore.App.Ref/8.0.21/ref/net8.0/System.Net.NetworkInformation.dll".
             Reference found at search path location "{RawFileName}".
             This reference is not "CopyLocal" because at least one source item had "Private" set to "false" and no source items had "Private" set to "true".
             The ImageRuntimeVersion for this reference is "".
         Primary reference "System.Net.Ping, Version=8.0.0.0, Culture=neutral, PublicKeyToken=b03f5f7f11d50a3a".
             Resolved file path is "/usr/share/dotnet/packs/Microsoft.NETCore.App.Ref/8.0.21/ref/net8.0/System.Net.Ping.dll".
             Reference found at search path location "{RawFileName}".
             This reference is not "CopyLocal" because at least one source item had "Private" set to "false" and no source items had "Private" set to "true".
             The ImageRuntimeVersion for this reference is "".
         Primary reference "System.Net.Primitives, Version=8.0.0.0, Culture=neutral, PublicKeyToken=b03f5f7f11d50a3a".
             Resolved file path is "/usr/share/dotnet/packs/Microsoft.NETCore.App.Ref/8.0.21/ref/net8.0/System.Net.Primitives.dll".
             Reference found at search path location "{RawFileName}".
             This reference is not "CopyLocal" because at least one source item had "Private" set to "false" and no source items had "Private" set to "true".
             The ImageRuntimeVersion for this reference is "".
         Primary reference "System.Net.Quic, Version=8.0.0.0, Culture=neutral, PublicKeyToken=b03f5f7f11d50a3a".
             Resolved file path is "/usr/share/dotnet/packs/Microsoft.NETCore.App.Ref/8.0.21/ref/net8.0/System.Net.Quic.dll".
             Reference found at search path location "{RawFileName}".
             This reference is not "CopyLocal" because at least one source item had "Private" set to "false" and no source items had "Private" set to "true".
             The ImageRuntimeVersion for this reference is "".
         Primary reference "System.Net.Requests, Version=8.0.0.0, Culture=neutral, PublicKeyToken=b03f5f7f11d50a3a".
             Resolved file path is "/usr/share/dotnet/packs/Microsoft.NETCore.App.Ref/8.0.21/ref/net8.0/System.Net.Requests.dll".
             Reference found at search path location "{RawFileName}".
             This reference is not "CopyLocal" because at least one source item had "Private" set to "false" and no source items had "Private" set to "true".
             The ImageRuntimeVersion for this reference is "".
         Primary reference "System.Net.Security, Version=8.0.0.0, Culture=neutral, PublicKeyToken=b03f5f7f11d50a3a".
             Resolved file path is "/usr/share/dotnet/packs/Microsoft.NETCore.App.Ref/8.0.21/ref/net8.0/System.Net.Security.dll".
             Reference found at search path location "{RawFileName}".
             This reference is not "CopyLocal" because at least one source item had "Private" set to "false" and no source items had "Private" set to "true".
             The ImageRuntimeVersion for this reference is "".
         Primary reference "System.Net.ServicePoint, Version=8.0.0.0, Culture=neutral, PublicKeyToken=cc7b13ffcd2ddd51".
             Resolved file path is "/usr/share/dotnet/packs/Microsoft.NETCore.App.Ref/8.0.21/ref/net8.0/System.Net.ServicePoint.dll".
             Reference found at search path location "{RawFileName}".
             This reference is not "CopyLocal" because at least one source item had "Private" set to "false" and no source items had "Private" set to "true".
             The ImageRuntimeVersion for this reference is "".
         Primary reference "System.Net.Sockets, Version=8.0.0.0, Culture=neutral, PublicKeyToken=b03f5f7f11d50a3a".
             Resolved file path is "/usr/share/dotnet/packs/Microsoft.NETCore.App.Ref/8.0.21/ref/net8.0/System.Net.Sockets.dll".
             Reference found at search path location "{RawFileName}".
             This reference is not "CopyLocal" because at least one source item had "Private" set to "false" and no source items had "Private" set to "true".
             The ImageRuntimeVersion for this reference is "".
         Primary reference "System.Net.WebClient, Version=8.0.0.0, Culture=neutral, PublicKeyToken=cc7b13ffcd2ddd51".
             Resolved file path is "/usr/share/dotnet/packs/Microsoft.NETCore.App.Ref/8.0.21/ref/net8.0/System.Net.WebClient.dll".
             Reference found at search path location "{RawFileName}".
             This reference is not "CopyLocal" because at least one source item had "Private" set to "false" and no source items had "Private" set to "true".
             The ImageRuntimeVersion for this reference is "".
         Primary reference "System.Net.WebHeaderCollection, Version=8.0.0.0, Culture=neutral, PublicKeyToken=b03f5f7f11d50a3a".
             Resolved file path is "/usr/share/dotnet/packs/Microsoft.NETCore.App.Ref/8.0.21/ref/net8.0/System.Net.WebHeaderCollection.dll".
             Reference found at search path location "{RawFileName}".
             This reference is not "CopyLocal" because at least one source item had "Private" set to "false" and no source items had "Private" set to "true".
             The ImageRuntimeVersion for this reference is "".
         Primary reference "System.Net.WebProxy, Version=8.0.0.0, Culture=neutral, PublicKeyToken=cc7b13ffcd2ddd51".
             Resolved file path is "/usr/share/dotnet/packs/Microsoft.NETCore.App.Ref/8.0.21/ref/net8.0/System.Net.WebProxy.dll".
             Reference found at search path location "{RawFileName}".
             This reference is not "CopyLocal" because at least one source item had "Private" set to "false" and no source items had "Private" set to "true".
             The ImageRuntimeVersion for this reference is "".
         Primary reference "System.Net.WebSockets.Client, Version=8.0.0.0, Culture=neutral, PublicKeyToken=b03f5f7f11d50a3a".
             Resolved file path is "/usr/share/dotnet/packs/Microsoft.NETCore.App.Ref/8.0.21/ref/net8.0/System.Net.WebSockets.Client.dll".
             Reference found at search path location "{RawFileName}".
             This reference is not "CopyLocal" because at least one source item had "Private" set to "false" and no source items had "Private" set to "true".
             The ImageRuntimeVersion for this reference is "".
         Primary reference "System.Net.WebSockets, Version=8.0.0.0, Culture=neutral, PublicKeyToken=b03f5f7f11d50a3a".
             Resolved file path is "/usr/share/dotnet/packs/Microsoft.NETCore.App.Ref/8.0.21/ref/net8.0/System.Net.WebSockets.dll".
             Reference found at search path location "{RawFileName}".
             This reference is not "CopyLocal" because at least one source item had "Private" set to "false" and no source items had "Private" set to "true".
             The ImageRuntimeVersion for this reference is "".
         Primary reference "System.Net, Version=4.0.0.0, Culture=neutral, PublicKeyToken=b03f5f7f11d50a3a".
             Resolved file path is "/usr/share/dotnet/packs/Microsoft.NETCore.App.Ref/8.0.21/ref/net8.0/System.Net.dll".
             Reference found at search path location "{RawFileName}".
             This reference is not "CopyLocal" because at least one source item had "Private" set to "false" and no source items had "Private" set to "true".
             The ImageRuntimeVersion for this reference is "".
         Primary reference "System.Numerics.Vectors, Version=8.0.0.0, Culture=neutral, PublicKeyToken=b03f5f7f11d50a3a".
             Resolved file path is "/usr/share/dotnet/packs/Microsoft.NETCore.App.Ref/8.0.21/ref/net8.0/System.Numerics.Vectors.dll".
             Reference found at search path location "{RawFileName}".
             This reference is not "CopyLocal" because at least one source item had "Private" set to "false" and no source items had "Private" set to "true".
             The ImageRuntimeVersion for this reference is "".
         Primary reference "System.Numerics, Version=4.0.0.0, Culture=neutral, PublicKeyToken=b77a5c561934e089".
             Resolved file path is "/usr/share/dotnet/packs/Microsoft.NETCore.App.Ref/8.0.21/ref/net8.0/System.Numerics.dll".
             Reference found at search path location "{RawFileName}".
             This reference is not "CopyLocal" because at least one source item had "Private" set to "false" and no source items had "Private" set to "true".
             The ImageRuntimeVersion for this reference is "".
         Primary reference "System.ObjectModel, Version=8.0.0.0, Culture=neutral, PublicKeyToken=b03f5f7f11d50a3a".
             Resolved file path is "/usr/share/dotnet/packs/Microsoft.NETCore.App.Ref/8.0.21/ref/net8.0/System.ObjectModel.dll".
             Reference found at search path location "{RawFileName}".
             This reference is not "CopyLocal" because at least one source item had "Private" set to "false" and no source items had "Private" set to "true".
             The ImageRuntimeVersion for this reference is "".
         Primary reference "System.Reflection.DispatchProxy, Version=8.0.0.0, Culture=neutral, PublicKeyToken=b03f5f7f11d50a3a".
             Resolved file path is "/usr/share/dotnet/packs/Microsoft.NETCore.App.Ref/8.0.21/ref/net8.0/System.Reflection.DispatchProxy.dll".
             Reference found at search path location "{RawFileName}".
             This reference is not "CopyLocal" because at least one source item had "Private" set to "false" and no source items had "Private" set to "true".
             The ImageRuntimeVersion for this reference is "".
         Primary reference "System.Reflection.Emit.ILGeneration, Version=8.0.0.0, Culture=neutral, PublicKeyToken=b03f5f7f11d50a3a".
             Resolved file path is "/usr/share/dotnet/packs/Microsoft.NETCore.App.Ref/8.0.21/ref/net8.0/System.Reflection.Emit.ILGeneration.dll".
             Reference found at search path location "{RawFileName}".
             This reference is not "CopyLocal" because at least one source item had "Private" set to "false" and no source items had "Private" set to "true".
             The ImageRuntimeVersion for this reference is "".
         Primary reference "System.Reflection.Emit.Lightweight, Version=8.0.0.0, Culture=neutral, PublicKeyToken=b03f5f7f11d50a3a".
             Resolved file path is "/usr/share/dotnet/packs/Microsoft.NETCore.App.Ref/8.0.21/ref/net8.0/System.Reflection.Emit.Lightweight.dll".
             Reference found at search path location "{RawFileName}".
             This reference is not "CopyLocal" because at least one source item had "Private" set to "false" and no source items had "Private" set to "true".
             The ImageRuntimeVersion for this reference is "".
         Primary reference "System.Reflection.Emit, Version=8.0.0.0, Culture=neutral, PublicKeyToken=b03f5f7f11d50a3a".
             Resolved file path is "/usr/share/dotnet/packs/Microsoft.NETCore.App.Ref/8.0.21/ref/net8.0/System.Reflection.Emit.dll".
             Reference found at search path location "{RawFileName}".
             This reference is not "CopyLocal" because at least one source item had "Private" set to "false" and no source items had "Private" set to "true".
             The ImageRuntimeVersion for this reference is "".
         Primary reference "System.Reflection.Extensions, Version=8.0.0.0, Culture=neutral, PublicKeyToken=b03f5f7f11d50a3a".
             Resolved file path is "/usr/share/dotnet/packs/Microsoft.NETCore.App.Ref/8.0.21/ref/net8.0/System.Reflection.Extensions.dll".
             Reference found at search path location "{RawFileName}".
             This reference is not "CopyLocal" because at least one source item had "Private" set to "false" and no source items had "Private" set to "true".
             The ImageRuntimeVersion for this reference is "".
         Primary reference "System.Reflection.Metadata, Version=8.0.0.0, Culture=neutral, PublicKeyToken=b03f5f7f11d50a3a".
             Resolved file path is "/usr/share/dotnet/packs/Microsoft.NETCore.App.Ref/8.0.21/ref/net8.0/System.Reflection.Metadata.dll".
             Reference found at search path location "{RawFileName}".
             This reference is not "CopyLocal" because at least one source item had "Private" set to "false" and no source items had "Private" set to "true".
             The ImageRuntimeVersion for this reference is "".
         Primary reference "System.Reflection.Primitives, Version=8.0.0.0, Culture=neutral, PublicKeyToken=b03f5f7f11d50a3a".
             Resolved file path is "/usr/share/dotnet/packs/Microsoft.NETCore.App.Ref/8.0.21/ref/net8.0/System.Reflection.Primitives.dll".
             Reference found at search path location "{RawFileName}".
             This reference is not "CopyLocal" because at least one source item had "Private" set to "false" and no source items had "Private" set to "true".
             The ImageRuntimeVersion for this reference is "".
         Primary reference "System.Reflection.TypeExtensions, Version=8.0.0.0, Culture=neutral, PublicKeyToken=b03f5f7f11d50a3a".
             Resolved file path is "/usr/share/dotnet/packs/Microsoft.NETCore.App.Ref/8.0.21/ref/net8.0/System.Reflection.TypeExtensions.dll".
             Reference found at search path location "{RawFileName}".
             This reference is not "CopyLocal" because at least one source item had "Private" set to "false" and no source items had "Private" set to "true".
             The ImageRuntimeVersion for this reference is "".
         Primary reference "System.Reflection, Version=8.0.0.0, Culture=neutral, PublicKeyToken=b03f5f7f11d50a3a".
             Resolved file path is "/usr/share/dotnet/packs/Microsoft.NETCore.App.Ref/8.0.21/ref/net8.0/System.Reflection.dll".
             Reference found at search path location "{RawFileName}".
             This reference is not "CopyLocal" because at least one source item had "Private" set to "false" and no source items had "Private" set to "true".
             The ImageRuntimeVersion for this reference is "".
         Primary reference "System.Resources.Reader, Version=8.0.0.0, Culture=neutral, PublicKeyToken=b03f5f7f11d50a3a".
             Resolved file path is "/usr/share/dotnet/packs/Microsoft.NETCore.App.Ref/8.0.21/ref/net8.0/System.Resources.Reader.dll".
             Reference found at search path location "{RawFileName}".
             This reference is not "CopyLocal" because at least one source item had "Private" set to "false" and no source items had "Private" set to "true".
             The ImageRuntimeVersion for this reference is "".
         Primary reference "System.Resources.ResourceManager, Version=8.0.0.0, Culture=neutral, PublicKeyToken=b03f5f7f11d50a3a".
             Resolved file path is "/usr/share/dotnet/packs/Microsoft.NETCore.App.Ref/8.0.21/ref/net8.0/System.Resources.ResourceManager.dll".
             Reference found at search path location "{RawFileName}".
             This reference is not "CopyLocal" because at least one source item had "Private" set to "false" and no source items had "Private" set to "true".
             The ImageRuntimeVersion for this reference is "".
         Primary reference "System.Resources.Writer, Version=8.0.0.0, Culture=neutral, PublicKeyToken=b03f5f7f11d50a3a".
             Resolved file path is "/usr/share/dotnet/packs/Microsoft.NETCore.App.Ref/8.0.21/ref/net8.0/System.Resources.Writer.dll".
             Reference found at search path location "{RawFileName}".
             This reference is not "CopyLocal" because at least one source item had "Private" set to "false" and no source items had "Private" set to "true".
             The ImageRuntimeVersion for this reference is "".
         Primary reference "System.Runtime.CompilerServices.Unsafe, Version=8.0.0.0, Culture=neutral, PublicKeyToken=b03f5f7f11d50a3a".
             Resolved file path is "/usr/share/dotnet/packs/Microsoft.NETCore.App.Ref/8.0.21/ref/net8.0/System.Runtime.CompilerServices.Unsafe.dll".
             Reference found at search path location "{RawFileName}".
             This reference is not "CopyLocal" because at least one source item had "Private" set to "false" and no source items had "Private" set to "true".
             The ImageRuntimeVersion for this reference is "".
         Primary reference "System.Runtime.CompilerServices.VisualC, Version=8.0.0.0, Culture=neutral, PublicKeyToken=b03f5f7f11d50a3a".
             Resolved file path is "/usr/share/dotnet/packs/Microsoft.NETCore.App.Ref/8.0.21/ref/net8.0/System.Runtime.CompilerServices.VisualC.dll".
             Reference found at search path location "{RawFileName}".
             This reference is not "CopyLocal" because at least one source item had "Private" set to "false" and no source items had "Private" set to "true".
             The ImageRuntimeVersion for this reference is "".
         Primary reference "System.Runtime.Extensions, Version=8.0.0.0, Culture=neutral, PublicKeyToken=b03f5f7f11d50a3a".
             Resolved file path is "/usr/share/dotnet/packs/Microsoft.NETCore.App.Ref/8.0.21/ref/net8.0/System.Runtime.Extensions.dll".
             Reference found at search path location "{RawFileName}".
             This reference is not "CopyLocal" because at least one source item had "Private" set to "false" and no source items had "Private" set to "true".
             The ImageRuntimeVersion for this reference is "".
         Primary reference "System.Runtime.Handles, Version=8.0.0.0, Culture=neutral, PublicKeyToken=b03f5f7f11d50a3a".
             Resolved file path is "/usr/share/dotnet/packs/Microsoft.NETCore.App.Ref/8.0.21/ref/net8.0/System.Runtime.Handles.dll".
             Reference found at search path location "{RawFileName}".
             This reference is not "CopyLocal" because at least one source item had "Private" set to "false" and no source items had "Private" set to "true".
             The ImageRuntimeVersion for this reference is "".
         Primary reference "System.Runtime.InteropServices.JavaScript, Version=8.0.0.0, Culture=neutral, PublicKeyToken=b03f5f7f11d50a3a".
             Resolved file path is "/usr/share/dotnet/packs/Microsoft.NETCore.App.Ref/8.0.21/ref/net8.0/System.Runtime.InteropServices.JavaScript.dll".
             Reference found at search path location "{RawFileName}".
             This reference is not "CopyLocal" because at least one source item had "Private" set to "false" and no source items had "Private" set to "true".
             The ImageRuntimeVersion for this reference is "".
         Primary reference "System.Runtime.InteropServices.RuntimeInformation, Version=8.0.0.0, Culture=neutral, PublicKeyToken=b03f5f7f11d50a3a".
             Resolved file path is "/usr/share/dotnet/packs/Microsoft.NETCore.App.Ref/8.0.21/ref/net8.0/System.Runtime.InteropServices.RuntimeInformation.dll".
             Reference found at search path location "{RawFileName}".
             This reference is not "CopyLocal" because at least one source item had "Private" set to "false" and no source items had "Private" set to "true".
             The ImageRuntimeVersion for this reference is "".
         Primary reference "System.Runtime.InteropServices, Version=8.0.0.0, Culture=neutral, PublicKeyToken=b03f5f7f11d50a3a".
             Resolved file path is "/usr/share/dotnet/packs/Microsoft.NETCore.App.Ref/8.0.21/ref/net8.0/System.Runtime.InteropServices.dll".
             Reference found at search path location "{RawFileName}".
             This reference is not "CopyLocal" because at least one source item had "Private" set to "false" and no source items had "Private" set to "true".
             The ImageRuntimeVersion for this reference is "".
         Primary reference "System.Runtime.Intrinsics, Version=8.0.0.0, Culture=neutral, PublicKeyToken=cc7b13ffcd2ddd51".
             Resolved file path is "/usr/share/dotnet/packs/Microsoft.NETCore.App.Ref/8.0.21/ref/net8.0/System.Runtime.Intrinsics.dll".
             Reference found at search path location "{RawFileName}".
             This reference is not "CopyLocal" because at least one source item had "Private" set to "false" and no source items had "Private" set to "true".
             The ImageRuntimeVersion for this reference is "".
         Primary reference "System.Runtime.Loader, Version=8.0.0.0, Culture=neutral, PublicKeyToken=b03f5f7f11d50a3a".
             Resolved file path is "/usr/share/dotnet/packs/Microsoft.NETCore.App.Ref/8.0.21/ref/net8.0/System.Runtime.Loader.dll".
             Reference found at search path location "{RawFileName}".
             This reference is not "CopyLocal" because at least one source item had "Private" set to "false" and no source items had "Private" set to "true".
             The ImageRuntimeVersion for this reference is "".
         Primary reference "System.Runtime.Numerics, Version=8.0.0.0, Culture=neutral, PublicKeyToken=b03f5f7f11d50a3a".
             Resolved file path is "/usr/share/dotnet/packs/Microsoft.NETCore.App.Ref/8.0.21/ref/net8.0/System.Runtime.Numerics.dll".
             Reference found at search path location "{RawFileName}".
             This reference is not "CopyLocal" because at least one source item had "Private" set to "false" and no source items had "Private" set to "true".
             The ImageRuntimeVersion for this reference is "".
         Primary reference "System.Runtime.Serialization.Formatters, Version=8.0.0.0, Culture=neutral, PublicKeyToken=b03f5f7f11d50a3a".
             Resolved file path is "/usr/share/dotnet/packs/Microsoft.NETCore.App.Ref/8.0.21/ref/net8.0/System.Runtime.Serialization.Formatters.dll".
             Reference found at search path location "{RawFileName}".
             This reference is not "CopyLocal" because at least one source item had "Private" set to "false" and no source items had "Private" set to "true".
             The ImageRuntimeVersion for this reference is "".
         Primary reference "System.Runtime.Serialization.Json, Version=8.0.0.0, Culture=neutral, PublicKeyToken=b03f5f7f11d50a3a".
             Resolved file path is "/usr/share/dotnet/packs/Microsoft.NETCore.App.Ref/8.0.21/ref/net8.0/System.Runtime.Serialization.Json.dll".
             Reference found at search path location "{RawFileName}".
             This reference is not "CopyLocal" because at least one source item had "Private" set to "false" and no source items had "Private" set to "true".
             The ImageRuntimeVersion for this reference is "".
         Primary reference "System.Runtime.Serialization.Primitives, Version=8.0.0.0, Culture=neutral, PublicKeyToken=b03f5f7f11d50a3a".
             Resolved file path is "/usr/share/dotnet/packs/Microsoft.NETCore.App.Ref/8.0.21/ref/net8.0/System.Runtime.Serialization.Primitives.dll".
             Reference found at search path location "{RawFileName}".
             This reference is not "CopyLocal" because at least one source item had "Private" set to "false" and no source items had "Private" set to "true".
             The ImageRuntimeVersion for this reference is "".
         Primary reference "System.Runtime.Serialization.Xml, Version=8.0.0.0, Culture=neutral, PublicKeyToken=b03f5f7f11d50a3a".
             Resolved file path is "/usr/share/dotnet/packs/Microsoft.NETCore.App.Ref/8.0.21/ref/net8.0/System.Runtime.Serialization.Xml.dll".
             Reference found at search path location "{RawFileName}".
             This reference is not "CopyLocal" because at least one source item had "Private" set to "false" and no source items had "Private" set to "true".
             The ImageRuntimeVersion for this reference is "".
         Primary reference "System.Runtime.Serialization, Version=4.0.0.0, Culture=neutral, PublicKeyToken=b77a5c561934e089".
             Resolved file path is "/usr/share/dotnet/packs/Microsoft.NETCore.App.Ref/8.0.21/ref/net8.0/System.Runtime.Serialization.dll".
             Reference found at search path location "{RawFileName}".
             This reference is not "CopyLocal" because at least one source item had "Private" set to "false" and no source items had "Private" set to "true".
             The ImageRuntimeVersion for this reference is "".
         Primary reference "System.Runtime, Version=8.0.0.0, Culture=neutral, PublicKeyToken=b03f5f7f11d50a3a".
             Resolved file path is "/usr/share/dotnet/packs/Microsoft.NETCore.App.Ref/8.0.21/ref/net8.0/System.Runtime.dll".
             Reference found at search path location "{RawFileName}".
             This reference is not "CopyLocal" because at least one source item had "Private" set to "false" and no source items had "Private" set to "true".
             The ImageRuntimeVersion for this reference is "".
         Primary reference "System.Security.AccessControl, Version=8.0.0.0, Culture=neutral, PublicKeyToken=b03f5f7f11d50a3a".
             Resolved file path is "/usr/share/dotnet/packs/Microsoft.NETCore.App.Ref/8.0.21/ref/net8.0/System.Security.AccessControl.dll".
             Reference found at search path location "{RawFileName}".
             This reference is not "CopyLocal" because at least one source item had "Private" set to "false" and no source items had "Private" set to "true".
             The ImageRuntimeVersion for this reference is "".
         Primary reference "System.Security.Claims, Version=8.0.0.0, Culture=neutral, PublicKeyToken=b03f5f7f11d50a3a".
             Resolved file path is "/usr/share/dotnet/packs/Microsoft.NETCore.App.Ref/8.0.21/ref/net8.0/System.Security.Claims.dll".
             Reference found at search path location "{RawFileName}".
             This reference is not "CopyLocal" because at least one source item had "Private" set to "false" and no source items had "Private" set to "true".
             The ImageRuntimeVersion for this reference is "".
         Primary reference "System.Security.Cryptography.Algorithms, Version=8.0.0.0, Culture=neutral, PublicKeyToken=b03f5f7f11d50a3a".
             Resolved file path is "/usr/share/dotnet/packs/Microsoft.NETCore.App.Ref/8.0.21/ref/net8.0/System.Security.Cryptography.Algorithms.dll".
             Reference found at search path location "{RawFileName}".
             This reference is not "CopyLocal" because at least one source item had "Private" set to "false" and no source items had "Private" set to "true".
             The ImageRuntimeVersion for this reference is "".
         Primary reference "System.Security.Cryptography.Cng, Version=8.0.0.0, Culture=neutral, PublicKeyToken=b03f5f7f11d50a3a".
             Resolved file path is "/usr/share/dotnet/packs/Microsoft.NETCore.App.Ref/8.0.21/ref/net8.0/System.Security.Cryptography.Cng.dll".
             Reference found at search path location "{RawFileName}".
             This reference is not "CopyLocal" because at least one source item had "Private" set to "false" and no source items had "Private" set to "true".
             The ImageRuntimeVersion for this reference is "".
         Primary reference "System.Security.Cryptography.Csp, Version=8.0.0.0, Culture=neutral, PublicKeyToken=b03f5f7f11d50a3a".
             Resolved file path is "/usr/share/dotnet/packs/Microsoft.NETCore.App.Ref/8.0.21/ref/net8.0/System.Security.Cryptography.Csp.dll".
             Reference found at search path location "{RawFileName}".
             This reference is not "CopyLocal" because at least one source item had "Private" set to "false" and no source items had "Private" set to "true".
             The ImageRuntimeVersion for this reference is "".
         Primary reference "System.Security.Cryptography.Encoding, Version=8.0.0.0, Culture=neutral, PublicKeyToken=b03f5f7f11d50a3a".
             Resolved file path is "/usr/share/dotnet/packs/Microsoft.NETCore.App.Ref/8.0.21/ref/net8.0/System.Security.Cryptography.Encoding.dll".
             Reference found at search path location "{RawFileName}".
             This reference is not "CopyLocal" because at least one source item had "Private" set to "false" and no source items had "Private" set to "true".
             The ImageRuntimeVersion for this reference is "".
         Primary reference "System.Security.Cryptography.OpenSsl, Version=8.0.0.0, Culture=neutral, PublicKeyToken=b03f5f7f11d50a3a".
             Resolved file path is "/usr/share/dotnet/packs/Microsoft.NETCore.App.Ref/8.0.21/ref/net8.0/System.Security.Cryptography.OpenSsl.dll".
             Reference found at search path location "{RawFileName}".
             This reference is not "CopyLocal" because at least one source item had "Private" set to "false" and no source items had "Private" set to "true".
             The ImageRuntimeVersion for this reference is "".
         Primary reference "System.Security.Cryptography.Primitives, Version=8.0.0.0, Culture=neutral, PublicKeyToken=b03f5f7f11d50a3a".
             Resolved file path is "/usr/share/dotnet/packs/Microsoft.NETCore.App.Ref/8.0.21/ref/net8.0/System.Security.Cryptography.Primitives.dll".
             Reference found at search path location "{RawFileName}".
             This reference is not "CopyLocal" because at least one source item had "Private" set to "false" and no source items had "Private" set to "true".
             The ImageRuntimeVersion for this reference is "".
         Primary reference "System.Security.Cryptography.X509Certificates, Version=8.0.0.0, Culture=neutral, PublicKeyToken=b03f5f7f11d50a3a".
             Resolved file path is "/usr/share/dotnet/packs/Microsoft.NETCore.App.Ref/8.0.21/ref/net8.0/System.Security.Cryptography.X509Certificates.dll".
             Reference found at search path location "{RawFileName}".
             This reference is not "CopyLocal" because at least one source item had "Private" set to "false" and no source items had "Private" set to "true".
             The ImageRuntimeVersion for this reference is "".
         Primary reference "System.Security.Cryptography, Version=8.0.0.0, Culture=neutral, PublicKeyToken=b03f5f7f11d50a3a".
             Resolved file path is "/usr/share/dotnet/packs/Microsoft.NETCore.App.Ref/8.0.21/ref/net8.0/System.Security.Cryptography.dll".
             Reference found at search path location "{RawFileName}".
             This reference is not "CopyLocal" because at least one source item had "Private" set to "false" and no source items had "Private" set to "true".
             The ImageRuntimeVersion for this reference is "".
         Primary reference "System.Security.Principal.Windows, Version=8.0.0.0, Culture=neutral, PublicKeyToken=b03f5f7f11d50a3a".
             Resolved file path is "/usr/share/dotnet/packs/Microsoft.NETCore.App.Ref/8.0.21/ref/net8.0/System.Security.Principal.Windows.dll".
             Reference found at search path location "{RawFileName}".
             This reference is not "CopyLocal" because at least one source item had "Private" set to "false" and no source items had "Private" set to "true".
             The ImageRuntimeVersion for this reference is "".
         Primary reference "System.Security.Principal, Version=8.0.0.0, Culture=neutral, PublicKeyToken=b03f5f7f11d50a3a".
             Resolved file path is "/usr/share/dotnet/packs/Microsoft.NETCore.App.Ref/8.0.21/ref/net8.0/System.Security.Principal.dll".
             Reference found at search path location "{RawFileName}".
             This reference is not "CopyLocal" because at least one source item had "Private" set to "false" and no source items had "Private" set to "true".
             The ImageRuntimeVersion for this reference is "".
         Primary reference "System.Security.SecureString, Version=8.0.0.0, Culture=neutral, PublicKeyToken=b03f5f7f11d50a3a".
             Resolved file path is "/usr/share/dotnet/packs/Microsoft.NETCore.App.Ref/8.0.21/ref/net8.0/System.Security.SecureString.dll".
             Reference found at search path location "{RawFileName}".
             This reference is not "CopyLocal" because at least one source item had "Private" set to "false" and no source items had "Private" set to "true".
             The ImageRuntimeVersion for this reference is "".
         Primary reference "System.Security, Version=4.0.0.0, Culture=neutral, PublicKeyToken=b03f5f7f11d50a3a".
             Resolved file path is "/usr/share/dotnet/packs/Microsoft.NETCore.App.Ref/8.0.21/ref/net8.0/System.Security.dll".
             Reference found at search path location "{RawFileName}".
             This reference is not "CopyLocal" because at least one source item had "Private" set to "false" and no source items had "Private" set to "true".
             The ImageRuntimeVersion for this reference is "".
         Primary reference "System.ServiceModel.Web, Version=4.0.0.0, Culture=neutral, PublicKeyToken=31bf3856ad364e35".
             Resolved file path is "/usr/share/dotnet/packs/Microsoft.NETCore.App.Ref/8.0.21/ref/net8.0/System.ServiceModel.Web.dll".
             Reference found at search path location "{RawFileName}".
             This reference is not "CopyLocal" because at least one source item had "Private" set to "false" and no source items had "Private" set to "true".
             The ImageRuntimeVersion for this reference is "".
         Primary reference "System.ServiceProcess, Version=4.0.0.0, Culture=neutral, PublicKeyToken=b03f5f7f11d50a3a".
             Resolved file path is "/usr/share/dotnet/packs/Microsoft.NETCore.App.Ref/8.0.21/ref/net8.0/System.ServiceProcess.dll".
             Reference found at search path location "{RawFileName}".
             This reference is not "CopyLocal" because at least one source item had "Private" set to "false" and no source items had "Private" set to "true".
             The ImageRuntimeVersion for this reference is "".
         Primary reference "System.Text.Encoding.CodePages, Version=8.0.0.0, Culture=neutral, PublicKeyToken=b03f5f7f11d50a3a".
             Resolved file path is "/usr/share/dotnet/packs/Microsoft.NETCore.App.Ref/8.0.21/ref/net8.0/System.Text.Encoding.CodePages.dll".
             Reference found at search path location "{RawFileName}".
             This reference is not "CopyLocal" because at least one source item had "Private" set to "false" and no source items had "Private" set to "true".
             The ImageRuntimeVersion for this reference is "".
         Primary reference "System.Text.Encoding.Extensions, Version=8.0.0.0, Culture=neutral, PublicKeyToken=b03f5f7f11d50a3a".
             Resolved file path is "/usr/share/dotnet/packs/Microsoft.NETCore.App.Ref/8.0.21/ref/net8.0/System.Text.Encoding.Extensions.dll".
             Reference found at search path location "{RawFileName}".
             This reference is not "CopyLocal" because at least one source item had "Private" set to "false" and no source items had "Private" set to "true".
             The ImageRuntimeVersion for this reference is "".
         Primary reference "System.Text.Encoding, Version=8.0.0.0, Culture=neutral, PublicKeyToken=b03f5f7f11d50a3a".
             Resolved file path is "/usr/share/dotnet/packs/Microsoft.NETCore.App.Ref/8.0.21/ref/net8.0/System.Text.Encoding.dll".
             Reference found at search path location "{RawFileName}".
             This reference is not "CopyLocal" because at least one source item had "Private" set to "false" and no source items had "Private" set to "true".
             The ImageRuntimeVersion for this reference is "".
         Primary reference "System.Text.Encodings.Web, Version=8.0.0.0, Culture=neutral, PublicKeyToken=cc7b13ffcd2ddd51".
             Resolved file path is "/usr/share/dotnet/packs/Microsoft.NETCore.App.Ref/8.0.21/ref/net8.0/System.Text.Encodings.Web.dll".
             Reference found at search path location "{RawFileName}".
             This reference is not "CopyLocal" because at least one source item had "Private" set to "false" and no source items had "Private" set to "true".
             The ImageRuntimeVersion for this reference is "".
         Primary reference "System.Text.Json, Version=8.0.0.0, Culture=neutral, PublicKeyToken=cc7b13ffcd2ddd51".
             Resolved file path is "/usr/share/dotnet/packs/Microsoft.NETCore.App.Ref/8.0.21/ref/net8.0/System.Text.Json.dll".
             Reference found at search path location "{RawFileName}".
             This reference is not "CopyLocal" because at least one source item had "Private" set to "false" and no source items had "Private" set to "true".
             The ImageRuntimeVersion for this reference is "".
         Primary reference "System.Text.RegularExpressions, Version=8.0.0.0, Culture=neutral, PublicKeyToken=b03f5f7f11d50a3a".
             Resolved file path is "/usr/share/dotnet/packs/Microsoft.NETCore.App.Ref/8.0.21/ref/net8.0/System.Text.RegularExpressions.dll".
             Reference found at search path location "{RawFileName}".
             This reference is not "CopyLocal" because at least one source item had "Private" set to "false" and no source items had "Private" set to "true".
             The ImageRuntimeVersion for this reference is "".
         Primary reference "System.Threading.Channels, Version=8.0.0.0, Culture=neutral, PublicKeyToken=cc7b13ffcd2ddd51".
             Resolved file path is "/usr/share/dotnet/packs/Microsoft.NETCore.App.Ref/8.0.21/ref/net8.0/System.Threading.Channels.dll".
             Reference found at search path location "{RawFileName}".
             This reference is not "CopyLocal" because at least one source item had "Private" set to "false" and no source items had "Private" set to "true".
             The ImageRuntimeVersion for this reference is "".
         Primary reference "System.Threading.Overlapped, Version=8.0.0.0, Culture=neutral, PublicKeyToken=b03f5f7f11d50a3a".
             Resolved file path is "/usr/share/dotnet/packs/Microsoft.NETCore.App.Ref/8.0.21/ref/net8.0/System.Threading.Overlapped.dll".
             Reference found at search path location "{RawFileName}".
             This reference is not "CopyLocal" because at least one source item had "Private" set to "false" and no source items had "Private" set to "true".
             The ImageRuntimeVersion for this reference is "".
         Primary reference "System.Threading.Tasks.Dataflow, Version=8.0.0.0, Culture=neutral, PublicKeyToken=b03f5f7f11d50a3a".
             Resolved file path is "/usr/share/dotnet/packs/Microsoft.NETCore.App.Ref/8.0.21/ref/net8.0/System.Threading.Tasks.Dataflow.dll".
             Reference found at search path location "{RawFileName}".
             This reference is not "CopyLocal" because at least one source item had "Private" set to "false" and no source items had "Private" set to "true".
             The ImageRuntimeVersion for this reference is "".
         Primary reference "System.Threading.Tasks.Extensions, Version=8.0.0.0, Culture=neutral, PublicKeyToken=cc7b13ffcd2ddd51".
             Resolved file path is "/usr/share/dotnet/packs/Microsoft.NETCore.App.Ref/8.0.21/ref/net8.0/System.Threading.Tasks.Extensions.dll".
             Reference found at search path location "{RawFileName}".
             This reference is not "CopyLocal" because at least one source item had "Private" set to "false" and no source items had "Private" set to "true".
             The ImageRuntimeVersion for this reference is "".
         Primary reference "System.Threading.Tasks.Parallel, Version=8.0.0.0, Culture=neutral, PublicKeyToken=b03f5f7f11d50a3a".
             Resolved file path is "/usr/share/dotnet/packs/Microsoft.NETCore.App.Ref/8.0.21/ref/net8.0/System.Threading.Tasks.Parallel.dll".
             Reference found at search path location "{RawFileName}".
             This reference is not "CopyLocal" because at least one source item had "Private" set to "false" and no source items had "Private" set to "true".
             The ImageRuntimeVersion for this reference is "".
         Primary reference "System.Threading.Tasks, Version=8.0.0.0, Culture=neutral, PublicKeyToken=b03f5f7f11d50a3a".
             Resolved file path is "/usr/share/dotnet/packs/Microsoft.NETCore.App.Ref/8.0.21/ref/net8.0/System.Threading.Tasks.dll".
             Reference found at search path location "{RawFileName}".
             This reference is not "CopyLocal" because at least one source item had "Private" set to "false" and no source items had "Private" set to "true".
             The ImageRuntimeVersion for this reference is "".
         Primary reference "System.Threading.Thread, Version=8.0.0.0, Culture=neutral, PublicKeyToken=b03f5f7f11d50a3a".
             Resolved file path is "/usr/share/dotnet/packs/Microsoft.NETCore.App.Ref/8.0.21/ref/net8.0/System.Threading.Thread.dll".
             Reference found at search path location "{RawFileName}".
             This reference is not "CopyLocal" because at least one source item had "Private" set to "false" and no source items had "Private" set to "true".
             The ImageRuntimeVersion for this reference is "".
         Primary reference "System.Threading.ThreadPool, Version=8.0.0.0, Culture=neutral, PublicKeyToken=b03f5f7f11d50a3a".
             Resolved file path is "/usr/share/dotnet/packs/Microsoft.NETCore.App.Ref/8.0.21/ref/net8.0/System.Threading.ThreadPool.dll".
             Reference found at search path location "{RawFileName}".
             This reference is not "CopyLocal" because at least one source item had "Private" set to "false" and no source items had "Private" set to "true".
             The ImageRuntimeVersion for this reference is "".
         Primary reference "System.Threading.Timer, Version=8.0.0.0, Culture=neutral, PublicKeyToken=b03f5f7f11d50a3a".
             Resolved file path is "/usr/share/dotnet/packs/Microsoft.NETCore.App.Ref/8.0.21/ref/net8.0/System.Threading.Timer.dll".
             Reference found at search path location "{RawFileName}".
             This reference is not "CopyLocal" because at least one source item had "Private" set to "false" and no source items had "Private" set to "true".
             The ImageRuntimeVersion for this reference is "".
         Primary reference "System.Threading, Version=8.0.0.0, Culture=neutral, PublicKeyToken=b03f5f7f11d50a3a".
             Resolved file path is "/usr/share/dotnet/packs/Microsoft.NETCore.App.Ref/8.0.21/ref/net8.0/System.Threading.dll".
             Reference found at search path location "{RawFileName}".
             This reference is not "CopyLocal" because at least one source item had "Private" set to "false" and no source items had "Private" set to "true".
             The ImageRuntimeVersion for this reference is "".
         Primary reference "System.Transactions.Local, Version=8.0.0.0, Culture=neutral, PublicKeyToken=cc7b13ffcd2ddd51".
             Resolved file path is "/usr/share/dotnet/packs/Microsoft.NETCore.App.Ref/8.0.21/ref/net8.0/System.Transactions.Local.dll".
             Reference found at search path location "{RawFileName}".
             This reference is not "CopyLocal" because at least one source item had "Private" set to "false" and no source items had "Private" set to "true".
             The ImageRuntimeVersion for this reference is "".
         Primary reference "System.Transactions, Version=4.0.0.0, Culture=neutral, PublicKeyToken=b77a5c561934e089".
             Resolved file path is "/usr/share/dotnet/packs/Microsoft.NETCore.App.Ref/8.0.21/ref/net8.0/System.Transactions.dll".
             Reference found at search path location "{RawFileName}".
             This reference is not "CopyLocal" because at least one source item had "Private" set to "false" and no source items had "Private" set to "true".
             The ImageRuntimeVersion for this reference is "".
         Primary reference "System.ValueTuple, Version=8.0.0.0, Culture=neutral, PublicKeyToken=cc7b13ffcd2ddd51".
             Resolved file path is "/usr/share/dotnet/packs/Microsoft.NETCore.App.Ref/8.0.21/ref/net8.0/System.ValueTuple.dll".
             Reference found at search path location "{RawFileName}".
             This reference is not "CopyLocal" because at least one source item had "Private" set to "false" and no source items had "Private" set to "true".
             The ImageRuntimeVersion for this reference is "".
         Primary reference "System.Web.HttpUtility, Version=8.0.0.0, Culture=neutral, PublicKeyToken=cc7b13ffcd2ddd51".
             Resolved file path is "/usr/share/dotnet/packs/Microsoft.NETCore.App.Ref/8.0.21/ref/net8.0/System.Web.HttpUtility.dll".
             Reference found at search path location "{RawFileName}".
             This reference is not "CopyLocal" because at least one source item had "Private" set to "false" and no source items had "Private" set to "true".
             The ImageRuntimeVersion for this reference is "".
         Primary reference "System.Web, Version=4.0.0.0, Culture=neutral, PublicKeyToken=b03f5f7f11d50a3a".
             Resolved file path is "/usr/share/dotnet/packs/Microsoft.NETCore.App.Ref/8.0.21/ref/net8.0/System.Web.dll".
             Reference found at search path location "{RawFileName}".
             This reference is not "CopyLocal" because at least one source item had "Private" set to "false" and no source items had "Private" set to "true".
             The ImageRuntimeVersion for this reference is "".
         Primary reference "System.Windows, Version=4.0.0.0, Culture=neutral, PublicKeyToken=b03f5f7f11d50a3a".
             Resolved file path is "/usr/share/dotnet/packs/Microsoft.NETCore.App.Ref/8.0.21/ref/net8.0/System.Windows.dll".
             Reference found at search path location "{RawFileName}".
             This reference is not "CopyLocal" because at least one source item had "Private" set to "false" and no source items had "Private" set to "true".
             The ImageRuntimeVersion for this reference is "".
         Primary reference "System.Xml.Linq, Version=4.0.0.0, Culture=neutral, PublicKeyToken=b77a5c561934e089".
             Resolved file path is "/usr/share/dotnet/packs/Microsoft.NETCore.App.Ref/8.0.21/ref/net8.0/System.Xml.Linq.dll".
             Reference found at search path location "{RawFileName}".
             This reference is not "CopyLocal" because at least one source item had "Private" set to "false" and no source items had "Private" set to "true".
             The ImageRuntimeVersion for this reference is "".
         Primary reference "System.Xml.ReaderWriter, Version=8.0.0.0, Culture=neutral, PublicKeyToken=b03f5f7f11d50a3a".
             Resolved file path is "/usr/share/dotnet/packs/Microsoft.NETCore.App.Ref/8.0.21/ref/net8.0/System.Xml.ReaderWriter.dll".
             Reference found at search path location "{RawFileName}".
             This reference is not "CopyLocal" because at least one source item had "Private" set to "false" and no source items had "Private" set to "true".
             The ImageRuntimeVersion for this reference is "".
         Primary reference "System.Xml.Serialization, Version=4.0.0.0, Culture=neutral, PublicKeyToken=b77a5c561934e089".
             Resolved file path is "/usr/share/dotnet/packs/Microsoft.NETCore.App.Ref/8.0.21/ref/net8.0/System.Xml.Serialization.dll".
             Reference found at search path location "{RawFileName}".
             This reference is not "CopyLocal" because at least one source item had "Private" set to "false" and no source items had "Private" set to "true".
             The ImageRuntimeVersion for this reference is "".
         Primary reference "System.Xml.XDocument, Version=8.0.0.0, Culture=neutral, PublicKeyToken=b03f5f7f11d50a3a".
             Resolved file path is "/usr/share/dotnet/packs/Microsoft.NETCore.App.Ref/8.0.21/ref/net8.0/System.Xml.XDocument.dll".
             Reference found at search path location "{RawFileName}".
             This reference is not "CopyLocal" because at least one source item had "Private" set to "false" and no source items had "Private" set to "true".
             The ImageRuntimeVersion for this reference is "".
         Primary reference "System.Xml.XPath.XDocument, Version=8.0.0.0, Culture=neutral, PublicKeyToken=b03f5f7f11d50a3a".
             Resolved file path is "/usr/share/dotnet/packs/Microsoft.NETCore.App.Ref/8.0.21/ref/net8.0/System.Xml.XPath.XDocument.dll".
             Reference found at search path location "{RawFileName}".
             This reference is not "CopyLocal" because at least one source item had "Private" set to "false" and no source items had "Private" set to "true".
             The ImageRuntimeVersion for this reference is "".
         Primary reference "System.Xml.XPath, Version=8.0.0.0, Culture=neutral, PublicKeyToken=b03f5f7f11d50a3a".
             Resolved file path is "/usr/share/dotnet/packs/Microsoft.NETCore.App.Ref/8.0.21/ref/net8.0/System.Xml.XPath.dll".
             Reference found at search path location "{RawFileName}".
             This reference is not "CopyLocal" because at least one source item had "Private" set to "false" and no source items had "Private" set to "true".
             The ImageRuntimeVersion for this reference is "".
         Primary reference "System.Xml.XmlDocument, Version=8.0.0.0, Culture=neutral, PublicKeyToken=b03f5f7f11d50a3a".
             Resolved file path is "/usr/share/dotnet/packs/Microsoft.NETCore.App.Ref/8.0.21/ref/net8.0/System.Xml.XmlDocument.dll".
             Reference found at search path location "{RawFileName}".
             This reference is not "CopyLocal" because at least one source item had "Private" set to "false" and no source items had "Private" set to "true".
             The ImageRuntimeVersion for this reference is "".
         Primary reference "System.Xml.XmlSerializer, Version=8.0.0.0, Culture=neutral, PublicKeyToken=b03f5f7f11d50a3a".
             Resolved file path is "/usr/share/dotnet/packs/Microsoft.NETCore.App.Ref/8.0.21/ref/net8.0/System.Xml.XmlSerializer.dll".
             Reference found at search path location "{RawFileName}".
             This reference is not "CopyLocal" because at least one source item had "Private" set to "false" and no source items had "Private" set to "true".
             The ImageRuntimeVersion for this reference is "".
         Primary reference "System.Xml, Version=4.0.0.0, Culture=neutral, PublicKeyToken=b77a5c561934e089".
             Resolved file path is "/usr/share/dotnet/packs/Microsoft.NETCore.App.Ref/8.0.21/ref/net8.0/System.Xml.dll".
             Reference found at search path location "{RawFileName}".
             This reference is not "CopyLocal" because at least one source item had "Private" set to "false" and no source items had "Private" set to "true".
             The ImageRuntimeVersion for this reference is "".
         Primary reference "System, Version=4.0.0.0, Culture=neutral, PublicKeyToken=b77a5c561934e089".
             Resolved file path is "/usr/share/dotnet/packs/Microsoft.NETCore.App.Ref/8.0.21/ref/net8.0/System.dll".
             Reference found at search path location "{RawFileName}".
             This reference is not "CopyLocal" because at least one source item had "Private" set to "false" and no source items had "Private" set to "true".
             The ImageRuntimeVersion for this reference is "".
         Primary reference "WindowsBase, Version=4.0.0.0, Culture=neutral, PublicKeyToken=31bf3856ad364e35".
             Resolved file path is "/usr/share/dotnet/packs/Microsoft.NETCore.App.Ref/8.0.21/ref/net8.0/WindowsBase.dll".
             Reference found at search path location "{RawFileName}".
             This reference is not "CopyLocal" because at least one source item had "Private" set to "false" and no source items had "Private" set to "true".
             The ImageRuntimeVersion for this reference is "".
         Primary reference "mscorlib, Version=4.0.0.0, Culture=neutral, PublicKeyToken=b77a5c561934e089".
             Resolved file path is "/usr/share/dotnet/packs/Microsoft.NETCore.App.Ref/8.0.21/ref/net8.0/mscorlib.dll".
             Reference found at search path location "{RawFileName}".
             This reference is not "CopyLocal" because at least one source item had "Private" set to "false" and no source items had "Private" set to "true".
             The ImageRuntimeVersion for this reference is "".
         Primary reference "netstandard, Version=2.1.0.0, Culture=neutral, PublicKeyToken=cc7b13ffcd2ddd51".
             Resolved file path is "/usr/share/dotnet/packs/Microsoft.NETCore.App.Ref/8.0.21/ref/net8.0/netstandard.dll".
             Reference found at search path location "{RawFileName}".
             This reference is not "CopyLocal" because at least one source item had "Private" set to "false" and no source items had "Private" set to "true".
             The ImageRuntimeVersion for this reference is "".
       Done executing task "ResolveAssemblyReference".
 10:13>Done building target "ResolveAssemblyReferences" in project "KChief.Platform.Core.csproj".
       Target "GenerateBindingRedirects" skipped, due to false condition; ('$(AutoGenerateBindingRedirects)' == 'true' and '$(GenerateBindingRedirectsOutputType)' == 'true' and '@(SuggestedBindingRedirects)' != '' and '$(DesignTimeBuild)' != 'true' and '$(BuildingProject)' == 'true') was evaluated as ('' == 'true' and '' == 'true' and '' != '' and '' != 'true' and 'true' == 'true').
       Target "GenerateSupportedRuntime" skipped, due to false condition; ('$(GenerateSupportedRuntime)' != 'false' and '$(TargetFrameworkIdentifier)' == '.NETFramework' and '$(HasRuntimeOutput)' == 'true') was evaluated as ('' != 'false' and '.NETCoreApp' == '.NETFramework' and '' == 'true').
       Target "GenerateBindingRedirectsUpdateAppConfig" skipped, due to false condition; ('$(AutoGenerateBindingRedirects)' == 'true' and '$(GenerateBindingRedirectsOutputType)' == 'true') was evaluated as ('' == 'true' and '' == 'true').
       Target "ResolveComReferences" skipped, due to false condition; ('@(COMReference)'!='' or '@(COMFileReference)'!='') was evaluated as (''!='' or ''!='').
 10:13>Target "AfterResolveReferences" in file "/usr/share/dotnet/sdk/8.0.415/Microsoft.Common.CurrentVersion.targets" from project "/home/saidul/Desktop/K-Chief Marine Automation Platform/src/KChief.Platform.Core/KChief.Platform.Core.csproj" (target "ResolveReferences" depends on it):
 10:13>Done building target "AfterResolveReferences" in project "KChief.Platform.Core.csproj".
 10:13>Target "ResolveReferences" in file "/usr/share/dotnet/sdk/8.0.415/Microsoft.Common.CurrentVersion.targets" from project "/home/saidul/Desktop/K-Chief Marine Automation Platform/src/KChief.Platform.Core/KChief.Platform.Core.csproj" (target "_BlockWinMDsOnUnsupportedTFMs" depends on it):
 10:13>Done building target "ResolveReferences" in project "KChief.Platform.Core.csproj".
 10:13>Target "_BlockWinMDsOnUnsupportedTFMs" in file "/usr/share/dotnet/sdk/8.0.415/Sdks/Microsoft.NET.Sdk/targets/Microsoft.NET.Sdk.targets" from project "/home/saidul/Desktop/K-Chief Marine Automation Platform/src/KChief.Platform.Core/KChief.Platform.Core.csproj" (target "CoreBuild" depends on it):
       Using "CheckForUnsupportedWinMDReferences" task from assembly "/usr/share/dotnet/sdk/8.0.415/Sdks/Microsoft.NET.Sdk/targets/../tools/net8.0/Microsoft.NET.Build.Tasks.dll".
       Task "CheckForUnsupportedWinMDReferences"
       Done executing task "CheckForUnsupportedWinMDReferences".
       Task "NETSdkError" skipped, due to false condition; ('$(OutputType)' == 'winmdobj') was evaluated as ('Library' == 'winmdobj').
 10:13>Done building target "_BlockWinMDsOnUnsupportedTFMs" in project "KChief.Platform.Core.csproj".
       Target "ResolveReferences" skipped. Previously built successfully.
       Target "ResolvePackageDependenciesForBuild" skipped. Previously built successfully.
       Target "_HandlePackageFileConflicts" skipped. Previously built successfully.
 10:13>Target "CopyAdditionalFiles" in file "/usr/share/dotnet/sdk/8.0.415/Roslyn/Microsoft.Managed.Core.targets" from project "/home/saidul/Desktop/K-Chief Marine Automation Platform/src/KChief.Platform.Core/KChief.Platform.Core.csproj" (target "AssignTargetPaths" depends on it):
 10:13>Done building target "CopyAdditionalFiles" in project "KChief.Platform.Core.csproj".
       Target "_ChooseAppHost" skipped, due to false condition; ('$(UseAppHost)' == 'true' and '$(_IsExecutable)' == 'true') was evaluated as ('' == 'true' and '' == 'true').
       Target "_GetComHostPaths" skipped, due to false condition; ('$(EnableComHosting)' == 'true' and '$(_IsExecutable)' != 'true') was evaluated as ('' == 'true' and '' != 'true').
       Target "_GetIjwHostPaths" skipped, due to false condition; ('$(UseIJWHost)' == 'true') was evaluated as ('' == 'true').
 10:13>Target "_ComputeNETCoreBuildOutputFiles" in file "/usr/share/dotnet/sdk/8.0.415/Sdks/Microsoft.NET.Sdk/targets/Microsoft.NET.Sdk.targets" from project "/home/saidul/Desktop/K-Chief Marine Automation Platform/src/KChief.Platform.Core/KChief.Platform.Core.csproj" (target "AssignTargetPaths" depends on it):
 10:13>Done building target "_ComputeNETCoreBuildOutputFiles" in project "KChief.Platform.Core.csproj".
 10:13>Target "AssignTargetPaths" in file "/usr/share/dotnet/sdk/8.0.415/Microsoft.Common.CurrentVersion.targets" from project "/home/saidul/Desktop/K-Chief Marine Automation Platform/src/KChief.Platform.Core/KChief.Platform.Core.csproj" (target "PrepareResourceNames" depends on it):
       Using "AssignTargetPath" task from assembly "Microsoft.Build.Tasks.Core, Version=15.1.0.0, Culture=neutral, PublicKeyToken=b03f5f7f11d50a3a".
       Task "AssignTargetPath"
       Done executing task "AssignTargetPath".
       Task "AssignTargetPath"
       Done executing task "AssignTargetPath".
       Task "AssignTargetPath"
       Done executing task "AssignTargetPath".
       Task "AssignTargetPath"
       Done executing task "AssignTargetPath".
       Task "AssignTargetPath" skipped, due to false condition; ('@(_DeploymentBaseManifestWithTargetPath)'=='' and '%(None.Extension)'=='.manifest') was evaluated as (''=='' and ''=='.manifest').
 10:13>Done building target "AssignTargetPaths" in project "KChief.Platform.Core.csproj".
       Target "AssignTargetPaths" skipped. Previously built successfully.
 10:13>Target "SplitResourcesByCulture" in file "/usr/share/dotnet/sdk/8.0.415/Microsoft.Common.CurrentVersion.targets" from project "/home/saidul/Desktop/K-Chief Marine Automation Platform/src/KChief.Platform.Core/KChief.Platform.Core.csproj" (target "PrepareResourceNames" depends on it):
       Task "Warning" skipped, due to false condition; ('@(ResxWithNoCulture)'!='') was evaluated as (''!='').
       Task "Warning" skipped, due to false condition; ('@(ResxWithCulture)'!='') was evaluated as (''!='').
       Task "Warning" skipped, due to false condition; ('@(NonResxWithCulture)'!='') was evaluated as (''!='').
       Task "Warning" skipped, due to false condition; ('@(NonResxWithNoCulture)'!='') was evaluated as (''!='').
       Using "AssignCulture" task from assembly "Microsoft.Build.Tasks.Core, Version=15.1.0.0, Culture=neutral, PublicKeyToken=b03f5f7f11d50a3a".
       Task "AssignCulture"
       Done executing task "AssignCulture".
 10:13>Done building target "SplitResourcesByCulture" in project "KChief.Platform.Core.csproj".
       Target "CreateManifestResourceNames" skipped, due to false condition; ('@(EmbeddedResource)' != '') was evaluated as ('' != '').
 10:13>Target "CreateCustomManifestResourceNames" in file "/usr/share/dotnet/sdk/8.0.415/Microsoft.Common.CurrentVersion.targets" from project "/home/saidul/Desktop/K-Chief Marine Automation Platform/src/KChief.Platform.Core/KChief.Platform.Core.csproj" (target "PrepareResourceNames" depends on it):
 10:13>Done building target "CreateCustomManifestResourceNames" in project "KChief.Platform.Core.csproj".
 10:13>Target "PrepareResourceNames" in file "/usr/share/dotnet/sdk/8.0.415/Microsoft.Common.CurrentVersion.targets" from project "/home/saidul/Desktop/K-Chief Marine Automation Platform/src/KChief.Platform.Core/KChief.Platform.Core.csproj" (target "PrepareResources" depends on it):
 10:13>Done building target "PrepareResourceNames" in project "KChief.Platform.Core.csproj".
       Target "ResolveAssemblyReferences" skipped. Previously built successfully.
       Target "SplitResourcesByCulture" skipped. Previously built successfully.
 10:13>Target "BeforeResGen" in file "/usr/share/dotnet/sdk/8.0.415/Microsoft.Common.CurrentVersion.targets" from project "/home/saidul/Desktop/K-Chief Marine Automation Platform/src/KChief.Platform.Core/KChief.Platform.Core.csproj" (target "ResGen" depends on it):
 10:13>Done building target "BeforeResGen" in project "KChief.Platform.Core.csproj".
       Target "ResolveReferences" skipped. Previously built successfully.
 10:13>Target "FindReferenceAssembliesForReferences" in file "/usr/share/dotnet/sdk/8.0.415/Microsoft.Common.CurrentVersion.targets" from project "/home/saidul/Desktop/K-Chief Marine Automation Platform/src/KChief.Platform.Core/KChief.Platform.Core.csproj" (target "CoreResGen" depends on it):
 10:13>Done building target "FindReferenceAssembliesForReferences" in project "KChief.Platform.Core.csproj".
 10:13>Target "CoreResGen" in file "/usr/share/dotnet/sdk/8.0.415/Microsoft.Common.CurrentVersion.targets" from project "/home/saidul/Desktop/K-Chief Marine Automation Platform/src/KChief.Platform.Core/KChief.Platform.Core.csproj" (target "ResGen" depends on it):
       Task "GenerateResource" skipped, due to false condition; ('%(EmbeddedResource.Type)' == 'Resx' and '%(EmbeddedResource.GenerateResource)' != 'false' and '$(GenerateResourceMSBuildRuntime)' != 'CLR2') was evaluated as ('' == 'Resx' and '' != 'false' and 'CurrentRuntime' != 'CLR2').
       Task "GenerateResource" skipped, due to false condition; ('%(EmbeddedResource.Type)' == 'Resx' and '%(EmbeddedResource.GenerateResource)' != 'false' and '$(GenerateResourceMSBuildRuntime)' == 'CLR2') was evaluated as ('' == 'Resx' and '' != 'false' and 'CurrentRuntime' == 'CLR2').
 10:13>Done building target "CoreResGen" in project "KChief.Platform.Core.csproj".
 10:13>Target "AfterResGen" in file "/usr/share/dotnet/sdk/8.0.415/Microsoft.Common.CurrentVersion.targets" from project "/home/saidul/Desktop/K-Chief Marine Automation Platform/src/KChief.Platform.Core/KChief.Platform.Core.csproj" (target "ResGen" depends on it):
 10:13>Done building target "AfterResGen" in project "KChief.Platform.Core.csproj".
 10:13>Target "ResGen" in file "/usr/share/dotnet/sdk/8.0.415/Microsoft.Common.CurrentVersion.targets" from project "/home/saidul/Desktop/K-Chief Marine Automation Platform/src/KChief.Platform.Core/KChief.Platform.Core.csproj" (target "PrepareResources" depends on it):
 10:13>Done building target "ResGen" in project "KChief.Platform.Core.csproj".
       Target "CompileLicxFiles" skipped, due to false condition; ('@(_LicxFile)'!='') was evaluated as (''!='').
 10:13>Target "PrepareResources" in file "/usr/share/dotnet/sdk/8.0.415/Microsoft.Common.CurrentVersion.targets" from project "/home/saidul/Desktop/K-Chief Marine Automation Platform/src/KChief.Platform.Core/KChief.Platform.Core.csproj" (target "CoreBuild" depends on it):
 10:13>Done building target "PrepareResources" in project "KChief.Platform.Core.csproj".
       Target "ResolveKeySource" skipped, due to false condition; ($(SignManifests) == 'true' or $(SignAssembly) == 'true') was evaluated as ( == 'true' or false == 'true').
       Target "ResolveReferences" skipped. Previously built successfully.
       Target "ResolveKeySource" skipped, due to false condition; ($(SignManifests) == 'true' or $(SignAssembly) == 'true') was evaluated as ( == 'true' or false == 'true').
       Target "ResolveComReferences" skipped, due to false condition; ('@(COMReference)'!='' or '@(COMFileReference)'!='') was evaluated as (''!='' or ''!='').
       Target "ResolveNativeReferences" skipped, due to false condition; ('@(NativeReference)'!='') was evaluated as (''!='').
       Target "_SetExternalWin32ManifestProperties" skipped, due to false condition; ('$(GenerateClickOnceManifests)'=='true' or '@(NativeReference)'!='' or '@(ResolvedIsolatedComModules)'!='') was evaluated as (''=='true' or ''!='' or ''!='').
 10:13>Target "_SetEmbeddedWin32ManifestProperties" in file "/usr/share/dotnet/sdk/8.0.415/Microsoft.Common.CurrentVersion.targets" from project "/home/saidul/Desktop/K-Chief Marine Automation Platform/src/KChief.Platform.Core/KChief.Platform.Core.csproj" (target "SetWin32ManifestProperties" depends on it):
       Using "GetFrameworkPath" task from assembly "Microsoft.Build.Tasks.Core, Version=15.1.0.0, Culture=neutral, PublicKeyToken=b03f5f7f11d50a3a".
       Task "GetFrameworkPath"
       Done executing task "GetFrameworkPath".
 10:13>Done building target "_SetEmbeddedWin32ManifestProperties" in project "KChief.Platform.Core.csproj".
 10:13>Target "SetWin32ManifestProperties" in file "/usr/share/dotnet/sdk/8.0.415/Microsoft.Common.CurrentVersion.targets" from project "/home/saidul/Desktop/K-Chief Marine Automation Platform/src/KChief.Platform.Core/KChief.Platform.Core.csproj" (target "Compile" depends on it):
 10:13>Done building target "SetWin32ManifestProperties" in project "KChief.Platform.Core.csproj".
       Target "_SetPreferNativeArm64Win32ManifestProperties" skipped, due to false condition; ( '$(PreferNativeArm64)'=='true' and '$(NoWin32Manifest)'!='true') was evaluated as ( ''=='true' and ''!='true').
       Target "FindReferenceAssembliesForReferences" skipped. Previously built successfully.
 10:13>Target "_GenerateCompileInputs" in file "/usr/share/dotnet/sdk/8.0.415/Microsoft.Common.CurrentVersion.targets" from project "/home/saidul/Desktop/K-Chief Marine Automation Platform/src/KChief.Platform.Core/KChief.Platform.Core.csproj" (target "Compile" depends on it):
       Task "Warning" skipped, due to false condition; ('@(ManifestResourceWithNoCulture)'!='' and '%(ManifestResourceWithNoCulture.EmittedForCompatibilityOnly)'=='') was evaluated as (''!='' and ''=='').
       Task "Warning" skipped, due to false condition; ('@(ManifestNonResxWithNoCultureOnDisk)'!='' and '%(ManifestNonResxWithNoCultureOnDisk.EmittedForCompatibilityOnly)'=='') was evaluated as (''!='' and ''=='').
 10:13>Done building target "_GenerateCompileInputs" in project "KChief.Platform.Core.csproj".
       Target "PrepareForBuild" skipped. Previously built successfully.
 10:13>Target "GenerateMSBuildEditorConfigFileShouldRun" in file "/usr/share/dotnet/sdk/8.0.415/Roslyn/Microsoft.Managed.Core.targets" from project "/home/saidul/Desktop/K-Chief Marine Automation Platform/src/KChief.Platform.Core/KChief.Platform.Core.csproj" (target "GenerateMSBuildEditorConfigFile" depends on it):
 10:13>Done building target "GenerateMSBuildEditorConfigFileShouldRun" in project "KChief.Platform.Core.csproj".
 10:13>Target "GenerateMSBuildEditorConfigFileCore" in file "/usr/share/dotnet/sdk/8.0.415/Roslyn/Microsoft.Managed.Core.targets" from project "/home/saidul/Desktop/K-Chief Marine Automation Platform/src/KChief.Platform.Core/KChief.Platform.Core.csproj" (target "GenerateMSBuildEditorConfigFile" depends on it):
       Building target "GenerateMSBuildEditorConfigFileCore" completely.
       No input files were specified.
       Using "GenerateMSBuildEditorConfig" task from assembly "/usr/share/dotnet/sdk/8.0.415/Roslyn/Microsoft.Build.Tasks.CodeAnalysis.dll".
       Task "GenerateMSBuildEditorConfig"
       Done executing task "GenerateMSBuildEditorConfig".
 10:13>Done building target "GenerateMSBuildEditorConfigFileCore" in project "KChief.Platform.Core.csproj".
 10:13>Target "GenerateMSBuildEditorConfigFile" in file "/usr/share/dotnet/sdk/8.0.415/Roslyn/Microsoft.Managed.Core.targets" from project "/home/saidul/Desktop/K-Chief Marine Automation Platform/src/KChief.Platform.Core/KChief.Platform.Core.csproj" (target "BeforeCompile" depends on it):
 10:13>Done building target "GenerateMSBuildEditorConfigFile" in project "KChief.Platform.Core.csproj".
       Target "PrepareForBuild" skipped. Previously built successfully.
       Target "GetReferenceAssemblyPaths" skipped. Previously built successfully.
 10:13>Target "_SetTargetFrameworkMonikerAttribute" in file "/usr/share/dotnet/sdk/8.0.415/Microsoft.CSharp.CurrentVersion.targets" from project "/home/saidul/Desktop/K-Chief Marine Automation Platform/src/KChief.Platform.Core/KChief.Platform.Core.csproj" (target "GenerateTargetFrameworkMonikerAttribute" depends on it):
 10:13>Done building target "_SetTargetFrameworkMonikerAttribute" in project "KChief.Platform.Core.csproj".
 10:13>Target "GenerateTargetFrameworkMonikerAttribute" in file "/usr/share/dotnet/sdk/8.0.415/Microsoft.Common.CurrentVersion.targets" from project "/home/saidul/Desktop/K-Chief Marine Automation Platform/src/KChief.Platform.Core/KChief.Platform.Core.csproj" (target "BeforeCompile" depends on it):
       Skipping target "GenerateTargetFrameworkMonikerAttribute" because all output files are up-to-date with respect to the input files.
       Input files: /usr/share/dotnet/sdk/8.0.415/Microsoft.Common.targets
       Output files: obj/Release/net8.0/.NETCoreApp,Version=v8.0.AssemblyAttributes.cs
 10:13>Done building target "GenerateTargetFrameworkMonikerAttribute" in project "KChief.Platform.Core.csproj".
       Target "GenerateAdditionalSources" skipped, due to false condition; ('@(AssemblyAttributes)' != '' and '$(GenerateAdditionalSources)' == 'true') was evaluated as ('' != '' and '' == 'true').
       Target "PrepareForBuild" skipped. Previously built successfully.
 10:13>Target "GetAssemblyVersion" in file "/usr/share/dotnet/sdk/8.0.415/Sdks/Microsoft.NET.Sdk/targets/Microsoft.NET.GenerateAssemblyInfo.targets" from project "/home/saidul/Desktop/K-Chief Marine Automation Platform/src/KChief.Platform.Core/KChief.Platform.Core.csproj" (target "GetAssemblyAttributes" depends on it):
       Using "GetAssemblyVersion" task from assembly "/usr/share/dotnet/sdk/8.0.415/Sdks/Microsoft.NET.Sdk/targets/../tools/net8.0/Microsoft.NET.Build.Tasks.dll".
       Task "GetAssemblyVersion"
       Done executing task "GetAssemblyVersion".
 10:13>Done building target "GetAssemblyVersion" in project "KChief.Platform.Core.csproj".
       Target "GetAssemblyVersion" skipped. Previously built successfully.
 10:13>Target "InitializeSourceControlInformationFromSourceControlManager" in file "/usr/share/dotnet/sdk/8.0.415/Sdks/Microsoft.Build.Tasks.Git/build/Microsoft.Build.Tasks.Git.targets" from project "/home/saidul/Desktop/K-Chief Marine Automation Platform/src/KChief.Platform.Core/KChief.Platform.Core.csproj" (target "_InitializeSourceControlInformationFromSourceControlManager" depends on it):
       Using "Microsoft.Build.Tasks.Git.LocateRepository" task from assembly "/usr/share/dotnet/sdk/8.0.415/Sdks/Microsoft.Build.Tasks.Git/build/../tools/core/Microsoft.Build.Tasks.Git.dll".
       Task "Microsoft.Build.Tasks.Git.LocateRepository"
         SourceLink: Repository instance not found in cache: '*:/home/saidul/Desktop/K-Chief Marine Automation Platform/.git'
       Done executing task "Microsoft.Build.Tasks.Git.LocateRepository".
 10:13>Done building target "InitializeSourceControlInformationFromSourceControlManager" in project "KChief.Platform.Core.csproj".
 10:13>Target "_SourceLinkHasSingleProvider" in file "/usr/share/dotnet/sdk/8.0.415/Sdks/Microsoft.SourceLink.Common/build/InitializeSourceControlInformation.targets" from project "/home/saidul/Desktop/K-Chief Marine Automation Platform/src/KChief.Platform.Core/KChief.Platform.Core.csproj" (target "_InitializeSourceControlInformationFromSourceControlManager" depends on it):
       Assembly loaded during TaskRun: Microsoft.SourceLink.Common, Version=8.0.9.11501, Culture=neutral, PublicKeyToken=31bf3856ad364e35 (location: /usr/share/dotnet/sdk/8.0.415/Sdks/Microsoft.SourceLink.Common/tools/core/Microsoft.SourceLink.Common.dll, MVID: d5b96578-81ec-438f-8487-2f5405206516, AssemblyLoadContext: MSBuild plugin /usr/share/dotnet/sdk/8.0.415/Sdks/Microsoft.SourceLink.Common/tools/core/Microsoft.SourceLink.Common.dll)
       Using "Microsoft.SourceLink.Common.SourceLinkHasSingleProvider" task from assembly "/usr/share/dotnet/sdk/8.0.415/Sdks/Microsoft.SourceLink.Common/build/../tools/core/Microsoft.SourceLink.Common.dll".
       Task "Microsoft.SourceLink.Common.SourceLinkHasSingleProvider"
       Done executing task "Microsoft.SourceLink.Common.SourceLinkHasSingleProvider".
 10:13>Done building target "_SourceLinkHasSingleProvider" in project "KChief.Platform.Core.csproj".
 10:13>Target "TranslateGitHubUrlsInSourceControlInformation" in file "/usr/share/dotnet/sdk/8.0.415/Sdks/Microsoft.SourceLink.GitHub/build/Microsoft.SourceLink.GitHub.targets" from project "/home/saidul/Desktop/K-Chief Marine Automation Platform/src/KChief.Platform.Core/KChief.Platform.Core.csproj" (target "_InitializeSourceControlInformationFromSourceControlManager" depends on it):
       Assembly loaded during TaskRun: Microsoft.SourceLink.GitHub, Version=8.0.9.11501, Culture=neutral, PublicKeyToken=31bf3856ad364e35 (location: /usr/share/dotnet/sdk/8.0.415/Sdks/Microsoft.SourceLink.GitHub/tools/core/Microsoft.SourceLink.GitHub.dll, MVID: 1fbac130-3a2a-4cf4-9c60-b0ae73333681, AssemblyLoadContext: MSBuild plugin /usr/share/dotnet/sdk/8.0.415/Sdks/Microsoft.SourceLink.GitHub/tools/core/Microsoft.SourceLink.GitHub.dll)
       Using "Microsoft.SourceLink.GitHub.TranslateRepositoryUrls" task from assembly "/usr/share/dotnet/sdk/8.0.415/Sdks/Microsoft.SourceLink.GitHub/build/../tools/core/Microsoft.SourceLink.GitHub.dll".
       Task "Microsoft.SourceLink.GitHub.TranslateRepositoryUrls"
       Done executing task "Microsoft.SourceLink.GitHub.TranslateRepositoryUrls".
 10:13>Done building target "TranslateGitHubUrlsInSourceControlInformation" in project "KChief.Platform.Core.csproj".
 10:13>Target "TranslateGitLabUrlsInSourceControlInformation" in file "/usr/share/dotnet/sdk/8.0.415/Sdks/Microsoft.SourceLink.GitLab/build/Microsoft.SourceLink.GitLab.targets" from project "/home/saidul/Desktop/K-Chief Marine Automation Platform/src/KChief.Platform.Core/KChief.Platform.Core.csproj" (target "_InitializeSourceControlInformationFromSourceControlManager" depends on it):
       Assembly loaded during TaskRun: Microsoft.SourceLink.GitLab, Version=8.0.9.11501, Culture=neutral, PublicKeyToken=31bf3856ad364e35 (location: /usr/share/dotnet/sdk/8.0.415/Sdks/Microsoft.SourceLink.GitLab/tools/core/Microsoft.SourceLink.GitLab.dll, MVID: 6b003cb9-36ef-4a5a-83ae-cc8fa7fbcb67, AssemblyLoadContext: MSBuild plugin /usr/share/dotnet/sdk/8.0.415/Sdks/Microsoft.SourceLink.GitLab/tools/core/Microsoft.SourceLink.GitLab.dll)
       Using "Microsoft.SourceLink.GitLab.TranslateRepositoryUrls" task from assembly "/usr/share/dotnet/sdk/8.0.415/Sdks/Microsoft.SourceLink.GitLab/build/../tools/core/Microsoft.SourceLink.GitLab.dll".
       Task "Microsoft.SourceLink.GitLab.TranslateRepositoryUrls"
       Done executing task "Microsoft.SourceLink.GitLab.TranslateRepositoryUrls".
 10:13>Done building target "TranslateGitLabUrlsInSourceControlInformation" in project "KChief.Platform.Core.csproj".
 10:13>Target "TranslateAzureReposGitUrlsInSourceControlInformation" in file "/usr/share/dotnet/sdk/8.0.415/Sdks/Microsoft.SourceLink.AzureRepos.Git/build/Microsoft.SourceLink.AzureRepos.Git.targets" from project "/home/saidul/Desktop/K-Chief Marine Automation Platform/src/KChief.Platform.Core/KChief.Platform.Core.csproj" (target "_InitializeSourceControlInformationFromSourceControlManager" depends on it):
       Assembly loaded during TaskRun: Microsoft.SourceLink.AzureRepos.Git, Version=8.0.9.11501, Culture=neutral, PublicKeyToken=31bf3856ad364e35 (location: /usr/share/dotnet/sdk/8.0.415/Sdks/Microsoft.SourceLink.AzureRepos.Git/tools/core/Microsoft.SourceLink.AzureRepos.Git.dll, MVID: 3a082d27-0e6b-4d51-92ea-8eaf3fc3120f, AssemblyLoadContext: MSBuild plugin /usr/share/dotnet/sdk/8.0.415/Sdks/Microsoft.SourceLink.AzureRepos.Git/tools/core/Microsoft.SourceLink.AzureRepos.Git.dll)
       Using "Microsoft.SourceLink.AzureRepos.Git.TranslateRepositoryUrls" task from assembly "/usr/share/dotnet/sdk/8.0.415/Sdks/Microsoft.SourceLink.AzureRepos.Git/build/../tools/core/Microsoft.SourceLink.AzureRepos.Git.dll".
       Task "Microsoft.SourceLink.AzureRepos.Git.TranslateRepositoryUrls"
       Done executing task "Microsoft.SourceLink.AzureRepos.Git.TranslateRepositoryUrls".
 10:13>Done building target "TranslateAzureReposGitUrlsInSourceControlInformation" in project "KChief.Platform.Core.csproj".
 10:13>Target "TranslateBitbucketGitUrlsInSourceControlInformation" in file "/usr/share/dotnet/sdk/8.0.415/Sdks/Microsoft.SourceLink.Bitbucket.Git/build/Microsoft.SourceLink.Bitbucket.Git.targets" from project "/home/saidul/Desktop/K-Chief Marine Automation Platform/src/KChief.Platform.Core/KChief.Platform.Core.csproj" (target "_InitializeSourceControlInformationFromSourceControlManager" depends on it):
       Assembly loaded during TaskRun: Microsoft.SourceLink.Bitbucket.Git, Version=8.0.9.11501, Culture=neutral, PublicKeyToken=31bf3856ad364e35 (location: /usr/share/dotnet/sdk/8.0.415/Sdks/Microsoft.SourceLink.Bitbucket.Git/tools/core/Microsoft.SourceLink.Bitbucket.Git.dll, MVID: 3994e8b0-7ae9-409e-bc2b-53baef289161, AssemblyLoadContext: MSBuild plugin /usr/share/dotnet/sdk/8.0.415/Sdks/Microsoft.SourceLink.Bitbucket.Git/tools/core/Microsoft.SourceLink.Bitbucket.Git.dll)
       Using "Microsoft.SourceLink.Bitbucket.Git.TranslateRepositoryUrls" task from assembly "/usr/share/dotnet/sdk/8.0.415/Sdks/Microsoft.SourceLink.Bitbucket.Git/build/../tools/core/Microsoft.SourceLink.Bitbucket.Git.dll".
       Task "Microsoft.SourceLink.Bitbucket.Git.TranslateRepositoryUrls"
       Done executing task "Microsoft.SourceLink.Bitbucket.Git.TranslateRepositoryUrls".
 10:13>Done building target "TranslateBitbucketGitUrlsInSourceControlInformation" in project "KChief.Platform.Core.csproj".
 10:13>Target "SourceControlManagerPublishTranslatedUrls" in file "/usr/share/dotnet/sdk/8.0.415/Sdks/Microsoft.SourceLink.Common/build/InitializeSourceControlInformation.targets" from project "/home/saidul/Desktop/K-Chief Marine Automation Platform/src/KChief.Platform.Core/KChief.Platform.Core.csproj" (target "_InitializeSourceControlInformationFromSourceControlManager" depends on it):
 10:13>Done building target "SourceControlManagerPublishTranslatedUrls" in project "KChief.Platform.Core.csproj".
 10:13>Target "_InitializeSourceControlInformationFromSourceControlManager" in file "/usr/share/dotnet/sdk/8.0.415/Sdks/Microsoft.SourceLink.Common/build/InitializeSourceControlInformation.targets" from project "/home/saidul/Desktop/K-Chief Marine Automation Platform/src/KChief.Platform.Core/KChief.Platform.Core.csproj" (target "InitializeSourceControlInformation" depends on it):
 10:13>Done building target "_InitializeSourceControlInformationFromSourceControlManager" in project "KChief.Platform.Core.csproj".
 10:13>Target "InitializeSourceControlInformation" in file "/usr/share/dotnet/sdk/8.0.415/Microsoft.Common.CurrentVersion.targets" from project "/home/saidul/Desktop/K-Chief Marine Automation Platform/src/KChief.Platform.Core/KChief.Platform.Core.csproj" (target "AddSourceRevisionToInformationalVersion" depends on it):
 10:13>Done building target "InitializeSourceControlInformation" in project "KChief.Platform.Core.csproj".
 10:13>Target "AddSourceRevisionToInformationalVersion" in file "/usr/share/dotnet/sdk/8.0.415/Sdks/Microsoft.NET.Sdk/targets/Microsoft.NET.GenerateAssemblyInfo.targets" from project "/home/saidul/Desktop/K-Chief Marine Automation Platform/src/KChief.Platform.Core/KChief.Platform.Core.csproj" (target "GetAssemblyAttributes" depends on it):
 10:13>Done building target "AddSourceRevisionToInformationalVersion" in project "KChief.Platform.Core.csproj".
       Target "_GetUserSecretsAssemblyAttribute" skipped, due to false condition; ( '$(UserSecretsId)' != '' AND '$(GenerateUserSecretsAttribute)' != 'false' AND '$(GeneratedUserSecretsAttributeFile)' == '' ) was evaluated as ( '' != '' AND '' != 'false' AND '' == '' ).
 10:13>Target "GetAssemblyAttributes" in file "/usr/share/dotnet/sdk/8.0.415/Sdks/Microsoft.NET.Sdk/targets/Microsoft.NET.GenerateAssemblyInfo.targets" from project "/home/saidul/Desktop/K-Chief Marine Automation Platform/src/KChief.Platform.Core/KChief.Platform.Core.csproj" (target "CreateGeneratedAssemblyInfoInputsCacheFile" depends on it):
 10:13>Done building target "GetAssemblyAttributes" in project "KChief.Platform.Core.csproj".
 10:13>Target "CreateGeneratedAssemblyInfoInputsCacheFile" in file "/usr/share/dotnet/sdk/8.0.415/Sdks/Microsoft.NET.Sdk/targets/Microsoft.NET.GenerateAssemblyInfo.targets" from project "/home/saidul/Desktop/K-Chief Marine Automation Platform/src/KChief.Platform.Core/KChief.Platform.Core.csproj" (target "CoreGenerateAssemblyInfo" depends on it):
       Using "Hash" task from assembly "Microsoft.Build.Tasks.Core, Version=15.1.0.0, Culture=neutral, PublicKeyToken=b03f5f7f11d50a3a".
       Task "Hash"
       Done executing task "Hash".
       Task "WriteLinesToFile"
       Done executing task "WriteLinesToFile".
 10:13>Done building target "CreateGeneratedAssemblyInfoInputsCacheFile" in project "KChief.Platform.Core.csproj".
 10:13>Target "CoreGenerateAssemblyInfo" in file "/usr/share/dotnet/sdk/8.0.415/Sdks/Microsoft.NET.Sdk/targets/Microsoft.NET.GenerateAssemblyInfo.targets" from project "/home/saidul/Desktop/K-Chief Marine Automation Platform/src/KChief.Platform.Core/KChief.Platform.Core.csproj" (target "GenerateAssemblyInfo" depends on it):
       Building target "CoreGenerateAssemblyInfo" completely.
       Input file "obj/Release/net8.0/KChief.Platform.Core.AssemblyInfoInputs.cache" is newer than output file "obj/Release/net8.0/KChief.Platform.Core.AssemblyInfo.cs".
       Using "WriteCodeFragment" task from assembly "Microsoft.Build.Tasks.Core, Version=15.1.0.0, Culture=neutral, PublicKeyToken=b03f5f7f11d50a3a".
       Task "WriteCodeFragment"
         Emitted specified code into "obj/Release/net8.0/KChief.Platform.Core.AssemblyInfo.cs".
       Done executing task "WriteCodeFragment".
 10:13>Done building target "CoreGenerateAssemblyInfo" in project "KChief.Platform.Core.csproj".
 10:13>Target "GenerateAssemblyInfo" in file "/usr/share/dotnet/sdk/8.0.415/Sdks/Microsoft.NET.Sdk/targets/Microsoft.NET.GenerateAssemblyInfo.targets" from project "/home/saidul/Desktop/K-Chief Marine Automation Platform/src/KChief.Platform.Core/KChief.Platform.Core.csproj" (target "BeforeCompile" depends on it):
 10:13>Done building target "GenerateAssemblyInfo" in project "KChief.Platform.Core.csproj".
 10:13>Target "BeforeCompile" in file "/usr/share/dotnet/sdk/8.0.415/Microsoft.Common.CurrentVersion.targets" from project "/home/saidul/Desktop/K-Chief Marine Automation Platform/src/KChief.Platform.Core/KChief.Platform.Core.csproj" (target "Compile" depends on it):
 10:13>Done building target "BeforeCompile" in project "KChief.Platform.Core.csproj".
       Target "_TimeStampBeforeCompile" skipped, due to false condition; ('$(RunPostBuildEvent)'=='OnOutputUpdated' or ('$(RegisterForComInterop)'=='true' and '$(OutputType)'=='library')) was evaluated as (''=='OnOutputUpdated' or (''=='true' and 'Library'=='library')).
       Target "ResolveAssemblyReferences" skipped. Previously built successfully.
 10:13>Target "_GenerateCompileDependencyCache" in file "/usr/share/dotnet/sdk/8.0.415/Microsoft.Common.CurrentVersion.targets" from project "/home/saidul/Desktop/K-Chief Marine Automation Platform/src/KChief.Platform.Core/KChief.Platform.Core.csproj" (target "Compile" depends on it):
       Task "Hash"
       Done executing task "Hash".
       Task "WriteLinesToFile"
         Skipping write to file "obj/Release/net8.0/KChief.Platform.Core.csproj.CoreCompileInputs.cache" because content would not change.
       Done executing task "WriteLinesToFile".
 10:13>Done building target "_GenerateCompileDependencyCache" in project "KChief.Platform.Core.csproj".
       Target "_ComputeNonExistentFileProperty" skipped, due to false condition; (('$(BuildingInsideVisualStudio)' == 'true') and ('$(BuildingOutOfProcess)' != 'true') and (('$(BuildingProject)' == 'false') or ('$(UseHostCompilerIfAvailable)' == 'true'))) was evaluated as (('' == 'true') and ('' != 'true') and (('true' == 'false') or ('true' == 'true'))).
       Target "ResolveCodeAnalysisRuleSet" skipped, due to false condition; ('$(CodeAnalysisRuleSet)' != '') was evaluated as ('' != '').
       Target "ShimReferencePathsWhenCommonTargetsDoesNotUnderstandReferenceAssemblies" skipped, due to false condition; ('@(ReferencePathWithRefAssemblies)' == '') was evaluated as ('/home/saidul/.nuget/packages/fluentvalidation/11.9.0/lib/net8.0/FluentValidation.dll;/home/saidul/.nuget/packages/microsoft.aspnetcore.http.abstractions/2.2.0/lib/netstandard2.0/Microsoft.AspNetCore.Http.Abstractions.dll;/home/saidul/.nuget/packages/microsoft.aspnetcore.http.features/2.2.0/lib/netstandard2.0/Microsoft.AspNetCore.Http.Features.dll;...' == '').
 10:13>Target "_BeforeVBCSCoreCompile" in file "/usr/share/dotnet/sdk/8.0.415/Roslyn/Microsoft.Managed.Core.targets" from project "/home/saidul/Desktop/K-Chief Marine Automation Platform/src/KChief.Platform.Core/KChief.Platform.Core.csproj" (target "CoreCompile" depends on it):
 10:13>Done building target "_BeforeVBCSCoreCompile" in project "KChief.Platform.Core.csproj".
       Target "AdjustDefaultPlatformTargetForNetFrameworkExeWithNoNativeCopyLocalItems" skipped, due to false condition; ('$(_UsingDefaultPlatformTarget)' == 'true' and
                            '$(_UsingDefaultRuntimeIdentifier)' == 'true') was evaluated as ('true' == 'true' and
                            '' == 'true').
       Target "_DisableDiagnosticTracing" skipped, due to false condition; ('$(DisableDiagnosticTracing)' == 'true') was evaluated as ('' == 'true').
       Target "GenerateTargetPlatformDefineConstants" skipped, due to false condition; ( '$(DisableImplicitFrameworkDefines)' != 'true' and '$(TargetPlatformIdentifier)' != '' and '$(TargetFrameworkIdentifier)' == '.NETCoreApp' and $([MSBuild]::VersionGreaterThanOrEquals($(TargetFrameworkVersion), 5.0)) ) was evaluated as ( '' != 'true' and '' != '' and '.NETCoreApp' == '.NETCoreApp' and True ).
 10:13>Target "GenerateNETCompatibleDefineConstants" in file "/usr/share/dotnet/sdk/8.0.415/Sdks/Microsoft.NET.Sdk/targets/Microsoft.NET.Sdk.BeforeCommon.targets" from project "/home/saidul/Desktop/K-Chief Marine Automation Platform/src/KChief.Platform.Core/KChief.Platform.Core.csproj" (target "AddImplicitDefineConstants" depends on it):
 10:13>Done building target "GenerateNETCompatibleDefineConstants" in project "KChief.Platform.Core.csproj".
       Target "GeneratePlatformCompatibleDefineConstants" skipped, due to false condition; ( '$(DisableImplicitFrameworkDefines)' != 'true' and '$(TargetPlatformIdentifier)' != '' and '$(TargetFrameworkIdentifier)' == '.NETCoreApp' and $([MSBuild]::VersionGreaterThanOrEquals($(TargetFrameworkVersion), 5.0)) ) was evaluated as ( '' != 'true' and '' != '' and '.NETCoreApp' == '.NETCoreApp' and True ).
       Target "_DisableDiagnosticTracing" skipped, due to false condition; ('$(DisableDiagnosticTracing)' == 'true') was evaluated as ('' == 'true').
 10:13>Target "AddImplicitDefineConstants" in file "/usr/share/dotnet/sdk/8.0.415/Sdks/Microsoft.NET.Sdk/targets/Microsoft.NET.Sdk.BeforeCommon.targets" from project "/home/saidul/Desktop/K-Chief Marine Automation Platform/src/KChief.Platform.Core/KChief.Platform.Core.csproj" (target "CoreCompile" depends on it):
 10:13>Done building target "AddImplicitDefineConstants" in project "KChief.Platform.Core.csproj".
       Target "ShimReferencePathsWhenCommonTargetsDoesNotUnderstandReferenceAssemblies" skipped, due to false condition; ('@(ReferencePathWithRefAssemblies)' == '') was evaluated as ('/home/saidul/.nuget/packages/fluentvalidation/11.9.0/lib/net8.0/FluentValidation.dll;/home/saidul/.nuget/packages/microsoft.aspnetcore.http.abstractions/2.2.0/lib/netstandard2.0/Microsoft.AspNetCore.Http.Abstractions.dll;/home/saidul/.nuget/packages/microsoft.aspnetcore.http.features/2.2.0/lib/netstandard2.0/Microsoft.AspNetCore.Http.Features.dll;...' == '').
 10:13>Target "_ComputeSkipAnalyzers" in file "/usr/share/dotnet/sdk/8.0.415/Roslyn/Microsoft.Managed.Core.targets" from project "/home/saidul/Desktop/K-Chief Marine Automation Platform/src/KChief.Platform.Core/KChief.Platform.Core.csproj" (target "CoreCompile" depends on it):
       Task "ShowMessageForImplicitlySkipAnalyzers" skipped, due to false condition; ('$(_ImplicitlySkipAnalyzers)' == 'true') was evaluated as ('' == 'true').
 10:13>Done building target "_ComputeSkipAnalyzers" in project "KChief.Platform.Core.csproj".
       Target "_SetPathMapFromSourceRoots" skipped, due to false condition; ('$(DeterministicSourcePaths)' == 'true') was evaluated as ('' == 'true').
       Target "CreateCompilerGeneratedFilesOutputPath" skipped, due to false condition; ('$(EmitCompilerGeneratedFiles)' == 'true' and !('$(DesignTimeBuild)' == 'true' OR '$(BuildingProject)' != 'true')) was evaluated as ('false' == 'true' and !('' == 'true' OR 'true' != 'true')).
       Target "BeforeCompile" skipped. Previously built successfully.
       Target "InitializeSourceControlInformationFromSourceControlManager" skipped. Previously built successfully.
 10:13>Target "SetEmbeddedFilesFromSourceControlManagerUntrackedFiles" in file "/usr/share/dotnet/sdk/8.0.415/Sdks/Microsoft.Build.Tasks.Git/build/Microsoft.Build.Tasks.Git.targets" from project "/home/saidul/Desktop/K-Chief Marine Automation Platform/src/KChief.Platform.Core/KChief.Platform.Core.csproj" (target "_SetEmbeddedFilesFromSourceControlManagerUntrackedFiles" depends on it):
       Using "Microsoft.Build.Tasks.Git.GetUntrackedFiles" task from assembly "/usr/share/dotnet/sdk/8.0.415/Sdks/Microsoft.Build.Tasks.Git/build/../tools/core/Microsoft.Build.Tasks.Git.dll".
       Task "Microsoft.Build.Tasks.Git.GetUntrackedFiles"
         SourceLink: Reusing cached git repository information.
       Done executing task "Microsoft.Build.Tasks.Git.GetUntrackedFiles".
 10:13>Done building target "SetEmbeddedFilesFromSourceControlManagerUntrackedFiles" in project "KChief.Platform.Core.csproj".
 10:13>Target "_SetEmbeddedFilesFromSourceControlManagerUntrackedFiles" in file "/usr/share/dotnet/sdk/8.0.415/Sdks/Microsoft.SourceLink.Common/build/Microsoft.SourceLink.Common.targets" from project "/home/saidul/Desktop/K-Chief Marine Automation Platform/src/KChief.Platform.Core/KChief.Platform.Core.csproj" (target "CoreCompile" depends on it):
 10:13>Done building target "_SetEmbeddedFilesFromSourceControlManagerUntrackedFiles" in project "KChief.Platform.Core.csproj".
       Target "InitializeSourceControlInformation" skipped. Previously built successfully.
 10:13>Target "_SetSourceLinkFilePath" in file "/usr/share/dotnet/sdk/8.0.415/Sdks/Microsoft.SourceLink.Common/build/Microsoft.SourceLink.Common.targets" from project "/home/saidul/Desktop/K-Chief Marine Automation Platform/src/KChief.Platform.Core/KChief.Platform.Core.csproj" (target "_GenerateSourceLinkFile" depends on it):
 10:13>Done building target "_SetSourceLinkFilePath" in project "KChief.Platform.Core.csproj".
       Target "InitializeSourceControlInformation" skipped. Previously built successfully.
 10:13>Target "_InitializeSourceRootMappedPathsFromSourceControl" in file "/usr/share/dotnet/sdk/8.0.415/Roslyn/Microsoft.Managed.Core.targets" from project "/home/saidul/Desktop/K-Chief Marine Automation Platform/src/KChief.Platform.Core/KChief.Platform.Core.csproj" (target "InitializeSourceRootMappedPaths" depends on it):
 10:13>Done building target "_InitializeSourceRootMappedPathsFromSourceControl" in project "KChief.Platform.Core.csproj".
 10:13>Target "InitializeSourceRootMappedPaths" in file "/usr/share/dotnet/sdk/8.0.415/Roslyn/Microsoft.Managed.Core.targets" from project "/home/saidul/Desktop/K-Chief Marine Automation Platform/src/KChief.Platform.Core/KChief.Platform.Core.csproj" (target "_InitializeSourceRootMappedPathsOpt" depends on it):
       Using "Microsoft.CodeAnalysis.BuildTasks.MapSourceRoots" task from assembly "/usr/share/dotnet/sdk/8.0.415/Roslyn/Microsoft.Build.Tasks.CodeAnalysis.dll".
       Task "Microsoft.CodeAnalysis.BuildTasks.MapSourceRoots"
       Done executing task "Microsoft.CodeAnalysis.BuildTasks.MapSourceRoots".
 10:13>Done building target "InitializeSourceRootMappedPaths" in project "KChief.Platform.Core.csproj".
 10:13>Target "_InitializeSourceRootMappedPathsOpt" in file "/usr/share/dotnet/sdk/8.0.415/Sdks/Microsoft.SourceLink.Common/build/Microsoft.SourceLink.Common.targets" from project "/home/saidul/Desktop/K-Chief Marine Automation Platform/src/KChief.Platform.Core/KChief.Platform.Core.csproj" (target "_GenerateSourceLinkFile" depends on it):
 10:13>Done building target "_InitializeSourceRootMappedPathsOpt" in project "KChief.Platform.Core.csproj".
 10:13>Target "_InitializeGitHubSourceLinkUrl" in file "/usr/share/dotnet/sdk/8.0.415/Sdks/Microsoft.SourceLink.GitHub/build/Microsoft.SourceLink.GitHub.targets" from project "/home/saidul/Desktop/K-Chief Marine Automation Platform/src/KChief.Platform.Core/KChief.Platform.Core.csproj" (target "_GenerateSourceLinkFile" depends on it):
       Building target "_InitializeGitHubSourceLinkUrl" completely.
       No input files were specified.
       Using "Microsoft.SourceLink.GitHub.GetSourceLinkUrl" task from assembly "/usr/share/dotnet/sdk/8.0.415/Sdks/Microsoft.SourceLink.GitHub/build/../tools/core/Microsoft.SourceLink.GitHub.dll".
       Task "Microsoft.SourceLink.GitHub.GetSourceLinkUrl"
       Done executing task "Microsoft.SourceLink.GitHub.GetSourceLinkUrl".
 10:13>Done building target "_InitializeGitHubSourceLinkUrl" in project "KChief.Platform.Core.csproj".
 10:13>Target "_InitializeGitHubSourceLinkUrl" in file "/usr/share/dotnet/sdk/8.0.415/Sdks/Microsoft.SourceLink.GitHub/build/Microsoft.SourceLink.GitHub.targets" from project "/home/saidul/Desktop/K-Chief Marine Automation Platform/src/KChief.Platform.Core/KChief.Platform.Core.csproj" (target "_GenerateSourceLinkFile" depends on it):
       Building target "_InitializeGitHubSourceLinkUrl" completely.
       No input files were specified.
       Task "Microsoft.SourceLink.GitHub.GetSourceLinkUrl"
       Done executing task "Microsoft.SourceLink.GitHub.GetSourceLinkUrl".
 10:13>Done building target "_InitializeGitHubSourceLinkUrl" in project "KChief.Platform.Core.csproj".
 10:13>Target "_InitializeGitLabSourceLinkUrl" in file "/usr/share/dotnet/sdk/8.0.415/Sdks/Microsoft.SourceLink.GitLab/build/Microsoft.SourceLink.GitLab.targets" from project "/home/saidul/Desktop/K-Chief Marine Automation Platform/src/KChief.Platform.Core/KChief.Platform.Core.csproj" (target "_GenerateSourceLinkFile" depends on it):
       Building target "_InitializeGitLabSourceLinkUrl" completely.
       No input files were specified.
       Using "Microsoft.SourceLink.GitLab.GetSourceLinkUrl" task from assembly "/usr/share/dotnet/sdk/8.0.415/Sdks/Microsoft.SourceLink.GitLab/build/../tools/core/Microsoft.SourceLink.GitLab.dll".
       Task "Microsoft.SourceLink.GitLab.GetSourceLinkUrl"
       Done executing task "Microsoft.SourceLink.GitLab.GetSourceLinkUrl".
 10:13>Done building target "_InitializeGitLabSourceLinkUrl" in project "KChief.Platform.Core.csproj".
 10:13>Target "_InitializeGitLabSourceLinkUrl" in file "/usr/share/dotnet/sdk/8.0.415/Sdks/Microsoft.SourceLink.GitLab/build/Microsoft.SourceLink.GitLab.targets" from project "/home/saidul/Desktop/K-Chief Marine Automation Platform/src/KChief.Platform.Core/KChief.Platform.Core.csproj" (target "_GenerateSourceLinkFile" depends on it):
       Building target "_InitializeGitLabSourceLinkUrl" completely.
       No input files were specified.
       Task "Microsoft.SourceLink.GitLab.GetSourceLinkUrl"
       Done executing task "Microsoft.SourceLink.GitLab.GetSourceLinkUrl".
 10:13>Done building target "_InitializeGitLabSourceLinkUrl" in project "KChief.Platform.Core.csproj".
 10:13>Target "_InitializeAzureReposGitSourceLinkUrl" in file "/usr/share/dotnet/sdk/8.0.415/Sdks/Microsoft.SourceLink.AzureRepos.Git/build/Microsoft.SourceLink.AzureRepos.Git.targets" from project "/home/saidul/Desktop/K-Chief Marine Automation Platform/src/KChief.Platform.Core/KChief.Platform.Core.csproj" (target "_GenerateSourceLinkFile" depends on it):
       Building target "_InitializeAzureReposGitSourceLinkUrl" completely.
       No input files were specified.
       Using "Microsoft.SourceLink.AzureRepos.Git.GetSourceLinkUrl" task from assembly "/usr/share/dotnet/sdk/8.0.415/Sdks/Microsoft.SourceLink.AzureRepos.Git/build/../tools/core/Microsoft.SourceLink.AzureRepos.Git.dll".
       Task "Microsoft.SourceLink.AzureRepos.Git.GetSourceLinkUrl"
       Done executing task "Microsoft.SourceLink.AzureRepos.Git.GetSourceLinkUrl".
 10:13>Done building target "_InitializeAzureReposGitSourceLinkUrl" in project "KChief.Platform.Core.csproj".
 10:13>Target "_InitializeAzureReposGitSourceLinkUrl" in file "/usr/share/dotnet/sdk/8.0.415/Sdks/Microsoft.SourceLink.AzureRepos.Git/build/Microsoft.SourceLink.AzureRepos.Git.targets" from project "/home/saidul/Desktop/K-Chief Marine Automation Platform/src/KChief.Platform.Core/KChief.Platform.Core.csproj" (target "_GenerateSourceLinkFile" depends on it):
       Building target "_InitializeAzureReposGitSourceLinkUrl" completely.
       No input files were specified.
       Task "Microsoft.SourceLink.AzureRepos.Git.GetSourceLinkUrl"
       Done executing task "Microsoft.SourceLink.AzureRepos.Git.GetSourceLinkUrl".
 10:13>Done building target "_InitializeAzureReposGitSourceLinkUrl" in project "KChief.Platform.Core.csproj".
 10:13>Target "_InitializeBitbucketGitSourceLinkUrl" in file "/usr/share/dotnet/sdk/8.0.415/Sdks/Microsoft.SourceLink.Bitbucket.Git/build/Microsoft.SourceLink.Bitbucket.Git.targets" from project "/home/saidul/Desktop/K-Chief Marine Automation Platform/src/KChief.Platform.Core/KChief.Platform.Core.csproj" (target "_GenerateSourceLinkFile" depends on it):
       Building target "_InitializeBitbucketGitSourceLinkUrl" completely.
       No input files were specified.
       Using "Microsoft.SourceLink.Bitbucket.Git.GetSourceLinkUrl" task from assembly "/usr/share/dotnet/sdk/8.0.415/Sdks/Microsoft.SourceLink.Bitbucket.Git/build/../tools/core/Microsoft.SourceLink.Bitbucket.Git.dll".
       Task "Microsoft.SourceLink.Bitbucket.Git.GetSourceLinkUrl"
       Done executing task "Microsoft.SourceLink.Bitbucket.Git.GetSourceLinkUrl".
 10:13>Done building target "_InitializeBitbucketGitSourceLinkUrl" in project "KChief.Platform.Core.csproj".
 10:13>Target "_InitializeBitbucketGitSourceLinkUrl" in file "/usr/share/dotnet/sdk/8.0.415/Sdks/Microsoft.SourceLink.Bitbucket.Git/build/Microsoft.SourceLink.Bitbucket.Git.targets" from project "/home/saidul/Desktop/K-Chief Marine Automation Platform/src/KChief.Platform.Core/KChief.Platform.Core.csproj" (target "_GenerateSourceLinkFile" depends on it):
       Building target "_InitializeBitbucketGitSourceLinkUrl" completely.
       No input files were specified.
       Task "Microsoft.SourceLink.Bitbucket.Git.GetSourceLinkUrl"
       Done executing task "Microsoft.SourceLink.Bitbucket.Git.GetSourceLinkUrl".
 10:13>Done building target "_InitializeBitbucketGitSourceLinkUrl" in project "KChief.Platform.Core.csproj".
 10:13>Target "_GenerateSourceLinkFile" in file "/usr/share/dotnet/sdk/8.0.415/Sdks/Microsoft.SourceLink.Common/build/Microsoft.SourceLink.Common.targets" from project "/home/saidul/Desktop/K-Chief Marine Automation Platform/src/KChief.Platform.Core/KChief.Platform.Core.csproj" (target "GenerateSourceLinkFile" depends on it):
       Building target "_GenerateSourceLinkFile" completely.
       No input files were specified.
       Using "Microsoft.SourceLink.Common.GenerateSourceLinkFile" task from assembly "/usr/share/dotnet/sdk/8.0.415/Sdks/Microsoft.SourceLink.Common/build/../tools/core/Microsoft.SourceLink.Common.dll".
       Task "Microsoft.SourceLink.Common.GenerateSourceLinkFile"
         Updating Source Link file 'obj/Release/net8.0/KChief.Platform.Core.sourcelink.json'.
       Done executing task "Microsoft.SourceLink.Common.GenerateSourceLinkFile".
 10:13>Done building target "_GenerateSourceLinkFile" in project "KChief.Platform.Core.csproj".
 10:13>Target "GenerateSourceLinkFile" in file "/usr/share/dotnet/sdk/8.0.415/Sdks/Microsoft.SourceLink.Common/build/Microsoft.SourceLink.Common.targets" from project "/home/saidul/Desktop/K-Chief Marine Automation Platform/src/KChief.Platform.Core/KChief.Platform.Core.csproj" (target "CoreCompile" depends on it):
 10:13>Done building target "GenerateSourceLinkFile" in project "KChief.Platform.Core.csproj".
 10:13>Target "AddGlobalAnalyzerConfigForPackage_MicrosoftCodeAnalysisNetAnalyzers" in file "/usr/share/dotnet/sdk/8.0.415/Sdks/Microsoft.NET.Sdk/analyzers/build/Microsoft.CodeAnalysis.NetAnalyzers.targets" from project "/home/saidul/Desktop/K-Chief Marine Automation Platform/src/KChief.Platform.Core/KChief.Platform.Core.csproj" (target "CoreCompile" depends on it):
 10:13>Done building target "AddGlobalAnalyzerConfigForPackage_MicrosoftCodeAnalysisNetAnalyzers" in project "KChief.Platform.Core.csproj".
       Target "AddGlobalAnalyzerConfigForPackage_MicrosoftCodeAnalysisNetAnalyzersDesign" skipped, due to false condition; ('$(SkipGlobalAnalyzerConfigForPackage)' != 'true' and ('$(AnalysisLevelDesign)' != '' or '$(AnalysisModeDesign)' != '')) was evaluated as ('' != 'true' and ('' != '' or '' != '')).
       Target "AddGlobalAnalyzerConfigForPackage_MicrosoftCodeAnalysisNetAnalyzersDocumentation" skipped, due to false condition; ('$(SkipGlobalAnalyzerConfigForPackage)' != 'true' and ('$(AnalysisLevelDocumentation)' != '' or '$(AnalysisModeDocumentation)' != '')) was evaluated as ('' != 'true' and ('' != '' or '' != '')).
       Target "AddGlobalAnalyzerConfigForPackage_MicrosoftCodeAnalysisNetAnalyzersGlobalization" skipped, due to false condition; ('$(SkipGlobalAnalyzerConfigForPackage)' != 'true' and ('$(AnalysisLevelGlobalization)' != '' or '$(AnalysisModeGlobalization)' != '')) was evaluated as ('' != 'true' and ('' != '' or '' != '')).
       Target "AddGlobalAnalyzerConfigForPackage_MicrosoftCodeAnalysisNetAnalyzersInteroperability" skipped, due to false condition; ('$(SkipGlobalAnalyzerConfigForPackage)' != 'true' and ('$(AnalysisLevelInteroperability)' != '' or '$(AnalysisModeInteroperability)' != '')) was evaluated as ('' != 'true' and ('' != '' or '' != '')).
       Target "AddGlobalAnalyzerConfigForPackage_MicrosoftCodeAnalysisNetAnalyzersMaintainability" skipped, due to false condition; ('$(SkipGlobalAnalyzerConfigForPackage)' != 'true' and ('$(AnalysisLevelMaintainability)' != '' or '$(AnalysisModeMaintainability)' != '')) was evaluated as ('' != 'true' and ('' != '' or '' != '')).
       Target "AddGlobalAnalyzerConfigForPackage_MicrosoftCodeAnalysisNetAnalyzersNaming" skipped, due to false condition; ('$(SkipGlobalAnalyzerConfigForPackage)' != 'true' and ('$(AnalysisLevelNaming)' != '' or '$(AnalysisModeNaming)' != '')) was evaluated as ('' != 'true' and ('' != '' or '' != '')).
       Target "AddGlobalAnalyzerConfigForPackage_MicrosoftCodeAnalysisNetAnalyzersPerformance" skipped, due to false condition; ('$(SkipGlobalAnalyzerConfigForPackage)' != 'true' and ('$(AnalysisLevelPerformance)' != '' or '$(AnalysisModePerformance)' != '')) was evaluated as ('' != 'true' and ('' != '' or '' != '')).
       Target "AddGlobalAnalyzerConfigForPackage_MicrosoftCodeAnalysisNetAnalyzersReliability" skipped, due to false condition; ('$(SkipGlobalAnalyzerConfigForPackage)' != 'true' and ('$(AnalysisLevelReliability)' != '' or '$(AnalysisModeReliability)' != '')) was evaluated as ('' != 'true' and ('' != '' or '' != '')).
       Target "AddGlobalAnalyzerConfigForPackage_MicrosoftCodeAnalysisNetAnalyzersSecurity" skipped, due to false condition; ('$(SkipGlobalAnalyzerConfigForPackage)' != 'true' and ('$(AnalysisLevelSecurity)' != '' or '$(AnalysisModeSecurity)' != '')) was evaluated as ('' != 'true' and ('' != '' or '' != '')).
       Target "AddGlobalAnalyzerConfigForPackage_MicrosoftCodeAnalysisNetAnalyzersUsage" skipped, due to false condition; ('$(SkipGlobalAnalyzerConfigForPackage)' != 'true' and ('$(AnalysisLevelUsage)' != '' or '$(AnalysisModeUsage)' != '')) was evaluated as ('' != 'true' and ('' != '' or '' != '')).
       Target "_CodeAnalysisTreatWarningsAsErrors" skipped, due to false condition; ('$(DesignTimeBuild)' == 'true' OR '$(BuildingProject)' != 'true') was evaluated as ('' == 'true' OR 'true' != 'true').
 10:13>Target "_ReportUpgradeNetAnalyzersNuGetWarning" in file "/usr/share/dotnet/sdk/8.0.415/Sdks/Microsoft.NET.Sdk/analyzers/build/Microsoft.CodeAnalysis.NetAnalyzers.targets" from project "/home/saidul/Desktop/K-Chief Marine Automation Platform/src/KChief.Platform.Core/KChief.Platform.Core.csproj" (target "CoreCompile" depends on it):
       Task "Warning" skipped, due to false condition; ('$(_NETAnalyzersNuGetAssemblyVersion)' != '' AND
                                '$(_NETAnalyzersSDKAssemblyVersion)' != '' AND
                                 $(_NETAnalyzersNuGetAssemblyVersion) < $(_NETAnalyzersSDKAssemblyVersion)) was evaluated as ('' != '' AND
                                '8.0.0' != '' AND
                                  < 8.0.0).
 10:13>Done building target "_ReportUpgradeNetAnalyzersNuGetWarning" in project "KChief.Platform.Core.csproj".
 10:13>Target "CoreCompile" in file "/usr/share/dotnet/sdk/8.0.415/Roslyn/Microsoft.CSharp.Core.targets" from project "/home/saidul/Desktop/K-Chief Marine Automation Platform/src/KChief.Platform.Core/KChief.Platform.Core.csproj" (target "Compile" depends on it):
       Building target "CoreCompile" completely.
       Input file "obj/Release/net8.0/KChief.Platform.Core.AssemblyInfo.cs" is newer than output file "obj/Release/net8.0/KChief.Platform.Core.pdb".
       Using "Csc" task from assembly "/usr/share/dotnet/sdk/8.0.415/Roslyn/Microsoft.Build.Tasks.CodeAnalysis.dll".
       Task "Csc"
         /usr/share/dotnet/dotnet exec "/usr/share/dotnet/sdk/8.0.415/Roslyn/bincore/csc.dll" /noconfig /unsafe- /checked- /nowarn:1701,1702,1701,1702 /fullpaths /nostdlib+ /errorreport:prompt /warn:8 /define:TRACE;RELEASE;NET;NET8_0;NETCOREAPP;NET5_0_OR_GREATER;NET6_0_OR_GREATER;NET7_0_OR_GREATER;NET8_0_OR_GREATER;NETCOREAPP1_0_OR_GREATER;NETCOREAPP1_1_OR_GREATER;NETCOREAPP2_0_OR_GREATER;NETCOREAPP2_1_OR_GREATER;NETCOREAPP2_2_OR_GREATER;NETCOREAPP3_0_OR_GREATER;NETCOREAPP3_1_OR_GREATER /highentropyva+ /nullable:enable /reference:/home/saidul/.nuget/packages/fluentvalidation/11.9.0/lib/net8.0/FluentValidation.dll /reference:/home/saidul/.nuget/packages/microsoft.aspnetcore.http.abstractions/2.2.0/lib/netstandard2.0/Microsoft.AspNetCore.Http.Abstractions.dll /reference:/home/saidul/.nuget/packages/microsoft.aspnetcore.http.features/2.2.0/lib/netstandard2.0/Microsoft.AspNetCore.Http.Features.dll /reference:/usr/share/dotnet/packs/Microsoft.NETCore.App.Ref/8.0.21/ref/net8.0/Microsoft.CSharp.dll /reference:/home/saidul/.nuget/packages/microsoft.extensions.configuration.abstractions/8.0.0/lib/net8.0/Microsoft.Extensions.Configuration.Abstractions.dll /reference:/home/saidul/.nuget/packages/microsoft.extensions.dependencyinjection.abstractions/8.0.0/lib/net8.0/Microsoft.Extensions.DependencyInjection.Abstractions.dll /reference:/home/saidul/.nuget/packages/microsoft.extensions.diagnostics.abstractions/8.0.0/lib/net8.0/Microsoft.Extensions.Diagnostics.Abstractions.dll /reference:/home/saidul/.nuget/packages/microsoft.extensions.fileproviders.abstractions/8.0.0/lib/net8.0/Microsoft.Extensions.FileProviders.Abstractions.dll /reference:/home/saidul/.nuget/packages/microsoft.extensions.hosting.abstractions/8.0.0/lib/net8.0/Microsoft.Extensions.Hosting.Abstractions.dll /reference:/home/saidul/.nuget/packages/microsoft.extensions.logging.abstractions/8.0.0/lib/net8.0/Microsoft.Extensions.Logging.Abstractions.dll /reference:/home/saidul/.nuget/packages/microsoft.extensions.options/8.0.0/lib/net8.0/Microsoft.Extensions.Options.dll /reference:/home/saidul/.nuget/packages/microsoft.extensions.primitives/8.0.0/lib/net8.0/Microsoft.Extensions.Primitives.dll /reference:/usr/share/dotnet/packs/Microsoft.NETCore.App.Ref/8.0.21/ref/net8.0/Microsoft.VisualBasic.Core.dll /reference:/usr/share/dotnet/packs/Microsoft.NETCore.App.Ref/8.0.21/ref/net8.0/Microsoft.VisualBasic.dll /reference:/usr/share/dotnet/packs/Microsoft.NETCore.App.Ref/8.0.21/ref/net8.0/Microsoft.Win32.Primitives.dll /reference:/usr/share/dotnet/packs/Microsoft.NETCore.App.Ref/8.0.21/ref/net8.0/Microsoft.Win32.Registry.dll /reference:/usr/share/dotnet/packs/Microsoft.NETCore.App.Ref/8.0.21/ref/net8.0/mscorlib.dll /reference:/usr/share/dotnet/packs/Microsoft.NETCore.App.Ref/8.0.21/ref/net8.0/netstandard.dll /reference:/home/saidul/.nuget/packages/polly.core/8.2.0/lib/net8.0/Polly.Core.dll /reference:/home/saidul/.nuget/packages/polly/8.2.0/lib/net6.0/Polly.dll /reference:/home/saidul/.nuget/packages/serilog/3.1.1/lib/net7.0/Serilog.dll /reference:/usr/share/dotnet/packs/Microsoft.NETCore.App.Ref/8.0.21/ref/net8.0/System.AppContext.dll /reference:/usr/share/dotnet/packs/Microsoft.NETCore.App.Ref/8.0.21/ref/net8.0/System.Buffers.dll /reference:/usr/share/dotnet/packs/Microsoft.NETCore.App.Ref/8.0.21/ref/net8.0/System.Collections.Concurrent.dll /reference:/usr/share/dotnet/packs/Microsoft.NETCore.App.Ref/8.0.21/ref/net8.0/System.Collections.dll /reference:/usr/share/dotnet/packs/Microsoft.NETCore.App.Ref/8.0.21/ref/net8.0/System.Collections.Immutable.dll /reference:/usr/share/dotnet/packs/Microsoft.NETCore.App.Ref/8.0.21/ref/net8.0/System.Collections.NonGeneric.dll /reference:/usr/share/dotnet/packs/Microsoft.NETCore.App.Ref/8.0.21/ref/net8.0/System.Collections.Specialized.dll /reference:/usr/share/dotnet/packs/Microsoft.NETCore.App.Ref/8.0.21/ref/net8.0/System.ComponentModel.Annotations.dll /reference:/usr/share/dotnet/packs/Microsoft.NETCore.App.Ref/8.0.21/ref/net8.0/System.ComponentModel.DataAnnotations.dll /reference:/usr/share/dotnet/packs/Microsoft.NETCore.App.Ref/8.0.21/ref/net8.0/System.ComponentModel.dll /reference:/usr/share/dotnet/packs/Microsoft.NETCore.App.Ref/8.0.21/ref/net8.0/System.ComponentModel.EventBasedAsync.dll /reference:/usr/share/dotnet/packs/Microsoft.NETCore.App.Ref/8.0.21/ref/net8.0/System.ComponentModel.Primitives.dll /reference:/usr/share/dotnet/packs/Microsoft.NETCore.App.Ref/8.0.21/ref/net8.0/System.ComponentModel.TypeConverter.dll /reference:/usr/share/dotnet/packs/Microsoft.NETCore.App.Ref/8.0.21/ref/net8.0/System.Configuration.dll /reference:/usr/share/dotnet/packs/Microsoft.NETCore.App.Ref/8.0.21/ref/net8.0/System.Console.dll /reference:/usr/share/dotnet/packs/Microsoft.NETCore.App.Ref/8.0.21/ref/net8.0/System.Core.dll /reference:/usr/share/dotnet/packs/Microsoft.NETCore.App.Ref/8.0.21/ref/net8.0/System.Data.Common.dll /reference:/usr/share/dotnet/packs/Microsoft.NETCore.App.Ref/8.0.21/ref/net8.0/System.Data.DataSetExtensions.dll /reference:/usr/share/dotnet/packs/Microsoft.NETCore.App.Ref/8.0.21/ref/net8.0/System.Data.dll /reference:/usr/share/dotnet/packs/Microsoft.NETCore.App.Ref/8.0.21/ref/net8.0/System.Diagnostics.Contracts.dll /reference:/usr/share/dotnet/packs/Microsoft.NETCore.App.Ref/8.0.21/ref/net8.0/System.Diagnostics.Debug.dll /reference:/usr/share/dotnet/packs/Microsoft.NETCore.App.Ref/8.0.21/ref/net8.0/System.Diagnostics.DiagnosticSource.dll /reference:/usr/share/dotnet/packs/Microsoft.NETCore.App.Ref/8.0.21/ref/net8.0/System.Diagnostics.FileVersionInfo.dll /reference:/usr/share/dotnet/packs/Microsoft.NETCore.App.Ref/8.0.21/ref/net8.0/System.Diagnostics.Process.dll /reference:/usr/share/dotnet/packs/Microsoft.NETCore.App.Ref/8.0.21/ref/net8.0/System.Diagnostics.StackTrace.dll /reference:/usr/share/dotnet/packs/Microsoft.NETCore.App.Ref/8.0.21/ref/net8.0/System.Diagnostics.TextWriterTraceListener.dll /reference:/usr/share/dotnet/packs/Microsoft.NETCore.App.Ref/8.0.21/ref/net8.0/System.Diagnostics.Tools.dll /reference:/usr/share/dotnet/packs/Microsoft.NETCore.App.Ref/8.0.21/ref/net8.0/System.Diagnostics.TraceSource.dll /reference:/usr/share/dotnet/packs/Microsoft.NETCore.App.Ref/8.0.21/ref/net8.0/System.Diagnostics.Tracing.dll /reference:/usr/share/dotnet/packs/Microsoft.NETCore.App.Ref/8.0.21/ref/net8.0/System.dll /reference:/usr/share/dotnet/packs/Microsoft.NETCore.App.Ref/8.0.21/ref/net8.0/System.Drawing.dll /reference:/usr/share/dotnet/packs/Microsoft.NETCore.App.Ref/8.0.21/ref/net8.0/System.Drawing.Primitives.dll /reference:/usr/share/dotnet/packs/Microsoft.NETCore.App.Ref/8.0.21/ref/net8.0/System.Dynamic.Runtime.dll /reference:/usr/share/dotnet/packs/Microsoft.NETCore.App.Ref/8.0.21/ref/net8.0/System.Formats.Asn1.dll /reference:/usr/share/dotnet/packs/Microsoft.NETCore.App.Ref/8.0.21/ref/net8.0/System.Formats.Tar.dll /reference:/usr/share/dotnet/packs/Microsoft.NETCore.App.Ref/8.0.21/ref/net8.0/System.Globalization.Calendars.dll /reference:/usr/share/dotnet/packs/Microsoft.NETCore.App.Ref/8.0.21/ref/net8.0/System.Globalization.dll /reference:/usr/share/dotnet/packs/Microsoft.NETCore.App.Ref/8.0.21/ref/net8.0/System.Globalization.Extensions.dll /reference:/usr/share/dotnet/packs/Microsoft.NETCore.App.Ref/8.0.21/ref/net8.0/System.IO.Compression.Brotli.dll /reference:/usr/share/dotnet/packs/Microsoft.NETCore.App.Ref/8.0.21/ref/net8.0/System.IO.Compression.dll /reference:/usr/share/dotnet/packs/Microsoft.NETCore.App.Ref/8.0.21/ref/net8.0/System.IO.Compression.FileSystem.dll /reference:/usr/share/dotnet/packs/Microsoft.NETCore.App.Ref/8.0.21/ref/net8.0/System.IO.Compression.ZipFile.dll /reference:/usr/share/dotnet/packs/Microsoft.NETCore.App.Ref/8.0.21/ref/net8.0/System.IO.dll /reference:/usr/share/dotnet/packs/Microsoft.NETCore.App.Ref/8.0.21/ref/net8.0/System.IO.FileSystem.AccessControl.dll /reference:/usr/share/dotnet/packs/Microsoft.NETCore.App.Ref/8.0.21/ref/net8.0/System.IO.FileSystem.dll /reference:/usr/share/dotnet/packs/Microsoft.NETCore.App.Ref/8.0.21/ref/net8.0/System.IO.FileSystem.DriveInfo.dll /reference:/usr/share/dotnet/packs/Microsoft.NETCore.App.Ref/8.0.21/ref/net8.0/System.IO.FileSystem.Primitives.dll /reference:/usr/share/dotnet/packs/Microsoft.NETCore.App.Ref/8.0.21/ref/net8.0/System.IO.FileSystem.Watcher.dll /reference:/usr/share/dotnet/packs/Microsoft.NETCore.App.Ref/8.0.21/ref/net8.0/System.IO.IsolatedStorage.dll /reference:/usr/share/dotnet/packs/Microsoft.NETCore.App.Ref/8.0.21/ref/net8.0/System.IO.MemoryMappedFiles.dll /reference:/usr/share/dotnet/packs/Microsoft.NETCore.App.Ref/8.0.21/ref/net8.0/System.IO.Pipes.AccessControl.dll /reference:/usr/share/dotnet/packs/Microsoft.NETCore.App.Ref/8.0.21/ref/net8.0/System.IO.Pipes.dll /reference:/usr/share/dotnet/packs/Microsoft.NETCore.App.Ref/8.0.21/ref/net8.0/System.IO.UnmanagedMemoryStream.dll /reference:/usr/share/dotnet/packs/Microsoft.NETCore.App.Ref/8.0.21/ref/net8.0/System.Linq.dll /reference:/usr/share/dotnet/packs/Microsoft.NETCore.App.Ref/8.0.21/ref/net8.0/System.Linq.Expressions.dll /reference:/usr/share/dotnet/packs/Microsoft.NETCore.App.Ref/8.0.21/ref/net8.0/System.Linq.Parallel.dll /reference:/usr/share/dotnet/packs/Microsoft.NETCore.App.Ref/8.0.21/ref/net8.0/System.Linq.Queryable.dll /reference:/usr/share/dotnet/packs/Microsoft.NETCore.App.Ref/8.0.21/ref/net8.0/System.Memory.dll /reference:/usr/share/dotnet/packs/Microsoft.NETCore.App.Ref/8.0.21/ref/net8.0/System.Net.dll /reference:/usr/share/dotnet/packs/Microsoft.NETCore.App.Ref/8.0.21/ref/net8.0/System.Net.Http.dll /reference:/usr/share/dotnet/packs/Microsoft.NETCore.App.Ref/8.0.21/ref/net8.0/System.Net.Http.Json.dll /reference:/usr/share/dotnet/packs/Microsoft.NETCore.App.Ref/8.0.21/ref/net8.0/System.Net.HttpListener.dll /reference:/usr/share/dotnet/packs/Microsoft.NETCore.App.Ref/8.0.21/ref/net8.0/System.Net.Mail.dll /reference:/usr/share/dotnet/packs/Microsoft.NETCore.App.Ref/8.0.21/ref/net8.0/System.Net.NameResolution.dll /reference:/usr/share/dotnet/packs/Microsoft.NETCore.App.Ref/8.0.21/ref/net8.0/System.Net.NetworkInformation.dll /reference:/usr/share/dotnet/packs/Microsoft.NETCore.App.Ref/8.0.21/ref/net8.0/System.Net.Ping.dll /reference:/usr/share/dotnet/packs/Microsoft.NETCore.App.Ref/8.0.21/ref/net8.0/System.Net.Primitives.dll /reference:/usr/share/dotnet/packs/Microsoft.NETCore.App.Ref/8.0.21/ref/net8.0/System.Net.Quic.dll /reference:/usr/share/dotnet/packs/Microsoft.NETCore.App.Ref/8.0.21/ref/net8.0/System.Net.Requests.dll /reference:/usr/share/dotnet/packs/Microsoft.NETCore.App.Ref/8.0.21/ref/net8.0/System.Net.Security.dll /reference:/usr/share/dotnet/packs/Microsoft.NETCore.App.Ref/8.0.21/ref/net8.0/System.Net.ServicePoint.dll /reference:/usr/share/dotnet/packs/Microsoft.NETCore.App.Ref/8.0.21/ref/net8.0/System.Net.Sockets.dll /reference:/usr/share/dotnet/packs/Microsoft.NETCore.App.Ref/8.0.21/ref/net8.0/System.Net.WebClient.dll /reference:/usr/share/dotnet/packs/Microsoft.NETCore.App.Ref/8.0.21/ref/net8.0/System.Net.WebHeaderCollection.dll /reference:/usr/share/dotnet/packs/Microsoft.NETCore.App.Ref/8.0.21/ref/net8.0/System.Net.WebProxy.dll /reference:/usr/share/dotnet/packs/Microsoft.NETCore.App.Ref/8.0.21/ref/net8.0/System.Net.WebSockets.Client.dll /reference:/usr/share/dotnet/packs/Microsoft.NETCore.App.Ref/8.0.21/ref/net8.0/System.Net.WebSockets.dll /reference:/usr/share/dotnet/packs/Microsoft.NETCore.App.Ref/8.0.21/ref/net8.0/System.Numerics.dll /reference:/usr/share/dotnet/packs/Microsoft.NETCore.App.Ref/8.0.21/ref/net8.0/System.Numerics.Vectors.dll /reference:/usr/share/dotnet/packs/Microsoft.NETCore.App.Ref/8.0.21/ref/net8.0/System.ObjectModel.dll /reference:/usr/share/dotnet/packs/Microsoft.NETCore.App.Ref/8.0.21/ref/net8.0/System.Reflection.DispatchProxy.dll /reference:/usr/share/dotnet/packs/Microsoft.NETCore.App.Ref/8.0.21/ref/net8.0/System.Reflection.dll /reference:/usr/share/dotnet/packs/Microsoft.NETCore.App.Ref/8.0.21/ref/net8.0/System.Reflection.Emit.dll /reference:/usr/share/dotnet/packs/Microsoft.NETCore.App.Ref/8.0.21/ref/net8.0/System.Reflection.Emit.ILGeneration.dll /reference:/usr/share/dotnet/packs/Microsoft.NETCore.App.Ref/8.0.21/ref/net8.0/System.Reflection.Emit.Lightweight.dll /reference:/usr/share/dotnet/packs/Microsoft.NETCore.App.Ref/8.0.21/ref/net8.0/System.Reflection.Extensions.dll /reference:/usr/share/dotnet/packs/Microsoft.NETCore.App.Ref/8.0.21/ref/net8.0/System.Reflection.Metadata.dll /reference:/usr/share/dotnet/packs/Microsoft.NETCore.App.Ref/8.0.21/ref/net8.0/System.Reflection.Primitives.dll /reference:/usr/share/dotnet/packs/Microsoft.NETCore.App.Ref/8.0.21/ref/net8.0/System.Reflection.TypeExtensions.dll /reference:/usr/share/dotnet/packs/Microsoft.NETCore.App.Ref/8.0.21/ref/net8.0/System.Resources.Reader.dll /reference:/usr/share/dotnet/packs/Microsoft.NETCore.App.Ref/8.0.21/ref/net8.0/System.Resources.ResourceManager.dll /reference:/usr/share/dotnet/packs/Microsoft.NETCore.App.Ref/8.0.21/ref/net8.0/System.Resources.Writer.dll /reference:/usr/share/dotnet/packs/Microsoft.NETCore.App.Ref/8.0.21/ref/net8.0/System.Runtime.CompilerServices.Unsafe.dll /reference:/usr/share/dotnet/packs/Microsoft.NETCore.App.Ref/8.0.21/ref/net8.0/System.Runtime.CompilerServices.VisualC.dll /reference:/usr/share/dotnet/packs/Microsoft.NETCore.App.Ref/8.0.21/ref/net8.0/System.Runtime.dll /reference:/usr/share/dotnet/packs/Microsoft.NETCore.App.Ref/8.0.21/ref/net8.0/System.Runtime.Extensions.dll /reference:/usr/share/dotnet/packs/Microsoft.NETCore.App.Ref/8.0.21/ref/net8.0/System.Runtime.Handles.dll /reference:/usr/share/dotnet/packs/Microsoft.NETCore.App.Ref/8.0.21/ref/net8.0/System.Runtime.InteropServices.dll /reference:/usr/share/dotnet/packs/Microsoft.NETCore.App.Ref/8.0.21/ref/net8.0/System.Runtime.InteropServices.JavaScript.dll /reference:/usr/share/dotnet/packs/Microsoft.NETCore.App.Ref/8.0.21/ref/net8.0/System.Runtime.InteropServices.RuntimeInformation.dll /reference:/usr/share/dotnet/packs/Microsoft.NETCore.App.Ref/8.0.21/ref/net8.0/System.Runtime.Intrinsics.dll /reference:/usr/share/dotnet/packs/Microsoft.NETCore.App.Ref/8.0.21/ref/net8.0/System.Runtime.Loader.dll /reference:/usr/share/dotnet/packs/Microsoft.NETCore.App.Ref/8.0.21/ref/net8.0/System.Runtime.Numerics.dll /reference:/usr/share/dotnet/packs/Microsoft.NETCore.App.Ref/8.0.21/ref/net8.0/System.Runtime.Serialization.dll /reference:/usr/share/dotnet/packs/Microsoft.NETCore.App.Ref/8.0.21/ref/net8.0/System.Runtime.Serialization.Formatters.dll /reference:/usr/share/dotnet/packs/Microsoft.NETCore.App.Ref/8.0.21/ref/net8.0/System.Runtime.Serialization.Json.dll /reference:/usr/share/dotnet/packs/Microsoft.NETCore.App.Ref/8.0.21/ref/net8.0/System.Runtime.Serialization.Primitives.dll /reference:/usr/share/dotnet/packs/Microsoft.NETCore.App.Ref/8.0.21/ref/net8.0/System.Runtime.Serialization.Xml.dll /reference:/usr/share/dotnet/packs/Microsoft.NETCore.App.Ref/8.0.21/ref/net8.0/System.Security.AccessControl.dll /reference:/usr/share/dotnet/packs/Microsoft.NETCore.App.Ref/8.0.21/ref/net8.0/System.Security.Claims.dll /reference:/usr/share/dotnet/packs/Microsoft.NETCore.App.Ref/8.0.21/ref/net8.0/System.Security.Cryptography.Algorithms.dll /reference:/usr/share/dotnet/packs/Microsoft.NETCore.App.Ref/8.0.21/ref/net8.0/System.Security.Cryptography.Cng.dll /reference:/usr/share/dotnet/packs/Microsoft.NETCore.App.Ref/8.0.21/ref/net8.0/System.Security.Cryptography.Csp.dll /reference:/usr/share/dotnet/packs/Microsoft.NETCore.App.Ref/8.0.21/ref/net8.0/System.Security.Cryptography.dll /reference:/usr/share/dotnet/packs/Microsoft.NETCore.App.Ref/8.0.21/ref/net8.0/System.Security.Cryptography.Encoding.dll /reference:/usr/share/dotnet/packs/Microsoft.NETCore.App.Ref/8.0.21/ref/net8.0/System.Security.Cryptography.OpenSsl.dll /reference:/usr/share/dotnet/packs/Microsoft.NETCore.App.Ref/8.0.21/ref/net8.0/System.Security.Cryptography.Primitives.dll /reference:/usr/share/dotnet/packs/Microsoft.NETCore.App.Ref/8.0.21/ref/net8.0/System.Security.Cryptography.X509Certificates.dll /reference:/usr/share/dotnet/packs/Microsoft.NETCore.App.Ref/8.0.21/ref/net8.0/System.Security.dll /reference:/usr/share/dotnet/packs/Microsoft.NETCore.App.Ref/8.0.21/ref/net8.0/System.Security.Principal.dll /reference:/usr/share/dotnet/packs/Microsoft.NETCore.App.Ref/8.0.21/ref/net8.0/System.Security.Principal.Windows.dll /reference:/usr/share/dotnet/packs/Microsoft.NETCore.App.Ref/8.0.21/ref/net8.0/System.Security.SecureString.dll /reference:/usr/share/dotnet/packs/Microsoft.NETCore.App.Ref/8.0.21/ref/net8.0/System.ServiceModel.Web.dll /reference:/usr/share/dotnet/packs/Microsoft.NETCore.App.Ref/8.0.21/ref/net8.0/System.ServiceProcess.dll /reference:/usr/share/dotnet/packs/Microsoft.NETCore.App.Ref/8.0.21/ref/net8.0/System.Text.Encoding.CodePages.dll /reference:/usr/share/dotnet/packs/Microsoft.NETCore.App.Ref/8.0.21/ref/net8.0/System.Text.Encoding.dll /reference:/usr/share/dotnet/packs/Microsoft.NETCore.App.Ref/8.0.21/ref/net8.0/System.Text.Encoding.Extensions.dll /reference:/usr/share/dotnet/packs/Microsoft.NETCore.App.Ref/8.0.21/ref/net8.0/System.Text.Encodings.Web.dll /reference:/usr/share/dotnet/packs/Microsoft.NETCore.App.Ref/8.0.21/ref/net8.0/System.Text.Json.dll /reference:/usr/share/dotnet/packs/Microsoft.NETCore.App.Ref/8.0.21/ref/net8.0/System.Text.RegularExpressions.dll /reference:/usr/share/dotnet/packs/Microsoft.NETCore.App.Ref/8.0.21/ref/net8.0/System.Threading.Channels.dll /reference:/usr/share/dotnet/packs/Microsoft.NETCore.App.Ref/8.0.21/ref/net8.0/System.Threading.dll /reference:/usr/share/dotnet/packs/Microsoft.NETCore.App.Ref/8.0.21/ref/net8.0/System.Threading.Overlapped.dll /reference:/usr/share/dotnet/packs/Microsoft.NETCore.App.Ref/8.0.21/ref/net8.0/System.Threading.Tasks.Dataflow.dll /reference:/usr/share/dotnet/packs/Microsoft.NETCore.App.Ref/8.0.21/ref/net8.0/System.Threading.Tasks.dll /reference:/usr/share/dotnet/packs/Microsoft.NETCore.App.Ref/8.0.21/ref/net8.0/System.Threading.Tasks.Extensions.dll /reference:/usr/share/dotnet/packs/Microsoft.NETCore.App.Ref/8.0.21/ref/net8.0/System.Threading.Tasks.Parallel.dll /reference:/usr/share/dotnet/packs/Microsoft.NETCore.App.Ref/8.0.21/ref/net8.0/System.Threading.Thread.dll /reference:/usr/share/dotnet/packs/Microsoft.NETCore.App.Ref/8.0.21/ref/net8.0/System.Threading.ThreadPool.dll /reference:/usr/share/dotnet/packs/Microsoft.NETCore.App.Ref/8.0.21/ref/net8.0/System.Threading.Timer.dll /reference:/usr/share/dotnet/packs/Microsoft.NETCore.App.Ref/8.0.21/ref/net8.0/System.Transactions.dll /reference:/usr/share/dotnet/packs/Microsoft.NETCore.App.Ref/8.0.21/ref/net8.0/System.Transactions.Local.dll /reference:/usr/share/dotnet/packs/Microsoft.NETCore.App.Ref/8.0.21/ref/net8.0/System.ValueTuple.dll /reference:/usr/share/dotnet/packs/Microsoft.NETCore.App.Ref/8.0.21/ref/net8.0/System.Web.dll /reference:/usr/share/dotnet/packs/Microsoft.NETCore.App.Ref/8.0.21/ref/net8.0/System.Web.HttpUtility.dll /reference:/usr/share/dotnet/packs/Microsoft.NETCore.App.Ref/8.0.21/ref/net8.0/System.Windows.dll /reference:/usr/share/dotnet/packs/Microsoft.NETCore.App.Ref/8.0.21/ref/net8.0/System.Xml.dll /reference:/usr/share/dotnet/packs/Microsoft.NETCore.App.Ref/8.0.21/ref/net8.0/System.Xml.Linq.dll /reference:/usr/share/dotnet/packs/Microsoft.NETCore.App.Ref/8.0.21/ref/net8.0/System.Xml.ReaderWriter.dll /reference:/usr/share/dotnet/packs/Microsoft.NETCore.App.Ref/8.0.21/ref/net8.0/System.Xml.Serialization.dll /reference:/usr/share/dotnet/packs/Microsoft.NETCore.App.Ref/8.0.21/ref/net8.0/System.Xml.XDocument.dll /reference:/usr/share/dotnet/packs/Microsoft.NETCore.App.Ref/8.0.21/ref/net8.0/System.Xml.XmlDocument.dll /reference:/usr/share/dotnet/packs/Microsoft.NETCore.App.Ref/8.0.21/ref/net8.0/System.Xml.XmlSerializer.dll /reference:/usr/share/dotnet/packs/Microsoft.NETCore.App.Ref/8.0.21/ref/net8.0/System.Xml.XPath.dll /reference:/usr/share/dotnet/packs/Microsoft.NETCore.App.Ref/8.0.21/ref/net8.0/System.Xml.XPath.XDocument.dll /reference:/usr/share/dotnet/packs/Microsoft.NETCore.App.Ref/8.0.21/ref/net8.0/WindowsBase.dll /debug- /debug:portable /filealign:512 /optimize+ /out:obj/Release/net8.0/KChief.Platform.Core.dll /refout:obj/Release/net8.0/refint/KChief.Platform.Core.dll /target:library /warnaserror- /utf8output /deterministic+ /sourcelink:obj/Release/net8.0/KChief.Platform.Core.sourcelink.json /langversion:12.0 /embed:obj/Release/net8.0/KChief.Platform.Core.GlobalUsings.g.cs /embed:"obj/Release/net8.0/.NETCoreApp,Version=v8.0.AssemblyAttributes.cs" /embed:obj/Release/net8.0/KChief.Platform.Core.AssemblyInfo.cs /analyzerconfig:obj/Release/net8.0/KChief.Platform.Core.GeneratedMSBuildEditorConfig.editorconfig /analyzerconfig:/usr/share/dotnet/sdk/8.0.415/Sdks/Microsoft.NET.Sdk/analyzers/build/config/analysislevel_8_default.globalconfig /analyzer:/usr/share/dotnet/sdk/8.0.415/Sdks/Microsoft.NET.Sdk/targets/../analyzers/Microsoft.CodeAnalysis.CSharp.NetAnalyzers.dll /analyzer:/usr/share/dotnet/sdk/8.0.415/Sdks/Microsoft.NET.Sdk/targets/../analyzers/Microsoft.CodeAnalysis.NetAnalyzers.dll /analyzer:/home/saidul/.nuget/packages/microsoft.extensions.logging.abstractions/8.0.0/analyzers/dotnet/roslyn4.4/cs/Microsoft.Extensions.Logging.Generators.dll /analyzer:/home/saidul/.nuget/packages/microsoft.extensions.options/8.0.0/analyzers/dotnet/roslyn4.4/cs/Microsoft.Extensions.Options.SourceGeneration.dll /analyzer:/usr/share/dotnet/packs/Microsoft.NETCore.App.Ref/8.0.21/analyzers/dotnet/cs/Microsoft.Interop.ComInterfaceGenerator.dll /analyzer:/usr/share/dotnet/packs/Microsoft.NETCore.App.Ref/8.0.21/analyzers/dotnet/cs/Microsoft.Interop.JavaScript.JSImportGenerator.dll /analyzer:/usr/share/dotnet/packs/Microsoft.NETCore.App.Ref/8.0.21/analyzers/dotnet/cs/Microsoft.Interop.LibraryImportGenerator.dll /analyzer:/usr/share/dotnet/packs/Microsoft.NETCore.App.Ref/8.0.21/analyzers/dotnet/cs/Microsoft.Interop.SourceGeneration.dll /analyzer:/usr/share/dotnet/packs/Microsoft.NETCore.App.Ref/8.0.21/analyzers/dotnet/cs/System.Text.Json.SourceGeneration.dll /analyzer:/usr/share/dotnet/packs/Microsoft.NETCore.App.Ref/8.0.21/analyzers/dotnet/cs/System.Text.RegularExpressions.Generator.dll Configuration/ValidatedOptions.cs ConnectionPooling/BaseConnectionPool.cs ConnectionPooling/ConnectionHealthMonitor.cs ConnectionPooling/ConnectionPoolOptions.cs ConnectionPooling/ConnectionRetryPolicy.cs ConnectionPooling/IConnectionFactory.cs ConnectionPooling/IConnectionPool.cs Exceptions/EngineNotFoundException.cs Exceptions/KChiefException.cs Exceptions/ProtocolException.cs Exceptions/ValidationException.cs Exceptions/VesselNotFoundException.cs Exceptions/VesselOperationException.cs Extensions/CollectionExtensions.cs Extensions/DateTimeExtensions.cs Extensions/StringExtensions.cs Interfaces/IAlarmService.cs Interfaces/IAuthenticationService.cs Interfaces/ICacheInvalidationService.cs Interfaces/ICacheService.cs Interfaces/IMessageBus.cs Interfaces/IModbusClient.cs Interfaces/IOPCUaClient.cs Interfaces/IUserService.cs Interfaces/IVesselControlService.cs Middleware/BaseMiddleware.cs Models/Alarm.cs Models/AlarmHistory.cs Models/AlarmRule.cs Models/ApiKey.cs Models/CacheOptions.cs Models/Engine.cs Models/MessageBusEvent.cs Models/Sensor.cs Models/User.cs Models/UserRole.cs Models/Vessel.cs ResourceManagement/AsyncDisposableBase.cs ResourceManagement/ResourceManager.cs Services/BackgroundServiceBase.cs Services/BaseRepository.cs Services/BaseService.cs Telemetry/ITelemetryService.cs Utilities/Guard.cs Utilities/HttpClientHelper.cs Utilities/IdGenerator.cs Utilities/JsonHelper.cs Utilities/ReflectionHelper.cs Utilities/ValidationHelper.cs Validation/BaseValidator.cs obj/Release/net8.0/KChief.Platform.Core.GlobalUsings.g.cs "obj/Release/net8.0/.NETCoreApp,Version=v8.0.AssemblyAttributes.cs" obj/Release/net8.0/KChief.Platform.Core.AssemblyInfo.cs /warnaserror+:NU1605,SYSLIB0011
         Assembly loaded during TaskRun (Microsoft.CodeAnalysis.BuildTasks.Csc): System.Security.Principal.Windows, Version=8.0.0.0, Culture=neutral, PublicKeyToken=b03f5f7f11d50a3a (location: /usr/share/dotnet/shared/Microsoft.NETCore.App/8.0.21/System.Security.Principal.Windows.dll, MVID: f95240d2-4c2f-476f-870e-5c430b2c2cd2, AssemblyLoadContext: Default)
         Assembly loaded during TaskRun (Microsoft.CodeAnalysis.BuildTasks.Csc): System.Security.Claims, Version=8.0.0.0, Culture=neutral, PublicKeyToken=b03f5f7f11d50a3a (location: /usr/share/dotnet/shared/Microsoft.NETCore.App/8.0.21/System.Security.Claims.dll, MVID: f68665a3-83fa-428f-9954-b26a29f949bc, AssemblyLoadContext: Default)
         Microsoft (R) Visual C# Compiler version 4.11.0-3.24554.2 (bc1c3011)
         Copyright (C) Microsoft Corporation. All rights reserved.
 10:13>/home/saidul/Desktop/K-Chief Marine Automation Platform/src/KChief.Platform.Core/Exceptions/KChiefException.cs(33,81): warning SYSLIB0051: 'Exception.Exception(SerializationInfo, StreamingContext)' is obsolete: 'This API supports obsolete formatter-based serialization. It should not be called or extended by application code.' (https://aka.ms/dotnet-warnings/SYSLIB0051) [/home/saidul/Desktop/K-Chief Marine Automation Platform/src/KChief.Platform.Core/KChief.Platform.Core.csproj]
         CompilerServer: server - server processed compilation - KChief.Platform.Core (net8.0)
       Done executing task "Csc".
       Task "CallTarget" skipped, due to false condition; ('$(TargetsTriggeredByCompilation)' != '') was evaluated as ('' != '').
 10:13>Done building target "CoreCompile" in project "KChief.Platform.Core.csproj".
       Target "_TouchLastBuildWithSkipAnalyzers" skipped, due to false condition; ('$(_SkipAnalyzers)' == 'true') was evaluated as ('' == 'true').
       Target "_TimeStampAfterCompile" skipped, due to false condition; ('$(RunPostBuildEvent)'=='OnOutputUpdated' or ('$(RegisterForComInterop)'=='true' and '$(OutputType)'=='library')) was evaluated as (''=='OnOutputUpdated' or (''=='true' and 'Library'=='library')).
 10:13>Target "AfterCompile" in file "/usr/share/dotnet/sdk/8.0.415/Microsoft.Common.CurrentVersion.targets" from project "/home/saidul/Desktop/K-Chief Marine Automation Platform/src/KChief.Platform.Core/KChief.Platform.Core.csproj" (target "Compile" depends on it):
 10:13>Done building target "AfterCompile" in project "KChief.Platform.Core.csproj".
       Target "_CreateAppHost" skipped, due to false condition; ('$(ComputeNETCoreBuildOutputFiles)' == 'true' and
                            '$(AppHostSourcePath)' != '' and
                            Exists('@(IntermediateAssembly)') and
                            Exists('$(AppHostSourcePath)')) was evaluated as ('true' == 'true' and
                            '' != '' and
                            Exists('obj/Release/net8.0/KChief.Platform.Core.dll') and
                            Exists('')).
       Target "_CreateComHost" skipped, due to false condition; ('$(ComputeNETCoreBuildOutputFiles)' == 'true' and
                            '$(ComHostIntermediatePath)' != '' and
                            Exists('@(IntermediateAssembly)') and
                            Exists('$(ComHostSourcePath)')) was evaluated as ('true' == 'true' and
                            '' != '' and
                            Exists('obj/Release/net8.0/KChief.Platform.Core.dll') and
                            Exists('')).
       Target "_GetIjwHostPaths" skipped, due to false condition; ('$(UseIJWHost)' == 'true') was evaluated as ('' == 'true').
 10:13>Target "Compile" in file "/usr/share/dotnet/sdk/8.0.415/Microsoft.Common.CurrentVersion.targets" from project "/home/saidul/Desktop/K-Chief Marine Automation Platform/src/KChief.Platform.Core/KChief.Platform.Core.csproj" (target "CoreBuild" depends on it):
 10:13>Done building target "Compile" in project "KChief.Platform.Core.csproj".
       Target "ExportWindowsMDFile" skipped, due to false condition; ('$(ExportWinMDFile)' == 'true') was evaluated as ('' == 'true').
       Target "UnmanagedUnregistration" skipped, due to false condition; ((('$(_AssemblyTimestampBeforeCompile)' != '$(_AssemblyTimestampAfterCompile)' or '$(RegisterForComInterop)' != 'true' or '$(OutputType)' != 'library') or
                           ('$(_AssemblyTimestampBeforeCompile)' == '')) and
                          Exists('@(_UnmanagedRegistrationCache)')) was evaluated as ((('' != '' or '' != 'true' or 'Library' != 'library') or
                           ('' == '')) and
                          Exists('obj/KChief.Platform.Core.csproj.UnmanagedRegistration.cache')).
       Target "GenerateSerializationAssemblies" skipped, due to false condition; ('$(_SGenGenerateSerializationAssembliesConfig)' == 'On' or ('@(WebReferenceUrl)'!='' and '$(_SGenGenerateSerializationAssembliesConfig)' == 'Auto')) was evaluated as ('Auto' == 'On' or (''!='' and 'Auto' == 'Auto')).
 10:13>Target "_GenerateSatelliteAssemblyInputs" in file "/usr/share/dotnet/sdk/8.0.415/Microsoft.Common.CurrentVersion.targets" from project "/home/saidul/Desktop/K-Chief Marine Automation Platform/src/KChief.Platform.Core/KChief.Platform.Core.csproj" (target "CreateSatelliteAssemblies" depends on it):
       Task "Warning" skipped, due to false condition; ('@(ManifestResourceWithCulture)'!='' and '%(ManifestResourceWithCulture.EmittedForCompatibilityOnly)'=='') was evaluated as (''!='' and ''=='').
       Task "Warning" skipped, due to false condition; ('@(ManifestNonResxWithCultureOnDisk)'!='' and '%(ManifestNonResxWithCultureOnDisk.EmittedForCompatibilityOnly)'=='') was evaluated as (''!='' and ''=='').
 10:13>Done building target "_GenerateSatelliteAssemblyInputs" in project "KChief.Platform.Core.csproj".
       Target "ComputeIntermediateSatelliteAssemblies" skipped, due to false condition; (@(EmbeddedResource->'%(WithCulture)') != '') was evaluated as ( != '').
       Target "GenerateSatelliteAssemblies" skipped, due to false condition; ('@(_SatelliteAssemblyResourceInputs)' != '' and '$(GenerateSatelliteAssembliesForCore)' != 'true') was evaluated as ('' != '' and 'true' != 'true').
       Target "CoreGenerateSatelliteAssemblies" skipped, due to false condition; ('@(_SatelliteAssemblyResourceInputs)' != ''  and '$(GenerateSatelliteAssembliesForCore)' == 'true' ) was evaluated as ('' != ''  and 'true' == 'true' ).
 10:13>Target "CreateSatelliteAssemblies" in file "/usr/share/dotnet/sdk/8.0.415/Microsoft.Common.CurrentVersion.targets" from project "/home/saidul/Desktop/K-Chief Marine Automation Platform/src/KChief.Platform.Core/KChief.Platform.Core.csproj" (target "CoreBuild" depends on it):
 10:13>Done building target "CreateSatelliteAssemblies" in project "KChief.Platform.Core.csproj".
       Target "GenerateManifests" skipped, due to false condition; ('$(GenerateClickOnceManifests)'=='true' or '@(NativeReference)'!='' or '@(ResolvedIsolatedComModules)'!='' or '$(GenerateAppxManifest)' == 'true') was evaluated as (''=='true' or ''!='' or ''!='' or '' == 'true').
 10:13>Target "GetTargetPathWithTargetPlatformMoniker" in file "/usr/share/dotnet/sdk/8.0.415/Microsoft.Common.CurrentVersion.targets" from project "/home/saidul/Desktop/K-Chief Marine Automation Platform/src/KChief.Platform.Core/KChief.Platform.Core.csproj" (target "GetTargetPath" depends on it):
 10:13>Done building target "GetTargetPathWithTargetPlatformMoniker" in project "KChief.Platform.Core.csproj".
 10:13>Target "GetTargetPath" in file "/usr/share/dotnet/sdk/8.0.415/Microsoft.Common.CurrentVersion.targets" from project "/home/saidul/Desktop/K-Chief Marine Automation Platform/src/KChief.Platform.Core/KChief.Platform.Core.csproj" (target "CoreBuild" depends on it):
 10:13>Done building target "GetTargetPath" in project "KChief.Platform.Core.csproj".
       Target "ComputeIntermediateSatelliteAssemblies" skipped, due to false condition; (@(EmbeddedResource->'%(WithCulture)') != '') was evaluated as ( != '').
       Target "_CopyFilesMarkedCopyLocal" skipped, due to false condition; ('@(ReferenceCopyLocalPaths)' != '') was evaluated as ('' != '').
       Target "AssignTargetPaths" skipped. Previously built successfully.
       Target "AssignProjectConfiguration" skipped. Previously built successfully.
       Target "_SplitProjectReferencesByFileExistence" skipped. Previously built successfully.
       Target "_GetProjectReferenceTargetFrameworkProperties" skipped. Previously built successfully.
 10:13>Target "_PopulateCommonStateForGetCopyToOutputDirectoryItems" in file "/usr/share/dotnet/sdk/8.0.415/Microsoft.Common.CurrentVersion.targets" from project "/home/saidul/Desktop/K-Chief Marine Automation Platform/src/KChief.Platform.Core/KChief.Platform.Core.csproj" (target "GetCopyToOutputDirectoryItems" depends on it):
 10:13>Done building target "_PopulateCommonStateForGetCopyToOutputDirectoryItems" in project "KChief.Platform.Core.csproj".
       Target "AddDepsJsonAndRuntimeConfigToCopyItemsForReferencingProjects" skipped, due to false condition; ('$(HasRuntimeOutput)' == 'true') was evaluated as ('' == 'true').
 10:13>Target "GetCopyToOutputDirectoryItems" in file "/usr/share/dotnet/sdk/8.0.415/Microsoft.Common.CurrentVersion.targets" from project "/home/saidul/Desktop/K-Chief Marine Automation Platform/src/KChief.Platform.Core/KChief.Platform.Core.csproj" (target "_CopySourceItemsToOutputDirectory" depends on it):
       Using "CallTarget" task from assembly "Microsoft.Build.Tasks.Core, Version=15.1.0.0, Culture=neutral, PublicKeyToken=b03f5f7f11d50a3a".
       Task "CallTarget"
       Target "_PopulateCommonStateForGetCopyToOutputDirectoryItems" skipped. Previously built successfully.
       Target "_AddOutputPathToGlobalPropertiesToRemove" skipped. Previously built successfully.
 10:13>Target "_GetCopyToOutputDirectoryItemsFromTransitiveProjectReferences" in file "/usr/share/dotnet/sdk/8.0.415/Microsoft.Common.CurrentVersion.targets" from project "/home/saidul/Desktop/K-Chief Marine Automation Platform/src/KChief.Platform.Core/KChief.Platform.Core.csproj" (target "GetCopyToOutputDirectoryItems" depends on it):
       Task "MSBuild" skipped, due to false condition; ('@(_MSBuildProjectReferenceExistent)' != '' and '$(_GetChildProjectCopyToOutputDirectoryItems)' == 'true' and '%(_MSBuildProjectReferenceExistent.Private)' != 'false' and '$(UseCommonOutputDirectory)' != 'true') was evaluated as ('' != '' and 'true' == 'true' and '' != 'false' and 'false' != 'true').
       Task "AssignTargetPath"
       Done executing task "AssignTargetPath".
 10:13>Done building target "_GetCopyToOutputDirectoryItemsFromTransitiveProjectReferences" in project "KChief.Platform.Core.csproj".
       Done executing task "CallTarget".
       Task "CallTarget"
       Target "AssignTargetPaths" skipped. Previously built successfully.
       Target "_PopulateCommonStateForGetCopyToOutputDirectoryItems" skipped. Previously built successfully.
       Target "AddDepsJsonAndRuntimeConfigToCopyItemsForReferencingProjects" skipped, due to false condition; ('$(HasRuntimeOutput)' == 'true') was evaluated as ('' == 'true').
 10:13>Target "_GetCopyToOutputDirectoryItemsFromThisProject" in file "/usr/share/dotnet/sdk/8.0.415/Microsoft.Common.CurrentVersion.targets" from project "/home/saidul/Desktop/K-Chief Marine Automation Platform/src/KChief.Platform.Core/KChief.Platform.Core.csproj" (target "GetCopyToOutputDirectoryItems" depends on it):
       Task "AssignTargetPath"
       Done executing task "AssignTargetPath".
 10:13>Done building target "_GetCopyToOutputDirectoryItemsFromThisProject" in project "KChief.Platform.Core.csproj".
       Done executing task "CallTarget".
 10:13>Done building target "GetCopyToOutputDirectoryItems" in project "KChief.Platform.Core.csproj".
       Target "_CopyOutOfDateSourceItemsToOutputDirectory" skipped, due to false condition; ( '@(_SourceItemsToCopyToOutputDirectory)' != '' ) was evaluated as ( '' != '' ).
       Target "_CopyOutOfDateSourceItemsToOutputDirectoryAlways" skipped, due to false condition; ( '@(_SourceItemsToCopyToOutputDirectoryAlways)' != '' ) was evaluated as ( '' != '' ).
 10:13>Target "_CopySourceItemsToOutputDirectory" in file "/usr/share/dotnet/sdk/8.0.415/Microsoft.Common.CurrentVersion.targets" from project "/home/saidul/Desktop/K-Chief Marine Automation Platform/src/KChief.Platform.Core/KChief.Platform.Core.csproj" (target "CopyFilesToOutputDirectory" depends on it):
 10:13>Done building target "_CopySourceItemsToOutputDirectory" in project "KChief.Platform.Core.csproj".
       Target "_CopyAppConfigFile" skipped, due to false condition; ( '@(AppConfigWithTargetPath)' != '' ) was evaluated as ( '' != '' ).
       Target "_CopyManifestFiles" skipped, due to false condition; ( '$(_DeploymentCopyApplicationManifest)'=='true' or '$(GenerateClickOnceManifests)'=='true' ) was evaluated as ( ''=='true' or ''=='true' ).
 10:13>Target "_CheckForCompileOutputs" in file "/usr/share/dotnet/sdk/8.0.415/Microsoft.Common.CurrentVersion.targets" from project "/home/saidul/Desktop/K-Chief Marine Automation Platform/src/KChief.Platform.Core/KChief.Platform.Core.csproj" (target "CopyFilesToOutputDirectory" depends on it):
 10:13>Done building target "_CheckForCompileOutputs" in project "KChief.Platform.Core.csproj".
       Target "_SGenCheckForOutputs" skipped, due to false condition; ('$(_SGenGenerateSerializationAssembliesConfig)' == 'On' or ('@(WebReferenceUrl)'!='' and '$(_SGenGenerateSerializationAssembliesConfig)' == 'Auto')) was evaluated as ('Auto' == 'On' or (''!='' and 'Auto' == 'Auto')).
       Target "_DefaultMicrosoftNETPlatformLibrary" skipped. Previously built successfully.
       Target "_HandlePackageFileConflicts" skipped. Previously built successfully.
       Target "ResolveAssemblyReferences" skipped. Previously built successfully.
 10:13>Target "_ComputeReferenceAssemblies" in file "/usr/share/dotnet/sdk/8.0.415/Sdks/Microsoft.NET.Sdk/targets/Microsoft.NET.Sdk.targets" from project "/home/saidul/Desktop/K-Chief Marine Automation Platform/src/KChief.Platform.Core/KChief.Platform.Core.csproj" (target "GenerateBuildDependencyFile" depends on it):
 10:13>Done building target "_ComputeReferenceAssemblies" in project "KChief.Platform.Core.csproj".
 10:13>Target "_ComputeUserRuntimeAssemblies" in file "/usr/share/dotnet/sdk/8.0.415/Sdks/Microsoft.NET.Sdk/targets/Microsoft.NET.Sdk.targets" from project "/home/saidul/Desktop/K-Chief Marine Automation Platform/src/KChief.Platform.Core/KChief.Platform.Core.csproj" (target "GenerateBuildDependencyFile" depends on it):
 10:13>Done building target "_ComputeUserRuntimeAssemblies" in project "KChief.Platform.Core.csproj".
       Target "ResolveRuntimePackAssets" skipped, due to false condition; ('@(RuntimePack)' != '') was evaluated as ('' != '').
       Target "_ComputePackageReferencePublish" skipped. Previously built successfully.
       Target "ComputeDependencyFileCompilerOptions" skipped, due to false condition; ('$(PreserveCompilationContext)' == 'true') was evaluated as ('' == 'true').
 10:13>Target "GenerateBuildDependencyFile" in file "/usr/share/dotnet/sdk/8.0.415/Sdks/Microsoft.NET.Sdk/targets/Microsoft.NET.Sdk.targets" from project "/home/saidul/Desktop/K-Chief Marine Automation Platform/src/KChief.Platform.Core/KChief.Platform.Core.csproj" (target "CopyFilesToOutputDirectory" depends on it):
       Skipping target "GenerateBuildDependencyFile" because all output files are up-to-date with respect to the input files.
       Input files: 
           /home/saidul/Desktop/K-Chief Marine Automation Platform/src/KChief.Platform.Core/obj/project.assets.json
           /home/saidul/Desktop/K-Chief Marine Automation Platform/src/KChief.Platform.Core/obj/Release/net8.0/KChief.Platform.Core.assets.cache
           /home/saidul/Desktop/K-Chief Marine Automation Platform/src/KChief.Platform.Core/KChief.Platform.Core.csproj
           /usr/share/dotnet/sdk/8.0.415/Current/Microsoft.Common.targets/ImportAfter/Microsoft.TestPlatform.ImportAfter.targets
       Output files: /home/saidul/Desktop/K-Chief Marine Automation Platform/src/KChief.Platform.Core/bin/Release/net8.0/KChief.Platform.Core.deps.json
 10:13>Done building target "GenerateBuildDependencyFile" in project "KChief.Platform.Core.csproj".
       Target "GenerateBuildRuntimeConfigurationFiles" skipped, due to false condition; ( '$(GenerateRuntimeConfigurationFiles)' == 'true') was evaluated as ( '' == 'true').
       Target "GenerateShimsAssets" skipped, due to false condition; ('$(PackAsTool)' == 'true' and $(PackAsToolShimRuntimeIdentifiers) != '' ) was evaluated as ('' == 'true' and  != '' ).
 10:13>Target "CopyFilesToOutputDirectory" in file "/usr/share/dotnet/sdk/8.0.415/Microsoft.Common.CurrentVersion.targets" from project "/home/saidul/Desktop/K-Chief Marine Automation Platform/src/KChief.Platform.Core/KChief.Platform.Core.csproj" (target "PrepareForRun" depends on it):
       Using "Copy" task from assembly "Microsoft.Build.Tasks.Core, Version=15.1.0.0, Culture=neutral, PublicKeyToken=b03f5f7f11d50a3a".
       Task "Copy"
         Copying file from "/home/saidul/Desktop/K-Chief Marine Automation Platform/src/KChief.Platform.Core/obj/Release/net8.0/KChief.Platform.Core.dll" to "/home/saidul/Desktop/K-Chief Marine Automation Platform/src/KChief.Platform.Core/bin/Release/net8.0/KChief.Platform.Core.dll".
       Done executing task "Copy".
       Using "CopyRefAssembly" task from assembly "/usr/share/dotnet/sdk/8.0.415/Roslyn/Microsoft.Build.Tasks.CodeAnalysis.dll".
       Task "CopyRefAssembly"
         Source reference assembly "obj/Release/net8.0/refint/KChief.Platform.Core.dll" (timestamp "2025-11-06T19:46:51.8093385Z", MVID "8dd257c5-0331-46e8-8aa0-35bba47c87ef") differs from destination "/home/saidul/Desktop/K-Chief Marine Automation Platform/src/KChief.Platform.Core/obj/Release/net8.0/ref/KChief.Platform.Core.dll" (timestamp "2025-11-06T19:40:57.1763342Z", MVID "9706c7fd-ea75-4021-affe-209b43b19fcb").
         Copying reference assembly from "obj/Release/net8.0/refint/KChief.Platform.Core.dll" to "/home/saidul/Desktop/K-Chief Marine Automation Platform/src/KChief.Platform.Core/obj/Release/net8.0/ref/KChief.Platform.Core.dll".
       Done executing task "CopyRefAssembly".
       Task "Message"
         KChief.Platform.Core -> /home/saidul/Desktop/K-Chief Marine Automation Platform/src/KChief.Platform.Core/bin/Release/net8.0/KChief.Platform.Core.dll
       Done executing task "Message".
       Task "Copy" skipped, due to false condition; ('@(AddModules)' != '') was evaluated as ('' != '').
       Task "Copy" skipped, due to false condition; ('$(_SGenDllCreated)'=='true') was evaluated as ('false'=='true').
       Task "Copy"
         Copying file from "/home/saidul/Desktop/K-Chief Marine Automation Platform/src/KChief.Platform.Core/obj/Release/net8.0/KChief.Platform.Core.pdb" to "/home/saidul/Desktop/K-Chief Marine Automation Platform/src/KChief.Platform.Core/bin/Release/net8.0/KChief.Platform.Core.pdb".
       Done executing task "Copy".
       Task "Copy" skipped, due to false condition; ('$(_DocumentationFileProduced)'=='true' and '$(CopyDocumentationFileToOutputDirectory)'=='true') was evaluated as ('false'=='true' and 'true'=='true').
       Task "Copy" skipped, due to false condition; ('@(IntermediateSatelliteAssembliesWithTargetPath)' != '') was evaluated as ('' != '').
       Task "Copy" skipped, due to false condition; ('@(ReferenceComWrappersToCopyLocal)' != '' or '@(ResolvedIsolatedComModules)' != '' or '@(_DeploymentLooseManifestFile)' != '' or '@(NativeReferenceFile)' != '' ) was evaluated as ('' != '' or '' != '' or '' != '' or '' != '' ).
       Task "Copy" skipped, due to false condition; ('$(SkipCopyWinMDArtifact)' != 'true' and '@(WinMDExpArtifacts)' != '') was evaluated as ('' != 'true' and '' != '').
       Task "Message" skipped, due to false condition; ('$(SkipCopyWinMDArtifact)' != 'true' and '$(_WindowsMetadataOutputPath)' != '') was evaluated as ('' != 'true' and '' != '').
 10:13>Done building target "CopyFilesToOutputDirectory" in project "KChief.Platform.Core.csproj".
       Target "_CopyReferenceOnlyAssembliesForBuild" skipped, due to false condition; ('$(PreserveCompilationReferences)' == 'true') was evaluated as ('' == 'true').
 10:13>Target "PrepareForRun" in file "/usr/share/dotnet/sdk/8.0.415/Microsoft.Common.CurrentVersion.targets" from project "/home/saidul/Desktop/K-Chief Marine Automation Platform/src/KChief.Platform.Core/KChief.Platform.Core.csproj" (target "CoreBuild" depends on it):
 10:13>Done building target "PrepareForRun" in project "KChief.Platform.Core.csproj".
       Target "UnmanagedRegistration" skipped, due to false condition; ('$(RegisterForComInterop)'=='true' and '$(OutputType)'=='library') was evaluated as (''=='true' and 'Library'=='library').
       Target "_CheckForCompileOutputs" skipped. Previously built successfully.
       Target "_SGenCheckForOutputs" skipped, due to false condition; ('$(_SGenGenerateSerializationAssembliesConfig)' == 'On' or ('@(WebReferenceUrl)'!='' and '$(_SGenGenerateSerializationAssembliesConfig)' == 'Auto')) was evaluated as ('Auto' == 'On' or (''!='' and 'Auto' == 'Auto')).
 10:13>Target "_CleanGetCurrentAndPriorFileWrites" in file "/usr/share/dotnet/sdk/8.0.415/Microsoft.Common.CurrentVersion.targets" from project "/home/saidul/Desktop/K-Chief Marine Automation Platform/src/KChief.Platform.Core/KChief.Platform.Core.csproj" (target "IncrementalClean" depends on it):
       Using "ReadLinesFromFile" task from assembly "Microsoft.Build.Tasks.Core, Version=15.1.0.0, Culture=neutral, PublicKeyToken=b03f5f7f11d50a3a".
       Task "ReadLinesFromFile"
       Done executing task "ReadLinesFromFile".
       Task "ConvertToAbsolutePath"
       Done executing task "ConvertToAbsolutePath".
       Using "FindUnderPath" task from assembly "Microsoft.Build.Tasks.Core, Version=15.1.0.0, Culture=neutral, PublicKeyToken=b03f5f7f11d50a3a".
       Task "FindUnderPath"
         Comparison path is "/home/saidul/Desktop/K-Chief Marine Automation Platform/src/KChief.Platform.Core".
       Done executing task "FindUnderPath".
       Task "FindUnderPath"
         Comparison path is "bin/Release/net8.0/".
       Done executing task "FindUnderPath".
       Task "FindUnderPath"
         Comparison path is "obj/Release/net8.0/".
       Done executing task "FindUnderPath".
       Task "RemoveDuplicates"
       Done executing task "RemoveDuplicates".
 10:13>Done building target "_CleanGetCurrentAndPriorFileWrites" in project "KChief.Platform.Core.csproj".
 10:13>Target "IncrementalClean" in file "/usr/share/dotnet/sdk/8.0.415/Microsoft.Common.CurrentVersion.targets" from project "/home/saidul/Desktop/K-Chief Marine Automation Platform/src/KChief.Platform.Core/KChief.Platform.Core.csproj" (target "CoreBuild" depends on it):
       Task "FindUnderPath"
         Comparison path is "bin/Release/net8.0/".
       Done executing task "FindUnderPath".
       Task "FindUnderPath"
         Comparison path is "obj/Release/net8.0/".
       Done executing task "FindUnderPath".
       Using "Delete" task from assembly "Microsoft.Build.Tasks.Core, Version=15.1.0.0, Culture=neutral, PublicKeyToken=b03f5f7f11d50a3a".
       Task "Delete"
       Done executing task "Delete".
       Task "RemoveDuplicates"
       Done executing task "RemoveDuplicates".
       Task "WriteLinesToFile" skipped, due to false condition; ('@(_CleanUnfilteredPriorFileWrites)'!='@(_CleanUniqueRemainingFileWritesAfterIncrementalClean)') was evaluated as ('/home/saidul/Desktop/K-Chief Marine Automation Platform/src/KChief.Platform.Core/bin/Release/net8.0/KChief.Platform.Core.deps.json;/home/saidul/Desktop/K-Chief Marine Automation Platform/src/KChief.Platform.Core/bin/Release/net8.0/KChief.Platform.Core.dll;/home/saidul/Desktop/K-Chief Marine Automation Platform/src/KChief.Platform.Core/bin/Release/net8.0/KChief.Platform.Core.pdb;...'!='/home/saidul/Desktop/K-Chief Marine Automation Platform/src/KChief.Platform.Core/bin/Release/net8.0/KChief.Platform.Core.deps.json;/home/saidul/Desktop/K-Chief Marine Automation Platform/src/KChief.Platform.Core/bin/Release/net8.0/KChief.Platform.Core.dll;/home/saidul/Desktop/K-Chief Marine Automation Platform/src/KChief.Platform.Core/bin/Release/net8.0/KChief.Platform.Core.pdb;...').
 10:13>Done building target "IncrementalClean" in project "KChief.Platform.Core.csproj".
       Target "PostBuildEvent" skipped, due to false condition; ('$(PostBuildEvent)' != '' and ('$(RunPostBuildEvent)' != 'OnOutputUpdated' or '$(_AssemblyTimestampBeforeCompile)' != '$(_AssemblyTimestampAfterCompile)')) was evaluated as ('' != '' and ('' != 'OnOutputUpdated' or '' != '')).
       Target "GenerateBuildDependencyFile" skipped. Previously built successfully.
       Target "GenerateBuildRuntimeConfigurationFiles" skipped, due to false condition; ( '$(GenerateRuntimeConfigurationFiles)' == 'true') was evaluated as ( '' == 'true').
 10:13>Target "CoreBuild" in file "/usr/share/dotnet/sdk/8.0.415/Microsoft.Common.CurrentVersion.targets" from project "/home/saidul/Desktop/K-Chief Marine Automation Platform/src/KChief.Platform.Core/KChief.Platform.Core.csproj" (target "Build" depends on it):
 10:13>Done building target "CoreBuild" in project "KChief.Platform.Core.csproj".
 10:13>Target "AfterBuild" in file "/usr/share/dotnet/sdk/8.0.415/Microsoft.Common.CurrentVersion.targets" from project "/home/saidul/Desktop/K-Chief Marine Automation Platform/src/KChief.Platform.Core/KChief.Platform.Core.csproj" (target "Build" depends on it):
 10:13>Done building target "AfterBuild" in project "KChief.Platform.Core.csproj".
       Target "_CheckBrowserWorkloadNeededButNotAvailable" skipped, due to false condition; ('$(RuntimeIdentifier)' == 'browser-wasm' and '$(_BrowserWorkloadDisabled)' != 'true' and '$(WasmNativeWorkloadAvailable)' != 'true') was evaluated as ('' == 'browser-wasm' and '' != 'true' and '' != 'true').
       Target "_ErrorWorkloadDisabledForTFMLessThan6" skipped, due to false condition; ('$(_BrowserWorkloadNotSupportedForTFM)' == 'true') was evaluated as ('' == 'true').
       Target "_ErrorDualWasmThreadPropsOn7" skipped, due to false condition; ('$(TargetsNet7)' == 'true' and '$(RuntimeIdentifier)' == 'browser-wasm' and
           '$(BrowserWorkloadDisabled)' != 'true' and '$(WasmEnableThreads)' == 'true' and '$(WasmEnablePerfTrace)' == 'true') was evaluated as ('' == 'true' and '' == 'browser-wasm' and
           '' != 'true' and '' == 'true' and '' == 'true').
       Target "_CheckForInvalidConfigurationAndPlatform" skipped. Previously built successfully.
       Target "_CheckForInvalidConfigurationAndPlatform" skipped. Previously built successfully.
 10:13>Target "Build" in file "/usr/share/dotnet/sdk/8.0.415/Microsoft.Common.CurrentVersion.targets" from project "/home/saidul/Desktop/K-Chief Marine Automation Platform/src/KChief.Platform.Core/KChief.Platform.Core.csproj" (entry point):
 10:13>Done building target "Build" in project "KChief.Platform.Core.csproj".
       Target "_PackAsBuildAfterTarget" skipped, due to false condition; ('$(GeneratePackageOnBuild)' == 'true' AND '$(IsInnerBuild)' != 'true') was evaluated as ('false' == 'true' AND '' != 'true').
 10:13>Target "_CheckContainersPackage" in file "/usr/share/dotnet/sdk/8.0.415/Containers/build/Microsoft.NET.Build.Containers.targets" from project "/home/saidul/Desktop/K-Chief Marine Automation Platform/src/KChief.Platform.Core/KChief.Platform.Core.csproj" (entry point):
       Task "Warning" skipped, due to false condition; ($(_ContainerPackageIsPresent)
               and (
                 ($(_SdkCanPublishWeb) and $(_IsWebProject)) or
                 ($(_SdkCanPublishWorker) and $(_IsWorkerProject)) or
                 ($(_SdkCanPublishConsole) and '$(EnableSdkContainerSupport)' == 'true')
               )) was evaluated as (false
               and (
                 (True and false) or
                 (True and false) or
                 (True and '' == 'true')
               )).
 10:13>Done building target "_CheckContainersPackage" in project "KChief.Platform.Core.csproj".
 10:13>Done Building Project "/home/saidul/Desktop/K-Chief Marine Automation Platform/src/KChief.Platform.Core/KChief.Platform.Core.csproj" (default targets).
   6:6>Project "/home/saidul/Desktop/K-Chief Marine Automation Platform/tests/KChief.Integration.Tests/KChief.Integration.Tests.csproj" (6:6) is building "/home/saidul/Desktop/K-Chief Marine Automation Platform/src/KChief.Platform.Core/KChief.Platform.Core.csproj" (10:14) on node 1 (GetTargetFrameworks target(s)).
 10:14>Target "GetTargetFrameworksWithPlatformForSingleTargetFramework" in file "/usr/share/dotnet/sdk/8.0.415/Microsoft.Common.CurrentVersion.targets" from project "/home/saidul/Desktop/K-Chief Marine Automation Platform/src/KChief.Platform.Core/KChief.Platform.Core.csproj" (target "GetTargetFrameworks" depends on it):
 10:14>Using "CombineTargetFrameworkInfoProperties" task from assembly "Microsoft.Build.Tasks.Core, Version=15.1.0.0, Culture=neutral, PublicKeyToken=b03f5f7f11d50a3a".
       Task "CombineTargetFrameworkInfoProperties"
       Done executing task "CombineTargetFrameworkInfoProperties".
 10:14>Done building target "GetTargetFrameworksWithPlatformForSingleTargetFramework" in project "KChief.Platform.Core.csproj".
 10:14>Target "GetTargetFrameworks" in file "/usr/share/dotnet/sdk/8.0.415/Microsoft.Common.CurrentVersion.targets" from project "/home/saidul/Desktop/K-Chief Marine Automation Platform/src/KChief.Platform.Core/KChief.Platform.Core.csproj" (entry point):
       Task "Error" skipped, due to false condition; ('$(IsCrossTargetingBuild)' == 'true') was evaluated as ('' == 'true').
       Using "CombineXmlElements" task from assembly "Microsoft.Build.Tasks.Core, Version=15.1.0.0, Culture=neutral, PublicKeyToken=b03f5f7f11d50a3a".
       Task "CombineXmlElements"
       Done executing task "CombineXmlElements".
 10:14>Done building target "GetTargetFrameworks" in project "KChief.Platform.Core.csproj".
 10:14>Done Building Project "/home/saidul/Desktop/K-Chief Marine Automation Platform/src/KChief.Platform.Core/KChief.Platform.Core.csproj" (GetTargetFrameworks target(s)).
   9:8>Project "/home/saidul/Desktop/K-Chief Marine Automation Platform/src/KChief.Platform.API/KChief.Platform.API.csproj" (9:8) is building "/home/saidul/Desktop/K-Chief Marine Automation Platform/src/KChief.Platform.Core/KChief.Platform.Core.csproj" (10:15) on node 1 (GetTargetFrameworks target(s)).
 10:15>Target "GetTargetFrameworks" skipped. Previously built successfully.
 10:15>Done Building Project "/home/saidul/Desktop/K-Chief Marine Automation Platform/src/KChief.Platform.Core/KChief.Platform.Core.csproj" (GetTargetFrameworks target(s)).
   3:6>Project "/home/saidul/Desktop/K-Chief Marine Automation Platform/tests/KChief.Platform.Tests/KChief.Platform.Tests.csproj" (3:6) is building "/home/saidul/Desktop/K-Chief Marine Automation Platform/src/KChief.Platform.Core/KChief.Platform.Core.csproj" (10:16) on node 1 (GetTargetFrameworks target(s)).
 10:16>Target "GetTargetFrameworks" skipped. Previously built successfully.
 10:16>Done Building Project "/home/saidul/Desktop/K-Chief Marine Automation Platform/src/KChief.Platform.Core/KChief.Platform.Core.csproj" (GetTargetFrameworks target(s)).
   4:7>Project "/home/saidul/Desktop/K-Chief Marine Automation Platform/src/KChief.Protocols.Modbus/KChief.Protocols.Modbus.csproj" (4:7) is building "/home/saidul/Desktop/K-Chief Marine Automation Platform/src/KChief.Platform.Core/KChief.Platform.Core.csproj" (10:17) on node 1 (GetTargetFrameworks target(s)).
 10:17>Target "GetTargetFrameworks" skipped. Previously built successfully.
 10:17>Done Building Project "/home/saidul/Desktop/K-Chief Marine Automation Platform/src/KChief.Platform.Core/KChief.Platform.Core.csproj" (GetTargetFrameworks target(s)).
   8:8>Project "/home/saidul/Desktop/K-Chief Marine Automation Platform/src/KChief.DataAccess/KChief.DataAccess.csproj" (8:8) is building "/home/saidul/Desktop/K-Chief Marine Automation Platform/src/KChief.Platform.Core/KChief.Platform.Core.csproj" (10:18) on node 1 (GetTargetFrameworks target(s)).
 10:18>Target "GetTargetFrameworks" skipped. Previously built successfully.
 10:18>Done Building Project "/home/saidul/Desktop/K-Chief Marine Automation Platform/src/KChief.Platform.Core/KChief.Platform.Core.csproj" (GetTargetFrameworks target(s)).
   2:8>Project "/home/saidul/Desktop/K-Chief Marine Automation Platform/src/KChief.VesselControl/KChief.VesselControl.csproj" (2:8) is building "/home/saidul/Desktop/K-Chief Marine Automation Platform/src/KChief.Platform.Core/KChief.Platform.Core.csproj" (10:19) on node 1 (GetTargetFrameworks target(s)).
 10:19>Target "GetTargetFrameworks" skipped. Previously built successfully.
 10:19>Done Building Project "/home/saidul/Desktop/K-Chief Marine Automation Platform/src/KChief.Platform.Core/KChief.Platform.Core.csproj" (GetTargetFrameworks target(s)).
   7:7>Project "/home/saidul/Desktop/K-Chief Marine Automation Platform/src/KChief.AlarmSystem/KChief.AlarmSystem.csproj" (7:7) is building "/home/saidul/Desktop/K-Chief Marine Automation Platform/src/KChief.Platform.Core/KChief.Platform.Core.csproj" (10:20) on node 1 (GetTargetFrameworks target(s)).
 10:20>Target "GetTargetFrameworks" skipped. Previously built successfully.
 10:20>Done Building Project "/home/saidul/Desktop/K-Chief Marine Automation Platform/src/KChief.Platform.Core/KChief.Platform.Core.csproj" (GetTargetFrameworks target(s)).
   5:7>Project "/home/saidul/Desktop/K-Chief Marine Automation Platform/src/KChief.Protocols.OPC/KChief.Protocols.OPC.csproj" (5:7) is building "/home/saidul/Desktop/K-Chief Marine Automation Platform/src/KChief.Platform.Core/KChief.Platform.Core.csproj" (10:21) on node 1 (GetTargetFrameworks target(s)).
 10:21>Target "GetTargetFrameworks" skipped. Previously built successfully.
 10:21>Done Building Project "/home/saidul/Desktop/K-Chief Marine Automation Platform/src/KChief.Platform.Core/KChief.Platform.Core.csproj" (GetTargetFrameworks target(s)).
   8:8>Done executing task "MSBuild".
   2:8>Done executing task "MSBuild".
   5:7>Done executing task "MSBuild".
       Task "MSBuild" skipped, due to false condition; ('%(_MSBuildProjectReferenceExistent.SkipGetTargetFrameworkProperties)' != 'true' and '$(EnableDynamicPlatformResolution)' == 'true') was evaluated as ('' != 'true' and '' == 'true').
   2:8>_GetProjectReferenceTargetFrameworkProperties:
       Task "MSBuild" skipped, due to false condition; ('%(_MSBuildProjectReferenceExistent.SkipGetTargetFrameworkProperties)' != 'true' and '$(EnableDynamicPlatformResolution)' == 'true') was evaluated as ('' != 'true' and '' == 'true').
   7:7>Done executing task "MSBuild".
   8:8>_GetProjectReferenceTargetFrameworkProperties:
       Task "MSBuild" skipped, due to false condition; ('%(_MSBuildProjectReferenceExistent.SkipGetTargetFrameworkProperties)' != 'true' and '$(EnableDynamicPlatformResolution)' == 'true') was evaluated as ('' != 'true' and '' == 'true').
   7:7>_GetProjectReferenceTargetFrameworkProperties:
       Task "MSBuild" skipped, due to false condition; ('%(_MSBuildProjectReferenceExistent.SkipGetTargetFrameworkProperties)' != 'true' and '$(EnableDynamicPlatformResolution)' == 'true') was evaluated as ('' != 'true' and '' == 'true').
   8:8>_GetProjectReferenceTargetFrameworkProperties:
       Using "GetReferenceNearestTargetFrameworkTask" task from assembly "/usr/share/dotnet/sdk/8.0.415/NuGet.Build.Tasks.dll".
       Task "GetReferenceNearestTargetFrameworkTask"
   4:7>Done executing task "MSBuild".
   2:8>_GetProjectReferenceTargetFrameworkProperties:
       Using "GetReferenceNearestTargetFrameworkTask" task from assembly "/usr/share/dotnet/sdk/8.0.415/NuGet.Build.Tasks.dll".
       Task "GetReferenceNearestTargetFrameworkTask"
   4:7>_GetProjectReferenceTargetFrameworkProperties:
       Task "MSBuild" skipped, due to false condition; ('%(_MSBuildProjectReferenceExistent.SkipGetTargetFrameworkProperties)' != 'true' and '$(EnableDynamicPlatformResolution)' == 'true') was evaluated as ('' != 'true' and '' == 'true').
   8:8>Done executing task "GetReferenceNearestTargetFrameworkTask".
   5:7>_GetProjectReferenceTargetFrameworkProperties:
       Using "GetReferenceNearestTargetFrameworkTask" task from assembly "/usr/share/dotnet/sdk/8.0.415/NuGet.Build.Tasks.dll".
       Task "GetReferenceNearestTargetFrameworkTask"
   7:7>_GetProjectReferenceTargetFrameworkProperties:
       Using "GetReferenceNearestTargetFrameworkTask" task from assembly "/usr/share/dotnet/sdk/8.0.415/NuGet.Build.Tasks.dll".
       Task "GetReferenceNearestTargetFrameworkTask"
   8:8>_GetProjectReferenceTargetFrameworkProperties:
       Task "GetReferenceNearestTargetFrameworkTask" skipped, due to false condition; ('@(_ProjectReferenceTargetFrameworkPossibilities)' != '' and '$(ReferringTargetFrameworkForProjectReferences)' != ''
                                                               And '$(GetReferenceNearestTargetFrameworkTaskSupportsTargetPlatformParameter)' != 'true' and '%(_ProjectReferenceTargetFrameworkPossibilities.IsVcxOrNativeProj)' != 'true') was evaluated as ('../KChief.Platform.Core/KChief.Platform.Core.csproj' != '' and '.NETCoreApp,Version=v8.0' != ''
                                                               And 'true' != 'true' and '' != 'true').
   6:6>Done executing task "MSBuild".
   2:8>Done executing task "GetReferenceNearestTargetFrameworkTask".
   6:6>_GetProjectReferenceTargetFrameworkProperties:
       Task "MSBuild" skipped, due to false condition; ('%(_MSBuildProjectReferenceExistent.SkipGetTargetFrameworkProperties)' != 'true' and '$(EnableDynamicPlatformResolution)' == 'true') was evaluated as ('' != 'true' and '' == 'true').
   2:8>_GetProjectReferenceTargetFrameworkProperties:
       Task "GetReferenceNearestTargetFrameworkTask" skipped, due to false condition; ('@(_ProjectReferenceTargetFrameworkPossibilities)' != '' and '$(ReferringTargetFrameworkForProjectReferences)' != ''
                                                               And '$(GetReferenceNearestTargetFrameworkTaskSupportsTargetPlatformParameter)' != 'true' and '%(_ProjectReferenceTargetFrameworkPossibilities.IsVcxOrNativeProj)' != 'true') was evaluated as ('../KChief.Platform.Core/KChief.Platform.Core.csproj;../KChief.DataAccess/KChief.DataAccess.csproj' != '' and '.NETCoreApp,Version=v8.0' != ''
                                                               And 'true' != 'true' and '' != 'true').
       Using "SetRidAgnosticValueForProjects" task from assembly "Microsoft.Build.Tasks.Core, Version=15.1.0.0, Culture=neutral, PublicKeyToken=b03f5f7f11d50a3a".
   9:8>Done executing task "MSBuild".
   8:8>_GetProjectReferenceTargetFrameworkProperties:
       Using "SetRidAgnosticValueForProjects" task from assembly "Microsoft.Build.Tasks.Core, Version=15.1.0.0, Culture=neutral, PublicKeyToken=b03f5f7f11d50a3a".
   9:8>_GetProjectReferenceTargetFrameworkProperties:
       Task "MSBuild" skipped, due to false condition; ('%(_MSBuildProjectReferenceExistent.SkipGetTargetFrameworkProperties)' != 'true' and '$(EnableDynamicPlatformResolution)' == 'true') was evaluated as ('' != 'true' and '' == 'true').
   2:8>Task "SetRidAgnosticValueForProjects"
   9:8>_GetProjectReferenceTargetFrameworkProperties:
       Using "GetReferenceNearestTargetFrameworkTask" task from assembly "/usr/share/dotnet/sdk/8.0.415/NuGet.Build.Tasks.dll".
   2:8>Done executing task "SetRidAgnosticValueForProjects".
   9:8>Task "GetReferenceNearestTargetFrameworkTask"
   8:8>Task "SetRidAgnosticValueForProjects"
   9:8>Done executing task "GetReferenceNearestTargetFrameworkTask".
   8:8>Done executing task "SetRidAgnosticValueForProjects".
   8:8>Done building target "_GetProjectReferenceTargetFrameworkProperties" in project "KChief.DataAccess.csproj".
   9:8>_GetProjectReferenceTargetFrameworkProperties:
       Task "GetReferenceNearestTargetFrameworkTask" skipped, due to false condition; ('@(_ProjectReferenceTargetFrameworkPossibilities)' != '' and '$(ReferringTargetFrameworkForProjectReferences)' != ''
                                                               And '$(GetReferenceNearestTargetFrameworkTaskSupportsTargetPlatformParameter)' != 'true' and '%(_ProjectReferenceTargetFrameworkPossibilities.IsVcxOrNativeProj)' != 'true') was evaluated as ('../KChief.Platform.Core/KChief.Platform.Core.csproj;../KChief.DataAccess/KChief.DataAccess.csproj;../KChief.VesselControl/KChief.VesselControl.csproj;...' != '' and '.NETCoreApp,Version=v8.0' != ''
                                                               And 'true' != 'true' and '' != 'true').
   6:6>_GetProjectReferenceTargetFrameworkProperties:
       Using "GetReferenceNearestTargetFrameworkTask" task from assembly "/usr/share/dotnet/sdk/8.0.415/NuGet.Build.Tasks.dll".
       Task "GetReferenceNearestTargetFrameworkTask"
   5:7>Done executing task "GetReferenceNearestTargetFrameworkTask".
   8:8>Target "ValidateExecutableReferences" in file "/usr/share/dotnet/sdk/8.0.415/Sdks/Microsoft.NET.Sdk/targets/Microsoft.NET.Sdk.targets" from project "/home/saidul/Desktop/K-Chief Marine Automation Platform/src/KChief.DataAccess/KChief.DataAccess.csproj" (target "PrepareProjectReferences" depends on it):
   8:8>Using "ValidateExecutableReferences" task from assembly "/usr/share/dotnet/sdk/8.0.415/Sdks/Microsoft.NET.Sdk/targets/../tools/net8.0/Microsoft.NET.Build.Tasks.dll".
   5:7>_GetProjectReferenceTargetFrameworkProperties:
       Task "GetReferenceNearestTargetFrameworkTask" skipped, due to false condition; ('@(_ProjectReferenceTargetFrameworkPossibilities)' != '' and '$(ReferringTargetFrameworkForProjectReferences)' != ''
                                                               And '$(GetReferenceNearestTargetFrameworkTaskSupportsTargetPlatformParameter)' != 'true' and '%(_ProjectReferenceTargetFrameworkPossibilities.IsVcxOrNativeProj)' != 'true') was evaluated as ('../KChief.Platform.Core/KChief.Platform.Core.csproj' != '' and '.NETCoreApp,Version=v8.0' != ''
                                                               And 'true' != 'true' and '' != 'true').
       Using "SetRidAgnosticValueForProjects" task from assembly "Microsoft.Build.Tasks.Core, Version=15.1.0.0, Culture=neutral, PublicKeyToken=b03f5f7f11d50a3a".
       Task "SetRidAgnosticValueForProjects"
   8:8>Task "ValidateExecutableReferences"
   7:7>Done executing task "GetReferenceNearestTargetFrameworkTask".
   5:7>Done executing task "SetRidAgnosticValueForProjects".
   7:7>_GetProjectReferenceTargetFrameworkProperties:
       Task "GetReferenceNearestTargetFrameworkTask" skipped, due to false condition; ('@(_ProjectReferenceTargetFrameworkPossibilities)' != '' and '$(ReferringTargetFrameworkForProjectReferences)' != ''
                                                               And '$(GetReferenceNearestTargetFrameworkTaskSupportsTargetPlatformParameter)' != 'true' and '%(_ProjectReferenceTargetFrameworkPossibilities.IsVcxOrNativeProj)' != 'true') was evaluated as ('../KChief.Platform.Core/KChief.Platform.Core.csproj' != '' and '.NETCoreApp,Version=v8.0' != ''
                                                               And 'true' != 'true' and '' != 'true').
       Using "SetRidAgnosticValueForProjects" task from assembly "Microsoft.Build.Tasks.Core, Version=15.1.0.0, Culture=neutral, PublicKeyToken=b03f5f7f11d50a3a".
   4:7>_GetProjectReferenceTargetFrameworkProperties:
       Using "GetReferenceNearestTargetFrameworkTask" task from assembly "/usr/share/dotnet/sdk/8.0.415/NuGet.Build.Tasks.dll".
   7:7>Task "SetRidAgnosticValueForProjects"
   4:7>Task "GetReferenceNearestTargetFrameworkTask"
       Done executing task "GetReferenceNearestTargetFrameworkTask".
   7:7>Done executing task "SetRidAgnosticValueForProjects".
   3:6>Done executing task "MSBuild".
       Task "MSBuild" skipped, due to false condition; ('%(_MSBuildProjectReferenceExistent.SkipGetTargetFrameworkProperties)' != 'true' and '$(EnableDynamicPlatformResolution)' == 'true') was evaluated as ('' != 'true' and '' == 'true').
       Using "GetReferenceNearestTargetFrameworkTask" task from assembly "/usr/share/dotnet/sdk/8.0.415/NuGet.Build.Tasks.dll".
       Task "GetReferenceNearestTargetFrameworkTask"
       Done executing task "GetReferenceNearestTargetFrameworkTask".
   4:7>_GetProjectReferenceTargetFrameworkProperties:
       Task "GetReferenceNearestTargetFrameworkTask" skipped, due to false condition; ('@(_ProjectReferenceTargetFrameworkPossibilities)' != '' and '$(ReferringTargetFrameworkForProjectReferences)' != ''
                                                               And '$(GetReferenceNearestTargetFrameworkTaskSupportsTargetPlatformParameter)' != 'true' and '%(_ProjectReferenceTargetFrameworkPossibilities.IsVcxOrNativeProj)' != 'true') was evaluated as ('../KChief.Platform.Core/KChief.Platform.Core.csproj' != '' and '.NETCoreApp,Version=v8.0' != ''
                                                               And 'true' != 'true' and '' != 'true').
   6:6>Done executing task "GetReferenceNearestTargetFrameworkTask".
       Task "GetReferenceNearestTargetFrameworkTask" skipped, due to false condition; ('@(_ProjectReferenceTargetFrameworkPossibilities)' != '' and '$(ReferringTargetFrameworkForProjectReferences)' != ''
                                                               And '$(GetReferenceNearestTargetFrameworkTaskSupportsTargetPlatformParameter)' != 'true' and '%(_ProjectReferenceTargetFrameworkPossibilities.IsVcxOrNativeProj)' != 'true') was evaluated as ('../../src/KChief.Platform.API/KChief.Platform.API.csproj;../../src/KChief.AlarmSystem/KChief.AlarmSystem.csproj;../../src/KChief.DataAccess/KChief.DataAccess.csproj;...' != '' and '.NETCoreApp,Version=v8.0' != ''
                                                               And 'true' != 'true' and '' != 'true').
   9:8>_GetProjectReferenceTargetFrameworkProperties:
       Using "SetRidAgnosticValueForProjects" task from assembly "Microsoft.Build.Tasks.Core, Version=15.1.0.0, Culture=neutral, PublicKeyToken=b03f5f7f11d50a3a".
       Task "SetRidAgnosticValueForProjects"
       Done executing task "SetRidAgnosticValueForProjects".
   9:8>Done building target "_GetProjectReferenceTargetFrameworkProperties" in project "KChief.Platform.API.csproj".
   5:7>Done building target "_GetProjectReferenceTargetFrameworkProperties" in project "KChief.Protocols.OPC.csproj".
   4:7>_GetProjectReferenceTargetFrameworkProperties:
       Using "SetRidAgnosticValueForProjects" task from assembly "Microsoft.Build.Tasks.Core, Version=15.1.0.0, Culture=neutral, PublicKeyToken=b03f5f7f11d50a3a".
       Task "SetRidAgnosticValueForProjects"
   6:6>_GetProjectReferenceTargetFrameworkProperties:
       Using "SetRidAgnosticValueForProjects" task from assembly "Microsoft.Build.Tasks.Core, Version=15.1.0.0, Culture=neutral, PublicKeyToken=b03f5f7f11d50a3a".
   7:7>Done building target "_GetProjectReferenceTargetFrameworkProperties" in project "KChief.AlarmSystem.csproj".
   6:6>Task "SetRidAgnosticValueForProjects"
   8:8>Done executing task "ValidateExecutableReferences".
   8:8>Done building target "ValidateExecutableReferences" in project "KChief.DataAccess.csproj".
       Target "_GetProjectReferencePlatformProperties" skipped, due to false condition; ('$(EnableDynamicPlatformResolution)' == 'true'
                            and '@(_MSBuildProjectReferenceExistent)' != '') was evaluated as ('' == 'true'
                            and '../KChief.Platform.Core/KChief.Platform.Core.csproj' != '').
   8:8>Target "PrepareProjectReferences" in file "/usr/share/dotnet/sdk/8.0.415/Microsoft.Common.CurrentVersion.targets" from project "/home/saidul/Desktop/K-Chief Marine Automation Platform/src/KChief.DataAccess/KChief.DataAccess.csproj" (target "ResolveProjectReferences" depends on it):
   8:8>Done building target "PrepareProjectReferences" in project "KChief.DataAccess.csproj".
   8:8>Target "ResolveProjectReferences" in file "/usr/share/dotnet/sdk/8.0.415/Microsoft.Common.CurrentVersion.targets" from project "/home/saidul/Desktop/K-Chief Marine Automation Platform/src/KChief.DataAccess/KChief.DataAccess.csproj" (target "ResolveReferences" depends on it):
       Task "MSBuild" skipped, due to false condition; ('%(_MSBuildProjectReferenceExistent.BuildReference)' == 'true' and '@(ProjectReferenceWithConfiguration)' != '' and ('$(BuildingInsideVisualStudio)' == 'true' or '$(BuildProjectReferences)' != 'true') and '$(VisualStudioVersion)' != '10.0' and '@(_MSBuildProjectReferenceExistent)' != '') was evaluated as ('true' == 'true' and '../KChief.Platform.Core/KChief.Platform.Core.csproj' != '' and ('' == 'true' or 'true' != 'true') and '17.0' != '10.0' and '../KChief.Platform.Core/KChief.Platform.Core.csproj' != '').
       Task "MSBuild"
         Global Properties:
           Configuration=Release
           Platform=AnyCPU
   3:6>_GetProjectReferenceTargetFrameworkProperties:
       Task "GetReferenceNearestTargetFrameworkTask" skipped, due to false condition; ('@(_ProjectReferenceTargetFrameworkPossibilities)' != '' and '$(ReferringTargetFrameworkForProjectReferences)' != ''
                                                               And '$(GetReferenceNearestTargetFrameworkTaskSupportsTargetPlatformParameter)' != 'true' and '%(_ProjectReferenceTargetFrameworkPossibilities.IsVcxOrNativeProj)' != 'true') was evaluated as ('../../src/KChief.Platform.Core/KChief.Platform.Core.csproj;../../src/KChief.Platform.API/KChief.Platform.API.csproj;../../src/KChief.VesselControl/KChief.VesselControl.csproj;...' != '' and '.NETCoreApp,Version=v8.0' != ''
                                                               And 'true' != 'true' and '' != 'true').
   8:8>ResolveProjectReferences:
         Removing Properties for project "../KChief.Platform.Core/KChief.Platform.Core.csproj":
           TargetFramework
   3:6>_GetProjectReferenceTargetFrameworkProperties:
       Using "SetRidAgnosticValueForProjects" task from assembly "Microsoft.Build.Tasks.Core, Version=15.1.0.0, Culture=neutral, PublicKeyToken=b03f5f7f11d50a3a".
   8:8>ResolveProjectReferences:
           RuntimeIdentifier
           SelfContained
   4:7>Done executing task "SetRidAgnosticValueForProjects".
   3:6>Task "SetRidAgnosticValueForProjects"
       Done executing task "SetRidAgnosticValueForProjects".
   7:7>Target "ValidateExecutableReferences" in file "/usr/share/dotnet/sdk/8.0.415/Sdks/Microsoft.NET.Sdk/targets/Microsoft.NET.Sdk.targets" from project "/home/saidul/Desktop/K-Chief Marine Automation Platform/src/KChief.AlarmSystem/KChief.AlarmSystem.csproj" (target "PrepareProjectReferences" depends on it):
   7:7>Using "ValidateExecutableReferences" task from assembly "/usr/share/dotnet/sdk/8.0.415/Sdks/Microsoft.NET.Sdk/targets/../tools/net8.0/Microsoft.NET.Build.Tasks.dll".
   3:6>Done building target "_GetProjectReferenceTargetFrameworkProperties" in project "KChief.Platform.Tests.csproj".
       Target "ValidateExecutableReferences" skipped, due to false condition; ('$(ValidateExecutableReferencesMatchSelfContained)' != 'false') was evaluated as ('false' != 'false').
       Target "_GetProjectReferencePlatformProperties" skipped, due to false condition; ('$(EnableDynamicPlatformResolution)' == 'true'
                            and '@(_MSBuildProjectReferenceExistent)' != '') was evaluated as ('' == 'true'
                            and '../../src/KChief.Platform.Core/KChief.Platform.Core.csproj;../../src/KChief.Platform.API/KChief.Platform.API.csproj;../../src/KChief.VesselControl/KChief.VesselControl.csproj;...' != '').
   5:7>Target "ValidateExecutableReferences" in file "/usr/share/dotnet/sdk/8.0.415/Sdks/Microsoft.NET.Sdk/targets/Microsoft.NET.Sdk.targets" from project "/home/saidul/Desktop/K-Chief Marine Automation Platform/src/KChief.Protocols.OPC/KChief.Protocols.OPC.csproj" (target "PrepareProjectReferences" depends on it):
   5:7>Using "ValidateExecutableReferences" task from assembly "/usr/share/dotnet/sdk/8.0.415/Sdks/Microsoft.NET.Sdk/targets/../tools/net8.0/Microsoft.NET.Build.Tasks.dll".
       Task "ValidateExecutableReferences"
   3:6>Target "PrepareProjectReferences" in file "/usr/share/dotnet/sdk/8.0.415/Microsoft.Common.CurrentVersion.targets" from project "/home/saidul/Desktop/K-Chief Marine Automation Platform/tests/KChief.Platform.Tests/KChief.Platform.Tests.csproj" (target "ResolveProjectReferences" depends on it):
   3:6>Done building target "PrepareProjectReferences" in project "KChief.Platform.Tests.csproj".
   5:7>Done executing task "ValidateExecutableReferences".
   7:7>Task "ValidateExecutableReferences"
   5:7>Done building target "ValidateExecutableReferences" in project "KChief.Protocols.OPC.csproj".
   2:8>Done building target "_GetProjectReferenceTargetFrameworkProperties" in project "KChief.VesselControl.csproj".
   5:7>Target "_GetProjectReferencePlatformProperties" skipped, due to false condition; ('$(EnableDynamicPlatformResolution)' == 'true'
                     and '@(_MSBuildProjectReferenceExistent)' != '') was evaluated as ('' == 'true'
                     and '../KChief.Platform.Core/KChief.Platform.Core.csproj' != '').
   7:7>Done executing task "ValidateExecutableReferences".
   8:8>Project "/home/saidul/Desktop/K-Chief Marine Automation Platform/src/KChief.DataAccess/KChief.DataAccess.csproj" (8:8) is building "/home/saidul/Desktop/K-Chief Marine Automation Platform/src/KChief.Platform.Core/KChief.Platform.Core.csproj" (10:22) on node 1 (default targets).
 10:22>Target "Build" skipped. Previously built successfully.
 10:22>Done Building Project "/home/saidul/Desktop/K-Chief Marine Automation Platform/src/KChief.Platform.Core/KChief.Platform.Core.csproj" (default targets).
   7:7>Done building target "ValidateExecutableReferences" in project "KChief.AlarmSystem.csproj".
   5:7>Target "PrepareProjectReferences" in file "/usr/share/dotnet/sdk/8.0.415/Microsoft.Common.CurrentVersion.targets" from project "/home/saidul/Desktop/K-Chief Marine Automation Platform/src/KChief.Protocols.OPC/KChief.Protocols.OPC.csproj" (target "ResolveProjectReferences" depends on it):
   5:7>Done building target "PrepareProjectReferences" in project "KChief.Protocols.OPC.csproj".
   6:6>Done executing task "SetRidAgnosticValueForProjects".
   7:7>Target "_GetProjectReferencePlatformProperties" skipped, due to false condition; ('$(EnableDynamicPlatformResolution)' == 'true'
                     and '@(_MSBuildProjectReferenceExistent)' != '') was evaluated as ('' == 'true'
                     and '../KChief.Platform.Core/KChief.Platform.Core.csproj' != '').
   5:7>Target "ResolveProjectReferences" in file "/usr/share/dotnet/sdk/8.0.415/Microsoft.Common.CurrentVersion.targets" from project "/home/saidul/Desktop/K-Chief Marine Automation Platform/src/KChief.Protocols.OPC/KChief.Protocols.OPC.csproj" (target "ResolveReferences" depends on it):
   5:7>Task "MSBuild" skipped, due to false condition; ('%(_MSBuildProjectReferenceExistent.BuildReference)' == 'true' and '@(ProjectReferenceWithConfiguration)' != '' and ('$(BuildingInsideVisualStudio)' == 'true' or '$(BuildProjectReferences)' != 'true') and '$(VisualStudioVersion)' != '10.0' and '@(_MSBuildProjectReferenceExistent)' != '') was evaluated as ('true' == 'true' and '../KChief.Platform.Core/KChief.Platform.Core.csproj' != '' and ('' == 'true' or 'true' != 'true') and '17.0' != '10.0' and '../KChief.Platform.Core/KChief.Platform.Core.csproj' != '').
   7:7>Target "PrepareProjectReferences" in file "/usr/share/dotnet/sdk/8.0.415/Microsoft.Common.CurrentVersion.targets" from project "/home/saidul/Desktop/K-Chief Marine Automation Platform/src/KChief.AlarmSystem/KChief.AlarmSystem.csproj" (target "ResolveProjectReferences" depends on it):
   7:7>Done building target "PrepareProjectReferences" in project "KChief.AlarmSystem.csproj".
   5:7>Task "MSBuild"
   4:7>Done building target "_GetProjectReferenceTargetFrameworkProperties" in project "KChief.Protocols.Modbus.csproj".
   2:8>Target "ValidateExecutableReferences" in file "/usr/share/dotnet/sdk/8.0.415/Sdks/Microsoft.NET.Sdk/targets/Microsoft.NET.Sdk.targets" from project "/home/saidul/Desktop/K-Chief Marine Automation Platform/src/KChief.VesselControl/KChief.VesselControl.csproj" (target "PrepareProjectReferences" depends on it):
   2:8>Using "ValidateExecutableReferences" task from assembly "/usr/share/dotnet/sdk/8.0.415/Sdks/Microsoft.NET.Sdk/targets/../tools/net8.0/Microsoft.NET.Build.Tasks.dll".
       Task "ValidateExecutableReferences"
       Done executing task "ValidateExecutableReferences".
   2:8>Done building target "ValidateExecutableReferences" in project "KChief.VesselControl.csproj".
   7:7>Target "ResolveProjectReferences" in file "/usr/share/dotnet/sdk/8.0.415/Microsoft.Common.CurrentVersion.targets" from project "/home/saidul/Desktop/K-Chief Marine Automation Platform/src/KChief.AlarmSystem/KChief.AlarmSystem.csproj" (target "ResolveReferences" depends on it):
   7:7>Task "MSBuild" skipped, due to false condition; ('%(_MSBuildProjectReferenceExistent.BuildReference)' == 'true' and '@(ProjectReferenceWithConfiguration)' != '' and ('$(BuildingInsideVisualStudio)' == 'true' or '$(BuildProjectReferences)' != 'true') and '$(VisualStudioVersion)' != '10.0' and '@(_MSBuildProjectReferenceExistent)' != '') was evaluated as ('true' == 'true' and '../KChief.Platform.Core/KChief.Platform.Core.csproj' != '' and ('' == 'true' or 'true' != 'true') and '17.0' != '10.0' and '../KChief.Platform.Core/KChief.Platform.Core.csproj' != '').
       Task "MSBuild"
         Global Properties:
           Configuration=Release
           Platform=AnyCPU
         Removing Properties for project "../KChief.Platform.Core/KChief.Platform.Core.csproj":
           TargetFramework
           RuntimeIdentifier
           SelfContained
   2:8>Target "_GetProjectReferencePlatformProperties" skipped, due to false condition; ('$(EnableDynamicPlatformResolution)' == 'true'
                     and '@(_MSBuildProjectReferenceExistent)' != '') was evaluated as ('' == 'true'
                     and '../KChief.Platform.Core/KChief.Platform.Core.csproj;../KChief.DataAccess/KChief.DataAccess.csproj' != '').
   3:6>Target "ResolveProjectReferences" in file "/usr/share/dotnet/sdk/8.0.415/Microsoft.Common.CurrentVersion.targets" from project "/home/saidul/Desktop/K-Chief Marine Automation Platform/tests/KChief.Platform.Tests/KChief.Platform.Tests.csproj" (target "ResolveReferences" depends on it):
   3:6>Task "MSBuild" skipped, due to false condition; ('%(_MSBuildProjectReferenceExistent.BuildReference)' == 'true' and '@(ProjectReferenceWithConfiguration)' != '' and ('$(BuildingInsideVisualStudio)' == 'true' or '$(BuildProjectReferences)' != 'true') and '$(VisualStudioVersion)' != '10.0' and '@(_MSBuildProjectReferenceExistent)' != '') was evaluated as ('true' == 'true' and '../../src/KChief.Platform.Core/KChief.Platform.Core.csproj;../../src/KChief.Platform.API/KChief.Platform.API.csproj;../../src/KChief.VesselControl/KChief.VesselControl.csproj;...' != '' and ('' == 'true' or 'true' != 'true') and '17.0' != '10.0' and '../../src/KChief.Platform.Core/KChief.Platform.Core.csproj;../../src/KChief.Platform.API/KChief.Platform.API.csproj;../../src/KChief.VesselControl/KChief.VesselControl.csproj;...' != '').
       Task "MSBuild"
         Global Properties:
           Configuration=Release
   2:8>Target "PrepareProjectReferences" in file "/usr/share/dotnet/sdk/8.0.415/Microsoft.Common.CurrentVersion.targets" from project "/home/saidul/Desktop/K-Chief Marine Automation Platform/src/KChief.VesselControl/KChief.VesselControl.csproj" (target "ResolveProjectReferences" depends on it):
   2:8>Done building target "PrepareProjectReferences" in project "KChief.VesselControl.csproj".
   3:6>ResolveProjectReferences:
           Platform=AnyCPU
         Removing Properties for project "../../src/KChief.Platform.Core/KChief.Platform.Core.csproj":
           TargetFramework
   2:8>Target "ResolveProjectReferences" in file "/usr/share/dotnet/sdk/8.0.415/Microsoft.Common.CurrentVersion.targets" from project "/home/saidul/Desktop/K-Chief Marine Automation Platform/src/KChief.VesselControl/KChief.VesselControl.csproj" (target "ResolveReferences" depends on it):
   2:8>Task "MSBuild" skipped, due to false condition; ('%(_MSBuildProjectReferenceExistent.BuildReference)' == 'true' and '@(ProjectReferenceWithConfiguration)' != '' and ('$(BuildingInsideVisualStudio)' == 'true' or '$(BuildProjectReferences)' != 'true') and '$(VisualStudioVersion)' != '10.0' and '@(_MSBuildProjectReferenceExistent)' != '') was evaluated as ('true' == 'true' and '../KChief.Platform.Core/KChief.Platform.Core.csproj;../KChief.DataAccess/KChief.DataAccess.csproj' != '' and ('' == 'true' or 'true' != 'true') and '17.0' != '10.0' and '../KChief.Platform.Core/KChief.Platform.Core.csproj;../KChief.DataAccess/KChief.DataAccess.csproj' != '').
       Task "MSBuild"
   3:6>ResolveProjectReferences:
           RuntimeIdentifier
   2:8>ResolveProjectReferences:
         Global Properties:
   3:6>ResolveProjectReferences:
           SelfContained
   2:8>ResolveProjectReferences:
           Configuration=Release
   3:6>ResolveProjectReferences:
         Removing Properties for project "../../src/KChief.Platform.API/KChief.Platform.API.csproj":
   2:8>ResolveProjectReferences:
           Platform=AnyCPU
   3:6>ResolveProjectReferences:
           TargetFramework
         Removing Properties for project "../../src/KChief.VesselControl/KChief.VesselControl.csproj":
   2:8>ResolveProjectReferences:
         Removing Properties for project "../KChief.Platform.Core/KChief.Platform.Core.csproj":
   3:6>ResolveProjectReferences:
           TargetFramework
   2:8>ResolveProjectReferences:
           TargetFramework
   3:6>ResolveProjectReferences:
           RuntimeIdentifier
   2:8>ResolveProjectReferences:
           RuntimeIdentifier
   3:6>ResolveProjectReferences:
           SelfContained
   2:8>ResolveProjectReferences:
           SelfContained
   3:6>ResolveProjectReferences:
         Removing Properties for project "../../src/KChief.AlarmSystem/KChief.AlarmSystem.csproj":
   2:8>ResolveProjectReferences:
         Removing Properties for project "../KChief.DataAccess/KChief.DataAccess.csproj":
   3:6>ResolveProjectReferences:
           TargetFramework
   2:8>ResolveProjectReferences:
           TargetFramework
   3:6>ResolveProjectReferences:
           RuntimeIdentifier
   2:8>ResolveProjectReferences:
           RuntimeIdentifier
   3:6>ResolveProjectReferences:
           SelfContained
   2:8>ResolveProjectReferences:
           SelfContained
   3:6>ResolveProjectReferences:
         Removing Properties for project "../../src/KChief.DataAccess/KChief.DataAccess.csproj":
           TargetFramework
           RuntimeIdentifier
           SelfContained
         Removing Properties for project "../../src/KChief.Protocols.Modbus/KChief.Protocols.Modbus.csproj":
           TargetFramework
           RuntimeIdentifier
   6:6>Done building target "_GetProjectReferenceTargetFrameworkProperties" in project "KChief.Integration.Tests.csproj".
   3:6>ResolveProjectReferences:
           SelfContained
         Removing Properties for project "../../src/KChief.Protocols.OPC/KChief.Protocols.OPC.csproj":
   6:6>Target "ValidateExecutableReferences" skipped, due to false condition; ('$(ValidateExecutableReferencesMatchSelfContained)' != 'false') was evaluated as ('false' != 'false').
   3:6>ResolveProjectReferences:
           TargetFramework
   6:6>Target "_GetProjectReferencePlatformProperties" skipped, due to false condition; ('$(EnableDynamicPlatformResolution)' == 'true'
                     and '@(_MSBuildProjectReferenceExistent)' != '') was evaluated as ('' == 'true'
                     and '../../src/KChief.Platform.API/KChief.Platform.API.csproj;../../src/KChief.AlarmSystem/KChief.AlarmSystem.csproj;../../src/KChief.DataAccess/KChief.DataAccess.csproj;...' != '').
   3:6>ResolveProjectReferences:
           RuntimeIdentifier
           SelfContained
   6:6>Target "PrepareProjectReferences" in file "/usr/share/dotnet/sdk/8.0.415/Microsoft.Common.CurrentVersion.targets" from project "/home/saidul/Desktop/K-Chief Marine Automation Platform/tests/KChief.Integration.Tests/KChief.Integration.Tests.csproj" (target "ResolveProjectReferences" depends on it):
   6:6>Done building target "PrepareProjectReferences" in project "KChief.Integration.Tests.csproj".
   5:7>ResolveProjectReferences:
         Global Properties:
   4:7>Target "ValidateExecutableReferences" in file "/usr/share/dotnet/sdk/8.0.415/Sdks/Microsoft.NET.Sdk/targets/Microsoft.NET.Sdk.targets" from project "/home/saidul/Desktop/K-Chief Marine Automation Platform/src/KChief.Protocols.Modbus/KChief.Protocols.Modbus.csproj" (target "PrepareProjectReferences" depends on it):
   4:7>Using "ValidateExecutableReferences" task from assembly "/usr/share/dotnet/sdk/8.0.415/Sdks/Microsoft.NET.Sdk/targets/../tools/net8.0/Microsoft.NET.Build.Tasks.dll".
   5:7>ResolveProjectReferences:
           Configuration=Release
   6:6>Target "ResolveProjectReferences" in file "/usr/share/dotnet/sdk/8.0.415/Microsoft.Common.CurrentVersion.targets" from project "/home/saidul/Desktop/K-Chief Marine Automation Platform/tests/KChief.Integration.Tests/KChief.Integration.Tests.csproj" (target "ResolveReferences" depends on it):
   6:6>Task "MSBuild" skipped, due to false condition; ('%(_MSBuildProjectReferenceExistent.BuildReference)' == 'true' and '@(ProjectReferenceWithConfiguration)' != '' and ('$(BuildingInsideVisualStudio)' == 'true' or '$(BuildProjectReferences)' != 'true') and '$(VisualStudioVersion)' != '10.0' and '@(_MSBuildProjectReferenceExistent)' != '') was evaluated as ('true' == 'true' and '../../src/KChief.Platform.API/KChief.Platform.API.csproj;../../src/KChief.AlarmSystem/KChief.AlarmSystem.csproj;../../src/KChief.DataAccess/KChief.DataAccess.csproj;...' != '' and ('' == 'true' or 'true' != 'true') and '17.0' != '10.0' and '../../src/KChief.Platform.API/KChief.Platform.API.csproj;../../src/KChief.AlarmSystem/KChief.AlarmSystem.csproj;../../src/KChief.DataAccess/KChief.DataAccess.csproj;...' != '').
   5:7>ResolveProjectReferences:
           Platform=AnyCPU
   4:7>Task "ValidateExecutableReferences"
   6:6>Task "MSBuild"
   4:7>Done executing task "ValidateExecutableReferences".
   5:7>ResolveProjectReferences:
         Removing Properties for project "../KChief.Platform.Core/KChief.Platform.Core.csproj":
           TargetFramework
   4:7>Done building target "ValidateExecutableReferences" in project "KChief.Protocols.Modbus.csproj".
   5:7>ResolveProjectReferences:
           RuntimeIdentifier
   4:7>Target "_GetProjectReferencePlatformProperties" skipped, due to false condition; ('$(EnableDynamicPlatformResolution)' == 'true'
                     and '@(_MSBuildProjectReferenceExistent)' != '') was evaluated as ('' == 'true'
                     and '../KChief.Platform.Core/KChief.Platform.Core.csproj' != '').
   5:7>ResolveProjectReferences:
           SelfContained
   4:7>Target "PrepareProjectReferences" in file "/usr/share/dotnet/sdk/8.0.415/Microsoft.Common.CurrentVersion.targets" from project "/home/saidul/Desktop/K-Chief Marine Automation Platform/src/KChief.Protocols.Modbus/KChief.Protocols.Modbus.csproj" (target "ResolveProjectReferences" depends on it):
   4:7>Done building target "PrepareProjectReferences" in project "KChief.Protocols.Modbus.csproj".
   3:6>Project "/home/saidul/Desktop/K-Chief Marine Automation Platform/tests/KChief.Platform.Tests/KChief.Platform.Tests.csproj" (3:6) is building "/home/saidul/Desktop/K-Chief Marine Automation Platform/src/KChief.Platform.Core/KChief.Platform.Core.csproj" (10:23) on node 1 (default targets).
 10:23>Target "Build" skipped. Previously built successfully.
 10:23>Done Building Project "/home/saidul/Desktop/K-Chief Marine Automation Platform/src/KChief.Platform.Core/KChief.Platform.Core.csproj" (default targets).
   4:7>Target "ResolveProjectReferences" in file "/usr/share/dotnet/sdk/8.0.415/Microsoft.Common.CurrentVersion.targets" from project "/home/saidul/Desktop/K-Chief Marine Automation Platform/src/KChief.Protocols.Modbus/KChief.Protocols.Modbus.csproj" (target "ResolveReferences" depends on it):
   4:7>Task "MSBuild" skipped, due to false condition; ('%(_MSBuildProjectReferenceExistent.BuildReference)' == 'true' and '@(ProjectReferenceWithConfiguration)' != '' and ('$(BuildingInsideVisualStudio)' == 'true' or '$(BuildProjectReferences)' != 'true') and '$(VisualStudioVersion)' != '10.0' and '@(_MSBuildProjectReferenceExistent)' != '') was evaluated as ('true' == 'true' and '../KChief.Platform.Core/KChief.Platform.Core.csproj' != '' and ('' == 'true' or 'true' != 'true') and '17.0' != '10.0' and '../KChief.Platform.Core/KChief.Platform.Core.csproj' != '').
       Task "MSBuild"
         Global Properties:
           Configuration=Release
           Platform=AnyCPU
         Removing Properties for project "../KChief.Platform.Core/KChief.Platform.Core.csproj":
           TargetFramework
           RuntimeIdentifier
           SelfContained
   2:8>Project "/home/saidul/Desktop/K-Chief Marine Automation Platform/src/KChief.VesselControl/KChief.VesselControl.csproj" (2:8) is building "/home/saidul/Desktop/K-Chief Marine Automation Platform/src/KChief.Platform.Core/KChief.Platform.Core.csproj" (10:24) on node 1 (default targets).
 10:24>Target "Build" skipped. Previously built successfully.
 10:24>Done Building Project "/home/saidul/Desktop/K-Chief Marine Automation Platform/src/KChief.Platform.Core/KChief.Platform.Core.csproj" (default targets).
   7:7>Project "/home/saidul/Desktop/K-Chief Marine Automation Platform/src/KChief.AlarmSystem/KChief.AlarmSystem.csproj" (7:7) is building "/home/saidul/Desktop/K-Chief Marine Automation Platform/src/KChief.Platform.Core/KChief.Platform.Core.csproj" (10:25) on node 1 (default targets).
 10:25>Target "Build" skipped. Previously built successfully.
 10:25>Done Building Project "/home/saidul/Desktop/K-Chief Marine Automation Platform/src/KChief.Platform.Core/KChief.Platform.Core.csproj" (default targets).
   5:7>Project "/home/saidul/Desktop/K-Chief Marine Automation Platform/src/KChief.Protocols.OPC/KChief.Protocols.OPC.csproj" (5:7) is building "/home/saidul/Desktop/K-Chief Marine Automation Platform/src/KChief.Platform.Core/KChief.Platform.Core.csproj" (10:26) on node 1 (default targets).
 10:26>Target "Build" skipped. Previously built successfully.
 10:26>Done Building Project "/home/saidul/Desktop/K-Chief Marine Automation Platform/src/KChief.Platform.Core/KChief.Platform.Core.csproj" (default targets).
   4:7>Project "/home/saidul/Desktop/K-Chief Marine Automation Platform/src/KChief.Protocols.Modbus/KChief.Protocols.Modbus.csproj" (4:7) is building "/home/saidul/Desktop/K-Chief Marine Automation Platform/src/KChief.Platform.Core/KChief.Platform.Core.csproj" (10:27) on node 1 (default targets).
 10:27>Target "Build" skipped. Previously built successfully.
 10:27>Done Building Project "/home/saidul/Desktop/K-Chief Marine Automation Platform/src/KChief.Platform.Core/KChief.Platform.Core.csproj" (default targets).
   6:6>Project "/home/saidul/Desktop/K-Chief Marine Automation Platform/tests/KChief.Integration.Tests/KChief.Integration.Tests.csproj" (6:6) is building "/home/saidul/Desktop/K-Chief Marine Automation Platform/src/KChief.Platform.Core/KChief.Platform.Core.csproj" (10:28) on node 1 (default targets).
 10:28>Target "Build" skipped. Previously built successfully.
 10:28>Done Building Project "/home/saidul/Desktop/K-Chief Marine Automation Platform/src/KChief.Platform.Core/KChief.Platform.Core.csproj" (default targets).
   6:6>ResolveProjectReferences:
         Global Properties:
           Configuration=Release
           Platform=AnyCPU
         Removing Properties for project "../../src/KChief.Platform.API/KChief.Platform.API.csproj":
           TargetFramework
         Removing Properties for project "../../src/KChief.AlarmSystem/KChief.AlarmSystem.csproj":
           TargetFramework
           RuntimeIdentifier
           SelfContained
         Removing Properties for project "../../src/KChief.DataAccess/KChief.DataAccess.csproj":
           TargetFramework
           RuntimeIdentifier
           SelfContained
         Removing Properties for project "../../src/KChief.Platform.Core/KChief.Platform.Core.csproj":
           TargetFramework
           RuntimeIdentifier
           SelfContained
         Removing Properties for project "../../src/KChief.Protocols.Modbus/KChief.Protocols.Modbus.csproj":
           TargetFramework
           RuntimeIdentifier
           SelfContained
         Removing Properties for project "../../src/KChief.Protocols.OPC/KChief.Protocols.OPC.csproj":
           TargetFramework
           RuntimeIdentifier
           SelfContained
         Removing Properties for project "../../src/KChief.VesselControl/KChief.VesselControl.csproj":
           TargetFramework
           RuntimeIdentifier
           SelfContained
   8:8>Done executing task "MSBuild".
       Task "MSBuild"
   4:7>Done executing task "MSBuild".
       Task "MSBuild"
         Global Properties:
           Configuration=Release
           Platform=AnyCPU
         Removing Properties for project "../KChief.Platform.Core/KChief.Platform.Core.csproj":
           TargetFramework
           RuntimeIdentifier
           SelfContained
   8:8>ResolveProjectReferences:
         Global Properties:
           Configuration=Release
           Platform=AnyCPU
         Removing Properties for project "../KChief.Platform.Core/KChief.Platform.Core.csproj":
           TargetFramework
           RuntimeIdentifier
           SelfContained
   7:7>Done executing task "MSBuild".
       Task "MSBuild"
         Global Properties:
           Configuration=Release
           Platform=AnyCPU
         Removing Properties for project "../KChief.Platform.Core/KChief.Platform.Core.csproj":
           TargetFramework
           RuntimeIdentifier
           SelfContained
   4:7>Project "/home/saidul/Desktop/K-Chief Marine Automation Platform/src/KChief.Protocols.Modbus/KChief.Protocols.Modbus.csproj" (4:7) is building "/home/saidul/Desktop/K-Chief Marine Automation Platform/src/KChief.Platform.Core/KChief.Platform.Core.csproj" (10:29) on node 1 (GetNativeManifest target(s)).
 10:29>Target "GetNativeManifest" in file "/usr/share/dotnet/sdk/8.0.415/Microsoft.Common.CurrentVersion.targets" from project "/home/saidul/Desktop/K-Chief Marine Automation Platform/src/KChief.Platform.Core/KChief.Platform.Core.csproj" (entry point):
 10:29>Done building target "GetNativeManifest" in project "KChief.Platform.Core.csproj".
 10:29>Done Building Project "/home/saidul/Desktop/K-Chief Marine Automation Platform/src/KChief.Platform.Core/KChief.Platform.Core.csproj" (GetNativeManifest target(s)).
   7:7>Project "/home/saidul/Desktop/K-Chief Marine Automation Platform/src/KChief.AlarmSystem/KChief.AlarmSystem.csproj" (7:7) is building "/home/saidul/Desktop/K-Chief Marine Automation Platform/src/KChief.Platform.Core/KChief.Platform.Core.csproj" (10:30) on node 1 (GetNativeManifest target(s)).
 10:30>Target "GetNativeManifest" skipped. Previously built successfully.
 10:30>Done Building Project "/home/saidul/Desktop/K-Chief Marine Automation Platform/src/KChief.Platform.Core/KChief.Platform.Core.csproj" (GetNativeManifest target(s)).
   8:8>Project "/home/saidul/Desktop/K-Chief Marine Automation Platform/src/KChief.DataAccess/KChief.DataAccess.csproj" (8:8) is building "/home/saidul/Desktop/K-Chief Marine Automation Platform/src/KChief.Platform.Core/KChief.Platform.Core.csproj" (10:31) on node 1 (GetNativeManifest target(s)).
 10:31>Target "GetNativeManifest" skipped. Previously built successfully.
 10:31>Done Building Project "/home/saidul/Desktop/K-Chief Marine Automation Platform/src/KChief.Platform.Core/KChief.Platform.Core.csproj" (GetNativeManifest target(s)).
   8:8>Done executing task "MSBuild".
   7:7>Done executing task "MSBuild".
   8:8>ResolveProjectReferences:
       Task "Warning" skipped, due to false condition; ('@(ProjectReferenceWithConfiguration)' != '' and '@(_MSBuildProjectReferenceNonexistent)' != '') was evaluated as ('../KChief.Platform.Core/KChief.Platform.Core.csproj' != '' and '' != '').
   7:7>ResolveProjectReferences:
       Task "Warning" skipped, due to false condition; ('@(ProjectReferenceWithConfiguration)' != '' and '@(_MSBuildProjectReferenceNonexistent)' != '') was evaluated as ('../KChief.Platform.Core/KChief.Platform.Core.csproj' != '' and '' != '').
   8:8>Done building target "ResolveProjectReferences" in project "KChief.DataAccess.csproj".
       Target "FindInvalidProjectReferences" skipped, due to false condition; ('$(FindInvalidProjectReferences)' == 'true') was evaluated as ('' == 'true').
       Target "ResolveNativeReferences" skipped, due to false condition; ('@(NativeReference)'!='') was evaluated as (''!='').
       Target "ResolveProjectReferences" skipped. Previously built successfully.
       Target "FindInvalidProjectReferences" skipped, due to false condition; ('$(FindInvalidProjectReferences)' == 'true') was evaluated as ('' == 'true').
       Target "GetFrameworkPaths" skipped. Previously built successfully.
       Target "GetReferenceAssemblyPaths" skipped. Previously built successfully.
       Target "PrepareForBuild" skipped. Previously built successfully.
       Target "GetInstalledSDKLocations" skipped, due to false condition; ('@(SDKReference)' != '') was evaluated as ('' != '').
   8:8>Target "ResolveSDKReferences" in file "/usr/share/dotnet/sdk/8.0.415/Microsoft.Common.CurrentVersion.targets" from project "/home/saidul/Desktop/K-Chief Marine Automation Platform/src/KChief.DataAccess/KChief.DataAccess.csproj" (target "ResolveAssemblyReferences" depends on it):
       Task "ResolveSDKReference" skipped, due to false condition; ('@(SDKReference)'!='') was evaluated as (''!='').
   8:8>Done building target "ResolveSDKReferences" in project "KChief.DataAccess.csproj".
       Target "ResolveSDKReferences" skipped. Previously built successfully.
   8:8>Target "ExpandSDKReferences" in file "/usr/share/dotnet/sdk/8.0.415/Microsoft.Common.CurrentVersion.targets" from project "/home/saidul/Desktop/K-Chief Marine Automation Platform/src/KChief.DataAccess/KChief.DataAccess.csproj" (target "ResolveAssemblyReferences" depends on it):
       Task "GetSDKReferenceFiles" skipped, due to false condition; ('@(ResolvedSDKReference)'!='') was evaluated as (''!='').
   8:8>Done building target "ExpandSDKReferences" in project "KChief.DataAccess.csproj".
   4:7>Done executing task "MSBuild".
   7:7>Done building target "ResolveProjectReferences" in project "KChief.AlarmSystem.csproj".
       Target "FindInvalidProjectReferences" skipped, due to false condition; ('$(FindInvalidProjectReferences)' == 'true') was evaluated as ('' == 'true').
       Target "ResolveNativeReferences" skipped, due to false condition; ('@(NativeReference)'!='') was evaluated as (''!='').
       Target "ResolveProjectReferences" skipped. Previously built successfully.
       Target "FindInvalidProjectReferences" skipped, due to false condition; ('$(FindInvalidProjectReferences)' == 'true') was evaluated as ('' == 'true').
       Target "GetFrameworkPaths" skipped. Previously built successfully.
       Target "GetReferenceAssemblyPaths" skipped. Previously built successfully.
       Target "PrepareForBuild" skipped. Previously built successfully.
       Target "GetInstalledSDKLocations" skipped, due to false condition; ('@(SDKReference)' != '') was evaluated as ('' != '').
   7:7>Target "ResolveSDKReferences" in file "/usr/share/dotnet/sdk/8.0.415/Microsoft.Common.CurrentVersion.targets" from project "/home/saidul/Desktop/K-Chief Marine Automation Platform/src/KChief.AlarmSystem/KChief.AlarmSystem.csproj" (target "ResolveAssemblyReferences" depends on it):
       Task "ResolveSDKReference" skipped, due to false condition; ('@(SDKReference)'!='') was evaluated as (''!='').
   7:7>Done building target "ResolveSDKReferences" in project "KChief.AlarmSystem.csproj".
       Target "ResolveSDKReferences" skipped. Previously built successfully.
   7:7>Target "ExpandSDKReferences" in file "/usr/share/dotnet/sdk/8.0.415/Microsoft.Common.CurrentVersion.targets" from project "/home/saidul/Desktop/K-Chief Marine Automation Platform/src/KChief.AlarmSystem/KChief.AlarmSystem.csproj" (target "ResolveAssemblyReferences" depends on it):
       Task "GetSDKReferenceFiles" skipped, due to false condition; ('@(ResolvedSDKReference)'!='') was evaluated as (''!='').
   7:7>Done building target "ExpandSDKReferences" in project "KChief.AlarmSystem.csproj".
       Target "ResolvePackageDependenciesForBuild" skipped. Previously built successfully.
       Target "GetFrameworkPaths" skipped. Previously built successfully.
       Target "GetReferenceAssemblyPaths" skipped. Previously built successfully.
       Target "ProcessFrameworkReferences" skipped. Previously built successfully.
       Target "ResolvePackageAssets" skipped. Previously built successfully.
   8:8>Target "ResolvePackageDependenciesForBuild" skipped. Previously built successfully.
       Target "GetFrameworkPaths" skipped. Previously built successfully.
       Target "GetReferenceAssemblyPaths" skipped. Previously built successfully.
       Target "ProcessFrameworkReferences" skipped. Previously built successfully.
       Target "ResolvePackageAssets" skipped. Previously built successfully.
   8:8>Target "ResolveFrameworkReferences" in file "/usr/share/dotnet/sdk/8.0.415/Sdks/Microsoft.NET.Sdk/targets/Microsoft.NET.Sdk.FrameworkReferenceResolution.targets" from project "/home/saidul/Desktop/K-Chief Marine Automation Platform/src/KChief.DataAccess/KChief.DataAccess.csproj" (target "ResolveTargetingPackAssets" depends on it):
       Using "GetPackageDirectory" task from assembly "/usr/share/dotnet/sdk/8.0.415/Sdks/Microsoft.NET.Sdk/targets/../tools/net8.0/Microsoft.NET.Build.Tasks.dll".
       Task "GetPackageDirectory"
       Done executing task "GetPackageDirectory".
       Task "GetPackageDirectory"
       Done executing task "GetPackageDirectory".
       Task "GetPackageDirectory"
       Done executing task "GetPackageDirectory".
       Task "GetPackageDirectory"
       Done executing task "GetPackageDirectory".
       Task "GetPackageDirectory"
       Done executing task "GetPackageDirectory".
       Task "GetPackageDirectory"
       Done executing task "GetPackageDirectory".
       Task "GetPackageDirectory"
       Done executing task "GetPackageDirectory".
       Task "GetPackageDirectory"
       Done executing task "GetPackageDirectory".
       Task "GetPackageDirectory"
       Done executing task "GetPackageDirectory".
       Task "GetPackageDirectory"
       Done executing task "GetPackageDirectory".
       Using "ResolveFrameworkReferences" task from assembly "/usr/share/dotnet/sdk/8.0.415/Sdks/Microsoft.NET.Sdk/targets/../tools/net8.0/Microsoft.NET.Build.Tasks.dll".
       Task "ResolveFrameworkReferences"
       Done executing task "ResolveFrameworkReferences".
   8:8>Done building target "ResolveFrameworkReferences" in project "KChief.DataAccess.csproj".
   8:8>Target "ResolveTargetingPackAssets" in file "/usr/share/dotnet/sdk/8.0.415/Sdks/Microsoft.NET.Sdk/targets/Microsoft.NET.Sdk.FrameworkReferenceResolution.targets" from project "/home/saidul/Desktop/K-Chief Marine Automation Platform/src/KChief.DataAccess/KChief.DataAccess.csproj" (target "_HandlePackageFileConflicts" depends on it):
       Using "ResolveTargetingPackAssets" task from assembly "/usr/share/dotnet/sdk/8.0.415/Sdks/Microsoft.NET.Sdk/targets/../tools/net8.0/Microsoft.NET.Build.Tasks.dll".
       Task "ResolveTargetingPackAssets"
   4:7>ResolveProjectReferences:
       Task "Warning" skipped, due to false condition; ('@(ProjectReferenceWithConfiguration)' != '' and '@(_MSBuildProjectReferenceNonexistent)' != '') was evaluated as ('../KChief.Platform.Core/KChief.Platform.Core.csproj' != '' and '' != '').
   4:7>Done building target "ResolveProjectReferences" in project "KChief.Protocols.Modbus.csproj".
       Target "FindInvalidProjectReferences" skipped, due to false condition; ('$(FindInvalidProjectReferences)' == 'true') was evaluated as ('' == 'true').
       Target "ResolveNativeReferences" skipped, due to false condition; ('@(NativeReference)'!='') was evaluated as (''!='').
       Target "ResolveProjectReferences" skipped. Previously built successfully.
       Target "FindInvalidProjectReferences" skipped, due to false condition; ('$(FindInvalidProjectReferences)' == 'true') was evaluated as ('' == 'true').
   8:8>Done executing task "ResolveTargetingPackAssets".
   4:7>Target "GetFrameworkPaths" skipped. Previously built successfully.
       Target "GetReferenceAssemblyPaths" skipped. Previously built successfully.
       Target "PrepareForBuild" skipped. Previously built successfully.
       Target "GetInstalledSDKLocations" skipped, due to false condition; ('@(SDKReference)' != '') was evaluated as ('' != '').
   8:8>Done building target "ResolveTargetingPackAssets" in project "KChief.DataAccess.csproj".
   4:7>Target "ResolveSDKReferences" in file "/usr/share/dotnet/sdk/8.0.415/Microsoft.Common.CurrentVersion.targets" from project "/home/saidul/Desktop/K-Chief Marine Automation Platform/src/KChief.Protocols.Modbus/KChief.Protocols.Modbus.csproj" (target "ResolveAssemblyReferences" depends on it):
   4:7>Task "ResolveSDKReference" skipped, due to false condition; ('@(SDKReference)'!='') was evaluated as (''!='').
   4:7>Done building target "ResolveSDKReferences" in project "KChief.Protocols.Modbus.csproj".
   8:8>Target "ResolveOffByDefaultAnalyzers" in file "/usr/share/dotnet/sdk/8.0.415/Sdks/Microsoft.NET.Sdk/targets/Microsoft.NET.Sdk.FrameworkReferenceResolution.targets" from project "/home/saidul/Desktop/K-Chief Marine Automation Platform/src/KChief.DataAccess/KChief.DataAccess.csproj" (target "_HandlePackageFileConflicts" depends on it):
   8:8>Done building target "ResolveOffByDefaultAnalyzers" in project "KChief.DataAccess.csproj".
   4:7>Target "ResolveSDKReferences" skipped. Previously built successfully.
   4:7>Target "ExpandSDKReferences" in file "/usr/share/dotnet/sdk/8.0.415/Microsoft.Common.CurrentVersion.targets" from project "/home/saidul/Desktop/K-Chief Marine Automation Platform/src/KChief.Protocols.Modbus/KChief.Protocols.Modbus.csproj" (target "ResolveAssemblyReferences" depends on it):
       Task "GetSDKReferenceFiles" skipped, due to false condition; ('@(ResolvedSDKReference)'!='') was evaluated as (''!='').
   4:7>Done building target "ExpandSDKReferences" in project "KChief.Protocols.Modbus.csproj".
       Target "ResolvePackageDependenciesForBuild" skipped. Previously built successfully.
       Target "GetFrameworkPaths" skipped. Previously built successfully.
       Target "GetReferenceAssemblyPaths" skipped. Previously built successfully.
       Target "ProcessFrameworkReferences" skipped. Previously built successfully.
       Target "ResolvePackageAssets" skipped. Previously built successfully.
   4:7>Target "ResolveFrameworkReferences" in file "/usr/share/dotnet/sdk/8.0.415/Sdks/Microsoft.NET.Sdk/targets/Microsoft.NET.Sdk.FrameworkReferenceResolution.targets" from project "/home/saidul/Desktop/K-Chief Marine Automation Platform/src/KChief.Protocols.Modbus/KChief.Protocols.Modbus.csproj" (target "ResolveTargetingPackAssets" depends on it):
       Using "GetPackageDirectory" task from assembly "/usr/share/dotnet/sdk/8.0.415/Sdks/Microsoft.NET.Sdk/targets/../tools/net8.0/Microsoft.NET.Build.Tasks.dll".
       Task "GetPackageDirectory"
       Done executing task "GetPackageDirectory".
       Task "GetPackageDirectory"
       Done executing task "GetPackageDirectory".
       Task "GetPackageDirectory"
       Done executing task "GetPackageDirectory".
       Task "GetPackageDirectory"
       Done executing task "GetPackageDirectory".
       Task "GetPackageDirectory"
       Done executing task "GetPackageDirectory".
       Task "GetPackageDirectory"
       Done executing task "GetPackageDirectory".
       Task "GetPackageDirectory"
       Done executing task "GetPackageDirectory".
       Task "GetPackageDirectory"
       Done executing task "GetPackageDirectory".
       Task "GetPackageDirectory"
   8:8>Target "_HandlePackageFileConflicts" in file "/usr/share/dotnet/sdk/8.0.415/Sdks/Microsoft.NET.Sdk/targets/Microsoft.NET.ConflictResolution.targets" from project "/home/saidul/Desktop/K-Chief Marine Automation Platform/src/KChief.DataAccess/KChief.DataAccess.csproj" (target "ResolveAssemblyReferences" depends on it):
   8:8>Using "ResolvePackageFileConflicts" task from assembly "/usr/share/dotnet/sdk/8.0.415/Sdks/Microsoft.NET.Sdk/targets/../tools/net8.0/Microsoft.NET.Build.Tasks.dll".
   4:7>Done executing task "GetPackageDirectory".
   8:8>Task "ResolvePackageFileConflicts"
   4:7>Task "GetPackageDirectory"
   8:8>_HandlePackageFileConflicts:
         Encountered conflict between 'Reference:/home/saidul/.nuget/packages/system.collections.immutable/6.0.0/lib/net6.0/System.Collections.Immutable.dll' and 'Reference:/usr/share/dotnet/packs/Microsoft.NETCore.App.Ref/8.0.21/ref/net8.0/System.Collections.Immutable.dll'. Choosing 'Reference:/usr/share/dotnet/packs/Microsoft.NETCore.App.Ref/8.0.21/ref/net8.0/System.Collections.Immutable.dll' because AssemblyVersion '8.0.0.0' is greater than '6.0.0.0'.
         Encountered conflict between 'Reference:/home/saidul/.nuget/packages/system.diagnostics.diagnosticsource/8.0.0/lib/net8.0/System.Diagnostics.DiagnosticSource.dll' and 'Reference:/usr/share/dotnet/packs/Microsoft.NETCore.App.Ref/8.0.21/ref/net8.0/System.Diagnostics.DiagnosticSource.dll'. Choosing 'Reference:/usr/share/dotnet/packs/Microsoft.NETCore.App.Ref/8.0.21/ref/net8.0/System.Diagnostics.DiagnosticSource.dll' because file version '8.0.2125.47513' is greater than '8.0.23.53103'.
         Encountered conflict between 'Reference:/home/saidul/.nuget/packages/system.reflection.metadata/6.0.1/lib/net6.0/System.Reflection.Metadata.dll' and 'Reference:/usr/share/dotnet/packs/Microsoft.NETCore.App.Ref/8.0.21/ref/net8.0/System.Reflection.Metadata.dll'. Choosing 'Reference:/usr/share/dotnet/packs/Microsoft.NETCore.App.Ref/8.0.21/ref/net8.0/System.Reflection.Metadata.dll' because AssemblyVersion '8.0.0.0' is greater than '6.0.0.0'.
   4:7>Done executing task "GetPackageDirectory".
   8:8>_HandlePackageFileConflicts:
         Encountered conflict between 'Reference:/home/saidul/.nuget/packages/system.runtime.compilerservices.unsafe/6.0.0/lib/net6.0/System.Runtime.CompilerServices.Unsafe.dll' and 'Reference:/usr/share/dotnet/packs/Microsoft.NETCore.App.Ref/8.0.21/ref/net8.0/System.Runtime.CompilerServices.Unsafe.dll'. Choosing 'Reference:/usr/share/dotnet/packs/Microsoft.NETCore.App.Ref/8.0.21/ref/net8.0/System.Runtime.CompilerServices.Unsafe.dll' because AssemblyVersion '8.0.0.0' is greater than '6.0.0.0'.
   4:7>ResolveFrameworkReferences:
       Using "ResolveFrameworkReferences" task from assembly "/usr/share/dotnet/sdk/8.0.415/Sdks/Microsoft.NET.Sdk/targets/../tools/net8.0/Microsoft.NET.Build.Tasks.dll".
       Task "ResolveFrameworkReferences"
   8:8>_HandlePackageFileConflicts:
         Encountered conflict between 'Reference:/home/saidul/.nuget/packages/system.security.cryptography.cng/5.0.0/ref/netcoreapp3.0/System.Security.Cryptography.Cng.dll' and 'Reference:/usr/share/dotnet/packs/Microsoft.NETCore.App.Ref/8.0.21/ref/net8.0/System.Security.Cryptography.Cng.dll'. Choosing 'Reference:/usr/share/dotnet/packs/Microsoft.NETCore.App.Ref/8.0.21/ref/net8.0/System.Security.Cryptography.Cng.dll' because AssemblyVersion '8.0.0.0' is greater than '5.0.0.0'.
         Encountered conflict between 'Reference:/home/saidul/.nuget/packages/system.text.encoding.codepages/6.0.0/lib/net6.0/System.Text.Encoding.CodePages.dll' and 'Reference:/usr/share/dotnet/packs/Microsoft.NETCore.App.Ref/8.0.21/ref/net8.0/System.Text.Encoding.CodePages.dll'. Choosing 'Reference:/usr/share/dotnet/packs/Microsoft.NETCore.App.Ref/8.0.21/ref/net8.0/System.Text.Encoding.CodePages.dll' because AssemblyVersion '8.0.0.0' is greater than '6.0.0.0'.
         Encountered conflict between 'Reference:/home/saidul/.nuget/packages/system.text.encodings.web/8.0.0/lib/net8.0/System.Text.Encodings.Web.dll' and 'Reference:/usr/share/dotnet/packs/Microsoft.NETCore.App.Ref/8.0.21/ref/net8.0/System.Text.Encodings.Web.dll'. Choosing 'Reference:/usr/share/dotnet/packs/Microsoft.NETCore.App.Ref/8.0.21/ref/net8.0/System.Text.Encodings.Web.dll' because file version '8.0.2125.47513' is greater than '8.0.23.53103'.
         Encountered conflict between 'Reference:/home/saidul/.nuget/packages/system.text.json/8.0.0/lib/net8.0/System.Text.Json.dll' and 'Reference:/usr/share/dotnet/packs/Microsoft.NETCore.App.Ref/8.0.21/ref/net8.0/System.Text.Json.dll'. Choosing 'Reference:/usr/share/dotnet/packs/Microsoft.NETCore.App.Ref/8.0.21/ref/net8.0/System.Text.Json.dll' because file version '8.0.2125.47513' is greater than '8.0.23.53103'.
         Encountered conflict between 'Reference:/home/saidul/.nuget/packages/system.threading.channels/7.0.0/lib/net7.0/System.Threading.Channels.dll' and 'Reference:/usr/share/dotnet/packs/Microsoft.NETCore.App.Ref/8.0.21/ref/net8.0/System.Threading.Channels.dll'. Choosing 'Reference:/usr/share/dotnet/packs/Microsoft.NETCore.App.Ref/8.0.21/ref/net8.0/System.Threading.Channels.dll' because AssemblyVersion '8.0.0.0' is greater than '7.0.0.0'.
         Encountered conflict between 'Analyzer:/home/saidul/.nuget/packages/system.text.json/8.0.0/analyzers/dotnet/roslyn4.4/cs/System.Text.Json.SourceGeneration.dll' and 'Analyzer:/usr/share/dotnet/packs/Microsoft.NETCore.App.Ref/8.0.21/analyzers/dotnet/cs/System.Text.Json.SourceGeneration.dll'. Choosing 'Analyzer:/usr/share/dotnet/packs/Microsoft.NETCore.App.Ref/8.0.21/analyzers/dotnet/cs/System.Text.Json.SourceGeneration.dll' because AssemblyVersion '8.0.12.47513' is greater than '8.0.9.3103'.
         Encountered conflict between 'Platform:System.Collections.Immutable.dll' and 'Runtime:/home/saidul/.nuget/packages/system.collections.immutable/6.0.0/lib/net6.0/System.Collections.Immutable.dll'. Choosing 'Platform:System.Collections.Immutable.dll' because AssemblyVersion '8.0.0.0' is greater than '6.0.0.0'.
         Encountered conflict between 'Platform:System.Diagnostics.DiagnosticSource.dll' and 'Runtime:/home/saidul/.nuget/packages/system.diagnostics.diagnosticsource/8.0.0/lib/net8.0/System.Diagnostics.DiagnosticSource.dll'. Choosing 'Platform:System.Diagnostics.DiagnosticSource.dll' because file version '8.0.2125.47513' is greater than '8.0.23.53103'.
         Encountered conflict between 'Platform:System.Formats.Asn1.dll' and 'Runtime:/home/saidul/.nuget/packages/system.formats.asn1/5.0.0/lib/netstandard2.0/System.Formats.Asn1.dll'. Choosing 'Platform:System.Formats.Asn1.dll' because AssemblyVersion '8.0.0.0' is greater than '5.0.0.0'.
         Encountered conflict between 'Platform:System.Reflection.Metadata.dll' and 'Runtime:/home/saidul/.nuget/packages/system.reflection.metadata/6.0.1/lib/net6.0/System.Reflection.Metadata.dll'. Choosing 'Platform:System.Reflection.Metadata.dll' because AssemblyVersion '8.0.0.0' is greater than '6.0.0.0'.
         Encountered conflict between 'Platform:System.Runtime.CompilerServices.Unsafe.dll' and 'Runtime:/home/saidul/.nuget/packages/system.runtime.compilerservices.unsafe/6.0.0/lib/net6.0/System.Runtime.CompilerServices.Unsafe.dll'. Choosing 'Platform:System.Runtime.CompilerServices.Unsafe.dll' because AssemblyVersion '8.0.0.0' is greater than '6.0.0.0'.
         Encountered conflict between 'Platform:System.Security.AccessControl.dll' and 'Runtime:/home/saidul/.nuget/packages/system.security.accesscontrol/6.0.0/lib/net6.0/System.Security.AccessControl.dll'. Choosing 'Platform:System.Security.AccessControl.dll' because AssemblyVersion '8.0.0.0' is greater than '6.0.0.0'.
         Encountered conflict between 'Platform:System.Security.Cryptography.Cng.dll' and 'Runtime:/home/saidul/.nuget/packages/system.security.cryptography.cng/5.0.0/lib/netcoreapp3.0/System.Security.Cryptography.Cng.dll'. Choosing 'Platform:System.Security.Cryptography.Cng.dll' because AssemblyVersion '8.0.0.0' is greater than '5.0.0.0'.
         Encountered conflict between 'Platform:System.Security.Principal.Windows.dll' and 'Runtime:/home/saidul/.nuget/packages/system.security.principal.windows/5.0.0/lib/netstandard2.0/System.Security.Principal.Windows.dll'. Choosing 'Platform:System.Security.Principal.Windows.dll' because AssemblyVersion '8.0.0.0' is greater than '5.0.0.0'.
         Encountered conflict between 'Platform:System.Text.Encoding.CodePages.dll' and 'Runtime:/home/saidul/.nuget/packages/system.text.encoding.codepages/6.0.0/lib/net6.0/System.Text.Encoding.CodePages.dll'. Choosing 'Platform:System.Text.Encoding.CodePages.dll' because AssemblyVersion '8.0.0.0' is greater than '6.0.0.0'.
         Encountered conflict between 'Platform:System.Text.Encodings.Web.dll' and 'Runtime:/home/saidul/.nuget/packages/system.text.encodings.web/8.0.0/lib/net8.0/System.Text.Encodings.Web.dll'. Choosing 'Platform:System.Text.Encodings.Web.dll' because file version '8.0.2125.47513' is greater than '8.0.23.53103'.
         Encountered conflict between 'Platform:System.Text.Json.dll' and 'Runtime:/home/saidul/.nuget/packages/system.text.json/8.0.0/lib/net8.0/System.Text.Json.dll'. Choosing 'Platform:System.Text.Json.dll' because file version '8.0.2125.47513' is greater than '8.0.23.53103'.
         Encountered conflict between 'Platform:System.Threading.Channels.dll' and 'Runtime:/home/saidul/.nuget/packages/system.threading.channels/7.0.0/lib/net7.0/System.Threading.Channels.dll'. Choosing 'Platform:System.Threading.Channels.dll' because AssemblyVersion '8.0.0.0' is greater than '7.0.0.0'.
         Encountered conflict between 'Platform:System.Security.AccessControl.dll' and 'Runtime:/home/saidul/.nuget/packages/system.security.accesscontrol/6.0.0/runtimes/win/lib/net6.0/System.Security.AccessControl.dll'. Choosing 'Platform:System.Security.AccessControl.dll' because AssemblyVersion '8.0.0.0' is greater than '6.0.0.0'.
         Encountered conflict between 'Platform:System.Security.Cryptography.Cng.dll' and 'Runtime:/home/saidul/.nuget/packages/system.security.cryptography.cng/5.0.0/runtimes/win/lib/netcoreapp3.0/System.Security.Cryptography.Cng.dll'. Choosing 'Platform:System.Security.Cryptography.Cng.dll' because AssemblyVersion '8.0.0.0' is greater than '5.0.0.0'.
         Encountered conflict between 'Platform:System.Security.Principal.Windows.dll' and 'Runtime:/home/saidul/.nuget/packages/system.security.principal.windows/5.0.0/runtimes/unix/lib/netcoreapp2.1/System.Security.Principal.Windows.dll'. Choosing 'Platform:System.Security.Principal.Windows.dll' because AssemblyVersion '8.0.0.0' is greater than '5.0.0.0'.
         Encountered conflict between 'Platform:System.Security.Principal.Windows.dll' and 'Runtime:/home/saidul/.nuget/packages/system.security.principal.windows/5.0.0/runtimes/win/lib/netcoreapp2.1/System.Security.Principal.Windows.dll'. Choosing 'Platform:System.Security.Principal.Windows.dll' because AssemblyVersion '8.0.0.0' is greater than '5.0.0.0'.
         Encountered conflict between 'Platform:System.Text.Encoding.CodePages.dll' and 'Runtime:/home/saidul/.nuget/packages/system.text.encoding.codepages/6.0.0/runtimes/win/lib/net6.0/System.Text.Encoding.CodePages.dll'. Choosing 'Platform:System.Text.Encoding.CodePages.dll' because AssemblyVersion '8.0.0.0' is greater than '6.0.0.0'.
         Encountered conflict between 'Platform:System.Text.Encodings.Web.dll' and 'Runtime:/home/saidul/.nuget/packages/system.text.encodings.web/8.0.0/runtimes/browser/lib/net8.0/System.Text.Encodings.Web.dll'. Choosing 'Platform:System.Text.Encodings.Web.dll' because file version '8.0.2125.47513' is greater than '8.0.23.53103'.
         Encountered conflict between 'Platform:mscorlib.dll' and 'Platform:mscorlib.dll'. Could not determine winner due to equal file and assembly versions.
         Encountered conflict between 'Platform:Microsoft.VisualBasic.dll' and 'Platform:Microsoft.VisualBasic.dll'. Could not determine winner due to equal file and assembly versions.
         Encountered conflict between 'Platform:System.dll' and 'Platform:System.dll'. Could not determine winner due to equal file and assembly versions.
         Encountered conflict between 'Platform:System.ComponentModel.DataAnnotations.dll' and 'Platform:System.ComponentModel.DataAnnotations.dll'. Could not determine winner due to equal file and assembly versions.
         Encountered conflict between 'Platform:System.Configuration.dll' and 'Platform:System.Configuration.dll'. Could not determine winner due to equal file and assembly versions.
         Encountered conflict between 'Platform:System.Core.dll' and 'Platform:System.Core.dll'. Could not determine winner due to equal file and assembly versions.
         Encountered conflict between 'Platform:System.Data.dll' and 'Platform:System.Data.dll'. Could not determine winner due to equal file and assembly versions.
         Encountered conflict between 'Platform:System.Drawing.dll' and 'Platform:System.Drawing.dll'. Could not determine winner due to equal file and assembly versions.
         Encountered conflict between 'Platform:System.IO.Compression.FileSystem.dll' and 'Platform:System.IO.Compression.FileSystem.dll'. Could not determine winner due to equal file and assembly versions.
         Encountered conflict between 'Platform:System.Net.dll' and 'Platform:System.Net.dll'. Could not determine winner due to equal file and assembly versions.
         Encountered conflict between 'Platform:System.Numerics.dll' and 'Platform:System.Numerics.dll'. Could not determine winner due to equal file and assembly versions.
         Encountered conflict between 'Platform:System.Runtime.Serialization.dll' and 'Platform:System.Runtime.Serialization.dll'. Could not determine winner due to equal file and assembly versions.
         Encountered conflict between 'Platform:System.Security.dll' and 'Platform:System.Security.dll'. Could not determine winner due to equal file and assembly versions.
         Encountered conflict between 'Platform:System.ServiceProcess.dll' and 'Platform:System.ServiceProcess.dll'. Could not determine winner due to equal file and assembly versions.
         Encountered conflict between 'Platform:System.ServiceModel.Web.dll' and 'Platform:System.ServiceModel.Web.dll'. Could not determine winner due to equal file and assembly versions.
         Encountered conflict between 'Platform:System.Transactions.dll' and 'Platform:System.Transactions.dll'. Could not determine winner due to equal file and assembly versions.
         Encountered conflict between 'Platform:System.Web.dll' and 'Platform:System.Web.dll'. Could not determine winner due to equal file and assembly versions.
         Encountered conflict between 'Platform:System.Windows.dll' and 'Platform:System.Windows.dll'. Could not determine winner due to equal file and assembly versions.
         Encountered conflict between 'Platform:System.Xml.dll' and 'Platform:System.Xml.dll'. Could not determine winner due to equal file and assembly versions.
         Encountered conflict between 'Platform:System.Xml.Serialization.dll' and 'Platform:System.Xml.Serialization.dll'. Could not determine winner due to equal file and assembly versions.
         Encountered conflict between 'Platform:System.Xml.Linq.dll' and 'Platform:System.Xml.Linq.dll'. Could not determine winner due to equal file and assembly versions.
         Encountered conflict between 'Platform:WindowsBase.dll' and 'Platform:WindowsBase.dll'. Could not determine winner due to equal file and assembly versions.
         Encountered conflict between 'Platform:netstandard.dll' and 'Platform:netstandard.dll'. Could not determine winner due to equal file and assembly versions.
         Encountered conflict between 'Platform:System.Private.CoreLib.dll' and 'Platform:System.Private.CoreLib.dll'. Could not determine winner due to equal file and assembly versions.
         Encountered conflict between 'Platform:System.Private.DataContractSerialization.dll' and 'Platform:System.Private.DataContractSerialization.dll'. Could not determine winner due to equal file and assembly versions.
         Encountered conflict between 'Platform:System.Private.Uri.dll' and 'Platform:System.Private.Uri.dll'. Could not determine winner due to equal file and assembly versions.
         Encountered conflict between 'Platform:System.Private.Xml.dll' and 'Platform:System.Private.Xml.dll'. Could not determine winner due to equal file and assembly versions.
         Encountered conflict between 'Platform:System.Private.Xml.Linq.dll' and 'Platform:System.Private.Xml.Linq.dll'. Could not determine winner due to equal file and assembly versions.
         Encountered conflict between 'Platform:mscordaccore_amd64_amd64_8.0.2125.47513.dll' and 'Platform:mscordaccore_amd64_amd64_8.0.2125.47513.dll'. Could not determine winner due to equal file and assembly versions.
       Done executing task "ResolvePackageFileConflicts".
   8:8>Done building target "_HandlePackageFileConflicts" in project "KChief.DataAccess.csproj".
       Target "ResolveTargetingPackAssets" skipped. Previously built successfully.
   8:8>Target "ResolveAssemblyReferences" in file "/usr/share/dotnet/sdk/8.0.415/Microsoft.Common.CurrentVersion.targets" from project "/home/saidul/Desktop/K-Chief Marine Automation Platform/src/KChief.DataAccess/KChief.DataAccess.csproj" (target "ResolveReferences" depends on it):
       Using "ResolveAssemblyReference" task from assembly "Microsoft.Build.Tasks.Core, Version=15.1.0.0, Culture=neutral, PublicKeyToken=b03f5f7f11d50a3a".
       Task "ResolveAssemblyReference"
         TargetFrameworkMoniker:
             .NETCoreApp,Version=v8.0
         TargetFrameworkMonikerDisplayName:
             .NET 8.0
         TargetedRuntimeVersion:
             
         Assemblies:
             /home/saidul/.nuget/packages/azure.core/1.25.0/lib/net5.0/Azure.Core.dll
                 Private = 'false'
                 HintPath = '/home/saidul/.nuget/packages/azure.core/1.25.0/lib/net5.0/Azure.Core.dll'
             /home/saidul/.nuget/packages/azure.identity/1.7.0/lib/netstandard2.0/Azure.Identity.dll
                 Private = 'false'
                 HintPath = '/home/saidul/.nuget/packages/azure.identity/1.7.0/lib/netstandard2.0/Azure.Identity.dll'
             /home/saidul/.nuget/packages/fluentvalidation/11.9.0/lib/net8.0/FluentValidation.dll
                 Private = 'false'
                 HintPath = '/home/saidul/.nuget/packages/fluentvalidation/11.9.0/lib/net8.0/FluentValidation.dll'
             /home/saidul/.nuget/packages/humanizer.core/2.14.1/lib/net6.0/Humanizer.dll
                 Private = 'false'
                 HintPath = '/home/saidul/.nuget/packages/humanizer.core/2.14.1/lib/net6.0/Humanizer.dll'
             /home/saidul/.nuget/packages/microsoft.aspnetcore.http.abstractions/2.2.0/lib/netstandard2.0/Microsoft.AspNetCore.Http.Abstractions.dll
                 Private = 'false'
                 HintPath = '/home/saidul/.nuget/packages/microsoft.aspnetcore.http.abstractions/2.2.0/lib/netstandard2.0/Microsoft.AspNetCore.Http.Abstractions.dll'
             /home/saidul/.nuget/packages/microsoft.aspnetcore.http.features/2.2.0/lib/netstandard2.0/Microsoft.AspNetCore.Http.Features.dll
                 Private = 'false'
                 HintPath = '/home/saidul/.nuget/packages/microsoft.aspnetcore.http.features/2.2.0/lib/netstandard2.0/Microsoft.AspNetCore.Http.Features.dll'
             /home/saidul/.nuget/packages/microsoft.bcl.asyncinterfaces/6.0.0/lib/netstandard2.1/Microsoft.Bcl.AsyncInterfaces.dll
                 Private = 'false'
                 HintPath = '/home/saidul/.nuget/packages/microsoft.bcl.asyncinterfaces/6.0.0/lib/netstandard2.1/Microsoft.Bcl.AsyncInterfaces.dll'
             /home/saidul/.nuget/packages/microsoft.codeanalysis.common/4.5.0/lib/netcoreapp3.1/Microsoft.CodeAnalysis.dll
                 Private = 'false'
                 HintPath = '/home/saidul/.nuget/packages/microsoft.codeanalysis.common/4.5.0/lib/netcoreapp3.1/Microsoft.CodeAnalysis.dll'
             /home/saidul/.nuget/packages/microsoft.codeanalysis.csharp/4.5.0/lib/netcoreapp3.1/Microsoft.CodeAnalysis.CSharp.dll
                 Private = 'false'
                 HintPath = '/home/saidul/.nuget/packages/microsoft.codeanalysis.csharp/4.5.0/lib/netcoreapp3.1/Microsoft.CodeAnalysis.CSharp.dll'
             /home/saidul/.nuget/packages/microsoft.codeanalysis.csharp.workspaces/4.5.0/lib/netcoreapp3.1/Microsoft.CodeAnalysis.CSharp.Workspaces.dll
                 Private = 'false'
                 HintPath = '/home/saidul/.nuget/packages/microsoft.codeanalysis.csharp.workspaces/4.5.0/lib/netcoreapp3.1/Microsoft.CodeAnalysis.CSharp.Workspaces.dll'
             /home/saidul/.nuget/packages/microsoft.codeanalysis.workspaces.common/4.5.0/lib/netcoreapp3.1/Microsoft.CodeAnalysis.Workspaces.dll
                 Private = 'false'
                 HintPath = '/home/saidul/.nuget/packages/microsoft.codeanalysis.workspaces.common/4.5.0/lib/netcoreapp3.1/Microsoft.CodeAnalysis.Workspaces.dll'
             /home/saidul/.nuget/packages/microsoft.data.sqlclient/5.1.1/ref/net6.0/Microsoft.Data.SqlClient.dll
                 Private = 'false'
                 HintPath = '/home/saidul/.nuget/packages/microsoft.data.sqlclient/5.1.1/ref/net6.0/Microsoft.Data.SqlClient.dll'
             /home/saidul/.nuget/packages/microsoft.data.sqlite.core/8.0.0/lib/net8.0/Microsoft.Data.Sqlite.dll
                 Private = 'false'
                 HintPath = '/home/saidul/.nuget/packages/microsoft.data.sqlite.core/8.0.0/lib/net8.0/Microsoft.Data.Sqlite.dll'
             /home/saidul/.nuget/packages/microsoft.entityframeworkcore/8.0.0/lib/net8.0/Microsoft.EntityFrameworkCore.dll
                 Private = 'false'
                 HintPath = '/home/saidul/.nuget/packages/microsoft.entityframeworkcore/8.0.0/lib/net8.0/Microsoft.EntityFrameworkCore.dll'
             /home/saidul/.nuget/packages/microsoft.entityframeworkcore.abstractions/8.0.0/lib/net8.0/Microsoft.EntityFrameworkCore.Abstractions.dll
                 Private = 'false'
                 HintPath = '/home/saidul/.nuget/packages/microsoft.entityframeworkcore.abstractions/8.0.0/lib/net8.0/Microsoft.EntityFrameworkCore.Abstractions.dll'
             /home/saidul/.nuget/packages/microsoft.entityframeworkcore.design/8.0.0/lib/net8.0/Microsoft.EntityFrameworkCore.Design.dll
                 Private = 'false'
                 HintPath = '/home/saidul/.nuget/packages/microsoft.entityframeworkcore.design/8.0.0/lib/net8.0/Microsoft.EntityFrameworkCore.Design.dll'
             /home/saidul/.nuget/packages/microsoft.entityframeworkcore.relational/8.0.0/lib/net8.0/Microsoft.EntityFrameworkCore.Relational.dll
                 Private = 'false'
                 HintPath = '/home/saidul/.nuget/packages/microsoft.entityframeworkcore.relational/8.0.0/lib/net8.0/Microsoft.EntityFrameworkCore.Relational.dll'
             /home/saidul/.nuget/packages/microsoft.entityframeworkcore.sqlite.core/8.0.0/lib/net8.0/Microsoft.EntityFrameworkCore.Sqlite.dll
                 Private = 'false'
                 HintPath = '/home/saidul/.nuget/packages/microsoft.entityframeworkcore.sqlite.core/8.0.0/lib/net8.0/Microsoft.EntityFrameworkCore.Sqlite.dll'
             /home/saidul/.nuget/packages/microsoft.entityframeworkcore.sqlserver/8.0.0/lib/net8.0/Microsoft.EntityFrameworkCore.SqlServer.dll
                 Private = 'false'
                 HintPath = '/home/saidul/.nuget/packages/microsoft.entityframeworkcore.sqlserver/8.0.0/lib/net8.0/Microsoft.EntityFrameworkCore.SqlServer.dll'
             /home/saidul/.nuget/packages/microsoft.extensions.caching.abstractions/8.0.0/lib/net8.0/Microsoft.Extensions.Caching.Abstractions.dll
                 Private = 'false'
                 HintPath = '/home/saidul/.nuget/packages/microsoft.extensions.caching.abstractions/8.0.0/lib/net8.0/Microsoft.Extensions.Caching.Abstractions.dll'
             /home/saidul/.nuget/packages/microsoft.extensions.caching.memory/8.0.0/lib/net8.0/Microsoft.Extensions.Caching.Memory.dll
                 Private = 'false'
                 HintPath = '/home/saidul/.nuget/packages/microsoft.extensions.caching.memory/8.0.0/lib/net8.0/Microsoft.Extensions.Caching.Memory.dll'
             /home/saidul/.nuget/packages/microsoft.extensions.configuration.abstractions/8.0.0/lib/net8.0/Microsoft.Extensions.Configuration.Abstractions.dll
                 Private = 'false'
                 HintPath = '/home/saidul/.nuget/packages/microsoft.extensions.configuration.abstractions/8.0.0/lib/net8.0/Microsoft.Extensions.Configuration.Abstractions.dll'
             /home/saidul/.nuget/packages/microsoft.extensions.dependencyinjection/8.0.0/lib/net8.0/Microsoft.Extensions.DependencyInjection.dll
                 Private = 'false'
                 HintPath = '/home/saidul/.nuget/packages/microsoft.extensions.dependencyinjection/8.0.0/lib/net8.0/Microsoft.Extensions.DependencyInjection.dll'
             /home/saidul/.nuget/packages/microsoft.extensions.dependencyinjection.abstractions/8.0.1/lib/net8.0/Microsoft.Extensions.DependencyInjection.Abstractions.dll
                 Private = 'false'
                 HintPath = '/home/saidul/.nuget/packages/microsoft.extensions.dependencyinjection.abstractions/8.0.1/lib/net8.0/Microsoft.Extensions.DependencyInjection.Abstractions.dll'
             /home/saidul/.nuget/packages/microsoft.extensions.dependencymodel/8.0.0/lib/net8.0/Microsoft.Extensions.DependencyModel.dll
                 Private = 'false'
                 HintPath = '/home/saidul/.nuget/packages/microsoft.extensions.dependencymodel/8.0.0/lib/net8.0/Microsoft.Extensions.DependencyModel.dll'
             /home/saidul/.nuget/packages/microsoft.extensions.diagnostics.abstractions/8.0.0/lib/net8.0/Microsoft.Extensions.Diagnostics.Abstractions.dll
                 Private = 'false'
                 HintPath = '/home/saidul/.nuget/packages/microsoft.extensions.diagnostics.abstractions/8.0.0/lib/net8.0/Microsoft.Extensions.Diagnostics.Abstractions.dll'
             /home/saidul/.nuget/packages/microsoft.extensions.fileproviders.abstractions/8.0.0/lib/net8.0/Microsoft.Extensions.FileProviders.Abstractions.dll
                 Private = 'false'
                 HintPath = '/home/saidul/.nuget/packages/microsoft.extensions.fileproviders.abstractions/8.0.0/lib/net8.0/Microsoft.Extensions.FileProviders.Abstractions.dll'
             /home/saidul/.nuget/packages/microsoft.extensions.hosting.abstractions/8.0.0/lib/net8.0/Microsoft.Extensions.Hosting.Abstractions.dll
                 Private = 'false'
                 HintPath = '/home/saidul/.nuget/packages/microsoft.extensions.hosting.abstractions/8.0.0/lib/net8.0/Microsoft.Extensions.Hosting.Abstractions.dll'
             /home/saidul/.nuget/packages/microsoft.extensions.logging/8.0.0/lib/net8.0/Microsoft.Extensions.Logging.dll
                 Private = 'false'
                 HintPath = '/home/saidul/.nuget/packages/microsoft.extensions.logging/8.0.0/lib/net8.0/Microsoft.Extensions.Logging.dll'
             /home/saidul/.nuget/packages/microsoft.extensions.logging.abstractions/8.0.1/lib/net8.0/Microsoft.Extensions.Logging.Abstractions.dll
                 Private = 'false'
                 HintPath = '/home/saidul/.nuget/packages/microsoft.extensions.logging.abstractions/8.0.1/lib/net8.0/Microsoft.Extensions.Logging.Abstractions.dll'
             /home/saidul/.nuget/packages/microsoft.extensions.options/8.0.0/lib/net8.0/Microsoft.Extensions.Options.dll
                 Private = 'false'
                 HintPath = '/home/saidul/.nuget/packages/microsoft.extensions.options/8.0.0/lib/net8.0/Microsoft.Extensions.Options.dll'
             /home/saidul/.nuget/packages/microsoft.extensions.primitives/8.0.0/lib/net8.0/Microsoft.Extensions.Primitives.dll
                 Private = 'false'
                 HintPath = '/home/saidul/.nuget/packages/microsoft.extensions.primitives/8.0.0/lib/net8.0/Microsoft.Extensions.Primitives.dll'
             /home/saidul/.nuget/packages/microsoft.identity.client/4.47.2/lib/netcoreapp2.1/Microsoft.Identity.Client.dll
                 Private = 'false'
                 HintPath = '/home/saidul/.nuget/packages/microsoft.identity.client/4.47.2/lib/netcoreapp2.1/Microsoft.Identity.Client.dll'
             /home/saidul/.nuget/packages/microsoft.identity.client.extensions.msal/2.19.3/lib/netcoreapp2.1/Microsoft.Identity.Client.Extensions.Msal.dll
                 Private = 'false'
                 HintPath = '/home/saidul/.nuget/packages/microsoft.identity.client.extensions.msal/2.19.3/lib/netcoreapp2.1/Microsoft.Identity.Client.Extensions.Msal.dll'
             /home/saidul/.nuget/packages/microsoft.identitymodel.abstractions/6.24.0/lib/net6.0/Microsoft.IdentityModel.Abstractions.dll
                 Private = 'false'
                 HintPath = '/home/saidul/.nuget/packages/microsoft.identitymodel.abstractions/6.24.0/lib/net6.0/Microsoft.IdentityModel.Abstractions.dll'
             /home/saidul/.nuget/packages/microsoft.identitymodel.jsonwebtokens/6.24.0/lib/net6.0/Microsoft.IdentityModel.JsonWebTokens.dll
                 Private = 'false'
                 HintPath = '/home/saidul/.nuget/packages/microsoft.identitymodel.jsonwebtokens/6.24.0/lib/net6.0/Microsoft.IdentityModel.JsonWebTokens.dll'
             /home/saidul/.nuget/packages/microsoft.identitymodel.logging/6.24.0/lib/net6.0/Microsoft.IdentityModel.Logging.dll
                 Private = 'false'
                 HintPath = '/home/saidul/.nuget/packages/microsoft.identitymodel.logging/6.24.0/lib/net6.0/Microsoft.IdentityModel.Logging.dll'
             /home/saidul/.nuget/packages/microsoft.identitymodel.protocols/6.24.0/lib/net6.0/Microsoft.IdentityModel.Protocols.dll
                 Private = 'false'
                 HintPath = '/home/saidul/.nuget/packages/microsoft.identitymodel.protocols/6.24.0/lib/net6.0/Microsoft.IdentityModel.Protocols.dll'
             /home/saidul/.nuget/packages/microsoft.identitymodel.protocols.openidconnect/6.24.0/lib/net6.0/Microsoft.IdentityModel.Protocols.OpenIdConnect.dll
                 Private = 'false'
                 HintPath = '/home/saidul/.nuget/packages/microsoft.identitymodel.protocols.openidconnect/6.24.0/lib/net6.0/Microsoft.IdentityModel.Protocols.OpenIdConnect.dll'
             /home/saidul/.nuget/packages/microsoft.identitymodel.tokens/6.24.0/lib/net6.0/Microsoft.IdentityModel.Tokens.dll
                 Private = 'false'
                 HintPath = '/home/saidul/.nuget/packages/microsoft.identitymodel.tokens/6.24.0/lib/net6.0/Microsoft.IdentityModel.Tokens.dll'
             /home/saidul/.nuget/packages/microsoft.sqlserver.server/1.0.0/lib/netstandard2.0/Microsoft.SqlServer.Server.dll
                 Private = 'false'
                 HintPath = '/home/saidul/.nuget/packages/microsoft.sqlserver.server/1.0.0/lib/netstandard2.0/Microsoft.SqlServer.Server.dll'
             /home/saidul/.nuget/packages/mono.texttemplating/2.2.1/lib/netstandard2.0/Mono.TextTemplating.dll
                 Private = 'false'
                 HintPath = '/home/saidul/.nuget/packages/mono.texttemplating/2.2.1/lib/netstandard2.0/Mono.TextTemplating.dll'
             /home/saidul/.nuget/packages/polly/8.2.0/lib/net6.0/Polly.dll
                 Private = 'false'
                 HintPath = '/home/saidul/.nuget/packages/polly/8.2.0/lib/net6.0/Polly.dll'
             /home/saidul/.nuget/packages/polly.core/8.2.0/lib/net8.0/Polly.Core.dll
                 Private = 'false'
                 HintPath = '/home/saidul/.nuget/packages/polly.core/8.2.0/lib/net8.0/Polly.Core.dll'
             /home/saidul/.nuget/packages/rabbitmq.client/6.8.1/lib/netstandard2.0/RabbitMQ.Client.dll
                 Private = 'false'
                 HintPath = '/home/saidul/.nuget/packages/rabbitmq.client/6.8.1/lib/netstandard2.0/RabbitMQ.Client.dll'
             /home/saidul/.nuget/packages/serilog/3.1.1/lib/net7.0/Serilog.dll
                 Private = 'false'
                 HintPath = '/home/saidul/.nuget/packages/serilog/3.1.1/lib/net7.0/Serilog.dll'
             /home/saidul/.nuget/packages/sqlitepclraw.bundle_e_sqlite3/2.1.6/lib/netstandard2.0/SQLitePCLRaw.batteries_v2.dll
                 Private = 'false'
                 HintPath = '/home/saidul/.nuget/packages/sqlitepclraw.bundle_e_sqlite3/2.1.6/lib/netstandard2.0/SQLitePCLRaw.batteries_v2.dll'
             /home/saidul/.nuget/packages/sqlitepclraw.core/2.1.6/lib/netstandard2.0/SQLitePCLRaw.core.dll
                 Private = 'false'
                 HintPath = '/home/saidul/.nuget/packages/sqlitepclraw.core/2.1.6/lib/netstandard2.0/SQLitePCLRaw.core.dll'
             /home/saidul/.nuget/packages/sqlitepclraw.provider.e_sqlite3/2.1.6/lib/net6.0/SQLitePCLRaw.provider.e_sqlite3.dll
                 Private = 'false'
                 HintPath = '/home/saidul/.nuget/packages/sqlitepclraw.provider.e_sqlite3/2.1.6/lib/net6.0/SQLitePCLRaw.provider.e_sqlite3.dll'
             /home/saidul/.nuget/packages/system.codedom/4.4.0/ref/netstandard2.0/System.CodeDom.dll
                 Private = 'false'
                 HintPath = '/home/saidul/.nuget/packages/system.codedom/4.4.0/ref/netstandard2.0/System.CodeDom.dll'
   9:8>Target "ValidateExecutableReferences" in file "/usr/share/dotnet/sdk/8.0.415/Sdks/Microsoft.NET.Sdk/targets/Microsoft.NET.Sdk.targets" from project "/home/saidul/Desktop/K-Chief Marine Automation Platform/src/KChief.Platform.API/KChief.Platform.API.csproj" (target "PrepareProjectReferences" depends on it):
   9:8>Using "ValidateExecutableReferences" task from assembly "/usr/share/dotnet/sdk/8.0.415/Sdks/Microsoft.NET.Sdk/targets/../tools/net8.0/Microsoft.NET.Build.Tasks.dll".
   8:8>ResolveAssemblyReferences:
             /home/saidul/.nuget/packages/system.composition.attributedmodel/6.0.0/lib/net6.0/System.Composition.AttributedModel.dll
                 Private = 'false'
   9:8>Task "ValidateExecutableReferences"
   8:8>ResolveAssemblyReferences:
                 HintPath = '/home/saidul/.nuget/packages/system.composition.attributedmodel/6.0.0/lib/net6.0/System.Composition.AttributedModel.dll'
             /home/saidul/.nuget/packages/system.composition.convention/6.0.0/lib/net6.0/System.Composition.Convention.dll
                 Private = 'false'
                 HintPath = '/home/saidul/.nuget/packages/system.composition.convention/6.0.0/lib/net6.0/System.Composition.Convention.dll'
             /home/saidul/.nuget/packages/system.composition.hosting/6.0.0/lib/net6.0/System.Composition.Hosting.dll
                 Private = 'false'
                 HintPath = '/home/saidul/.nuget/packages/system.composition.hosting/6.0.0/lib/net6.0/System.Composition.Hosting.dll'
             /home/saidul/.nuget/packages/system.composition.runtime/6.0.0/lib/net6.0/System.Composition.Runtime.dll
                 Private = 'false'
                 HintPath = '/home/saidul/.nuget/packages/system.composition.runtime/6.0.0/lib/net6.0/System.Composition.Runtime.dll'
             /home/saidul/.nuget/packages/system.composition.typedparts/6.0.0/lib/net6.0/System.Composition.TypedParts.dll
                 Private = 'false'
                 HintPath = '/home/saidul/.nuget/packages/system.composition.typedparts/6.0.0/lib/net6.0/System.Composition.TypedParts.dll'
             /home/saidul/.nuget/packages/system.identitymodel.tokens.jwt/6.24.0/lib/net6.0/System.IdentityModel.Tokens.Jwt.dll
                 Private = 'false'
                 HintPath = '/home/saidul/.nuget/packages/system.identitymodel.tokens.jwt/6.24.0/lib/net6.0/System.IdentityModel.Tokens.Jwt.dll'
             /home/saidul/.nuget/packages/system.io.pipelines/6.0.3/lib/net6.0/System.IO.Pipelines.dll
                 Private = 'false'
                 HintPath = '/home/saidul/.nuget/packages/system.io.pipelines/6.0.3/lib/net6.0/System.IO.Pipelines.dll'
             /home/saidul/.nuget/packages/system.memory.data/1.0.2/lib/netstandard2.0/System.Memory.Data.dll
                 Private = 'false'
                 HintPath = '/home/saidul/.nuget/packages/system.memory.data/1.0.2/lib/netstandard2.0/System.Memory.Data.dll'
             /home/saidul/.nuget/packages/system.security.cryptography.protecteddata/6.0.0/lib/net6.0/System.Security.Cryptography.ProtectedData.dll
                 Private = 'false'
                 HintPath = '/home/saidul/.nuget/packages/system.security.cryptography.protecteddata/6.0.0/lib/net6.0/System.Security.Cryptography.ProtectedData.dll'
             /usr/share/dotnet/packs/Microsoft.NETCore.App.Ref/8.0.21/ref/net8.0/Microsoft.CSharp.dll
                 Private = 'false'
             /usr/share/dotnet/packs/Microsoft.NETCore.App.Ref/8.0.21/ref/net8.0/Microsoft.VisualBasic.Core.dll
                 Private = 'false'
   9:8>Done executing task "ValidateExecutableReferences".
   8:8>ResolveAssemblyReferences:
             /usr/share/dotnet/packs/Microsoft.NETCore.App.Ref/8.0.21/ref/net8.0/Microsoft.VisualBasic.dll
                 Private = 'false'
   9:8>Done building target "ValidateExecutableReferences" in project "KChief.Platform.API.csproj".
   8:8>ResolveAssemblyReferences:
             /usr/share/dotnet/packs/Microsoft.NETCore.App.Ref/8.0.21/ref/net8.0/Microsoft.Win32.Primitives.dll
                 Private = 'false'
   9:8>Target "_GetProjectReferencePlatformProperties" skipped, due to false condition; ('$(EnableDynamicPlatformResolution)' == 'true'
                     and '@(_MSBuildProjectReferenceExistent)' != '') was evaluated as ('' == 'true'
                     and '../KChief.Platform.Core/KChief.Platform.Core.csproj;../KChief.DataAccess/KChief.DataAccess.csproj;../KChief.VesselControl/KChief.VesselControl.csproj;...' != '').
   8:8>ResolveAssemblyReferences:
             /usr/share/dotnet/packs/Microsoft.NETCore.App.Ref/8.0.21/ref/net8.0/Microsoft.Win32.Registry.dll
                 Private = 'false'
             /usr/share/dotnet/packs/Microsoft.NETCore.App.Ref/8.0.21/ref/net8.0/System.AppContext.dll
   9:8>Target "PrepareProjectReferences" in file "/usr/share/dotnet/sdk/8.0.415/Microsoft.Common.CurrentVersion.targets" from project "/home/saidul/Desktop/K-Chief Marine Automation Platform/src/KChief.Platform.API/KChief.Platform.API.csproj" (target "ResolveProjectReferences" depends on it):
   9:8>Done building target "PrepareProjectReferences" in project "KChief.Platform.API.csproj".
   8:8>ResolveAssemblyReferences:
                 Private = 'false'
             /usr/share/dotnet/packs/Microsoft.NETCore.App.Ref/8.0.21/ref/net8.0/System.Buffers.dll
   9:8>Target "ResolveProjectReferences" in file "/usr/share/dotnet/sdk/8.0.415/Microsoft.Common.CurrentVersion.targets" from project "/home/saidul/Desktop/K-Chief Marine Automation Platform/src/KChief.Platform.API/KChief.Platform.API.csproj" (target "ResolveReferences" depends on it):
   9:8>Task "MSBuild" skipped, due to false condition; ('%(_MSBuildProjectReferenceExistent.BuildReference)' == 'true' and '@(ProjectReferenceWithConfiguration)' != '' and ('$(BuildingInsideVisualStudio)' == 'true' or '$(BuildProjectReferences)' != 'true') and '$(VisualStudioVersion)' != '10.0' and '@(_MSBuildProjectReferenceExistent)' != '') was evaluated as ('true' == 'true' and '../KChief.Platform.Core/KChief.Platform.Core.csproj;../KChief.DataAccess/KChief.DataAccess.csproj;../KChief.VesselControl/KChief.VesselControl.csproj;...' != '' and ('' == 'true' or 'true' != 'true') and '17.0' != '10.0' and '../KChief.Platform.Core/KChief.Platform.Core.csproj;../KChief.DataAccess/KChief.DataAccess.csproj;../KChief.VesselControl/KChief.VesselControl.csproj;...' != '').
   8:8>ResolveAssemblyReferences:
                 Private = 'false'
             /usr/share/dotnet/packs/Microsoft.NETCore.App.Ref/8.0.21/ref/net8.0/System.Collections.Concurrent.dll
   9:8>Task "MSBuild"
   8:8>ResolveAssemblyReferences:
                 Private = 'false'
   9:8>ResolveProjectReferences:
         Global Properties:
   8:8>ResolveAssemblyReferences:
             /usr/share/dotnet/packs/Microsoft.NETCore.App.Ref/8.0.21/ref/net8.0/System.Collections.Immutable.dll
                 Private = 'false'
             /usr/share/dotnet/packs/Microsoft.NETCore.App.Ref/8.0.21/ref/net8.0/System.Collections.NonGeneric.dll
                 Private = 'false'
             /usr/share/dotnet/packs/Microsoft.NETCore.App.Ref/8.0.21/ref/net8.0/System.Collections.Specialized.dll
                 Private = 'false'
             /usr/share/dotnet/packs/Microsoft.NETCore.App.Ref/8.0.21/ref/net8.0/System.Collections.dll
                 Private = 'false'
   9:8>ResolveProjectReferences:
           Configuration=Release
   8:8>ResolveAssemblyReferences:
             /usr/share/dotnet/packs/Microsoft.NETCore.App.Ref/8.0.21/ref/net8.0/System.ComponentModel.Annotations.dll
   9:8>ResolveProjectReferences:
           Platform=AnyCPU
   8:8>ResolveAssemblyReferences:
                 Private = 'false'
   9:8>ResolveProjectReferences:
         Removing Properties:
   8:8>ResolveAssemblyReferences:
             /usr/share/dotnet/packs/Microsoft.NETCore.App.Ref/8.0.21/ref/net8.0/System.ComponentModel.DataAnnotations.dll
   9:8>ResolveProjectReferences:
           WebPublishProfileFile
   8:8>ResolveAssemblyReferences:
                 Private = 'false'
   9:8>ResolveProjectReferences:
         Removing Properties for project "../KChief.Platform.Core/KChief.Platform.Core.csproj":
   8:8>ResolveAssemblyReferences:
             /usr/share/dotnet/packs/Microsoft.NETCore.App.Ref/8.0.21/ref/net8.0/System.ComponentModel.EventBasedAsync.dll
   9:8>ResolveProjectReferences:
           TargetFramework
   8:8>ResolveAssemblyReferences:
                 Private = 'false'
   9:8>ResolveProjectReferences:
           RuntimeIdentifier
   8:8>ResolveAssemblyReferences:
             /usr/share/dotnet/packs/Microsoft.NETCore.App.Ref/8.0.21/ref/net8.0/System.ComponentModel.Primitives.dll
   9:8>ResolveProjectReferences:
           SelfContained
   8:8>ResolveAssemblyReferences:
                 Private = 'false'
             /usr/share/dotnet/packs/Microsoft.NETCore.App.Ref/8.0.21/ref/net8.0/System.ComponentModel.TypeConverter.dll
   9:8>ResolveProjectReferences:
         Removing Properties for project "../KChief.DataAccess/KChief.DataAccess.csproj":
   8:8>ResolveAssemblyReferences:
                 Private = 'false'
   9:8>ResolveProjectReferences:
           TargetFramework
   8:8>ResolveAssemblyReferences:
             /usr/share/dotnet/packs/Microsoft.NETCore.App.Ref/8.0.21/ref/net8.0/System.ComponentModel.dll
   9:8>ResolveProjectReferences:
           RuntimeIdentifier
   8:8>ResolveAssemblyReferences:
                 Private = 'false'
   9:8>ResolveProjectReferences:
           SelfContained
   8:8>ResolveAssemblyReferences:
             /usr/share/dotnet/packs/Microsoft.NETCore.App.Ref/8.0.21/ref/net8.0/System.Configuration.dll
   9:8>ResolveProjectReferences:
         Removing Properties for project "../KChief.VesselControl/KChief.VesselControl.csproj":
   8:8>ResolveAssemblyReferences:
                 Private = 'false'
   9:8>ResolveProjectReferences:
           TargetFramework
   8:8>ResolveAssemblyReferences:
             /usr/share/dotnet/packs/Microsoft.NETCore.App.Ref/8.0.21/ref/net8.0/System.Console.dll
   9:8>ResolveProjectReferences:
           RuntimeIdentifier
   8:8>ResolveAssemblyReferences:
                 Private = 'false'
   9:8>ResolveProjectReferences:
           SelfContained
   8:8>ResolveAssemblyReferences:
             /usr/share/dotnet/packs/Microsoft.NETCore.App.Ref/8.0.21/ref/net8.0/System.Core.dll
   9:8>ResolveProjectReferences:
         Removing Properties for project "../KChief.AlarmSystem/KChief.AlarmSystem.csproj":
   8:8>ResolveAssemblyReferences:
                 Private = 'false'
   9:8>ResolveProjectReferences:
           TargetFramework
   8:8>ResolveAssemblyReferences:
             /usr/share/dotnet/packs/Microsoft.NETCore.App.Ref/8.0.21/ref/net8.0/System.Data.Common.dll
   9:8>ResolveProjectReferences:
           RuntimeIdentifier
   8:8>ResolveAssemblyReferences:
                 Private = 'false'
   9:8>ResolveProjectReferences:
           SelfContained
   8:8>ResolveAssemblyReferences:
             /usr/share/dotnet/packs/Microsoft.NETCore.App.Ref/8.0.21/ref/net8.0/System.Data.DataSetExtensions.dll
   9:8>ResolveProjectReferences:
         Removing Properties for project "../KChief.Protocols.OPC/KChief.Protocols.OPC.csproj":
   8:8>ResolveAssemblyReferences:
                 Private = 'false'
   9:8>ResolveProjectReferences:
           TargetFramework
   8:8>ResolveAssemblyReferences:
             /usr/share/dotnet/packs/Microsoft.NETCore.App.Ref/8.0.21/ref/net8.0/System.Data.dll
   9:8>ResolveProjectReferences:
           RuntimeIdentifier
   8:8>ResolveAssemblyReferences:
                 Private = 'false'
   9:8>ResolveProjectReferences:
           SelfContained
   8:8>ResolveAssemblyReferences:
             /usr/share/dotnet/packs/Microsoft.NETCore.App.Ref/8.0.21/ref/net8.0/System.Diagnostics.Contracts.dll
                 Private = 'false'
   9:8>ResolveProjectReferences:
         Removing Properties for project "../KChief.Protocols.Modbus/KChief.Protocols.Modbus.csproj":
   8:8>ResolveAssemblyReferences:
             /usr/share/dotnet/packs/Microsoft.NETCore.App.Ref/8.0.21/ref/net8.0/System.Diagnostics.Debug.dll
   9:8>ResolveProjectReferences:
           TargetFramework
   8:8>ResolveAssemblyReferences:
                 Private = 'false'
   9:8>ResolveProjectReferences:
           RuntimeIdentifier
   8:8>ResolveAssemblyReferences:
             /usr/share/dotnet/packs/Microsoft.NETCore.App.Ref/8.0.21/ref/net8.0/System.Diagnostics.DiagnosticSource.dll
   9:8>ResolveProjectReferences:
           SelfContained
   8:8>ResolveAssemblyReferences:
                 Private = 'false'
             /usr/share/dotnet/packs/Microsoft.NETCore.App.Ref/8.0.21/ref/net8.0/System.Diagnostics.FileVersionInfo.dll
                 Private = 'false'
             /usr/share/dotnet/packs/Microsoft.NETCore.App.Ref/8.0.21/ref/net8.0/System.Diagnostics.Process.dll
                 Private = 'false'
             /usr/share/dotnet/packs/Microsoft.NETCore.App.Ref/8.0.21/ref/net8.0/System.Diagnostics.StackTrace.dll
                 Private = 'false'
             /usr/share/dotnet/packs/Microsoft.NETCore.App.Ref/8.0.21/ref/net8.0/System.Diagnostics.TextWriterTraceListener.dll
                 Private = 'false'
             /usr/share/dotnet/packs/Microsoft.NETCore.App.Ref/8.0.21/ref/net8.0/System.Diagnostics.Tools.dll
                 Private = 'false'
   9:8>Project "/home/saidul/Desktop/K-Chief Marine Automation Platform/src/KChief.Platform.API/KChief.Platform.API.csproj" (9:8) is building "/home/saidul/Desktop/K-Chief Marine Automation Platform/src/KChief.Platform.Core/KChief.Platform.Core.csproj" (10:32) on node 1 (default targets).
 10:32>Target "Build" skipped. Previously built successfully.
   8:8>ResolveAssemblyReferences:
             /usr/share/dotnet/packs/Microsoft.NETCore.App.Ref/8.0.21/ref/net8.0/System.Diagnostics.TraceSource.dll
 10:32>Done Building Project "/home/saidul/Desktop/K-Chief Marine Automation Platform/src/KChief.Platform.Core/KChief.Platform.Core.csproj" (default targets).
   8:8>ResolveAssemblyReferences:
                 Private = 'false'
             /usr/share/dotnet/packs/Microsoft.NETCore.App.Ref/8.0.21/ref/net8.0/System.Diagnostics.Tracing.dll
                 Private = 'false'
             /usr/share/dotnet/packs/Microsoft.NETCore.App.Ref/8.0.21/ref/net8.0/System.Drawing.Primitives.dll
                 Private = 'false'
             /usr/share/dotnet/packs/Microsoft.NETCore.App.Ref/8.0.21/ref/net8.0/System.Drawing.dll
                 Private = 'false'
             /usr/share/dotnet/packs/Microsoft.NETCore.App.Ref/8.0.21/ref/net8.0/System.Dynamic.Runtime.dll
                 Private = 'false'
             /usr/share/dotnet/packs/Microsoft.NETCore.App.Ref/8.0.21/ref/net8.0/System.Formats.Asn1.dll
                 Private = 'false'
             /usr/share/dotnet/packs/Microsoft.NETCore.App.Ref/8.0.21/ref/net8.0/System.Formats.Tar.dll
                 Private = 'false'
             /usr/share/dotnet/packs/Microsoft.NETCore.App.Ref/8.0.21/ref/net8.0/System.Globalization.Calendars.dll
                 Private = 'false'
             /usr/share/dotnet/packs/Microsoft.NETCore.App.Ref/8.0.21/ref/net8.0/System.Globalization.Extensions.dll
                 Private = 'false'
             /usr/share/dotnet/packs/Microsoft.NETCore.App.Ref/8.0.21/ref/net8.0/System.Globalization.dll
                 Private = 'false'
             /usr/share/dotnet/packs/Microsoft.NETCore.App.Ref/8.0.21/ref/net8.0/System.IO.Compression.Brotli.dll
                 Private = 'false'
             /usr/share/dotnet/packs/Microsoft.NETCore.App.Ref/8.0.21/ref/net8.0/System.IO.Compression.FileSystem.dll
                 Private = 'false'
             /usr/share/dotnet/packs/Microsoft.NETCore.App.Ref/8.0.21/ref/net8.0/System.IO.Compression.ZipFile.dll
                 Private = 'false'
             /usr/share/dotnet/packs/Microsoft.NETCore.App.Ref/8.0.21/ref/net8.0/System.IO.Compression.dll
                 Private = 'false'
             /usr/share/dotnet/packs/Microsoft.NETCore.App.Ref/8.0.21/ref/net8.0/System.IO.FileSystem.AccessControl.dll
                 Private = 'false'
             /usr/share/dotnet/packs/Microsoft.NETCore.App.Ref/8.0.21/ref/net8.0/System.IO.FileSystem.DriveInfo.dll
                 Private = 'false'
             /usr/share/dotnet/packs/Microsoft.NETCore.App.Ref/8.0.21/ref/net8.0/System.IO.FileSystem.Primitives.dll
                 Private = 'false'
             /usr/share/dotnet/packs/Microsoft.NETCore.App.Ref/8.0.21/ref/net8.0/System.IO.FileSystem.Watcher.dll
                 Private = 'false'
             /usr/share/dotnet/packs/Microsoft.NETCore.App.Ref/8.0.21/ref/net8.0/System.IO.FileSystem.dll
                 Private = 'false'
             /usr/share/dotnet/packs/Microsoft.NETCore.App.Ref/8.0.21/ref/net8.0/System.IO.IsolatedStorage.dll
                 Private = 'false'
             /usr/share/dotnet/packs/Microsoft.NETCore.App.Ref/8.0.21/ref/net8.0/System.IO.MemoryMappedFiles.dll
                 Private = 'false'
             /usr/share/dotnet/packs/Microsoft.NETCore.App.Ref/8.0.21/ref/net8.0/System.IO.Pipes.AccessControl.dll
                 Private = 'false'
             /usr/share/dotnet/packs/Microsoft.NETCore.App.Ref/8.0.21/ref/net8.0/System.IO.Pipes.dll
                 Private = 'false'
             /usr/share/dotnet/packs/Microsoft.NETCore.App.Ref/8.0.21/ref/net8.0/System.IO.UnmanagedMemoryStream.dll
                 Private = 'false'
             /usr/share/dotnet/packs/Microsoft.NETCore.App.Ref/8.0.21/ref/net8.0/System.IO.dll
                 Private = 'false'
             /usr/share/dotnet/packs/Microsoft.NETCore.App.Ref/8.0.21/ref/net8.0/System.Linq.Expressions.dll
                 Private = 'false'
             /usr/share/dotnet/packs/Microsoft.NETCore.App.Ref/8.0.21/ref/net8.0/System.Linq.Parallel.dll
                 Private = 'false'
             /usr/share/dotnet/packs/Microsoft.NETCore.App.Ref/8.0.21/ref/net8.0/System.Linq.Queryable.dll
                 Private = 'false'
             /usr/share/dotnet/packs/Microsoft.NETCore.App.Ref/8.0.21/ref/net8.0/System.Linq.dll
                 Private = 'false'
             /usr/share/dotnet/packs/Microsoft.NETCore.App.Ref/8.0.21/ref/net8.0/System.Memory.dll
                 Private = 'false'
             /usr/share/dotnet/packs/Microsoft.NETCore.App.Ref/8.0.21/ref/net8.0/System.Net.Http.Json.dll
                 Private = 'false'
             /usr/share/dotnet/packs/Microsoft.NETCore.App.Ref/8.0.21/ref/net8.0/System.Net.Http.dll
                 Private = 'false'
             /usr/share/dotnet/packs/Microsoft.NETCore.App.Ref/8.0.21/ref/net8.0/System.Net.HttpListener.dll
                 Private = 'false'
             /usr/share/dotnet/packs/Microsoft.NETCore.App.Ref/8.0.21/ref/net8.0/System.Net.Mail.dll
                 Private = 'false'
             /usr/share/dotnet/packs/Microsoft.NETCore.App.Ref/8.0.21/ref/net8.0/System.Net.NameResolution.dll
                 Private = 'false'
             /usr/share/dotnet/packs/Microsoft.NETCore.App.Ref/8.0.21/ref/net8.0/System.Net.NetworkInformation.dll
                 Private = 'false'
             /usr/share/dotnet/packs/Microsoft.NETCore.App.Ref/8.0.21/ref/net8.0/System.Net.Ping.dll
                 Private = 'false'
             /usr/share/dotnet/packs/Microsoft.NETCore.App.Ref/8.0.21/ref/net8.0/System.Net.Primitives.dll
                 Private = 'false'
             /usr/share/dotnet/packs/Microsoft.NETCore.App.Ref/8.0.21/ref/net8.0/System.Net.Quic.dll
                 Private = 'false'
             /usr/share/dotnet/packs/Microsoft.NETCore.App.Ref/8.0.21/ref/net8.0/System.Net.Requests.dll
                 Private = 'false'
             /usr/share/dotnet/packs/Microsoft.NETCore.App.Ref/8.0.21/ref/net8.0/System.Net.Security.dll
                 Private = 'false'
             /usr/share/dotnet/packs/Microsoft.NETCore.App.Ref/8.0.21/ref/net8.0/System.Net.ServicePoint.dll
                 Private = 'false'
             /usr/share/dotnet/packs/Microsoft.NETCore.App.Ref/8.0.21/ref/net8.0/System.Net.Sockets.dll
                 Private = 'false'
             /usr/share/dotnet/packs/Microsoft.NETCore.App.Ref/8.0.21/ref/net8.0/System.Net.WebClient.dll
                 Private = 'false'
             /usr/share/dotnet/packs/Microsoft.NETCore.App.Ref/8.0.21/ref/net8.0/System.Net.WebHeaderCollection.dll
                 Private = 'false'
             /usr/share/dotnet/packs/Microsoft.NETCore.App.Ref/8.0.21/ref/net8.0/System.Net.WebProxy.dll
                 Private = 'false'
             /usr/share/dotnet/packs/Microsoft.NETCore.App.Ref/8.0.21/ref/net8.0/System.Net.WebSockets.Client.dll
                 Private = 'false'
             /usr/share/dotnet/packs/Microsoft.NETCore.App.Ref/8.0.21/ref/net8.0/System.Net.WebSockets.dll
                 Private = 'false'
             /usr/share/dotnet/packs/Microsoft.NETCore.App.Ref/8.0.21/ref/net8.0/System.Net.dll
                 Private = 'false'
             /usr/share/dotnet/packs/Microsoft.NETCore.App.Ref/8.0.21/ref/net8.0/System.Numerics.Vectors.dll
                 Private = 'false'
             /usr/share/dotnet/packs/Microsoft.NETCore.App.Ref/8.0.21/ref/net8.0/System.Numerics.dll
                 Private = 'false'
             /usr/share/dotnet/packs/Microsoft.NETCore.App.Ref/8.0.21/ref/net8.0/System.ObjectModel.dll
                 Private = 'false'
             /usr/share/dotnet/packs/Microsoft.NETCore.App.Ref/8.0.21/ref/net8.0/System.Reflection.DispatchProxy.dll
                 Private = 'false'
             /usr/share/dotnet/packs/Microsoft.NETCore.App.Ref/8.0.21/ref/net8.0/System.Reflection.Emit.ILGeneration.dll
                 Private = 'false'
             /usr/share/dotnet/packs/Microsoft.NETCore.App.Ref/8.0.21/ref/net8.0/System.Reflection.Emit.Lightweight.dll
                 Private = 'false'
             /usr/share/dotnet/packs/Microsoft.NETCore.App.Ref/8.0.21/ref/net8.0/System.Reflection.Emit.dll
                 Private = 'false'
             /usr/share/dotnet/packs/Microsoft.NETCore.App.Ref/8.0.21/ref/net8.0/System.Reflection.Extensions.dll
                 Private = 'false'
             /usr/share/dotnet/packs/Microsoft.NETCore.App.Ref/8.0.21/ref/net8.0/System.Reflection.Metadata.dll
                 Private = 'false'
             /usr/share/dotnet/packs/Microsoft.NETCore.App.Ref/8.0.21/ref/net8.0/System.Reflection.Primitives.dll
                 Private = 'false'
             /usr/share/dotnet/packs/Microsoft.NETCore.App.Ref/8.0.21/ref/net8.0/System.Reflection.TypeExtensions.dll
                 Private = 'false'
             /usr/share/dotnet/packs/Microsoft.NETCore.App.Ref/8.0.21/ref/net8.0/System.Reflection.dll
                 Private = 'false'
             /usr/share/dotnet/packs/Microsoft.NETCore.App.Ref/8.0.21/ref/net8.0/System.Resources.Reader.dll
                 Private = 'false'
             /usr/share/dotnet/packs/Microsoft.NETCore.App.Ref/8.0.21/ref/net8.0/System.Resources.ResourceManager.dll
                 Private = 'false'
             /usr/share/dotnet/packs/Microsoft.NETCore.App.Ref/8.0.21/ref/net8.0/System.Resources.Writer.dll
                 Private = 'false'
             /usr/share/dotnet/packs/Microsoft.NETCore.App.Ref/8.0.21/ref/net8.0/System.Runtime.CompilerServices.Unsafe.dll
                 Private = 'false'
             /usr/share/dotnet/packs/Microsoft.NETCore.App.Ref/8.0.21/ref/net8.0/System.Runtime.CompilerServices.VisualC.dll
                 Private = 'false'
             /usr/share/dotnet/packs/Microsoft.NETCore.App.Ref/8.0.21/ref/net8.0/System.Runtime.Extensions.dll
                 Private = 'false'
             /usr/share/dotnet/packs/Microsoft.NETCore.App.Ref/8.0.21/ref/net8.0/System.Runtime.Handles.dll
                 Private = 'false'
             /usr/share/dotnet/packs/Microsoft.NETCore.App.Ref/8.0.21/ref/net8.0/System.Runtime.InteropServices.JavaScript.dll
                 Private = 'false'
             /usr/share/dotnet/packs/Microsoft.NETCore.App.Ref/8.0.21/ref/net8.0/System.Runtime.InteropServices.RuntimeInformation.dll
                 Private = 'false'
             /usr/share/dotnet/packs/Microsoft.NETCore.App.Ref/8.0.21/ref/net8.0/System.Runtime.InteropServices.dll
                 Private = 'false'
             /usr/share/dotnet/packs/Microsoft.NETCore.App.Ref/8.0.21/ref/net8.0/System.Runtime.Intrinsics.dll
                 Private = 'false'
             /usr/share/dotnet/packs/Microsoft.NETCore.App.Ref/8.0.21/ref/net8.0/System.Runtime.Loader.dll
                 Private = 'false'
             /usr/share/dotnet/packs/Microsoft.NETCore.App.Ref/8.0.21/ref/net8.0/System.Runtime.Numerics.dll
                 Private = 'false'
             /usr/share/dotnet/packs/Microsoft.NETCore.App.Ref/8.0.21/ref/net8.0/System.Runtime.Serialization.Formatters.dll
                 Private = 'false'
             /usr/share/dotnet/packs/Microsoft.NETCore.App.Ref/8.0.21/ref/net8.0/System.Runtime.Serialization.Json.dll
                 Private = 'false'
             /usr/share/dotnet/packs/Microsoft.NETCore.App.Ref/8.0.21/ref/net8.0/System.Runtime.Serialization.Primitives.dll
                 Private = 'false'
             /usr/share/dotnet/packs/Microsoft.NETCore.App.Ref/8.0.21/ref/net8.0/System.Runtime.Serialization.Xml.dll
                 Private = 'false'
             /usr/share/dotnet/packs/Microsoft.NETCore.App.Ref/8.0.21/ref/net8.0/System.Runtime.Serialization.dll
                 Private = 'false'
             /usr/share/dotnet/packs/Microsoft.NETCore.App.Ref/8.0.21/ref/net8.0/System.Runtime.dll
                 Private = 'false'
             /usr/share/dotnet/packs/Microsoft.NETCore.App.Ref/8.0.21/ref/net8.0/System.Security.AccessControl.dll
                 Private = 'false'
             /usr/share/dotnet/packs/Microsoft.NETCore.App.Ref/8.0.21/ref/net8.0/System.Security.Claims.dll
                 Private = 'false'
             /usr/share/dotnet/packs/Microsoft.NETCore.App.Ref/8.0.21/ref/net8.0/System.Security.Cryptography.Algorithms.dll
                 Private = 'false'
             /usr/share/dotnet/packs/Microsoft.NETCore.App.Ref/8.0.21/ref/net8.0/System.Security.Cryptography.Cng.dll
                 Private = 'false'
             /usr/share/dotnet/packs/Microsoft.NETCore.App.Ref/8.0.21/ref/net8.0/System.Security.Cryptography.Csp.dll
                 Private = 'false'
             /usr/share/dotnet/packs/Microsoft.NETCore.App.Ref/8.0.21/ref/net8.0/System.Security.Cryptography.Encoding.dll
                 Private = 'false'
             /usr/share/dotnet/packs/Microsoft.NETCore.App.Ref/8.0.21/ref/net8.0/System.Security.Cryptography.OpenSsl.dll
                 Private = 'false'
             /usr/share/dotnet/packs/Microsoft.NETCore.App.Ref/8.0.21/ref/net8.0/System.Security.Cryptography.Primitives.dll
                 Private = 'false'
             /usr/share/dotnet/packs/Microsoft.NETCore.App.Ref/8.0.21/ref/net8.0/System.Security.Cryptography.X509Certificates.dll
                 Private = 'false'
             /usr/share/dotnet/packs/Microsoft.NETCore.App.Ref/8.0.21/ref/net8.0/System.Security.Cryptography.dll
                 Private = 'false'
             /usr/share/dotnet/packs/Microsoft.NETCore.App.Ref/8.0.21/ref/net8.0/System.Security.Principal.Windows.dll
                 Private = 'false'
             /usr/share/dotnet/packs/Microsoft.NETCore.App.Ref/8.0.21/ref/net8.0/System.Security.Principal.dll
                 Private = 'false'
             /usr/share/dotnet/packs/Microsoft.NETCore.App.Ref/8.0.21/ref/net8.0/System.Security.SecureString.dll
                 Private = 'false'
             /usr/share/dotnet/packs/Microsoft.NETCore.App.Ref/8.0.21/ref/net8.0/System.Security.dll
                 Private = 'false'
             /usr/share/dotnet/packs/Microsoft.NETCore.App.Ref/8.0.21/ref/net8.0/System.ServiceModel.Web.dll
                 Private = 'false'
             /usr/share/dotnet/packs/Microsoft.NETCore.App.Ref/8.0.21/ref/net8.0/System.ServiceProcess.dll
                 Private = 'false'
             /usr/share/dotnet/packs/Microsoft.NETCore.App.Ref/8.0.21/ref/net8.0/System.Text.Encoding.CodePages.dll
                 Private = 'false'
             /usr/share/dotnet/packs/Microsoft.NETCore.App.Ref/8.0.21/ref/net8.0/System.Text.Encoding.Extensions.dll
                 Private = 'false'
             /usr/share/dotnet/packs/Microsoft.NETCore.App.Ref/8.0.21/ref/net8.0/System.Text.Encoding.dll
                 Private = 'false'
             /usr/share/dotnet/packs/Microsoft.NETCore.App.Ref/8.0.21/ref/net8.0/System.Text.Encodings.Web.dll
                 Private = 'false'
             /usr/share/dotnet/packs/Microsoft.NETCore.App.Ref/8.0.21/ref/net8.0/System.Text.Json.dll
                 Private = 'false'
             /usr/share/dotnet/packs/Microsoft.NETCore.App.Ref/8.0.21/ref/net8.0/System.Text.RegularExpressions.dll
                 Private = 'false'
             /usr/share/dotnet/packs/Microsoft.NETCore.App.Ref/8.0.21/ref/net8.0/System.Threading.Channels.dll
                 Private = 'false'
             /usr/share/dotnet/packs/Microsoft.NETCore.App.Ref/8.0.21/ref/net8.0/System.Threading.Overlapped.dll
                 Private = 'false'
             /usr/share/dotnet/packs/Microsoft.NETCore.App.Ref/8.0.21/ref/net8.0/System.Threading.Tasks.Dataflow.dll
                 Private = 'false'
             /usr/share/dotnet/packs/Microsoft.NETCore.App.Ref/8.0.21/ref/net8.0/System.Threading.Tasks.Extensions.dll
                 Private = 'false'
             /usr/share/dotnet/packs/Microsoft.NETCore.App.Ref/8.0.21/ref/net8.0/System.Threading.Tasks.Parallel.dll
                 Private = 'false'
             /usr/share/dotnet/packs/Microsoft.NETCore.App.Ref/8.0.21/ref/net8.0/System.Threading.Tasks.dll
                 Private = 'false'
             /usr/share/dotnet/packs/Microsoft.NETCore.App.Ref/8.0.21/ref/net8.0/System.Threading.Thread.dll
                 Private = 'false'
             /usr/share/dotnet/packs/Microsoft.NETCore.App.Ref/8.0.21/ref/net8.0/System.Threading.ThreadPool.dll
                 Private = 'false'
             /usr/share/dotnet/packs/Microsoft.NETCore.App.Ref/8.0.21/ref/net8.0/System.Threading.Timer.dll
                 Private = 'false'
             /usr/share/dotnet/packs/Microsoft.NETCore.App.Ref/8.0.21/ref/net8.0/System.Threading.dll
                 Private = 'false'
             /usr/share/dotnet/packs/Microsoft.NETCore.App.Ref/8.0.21/ref/net8.0/System.Transactions.Local.dll
                 Private = 'false'
             /usr/share/dotnet/packs/Microsoft.NETCore.App.Ref/8.0.21/ref/net8.0/System.Transactions.dll
                 Private = 'false'
             /usr/share/dotnet/packs/Microsoft.NETCore.App.Ref/8.0.21/ref/net8.0/System.ValueTuple.dll
                 Private = 'false'
             /usr/share/dotnet/packs/Microsoft.NETCore.App.Ref/8.0.21/ref/net8.0/System.Web.HttpUtility.dll
                 Private = 'false'
             /usr/share/dotnet/packs/Microsoft.NETCore.App.Ref/8.0.21/ref/net8.0/System.Web.dll
                 Private = 'false'
             /usr/share/dotnet/packs/Microsoft.NETCore.App.Ref/8.0.21/ref/net8.0/System.Windows.dll
                 Private = 'false'
             /usr/share/dotnet/packs/Microsoft.NETCore.App.Ref/8.0.21/ref/net8.0/System.Xml.Linq.dll
                 Private = 'false'
             /usr/share/dotnet/packs/Microsoft.NETCore.App.Ref/8.0.21/ref/net8.0/System.Xml.ReaderWriter.dll
                 Private = 'false'
             /usr/share/dotnet/packs/Microsoft.NETCore.App.Ref/8.0.21/ref/net8.0/System.Xml.Serialization.dll
                 Private = 'false'
             /usr/share/dotnet/packs/Microsoft.NETCore.App.Ref/8.0.21/ref/net8.0/System.Xml.XDocument.dll
                 Private = 'false'
             /usr/share/dotnet/packs/Microsoft.NETCore.App.Ref/8.0.21/ref/net8.0/System.Xml.XPath.XDocument.dll
                 Private = 'false'
             /usr/share/dotnet/packs/Microsoft.NETCore.App.Ref/8.0.21/ref/net8.0/System.Xml.XPath.dll
                 Private = 'false'
             /usr/share/dotnet/packs/Microsoft.NETCore.App.Ref/8.0.21/ref/net8.0/System.Xml.XmlDocument.dll
                 Private = 'false'
             /usr/share/dotnet/packs/Microsoft.NETCore.App.Ref/8.0.21/ref/net8.0/System.Xml.XmlSerializer.dll
                 Private = 'false'
             /usr/share/dotnet/packs/Microsoft.NETCore.App.Ref/8.0.21/ref/net8.0/System.Xml.dll
                 Private = 'false'
             /usr/share/dotnet/packs/Microsoft.NETCore.App.Ref/8.0.21/ref/net8.0/System.dll
                 Private = 'false'
             /usr/share/dotnet/packs/Microsoft.NETCore.App.Ref/8.0.21/ref/net8.0/WindowsBase.dll
                 Private = 'false'
             /usr/share/dotnet/packs/Microsoft.NETCore.App.Ref/8.0.21/ref/net8.0/mscorlib.dll
                 Private = 'false'
             /usr/share/dotnet/packs/Microsoft.NETCore.App.Ref/8.0.21/ref/net8.0/netstandard.dll
                 Private = 'false'
         AssemblyFiles:
             /home/saidul/Desktop/K-Chief Marine Automation Platform/src/KChief.Platform.Core/bin/Release/net8.0/KChief.Platform.Core.dll
         CandidateAssemblyFiles:
         TargetFrameworkDirectories:
             
         InstalledAssemblyTables:
         IgnoreInstalledAssemblyTable:
             False
         SearchPaths:
             {CandidateAssemblyFiles}
             {HintPathFromItem}
             {TargetFrameworkDirectory}
             {RawFileName}
         AllowedAssemblyExtensions:
             .winmd
             .dll
             .exe
         AllowedRelatedFileExtensions:
             .pdb
             .xml
             .pri
             .dll.config
             .exe.config
         AppConfigFile:
             
         AutoUnify:
             True
         CopyLocalDependenciesWhenParentReferenceInGac:
             True
         FindDependencies:
             True
         TargetProcessorArchitecture:
             msil
         StateFile:
             obj/Release/net8.0/KChief.DataAccess.csproj.AssemblyReference.cache
         InstalledAssemblySubsetTables:
         IgnoreInstalledAssemblySubsetTable:
             False
         TargetFrameworkSubsets:
         FullTargetFrameworkSubsetNames:
             Full
         ProfileName:
             
         FullFrameworkFolders:
         LatestTargetFrameworkDirectories:
         ProfileTablesLocation:
         Primary reference "KChief.Platform.Core, Version=1.0.0.0, Culture=neutral, PublicKeyToken=null".
             Resolved file path is "/home/saidul/Desktop/K-Chief Marine Automation Platform/src/KChief.Platform.Core/bin/Release/net8.0/KChief.Platform.Core.dll".
             Reference found at search path location "/home/saidul/Desktop/K-Chief Marine Automation Platform/src/KChief.Platform.Core/bin/Release/net8.0/KChief.Platform.Core.dll".
             Found related file "/home/saidul/Desktop/K-Chief Marine Automation Platform/src/KChief.Platform.Core/bin/Release/net8.0/KChief.Platform.Core.pdb".
             The ImageRuntimeVersion for this reference is "".
         Primary reference "Azure.Core, Version=1.25.0.0, Culture=neutral, PublicKeyToken=92742159e12e44c8".
             Resolved file path is "/home/saidul/.nuget/packages/azure.core/1.25.0/lib/net5.0/Azure.Core.dll".
             Reference found at search path location "{HintPathFromItem}".
   7:7>Target "ResolveFrameworkReferences" in file "/usr/share/dotnet/sdk/8.0.415/Sdks/Microsoft.NET.Sdk/targets/Microsoft.NET.Sdk.FrameworkReferenceResolution.targets" from project "/home/saidul/Desktop/K-Chief Marine Automation Platform/src/KChief.AlarmSystem/KChief.AlarmSystem.csproj" (target "ResolveTargetingPackAssets" depends on it):
   7:7>Using "GetPackageDirectory" task from assembly "/usr/share/dotnet/sdk/8.0.415/Sdks/Microsoft.NET.Sdk/targets/../tools/net8.0/Microsoft.NET.Build.Tasks.dll".
   8:8>ResolveAssemblyReferences:
             This reference is not "CopyLocal" because at least one source item had "Private" set to "false" and no source items had "Private" set to "true".
             The ImageRuntimeVersion for this reference is "".
   5:7>Done executing task "MSBuild".
   7:7>Task "GetPackageDirectory"
   8:8>ResolveAssemblyReferences:
         Primary reference "Azure.Identity, Version=1.7.0.0, Culture=neutral, PublicKeyToken=92742159e12e44c8".
             Resolved file path is "/home/saidul/.nuget/packages/azure.identity/1.7.0/lib/netstandard2.0/Azure.Identity.dll".
   7:7>Done executing task "GetPackageDirectory".
   8:8>ResolveAssemblyReferences:
             Reference found at search path location "{HintPathFromItem}".
   5:7>Task "MSBuild"
   7:7>Task "GetPackageDirectory"
   8:8>ResolveAssemblyReferences:
             This reference is not "CopyLocal" because at least one source item had "Private" set to "false" and no source items had "Private" set to "true".
   7:7>Done executing task "GetPackageDirectory".
   8:8>ResolveAssemblyReferences:
             The ImageRuntimeVersion for this reference is "".
   7:7>Task "GetPackageDirectory"
   8:8>ResolveAssemblyReferences:
         Primary reference "FluentValidation, Version=11.0.0.0, Culture=neutral, PublicKeyToken=7de548da2fbae0f0".
   7:7>Done executing task "GetPackageDirectory".
   8:8>ResolveAssemblyReferences:
             Resolved file path is "/home/saidul/.nuget/packages/fluentvalidation/11.9.0/lib/net8.0/FluentValidation.dll".
             Reference found at search path location "{HintPathFromItem}".
   7:7>Task "GetPackageDirectory"
   8:8>ResolveAssemblyReferences:
             This reference is not "CopyLocal" because at least one source item had "Private" set to "false" and no source items had "Private" set to "true".
   7:7>Done executing task "GetPackageDirectory".
   8:8>ResolveAssemblyReferences:
             The ImageRuntimeVersion for this reference is "".
   7:7>Task "GetPackageDirectory"
   8:8>ResolveAssemblyReferences:
         Primary reference "Humanizer, Version=2.14.0.0, Culture=neutral, PublicKeyToken=979442b78dfc278e".
             Resolved file path is "/home/saidul/.nuget/packages/humanizer.core/2.14.1/lib/net6.0/Humanizer.dll".
   7:7>Done executing task "GetPackageDirectory".
   8:8>ResolveAssemblyReferences:
             Reference found at search path location "{HintPathFromItem}".
             This reference is not "CopyLocal" because at least one source item had "Private" set to "false" and no source items had "Private" set to "true".
   7:7>Task "GetPackageDirectory"
   8:8>ResolveAssemblyReferences:
             The ImageRuntimeVersion for this reference is "".
   7:7>Done executing task "GetPackageDirectory".
   8:8>ResolveAssemblyReferences:
         Primary reference "Microsoft.AspNetCore.Http.Abstractions, Version=2.2.0.0, Culture=neutral, PublicKeyToken=adb9793829ddae60".
   7:7>Task "GetPackageDirectory"
   8:8>ResolveAssemblyReferences:
             Resolved file path is "/home/saidul/.nuget/packages/microsoft.aspnetcore.http.abstractions/2.2.0/lib/netstandard2.0/Microsoft.AspNetCore.Http.Abstractions.dll".
   7:7>Done executing task "GetPackageDirectory".
   8:8>ResolveAssemblyReferences:
             Reference found at search path location "{HintPathFromItem}".
   7:7>Task "GetPackageDirectory"
   8:8>ResolveAssemblyReferences:
             This reference is not "CopyLocal" because at least one source item had "Private" set to "false" and no source items had "Private" set to "true".
   7:7>Done executing task "GetPackageDirectory".
   8:8>ResolveAssemblyReferences:
             The ImageRuntimeVersion for this reference is "".
   7:7>Task "GetPackageDirectory"
   8:8>ResolveAssemblyReferences:
         Primary reference "Microsoft.AspNetCore.Http.Features, Version=2.2.0.0, Culture=neutral, PublicKeyToken=adb9793829ddae60".
   7:7>Done executing task "GetPackageDirectory".
   8:8>ResolveAssemblyReferences:
             Resolved file path is "/home/saidul/.nuget/packages/microsoft.aspnetcore.http.features/2.2.0/lib/netstandard2.0/Microsoft.AspNetCore.Http.Features.dll".
   7:7>Task "GetPackageDirectory"
   8:8>ResolveAssemblyReferences:
             Reference found at search path location "{HintPathFromItem}".
   7:7>Done executing task "GetPackageDirectory".
   8:8>ResolveAssemblyReferences:
             This reference is not "CopyLocal" because at least one source item had "Private" set to "false" and no source items had "Private" set to "true".
   7:7>ResolveFrameworkReferences:
       Using "ResolveFrameworkReferences" task from assembly "/usr/share/dotnet/sdk/8.0.415/Sdks/Microsoft.NET.Sdk/targets/../tools/net8.0/Microsoft.NET.Build.Tasks.dll".
   8:8>ResolveAssemblyReferences:
             The ImageRuntimeVersion for this reference is "".
   7:7>Task "ResolveFrameworkReferences"
   8:8>ResolveAssemblyReferences:
         Primary reference "Microsoft.Bcl.AsyncInterfaces, Version=6.0.0.0, Culture=neutral, PublicKeyToken=cc7b13ffcd2ddd51".
   7:7>Done executing task "ResolveFrameworkReferences".
   8:8>ResolveAssemblyReferences:
             Resolved file path is "/home/saidul/.nuget/packages/microsoft.bcl.asyncinterfaces/6.0.0/lib/netstandard2.1/Microsoft.Bcl.AsyncInterfaces.dll".
             Reference found at search path location "{HintPathFromItem}".
   7:7>Done building target "ResolveFrameworkReferences" in project "KChief.AlarmSystem.csproj".
   8:8>ResolveAssemblyReferences:
             This reference is not "CopyLocal" because at least one source item had "Private" set to "false" and no source items had "Private" set to "true".
             The ImageRuntimeVersion for this reference is "".
   7:7>Target "ResolveTargetingPackAssets" in file "/usr/share/dotnet/sdk/8.0.415/Sdks/Microsoft.NET.Sdk/targets/Microsoft.NET.Sdk.FrameworkReferenceResolution.targets" from project "/home/saidul/Desktop/K-Chief Marine Automation Platform/src/KChief.AlarmSystem/KChief.AlarmSystem.csproj" (target "_HandlePackageFileConflicts" depends on it):
   7:7>Using "ResolveTargetingPackAssets" task from assembly "/usr/share/dotnet/sdk/8.0.415/Sdks/Microsoft.NET.Sdk/targets/../tools/net8.0/Microsoft.NET.Build.Tasks.dll".
   8:8>ResolveAssemblyReferences:
         Primary reference "Microsoft.CodeAnalysis, Version=4.5.0.0, Culture=neutral, PublicKeyToken=31bf3856ad364e35".
   7:7>Task "ResolveTargetingPackAssets"
   8:8>ResolveAssemblyReferences:
             Resolved file path is "/home/saidul/.nuget/packages/microsoft.codeanalysis.common/4.5.0/lib/netcoreapp3.1/Microsoft.CodeAnalysis.dll".
             Reference found at search path location "{HintPathFromItem}".
             This reference is not "CopyLocal" because at least one source item had "Private" set to "false" and no source items had "Private" set to "true".
             The ImageRuntimeVersion for this reference is "".
         Primary reference "Microsoft.CodeAnalysis.CSharp, Version=4.5.0.0, Culture=neutral, PublicKeyToken=31bf3856ad364e35".
             Resolved file path is "/home/saidul/.nuget/packages/microsoft.codeanalysis.csharp/4.5.0/lib/netcoreapp3.1/Microsoft.CodeAnalysis.CSharp.dll".
             Reference found at search path location "{HintPathFromItem}".
             This reference is not "CopyLocal" because at least one source item had "Private" set to "false" and no source items had "Private" set to "true".
             The ImageRuntimeVersion for this reference is "".
         Primary reference "Microsoft.CodeAnalysis.CSharp.Workspaces, Version=4.5.0.0, Culture=neutral, PublicKeyToken=31bf3856ad364e35".
             Resolved file path is "/home/saidul/.nuget/packages/microsoft.codeanalysis.csharp.workspaces/4.5.0/lib/netcoreapp3.1/Microsoft.CodeAnalysis.CSharp.Workspaces.dll".
             Reference found at search path location "{HintPathFromItem}".
             This reference is not "CopyLocal" because at least one source item had "Private" set to "false" and no source items had "Private" set to "true".
             The ImageRuntimeVersion for this reference is "".
         Primary reference "Microsoft.CodeAnalysis.Workspaces, Version=4.5.0.0, Culture=neutral, PublicKeyToken=31bf3856ad364e35".
             Resolved file path is "/home/saidul/.nuget/packages/microsoft.codeanalysis.workspaces.common/4.5.0/lib/netcoreapp3.1/Microsoft.CodeAnalysis.Workspaces.dll".
             Reference found at search path location "{HintPathFromItem}".
             This reference is not "CopyLocal" because at least one source item had "Private" set to "false" and no source items had "Private" set to "true".
             The ImageRuntimeVersion for this reference is "".
         Primary reference "Microsoft.Data.SqlClient, Version=5.0.0.0, Culture=neutral, PublicKeyToken=23ec7fc2d6eaa4a5".
   5:7>ResolveProjectReferences:
         Global Properties:
   8:8>ResolveAssemblyReferences:
             Resolved file path is "/home/saidul/.nuget/packages/microsoft.data.sqlclient/5.1.1/ref/net6.0/Microsoft.Data.SqlClient.dll".
             Reference found at search path location "{HintPathFromItem}".
   5:7>ResolveProjectReferences:
           Configuration=Release
   8:8>ResolveAssemblyReferences:
             This reference is not "CopyLocal" because at least one source item had "Private" set to "false" and no source items had "Private" set to "true".
   5:7>ResolveProjectReferences:
           Platform=AnyCPU
   8:8>ResolveAssemblyReferences:
             The ImageRuntimeVersion for this reference is "".
   5:7>ResolveProjectReferences:
         Removing Properties for project "../KChief.Platform.Core/KChief.Platform.Core.csproj":
           TargetFramework
   8:8>ResolveAssemblyReferences:
         Primary reference "Microsoft.Data.Sqlite, Version=8.0.0.0, Culture=neutral, PublicKeyToken=adb9793829ddae60".
   5:7>ResolveProjectReferences:
           RuntimeIdentifier
   8:8>ResolveAssemblyReferences:
             Resolved file path is "/home/saidul/.nuget/packages/microsoft.data.sqlite.core/8.0.0/lib/net8.0/Microsoft.Data.Sqlite.dll".
   5:7>ResolveProjectReferences:
           SelfContained
   8:8>ResolveAssemblyReferences:
             Reference found at search path location "{HintPathFromItem}".
             This reference is not "CopyLocal" because at least one source item had "Private" set to "false" and no source items had "Private" set to "true".
             The ImageRuntimeVersion for this reference is "".
         Primary reference "Microsoft.EntityFrameworkCore, Version=8.0.0.0, Culture=neutral, PublicKeyToken=adb9793829ddae60".
             Resolved file path is "/home/saidul/.nuget/packages/microsoft.entityframeworkcore/8.0.0/lib/net8.0/Microsoft.EntityFrameworkCore.dll".
   5:7>Project "/home/saidul/Desktop/K-Chief Marine Automation Platform/src/KChief.Protocols.OPC/KChief.Protocols.OPC.csproj" (5:7) is building "/home/saidul/Desktop/K-Chief Marine Automation Platform/src/KChief.Platform.Core/KChief.Platform.Core.csproj" (10:33) on node 1 (GetNativeManifest target(s)).
 10:33>Target "GetNativeManifest" skipped. Previously built successfully.
 10:33>Done Building Project "/home/saidul/Desktop/K-Chief Marine Automation Platform/src/KChief.Platform.Core/KChief.Platform.Core.csproj" (GetNativeManifest target(s)).
   8:8>ResolveAssemblyReferences:
             Reference found at search path location "{HintPathFromItem}".
             This reference is not "CopyLocal" because at least one source item had "Private" set to "false" and no source items had "Private" set to "true".
             The ImageRuntimeVersion for this reference is "".
   4:7>Done executing task "ResolveFrameworkReferences".
   8:8>ResolveAssemblyReferences:
         Primary reference "Microsoft.EntityFrameworkCore.Abstractions, Version=8.0.0.0, Culture=neutral, PublicKeyToken=adb9793829ddae60".
   4:7>Done building target "ResolveFrameworkReferences" in project "KChief.Protocols.Modbus.csproj".
   8:8>ResolveAssemblyReferences:
             Resolved file path is "/home/saidul/.nuget/packages/microsoft.entityframeworkcore.abstractions/8.0.0/lib/net8.0/Microsoft.EntityFrameworkCore.Abstractions.dll".
             Reference found at search path location "{HintPathFromItem}".
             This reference is not "CopyLocal" because at least one source item had "Private" set to "false" and no source items had "Private" set to "true".
   7:7>Done executing task "ResolveTargetingPackAssets".
   8:8>ResolveAssemblyReferences:
             The ImageRuntimeVersion for this reference is "".
         Primary reference "Microsoft.EntityFrameworkCore.Design, Version=8.0.0.0, Culture=neutral, PublicKeyToken=adb9793829ddae60".
             Resolved file path is "/home/saidul/.nuget/packages/microsoft.entityframeworkcore.design/8.0.0/lib/net8.0/Microsoft.EntityFrameworkCore.Design.dll".
             Reference found at search path location "{HintPathFromItem}".
   7:7>Done building target "ResolveTargetingPackAssets" in project "KChief.AlarmSystem.csproj".
   8:8>ResolveAssemblyReferences:
             This reference is not "CopyLocal" because at least one source item had "Private" set to "false" and no source items had "Private" set to "true".
             The ImageRuntimeVersion for this reference is "".
   4:7>Target "ResolveTargetingPackAssets" in file "/usr/share/dotnet/sdk/8.0.415/Sdks/Microsoft.NET.Sdk/targets/Microsoft.NET.Sdk.FrameworkReferenceResolution.targets" from project "/home/saidul/Desktop/K-Chief Marine Automation Platform/src/KChief.Protocols.Modbus/KChief.Protocols.Modbus.csproj" (target "_HandlePackageFileConflicts" depends on it):
   4:7>Using "ResolveTargetingPackAssets" task from assembly "/usr/share/dotnet/sdk/8.0.415/Sdks/Microsoft.NET.Sdk/targets/../tools/net8.0/Microsoft.NET.Build.Tasks.dll".
   8:8>ResolveAssemblyReferences:
         Primary reference "Microsoft.EntityFrameworkCore.Relational, Version=8.0.0.0, Culture=neutral, PublicKeyToken=adb9793829ddae60".
   4:7>Task "ResolveTargetingPackAssets"
   8:8>ResolveAssemblyReferences:
             Resolved file path is "/home/saidul/.nuget/packages/microsoft.entityframeworkcore.relational/8.0.0/lib/net8.0/Microsoft.EntityFrameworkCore.Relational.dll".
             Reference found at search path location "{HintPathFromItem}".
             This reference is not "CopyLocal" because at least one source item had "Private" set to "false" and no source items had "Private" set to "true".
   7:7>Target "ResolveOffByDefaultAnalyzers" in file "/usr/share/dotnet/sdk/8.0.415/Sdks/Microsoft.NET.Sdk/targets/Microsoft.NET.Sdk.FrameworkReferenceResolution.targets" from project "/home/saidul/Desktop/K-Chief Marine Automation Platform/src/KChief.AlarmSystem/KChief.AlarmSystem.csproj" (target "_HandlePackageFileConflicts" depends on it):
   7:7>Done building target "ResolveOffByDefaultAnalyzers" in project "KChief.AlarmSystem.csproj".
   8:8>ResolveAssemblyReferences:
             The ImageRuntimeVersion for this reference is "".
         Primary reference "Microsoft.EntityFrameworkCore.Sqlite, Version=8.0.0.0, Culture=neutral, PublicKeyToken=adb9793829ddae60".
             Resolved file path is "/home/saidul/.nuget/packages/microsoft.entityframeworkcore.sqlite.core/8.0.0/lib/net8.0/Microsoft.EntityFrameworkCore.Sqlite.dll".
             Reference found at search path location "{HintPathFromItem}".
             This reference is not "CopyLocal" because at least one source item had "Private" set to "false" and no source items had "Private" set to "true".
             The ImageRuntimeVersion for this reference is "".
         Primary reference "Microsoft.EntityFrameworkCore.SqlServer, Version=8.0.0.0, Culture=neutral, PublicKeyToken=adb9793829ddae60".
             Resolved file path is "/home/saidul/.nuget/packages/microsoft.entityframeworkcore.sqlserver/8.0.0/lib/net8.0/Microsoft.EntityFrameworkCore.SqlServer.dll".
             Reference found at search path location "{HintPathFromItem}".
             This reference is not "CopyLocal" because at least one source item had "Private" set to "false" and no source items had "Private" set to "true".
             The ImageRuntimeVersion for this reference is "".
         Primary reference "Microsoft.Extensions.Caching.Abstractions, Version=8.0.0.0, Culture=neutral, PublicKeyToken=adb9793829ddae60".
             Resolved file path is "/home/saidul/.nuget/packages/microsoft.extensions.caching.abstractions/8.0.0/lib/net8.0/Microsoft.Extensions.Caching.Abstractions.dll".
             Reference found at search path location "{HintPathFromItem}".
             This reference is not "CopyLocal" because at least one source item had "Private" set to "false" and no source items had "Private" set to "true".
             The ImageRuntimeVersion for this reference is "".
         Primary reference "Microsoft.Extensions.Caching.Memory, Version=8.0.0.0, Culture=neutral, PublicKeyToken=adb9793829ddae60".
             Resolved file path is "/home/saidul/.nuget/packages/microsoft.extensions.caching.memory/8.0.0/lib/net8.0/Microsoft.Extensions.Caching.Memory.dll".
             Reference found at search path location "{HintPathFromItem}".
             This reference is not "CopyLocal" because at least one source item had "Private" set to "false" and no source items had "Private" set to "true".
             The ImageRuntimeVersion for this reference is "".
         Primary reference "Microsoft.Extensions.Configuration.Abstractions, Version=8.0.0.0, Culture=neutral, PublicKeyToken=adb9793829ddae60".
             Resolved file path is "/home/saidul/.nuget/packages/microsoft.extensions.configuration.abstractions/8.0.0/lib/net8.0/Microsoft.Extensions.Configuration.Abstractions.dll".
             Reference found at search path location "{HintPathFromItem}".
             This reference is not "CopyLocal" because at least one source item had "Private" set to "false" and no source items had "Private" set to "true".
             The ImageRuntimeVersion for this reference is "".
         Primary reference "Microsoft.Extensions.DependencyInjection, Version=8.0.0.0, Culture=neutral, PublicKeyToken=adb9793829ddae60".
             Resolved file path is "/home/saidul/.nuget/packages/microsoft.extensions.dependencyinjection/8.0.0/lib/net8.0/Microsoft.Extensions.DependencyInjection.dll".
   5:7>Done executing task "MSBuild".
   7:7>Target "_HandlePackageFileConflicts" in file "/usr/share/dotnet/sdk/8.0.415/Sdks/Microsoft.NET.Sdk/targets/Microsoft.NET.ConflictResolution.targets" from project "/home/saidul/Desktop/K-Chief Marine Automation Platform/src/KChief.AlarmSystem/KChief.AlarmSystem.csproj" (target "ResolveAssemblyReferences" depends on it):
   7:7>Using "ResolvePackageFileConflicts" task from assembly "/usr/share/dotnet/sdk/8.0.415/Sdks/Microsoft.NET.Sdk/targets/../tools/net8.0/Microsoft.NET.Build.Tasks.dll".
   5:7>ResolveProjectReferences:
       Task "Warning" skipped, due to false condition; ('@(ProjectReferenceWithConfiguration)' != '' and '@(_MSBuildProjectReferenceNonexistent)' != '') was evaluated as ('../KChief.Platform.Core/KChief.Platform.Core.csproj' != '' and '' != '').
   7:7>Task "ResolvePackageFileConflicts"
   8:8>ResolveAssemblyReferences:
             Reference found at search path location "{HintPathFromItem}".
   5:7>Done building target "ResolveProjectReferences" in project "KChief.Protocols.OPC.csproj".
   8:8>ResolveAssemblyReferences:
             This reference is not "CopyLocal" because at least one source item had "Private" set to "false" and no source items had "Private" set to "true".
             The ImageRuntimeVersion for this reference is "".
   5:7>Target "FindInvalidProjectReferences" skipped, due to false condition; ('$(FindInvalidProjectReferences)' == 'true') was evaluated as ('' == 'true').
   8:8>ResolveAssemblyReferences:
         Primary reference "Microsoft.Extensions.DependencyInjection.Abstractions, Version=8.0.0.0, Culture=neutral, PublicKeyToken=adb9793829ddae60".
   5:7>Target "ResolveNativeReferences" skipped, due to false condition; ('@(NativeReference)'!='') was evaluated as (''!='').
   8:8>ResolveAssemblyReferences:
             Resolved file path is "/home/saidul/.nuget/packages/microsoft.extensions.dependencyinjection.abstractions/8.0.1/lib/net8.0/Microsoft.Extensions.DependencyInjection.Abstractions.dll".
   5:7>Target "ResolveProjectReferences" skipped. Previously built successfully.
   8:8>ResolveAssemblyReferences:
             Reference found at search path location "{HintPathFromItem}".
   5:7>Target "FindInvalidProjectReferences" skipped, due to false condition; ('$(FindInvalidProjectReferences)' == 'true') was evaluated as ('' == 'true').
   8:8>ResolveAssemblyReferences:
             This reference is not "CopyLocal" because at least one source item had "Private" set to "false" and no source items had "Private" set to "true".
             The ImageRuntimeVersion for this reference is "".
   5:7>Target "GetFrameworkPaths" skipped. Previously built successfully.
       Target "GetReferenceAssemblyPaths" skipped. Previously built successfully.
   8:8>ResolveAssemblyReferences:
         Primary reference "Microsoft.Extensions.DependencyModel, Version=8.0.0.0, Culture=neutral, PublicKeyToken=adb9793829ddae60".
   5:7>Target "PrepareForBuild" skipped. Previously built successfully.
   8:8>ResolveAssemblyReferences:
             Resolved file path is "/home/saidul/.nuget/packages/microsoft.extensions.dependencymodel/8.0.0/lib/net8.0/Microsoft.Extensions.DependencyModel.dll".
   5:7>Target "GetInstalledSDKLocations" skipped, due to false condition; ('@(SDKReference)' != '') was evaluated as ('' != '').
   8:8>ResolveAssemblyReferences:
             Reference found at search path location "{HintPathFromItem}".
             This reference is not "CopyLocal" because at least one source item had "Private" set to "false" and no source items had "Private" set to "true".
             The ImageRuntimeVersion for this reference is "".
   5:7>Target "ResolveSDKReferences" in file "/usr/share/dotnet/sdk/8.0.415/Microsoft.Common.CurrentVersion.targets" from project "/home/saidul/Desktop/K-Chief Marine Automation Platform/src/KChief.Protocols.OPC/KChief.Protocols.OPC.csproj" (target "ResolveAssemblyReferences" depends on it):
   5:7>Task "ResolveSDKReference" skipped, due to false condition; ('@(SDKReference)'!='') was evaluated as (''!='').
   8:8>ResolveAssemblyReferences:
         Primary reference "Microsoft.Extensions.Diagnostics.Abstractions, Version=8.0.0.0, Culture=neutral, PublicKeyToken=adb9793829ddae60".
   5:7>Done building target "ResolveSDKReferences" in project "KChief.Protocols.OPC.csproj".
   8:8>ResolveAssemblyReferences:
             Resolved file path is "/home/saidul/.nuget/packages/microsoft.extensions.diagnostics.abstractions/8.0.0/lib/net8.0/Microsoft.Extensions.Diagnostics.Abstractions.dll".
   5:7>Target "ResolveSDKReferences" skipped. Previously built successfully.
   8:8>ResolveAssemblyReferences:
             Reference found at search path location "{HintPathFromItem}".
             This reference is not "CopyLocal" because at least one source item had "Private" set to "false" and no source items had "Private" set to "true".
             The ImageRuntimeVersion for this reference is "".
         Primary reference "Microsoft.Extensions.FileProviders.Abstractions, Version=8.0.0.0, Culture=neutral, PublicKeyToken=adb9793829ddae60".
   5:7>Target "ExpandSDKReferences" in file "/usr/share/dotnet/sdk/8.0.415/Microsoft.Common.CurrentVersion.targets" from project "/home/saidul/Desktop/K-Chief Marine Automation Platform/src/KChief.Protocols.OPC/KChief.Protocols.OPC.csproj" (target "ResolveAssemblyReferences" depends on it):
   5:7>Task "GetSDKReferenceFiles" skipped, due to false condition; ('@(ResolvedSDKReference)'!='') was evaluated as (''!='').
   8:8>ResolveAssemblyReferences:
             Resolved file path is "/home/saidul/.nuget/packages/microsoft.extensions.fileproviders.abstractions/8.0.0/lib/net8.0/Microsoft.Extensions.FileProviders.Abstractions.dll".
   5:7>Done building target "ExpandSDKReferences" in project "KChief.Protocols.OPC.csproj".
   8:8>ResolveAssemblyReferences:
             Reference found at search path location "{HintPathFromItem}".
             This reference is not "CopyLocal" because at least one source item had "Private" set to "false" and no source items had "Private" set to "true".
   5:7>Target "ResolvePackageDependenciesForBuild" skipped. Previously built successfully.
   8:8>ResolveAssemblyReferences:
             The ImageRuntimeVersion for this reference is "".
   5:7>Target "GetFrameworkPaths" skipped. Previously built successfully.
   8:8>ResolveAssemblyReferences:
         Primary reference "Microsoft.Extensions.Hosting.Abstractions, Version=8.0.0.0, Culture=neutral, PublicKeyToken=adb9793829ddae60".
   5:7>Target "GetReferenceAssemblyPaths" skipped. Previously built successfully.
   8:8>ResolveAssemblyReferences:
             Resolved file path is "/home/saidul/.nuget/packages/microsoft.extensions.hosting.abstractions/8.0.0/lib/net8.0/Microsoft.Extensions.Hosting.Abstractions.dll".
   5:7>Target "ProcessFrameworkReferences" skipped. Previously built successfully.
   8:8>ResolveAssemblyReferences:
             Reference found at search path location "{HintPathFromItem}".
   5:7>Target "ResolvePackageAssets" skipped. Previously built successfully.
   8:8>ResolveAssemblyReferences:
             This reference is not "CopyLocal" because at least one source item had "Private" set to "false" and no source items had "Private" set to "true".
             The ImageRuntimeVersion for this reference is "".
         Primary reference "Microsoft.Extensions.Logging, Version=8.0.0.0, Culture=neutral, PublicKeyToken=adb9793829ddae60".
             Resolved file path is "/home/saidul/.nuget/packages/microsoft.extensions.logging/8.0.0/lib/net8.0/Microsoft.Extensions.Logging.dll".
             Reference found at search path location "{HintPathFromItem}".
             This reference is not "CopyLocal" because at least one source item had "Private" set to "false" and no source items had "Private" set to "true".
             The ImageRuntimeVersion for this reference is "".
         Primary reference "Microsoft.Extensions.Logging.Abstractions, Version=8.0.0.0, Culture=neutral, PublicKeyToken=adb9793829ddae60".
             Resolved file path is "/home/saidul/.nuget/packages/microsoft.extensions.logging.abstractions/8.0.1/lib/net8.0/Microsoft.Extensions.Logging.Abstractions.dll".
             Reference found at search path location "{HintPathFromItem}".
             This reference is not "CopyLocal" because at least one source item had "Private" set to "false" and no source items had "Private" set to "true".
   7:7>_HandlePackageFileConflicts:
         Encountered conflict between 'Reference:/home/saidul/.nuget/packages/system.diagnostics.diagnosticsource/8.0.0/lib/net8.0/System.Diagnostics.DiagnosticSource.dll' and 'Reference:/usr/share/dotnet/packs/Microsoft.NETCore.App.Ref/8.0.21/ref/net8.0/System.Diagnostics.DiagnosticSource.dll'. Choosing 'Reference:/usr/share/dotnet/packs/Microsoft.NETCore.App.Ref/8.0.21/ref/net8.0/System.Diagnostics.DiagnosticSource.dll' because file version '8.0.2125.47513' is greater than '8.0.23.53103'.
   8:8>ResolveAssemblyReferences:
             The ImageRuntimeVersion for this reference is "".
   7:7>_HandlePackageFileConflicts:
         Encountered conflict between 'Reference:/home/saidul/.nuget/packages/system.text.encodings.web/4.5.0/lib/netstandard2.0/System.Text.Encodings.Web.dll' and 'Reference:/usr/share/dotnet/packs/Microsoft.NETCore.App.Ref/8.0.21/ref/net8.0/System.Text.Encodings.Web.dll'. Choosing 'Reference:/usr/share/dotnet/packs/Microsoft.NETCore.App.Ref/8.0.21/ref/net8.0/System.Text.Encodings.Web.dll' because AssemblyVersion '8.0.0.0' is greater than '4.0.3.0'.
   8:8>ResolveAssemblyReferences:
         Primary reference "Microsoft.Extensions.Options, Version=8.0.0.0, Culture=neutral, PublicKeyToken=adb9793829ddae60".
             Resolved file path is "/home/saidul/.nuget/packages/microsoft.extensions.options/8.0.0/lib/net8.0/Microsoft.Extensions.Options.dll".
   4:7>Done executing task "ResolveTargetingPackAssets".
   8:8>ResolveAssemblyReferences:
             Reference found at search path location "{HintPathFromItem}".
             This reference is not "CopyLocal" because at least one source item had "Private" set to "false" and no source items had "Private" set to "true".
             The ImageRuntimeVersion for this reference is "".
         Primary reference "Microsoft.Extensions.Primitives, Version=8.0.0.0, Culture=neutral, PublicKeyToken=adb9793829ddae60".
   4:7>Done building target "ResolveTargetingPackAssets" in project "KChief.Protocols.Modbus.csproj".
   5:7>Target "ResolveFrameworkReferences" in file "/usr/share/dotnet/sdk/8.0.415/Sdks/Microsoft.NET.Sdk/targets/Microsoft.NET.Sdk.FrameworkReferenceResolution.targets" from project "/home/saidul/Desktop/K-Chief Marine Automation Platform/src/KChief.Protocols.OPC/KChief.Protocols.OPC.csproj" (target "ResolveTargetingPackAssets" depends on it):
   5:7>Using "GetPackageDirectory" task from assembly "/usr/share/dotnet/sdk/8.0.415/Sdks/Microsoft.NET.Sdk/targets/../tools/net8.0/Microsoft.NET.Build.Tasks.dll".
   8:8>ResolveAssemblyReferences:
             Resolved file path is "/home/saidul/.nuget/packages/microsoft.extensions.primitives/8.0.0/lib/net8.0/Microsoft.Extensions.Primitives.dll".
   5:7>Task "GetPackageDirectory"
   8:8>ResolveAssemblyReferences:
             Reference found at search path location "{HintPathFromItem}".
   4:7>Target "ResolveOffByDefaultAnalyzers" in file "/usr/share/dotnet/sdk/8.0.415/Sdks/Microsoft.NET.Sdk/targets/Microsoft.NET.Sdk.FrameworkReferenceResolution.targets" from project "/home/saidul/Desktop/K-Chief Marine Automation Platform/src/KChief.Protocols.Modbus/KChief.Protocols.Modbus.csproj" (target "_HandlePackageFileConflicts" depends on it):
   4:7>Done building target "ResolveOffByDefaultAnalyzers" in project "KChief.Protocols.Modbus.csproj".
   8:8>ResolveAssemblyReferences:
             This reference is not "CopyLocal" because at least one source item had "Private" set to "false" and no source items had "Private" set to "true".
             The ImageRuntimeVersion for this reference is "".
         Primary reference "Microsoft.Identity.Client, Version=4.47.2.0, Culture=neutral, PublicKeyToken=0a613f4dd989e8ae".
   5:7>Done executing task "GetPackageDirectory".
   8:8>ResolveAssemblyReferences:
             Resolved file path is "/home/saidul/.nuget/packages/microsoft.identity.client/4.47.2/lib/netcoreapp2.1/Microsoft.Identity.Client.dll".
             Reference found at search path location "{HintPathFromItem}".
   7:7>_HandlePackageFileConflicts:
         Encountered conflict between 'Platform:System.Diagnostics.DiagnosticSource.dll' and 'Runtime:/home/saidul/.nuget/packages/system.diagnostics.diagnosticsource/8.0.0/lib/net8.0/System.Diagnostics.DiagnosticSource.dll'. Choosing 'Platform:System.Diagnostics.DiagnosticSource.dll' because file version '8.0.2125.47513' is greater than '8.0.23.53103'.
   8:8>ResolveAssemblyReferences:
             This reference is not "CopyLocal" because at least one source item had "Private" set to "false" and no source items had "Private" set to "true".
   7:7>_HandlePackageFileConflicts:
         Encountered conflict between 'Platform:System.Text.Encodings.Web.dll' and 'Runtime:/home/saidul/.nuget/packages/system.text.encodings.web/4.5.0/lib/netstandard2.0/System.Text.Encodings.Web.dll'. Choosing 'Platform:System.Text.Encodings.Web.dll' because AssemblyVersion '8.0.0.0' is greater than '4.0.3.0'.
   4:7>Target "_HandlePackageFileConflicts" in file "/usr/share/dotnet/sdk/8.0.415/Sdks/Microsoft.NET.Sdk/targets/Microsoft.NET.ConflictResolution.targets" from project "/home/saidul/Desktop/K-Chief Marine Automation Platform/src/KChief.Protocols.Modbus/KChief.Protocols.Modbus.csproj" (target "ResolveAssemblyReferences" depends on it):
   4:7>Using "ResolvePackageFileConflicts" task from assembly "/usr/share/dotnet/sdk/8.0.415/Sdks/Microsoft.NET.Sdk/targets/../tools/net8.0/Microsoft.NET.Build.Tasks.dll".
   7:7>_HandlePackageFileConflicts:
         Encountered conflict between 'Platform:mscorlib.dll' and 'Platform:mscorlib.dll'. Could not determine winner due to equal file and assembly versions.
   8:8>ResolveAssemblyReferences:
             The ImageRuntimeVersion for this reference is "".
   7:7>_HandlePackageFileConflicts:
         Encountered conflict between 'Platform:Microsoft.VisualBasic.dll' and 'Platform:Microsoft.VisualBasic.dll'. Could not determine winner due to equal file and assembly versions.
   5:7>Task "GetPackageDirectory"
   4:7>Task "ResolvePackageFileConflicts"
   7:7>_HandlePackageFileConflicts:
         Encountered conflict between 'Platform:System.dll' and 'Platform:System.dll'. Could not determine winner due to equal file and assembly versions.
   8:8>ResolveAssemblyReferences:
         Primary reference "Microsoft.Identity.Client.Extensions.Msal, Version=2.19.3.0, Culture=neutral, PublicKeyToken=0a613f4dd989e8ae".
   7:7>_HandlePackageFileConflicts:
         Encountered conflict between 'Platform:System.ComponentModel.DataAnnotations.dll' and 'Platform:System.ComponentModel.DataAnnotations.dll'. Could not determine winner due to equal file and assembly versions.
         Encountered conflict between 'Platform:System.Configuration.dll' and 'Platform:System.Configuration.dll'. Could not determine winner due to equal file and assembly versions.
         Encountered conflict between 'Platform:System.Core.dll' and 'Platform:System.Core.dll'. Could not determine winner due to equal file and assembly versions.
   8:8>ResolveAssemblyReferences:
             Resolved file path is "/home/saidul/.nuget/packages/microsoft.identity.client.extensions.msal/2.19.3/lib/netcoreapp2.1/Microsoft.Identity.Client.Extensions.Msal.dll".
   7:7>_HandlePackageFileConflicts:
         Encountered conflict between 'Platform:System.Data.dll' and 'Platform:System.Data.dll'. Could not determine winner due to equal file and assembly versions.
         Encountered conflict between 'Platform:System.Drawing.dll' and 'Platform:System.Drawing.dll'. Could not determine winner due to equal file and assembly versions.
   8:8>ResolveAssemblyReferences:
             Reference found at search path location "{HintPathFromItem}".
   7:7>_HandlePackageFileConflicts:
         Encountered conflict between 'Platform:System.IO.Compression.FileSystem.dll' and 'Platform:System.IO.Compression.FileSystem.dll'. Could not determine winner due to equal file and assembly versions.
         Encountered conflict between 'Platform:System.Net.dll' and 'Platform:System.Net.dll'. Could not determine winner due to equal file and assembly versions.
         Encountered conflict between 'Platform:System.Numerics.dll' and 'Platform:System.Numerics.dll'. Could not determine winner due to equal file and assembly versions.
   8:8>ResolveAssemblyReferences:
             This reference is not "CopyLocal" because at least one source item had "Private" set to "false" and no source items had "Private" set to "true".
             The ImageRuntimeVersion for this reference is "".
         Primary reference "Microsoft.IdentityModel.Abstractions, Version=6.24.0.0, Culture=neutral, PublicKeyToken=31bf3856ad364e35".
             Resolved file path is "/home/saidul/.nuget/packages/microsoft.identitymodel.abstractions/6.24.0/lib/net6.0/Microsoft.IdentityModel.Abstractions.dll".
             Reference found at search path location "{HintPathFromItem}".
             This reference is not "CopyLocal" because at least one source item had "Private" set to "false" and no source items had "Private" set to "true".
             The ImageRuntimeVersion for this reference is "".
         Primary reference "Microsoft.IdentityModel.JsonWebTokens, Version=6.24.0.0, Culture=neutral, PublicKeyToken=31bf3856ad364e35".
             Resolved file path is "/home/saidul/.nuget/packages/microsoft.identitymodel.jsonwebtokens/6.24.0/lib/net6.0/Microsoft.IdentityModel.JsonWebTokens.dll".
   5:7>Done executing task "GetPackageDirectory".
   8:8>ResolveAssemblyReferences:
             Reference found at search path location "{HintPathFromItem}".
             This reference is not "CopyLocal" because at least one source item had "Private" set to "false" and no source items had "Private" set to "true".
             The ImageRuntimeVersion for this reference is "".
   5:7>Task "GetPackageDirectory"
   4:7>_HandlePackageFileConflicts:
         Encountered conflict between 'Reference:/home/saidul/.nuget/packages/system.diagnostics.diagnosticsource/8.0.0/lib/net8.0/System.Diagnostics.DiagnosticSource.dll' and 'Reference:/usr/share/dotnet/packs/Microsoft.NETCore.App.Ref/8.0.21/ref/net8.0/System.Diagnostics.DiagnosticSource.dll'. Choosing 'Reference:/usr/share/dotnet/packs/Microsoft.NETCore.App.Ref/8.0.21/ref/net8.0/System.Diagnostics.DiagnosticSource.dll' because file version '8.0.2125.47513' is greater than '8.0.23.53103'.
   8:8>ResolveAssemblyReferences:
         Primary reference "Microsoft.IdentityModel.Logging, Version=6.24.0.0, Culture=neutral, PublicKeyToken=31bf3856ad364e35".
   7:7>_HandlePackageFileConflicts:
         Encountered conflict between 'Platform:System.Runtime.Serialization.dll' and 'Platform:System.Runtime.Serialization.dll'. Could not determine winner due to equal file and assembly versions.
         Encountered conflict between 'Platform:System.Security.dll' and 'Platform:System.Security.dll'. Could not determine winner due to equal file and assembly versions.
   8:8>ResolveAssemblyReferences:
             Resolved file path is "/home/saidul/.nuget/packages/microsoft.identitymodel.logging/6.24.0/lib/net6.0/Microsoft.IdentityModel.Logging.dll".
   7:7>_HandlePackageFileConflicts:
         Encountered conflict between 'Platform:System.ServiceProcess.dll' and 'Platform:System.ServiceProcess.dll'. Could not determine winner due to equal file and assembly versions.
         Encountered conflict between 'Platform:System.ServiceModel.Web.dll' and 'Platform:System.ServiceModel.Web.dll'. Could not determine winner due to equal file and assembly versions.
   8:8>ResolveAssemblyReferences:
             Reference found at search path location "{HintPathFromItem}".
   7:7>_HandlePackageFileConflicts:
         Encountered conflict between 'Platform:System.Transactions.dll' and 'Platform:System.Transactions.dll'. Could not determine winner due to equal file and assembly versions.
         Encountered conflict between 'Platform:System.Web.dll' and 'Platform:System.Web.dll'. Could not determine winner due to equal file and assembly versions.
         Encountered conflict between 'Platform:System.Windows.dll' and 'Platform:System.Windows.dll'. Could not determine winner due to equal file and assembly versions.
   4:7>_HandlePackageFileConflicts:
         Encountered conflict between 'Reference:/home/saidul/.nuget/packages/system.text.encodings.web/4.5.0/lib/netstandard2.0/System.Text.Encodings.Web.dll' and 'Reference:/usr/share/dotnet/packs/Microsoft.NETCore.App.Ref/8.0.21/ref/net8.0/System.Text.Encodings.Web.dll'. Choosing 'Reference:/usr/share/dotnet/packs/Microsoft.NETCore.App.Ref/8.0.21/ref/net8.0/System.Text.Encodings.Web.dll' because AssemblyVersion '8.0.0.0' is greater than '4.0.3.0'.
   8:8>ResolveAssemblyReferences:
             This reference is not "CopyLocal" because at least one source item had "Private" set to "false" and no source items had "Private" set to "true".
   7:7>_HandlePackageFileConflicts:
         Encountered conflict between 'Platform:System.Xml.dll' and 'Platform:System.Xml.dll'. Could not determine winner due to equal file and assembly versions.
         Encountered conflict between 'Platform:System.Xml.Serialization.dll' and 'Platform:System.Xml.Serialization.dll'. Could not determine winner due to equal file and assembly versions.
   5:7>Done executing task "GetPackageDirectory".
   8:8>ResolveAssemblyReferences:
             The ImageRuntimeVersion for this reference is "".
   7:7>_HandlePackageFileConflicts:
         Encountered conflict between 'Platform:System.Xml.Linq.dll' and 'Platform:System.Xml.Linq.dll'. Could not determine winner due to equal file and assembly versions.
   5:7>Task "GetPackageDirectory"
   7:7>_HandlePackageFileConflicts:
         Encountered conflict between 'Platform:WindowsBase.dll' and 'Platform:WindowsBase.dll'. Could not determine winner due to equal file and assembly versions.
         Encountered conflict between 'Platform:netstandard.dll' and 'Platform:netstandard.dll'. Could not determine winner due to equal file and assembly versions.
   8:8>ResolveAssemblyReferences:
         Primary reference "Microsoft.IdentityModel.Protocols, Version=6.24.0.0, Culture=neutral, PublicKeyToken=31bf3856ad364e35".
   7:7>_HandlePackageFileConflicts:
         Encountered conflict between 'Platform:System.Private.CoreLib.dll' and 'Platform:System.Private.CoreLib.dll'. Could not determine winner due to equal file and assembly versions.
         Encountered conflict between 'Platform:System.Private.DataContractSerialization.dll' and 'Platform:System.Private.DataContractSerialization.dll'. Could not determine winner due to equal file and assembly versions.
         Encountered conflict between 'Platform:System.Private.Uri.dll' and 'Platform:System.Private.Uri.dll'. Could not determine winner due to equal file and assembly versions.
   8:8>ResolveAssemblyReferences:
             Resolved file path is "/home/saidul/.nuget/packages/microsoft.identitymodel.protocols/6.24.0/lib/net6.0/Microsoft.IdentityModel.Protocols.dll".
   5:7>Done executing task "GetPackageDirectory".
   7:7>_HandlePackageFileConflicts:
         Encountered conflict between 'Platform:System.Private.Xml.dll' and 'Platform:System.Private.Xml.dll'. Could not determine winner due to equal file and assembly versions.
         Encountered conflict between 'Platform:System.Private.Xml.Linq.dll' and 'Platform:System.Private.Xml.Linq.dll'. Could not determine winner due to equal file and assembly versions.
   5:7>Task "GetPackageDirectory"
   8:8>ResolveAssemblyReferences:
             Reference found at search path location "{HintPathFromItem}".
   7:7>_HandlePackageFileConflicts:
         Encountered conflict between 'Platform:mscordaccore_amd64_amd64_8.0.2125.47513.dll' and 'Platform:mscordaccore_amd64_amd64_8.0.2125.47513.dll'. Could not determine winner due to equal file and assembly versions.
       Done executing task "ResolvePackageFileConflicts".
   8:8>ResolveAssemblyReferences:
             This reference is not "CopyLocal" because at least one source item had "Private" set to "false" and no source items had "Private" set to "true".
   5:7>Done executing task "GetPackageDirectory".
       Task "GetPackageDirectory"
   8:8>ResolveAssemblyReferences:
             The ImageRuntimeVersion for this reference is "".
         Primary reference "Microsoft.IdentityModel.Protocols.OpenIdConnect, Version=6.24.0.0, Culture=neutral, PublicKeyToken=31bf3856ad364e35".
             Resolved file path is "/home/saidul/.nuget/packages/microsoft.identitymodel.protocols.openidconnect/6.24.0/lib/net6.0/Microsoft.IdentityModel.Protocols.OpenIdConnect.dll".
   5:7>Done executing task "GetPackageDirectory".
   8:8>ResolveAssemblyReferences:
             Reference found at search path location "{HintPathFromItem}".
   5:7>Task "GetPackageDirectory"
       Done executing task "GetPackageDirectory".
   8:8>ResolveAssemblyReferences:
             This reference is not "CopyLocal" because at least one source item had "Private" set to "false" and no source items had "Private" set to "true".
   5:7>Task "GetPackageDirectory"
   8:8>ResolveAssemblyReferences:
             The ImageRuntimeVersion for this reference is "".
   5:7>Done executing task "GetPackageDirectory".
   8:8>ResolveAssemblyReferences:
         Primary reference "Microsoft.IdentityModel.Tokens, Version=6.24.0.0, Culture=neutral, PublicKeyToken=31bf3856ad364e35".
   5:7>Task "GetPackageDirectory"
   8:8>ResolveAssemblyReferences:
             Resolved file path is "/home/saidul/.nuget/packages/microsoft.identitymodel.tokens/6.24.0/lib/net6.0/Microsoft.IdentityModel.Tokens.dll".
             Reference found at search path location "{HintPathFromItem}".
             This reference is not "CopyLocal" because at least one source item had "Private" set to "false" and no source items had "Private" set to "true".
             The ImageRuntimeVersion for this reference is "".
   5:7>Done executing task "GetPackageDirectory".
   8:8>ResolveAssemblyReferences:
         Primary reference "Microsoft.SqlServer.Server, Version=1.0.0.0, Culture=neutral, PublicKeyToken=23ec7fc2d6eaa4a5".
   4:7>_HandlePackageFileConflicts:
         Encountered conflict between 'Platform:System.Diagnostics.DiagnosticSource.dll' and 'Runtime:/home/saidul/.nuget/packages/system.diagnostics.diagnosticsource/8.0.0/lib/net8.0/System.Diagnostics.DiagnosticSource.dll'. Choosing 'Platform:System.Diagnostics.DiagnosticSource.dll' because file version '8.0.2125.47513' is greater than '8.0.23.53103'.
         Encountered conflict between 'Platform:System.Text.Encodings.Web.dll' and 'Runtime:/home/saidul/.nuget/packages/system.text.encodings.web/4.5.0/lib/netstandard2.0/System.Text.Encodings.Web.dll'. Choosing 'Platform:System.Text.Encodings.Web.dll' because AssemblyVersion '8.0.0.0' is greater than '4.0.3.0'.
   8:8>ResolveAssemblyReferences:
             Resolved file path is "/home/saidul/.nuget/packages/microsoft.sqlserver.server/1.0.0/lib/netstandard2.0/Microsoft.SqlServer.Server.dll".
   4:7>_HandlePackageFileConflicts:
         Encountered conflict between 'Platform:mscorlib.dll' and 'Platform:mscorlib.dll'. Could not determine winner due to equal file and assembly versions.
         Encountered conflict between 'Platform:Microsoft.VisualBasic.dll' and 'Platform:Microsoft.VisualBasic.dll'. Could not determine winner due to equal file and assembly versions.
   8:8>ResolveAssemblyReferences:
             Reference found at search path location "{HintPathFromItem}".
   4:7>_HandlePackageFileConflicts:
         Encountered conflict between 'Platform:System.dll' and 'Platform:System.dll'. Could not determine winner due to equal file and assembly versions.
         Encountered conflict between 'Platform:System.ComponentModel.DataAnnotations.dll' and 'Platform:System.ComponentModel.DataAnnotations.dll'. Could not determine winner due to equal file and assembly versions.
         Encountered conflict between 'Platform:System.Configuration.dll' and 'Platform:System.Configuration.dll'. Could not determine winner due to equal file and assembly versions.
   8:8>ResolveAssemblyReferences:
             This reference is not "CopyLocal" because at least one source item had "Private" set to "false" and no source items had "Private" set to "true".
   4:7>_HandlePackageFileConflicts:
         Encountered conflict between 'Platform:System.Core.dll' and 'Platform:System.Core.dll'. Could not determine winner due to equal file and assembly versions.
         Encountered conflict between 'Platform:System.Data.dll' and 'Platform:System.Data.dll'. Could not determine winner due to equal file and assembly versions.
   8:8>ResolveAssemblyReferences:
             The ImageRuntimeVersion for this reference is "".
   4:7>_HandlePackageFileConflicts:
         Encountered conflict between 'Platform:System.Drawing.dll' and 'Platform:System.Drawing.dll'. Could not determine winner due to equal file and assembly versions.
         Encountered conflict between 'Platform:System.IO.Compression.FileSystem.dll' and 'Platform:System.IO.Compression.FileSystem.dll'. Could not determine winner due to equal file and assembly versions.
         Encountered conflict between 'Platform:System.Net.dll' and 'Platform:System.Net.dll'. Could not determine winner due to equal file and assembly versions.
   8:8>ResolveAssemblyReferences:
         Primary reference "Mono.TextTemplating, Version=2.2.0.0, Culture=neutral, PublicKeyToken=4fa72d50da25cb30".
   4:7>_HandlePackageFileConflicts:
         Encountered conflict between 'Platform:System.Numerics.dll' and 'Platform:System.Numerics.dll'. Could not determine winner due to equal file and assembly versions.
         Encountered conflict between 'Platform:System.Runtime.Serialization.dll' and 'Platform:System.Runtime.Serialization.dll'. Could not determine winner due to equal file and assembly versions.
         Encountered conflict between 'Platform:System.Security.dll' and 'Platform:System.Security.dll'. Could not determine winner due to equal file and assembly versions.
   8:8>ResolveAssemblyReferences:
             Resolved file path is "/home/saidul/.nuget/packages/mono.texttemplating/2.2.1/lib/netstandard2.0/Mono.TextTemplating.dll".
   4:7>_HandlePackageFileConflicts:
         Encountered conflict between 'Platform:System.ServiceProcess.dll' and 'Platform:System.ServiceProcess.dll'. Could not determine winner due to equal file and assembly versions.
         Encountered conflict between 'Platform:System.ServiceModel.Web.dll' and 'Platform:System.ServiceModel.Web.dll'. Could not determine winner due to equal file and assembly versions.
         Encountered conflict between 'Platform:System.Transactions.dll' and 'Platform:System.Transactions.dll'. Could not determine winner due to equal file and assembly versions.
   8:8>ResolveAssemblyReferences:
             Reference found at search path location "{HintPathFromItem}".
   4:7>_HandlePackageFileConflicts:
         Encountered conflict between 'Platform:System.Web.dll' and 'Platform:System.Web.dll'. Could not determine winner due to equal file and assembly versions.
         Encountered conflict between 'Platform:System.Windows.dll' and 'Platform:System.Windows.dll'. Could not determine winner due to equal file and assembly versions.
         Encountered conflict between 'Platform:System.Xml.dll' and 'Platform:System.Xml.dll'. Could not determine winner due to equal file and assembly versions.
   8:8>ResolveAssemblyReferences:
             This reference is not "CopyLocal" because at least one source item had "Private" set to "false" and no source items had "Private" set to "true".
   4:7>_HandlePackageFileConflicts:
         Encountered conflict between 'Platform:System.Xml.Serialization.dll' and 'Platform:System.Xml.Serialization.dll'. Could not determine winner due to equal file and assembly versions.
         Encountered conflict between 'Platform:System.Xml.Linq.dll' and 'Platform:System.Xml.Linq.dll'. Could not determine winner due to equal file and assembly versions.
   8:8>ResolveAssemblyReferences:
             The ImageRuntimeVersion for this reference is "".
   4:7>_HandlePackageFileConflicts:
         Encountered conflict between 'Platform:WindowsBase.dll' and 'Platform:WindowsBase.dll'. Could not determine winner due to equal file and assembly versions.
         Encountered conflict between 'Platform:netstandard.dll' and 'Platform:netstandard.dll'. Could not determine winner due to equal file and assembly versions.
   8:8>ResolveAssemblyReferences:
         Primary reference "Polly, Version=8.0.0.0, Culture=neutral, PublicKeyToken=c8a3ffc3f8f825cc".
   4:7>_HandlePackageFileConflicts:
         Encountered conflict between 'Platform:System.Private.CoreLib.dll' and 'Platform:System.Private.CoreLib.dll'. Could not determine winner due to equal file and assembly versions.
         Encountered conflict between 'Platform:System.Private.DataContractSerialization.dll' and 'Platform:System.Private.DataContractSerialization.dll'. Could not determine winner due to equal file and assembly versions.
         Encountered conflict between 'Platform:System.Private.Uri.dll' and 'Platform:System.Private.Uri.dll'. Could not determine winner due to equal file and assembly versions.
   8:8>ResolveAssemblyReferences:
             Resolved file path is "/home/saidul/.nuget/packages/polly/8.2.0/lib/net6.0/Polly.dll".
   4:7>_HandlePackageFileConflicts:
         Encountered conflict between 'Platform:System.Private.Xml.dll' and 'Platform:System.Private.Xml.dll'. Could not determine winner due to equal file and assembly versions.
         Encountered conflict between 'Platform:System.Private.Xml.Linq.dll' and 'Platform:System.Private.Xml.Linq.dll'. Could not determine winner due to equal file and assembly versions.
   8:8>ResolveAssemblyReferences:
             Reference found at search path location "{HintPathFromItem}".
   4:7>_HandlePackageFileConflicts:
         Encountered conflict between 'Platform:mscordaccore_amd64_amd64_8.0.2125.47513.dll' and 'Platform:mscordaccore_amd64_amd64_8.0.2125.47513.dll'. Could not determine winner due to equal file and assembly versions.
       Done executing task "ResolvePackageFileConflicts".
   8:8>ResolveAssemblyReferences:
             This reference is not "CopyLocal" because at least one source item had "Private" set to "false" and no source items had "Private" set to "true".
   5:7>Task "GetPackageDirectory"
       Done executing task "GetPackageDirectory".
   8:8>ResolveAssemblyReferences:
             The ImageRuntimeVersion for this reference is "".
   5:7>ResolveFrameworkReferences:
       Using "ResolveFrameworkReferences" task from assembly "/usr/share/dotnet/sdk/8.0.415/Sdks/Microsoft.NET.Sdk/targets/../tools/net8.0/Microsoft.NET.Build.Tasks.dll".
       Task "ResolveFrameworkReferences"
   8:8>ResolveAssemblyReferences:
         Primary reference "Polly.Core, Version=8.0.0.0, Culture=neutral, PublicKeyToken=c8a3ffc3f8f825cc".
   7:7>Done building target "_HandlePackageFileConflicts" in project "KChief.AlarmSystem.csproj".
   8:8>ResolveAssemblyReferences:
             Resolved file path is "/home/saidul/.nuget/packages/polly.core/8.2.0/lib/net8.0/Polly.Core.dll".
   7:7>Target "ResolveTargetingPackAssets" skipped. Previously built successfully.
   8:8>ResolveAssemblyReferences:
             Reference found at search path location "{HintPathFromItem}".
   5:7>Done executing task "ResolveFrameworkReferences".
   8:8>ResolveAssemblyReferences:
             This reference is not "CopyLocal" because at least one source item had "Private" set to "false" and no source items had "Private" set to "true".
   7:7>Target "ResolveAssemblyReferences" in file "/usr/share/dotnet/sdk/8.0.415/Microsoft.Common.CurrentVersion.targets" from project "/home/saidul/Desktop/K-Chief Marine Automation Platform/src/KChief.AlarmSystem/KChief.AlarmSystem.csproj" (target "ResolveReferences" depends on it):
   7:7>Using "ResolveAssemblyReference" task from assembly "Microsoft.Build.Tasks.Core, Version=15.1.0.0, Culture=neutral, PublicKeyToken=b03f5f7f11d50a3a".
       Task "ResolveAssemblyReference"
   8:8>ResolveAssemblyReferences:
             The ImageRuntimeVersion for this reference is "".
         Primary reference "RabbitMQ.Client, Version=6.0.0.0, Culture=neutral, PublicKeyToken=89e7d7c5feba84ce".
   5:7>Done building target "ResolveFrameworkReferences" in project "KChief.Protocols.OPC.csproj".
   8:8>ResolveAssemblyReferences:
             Resolved file path is "/home/saidul/.nuget/packages/rabbitmq.client/6.8.1/lib/netstandard2.0/RabbitMQ.Client.dll".
             Reference found at search path location "{HintPathFromItem}".
             This reference is not "CopyLocal" because at least one source item had "Private" set to "false" and no source items had "Private" set to "true".
             The ImageRuntimeVersion for this reference is "".
         Primary reference "Serilog, Version=2.0.0.0, Culture=neutral, PublicKeyToken=24c2f752a8e58a10".
             Resolved file path is "/home/saidul/.nuget/packages/serilog/3.1.1/lib/net7.0/Serilog.dll".
             Reference found at search path location "{HintPathFromItem}".
             This reference is not "CopyLocal" because at least one source item had "Private" set to "false" and no source items had "Private" set to "true".
             The ImageRuntimeVersion for this reference is "".
         Primary reference "SQLitePCLRaw.batteries_v2, Version=2.1.6.2060, Culture=neutral, PublicKeyToken=8226ea5df37bcae9".
   4:7>Done building target "_HandlePackageFileConflicts" in project "KChief.Protocols.Modbus.csproj".
   8:8>ResolveAssemblyReferences:
             Resolved file path is "/home/saidul/.nuget/packages/sqlitepclraw.bundle_e_sqlite3/2.1.6/lib/netstandard2.0/SQLitePCLRaw.batteries_v2.dll".
   4:7>Target "ResolveTargetingPackAssets" skipped. Previously built successfully.
   8:8>ResolveAssemblyReferences:
             Reference found at search path location "{HintPathFromItem}".
   5:7>Target "ResolveTargetingPackAssets" in file "/usr/share/dotnet/sdk/8.0.415/Sdks/Microsoft.NET.Sdk/targets/Microsoft.NET.Sdk.FrameworkReferenceResolution.targets" from project "/home/saidul/Desktop/K-Chief Marine Automation Platform/src/KChief.Protocols.OPC/KChief.Protocols.OPC.csproj" (target "_HandlePackageFileConflicts" depends on it):
   5:7>Using "ResolveTargetingPackAssets" task from assembly "/usr/share/dotnet/sdk/8.0.415/Sdks/Microsoft.NET.Sdk/targets/../tools/net8.0/Microsoft.NET.Build.Tasks.dll".
   8:8>ResolveAssemblyReferences:
             This reference is not "CopyLocal" because at least one source item had "Private" set to "false" and no source items had "Private" set to "true".
   5:7>Task "ResolveTargetingPackAssets"
   8:8>ResolveAssemblyReferences:
             The ImageRuntimeVersion for this reference is "".
         Primary reference "SQLitePCLRaw.core, Version=2.1.6.2060, Culture=neutral, PublicKeyToken=1488e028ca7ab535".
             Resolved file path is "/home/saidul/.nuget/packages/sqlitepclraw.core/2.1.6/lib/netstandard2.0/SQLitePCLRaw.core.dll".
             Reference found at search path location "{HintPathFromItem}".
             This reference is not "CopyLocal" because at least one source item had "Private" set to "false" and no source items had "Private" set to "true".
             The ImageRuntimeVersion for this reference is "".
         Primary reference "SQLitePCLRaw.provider.e_sqlite3, Version=2.1.6.2060, Culture=neutral, PublicKeyToken=9c301db686d0bd12".
             Resolved file path is "/home/saidul/.nuget/packages/sqlitepclraw.provider.e_sqlite3/2.1.6/lib/net6.0/SQLitePCLRaw.provider.e_sqlite3.dll".
   7:7>ResolveAssemblyReferences:
         TargetFrameworkMoniker:
   8:8>ResolveAssemblyReferences:
             Reference found at search path location "{HintPathFromItem}".
   7:7>ResolveAssemblyReferences:
             .NETCoreApp,Version=v8.0
         TargetFrameworkMonikerDisplayName:
             .NET 8.0
   8:8>ResolveAssemblyReferences:
             This reference is not "CopyLocal" because at least one source item had "Private" set to "false" and no source items had "Private" set to "true".
   7:7>ResolveAssemblyReferences:
         TargetedRuntimeVersion:
   4:7>Target "ResolveAssemblyReferences" in file "/usr/share/dotnet/sdk/8.0.415/Microsoft.Common.CurrentVersion.targets" from project "/home/saidul/Desktop/K-Chief Marine Automation Platform/src/KChief.Protocols.Modbus/KChief.Protocols.Modbus.csproj" (target "ResolveReferences" depends on it):
   4:7>Using "ResolveAssemblyReference" task from assembly "Microsoft.Build.Tasks.Core, Version=15.1.0.0, Culture=neutral, PublicKeyToken=b03f5f7f11d50a3a".
   7:7>ResolveAssemblyReferences:
             
   8:8>ResolveAssemblyReferences:
             The ImageRuntimeVersion for this reference is "".
   7:7>ResolveAssemblyReferences:
         Assemblies:
             /home/saidul/.nuget/packages/fluentvalidation/11.9.0/lib/net8.0/FluentValidation.dll
   4:7>Task "ResolveAssemblyReference"
   7:7>ResolveAssemblyReferences:
                 Private = 'false'
   8:8>ResolveAssemblyReferences:
         Primary reference "System.CodeDom, Version=4.0.0.0, Culture=neutral, PublicKeyToken=cc7b13ffcd2ddd51".
   7:7>ResolveAssemblyReferences:
                 HintPath = '/home/saidul/.nuget/packages/fluentvalidation/11.9.0/lib/net8.0/FluentValidation.dll'
             /home/saidul/.nuget/packages/microsoft.aspnetcore.http.abstractions/2.2.0/lib/netstandard2.0/Microsoft.AspNetCore.Http.Abstractions.dll
                 Private = 'false'
   8:8>ResolveAssemblyReferences:
             Resolved file path is "/home/saidul/.nuget/packages/system.codedom/4.4.0/ref/netstandard2.0/System.CodeDom.dll".
   7:7>ResolveAssemblyReferences:
                 HintPath = '/home/saidul/.nuget/packages/microsoft.aspnetcore.http.abstractions/2.2.0/lib/netstandard2.0/Microsoft.AspNetCore.Http.Abstractions.dll'
             /home/saidul/.nuget/packages/microsoft.aspnetcore.http.features/2.2.0/lib/netstandard2.0/Microsoft.AspNetCore.Http.Features.dll
                 Private = 'false'
   8:8>ResolveAssemblyReferences:
             Reference found at search path location "{HintPathFromItem}".
   7:7>ResolveAssemblyReferences:
                 HintPath = '/home/saidul/.nuget/packages/microsoft.aspnetcore.http.features/2.2.0/lib/netstandard2.0/Microsoft.AspNetCore.Http.Features.dll'
             /home/saidul/.nuget/packages/microsoft.extensions.configuration.abstractions/8.0.0/lib/net8.0/Microsoft.Extensions.Configuration.Abstractions.dll
   8:8>ResolveAssemblyReferences:
             This reference is not "CopyLocal" because at least one source item had "Private" set to "false" and no source items had "Private" set to "true".
   7:7>ResolveAssemblyReferences:
                 Private = 'false'
                 HintPath = '/home/saidul/.nuget/packages/microsoft.extensions.configuration.abstractions/8.0.0/lib/net8.0/Microsoft.Extensions.Configuration.Abstractions.dll'
   8:8>ResolveAssemblyReferences:
             The ImageRuntimeVersion for this reference is "".
   7:7>ResolveAssemblyReferences:
             /home/saidul/.nuget/packages/microsoft.extensions.dependencyinjection.abstractions/8.0.0/lib/net8.0/Microsoft.Extensions.DependencyInjection.Abstractions.dll
                 Private = 'false'
                 HintPath = '/home/saidul/.nuget/packages/microsoft.extensions.dependencyinjection.abstractions/8.0.0/lib/net8.0/Microsoft.Extensions.DependencyInjection.Abstractions.dll'
   8:8>ResolveAssemblyReferences:
         Primary reference "System.Composition.AttributedModel, Version=6.0.0.0, Culture=neutral, PublicKeyToken=b03f5f7f11d50a3a".
   7:7>ResolveAssemblyReferences:
             /home/saidul/.nuget/packages/microsoft.extensions.diagnostics.abstractions/8.0.0/lib/net8.0/Microsoft.Extensions.Diagnostics.Abstractions.dll
                 Private = 'false'
                 HintPath = '/home/saidul/.nuget/packages/microsoft.extensions.diagnostics.abstractions/8.0.0/lib/net8.0/Microsoft.Extensions.Diagnostics.Abstractions.dll'
   8:8>ResolveAssemblyReferences:
             Resolved file path is "/home/saidul/.nuget/packages/system.composition.attributedmodel/6.0.0/lib/net6.0/System.Composition.AttributedModel.dll".
   7:7>ResolveAssemblyReferences:
             /home/saidul/.nuget/packages/microsoft.extensions.fileproviders.abstractions/8.0.0/lib/net8.0/Microsoft.Extensions.FileProviders.Abstractions.dll
                 Private = 'false'
   8:8>ResolveAssemblyReferences:
             Reference found at search path location "{HintPathFromItem}".
   7:7>ResolveAssemblyReferences:
                 HintPath = '/home/saidul/.nuget/packages/microsoft.extensions.fileproviders.abstractions/8.0.0/lib/net8.0/Microsoft.Extensions.FileProviders.Abstractions.dll'
             /home/saidul/.nuget/packages/microsoft.extensions.hosting.abstractions/8.0.0/lib/net8.0/Microsoft.Extensions.Hosting.Abstractions.dll
                 Private = 'false'
   8:8>ResolveAssemblyReferences:
             This reference is not "CopyLocal" because at least one source item had "Private" set to "false" and no source items had "Private" set to "true".
   7:7>ResolveAssemblyReferences:
                 HintPath = '/home/saidul/.nuget/packages/microsoft.extensions.hosting.abstractions/8.0.0/lib/net8.0/Microsoft.Extensions.Hosting.Abstractions.dll'
             /home/saidul/.nuget/packages/microsoft.extensions.logging.abstractions/8.0.0/lib/net8.0/Microsoft.Extensions.Logging.Abstractions.dll
                 Private = 'false'
   8:8>ResolveAssemblyReferences:
             The ImageRuntimeVersion for this reference is "".
   7:7>ResolveAssemblyReferences:
                 HintPath = '/home/saidul/.nuget/packages/microsoft.extensions.logging.abstractions/8.0.0/lib/net8.0/Microsoft.Extensions.Logging.Abstractions.dll'
             /home/saidul/.nuget/packages/microsoft.extensions.options/8.0.0/lib/net8.0/Microsoft.Extensions.Options.dll
                 Private = 'false'
   8:8>ResolveAssemblyReferences:
         Primary reference "System.Composition.Convention, Version=6.0.0.0, Culture=neutral, PublicKeyToken=b03f5f7f11d50a3a".
   7:7>ResolveAssemblyReferences:
                 HintPath = '/home/saidul/.nuget/packages/microsoft.extensions.options/8.0.0/lib/net8.0/Microsoft.Extensions.Options.dll'
             /home/saidul/.nuget/packages/microsoft.extensions.primitives/8.0.0/lib/net8.0/Microsoft.Extensions.Primitives.dll
   8:8>ResolveAssemblyReferences:
             Resolved file path is "/home/saidul/.nuget/packages/system.composition.convention/6.0.0/lib/net6.0/System.Composition.Convention.dll".
   7:7>ResolveAssemblyReferences:
                 Private = 'false'
                 HintPath = '/home/saidul/.nuget/packages/microsoft.extensions.primitives/8.0.0/lib/net8.0/Microsoft.Extensions.Primitives.dll'
             /home/saidul/.nuget/packages/polly/8.2.0/lib/net6.0/Polly.dll
   8:8>ResolveAssemblyReferences:
             Reference found at search path location "{HintPathFromItem}".
   7:7>ResolveAssemblyReferences:
                 Private = 'false'
                 HintPath = '/home/saidul/.nuget/packages/polly/8.2.0/lib/net6.0/Polly.dll'
   8:8>ResolveAssemblyReferences:
             This reference is not "CopyLocal" because at least one source item had "Private" set to "false" and no source items had "Private" set to "true".
   7:7>ResolveAssemblyReferences:
             /home/saidul/.nuget/packages/polly.core/8.2.0/lib/net8.0/Polly.Core.dll
                 Private = 'false'
                 HintPath = '/home/saidul/.nuget/packages/polly.core/8.2.0/lib/net8.0/Polly.Core.dll'
   8:8>ResolveAssemblyReferences:
             The ImageRuntimeVersion for this reference is "".
   7:7>ResolveAssemblyReferences:
             /home/saidul/.nuget/packages/serilog/3.1.1/lib/net7.0/Serilog.dll
                 Private = 'false'
                 HintPath = '/home/saidul/.nuget/packages/serilog/3.1.1/lib/net7.0/Serilog.dll'
   8:8>ResolveAssemblyReferences:
         Primary reference "System.Composition.Hosting, Version=6.0.0.0, Culture=neutral, PublicKeyToken=b03f5f7f11d50a3a".
   7:7>ResolveAssemblyReferences:
             /usr/share/dotnet/packs/Microsoft.NETCore.App.Ref/8.0.21/ref/net8.0/Microsoft.CSharp.dll
                 Private = 'false'
   8:8>ResolveAssemblyReferences:
             Resolved file path is "/home/saidul/.nuget/packages/system.composition.hosting/6.0.0/lib/net6.0/System.Composition.Hosting.dll".
   7:7>ResolveAssemblyReferences:
             /usr/share/dotnet/packs/Microsoft.NETCore.App.Ref/8.0.21/ref/net8.0/Microsoft.VisualBasic.Core.dll
                 Private = 'false'
             /usr/share/dotnet/packs/Microsoft.NETCore.App.Ref/8.0.21/ref/net8.0/Microsoft.VisualBasic.dll
   8:8>ResolveAssemblyReferences:
             Reference found at search path location "{HintPathFromItem}".
   7:7>ResolveAssemblyReferences:
                 Private = 'false'
             /usr/share/dotnet/packs/Microsoft.NETCore.App.Ref/8.0.21/ref/net8.0/Microsoft.Win32.Primitives.dll
                 Private = 'false'
   8:8>ResolveAssemblyReferences:
             This reference is not "CopyLocal" because at least one source item had "Private" set to "false" and no source items had "Private" set to "true".
   7:7>ResolveAssemblyReferences:
             /usr/share/dotnet/packs/Microsoft.NETCore.App.Ref/8.0.21/ref/net8.0/Microsoft.Win32.Registry.dll
                 Private = 'false'
   8:8>ResolveAssemblyReferences:
             The ImageRuntimeVersion for this reference is "".
   7:7>ResolveAssemblyReferences:
             /usr/share/dotnet/packs/Microsoft.NETCore.App.Ref/8.0.21/ref/net8.0/System.AppContext.dll
                 Private = 'false'
             /usr/share/dotnet/packs/Microsoft.NETCore.App.Ref/8.0.21/ref/net8.0/System.Buffers.dll
   8:8>ResolveAssemblyReferences:
         Primary reference "System.Composition.Runtime, Version=6.0.0.0, Culture=neutral, PublicKeyToken=b03f5f7f11d50a3a".
   7:7>ResolveAssemblyReferences:
                 Private = 'false'
   8:8>ResolveAssemblyReferences:
             Resolved file path is "/home/saidul/.nuget/packages/system.composition.runtime/6.0.0/lib/net6.0/System.Composition.Runtime.dll".
             Reference found at search path location "{HintPathFromItem}".
   4:7>ResolveAssemblyReferences:
         TargetFrameworkMoniker:
   8:8>ResolveAssemblyReferences:
             This reference is not "CopyLocal" because at least one source item had "Private" set to "false" and no source items had "Private" set to "true".
   4:7>ResolveAssemblyReferences:
             .NETCoreApp,Version=v8.0
         TargetFrameworkMonikerDisplayName:
   8:8>ResolveAssemblyReferences:
             The ImageRuntimeVersion for this reference is "".
   4:7>ResolveAssemblyReferences:
             .NET 8.0
         TargetedRuntimeVersion:
             
   8:8>ResolveAssemblyReferences:
         Primary reference "System.Composition.TypedParts, Version=6.0.0.0, Culture=neutral, PublicKeyToken=b03f5f7f11d50a3a".
   4:7>ResolveAssemblyReferences:
         Assemblies:
             /home/saidul/.nuget/packages/fluentvalidation/11.9.0/lib/net8.0/FluentValidation.dll
                 Private = 'false'
                 HintPath = '/home/saidul/.nuget/packages/fluentvalidation/11.9.0/lib/net8.0/FluentValidation.dll'
   8:8>ResolveAssemblyReferences:
             Resolved file path is "/home/saidul/.nuget/packages/system.composition.typedparts/6.0.0/lib/net6.0/System.Composition.TypedParts.dll".
   4:7>ResolveAssemblyReferences:
             /home/saidul/.nuget/packages/microsoft.aspnetcore.http.abstractions/2.2.0/lib/netstandard2.0/Microsoft.AspNetCore.Http.Abstractions.dll
                 Private = 'false'
                 HintPath = '/home/saidul/.nuget/packages/microsoft.aspnetcore.http.abstractions/2.2.0/lib/netstandard2.0/Microsoft.AspNetCore.Http.Abstractions.dll'
   8:8>ResolveAssemblyReferences:
             Reference found at search path location "{HintPathFromItem}".
   4:7>ResolveAssemblyReferences:
             /home/saidul/.nuget/packages/microsoft.aspnetcore.http.features/2.2.0/lib/netstandard2.0/Microsoft.AspNetCore.Http.Features.dll
                 Private = 'false'
                 HintPath = '/home/saidul/.nuget/packages/microsoft.aspnetcore.http.features/2.2.0/lib/netstandard2.0/Microsoft.AspNetCore.Http.Features.dll'
   8:8>ResolveAssemblyReferences:
             This reference is not "CopyLocal" because at least one source item had "Private" set to "false" and no source items had "Private" set to "true".
   4:7>ResolveAssemblyReferences:
             /home/saidul/.nuget/packages/microsoft.extensions.configuration.abstractions/8.0.0/lib/net8.0/Microsoft.Extensions.Configuration.Abstractions.dll
                 Private = 'false'
                 HintPath = '/home/saidul/.nuget/packages/microsoft.extensions.configuration.abstractions/8.0.0/lib/net8.0/Microsoft.Extensions.Configuration.Abstractions.dll'
             /home/saidul/.nuget/packages/microsoft.extensions.dependencyinjection.abstractions/8.0.0/lib/net8.0/Microsoft.Extensions.DependencyInjection.Abstractions.dll
   8:8>ResolveAssemblyReferences:
             The ImageRuntimeVersion for this reference is "".
   4:7>ResolveAssemblyReferences:
                 Private = 'false'
                 HintPath = '/home/saidul/.nuget/packages/microsoft.extensions.dependencyinjection.abstractions/8.0.0/lib/net8.0/Microsoft.Extensions.DependencyInjection.Abstractions.dll'
             /home/saidul/.nuget/packages/microsoft.extensions.diagnostics.abstractions/8.0.0/lib/net8.0/Microsoft.Extensions.Diagnostics.Abstractions.dll
                 Private = 'false'
                 HintPath = '/home/saidul/.nuget/packages/microsoft.extensions.diagnostics.abstractions/8.0.0/lib/net8.0/Microsoft.Extensions.Diagnostics.Abstractions.dll'
   8:8>ResolveAssemblyReferences:
         Primary reference "System.IdentityModel.Tokens.Jwt, Version=6.24.0.0, Culture=neutral, PublicKeyToken=31bf3856ad364e35".
   4:7>ResolveAssemblyReferences:
             /home/saidul/.nuget/packages/microsoft.extensions.fileproviders.abstractions/8.0.0/lib/net8.0/Microsoft.Extensions.FileProviders.Abstractions.dll
                 Private = 'false'
   7:7>ResolveAssemblyReferences:
             /usr/share/dotnet/packs/Microsoft.NETCore.App.Ref/8.0.21/ref/net8.0/System.Collections.Concurrent.dll
   8:8>ResolveAssemblyReferences:
             Resolved file path is "/home/saidul/.nuget/packages/system.identitymodel.tokens.jwt/6.24.0/lib/net6.0/System.IdentityModel.Tokens.Jwt.dll".
   4:7>ResolveAssemblyReferences:
                 HintPath = '/home/saidul/.nuget/packages/microsoft.extensions.fileproviders.abstractions/8.0.0/lib/net8.0/Microsoft.Extensions.FileProviders.Abstractions.dll'
   7:7>ResolveAssemblyReferences:
                 Private = 'false'
   4:7>ResolveAssemblyReferences:
             /home/saidul/.nuget/packages/microsoft.extensions.hosting.abstractions/8.0.0/lib/net8.0/Microsoft.Extensions.Hosting.Abstractions.dll
   7:7>ResolveAssemblyReferences:
             /usr/share/dotnet/packs/Microsoft.NETCore.App.Ref/8.0.21/ref/net8.0/System.Collections.Immutable.dll
   4:7>ResolveAssemblyReferences:
                 Private = 'false'
   7:7>ResolveAssemblyReferences:
                 Private = 'false'
   8:8>ResolveAssemblyReferences:
             Reference found at search path location "{HintPathFromItem}".
   4:7>ResolveAssemblyReferences:
                 HintPath = '/home/saidul/.nuget/packages/microsoft.extensions.hosting.abstractions/8.0.0/lib/net8.0/Microsoft.Extensions.Hosting.Abstractions.dll'
   7:7>ResolveAssemblyReferences:
             /usr/share/dotnet/packs/Microsoft.NETCore.App.Ref/8.0.21/ref/net8.0/System.Collections.NonGeneric.dll
   4:7>ResolveAssemblyReferences:
             /home/saidul/.nuget/packages/microsoft.extensions.logging.abstractions/8.0.0/lib/net8.0/Microsoft.Extensions.Logging.Abstractions.dll
   7:7>ResolveAssemblyReferences:
                 Private = 'false'
   4:7>ResolveAssemblyReferences:
                 Private = 'false'
   8:8>ResolveAssemblyReferences:
             This reference is not "CopyLocal" because at least one source item had "Private" set to "false" and no source items had "Private" set to "true".
   7:7>ResolveAssemblyReferences:
             /usr/share/dotnet/packs/Microsoft.NETCore.App.Ref/8.0.21/ref/net8.0/System.Collections.Specialized.dll
   4:7>ResolveAssemblyReferences:
                 HintPath = '/home/saidul/.nuget/packages/microsoft.extensions.logging.abstractions/8.0.0/lib/net8.0/Microsoft.Extensions.Logging.Abstractions.dll'
   7:7>ResolveAssemblyReferences:
                 Private = 'false'
   4:7>ResolveAssemblyReferences:
             /home/saidul/.nuget/packages/microsoft.extensions.options/8.0.0/lib/net8.0/Microsoft.Extensions.Options.dll
   7:7>ResolveAssemblyReferences:
             /usr/share/dotnet/packs/Microsoft.NETCore.App.Ref/8.0.21/ref/net8.0/System.Collections.dll
   8:8>ResolveAssemblyReferences:
             The ImageRuntimeVersion for this reference is "".
   4:7>ResolveAssemblyReferences:
                 Private = 'false'
   7:7>ResolveAssemblyReferences:
                 Private = 'false'
   4:7>ResolveAssemblyReferences:
                 HintPath = '/home/saidul/.nuget/packages/microsoft.extensions.options/8.0.0/lib/net8.0/Microsoft.Extensions.Options.dll'
   7:7>ResolveAssemblyReferences:
             /usr/share/dotnet/packs/Microsoft.NETCore.App.Ref/8.0.21/ref/net8.0/System.ComponentModel.Annotations.dll
   4:7>ResolveAssemblyReferences:
             /home/saidul/.nuget/packages/microsoft.extensions.primitives/8.0.0/lib/net8.0/Microsoft.Extensions.Primitives.dll
   8:8>ResolveAssemblyReferences:
         Primary reference "System.IO.Pipelines, Version=6.0.0.0, Culture=neutral, PublicKeyToken=cc7b13ffcd2ddd51".
   7:7>ResolveAssemblyReferences:
                 Private = 'false'
   4:7>ResolveAssemblyReferences:
                 Private = 'false'
   7:7>ResolveAssemblyReferences:
             /usr/share/dotnet/packs/Microsoft.NETCore.App.Ref/8.0.21/ref/net8.0/System.ComponentModel.DataAnnotations.dll
   4:7>ResolveAssemblyReferences:
                 HintPath = '/home/saidul/.nuget/packages/microsoft.extensions.primitives/8.0.0/lib/net8.0/Microsoft.Extensions.Primitives.dll'
   7:7>ResolveAssemblyReferences:
                 Private = 'false'
   8:8>ResolveAssemblyReferences:
             Resolved file path is "/home/saidul/.nuget/packages/system.io.pipelines/6.0.3/lib/net6.0/System.IO.Pipelines.dll".
   7:7>ResolveAssemblyReferences:
             /usr/share/dotnet/packs/Microsoft.NETCore.App.Ref/8.0.21/ref/net8.0/System.ComponentModel.EventBasedAsync.dll
   4:7>ResolveAssemblyReferences:
             /home/saidul/.nuget/packages/nmodbus/3.0.72/lib/net6.0/NModbus.dll
   7:7>ResolveAssemblyReferences:
                 Private = 'false'
   4:7>ResolveAssemblyReferences:
                 Private = 'false'
   7:7>ResolveAssemblyReferences:
             /usr/share/dotnet/packs/Microsoft.NETCore.App.Ref/8.0.21/ref/net8.0/System.ComponentModel.Primitives.dll
   8:8>ResolveAssemblyReferences:
             Reference found at search path location "{HintPathFromItem}".
   4:7>ResolveAssemblyReferences:
                 HintPath = '/home/saidul/.nuget/packages/nmodbus/3.0.72/lib/net6.0/NModbus.dll'
   7:7>ResolveAssemblyReferences:
                 Private = 'false'
             /usr/share/dotnet/packs/Microsoft.NETCore.App.Ref/8.0.21/ref/net8.0/System.ComponentModel.TypeConverter.dll
   4:7>ResolveAssemblyReferences:
             /home/saidul/.nuget/packages/polly/8.2.0/lib/net6.0/Polly.dll
   7:7>ResolveAssemblyReferences:
                 Private = 'false'
   8:8>ResolveAssemblyReferences:
             This reference is not "CopyLocal" because at least one source item had "Private" set to "false" and no source items had "Private" set to "true".
   4:7>ResolveAssemblyReferences:
                 Private = 'false'
   7:7>ResolveAssemblyReferences:
             /usr/share/dotnet/packs/Microsoft.NETCore.App.Ref/8.0.21/ref/net8.0/System.ComponentModel.dll
   4:7>ResolveAssemblyReferences:
                 HintPath = '/home/saidul/.nuget/packages/polly/8.2.0/lib/net6.0/Polly.dll'
   7:7>ResolveAssemblyReferences:
                 Private = 'false'
   4:7>ResolveAssemblyReferences:
             /home/saidul/.nuget/packages/polly.core/8.2.0/lib/net8.0/Polly.Core.dll
   7:7>ResolveAssemblyReferences:
             /usr/share/dotnet/packs/Microsoft.NETCore.App.Ref/8.0.21/ref/net8.0/System.Configuration.dll
   8:8>ResolveAssemblyReferences:
             The ImageRuntimeVersion for this reference is "".
   4:7>ResolveAssemblyReferences:
                 Private = 'false'
   7:7>ResolveAssemblyReferences:
                 Private = 'false'
   4:7>ResolveAssemblyReferences:
                 HintPath = '/home/saidul/.nuget/packages/polly.core/8.2.0/lib/net8.0/Polly.Core.dll'
   7:7>ResolveAssemblyReferences:
             /usr/share/dotnet/packs/Microsoft.NETCore.App.Ref/8.0.21/ref/net8.0/System.Console.dll
   4:7>ResolveAssemblyReferences:
             /home/saidul/.nuget/packages/serilog/3.1.1/lib/net7.0/Serilog.dll
   7:7>ResolveAssemblyReferences:
                 Private = 'false'
   8:8>ResolveAssemblyReferences:
         Primary reference "System.Memory.Data, Version=1.0.2.0, Culture=neutral, PublicKeyToken=cc7b13ffcd2ddd51".
   4:7>ResolveAssemblyReferences:
                 Private = 'false'
   7:7>ResolveAssemblyReferences:
             /usr/share/dotnet/packs/Microsoft.NETCore.App.Ref/8.0.21/ref/net8.0/System.Core.dll
   4:7>ResolveAssemblyReferences:
                 HintPath = '/home/saidul/.nuget/packages/serilog/3.1.1/lib/net7.0/Serilog.dll'
   7:7>ResolveAssemblyReferences:
                 Private = 'false'
   4:7>ResolveAssemblyReferences:
             /usr/share/dotnet/packs/Microsoft.NETCore.App.Ref/8.0.21/ref/net8.0/Microsoft.CSharp.dll
   7:7>ResolveAssemblyReferences:
             /usr/share/dotnet/packs/Microsoft.NETCore.App.Ref/8.0.21/ref/net8.0/System.Data.Common.dll
   8:8>ResolveAssemblyReferences:
             Resolved file path is "/home/saidul/.nuget/packages/system.memory.data/1.0.2/lib/netstandard2.0/System.Memory.Data.dll".
   4:7>ResolveAssemblyReferences:
                 Private = 'false'
   7:7>ResolveAssemblyReferences:
                 Private = 'false'
   4:7>ResolveAssemblyReferences:
             /usr/share/dotnet/packs/Microsoft.NETCore.App.Ref/8.0.21/ref/net8.0/Microsoft.VisualBasic.Core.dll
   7:7>ResolveAssemblyReferences:
             /usr/share/dotnet/packs/Microsoft.NETCore.App.Ref/8.0.21/ref/net8.0/System.Data.DataSetExtensions.dll
   8:8>ResolveAssemblyReferences:
             Reference found at search path location "{HintPathFromItem}".
   7:7>ResolveAssemblyReferences:
                 Private = 'false'
   4:7>ResolveAssemblyReferences:
                 Private = 'false'
             /usr/share/dotnet/packs/Microsoft.NETCore.App.Ref/8.0.21/ref/net8.0/Microsoft.VisualBasic.dll
   7:7>ResolveAssemblyReferences:
             /usr/share/dotnet/packs/Microsoft.NETCore.App.Ref/8.0.21/ref/net8.0/System.Data.dll
   4:7>ResolveAssemblyReferences:
                 Private = 'false'
   7:7>ResolveAssemblyReferences:
                 Private = 'false'
   8:8>ResolveAssemblyReferences:
             This reference is not "CopyLocal" because at least one source item had "Private" set to "false" and no source items had "Private" set to "true".
   4:7>ResolveAssemblyReferences:
             /usr/share/dotnet/packs/Microsoft.NETCore.App.Ref/8.0.21/ref/net8.0/Microsoft.Win32.Primitives.dll
   7:7>ResolveAssemblyReferences:
             /usr/share/dotnet/packs/Microsoft.NETCore.App.Ref/8.0.21/ref/net8.0/System.Diagnostics.Contracts.dll
   4:7>ResolveAssemblyReferences:
                 Private = 'false'
   7:7>ResolveAssemblyReferences:
                 Private = 'false'
   4:7>ResolveAssemblyReferences:
             /usr/share/dotnet/packs/Microsoft.NETCore.App.Ref/8.0.21/ref/net8.0/Microsoft.Win32.Registry.dll
   7:7>ResolveAssemblyReferences:
             /usr/share/dotnet/packs/Microsoft.NETCore.App.Ref/8.0.21/ref/net8.0/System.Diagnostics.Debug.dll
   8:8>ResolveAssemblyReferences:
             The ImageRuntimeVersion for this reference is "".
   4:7>ResolveAssemblyReferences:
                 Private = 'false'
   7:7>ResolveAssemblyReferences:
                 Private = 'false'
   4:7>ResolveAssemblyReferences:
             /usr/share/dotnet/packs/Microsoft.NETCore.App.Ref/8.0.21/ref/net8.0/System.AppContext.dll
   7:7>ResolveAssemblyReferences:
             /usr/share/dotnet/packs/Microsoft.NETCore.App.Ref/8.0.21/ref/net8.0/System.Diagnostics.DiagnosticSource.dll
   4:7>ResolveAssemblyReferences:
                 Private = 'false'
   7:7>ResolveAssemblyReferences:
                 Private = 'false'
   8:8>ResolveAssemblyReferences:
         Primary reference "System.Security.Cryptography.ProtectedData, Version=6.0.0.0, Culture=neutral, PublicKeyToken=b03f5f7f11d50a3a".
   4:7>ResolveAssemblyReferences:
             /usr/share/dotnet/packs/Microsoft.NETCore.App.Ref/8.0.21/ref/net8.0/System.Buffers.dll
   7:7>ResolveAssemblyReferences:
             /usr/share/dotnet/packs/Microsoft.NETCore.App.Ref/8.0.21/ref/net8.0/System.Diagnostics.FileVersionInfo.dll
   4:7>ResolveAssemblyReferences:
                 Private = 'false'
   7:7>ResolveAssemblyReferences:
                 Private = 'false'
   4:7>ResolveAssemblyReferences:
             /usr/share/dotnet/packs/Microsoft.NETCore.App.Ref/8.0.21/ref/net8.0/System.Collections.Concurrent.dll
   7:7>ResolveAssemblyReferences:
             /usr/share/dotnet/packs/Microsoft.NETCore.App.Ref/8.0.21/ref/net8.0/System.Diagnostics.Process.dll
   8:8>ResolveAssemblyReferences:
             Resolved file path is "/home/saidul/.nuget/packages/system.security.cryptography.protecteddata/6.0.0/lib/net6.0/System.Security.Cryptography.ProtectedData.dll".
   4:7>ResolveAssemblyReferences:
                 Private = 'false'
   7:7>ResolveAssemblyReferences:
                 Private = 'false'
   4:7>ResolveAssemblyReferences:
             /usr/share/dotnet/packs/Microsoft.NETCore.App.Ref/8.0.21/ref/net8.0/System.Collections.Immutable.dll
   7:7>ResolveAssemblyReferences:
             /usr/share/dotnet/packs/Microsoft.NETCore.App.Ref/8.0.21/ref/net8.0/System.Diagnostics.StackTrace.dll
   4:7>ResolveAssemblyReferences:
                 Private = 'false'
   7:7>ResolveAssemblyReferences:
                 Private = 'false'
   8:8>ResolveAssemblyReferences:
             Reference found at search path location "{HintPathFromItem}".
   4:7>ResolveAssemblyReferences:
             /usr/share/dotnet/packs/Microsoft.NETCore.App.Ref/8.0.21/ref/net8.0/System.Collections.NonGeneric.dll
   7:7>ResolveAssemblyReferences:
             /usr/share/dotnet/packs/Microsoft.NETCore.App.Ref/8.0.21/ref/net8.0/System.Diagnostics.TextWriterTraceListener.dll
   4:7>ResolveAssemblyReferences:
                 Private = 'false'
   7:7>ResolveAssemblyReferences:
                 Private = 'false'
   4:7>ResolveAssemblyReferences:
             /usr/share/dotnet/packs/Microsoft.NETCore.App.Ref/8.0.21/ref/net8.0/System.Collections.Specialized.dll
   8:8>ResolveAssemblyReferences:
             This reference is not "CopyLocal" because at least one source item had "Private" set to "false" and no source items had "Private" set to "true".
   7:7>ResolveAssemblyReferences:
             /usr/share/dotnet/packs/Microsoft.NETCore.App.Ref/8.0.21/ref/net8.0/System.Diagnostics.Tools.dll
   4:7>ResolveAssemblyReferences:
                 Private = 'false'
             /usr/share/dotnet/packs/Microsoft.NETCore.App.Ref/8.0.21/ref/net8.0/System.Collections.dll
   7:7>ResolveAssemblyReferences:
                 Private = 'false'
   4:7>ResolveAssemblyReferences:
                 Private = 'false'
   7:7>ResolveAssemblyReferences:
             /usr/share/dotnet/packs/Microsoft.NETCore.App.Ref/8.0.21/ref/net8.0/System.Diagnostics.TraceSource.dll
   8:8>ResolveAssemblyReferences:
             The ImageRuntimeVersion for this reference is "".
   4:7>ResolveAssemblyReferences:
             /usr/share/dotnet/packs/Microsoft.NETCore.App.Ref/8.0.21/ref/net8.0/System.ComponentModel.Annotations.dll
   7:7>ResolveAssemblyReferences:
                 Private = 'false'
   4:7>ResolveAssemblyReferences:
                 Private = 'false'
   7:7>ResolveAssemblyReferences:
             /usr/share/dotnet/packs/Microsoft.NETCore.App.Ref/8.0.21/ref/net8.0/System.Diagnostics.Tracing.dll
   4:7>ResolveAssemblyReferences:
             /usr/share/dotnet/packs/Microsoft.NETCore.App.Ref/8.0.21/ref/net8.0/System.ComponentModel.DataAnnotations.dll
   7:7>ResolveAssemblyReferences:
                 Private = 'false'
   8:8>ResolveAssemblyReferences:
         Primary reference "Microsoft.CSharp, Version=8.0.0.0, Culture=neutral, PublicKeyToken=b03f5f7f11d50a3a".
   4:7>ResolveAssemblyReferences:
                 Private = 'false'
   7:7>ResolveAssemblyReferences:
             /usr/share/dotnet/packs/Microsoft.NETCore.App.Ref/8.0.21/ref/net8.0/System.Drawing.Primitives.dll
   4:7>ResolveAssemblyReferences:
             /usr/share/dotnet/packs/Microsoft.NETCore.App.Ref/8.0.21/ref/net8.0/System.ComponentModel.EventBasedAsync.dll
   7:7>ResolveAssemblyReferences:
                 Private = 'false'
   4:7>ResolveAssemblyReferences:
                 Private = 'false'
   7:7>ResolveAssemblyReferences:
             /usr/share/dotnet/packs/Microsoft.NETCore.App.Ref/8.0.21/ref/net8.0/System.Drawing.dll
   8:8>ResolveAssemblyReferences:
             Resolved file path is "/usr/share/dotnet/packs/Microsoft.NETCore.App.Ref/8.0.21/ref/net8.0/Microsoft.CSharp.dll".
   4:7>ResolveAssemblyReferences:
             /usr/share/dotnet/packs/Microsoft.NETCore.App.Ref/8.0.21/ref/net8.0/System.ComponentModel.Primitives.dll
   7:7>ResolveAssemblyReferences:
                 Private = 'false'
   4:7>ResolveAssemblyReferences:
                 Private = 'false'
   7:7>ResolveAssemblyReferences:
             /usr/share/dotnet/packs/Microsoft.NETCore.App.Ref/8.0.21/ref/net8.0/System.Dynamic.Runtime.dll
   4:7>ResolveAssemblyReferences:
             /usr/share/dotnet/packs/Microsoft.NETCore.App.Ref/8.0.21/ref/net8.0/System.ComponentModel.TypeConverter.dll
   8:8>ResolveAssemblyReferences:
             Reference found at search path location "{RawFileName}".
   7:7>ResolveAssemblyReferences:
                 Private = 'false'
   4:7>ResolveAssemblyReferences:
                 Private = 'false'
   7:7>ResolveAssemblyReferences:
             /usr/share/dotnet/packs/Microsoft.NETCore.App.Ref/8.0.21/ref/net8.0/System.Formats.Asn1.dll
   4:7>ResolveAssemblyReferences:
             /usr/share/dotnet/packs/Microsoft.NETCore.App.Ref/8.0.21/ref/net8.0/System.ComponentModel.dll
   7:7>ResolveAssemblyReferences:
                 Private = 'false'
             /usr/share/dotnet/packs/Microsoft.NETCore.App.Ref/8.0.21/ref/net8.0/System.Formats.Tar.dll
   8:8>ResolveAssemblyReferences:
             This reference is not "CopyLocal" because at least one source item had "Private" set to "false" and no source items had "Private" set to "true".
   4:7>ResolveAssemblyReferences:
                 Private = 'false'
   7:7>ResolveAssemblyReferences:
                 Private = 'false'
             /usr/share/dotnet/packs/Microsoft.NETCore.App.Ref/8.0.21/ref/net8.0/System.Globalization.Calendars.dll
                 Private = 'false'
             /usr/share/dotnet/packs/Microsoft.NETCore.App.Ref/8.0.21/ref/net8.0/System.Globalization.Extensions.dll
   8:8>ResolveAssemblyReferences:
             The ImageRuntimeVersion for this reference is "".
   4:7>ResolveAssemblyReferences:
             /usr/share/dotnet/packs/Microsoft.NETCore.App.Ref/8.0.21/ref/net8.0/System.Configuration.dll
   7:7>ResolveAssemblyReferences:
                 Private = 'false'
             /usr/share/dotnet/packs/Microsoft.NETCore.App.Ref/8.0.21/ref/net8.0/System.Globalization.dll
   4:7>ResolveAssemblyReferences:
                 Private = 'false'
   7:7>ResolveAssemblyReferences:
                 Private = 'false'
   4:7>ResolveAssemblyReferences:
             /usr/share/dotnet/packs/Microsoft.NETCore.App.Ref/8.0.21/ref/net8.0/System.Console.dll
   8:8>ResolveAssemblyReferences:
         Primary reference "Microsoft.VisualBasic.Core, Version=13.0.0.0, Culture=neutral, PublicKeyToken=b03f5f7f11d50a3a".
   7:7>ResolveAssemblyReferences:
             /usr/share/dotnet/packs/Microsoft.NETCore.App.Ref/8.0.21/ref/net8.0/System.IO.Compression.Brotli.dll
   4:7>ResolveAssemblyReferences:
                 Private = 'false'
             /usr/share/dotnet/packs/Microsoft.NETCore.App.Ref/8.0.21/ref/net8.0/System.Core.dll
   7:7>ResolveAssemblyReferences:
                 Private = 'false'
   4:7>ResolveAssemblyReferences:
                 Private = 'false'
   7:7>ResolveAssemblyReferences:
             /usr/share/dotnet/packs/Microsoft.NETCore.App.Ref/8.0.21/ref/net8.0/System.IO.Compression.FileSystem.dll
   8:8>ResolveAssemblyReferences:
             Resolved file path is "/usr/share/dotnet/packs/Microsoft.NETCore.App.Ref/8.0.21/ref/net8.0/Microsoft.VisualBasic.Core.dll".
   4:7>ResolveAssemblyReferences:
             /usr/share/dotnet/packs/Microsoft.NETCore.App.Ref/8.0.21/ref/net8.0/System.Data.Common.dll
   7:7>ResolveAssemblyReferences:
                 Private = 'false'
   4:7>ResolveAssemblyReferences:
                 Private = 'false'
   7:7>ResolveAssemblyReferences:
             /usr/share/dotnet/packs/Microsoft.NETCore.App.Ref/8.0.21/ref/net8.0/System.IO.Compression.ZipFile.dll
   8:8>ResolveAssemblyReferences:
             Reference found at search path location "{RawFileName}".
   4:7>ResolveAssemblyReferences:
             /usr/share/dotnet/packs/Microsoft.NETCore.App.Ref/8.0.21/ref/net8.0/System.Data.DataSetExtensions.dll
   7:7>ResolveAssemblyReferences:
                 Private = 'false'
             /usr/share/dotnet/packs/Microsoft.NETCore.App.Ref/8.0.21/ref/net8.0/System.IO.Compression.dll
   4:7>ResolveAssemblyReferences:
                 Private = 'false'
   7:7>ResolveAssemblyReferences:
                 Private = 'false'
   4:7>ResolveAssemblyReferences:
             /usr/share/dotnet/packs/Microsoft.NETCore.App.Ref/8.0.21/ref/net8.0/System.Data.dll
   8:8>ResolveAssemblyReferences:
             This reference is not "CopyLocal" because at least one source item had "Private" set to "false" and no source items had "Private" set to "true".
   4:7>ResolveAssemblyReferences:
                 Private = 'false'
   7:7>ResolveAssemblyReferences:
             /usr/share/dotnet/packs/Microsoft.NETCore.App.Ref/8.0.21/ref/net8.0/System.IO.FileSystem.AccessControl.dll
   4:7>ResolveAssemblyReferences:
             /usr/share/dotnet/packs/Microsoft.NETCore.App.Ref/8.0.21/ref/net8.0/System.Diagnostics.Contracts.dll
   7:7>ResolveAssemblyReferences:
                 Private = 'false'
   8:8>ResolveAssemblyReferences:
             The ImageRuntimeVersion for this reference is "".
   4:7>ResolveAssemblyReferences:
                 Private = 'false'
   7:7>ResolveAssemblyReferences:
             /usr/share/dotnet/packs/Microsoft.NETCore.App.Ref/8.0.21/ref/net8.0/System.IO.FileSystem.DriveInfo.dll
                 Private = 'false'
             /usr/share/dotnet/packs/Microsoft.NETCore.App.Ref/8.0.21/ref/net8.0/System.IO.FileSystem.Primitives.dll
   4:7>ResolveAssemblyReferences:
             /usr/share/dotnet/packs/Microsoft.NETCore.App.Ref/8.0.21/ref/net8.0/System.Diagnostics.Debug.dll
   7:7>ResolveAssemblyReferences:
                 Private = 'false'
   8:8>ResolveAssemblyReferences:
         Primary reference "Microsoft.VisualBasic, Version=10.0.0.0, Culture=neutral, PublicKeyToken=b03f5f7f11d50a3a".
   4:7>ResolveAssemblyReferences:
                 Private = 'false'
   7:7>ResolveAssemblyReferences:
             /usr/share/dotnet/packs/Microsoft.NETCore.App.Ref/8.0.21/ref/net8.0/System.IO.FileSystem.Watcher.dll
   4:7>ResolveAssemblyReferences:
             /usr/share/dotnet/packs/Microsoft.NETCore.App.Ref/8.0.21/ref/net8.0/System.Diagnostics.DiagnosticSource.dll
   7:7>ResolveAssemblyReferences:
                 Private = 'false'
             /usr/share/dotnet/packs/Microsoft.NETCore.App.Ref/8.0.21/ref/net8.0/System.IO.FileSystem.dll
   4:7>ResolveAssemblyReferences:
                 Private = 'false'
   8:8>ResolveAssemblyReferences:
             Resolved file path is "/usr/share/dotnet/packs/Microsoft.NETCore.App.Ref/8.0.21/ref/net8.0/Microsoft.VisualBasic.dll".
   7:7>ResolveAssemblyReferences:
                 Private = 'false'
   4:7>ResolveAssemblyReferences:
             /usr/share/dotnet/packs/Microsoft.NETCore.App.Ref/8.0.21/ref/net8.0/System.Diagnostics.FileVersionInfo.dll
   7:7>ResolveAssemblyReferences:
             /usr/share/dotnet/packs/Microsoft.NETCore.App.Ref/8.0.21/ref/net8.0/System.IO.IsolatedStorage.dll
   4:7>ResolveAssemblyReferences:
                 Private = 'false'
   7:7>ResolveAssemblyReferences:
                 Private = 'false'
   4:7>ResolveAssemblyReferences:
             /usr/share/dotnet/packs/Microsoft.NETCore.App.Ref/8.0.21/ref/net8.0/System.Diagnostics.Process.dll
   8:8>ResolveAssemblyReferences:
             Reference found at search path location "{RawFileName}".
   7:7>ResolveAssemblyReferences:
             /usr/share/dotnet/packs/Microsoft.NETCore.App.Ref/8.0.21/ref/net8.0/System.IO.MemoryMappedFiles.dll
   4:7>ResolveAssemblyReferences:
                 Private = 'false'
   7:7>ResolveAssemblyReferences:
                 Private = 'false'
   4:7>ResolveAssemblyReferences:
             /usr/share/dotnet/packs/Microsoft.NETCore.App.Ref/8.0.21/ref/net8.0/System.Diagnostics.StackTrace.dll
   7:7>ResolveAssemblyReferences:
             /usr/share/dotnet/packs/Microsoft.NETCore.App.Ref/8.0.21/ref/net8.0/System.IO.Pipes.AccessControl.dll
   8:8>ResolveAssemblyReferences:
             This reference is not "CopyLocal" because at least one source item had "Private" set to "false" and no source items had "Private" set to "true".
   4:7>ResolveAssemblyReferences:
                 Private = 'false'
   7:7>ResolveAssemblyReferences:
                 Private = 'false'
   4:7>ResolveAssemblyReferences:
             /usr/share/dotnet/packs/Microsoft.NETCore.App.Ref/8.0.21/ref/net8.0/System.Diagnostics.TextWriterTraceListener.dll
   7:7>ResolveAssemblyReferences:
             /usr/share/dotnet/packs/Microsoft.NETCore.App.Ref/8.0.21/ref/net8.0/System.IO.Pipes.dll
   4:7>ResolveAssemblyReferences:
                 Private = 'false'
   8:8>ResolveAssemblyReferences:
             The ImageRuntimeVersion for this reference is "".
   7:7>ResolveAssemblyReferences:
                 Private = 'false'
   4:7>ResolveAssemblyReferences:
             /usr/share/dotnet/packs/Microsoft.NETCore.App.Ref/8.0.21/ref/net8.0/System.Diagnostics.Tools.dll
   7:7>ResolveAssemblyReferences:
             /usr/share/dotnet/packs/Microsoft.NETCore.App.Ref/8.0.21/ref/net8.0/System.IO.UnmanagedMemoryStream.dll
                 Private = 'false'
   4:7>ResolveAssemblyReferences:
                 Private = 'false'
   7:7>ResolveAssemblyReferences:
             /usr/share/dotnet/packs/Microsoft.NETCore.App.Ref/8.0.21/ref/net8.0/System.IO.dll
   8:8>ResolveAssemblyReferences:
         Primary reference "Microsoft.Win32.Primitives, Version=8.0.0.0, Culture=neutral, PublicKeyToken=b03f5f7f11d50a3a".
   4:7>ResolveAssemblyReferences:
             /usr/share/dotnet/packs/Microsoft.NETCore.App.Ref/8.0.21/ref/net8.0/System.Diagnostics.TraceSource.dll
   7:7>ResolveAssemblyReferences:
                 Private = 'false'
   4:7>ResolveAssemblyReferences:
                 Private = 'false'
   7:7>ResolveAssemblyReferences:
             /usr/share/dotnet/packs/Microsoft.NETCore.App.Ref/8.0.21/ref/net8.0/System.Linq.Expressions.dll
   4:7>ResolveAssemblyReferences:
             /usr/share/dotnet/packs/Microsoft.NETCore.App.Ref/8.0.21/ref/net8.0/System.Diagnostics.Tracing.dll
   8:8>ResolveAssemblyReferences:
             Resolved file path is "/usr/share/dotnet/packs/Microsoft.NETCore.App.Ref/8.0.21/ref/net8.0/Microsoft.Win32.Primitives.dll".
   7:7>ResolveAssemblyReferences:
                 Private = 'false'
   4:7>ResolveAssemblyReferences:
                 Private = 'false'
   7:7>ResolveAssemblyReferences:
             /usr/share/dotnet/packs/Microsoft.NETCore.App.Ref/8.0.21/ref/net8.0/System.Linq.Parallel.dll
   4:7>ResolveAssemblyReferences:
             /usr/share/dotnet/packs/Microsoft.NETCore.App.Ref/8.0.21/ref/net8.0/System.Drawing.Primitives.dll
   7:7>ResolveAssemblyReferences:
                 Private = 'false'
   4:7>ResolveAssemblyReferences:
                 Private = 'false'
   8:8>ResolveAssemblyReferences:
             Reference found at search path location "{RawFileName}".
   7:7>ResolveAssemblyReferences:
             /usr/share/dotnet/packs/Microsoft.NETCore.App.Ref/8.0.21/ref/net8.0/System.Linq.Queryable.dll
   4:7>ResolveAssemblyReferences:
             /usr/share/dotnet/packs/Microsoft.NETCore.App.Ref/8.0.21/ref/net8.0/System.Drawing.dll
   7:7>ResolveAssemblyReferences:
                 Private = 'false'
   4:7>ResolveAssemblyReferences:
                 Private = 'false'
   7:7>ResolveAssemblyReferences:
             /usr/share/dotnet/packs/Microsoft.NETCore.App.Ref/8.0.21/ref/net8.0/System.Linq.dll
   8:8>ResolveAssemblyReferences:
             This reference is not "CopyLocal" because at least one source item had "Private" set to "false" and no source items had "Private" set to "true".
   4:7>ResolveAssemblyReferences:
             /usr/share/dotnet/packs/Microsoft.NETCore.App.Ref/8.0.21/ref/net8.0/System.Dynamic.Runtime.dll
   7:7>ResolveAssemblyReferences:
                 Private = 'false'
             /usr/share/dotnet/packs/Microsoft.NETCore.App.Ref/8.0.21/ref/net8.0/System.Memory.dll
   4:7>ResolveAssemblyReferences:
                 Private = 'false'
   7:7>ResolveAssemblyReferences:
                 Private = 'false'
   4:7>ResolveAssemblyReferences:
             /usr/share/dotnet/packs/Microsoft.NETCore.App.Ref/8.0.21/ref/net8.0/System.Formats.Asn1.dll
   7:7>ResolveAssemblyReferences:
             /usr/share/dotnet/packs/Microsoft.NETCore.App.Ref/8.0.21/ref/net8.0/System.Net.Http.Json.dll
   8:8>ResolveAssemblyReferences:
             The ImageRuntimeVersion for this reference is "".
   7:7>ResolveAssemblyReferences:
                 Private = 'false'
   4:7>ResolveAssemblyReferences:
                 Private = 'false'
   7:7>ResolveAssemblyReferences:
             /usr/share/dotnet/packs/Microsoft.NETCore.App.Ref/8.0.21/ref/net8.0/System.Net.Http.dll
                 Private = 'false'
   4:7>ResolveAssemblyReferences:
             /usr/share/dotnet/packs/Microsoft.NETCore.App.Ref/8.0.21/ref/net8.0/System.Formats.Tar.dll
   7:7>ResolveAssemblyReferences:
             /usr/share/dotnet/packs/Microsoft.NETCore.App.Ref/8.0.21/ref/net8.0/System.Net.HttpListener.dll
   4:7>ResolveAssemblyReferences:
                 Private = 'false'
   8:8>ResolveAssemblyReferences:
         Primary reference "Microsoft.Win32.Registry, Version=8.0.0.0, Culture=neutral, PublicKeyToken=b03f5f7f11d50a3a".
   7:7>ResolveAssemblyReferences:
                 Private = 'false'
             /usr/share/dotnet/packs/Microsoft.NETCore.App.Ref/8.0.21/ref/net8.0/System.Net.Mail.dll
   4:7>ResolveAssemblyReferences:
             /usr/share/dotnet/packs/Microsoft.NETCore.App.Ref/8.0.21/ref/net8.0/System.Globalization.Calendars.dll
   7:7>ResolveAssemblyReferences:
                 Private = 'false'
   4:7>ResolveAssemblyReferences:
                 Private = 'false'
   7:7>ResolveAssemblyReferences:
             /usr/share/dotnet/packs/Microsoft.NETCore.App.Ref/8.0.21/ref/net8.0/System.Net.NameResolution.dll
                 Private = 'false'
   4:7>ResolveAssemblyReferences:
             /usr/share/dotnet/packs/Microsoft.NETCore.App.Ref/8.0.21/ref/net8.0/System.Globalization.Extensions.dll
   8:8>ResolveAssemblyReferences:
             Resolved file path is "/usr/share/dotnet/packs/Microsoft.NETCore.App.Ref/8.0.21/ref/net8.0/Microsoft.Win32.Registry.dll".
   7:7>ResolveAssemblyReferences:
             /usr/share/dotnet/packs/Microsoft.NETCore.App.Ref/8.0.21/ref/net8.0/System.Net.NetworkInformation.dll
   4:7>ResolveAssemblyReferences:
                 Private = 'false'
   7:7>ResolveAssemblyReferences:
                 Private = 'false'
             /usr/share/dotnet/packs/Microsoft.NETCore.App.Ref/8.0.21/ref/net8.0/System.Net.Ping.dll
   4:7>ResolveAssemblyReferences:
             /usr/share/dotnet/packs/Microsoft.NETCore.App.Ref/8.0.21/ref/net8.0/System.Globalization.dll
   8:8>ResolveAssemblyReferences:
             Reference found at search path location "{RawFileName}".
   7:7>ResolveAssemblyReferences:
                 Private = 'false'
             /usr/share/dotnet/packs/Microsoft.NETCore.App.Ref/8.0.21/ref/net8.0/System.Net.Primitives.dll
   4:7>ResolveAssemblyReferences:
                 Private = 'false'
   7:7>ResolveAssemblyReferences:
                 Private = 'false'
   4:7>ResolveAssemblyReferences:
             /usr/share/dotnet/packs/Microsoft.NETCore.App.Ref/8.0.21/ref/net8.0/System.IO.Compression.Brotli.dll
   7:7>ResolveAssemblyReferences:
             /usr/share/dotnet/packs/Microsoft.NETCore.App.Ref/8.0.21/ref/net8.0/System.Net.Quic.dll
                 Private = 'false'
   8:8>ResolveAssemblyReferences:
             This reference is not "CopyLocal" because at least one source item had "Private" set to "false" and no source items had "Private" set to "true".
   4:7>ResolveAssemblyReferences:
                 Private = 'false'
   7:7>ResolveAssemblyReferences:
             /usr/share/dotnet/packs/Microsoft.NETCore.App.Ref/8.0.21/ref/net8.0/System.Net.Requests.dll
   4:7>ResolveAssemblyReferences:
             /usr/share/dotnet/packs/Microsoft.NETCore.App.Ref/8.0.21/ref/net8.0/System.IO.Compression.FileSystem.dll
   7:7>ResolveAssemblyReferences:
                 Private = 'false'
             /usr/share/dotnet/packs/Microsoft.NETCore.App.Ref/8.0.21/ref/net8.0/System.Net.Security.dll
   4:7>ResolveAssemblyReferences:
                 Private = 'false'
   8:8>ResolveAssemblyReferences:
             The ImageRuntimeVersion for this reference is "".
   7:7>ResolveAssemblyReferences:
                 Private = 'false'
   4:7>ResolveAssemblyReferences:
             /usr/share/dotnet/packs/Microsoft.NETCore.App.Ref/8.0.21/ref/net8.0/System.IO.Compression.ZipFile.dll
   7:7>ResolveAssemblyReferences:
             /usr/share/dotnet/packs/Microsoft.NETCore.App.Ref/8.0.21/ref/net8.0/System.Net.ServicePoint.dll
                 Private = 'false'
   4:7>ResolveAssemblyReferences:
                 Private = 'false'
   7:7>ResolveAssemblyReferences:
             /usr/share/dotnet/packs/Microsoft.NETCore.App.Ref/8.0.21/ref/net8.0/System.Net.Sockets.dll
   4:7>ResolveAssemblyReferences:
             /usr/share/dotnet/packs/Microsoft.NETCore.App.Ref/8.0.21/ref/net8.0/System.IO.Compression.dll
   8:8>ResolveAssemblyReferences:
         Primary reference "System.AppContext, Version=8.0.0.0, Culture=neutral, PublicKeyToken=b03f5f7f11d50a3a".
   7:7>ResolveAssemblyReferences:
                 Private = 'false'
             /usr/share/dotnet/packs/Microsoft.NETCore.App.Ref/8.0.21/ref/net8.0/System.Net.WebClient.dll
   4:7>ResolveAssemblyReferences:
                 Private = 'false'
   7:7>ResolveAssemblyReferences:
                 Private = 'false'
   4:7>ResolveAssemblyReferences:
             /usr/share/dotnet/packs/Microsoft.NETCore.App.Ref/8.0.21/ref/net8.0/System.IO.FileSystem.AccessControl.dll
   7:7>ResolveAssemblyReferences:
             /usr/share/dotnet/packs/Microsoft.NETCore.App.Ref/8.0.21/ref/net8.0/System.Net.WebHeaderCollection.dll
   4:7>ResolveAssemblyReferences:
                 Private = 'false'
   7:7>ResolveAssemblyReferences:
                 Private = 'false'
   8:8>ResolveAssemblyReferences:
             Resolved file path is "/usr/share/dotnet/packs/Microsoft.NETCore.App.Ref/8.0.21/ref/net8.0/System.AppContext.dll".
   7:7>ResolveAssemblyReferences:
             /usr/share/dotnet/packs/Microsoft.NETCore.App.Ref/8.0.21/ref/net8.0/System.Net.WebProxy.dll
   4:7>ResolveAssemblyReferences:
             /usr/share/dotnet/packs/Microsoft.NETCore.App.Ref/8.0.21/ref/net8.0/System.IO.FileSystem.DriveInfo.dll
   7:7>ResolveAssemblyReferences:
                 Private = 'false'
   4:7>ResolveAssemblyReferences:
                 Private = 'false'
   7:7>ResolveAssemblyReferences:
             /usr/share/dotnet/packs/Microsoft.NETCore.App.Ref/8.0.21/ref/net8.0/System.Net.WebSockets.Client.dll
   8:8>ResolveAssemblyReferences:
             Reference found at search path location "{RawFileName}".
   4:7>ResolveAssemblyReferences:
             /usr/share/dotnet/packs/Microsoft.NETCore.App.Ref/8.0.21/ref/net8.0/System.IO.FileSystem.Primitives.dll
   7:7>ResolveAssemblyReferences:
                 Private = 'false'
   4:7>ResolveAssemblyReferences:
                 Private = 'false'
   7:7>ResolveAssemblyReferences:
             /usr/share/dotnet/packs/Microsoft.NETCore.App.Ref/8.0.21/ref/net8.0/System.Net.WebSockets.dll
   4:7>ResolveAssemblyReferences:
             /usr/share/dotnet/packs/Microsoft.NETCore.App.Ref/8.0.21/ref/net8.0/System.IO.FileSystem.Watcher.dll
   7:7>ResolveAssemblyReferences:
                 Private = 'false'
             /usr/share/dotnet/packs/Microsoft.NETCore.App.Ref/8.0.21/ref/net8.0/System.Net.dll
   8:8>ResolveAssemblyReferences:
             This reference is not "CopyLocal" because at least one source item had "Private" set to "false" and no source items had "Private" set to "true".
   4:7>ResolveAssemblyReferences:
                 Private = 'false'
   7:7>ResolveAssemblyReferences:
                 Private = 'false'
   4:7>ResolveAssemblyReferences:
             /usr/share/dotnet/packs/Microsoft.NETCore.App.Ref/8.0.21/ref/net8.0/System.IO.FileSystem.dll
   7:7>ResolveAssemblyReferences:
             /usr/share/dotnet/packs/Microsoft.NETCore.App.Ref/8.0.21/ref/net8.0/System.Numerics.Vectors.dll
   4:7>ResolveAssemblyReferences:
                 Private = 'false'
   7:7>ResolveAssemblyReferences:
                 Private = 'false'
   8:8>ResolveAssemblyReferences:
             The ImageRuntimeVersion for this reference is "".
   7:7>ResolveAssemblyReferences:
             /usr/share/dotnet/packs/Microsoft.NETCore.App.Ref/8.0.21/ref/net8.0/System.Numerics.dll
   4:7>ResolveAssemblyReferences:
             /usr/share/dotnet/packs/Microsoft.NETCore.App.Ref/8.0.21/ref/net8.0/System.IO.IsolatedStorage.dll
   7:7>ResolveAssemblyReferences:
                 Private = 'false'
   4:7>ResolveAssemblyReferences:
                 Private = 'false'
   7:7>ResolveAssemblyReferences:
             /usr/share/dotnet/packs/Microsoft.NETCore.App.Ref/8.0.21/ref/net8.0/System.ObjectModel.dll
   4:7>ResolveAssemblyReferences:
             /usr/share/dotnet/packs/Microsoft.NETCore.App.Ref/8.0.21/ref/net8.0/System.IO.MemoryMappedFiles.dll
   7:7>ResolveAssemblyReferences:
                 Private = 'false'
   8:8>ResolveAssemblyReferences:
         Primary reference "System.Buffers, Version=8.0.0.0, Culture=neutral, PublicKeyToken=cc7b13ffcd2ddd51".
   4:7>ResolveAssemblyReferences:
                 Private = 'false'
   7:7>ResolveAssemblyReferences:
             /usr/share/dotnet/packs/Microsoft.NETCore.App.Ref/8.0.21/ref/net8.0/System.Reflection.DispatchProxy.dll
                 Private = 'false'
   4:7>ResolveAssemblyReferences:
             /usr/share/dotnet/packs/Microsoft.NETCore.App.Ref/8.0.21/ref/net8.0/System.IO.Pipes.AccessControl.dll
                 Private = 'false'
   7:7>ResolveAssemblyReferences:
             /usr/share/dotnet/packs/Microsoft.NETCore.App.Ref/8.0.21/ref/net8.0/System.Reflection.Emit.ILGeneration.dll
   8:8>ResolveAssemblyReferences:
             Resolved file path is "/usr/share/dotnet/packs/Microsoft.NETCore.App.Ref/8.0.21/ref/net8.0/System.Buffers.dll".
   4:7>ResolveAssemblyReferences:
             /usr/share/dotnet/packs/Microsoft.NETCore.App.Ref/8.0.21/ref/net8.0/System.IO.Pipes.dll
   7:7>ResolveAssemblyReferences:
                 Private = 'false'
   4:7>ResolveAssemblyReferences:
                 Private = 'false'
   7:7>ResolveAssemblyReferences:
             /usr/share/dotnet/packs/Microsoft.NETCore.App.Ref/8.0.21/ref/net8.0/System.Reflection.Emit.Lightweight.dll
   8:8>ResolveAssemblyReferences:
             Reference found at search path location "{RawFileName}".
   4:7>ResolveAssemblyReferences:
             /usr/share/dotnet/packs/Microsoft.NETCore.App.Ref/8.0.21/ref/net8.0/System.IO.UnmanagedMemoryStream.dll
   7:7>ResolveAssemblyReferences:
                 Private = 'false'
   4:7>ResolveAssemblyReferences:
                 Private = 'false'
   7:7>ResolveAssemblyReferences:
             /usr/share/dotnet/packs/Microsoft.NETCore.App.Ref/8.0.21/ref/net8.0/System.Reflection.Emit.dll
   4:7>ResolveAssemblyReferences:
             /usr/share/dotnet/packs/Microsoft.NETCore.App.Ref/8.0.21/ref/net8.0/System.IO.dll
   7:7>ResolveAssemblyReferences:
                 Private = 'false'
   8:8>ResolveAssemblyReferences:
             This reference is not "CopyLocal" because at least one source item had "Private" set to "false" and no source items had "Private" set to "true".
   4:7>ResolveAssemblyReferences:
                 Private = 'false'
   7:7>ResolveAssemblyReferences:
             /usr/share/dotnet/packs/Microsoft.NETCore.App.Ref/8.0.21/ref/net8.0/System.Reflection.Extensions.dll
   4:7>ResolveAssemblyReferences:
             /usr/share/dotnet/packs/Microsoft.NETCore.App.Ref/8.0.21/ref/net8.0/System.Linq.Expressions.dll
   7:7>ResolveAssemblyReferences:
                 Private = 'false'
   4:7>ResolveAssemblyReferences:
                 Private = 'false'
   7:7>ResolveAssemblyReferences:
             /usr/share/dotnet/packs/Microsoft.NETCore.App.Ref/8.0.21/ref/net8.0/System.Reflection.Metadata.dll
   8:8>ResolveAssemblyReferences:
             The ImageRuntimeVersion for this reference is "".
   4:7>ResolveAssemblyReferences:
             /usr/share/dotnet/packs/Microsoft.NETCore.App.Ref/8.0.21/ref/net8.0/System.Linq.Parallel.dll
   7:7>ResolveAssemblyReferences:
                 Private = 'false'
   4:7>ResolveAssemblyReferences:
                 Private = 'false'
   7:7>ResolveAssemblyReferences:
             /usr/share/dotnet/packs/Microsoft.NETCore.App.Ref/8.0.21/ref/net8.0/System.Reflection.Primitives.dll
   4:7>ResolveAssemblyReferences:
             /usr/share/dotnet/packs/Microsoft.NETCore.App.Ref/8.0.21/ref/net8.0/System.Linq.Queryable.dll
   7:7>ResolveAssemblyReferences:
                 Private = 'false'
   8:8>ResolveAssemblyReferences:
         Primary reference "System.Collections.Concurrent, Version=8.0.0.0, Culture=neutral, PublicKeyToken=b03f5f7f11d50a3a".
   4:7>ResolveAssemblyReferences:
                 Private = 'false'
   7:7>ResolveAssemblyReferences:
             /usr/share/dotnet/packs/Microsoft.NETCore.App.Ref/8.0.21/ref/net8.0/System.Reflection.TypeExtensions.dll
                 Private = 'false'
   4:7>ResolveAssemblyReferences:
             /usr/share/dotnet/packs/Microsoft.NETCore.App.Ref/8.0.21/ref/net8.0/System.Linq.dll
   7:7>ResolveAssemblyReferences:
             /usr/share/dotnet/packs/Microsoft.NETCore.App.Ref/8.0.21/ref/net8.0/System.Reflection.dll
   4:7>ResolveAssemblyReferences:
                 Private = 'false'
   7:7>ResolveAssemblyReferences:
                 Private = 'false'
   8:8>ResolveAssemblyReferences:
             Resolved file path is "/usr/share/dotnet/packs/Microsoft.NETCore.App.Ref/8.0.21/ref/net8.0/System.Collections.Concurrent.dll".
   7:7>ResolveAssemblyReferences:
             /usr/share/dotnet/packs/Microsoft.NETCore.App.Ref/8.0.21/ref/net8.0/System.Resources.Reader.dll
   4:7>ResolveAssemblyReferences:
             /usr/share/dotnet/packs/Microsoft.NETCore.App.Ref/8.0.21/ref/net8.0/System.Memory.dll
   7:7>ResolveAssemblyReferences:
                 Private = 'false'
   4:7>ResolveAssemblyReferences:
                 Private = 'false'
   7:7>ResolveAssemblyReferences:
             /usr/share/dotnet/packs/Microsoft.NETCore.App.Ref/8.0.21/ref/net8.0/System.Resources.ResourceManager.dll
                 Private = 'false'
   4:7>ResolveAssemblyReferences:
             /usr/share/dotnet/packs/Microsoft.NETCore.App.Ref/8.0.21/ref/net8.0/System.Net.Http.Json.dll
   8:8>ResolveAssemblyReferences:
             Reference found at search path location "{RawFileName}".
   7:7>ResolveAssemblyReferences:
             /usr/share/dotnet/packs/Microsoft.NETCore.App.Ref/8.0.21/ref/net8.0/System.Resources.Writer.dll
   4:7>ResolveAssemblyReferences:
                 Private = 'false'
   7:7>ResolveAssemblyReferences:
                 Private = 'false'
             /usr/share/dotnet/packs/Microsoft.NETCore.App.Ref/8.0.21/ref/net8.0/System.Runtime.CompilerServices.Unsafe.dll
   4:7>ResolveAssemblyReferences:
             /usr/share/dotnet/packs/Microsoft.NETCore.App.Ref/8.0.21/ref/net8.0/System.Net.Http.dll
   7:7>ResolveAssemblyReferences:
                 Private = 'false'
   8:8>ResolveAssemblyReferences:
             This reference is not "CopyLocal" because at least one source item had "Private" set to "false" and no source items had "Private" set to "true".
   4:7>ResolveAssemblyReferences:
                 Private = 'false'
   7:7>ResolveAssemblyReferences:
             /usr/share/dotnet/packs/Microsoft.NETCore.App.Ref/8.0.21/ref/net8.0/System.Runtime.CompilerServices.VisualC.dll
   4:7>ResolveAssemblyReferences:
             /usr/share/dotnet/packs/Microsoft.NETCore.App.Ref/8.0.21/ref/net8.0/System.Net.HttpListener.dll
   7:7>ResolveAssemblyReferences:
                 Private = 'false'
             /usr/share/dotnet/packs/Microsoft.NETCore.App.Ref/8.0.21/ref/net8.0/System.Runtime.Extensions.dll
   4:7>ResolveAssemblyReferences:
                 Private = 'false'
   7:7>ResolveAssemblyReferences:
                 Private = 'false'
   8:8>ResolveAssemblyReferences:
             The ImageRuntimeVersion for this reference is "".
   4:7>ResolveAssemblyReferences:
             /usr/share/dotnet/packs/Microsoft.NETCore.App.Ref/8.0.21/ref/net8.0/System.Net.Mail.dll
   7:7>ResolveAssemblyReferences:
             /usr/share/dotnet/packs/Microsoft.NETCore.App.Ref/8.0.21/ref/net8.0/System.Runtime.Handles.dll
   4:7>ResolveAssemblyReferences:
                 Private = 'false'
   7:7>ResolveAssemblyReferences:
                 Private = 'false'
             /usr/share/dotnet/packs/Microsoft.NETCore.App.Ref/8.0.21/ref/net8.0/System.Runtime.InteropServices.JavaScript.dll
   4:7>ResolveAssemblyReferences:
             /usr/share/dotnet/packs/Microsoft.NETCore.App.Ref/8.0.21/ref/net8.0/System.Net.NameResolution.dll
   7:7>ResolveAssemblyReferences:
                 Private = 'false'
   8:8>ResolveAssemblyReferences:
         Primary reference "System.Collections.Immutable, Version=8.0.0.0, Culture=neutral, PublicKeyToken=b03f5f7f11d50a3a".
   4:7>ResolveAssemblyReferences:
                 Private = 'false'
   7:7>ResolveAssemblyReferences:
             /usr/share/dotnet/packs/Microsoft.NETCore.App.Ref/8.0.21/ref/net8.0/System.Runtime.InteropServices.RuntimeInformation.dll
   4:7>ResolveAssemblyReferences:
             /usr/share/dotnet/packs/Microsoft.NETCore.App.Ref/8.0.21/ref/net8.0/System.Net.NetworkInformation.dll
   7:7>ResolveAssemblyReferences:
                 Private = 'false'
   4:7>ResolveAssemblyReferences:
                 Private = 'false'
   7:7>ResolveAssemblyReferences:
             /usr/share/dotnet/packs/Microsoft.NETCore.App.Ref/8.0.21/ref/net8.0/System.Runtime.InteropServices.dll
   8:8>ResolveAssemblyReferences:
             Resolved file path is "/usr/share/dotnet/packs/Microsoft.NETCore.App.Ref/8.0.21/ref/net8.0/System.Collections.Immutable.dll".
   4:7>ResolveAssemblyReferences:
             /usr/share/dotnet/packs/Microsoft.NETCore.App.Ref/8.0.21/ref/net8.0/System.Net.Ping.dll
   7:7>ResolveAssemblyReferences:
                 Private = 'false'
   4:7>ResolveAssemblyReferences:
                 Private = 'false'
   7:7>ResolveAssemblyReferences:
             /usr/share/dotnet/packs/Microsoft.NETCore.App.Ref/8.0.21/ref/net8.0/System.Runtime.Intrinsics.dll
   4:7>ResolveAssemblyReferences:
             /usr/share/dotnet/packs/Microsoft.NETCore.App.Ref/8.0.21/ref/net8.0/System.Net.Primitives.dll
   8:8>ResolveAssemblyReferences:
             Reference found at search path location "{RawFileName}".
   7:7>ResolveAssemblyReferences:
                 Private = 'false'
   4:7>ResolveAssemblyReferences:
                 Private = 'false'
   7:7>ResolveAssemblyReferences:
             /usr/share/dotnet/packs/Microsoft.NETCore.App.Ref/8.0.21/ref/net8.0/System.Runtime.Loader.dll
   4:7>ResolveAssemblyReferences:
             /usr/share/dotnet/packs/Microsoft.NETCore.App.Ref/8.0.21/ref/net8.0/System.Net.Quic.dll
   7:7>ResolveAssemblyReferences:
                 Private = 'false'
   8:8>ResolveAssemblyReferences:
             This reference is not "CopyLocal" because at least one source item had "Private" set to "false" and no source items had "Private" set to "true".
   7:7>ResolveAssemblyReferences:
             /usr/share/dotnet/packs/Microsoft.NETCore.App.Ref/8.0.21/ref/net8.0/System.Runtime.Numerics.dll
   4:7>ResolveAssemblyReferences:
                 Private = 'false'
   7:7>ResolveAssemblyReferences:
                 Private = 'false'
   4:7>ResolveAssemblyReferences:
             /usr/share/dotnet/packs/Microsoft.NETCore.App.Ref/8.0.21/ref/net8.0/System.Net.Requests.dll
   7:7>ResolveAssemblyReferences:
             /usr/share/dotnet/packs/Microsoft.NETCore.App.Ref/8.0.21/ref/net8.0/System.Runtime.Serialization.Formatters.dll
   4:7>ResolveAssemblyReferences:
                 Private = 'false'
   8:8>ResolveAssemblyReferences:
             The ImageRuntimeVersion for this reference is "".
   7:7>ResolveAssemblyReferences:
                 Private = 'false'
   4:7>ResolveAssemblyReferences:
             /usr/share/dotnet/packs/Microsoft.NETCore.App.Ref/8.0.21/ref/net8.0/System.Net.Security.dll
   7:7>ResolveAssemblyReferences:
             /usr/share/dotnet/packs/Microsoft.NETCore.App.Ref/8.0.21/ref/net8.0/System.Runtime.Serialization.Json.dll
   4:7>ResolveAssemblyReferences:
                 Private = 'false'
   7:7>ResolveAssemblyReferences:
                 Private = 'false'
   4:7>ResolveAssemblyReferences:
             /usr/share/dotnet/packs/Microsoft.NETCore.App.Ref/8.0.21/ref/net8.0/System.Net.ServicePoint.dll
   8:8>ResolveAssemblyReferences:
         Primary reference "System.Collections.NonGeneric, Version=8.0.0.0, Culture=neutral, PublicKeyToken=b03f5f7f11d50a3a".
   7:7>ResolveAssemblyReferences:
             /usr/share/dotnet/packs/Microsoft.NETCore.App.Ref/8.0.21/ref/net8.0/System.Runtime.Serialization.Primitives.dll
   4:7>ResolveAssemblyReferences:
                 Private = 'false'
   7:7>ResolveAssemblyReferences:
                 Private = 'false'
             /usr/share/dotnet/packs/Microsoft.NETCore.App.Ref/8.0.21/ref/net8.0/System.Runtime.Serialization.Xml.dll
   8:8>ResolveAssemblyReferences:
             Resolved file path is "/usr/share/dotnet/packs/Microsoft.NETCore.App.Ref/8.0.21/ref/net8.0/System.Collections.NonGeneric.dll".
   4:7>ResolveAssemblyReferences:
             /usr/share/dotnet/packs/Microsoft.NETCore.App.Ref/8.0.21/ref/net8.0/System.Net.Sockets.dll
   7:7>ResolveAssemblyReferences:
                 Private = 'false'
   4:7>ResolveAssemblyReferences:
                 Private = 'false'
   7:7>ResolveAssemblyReferences:
             /usr/share/dotnet/packs/Microsoft.NETCore.App.Ref/8.0.21/ref/net8.0/System.Runtime.Serialization.dll
   4:7>ResolveAssemblyReferences:
             /usr/share/dotnet/packs/Microsoft.NETCore.App.Ref/8.0.21/ref/net8.0/System.Net.WebClient.dll
   7:7>ResolveAssemblyReferences:
                 Private = 'false'
   8:8>ResolveAssemblyReferences:
             Reference found at search path location "{RawFileName}".
   7:7>ResolveAssemblyReferences:
             /usr/share/dotnet/packs/Microsoft.NETCore.App.Ref/8.0.21/ref/net8.0/System.Runtime.dll
   4:7>ResolveAssemblyReferences:
                 Private = 'false'
   5:7>Done executing task "ResolveTargetingPackAssets".
   7:7>ResolveAssemblyReferences:
                 Private = 'false'
   4:7>ResolveAssemblyReferences:
             /usr/share/dotnet/packs/Microsoft.NETCore.App.Ref/8.0.21/ref/net8.0/System.Net.WebHeaderCollection.dll
   8:8>ResolveAssemblyReferences:
             This reference is not "CopyLocal" because at least one source item had "Private" set to "false" and no source items had "Private" set to "true".
   4:7>ResolveAssemblyReferences:
                 Private = 'false'
   7:7>ResolveAssemblyReferences:
             /usr/share/dotnet/packs/Microsoft.NETCore.App.Ref/8.0.21/ref/net8.0/System.Security.AccessControl.dll
   5:7>Done building target "ResolveTargetingPackAssets" in project "KChief.Protocols.OPC.csproj".
   4:7>ResolveAssemblyReferences:
             /usr/share/dotnet/packs/Microsoft.NETCore.App.Ref/8.0.21/ref/net8.0/System.Net.WebProxy.dll
   7:7>ResolveAssemblyReferences:
                 Private = 'false'
   4:7>ResolveAssemblyReferences:
                 Private = 'false'
   7:7>ResolveAssemblyReferences:
             /usr/share/dotnet/packs/Microsoft.NETCore.App.Ref/8.0.21/ref/net8.0/System.Security.Claims.dll
   8:8>ResolveAssemblyReferences:
             The ImageRuntimeVersion for this reference is "".
   5:7>Target "ResolveOffByDefaultAnalyzers" in file "/usr/share/dotnet/sdk/8.0.415/Sdks/Microsoft.NET.Sdk/targets/Microsoft.NET.Sdk.FrameworkReferenceResolution.targets" from project "/home/saidul/Desktop/K-Chief Marine Automation Platform/src/KChief.Protocols.OPC/KChief.Protocols.OPC.csproj" (target "_HandlePackageFileConflicts" depends on it):
   5:7>Done building target "ResolveOffByDefaultAnalyzers" in project "KChief.Protocols.OPC.csproj".
   7:7>ResolveAssemblyReferences:
                 Private = 'false'
   4:7>ResolveAssemblyReferences:
             /usr/share/dotnet/packs/Microsoft.NETCore.App.Ref/8.0.21/ref/net8.0/System.Net.WebSockets.Client.dll
   7:7>ResolveAssemblyReferences:
             /usr/share/dotnet/packs/Microsoft.NETCore.App.Ref/8.0.21/ref/net8.0/System.Security.Cryptography.Algorithms.dll
   4:7>ResolveAssemblyReferences:
                 Private = 'false'
   7:7>ResolveAssemblyReferences:
                 Private = 'false'
   8:8>ResolveAssemblyReferences:
         Primary reference "System.Collections.Specialized, Version=8.0.0.0, Culture=neutral, PublicKeyToken=b03f5f7f11d50a3a".
   5:7>Target "_HandlePackageFileConflicts" in file "/usr/share/dotnet/sdk/8.0.415/Sdks/Microsoft.NET.Sdk/targets/Microsoft.NET.ConflictResolution.targets" from project "/home/saidul/Desktop/K-Chief Marine Automation Platform/src/KChief.Protocols.OPC/KChief.Protocols.OPC.csproj" (target "ResolveAssemblyReferences" depends on it):
   5:7>Using "ResolvePackageFileConflicts" task from assembly "/usr/share/dotnet/sdk/8.0.415/Sdks/Microsoft.NET.Sdk/targets/../tools/net8.0/Microsoft.NET.Build.Tasks.dll".
   4:7>ResolveAssemblyReferences:
             /usr/share/dotnet/packs/Microsoft.NETCore.App.Ref/8.0.21/ref/net8.0/System.Net.WebSockets.dll
   7:7>ResolveAssemblyReferences:
             /usr/share/dotnet/packs/Microsoft.NETCore.App.Ref/8.0.21/ref/net8.0/System.Security.Cryptography.Cng.dll
   5:7>Task "ResolvePackageFileConflicts"
   4:7>ResolveAssemblyReferences:
                 Private = 'false'
   7:7>ResolveAssemblyReferences:
                 Private = 'false'
   4:7>ResolveAssemblyReferences:
             /usr/share/dotnet/packs/Microsoft.NETCore.App.Ref/8.0.21/ref/net8.0/System.Net.dll
   7:7>ResolveAssemblyReferences:
             /usr/share/dotnet/packs/Microsoft.NETCore.App.Ref/8.0.21/ref/net8.0/System.Security.Cryptography.Csp.dll
   8:8>ResolveAssemblyReferences:
             Resolved file path is "/usr/share/dotnet/packs/Microsoft.NETCore.App.Ref/8.0.21/ref/net8.0/System.Collections.Specialized.dll".
   4:7>ResolveAssemblyReferences:
                 Private = 'false'
   7:7>ResolveAssemblyReferences:
                 Private = 'false'
   4:7>ResolveAssemblyReferences:
             /usr/share/dotnet/packs/Microsoft.NETCore.App.Ref/8.0.21/ref/net8.0/System.Numerics.Vectors.dll
   7:7>ResolveAssemblyReferences:
             /usr/share/dotnet/packs/Microsoft.NETCore.App.Ref/8.0.21/ref/net8.0/System.Security.Cryptography.Encoding.dll
   4:7>ResolveAssemblyReferences:
                 Private = 'false'
   7:7>ResolveAssemblyReferences:
                 Private = 'false'
   8:8>ResolveAssemblyReferences:
             Reference found at search path location "{RawFileName}".
   7:7>ResolveAssemblyReferences:
             /usr/share/dotnet/packs/Microsoft.NETCore.App.Ref/8.0.21/ref/net8.0/System.Security.Cryptography.OpenSsl.dll
   4:7>ResolveAssemblyReferences:
             /usr/share/dotnet/packs/Microsoft.NETCore.App.Ref/8.0.21/ref/net8.0/System.Numerics.dll
                 Private = 'false'
   7:7>ResolveAssemblyReferences:
                 Private = 'false'
   8:8>ResolveAssemblyReferences:
             This reference is not "CopyLocal" because at least one source item had "Private" set to "false" and no source items had "Private" set to "true".
   4:7>ResolveAssemblyReferences:
             /usr/share/dotnet/packs/Microsoft.NETCore.App.Ref/8.0.21/ref/net8.0/System.ObjectModel.dll
   7:7>ResolveAssemblyReferences:
             /usr/share/dotnet/packs/Microsoft.NETCore.App.Ref/8.0.21/ref/net8.0/System.Security.Cryptography.Primitives.dll
   4:7>ResolveAssemblyReferences:
                 Private = 'false'
   7:7>ResolveAssemblyReferences:
                 Private = 'false'
   4:7>ResolveAssemblyReferences:
             /usr/share/dotnet/packs/Microsoft.NETCore.App.Ref/8.0.21/ref/net8.0/System.Reflection.DispatchProxy.dll
   7:7>ResolveAssemblyReferences:
             /usr/share/dotnet/packs/Microsoft.NETCore.App.Ref/8.0.21/ref/net8.0/System.Security.Cryptography.X509Certificates.dll
                 Private = 'false'
   4:7>ResolveAssemblyReferences:
                 Private = 'false'
   7:7>ResolveAssemblyReferences:
             /usr/share/dotnet/packs/Microsoft.NETCore.App.Ref/8.0.21/ref/net8.0/System.Security.Cryptography.dll
   4:7>ResolveAssemblyReferences:
             /usr/share/dotnet/packs/Microsoft.NETCore.App.Ref/8.0.21/ref/net8.0/System.Reflection.Emit.ILGeneration.dll
   7:7>ResolveAssemblyReferences:
                 Private = 'false'
   4:7>ResolveAssemblyReferences:
                 Private = 'false'
   7:7>ResolveAssemblyReferences:
             /usr/share/dotnet/packs/Microsoft.NETCore.App.Ref/8.0.21/ref/net8.0/System.Security.Principal.Windows.dll
   4:7>ResolveAssemblyReferences:
             /usr/share/dotnet/packs/Microsoft.NETCore.App.Ref/8.0.21/ref/net8.0/System.Reflection.Emit.Lightweight.dll
   7:7>ResolveAssemblyReferences:
                 Private = 'false'
   4:7>ResolveAssemblyReferences:
                 Private = 'false'
   7:7>ResolveAssemblyReferences:
             /usr/share/dotnet/packs/Microsoft.NETCore.App.Ref/8.0.21/ref/net8.0/System.Security.Principal.dll
   4:7>ResolveAssemblyReferences:
             /usr/share/dotnet/packs/Microsoft.NETCore.App.Ref/8.0.21/ref/net8.0/System.Reflection.Emit.dll
   7:7>ResolveAssemblyReferences:
                 Private = 'false'
   8:8>ResolveAssemblyReferences:
             The ImageRuntimeVersion for this reference is "".
   4:7>ResolveAssemblyReferences:
                 Private = 'false'
   7:7>ResolveAssemblyReferences:
             /usr/share/dotnet/packs/Microsoft.NETCore.App.Ref/8.0.21/ref/net8.0/System.Security.SecureString.dll
   4:7>ResolveAssemblyReferences:
             /usr/share/dotnet/packs/Microsoft.NETCore.App.Ref/8.0.21/ref/net8.0/System.Reflection.Extensions.dll
   7:7>ResolveAssemblyReferences:
                 Private = 'false'
   4:7>ResolveAssemblyReferences:
                 Private = 'false'
   8:8>ResolveAssemblyReferences:
         Primary reference "System.Collections, Version=8.0.0.0, Culture=neutral, PublicKeyToken=b03f5f7f11d50a3a".
   7:7>ResolveAssemblyReferences:
             /usr/share/dotnet/packs/Microsoft.NETCore.App.Ref/8.0.21/ref/net8.0/System.Security.dll
   4:7>ResolveAssemblyReferences:
             /usr/share/dotnet/packs/Microsoft.NETCore.App.Ref/8.0.21/ref/net8.0/System.Reflection.Metadata.dll
   8:8>ResolveAssemblyReferences:
             Resolved file path is "/usr/share/dotnet/packs/Microsoft.NETCore.App.Ref/8.0.21/ref/net8.0/System.Collections.dll".
   7:7>ResolveAssemblyReferences:
                 Private = 'false'
   8:8>ResolveAssemblyReferences:
             Reference found at search path location "{RawFileName}".
   4:7>ResolveAssemblyReferences:
                 Private = 'false'
   7:7>ResolveAssemblyReferences:
             /usr/share/dotnet/packs/Microsoft.NETCore.App.Ref/8.0.21/ref/net8.0/System.ServiceModel.Web.dll
   8:8>ResolveAssemblyReferences:
             This reference is not "CopyLocal" because at least one source item had "Private" set to "false" and no source items had "Private" set to "true".
   4:7>ResolveAssemblyReferences:
             /usr/share/dotnet/packs/Microsoft.NETCore.App.Ref/8.0.21/ref/net8.0/System.Reflection.Primitives.dll
   7:7>ResolveAssemblyReferences:
                 Private = 'false'
   8:8>ResolveAssemblyReferences:
             The ImageRuntimeVersion for this reference is "".
   4:7>ResolveAssemblyReferences:
                 Private = 'false'
   7:7>ResolveAssemblyReferences:
             /usr/share/dotnet/packs/Microsoft.NETCore.App.Ref/8.0.21/ref/net8.0/System.ServiceProcess.dll
   8:8>ResolveAssemblyReferences:
         Primary reference "System.ComponentModel.Annotations, Version=8.0.0.0, Culture=neutral, PublicKeyToken=b03f5f7f11d50a3a".
   4:7>ResolveAssemblyReferences:
             /usr/share/dotnet/packs/Microsoft.NETCore.App.Ref/8.0.21/ref/net8.0/System.Reflection.TypeExtensions.dll
   7:7>ResolveAssemblyReferences:
                 Private = 'false'
   4:7>ResolveAssemblyReferences:
                 Private = 'false'
   8:8>ResolveAssemblyReferences:
             Resolved file path is "/usr/share/dotnet/packs/Microsoft.NETCore.App.Ref/8.0.21/ref/net8.0/System.ComponentModel.Annotations.dll".
   4:7>ResolveAssemblyReferences:
             /usr/share/dotnet/packs/Microsoft.NETCore.App.Ref/8.0.21/ref/net8.0/System.Reflection.dll
   8:8>ResolveAssemblyReferences:
             Reference found at search path location "{RawFileName}".
             This reference is not "CopyLocal" because at least one source item had "Private" set to "false" and no source items had "Private" set to "true".
   4:7>ResolveAssemblyReferences:
                 Private = 'false'
   8:8>ResolveAssemblyReferences:
             The ImageRuntimeVersion for this reference is "".
   4:7>ResolveAssemblyReferences:
             /usr/share/dotnet/packs/Microsoft.NETCore.App.Ref/8.0.21/ref/net8.0/System.Resources.Reader.dll
   5:7>_HandlePackageFileConflicts:
         Encountered conflict between 'Reference:/home/saidul/.nuget/packages/system.diagnostics.diagnosticsource/8.0.0/lib/net8.0/System.Diagnostics.DiagnosticSource.dll' and 'Reference:/usr/share/dotnet/packs/Microsoft.NETCore.App.Ref/8.0.21/ref/net8.0/System.Diagnostics.DiagnosticSource.dll'. Choosing 'Reference:/usr/share/dotnet/packs/Microsoft.NETCore.App.Ref/8.0.21/ref/net8.0/System.Diagnostics.DiagnosticSource.dll' because file version '8.0.2125.47513' is greater than '8.0.23.53103'.
   8:8>ResolveAssemblyReferences:
         Primary reference "System.ComponentModel.DataAnnotations, Version=4.0.0.0, Culture=neutral, PublicKeyToken=31bf3856ad364e35".
   4:7>ResolveAssemblyReferences:
                 Private = 'false'
   8:8>ResolveAssemblyReferences:
             Resolved file path is "/usr/share/dotnet/packs/Microsoft.NETCore.App.Ref/8.0.21/ref/net8.0/System.ComponentModel.DataAnnotations.dll".
   4:7>ResolveAssemblyReferences:
             /usr/share/dotnet/packs/Microsoft.NETCore.App.Ref/8.0.21/ref/net8.0/System.Resources.ResourceManager.dll
   8:8>ResolveAssemblyReferences:
             Reference found at search path location "{RawFileName}".
             This reference is not "CopyLocal" because at least one source item had "Private" set to "false" and no source items had "Private" set to "true".
   4:7>ResolveAssemblyReferences:
                 Private = 'false'
   8:8>ResolveAssemblyReferences:
             The ImageRuntimeVersion for this reference is "".
   4:7>ResolveAssemblyReferences:
             /usr/share/dotnet/packs/Microsoft.NETCore.App.Ref/8.0.21/ref/net8.0/System.Resources.Writer.dll
   8:8>ResolveAssemblyReferences:
         Primary reference "System.ComponentModel.EventBasedAsync, Version=8.0.0.0, Culture=neutral, PublicKeyToken=b03f5f7f11d50a3a".
   4:7>ResolveAssemblyReferences:
                 Private = 'false'
   8:8>ResolveAssemblyReferences:
             Resolved file path is "/usr/share/dotnet/packs/Microsoft.NETCore.App.Ref/8.0.21/ref/net8.0/System.ComponentModel.EventBasedAsync.dll".
   4:7>ResolveAssemblyReferences:
             /usr/share/dotnet/packs/Microsoft.NETCore.App.Ref/8.0.21/ref/net8.0/System.Runtime.CompilerServices.Unsafe.dll
   8:8>ResolveAssemblyReferences:
             Reference found at search path location "{RawFileName}".
   4:7>ResolveAssemblyReferences:
                 Private = 'false'
   8:8>ResolveAssemblyReferences:
             This reference is not "CopyLocal" because at least one source item had "Private" set to "false" and no source items had "Private" set to "true".
   7:7>ResolveAssemblyReferences:
             /usr/share/dotnet/packs/Microsoft.NETCore.App.Ref/8.0.21/ref/net8.0/System.Text.Encoding.CodePages.dll
   8:8>ResolveAssemblyReferences:
             The ImageRuntimeVersion for this reference is "".
   4:7>ResolveAssemblyReferences:
             /usr/share/dotnet/packs/Microsoft.NETCore.App.Ref/8.0.21/ref/net8.0/System.Runtime.CompilerServices.VisualC.dll
   7:7>ResolveAssemblyReferences:
                 Private = 'false'
   8:8>ResolveAssemblyReferences:
         Primary reference "System.ComponentModel.Primitives, Version=8.0.0.0, Culture=neutral, PublicKeyToken=b03f5f7f11d50a3a".
   4:7>ResolveAssemblyReferences:
                 Private = 'false'
   8:8>ResolveAssemblyReferences:
             Resolved file path is "/usr/share/dotnet/packs/Microsoft.NETCore.App.Ref/8.0.21/ref/net8.0/System.ComponentModel.Primitives.dll".
   4:7>ResolveAssemblyReferences:
             /usr/share/dotnet/packs/Microsoft.NETCore.App.Ref/8.0.21/ref/net8.0/System.Runtime.Extensions.dll
   5:7>_HandlePackageFileConflicts:
         Encountered conflict between 'Reference:/home/saidul/.nuget/packages/system.formats.asn1/8.0.0/lib/net8.0/System.Formats.Asn1.dll' and 'Reference:/usr/share/dotnet/packs/Microsoft.NETCore.App.Ref/8.0.21/ref/net8.0/System.Formats.Asn1.dll'. Choosing 'Reference:/usr/share/dotnet/packs/Microsoft.NETCore.App.Ref/8.0.21/ref/net8.0/System.Formats.Asn1.dll' because file version '8.0.2125.47513' is greater than '8.0.23.53103'.
   8:8>ResolveAssemblyReferences:
             Reference found at search path location "{RawFileName}".
   4:7>ResolveAssemblyReferences:
                 Private = 'false'
   8:8>ResolveAssemblyReferences:
             This reference is not "CopyLocal" because at least one source item had "Private" set to "false" and no source items had "Private" set to "true".
   4:7>ResolveAssemblyReferences:
             /usr/share/dotnet/packs/Microsoft.NETCore.App.Ref/8.0.21/ref/net8.0/System.Runtime.Handles.dll
   8:8>ResolveAssemblyReferences:
             The ImageRuntimeVersion for this reference is "".
   4:7>ResolveAssemblyReferences:
                 Private = 'false'
   8:8>ResolveAssemblyReferences:
         Primary reference "System.ComponentModel.TypeConverter, Version=8.0.0.0, Culture=neutral, PublicKeyToken=b03f5f7f11d50a3a".
   4:7>ResolveAssemblyReferences:
             /usr/share/dotnet/packs/Microsoft.NETCore.App.Ref/8.0.21/ref/net8.0/System.Runtime.InteropServices.JavaScript.dll
   8:8>ResolveAssemblyReferences:
             Resolved file path is "/usr/share/dotnet/packs/Microsoft.NETCore.App.Ref/8.0.21/ref/net8.0/System.ComponentModel.TypeConverter.dll".
   4:7>ResolveAssemblyReferences:
                 Private = 'false'
   8:8>ResolveAssemblyReferences:
             Reference found at search path location "{RawFileName}".
   4:7>ResolveAssemblyReferences:
             /usr/share/dotnet/packs/Microsoft.NETCore.App.Ref/8.0.21/ref/net8.0/System.Runtime.InteropServices.RuntimeInformation.dll
   5:7>_HandlePackageFileConflicts:
         Encountered conflict between 'Reference:/home/saidul/.nuget/packages/system.security.cryptography.cng/5.0.0/ref/netcoreapp3.0/System.Security.Cryptography.Cng.dll' and 'Reference:/usr/share/dotnet/packs/Microsoft.NETCore.App.Ref/8.0.21/ref/net8.0/System.Security.Cryptography.Cng.dll'. Choosing 'Reference:/usr/share/dotnet/packs/Microsoft.NETCore.App.Ref/8.0.21/ref/net8.0/System.Security.Cryptography.Cng.dll' because AssemblyVersion '8.0.0.0' is greater than '5.0.0.0'.
   8:8>ResolveAssemblyReferences:
             This reference is not "CopyLocal" because at least one source item had "Private" set to "false" and no source items had "Private" set to "true".
   4:7>ResolveAssemblyReferences:
                 Private = 'false'
   8:8>ResolveAssemblyReferences:
             The ImageRuntimeVersion for this reference is "".
   4:7>ResolveAssemblyReferences:
             /usr/share/dotnet/packs/Microsoft.NETCore.App.Ref/8.0.21/ref/net8.0/System.Runtime.InteropServices.dll
   8:8>ResolveAssemblyReferences:
         Primary reference "System.ComponentModel, Version=8.0.0.0, Culture=neutral, PublicKeyToken=b03f5f7f11d50a3a".
   4:7>ResolveAssemblyReferences:
                 Private = 'false'
   8:8>ResolveAssemblyReferences:
             Resolved file path is "/usr/share/dotnet/packs/Microsoft.NETCore.App.Ref/8.0.21/ref/net8.0/System.ComponentModel.dll".
   4:7>ResolveAssemblyReferences:
             /usr/share/dotnet/packs/Microsoft.NETCore.App.Ref/8.0.21/ref/net8.0/System.Runtime.Intrinsics.dll
   8:8>ResolveAssemblyReferences:
             Reference found at search path location "{RawFileName}".
   4:7>ResolveAssemblyReferences:
                 Private = 'false'
   8:8>ResolveAssemblyReferences:
             This reference is not "CopyLocal" because at least one source item had "Private" set to "false" and no source items had "Private" set to "true".
             The ImageRuntimeVersion for this reference is "".
   4:7>ResolveAssemblyReferences:
             /usr/share/dotnet/packs/Microsoft.NETCore.App.Ref/8.0.21/ref/net8.0/System.Runtime.Loader.dll
   8:8>ResolveAssemblyReferences:
         Primary reference "System.Configuration, Version=4.0.0.0, Culture=neutral, PublicKeyToken=b03f5f7f11d50a3a".
   7:7>ResolveAssemblyReferences:
             /usr/share/dotnet/packs/Microsoft.NETCore.App.Ref/8.0.21/ref/net8.0/System.Text.Encoding.Extensions.dll
   4:7>ResolveAssemblyReferences:
                 Private = 'false'
   8:8>ResolveAssemblyReferences:
             Resolved file path is "/usr/share/dotnet/packs/Microsoft.NETCore.App.Ref/8.0.21/ref/net8.0/System.Configuration.dll".
             Reference found at search path location "{RawFileName}".
   4:7>ResolveAssemblyReferences:
             /usr/share/dotnet/packs/Microsoft.NETCore.App.Ref/8.0.21/ref/net8.0/System.Runtime.Numerics.dll
   8:8>ResolveAssemblyReferences:
             This reference is not "CopyLocal" because at least one source item had "Private" set to "false" and no source items had "Private" set to "true".
   7:7>ResolveAssemblyReferences:
                 Private = 'false'
   4:7>ResolveAssemblyReferences:
                 Private = 'false'
   8:8>ResolveAssemblyReferences:
             The ImageRuntimeVersion for this reference is "".
   7:7>ResolveAssemblyReferences:
             /usr/share/dotnet/packs/Microsoft.NETCore.App.Ref/8.0.21/ref/net8.0/System.Text.Encoding.dll
   4:7>ResolveAssemblyReferences:
             /usr/share/dotnet/packs/Microsoft.NETCore.App.Ref/8.0.21/ref/net8.0/System.Runtime.Serialization.Formatters.dll
   8:8>ResolveAssemblyReferences:
         Primary reference "System.Console, Version=8.0.0.0, Culture=neutral, PublicKeyToken=b03f5f7f11d50a3a".
   7:7>ResolveAssemblyReferences:
                 Private = 'false'
   4:7>ResolveAssemblyReferences:
                 Private = 'false'
   8:8>ResolveAssemblyReferences:
             Resolved file path is "/usr/share/dotnet/packs/Microsoft.NETCore.App.Ref/8.0.21/ref/net8.0/System.Console.dll".
   7:7>ResolveAssemblyReferences:
             /usr/share/dotnet/packs/Microsoft.NETCore.App.Ref/8.0.21/ref/net8.0/System.Text.Encodings.Web.dll
   4:7>ResolveAssemblyReferences:
             /usr/share/dotnet/packs/Microsoft.NETCore.App.Ref/8.0.21/ref/net8.0/System.Runtime.Serialization.Json.dll
   8:8>ResolveAssemblyReferences:
             Reference found at search path location "{RawFileName}".
   7:7>ResolveAssemblyReferences:
                 Private = 'false'
   4:7>ResolveAssemblyReferences:
                 Private = 'false'
   8:8>ResolveAssemblyReferences:
             This reference is not "CopyLocal" because at least one source item had "Private" set to "false" and no source items had "Private" set to "true".
   7:7>ResolveAssemblyReferences:
             /usr/share/dotnet/packs/Microsoft.NETCore.App.Ref/8.0.21/ref/net8.0/System.Text.Json.dll
   4:7>ResolveAssemblyReferences:
             /usr/share/dotnet/packs/Microsoft.NETCore.App.Ref/8.0.21/ref/net8.0/System.Runtime.Serialization.Primitives.dll
   8:8>ResolveAssemblyReferences:
             The ImageRuntimeVersion for this reference is "".
   7:7>ResolveAssemblyReferences:
                 Private = 'false'
   4:7>ResolveAssemblyReferences:
                 Private = 'false'
   8:8>ResolveAssemblyReferences:
         Primary reference "System.Core, Version=4.0.0.0, Culture=neutral, PublicKeyToken=b77a5c561934e089".
   7:7>ResolveAssemblyReferences:
             /usr/share/dotnet/packs/Microsoft.NETCore.App.Ref/8.0.21/ref/net8.0/System.Text.RegularExpressions.dll
   4:7>ResolveAssemblyReferences:
             /usr/share/dotnet/packs/Microsoft.NETCore.App.Ref/8.0.21/ref/net8.0/System.Runtime.Serialization.Xml.dll
   8:8>ResolveAssemblyReferences:
             Resolved file path is "/usr/share/dotnet/packs/Microsoft.NETCore.App.Ref/8.0.21/ref/net8.0/System.Core.dll".
   7:7>ResolveAssemblyReferences:
                 Private = 'false'
   4:7>ResolveAssemblyReferences:
                 Private = 'false'
   8:8>ResolveAssemblyReferences:
             Reference found at search path location "{RawFileName}".
   7:7>ResolveAssemblyReferences:
             /usr/share/dotnet/packs/Microsoft.NETCore.App.Ref/8.0.21/ref/net8.0/System.Threading.Channels.dll
   4:7>ResolveAssemblyReferences:
             /usr/share/dotnet/packs/Microsoft.NETCore.App.Ref/8.0.21/ref/net8.0/System.Runtime.Serialization.dll
   8:8>ResolveAssemblyReferences:
             This reference is not "CopyLocal" because at least one source item had "Private" set to "false" and no source items had "Private" set to "true".
   7:7>ResolveAssemblyReferences:
                 Private = 'false'
   4:7>ResolveAssemblyReferences:
                 Private = 'false'
   8:8>ResolveAssemblyReferences:
             The ImageRuntimeVersion for this reference is "".
   7:7>ResolveAssemblyReferences:
             /usr/share/dotnet/packs/Microsoft.NETCore.App.Ref/8.0.21/ref/net8.0/System.Threading.Overlapped.dll
   4:7>ResolveAssemblyReferences:
             /usr/share/dotnet/packs/Microsoft.NETCore.App.Ref/8.0.21/ref/net8.0/System.Runtime.dll
   8:8>ResolveAssemblyReferences:
         Primary reference "System.Data.Common, Version=8.0.0.0, Culture=neutral, PublicKeyToken=b03f5f7f11d50a3a".
   4:7>ResolveAssemblyReferences:
                 Private = 'false'
   7:7>ResolveAssemblyReferences:
                 Private = 'false'
   8:8>ResolveAssemblyReferences:
             Resolved file path is "/usr/share/dotnet/packs/Microsoft.NETCore.App.Ref/8.0.21/ref/net8.0/System.Data.Common.dll".
   7:7>ResolveAssemblyReferences:
             /usr/share/dotnet/packs/Microsoft.NETCore.App.Ref/8.0.21/ref/net8.0/System.Threading.Tasks.Dataflow.dll
   4:7>ResolveAssemblyReferences:
             /usr/share/dotnet/packs/Microsoft.NETCore.App.Ref/8.0.21/ref/net8.0/System.Security.AccessControl.dll
   8:8>ResolveAssemblyReferences:
             Reference found at search path location "{RawFileName}".
   7:7>ResolveAssemblyReferences:
                 Private = 'false'
   4:7>ResolveAssemblyReferences:
                 Private = 'false'
   8:8>ResolveAssemblyReferences:
             This reference is not "CopyLocal" because at least one source item had "Private" set to "false" and no source items had "Private" set to "true".
   7:7>ResolveAssemblyReferences:
             /usr/share/dotnet/packs/Microsoft.NETCore.App.Ref/8.0.21/ref/net8.0/System.Threading.Tasks.Extensions.dll
   4:7>ResolveAssemblyReferences:
             /usr/share/dotnet/packs/Microsoft.NETCore.App.Ref/8.0.21/ref/net8.0/System.Security.Claims.dll
   8:8>ResolveAssemblyReferences:
             The ImageRuntimeVersion for this reference is "".
   7:7>ResolveAssemblyReferences:
                 Private = 'false'
   4:7>ResolveAssemblyReferences:
                 Private = 'false'
   7:7>ResolveAssemblyReferences:
             /usr/share/dotnet/packs/Microsoft.NETCore.App.Ref/8.0.21/ref/net8.0/System.Threading.Tasks.Parallel.dll
   8:8>ResolveAssemblyReferences:
         Primary reference "System.Data.DataSetExtensions, Version=8.0.0.0, Culture=neutral, PublicKeyToken=b77a5c561934e089".
   4:7>ResolveAssemblyReferences:
             /usr/share/dotnet/packs/Microsoft.NETCore.App.Ref/8.0.21/ref/net8.0/System.Security.Cryptography.Algorithms.dll
   7:7>ResolveAssemblyReferences:
                 Private = 'false'
   8:8>ResolveAssemblyReferences:
             Resolved file path is "/usr/share/dotnet/packs/Microsoft.NETCore.App.Ref/8.0.21/ref/net8.0/System.Data.DataSetExtensions.dll".
   4:7>ResolveAssemblyReferences:
                 Private = 'false'
   7:7>ResolveAssemblyReferences:
             /usr/share/dotnet/packs/Microsoft.NETCore.App.Ref/8.0.21/ref/net8.0/System.Threading.Tasks.dll
   8:8>ResolveAssemblyReferences:
             Reference found at search path location "{RawFileName}".
   4:7>ResolveAssemblyReferences:
             /usr/share/dotnet/packs/Microsoft.NETCore.App.Ref/8.0.21/ref/net8.0/System.Security.Cryptography.Cng.dll
   7:7>ResolveAssemblyReferences:
                 Private = 'false'
   8:8>ResolveAssemblyReferences:
             This reference is not "CopyLocal" because at least one source item had "Private" set to "false" and no source items had "Private" set to "true".
   4:7>ResolveAssemblyReferences:
                 Private = 'false'
   7:7>ResolveAssemblyReferences:
             /usr/share/dotnet/packs/Microsoft.NETCore.App.Ref/8.0.21/ref/net8.0/System.Threading.Thread.dll
   8:8>ResolveAssemblyReferences:
             The ImageRuntimeVersion for this reference is "".
   4:7>ResolveAssemblyReferences:
             /usr/share/dotnet/packs/Microsoft.NETCore.App.Ref/8.0.21/ref/net8.0/System.Security.Cryptography.Csp.dll
   7:7>ResolveAssemblyReferences:
                 Private = 'false'
   8:8>ResolveAssemblyReferences:
         Primary reference "System.Data, Version=4.0.0.0, Culture=neutral, PublicKeyToken=b77a5c561934e089".
   4:7>ResolveAssemblyReferences:
                 Private = 'false'
   7:7>ResolveAssemblyReferences:
             /usr/share/dotnet/packs/Microsoft.NETCore.App.Ref/8.0.21/ref/net8.0/System.Threading.ThreadPool.dll
   8:8>ResolveAssemblyReferences:
             Resolved file path is "/usr/share/dotnet/packs/Microsoft.NETCore.App.Ref/8.0.21/ref/net8.0/System.Data.dll".
   7:7>ResolveAssemblyReferences:
                 Private = 'false'
   4:7>ResolveAssemblyReferences:
             /usr/share/dotnet/packs/Microsoft.NETCore.App.Ref/8.0.21/ref/net8.0/System.Security.Cryptography.Encoding.dll
   8:8>ResolveAssemblyReferences:
             Reference found at search path location "{RawFileName}".
   7:7>ResolveAssemblyReferences:
             /usr/share/dotnet/packs/Microsoft.NETCore.App.Ref/8.0.21/ref/net8.0/System.Threading.Timer.dll
   4:7>ResolveAssemblyReferences:
                 Private = 'false'
   7:7>ResolveAssemblyReferences:
                 Private = 'false'
   4:7>ResolveAssemblyReferences:
             /usr/share/dotnet/packs/Microsoft.NETCore.App.Ref/8.0.21/ref/net8.0/System.Security.Cryptography.OpenSsl.dll
   8:8>ResolveAssemblyReferences:
             This reference is not "CopyLocal" because at least one source item had "Private" set to "false" and no source items had "Private" set to "true".
   7:7>ResolveAssemblyReferences:
             /usr/share/dotnet/packs/Microsoft.NETCore.App.Ref/8.0.21/ref/net8.0/System.Threading.dll
   4:7>ResolveAssemblyReferences:
                 Private = 'false'
   8:8>ResolveAssemblyReferences:
             The ImageRuntimeVersion for this reference is "".
   7:7>ResolveAssemblyReferences:
                 Private = 'false'
   4:7>ResolveAssemblyReferences:
             /usr/share/dotnet/packs/Microsoft.NETCore.App.Ref/8.0.21/ref/net8.0/System.Security.Cryptography.Primitives.dll
   8:8>ResolveAssemblyReferences:
         Primary reference "System.Diagnostics.Contracts, Version=8.0.0.0, Culture=neutral, PublicKeyToken=b03f5f7f11d50a3a".
   4:7>ResolveAssemblyReferences:
                 Private = 'false'
   8:8>ResolveAssemblyReferences:
             Resolved file path is "/usr/share/dotnet/packs/Microsoft.NETCore.App.Ref/8.0.21/ref/net8.0/System.Diagnostics.Contracts.dll".
   4:7>ResolveAssemblyReferences:
             /usr/share/dotnet/packs/Microsoft.NETCore.App.Ref/8.0.21/ref/net8.0/System.Security.Cryptography.X509Certificates.dll
   8:8>ResolveAssemblyReferences:
             Reference found at search path location "{RawFileName}".
   4:7>ResolveAssemblyReferences:
                 Private = 'false'
   8:8>ResolveAssemblyReferences:
             This reference is not "CopyLocal" because at least one source item had "Private" set to "false" and no source items had "Private" set to "true".
   4:7>ResolveAssemblyReferences:
             /usr/share/dotnet/packs/Microsoft.NETCore.App.Ref/8.0.21/ref/net8.0/System.Security.Cryptography.dll
   8:8>ResolveAssemblyReferences:
             The ImageRuntimeVersion for this reference is "".
   4:7>ResolveAssemblyReferences:
                 Private = 'false'
   8:8>ResolveAssemblyReferences:
         Primary reference "System.Diagnostics.Debug, Version=8.0.0.0, Culture=neutral, PublicKeyToken=b03f5f7f11d50a3a".
   4:7>ResolveAssemblyReferences:
             /usr/share/dotnet/packs/Microsoft.NETCore.App.Ref/8.0.21/ref/net8.0/System.Security.Principal.Windows.dll
   8:8>ResolveAssemblyReferences:
             Resolved file path is "/usr/share/dotnet/packs/Microsoft.NETCore.App.Ref/8.0.21/ref/net8.0/System.Diagnostics.Debug.dll".
   7:7>ResolveAssemblyReferences:
             /usr/share/dotnet/packs/Microsoft.NETCore.App.Ref/8.0.21/ref/net8.0/System.Transactions.Local.dll
   4:7>ResolveAssemblyReferences:
                 Private = 'false'
   8:8>ResolveAssemblyReferences:
             Reference found at search path location "{RawFileName}".
   7:7>ResolveAssemblyReferences:
                 Private = 'false'
   4:7>ResolveAssemblyReferences:
             /usr/share/dotnet/packs/Microsoft.NETCore.App.Ref/8.0.21/ref/net8.0/System.Security.Principal.dll
   8:8>ResolveAssemblyReferences:
             This reference is not "CopyLocal" because at least one source item had "Private" set to "false" and no source items had "Private" set to "true".
   7:7>ResolveAssemblyReferences:
             /usr/share/dotnet/packs/Microsoft.NETCore.App.Ref/8.0.21/ref/net8.0/System.Transactions.dll
   4:7>ResolveAssemblyReferences:
                 Private = 'false'
   8:8>ResolveAssemblyReferences:
             The ImageRuntimeVersion for this reference is "".
   7:7>ResolveAssemblyReferences:
                 Private = 'false'
   4:7>ResolveAssemblyReferences:
             /usr/share/dotnet/packs/Microsoft.NETCore.App.Ref/8.0.21/ref/net8.0/System.Security.SecureString.dll
   8:8>ResolveAssemblyReferences:
         Primary reference "System.Diagnostics.DiagnosticSource, Version=8.0.0.0, Culture=neutral, PublicKeyToken=cc7b13ffcd2ddd51".
   7:7>ResolveAssemblyReferences:
             /usr/share/dotnet/packs/Microsoft.NETCore.App.Ref/8.0.21/ref/net8.0/System.ValueTuple.dll
   4:7>ResolveAssemblyReferences:
                 Private = 'false'
   8:8>ResolveAssemblyReferences:
             Resolved file path is "/usr/share/dotnet/packs/Microsoft.NETCore.App.Ref/8.0.21/ref/net8.0/System.Diagnostics.DiagnosticSource.dll".
   7:7>ResolveAssemblyReferences:
                 Private = 'false'
   4:7>ResolveAssemblyReferences:
             /usr/share/dotnet/packs/Microsoft.NETCore.App.Ref/8.0.21/ref/net8.0/System.Security.dll
   8:8>ResolveAssemblyReferences:
             Reference found at search path location "{RawFileName}".
   7:7>ResolveAssemblyReferences:
             /usr/share/dotnet/packs/Microsoft.NETCore.App.Ref/8.0.21/ref/net8.0/System.Web.HttpUtility.dll
   4:7>ResolveAssemblyReferences:
                 Private = 'false'
   8:8>ResolveAssemblyReferences:
             This reference is not "CopyLocal" because at least one source item had "Private" set to "false" and no source items had "Private" set to "true".
   7:7>ResolveAssemblyReferences:
                 Private = 'false'
   4:7>ResolveAssemblyReferences:
             /usr/share/dotnet/packs/Microsoft.NETCore.App.Ref/8.0.21/ref/net8.0/System.ServiceModel.Web.dll
   8:8>ResolveAssemblyReferences:
             The ImageRuntimeVersion for this reference is "".
   7:7>ResolveAssemblyReferences:
             /usr/share/dotnet/packs/Microsoft.NETCore.App.Ref/8.0.21/ref/net8.0/System.Web.dll
   4:7>ResolveAssemblyReferences:
                 Private = 'false'
   8:8>ResolveAssemblyReferences:
         Primary reference "System.Diagnostics.FileVersionInfo, Version=8.0.0.0, Culture=neutral, PublicKeyToken=b03f5f7f11d50a3a".
   7:7>ResolveAssemblyReferences:
                 Private = 'false'
   4:7>ResolveAssemblyReferences:
             /usr/share/dotnet/packs/Microsoft.NETCore.App.Ref/8.0.21/ref/net8.0/System.ServiceProcess.dll
   8:8>ResolveAssemblyReferences:
             Resolved file path is "/usr/share/dotnet/packs/Microsoft.NETCore.App.Ref/8.0.21/ref/net8.0/System.Diagnostics.FileVersionInfo.dll".
   7:7>ResolveAssemblyReferences:
             /usr/share/dotnet/packs/Microsoft.NETCore.App.Ref/8.0.21/ref/net8.0/System.Windows.dll
   4:7>ResolveAssemblyReferences:
                 Private = 'false'
   7:7>ResolveAssemblyReferences:
                 Private = 'false'
   8:8>ResolveAssemblyReferences:
             Reference found at search path location "{RawFileName}".
   4:7>ResolveAssemblyReferences:
             /usr/share/dotnet/packs/Microsoft.NETCore.App.Ref/8.0.21/ref/net8.0/System.Text.Encoding.CodePages.dll
   7:7>ResolveAssemblyReferences:
             /usr/share/dotnet/packs/Microsoft.NETCore.App.Ref/8.0.21/ref/net8.0/System.Xml.Linq.dll
   8:8>ResolveAssemblyReferences:
             This reference is not "CopyLocal" because at least one source item had "Private" set to "false" and no source items had "Private" set to "true".
   4:7>ResolveAssemblyReferences:
                 Private = 'false'
   7:7>ResolveAssemblyReferences:
                 Private = 'false'
   8:8>ResolveAssemblyReferences:
             The ImageRuntimeVersion for this reference is "".
   4:7>ResolveAssemblyReferences:
             /usr/share/dotnet/packs/Microsoft.NETCore.App.Ref/8.0.21/ref/net8.0/System.Text.Encoding.Extensions.dll
   8:8>ResolveAssemblyReferences:
         Primary reference "System.Diagnostics.Process, Version=8.0.0.0, Culture=neutral, PublicKeyToken=b03f5f7f11d50a3a".
   7:7>ResolveAssemblyReferences:
             /usr/share/dotnet/packs/Microsoft.NETCore.App.Ref/8.0.21/ref/net8.0/System.Xml.ReaderWriter.dll
   4:7>ResolveAssemblyReferences:
                 Private = 'false'
   8:8>ResolveAssemblyReferences:
             Resolved file path is "/usr/share/dotnet/packs/Microsoft.NETCore.App.Ref/8.0.21/ref/net8.0/System.Diagnostics.Process.dll".
   7:7>ResolveAssemblyReferences:
                 Private = 'false'
   4:7>ResolveAssemblyReferences:
             /usr/share/dotnet/packs/Microsoft.NETCore.App.Ref/8.0.21/ref/net8.0/System.Text.Encoding.dll
   8:8>ResolveAssemblyReferences:
             Reference found at search path location "{RawFileName}".
   7:7>ResolveAssemblyReferences:
             /usr/share/dotnet/packs/Microsoft.NETCore.App.Ref/8.0.21/ref/net8.0/System.Xml.Serialization.dll
   8:8>ResolveAssemblyReferences:
             This reference is not "CopyLocal" because at least one source item had "Private" set to "false" and no source items had "Private" set to "true".
   4:7>ResolveAssemblyReferences:
                 Private = 'false'
   7:7>ResolveAssemblyReferences:
                 Private = 'false'
   8:8>ResolveAssemblyReferences:
             The ImageRuntimeVersion for this reference is "".
   7:7>ResolveAssemblyReferences:
             /usr/share/dotnet/packs/Microsoft.NETCore.App.Ref/8.0.21/ref/net8.0/System.Xml.XDocument.dll
   4:7>ResolveAssemblyReferences:
             /usr/share/dotnet/packs/Microsoft.NETCore.App.Ref/8.0.21/ref/net8.0/System.Text.Encodings.Web.dll
   7:7>ResolveAssemblyReferences:
                 Private = 'false'
   4:7>ResolveAssemblyReferences:
                 Private = 'false'
   8:8>ResolveAssemblyReferences:
         Primary reference "System.Diagnostics.StackTrace, Version=8.0.0.0, Culture=neutral, PublicKeyToken=b03f5f7f11d50a3a".
   7:7>ResolveAssemblyReferences:
             /usr/share/dotnet/packs/Microsoft.NETCore.App.Ref/8.0.21/ref/net8.0/System.Xml.XPath.XDocument.dll
   4:7>ResolveAssemblyReferences:
             /usr/share/dotnet/packs/Microsoft.NETCore.App.Ref/8.0.21/ref/net8.0/System.Text.Json.dll
   8:8>ResolveAssemblyReferences:
             Resolved file path is "/usr/share/dotnet/packs/Microsoft.NETCore.App.Ref/8.0.21/ref/net8.0/System.Diagnostics.StackTrace.dll".
   7:7>ResolveAssemblyReferences:
                 Private = 'false'
   4:7>ResolveAssemblyReferences:
                 Private = 'false'
   8:8>ResolveAssemblyReferences:
             Reference found at search path location "{RawFileName}".
   7:7>ResolveAssemblyReferences:
             /usr/share/dotnet/packs/Microsoft.NETCore.App.Ref/8.0.21/ref/net8.0/System.Xml.XPath.dll
   4:7>ResolveAssemblyReferences:
             /usr/share/dotnet/packs/Microsoft.NETCore.App.Ref/8.0.21/ref/net8.0/System.Text.RegularExpressions.dll
   8:8>ResolveAssemblyReferences:
             This reference is not "CopyLocal" because at least one source item had "Private" set to "false" and no source items had "Private" set to "true".
   7:7>ResolveAssemblyReferences:
                 Private = 'false'
   4:7>ResolveAssemblyReferences:
                 Private = 'false'
   8:8>ResolveAssemblyReferences:
             The ImageRuntimeVersion for this reference is "".
   7:7>ResolveAssemblyReferences:
             /usr/share/dotnet/packs/Microsoft.NETCore.App.Ref/8.0.21/ref/net8.0/System.Xml.XmlDocument.dll
   4:7>ResolveAssemblyReferences:
             /usr/share/dotnet/packs/Microsoft.NETCore.App.Ref/8.0.21/ref/net8.0/System.Threading.Channels.dll
   8:8>ResolveAssemblyReferences:
         Primary reference "System.Diagnostics.TextWriterTraceListener, Version=8.0.0.0, Culture=neutral, PublicKeyToken=b03f5f7f11d50a3a".
   7:7>ResolveAssemblyReferences:
                 Private = 'false'
   4:7>ResolveAssemblyReferences:
                 Private = 'false'
   8:8>ResolveAssemblyReferences:
             Resolved file path is "/usr/share/dotnet/packs/Microsoft.NETCore.App.Ref/8.0.21/ref/net8.0/System.Diagnostics.TextWriterTraceListener.dll".
   7:7>ResolveAssemblyReferences:
             /usr/share/dotnet/packs/Microsoft.NETCore.App.Ref/8.0.21/ref/net8.0/System.Xml.XmlSerializer.dll
   4:7>ResolveAssemblyReferences:
             /usr/share/dotnet/packs/Microsoft.NETCore.App.Ref/8.0.21/ref/net8.0/System.Threading.Overlapped.dll
   8:8>ResolveAssemblyReferences:
             Reference found at search path location "{RawFileName}".
   7:7>ResolveAssemblyReferences:
                 Private = 'false'
   4:7>ResolveAssemblyReferences:
                 Private = 'false'
   8:8>ResolveAssemblyReferences:
             This reference is not "CopyLocal" because at least one source item had "Private" set to "false" and no source items had "Private" set to "true".
   7:7>ResolveAssemblyReferences:
             /usr/share/dotnet/packs/Microsoft.NETCore.App.Ref/8.0.21/ref/net8.0/System.Xml.dll
   4:7>ResolveAssemblyReferences:
             /usr/share/dotnet/packs/Microsoft.NETCore.App.Ref/8.0.21/ref/net8.0/System.Threading.Tasks.Dataflow.dll
   7:7>ResolveAssemblyReferences:
                 Private = 'false'
   8:8>ResolveAssemblyReferences:
             The ImageRuntimeVersion for this reference is "".
   7:7>ResolveAssemblyReferences:
             /usr/share/dotnet/packs/Microsoft.NETCore.App.Ref/8.0.21/ref/net8.0/System.dll
   4:7>ResolveAssemblyReferences:
                 Private = 'false'
   8:8>ResolveAssemblyReferences:
         Primary reference "System.Diagnostics.Tools, Version=8.0.0.0, Culture=neutral, PublicKeyToken=b03f5f7f11d50a3a".
   7:7>ResolveAssemblyReferences:
                 Private = 'false'
   4:7>ResolveAssemblyReferences:
             /usr/share/dotnet/packs/Microsoft.NETCore.App.Ref/8.0.21/ref/net8.0/System.Threading.Tasks.Extensions.dll
   8:8>ResolveAssemblyReferences:
             Resolved file path is "/usr/share/dotnet/packs/Microsoft.NETCore.App.Ref/8.0.21/ref/net8.0/System.Diagnostics.Tools.dll".
             Reference found at search path location "{RawFileName}".
   4:7>ResolveAssemblyReferences:
                 Private = 'false'
   7:7>ResolveAssemblyReferences:
             /usr/share/dotnet/packs/Microsoft.NETCore.App.Ref/8.0.21/ref/net8.0/WindowsBase.dll
   8:8>ResolveAssemblyReferences:
             This reference is not "CopyLocal" because at least one source item had "Private" set to "false" and no source items had "Private" set to "true".
   4:7>ResolveAssemblyReferences:
             /usr/share/dotnet/packs/Microsoft.NETCore.App.Ref/8.0.21/ref/net8.0/System.Threading.Tasks.Parallel.dll
   7:7>ResolveAssemblyReferences:
                 Private = 'false'
   8:8>ResolveAssemblyReferences:
             The ImageRuntimeVersion for this reference is "".
   4:7>ResolveAssemblyReferences:
                 Private = 'false'
   7:7>ResolveAssemblyReferences:
             /usr/share/dotnet/packs/Microsoft.NETCore.App.Ref/8.0.21/ref/net8.0/mscorlib.dll
   8:8>ResolveAssemblyReferences:
         Primary reference "System.Diagnostics.TraceSource, Version=8.0.0.0, Culture=neutral, PublicKeyToken=b03f5f7f11d50a3a".
   4:7>ResolveAssemblyReferences:
             /usr/share/dotnet/packs/Microsoft.NETCore.App.Ref/8.0.21/ref/net8.0/System.Threading.Tasks.dll
   7:7>ResolveAssemblyReferences:
                 Private = 'false'
   8:8>ResolveAssemblyReferences:
             Resolved file path is "/usr/share/dotnet/packs/Microsoft.NETCore.App.Ref/8.0.21/ref/net8.0/System.Diagnostics.TraceSource.dll".
   4:7>ResolveAssemblyReferences:
                 Private = 'false'
   7:7>ResolveAssemblyReferences:
             /usr/share/dotnet/packs/Microsoft.NETCore.App.Ref/8.0.21/ref/net8.0/netstandard.dll
                 Private = 'false'
   4:7>ResolveAssemblyReferences:
             /usr/share/dotnet/packs/Microsoft.NETCore.App.Ref/8.0.21/ref/net8.0/System.Threading.Thread.dll
   8:8>ResolveAssemblyReferences:
             Reference found at search path location "{RawFileName}".
   7:7>ResolveAssemblyReferences:
         AssemblyFiles:
   8:8>ResolveAssemblyReferences:
             This reference is not "CopyLocal" because at least one source item had "Private" set to "false" and no source items had "Private" set to "true".
   4:7>ResolveAssemblyReferences:
                 Private = 'false'
   7:7>ResolveAssemblyReferences:
             /home/saidul/Desktop/K-Chief Marine Automation Platform/src/KChief.Platform.Core/bin/Release/net8.0/KChief.Platform.Core.dll
   8:8>ResolveAssemblyReferences:
             The ImageRuntimeVersion for this reference is "".
   4:7>ResolveAssemblyReferences:
             /usr/share/dotnet/packs/Microsoft.NETCore.App.Ref/8.0.21/ref/net8.0/System.Threading.ThreadPool.dll
   7:7>ResolveAssemblyReferences:
         CandidateAssemblyFiles:
   4:7>ResolveAssemblyReferences:
                 Private = 'false'
   8:8>ResolveAssemblyReferences:
         Primary reference "System.Diagnostics.Tracing, Version=8.0.0.0, Culture=neutral, PublicKeyToken=b03f5f7f11d50a3a".
   7:7>ResolveAssemblyReferences:
         TargetFrameworkDirectories:
   4:7>ResolveAssemblyReferences:
             /usr/share/dotnet/packs/Microsoft.NETCore.App.Ref/8.0.21/ref/net8.0/System.Threading.Timer.dll
   8:8>ResolveAssemblyReferences:
             Resolved file path is "/usr/share/dotnet/packs/Microsoft.NETCore.App.Ref/8.0.21/ref/net8.0/System.Diagnostics.Tracing.dll".
   7:7>ResolveAssemblyReferences:
             
   4:7>ResolveAssemblyReferences:
                 Private = 'false'
   8:8>ResolveAssemblyReferences:
             Reference found at search path location "{RawFileName}".
   4:7>ResolveAssemblyReferences:
             /usr/share/dotnet/packs/Microsoft.NETCore.App.Ref/8.0.21/ref/net8.0/System.Threading.dll
   7:7>ResolveAssemblyReferences:
         InstalledAssemblyTables:
   8:8>ResolveAssemblyReferences:
             This reference is not "CopyLocal" because at least one source item had "Private" set to "false" and no source items had "Private" set to "true".
   7:7>ResolveAssemblyReferences:
         IgnoreInstalledAssemblyTable:
   4:7>ResolveAssemblyReferences:
                 Private = 'false'
   8:8>ResolveAssemblyReferences:
             The ImageRuntimeVersion for this reference is "".
   7:7>ResolveAssemblyReferences:
             False
   4:7>ResolveAssemblyReferences:
             /usr/share/dotnet/packs/Microsoft.NETCore.App.Ref/8.0.21/ref/net8.0/System.Transactions.Local.dll
   8:8>ResolveAssemblyReferences:
         Primary reference "System.Drawing.Primitives, Version=8.0.0.0, Culture=neutral, PublicKeyToken=b03f5f7f11d50a3a".
   7:7>ResolveAssemblyReferences:
         SearchPaths:
   4:7>ResolveAssemblyReferences:
                 Private = 'false'
   8:8>ResolveAssemblyReferences:
             Resolved file path is "/usr/share/dotnet/packs/Microsoft.NETCore.App.Ref/8.0.21/ref/net8.0/System.Drawing.Primitives.dll".
   7:7>ResolveAssemblyReferences:
             {CandidateAssemblyFiles}
   4:7>ResolveAssemblyReferences:
             /usr/share/dotnet/packs/Microsoft.NETCore.App.Ref/8.0.21/ref/net8.0/System.Transactions.dll
   8:8>ResolveAssemblyReferences:
             Reference found at search path location "{RawFileName}".
   7:7>ResolveAssemblyReferences:
             {HintPathFromItem}
   4:7>ResolveAssemblyReferences:
                 Private = 'false'
   8:8>ResolveAssemblyReferences:
             This reference is not "CopyLocal" because at least one source item had "Private" set to "false" and no source items had "Private" set to "true".
   7:7>ResolveAssemblyReferences:
             {TargetFrameworkDirectory}
   4:7>ResolveAssemblyReferences:
             /usr/share/dotnet/packs/Microsoft.NETCore.App.Ref/8.0.21/ref/net8.0/System.ValueTuple.dll
   8:8>ResolveAssemblyReferences:
             The ImageRuntimeVersion for this reference is "".
   5:7>_HandlePackageFileConflicts:
         Encountered conflict between 'Reference:/home/saidul/.nuget/packages/system.text.encodings.web/4.5.0/lib/netstandard2.0/System.Text.Encodings.Web.dll' and 'Reference:/usr/share/dotnet/packs/Microsoft.NETCore.App.Ref/8.0.21/ref/net8.0/System.Text.Encodings.Web.dll'. Choosing 'Reference:/usr/share/dotnet/packs/Microsoft.NETCore.App.Ref/8.0.21/ref/net8.0/System.Text.Encodings.Web.dll' because AssemblyVersion '8.0.0.0' is greater than '4.0.3.0'.
   7:7>ResolveAssemblyReferences:
             {RawFileName}
   4:7>ResolveAssemblyReferences:
                 Private = 'false'
   8:8>ResolveAssemblyReferences:
         Primary reference "System.Drawing, Version=4.0.0.0, Culture=neutral, PublicKeyToken=b03f5f7f11d50a3a".
   7:7>ResolveAssemblyReferences:
         AllowedAssemblyExtensions:
   4:7>ResolveAssemblyReferences:
             /usr/share/dotnet/packs/Microsoft.NETCore.App.Ref/8.0.21/ref/net8.0/System.Web.HttpUtility.dll
   8:8>ResolveAssemblyReferences:
             Resolved file path is "/usr/share/dotnet/packs/Microsoft.NETCore.App.Ref/8.0.21/ref/net8.0/System.Drawing.dll".
   7:7>ResolveAssemblyReferences:
             .winmd
             .dll
   4:7>ResolveAssemblyReferences:
                 Private = 'false'
   7:7>ResolveAssemblyReferences:
             .exe
   8:8>ResolveAssemblyReferences:
             Reference found at search path location "{RawFileName}".
   4:7>ResolveAssemblyReferences:
             /usr/share/dotnet/packs/Microsoft.NETCore.App.Ref/8.0.21/ref/net8.0/System.Web.dll
   8:8>ResolveAssemblyReferences:
             This reference is not "CopyLocal" because at least one source item had "Private" set to "false" and no source items had "Private" set to "true".
   4:7>ResolveAssemblyReferences:
                 Private = 'false'
             /usr/share/dotnet/packs/Microsoft.NETCore.App.Ref/8.0.21/ref/net8.0/System.Windows.dll
   8:8>ResolveAssemblyReferences:
             The ImageRuntimeVersion for this reference is "".
   4:7>ResolveAssemblyReferences:
                 Private = 'false'
   8:8>ResolveAssemblyReferences:
         Primary reference "System.Dynamic.Runtime, Version=8.0.0.0, Culture=neutral, PublicKeyToken=b03f5f7f11d50a3a".
   4:7>ResolveAssemblyReferences:
             /usr/share/dotnet/packs/Microsoft.NETCore.App.Ref/8.0.21/ref/net8.0/System.Xml.Linq.dll
   8:8>ResolveAssemblyReferences:
             Resolved file path is "/usr/share/dotnet/packs/Microsoft.NETCore.App.Ref/8.0.21/ref/net8.0/System.Dynamic.Runtime.dll".
   7:7>ResolveAssemblyReferences:
         AllowedRelatedFileExtensions:
   4:7>ResolveAssemblyReferences:
                 Private = 'false'
   8:8>ResolveAssemblyReferences:
             Reference found at search path location "{RawFileName}".
   4:7>ResolveAssemblyReferences:
             /usr/share/dotnet/packs/Microsoft.NETCore.App.Ref/8.0.21/ref/net8.0/System.Xml.ReaderWriter.dll
   8:8>ResolveAssemblyReferences:
             This reference is not "CopyLocal" because at least one source item had "Private" set to "false" and no source items had "Private" set to "true".
   7:7>ResolveAssemblyReferences:
             .pdb
   4:7>ResolveAssemblyReferences:
                 Private = 'false'
   8:8>ResolveAssemblyReferences:
             The ImageRuntimeVersion for this reference is "".
   4:7>ResolveAssemblyReferences:
             /usr/share/dotnet/packs/Microsoft.NETCore.App.Ref/8.0.21/ref/net8.0/System.Xml.Serialization.dll
   7:7>ResolveAssemblyReferences:
             .xml
   4:7>ResolveAssemblyReferences:
                 Private = 'false'
   8:8>ResolveAssemblyReferences:
         Primary reference "System.Formats.Asn1, Version=8.0.0.0, Culture=neutral, PublicKeyToken=cc7b13ffcd2ddd51".
   7:7>ResolveAssemblyReferences:
             .pri
   4:7>ResolveAssemblyReferences:
             /usr/share/dotnet/packs/Microsoft.NETCore.App.Ref/8.0.21/ref/net8.0/System.Xml.XDocument.dll
   8:8>ResolveAssemblyReferences:
             Resolved file path is "/usr/share/dotnet/packs/Microsoft.NETCore.App.Ref/8.0.21/ref/net8.0/System.Formats.Asn1.dll".
   7:7>ResolveAssemblyReferences:
             .dll.config
   4:7>ResolveAssemblyReferences:
                 Private = 'false'
   8:8>ResolveAssemblyReferences:
             Reference found at search path location "{RawFileName}".
   4:7>ResolveAssemblyReferences:
             /usr/share/dotnet/packs/Microsoft.NETCore.App.Ref/8.0.21/ref/net8.0/System.Xml.XPath.XDocument.dll
   7:7>ResolveAssemblyReferences:
             .exe.config
   8:8>ResolveAssemblyReferences:
             This reference is not "CopyLocal" because at least one source item had "Private" set to "false" and no source items had "Private" set to "true".
   4:7>ResolveAssemblyReferences:
                 Private = 'false'
   7:7>ResolveAssemblyReferences:
         AppConfigFile:
   8:8>ResolveAssemblyReferences:
             The ImageRuntimeVersion for this reference is "".
   7:7>ResolveAssemblyReferences:
             
   8:8>ResolveAssemblyReferences:
         Primary reference "System.Formats.Tar, Version=8.0.0.0, Culture=neutral, PublicKeyToken=cc7b13ffcd2ddd51".
             Resolved file path is "/usr/share/dotnet/packs/Microsoft.NETCore.App.Ref/8.0.21/ref/net8.0/System.Formats.Tar.dll".
   4:7>ResolveAssemblyReferences:
             /usr/share/dotnet/packs/Microsoft.NETCore.App.Ref/8.0.21/ref/net8.0/System.Xml.XPath.dll
   7:7>ResolveAssemblyReferences:
         AutoUnify:
   8:8>ResolveAssemblyReferences:
             Reference found at search path location "{RawFileName}".
   4:7>ResolveAssemblyReferences:
                 Private = 'false'
   7:7>ResolveAssemblyReferences:
             True
   8:8>ResolveAssemblyReferences:
             This reference is not "CopyLocal" because at least one source item had "Private" set to "false" and no source items had "Private" set to "true".
   4:7>ResolveAssemblyReferences:
             /usr/share/dotnet/packs/Microsoft.NETCore.App.Ref/8.0.21/ref/net8.0/System.Xml.XmlDocument.dll
   7:7>ResolveAssemblyReferences:
         CopyLocalDependenciesWhenParentReferenceInGac:
   8:8>ResolveAssemblyReferences:
             The ImageRuntimeVersion for this reference is "".
   4:7>ResolveAssemblyReferences:
                 Private = 'false'
   7:7>ResolveAssemblyReferences:
             True
   8:8>ResolveAssemblyReferences:
         Primary reference "System.Globalization.Calendars, Version=8.0.0.0, Culture=neutral, PublicKeyToken=b03f5f7f11d50a3a".
   4:7>ResolveAssemblyReferences:
             /usr/share/dotnet/packs/Microsoft.NETCore.App.Ref/8.0.21/ref/net8.0/System.Xml.XmlSerializer.dll
   7:7>ResolveAssemblyReferences:
         FindDependencies:
   8:8>ResolveAssemblyReferences:
             Resolved file path is "/usr/share/dotnet/packs/Microsoft.NETCore.App.Ref/8.0.21/ref/net8.0/System.Globalization.Calendars.dll".
   4:7>ResolveAssemblyReferences:
                 Private = 'false'
   7:7>ResolveAssemblyReferences:
             True
   8:8>ResolveAssemblyReferences:
             Reference found at search path location "{RawFileName}".
   4:7>ResolveAssemblyReferences:
             /usr/share/dotnet/packs/Microsoft.NETCore.App.Ref/8.0.21/ref/net8.0/System.Xml.dll
   8:8>ResolveAssemblyReferences:
             This reference is not "CopyLocal" because at least one source item had "Private" set to "false" and no source items had "Private" set to "true".
   7:7>ResolveAssemblyReferences:
         TargetProcessorArchitecture:
   4:7>ResolveAssemblyReferences:
                 Private = 'false'
   8:8>ResolveAssemblyReferences:
             The ImageRuntimeVersion for this reference is "".
   7:7>ResolveAssemblyReferences:
             msil
   4:7>ResolveAssemblyReferences:
             /usr/share/dotnet/packs/Microsoft.NETCore.App.Ref/8.0.21/ref/net8.0/System.dll
   8:8>ResolveAssemblyReferences:
         Primary reference "System.Globalization.Extensions, Version=8.0.0.0, Culture=neutral, PublicKeyToken=b03f5f7f11d50a3a".
   7:7>ResolveAssemblyReferences:
         StateFile:
   4:7>ResolveAssemblyReferences:
                 Private = 'false'
   8:8>ResolveAssemblyReferences:
             Resolved file path is "/usr/share/dotnet/packs/Microsoft.NETCore.App.Ref/8.0.21/ref/net8.0/System.Globalization.Extensions.dll".
   4:7>ResolveAssemblyReferences:
             /usr/share/dotnet/packs/Microsoft.NETCore.App.Ref/8.0.21/ref/net8.0/WindowsBase.dll
   7:7>ResolveAssemblyReferences:
             obj/Release/net8.0/KChief.AlarmSystem.csproj.AssemblyReference.cache
   8:8>ResolveAssemblyReferences:
             Reference found at search path location "{RawFileName}".
   4:7>ResolveAssemblyReferences:
                 Private = 'false'
   8:8>ResolveAssemblyReferences:
             This reference is not "CopyLocal" because at least one source item had "Private" set to "false" and no source items had "Private" set to "true".
   4:7>ResolveAssemblyReferences:
             /usr/share/dotnet/packs/Microsoft.NETCore.App.Ref/8.0.21/ref/net8.0/mscorlib.dll
   8:8>ResolveAssemblyReferences:
             The ImageRuntimeVersion for this reference is "".
   4:7>ResolveAssemblyReferences:
                 Private = 'false'
   8:8>ResolveAssemblyReferences:
         Primary reference "System.Globalization, Version=8.0.0.0, Culture=neutral, PublicKeyToken=b03f5f7f11d50a3a".
   4:7>ResolveAssemblyReferences:
             /usr/share/dotnet/packs/Microsoft.NETCore.App.Ref/8.0.21/ref/net8.0/netstandard.dll
   8:8>ResolveAssemblyReferences:
             Resolved file path is "/usr/share/dotnet/packs/Microsoft.NETCore.App.Ref/8.0.21/ref/net8.0/System.Globalization.dll".
   5:7>_HandlePackageFileConflicts:
         Encountered conflict between 'Platform:System.Diagnostics.DiagnosticSource.dll' and 'Runtime:/home/saidul/.nuget/packages/system.diagnostics.diagnosticsource/8.0.0/lib/net8.0/System.Diagnostics.DiagnosticSource.dll'. Choosing 'Platform:System.Diagnostics.DiagnosticSource.dll' because file version '8.0.2125.47513' is greater than '8.0.23.53103'.
   4:7>ResolveAssemblyReferences:
                 Private = 'false'
   8:8>ResolveAssemblyReferences:
             Reference found at search path location "{RawFileName}".
   4:7>ResolveAssemblyReferences:
         AssemblyFiles:
   5:7>_HandlePackageFileConflicts:
         Encountered conflict between 'Platform:System.Formats.Asn1.dll' and 'Runtime:/home/saidul/.nuget/packages/system.formats.asn1/8.0.0/lib/net8.0/System.Formats.Asn1.dll'. Choosing 'Platform:System.Formats.Asn1.dll' because file version '8.0.2125.47513' is greater than '8.0.23.53103'.
   8:8>ResolveAssemblyReferences:
             This reference is not "CopyLocal" because at least one source item had "Private" set to "false" and no source items had "Private" set to "true".
   7:7>ResolveAssemblyReferences:
         InstalledAssemblySubsetTables:
   4:7>ResolveAssemblyReferences:
             /home/saidul/Desktop/K-Chief Marine Automation Platform/src/KChief.Platform.Core/bin/Release/net8.0/KChief.Platform.Core.dll
   8:8>ResolveAssemblyReferences:
             The ImageRuntimeVersion for this reference is "".
   5:7>_HandlePackageFileConflicts:
         Encountered conflict between 'Platform:System.Security.Cryptography.Cng.dll' and 'Runtime:/home/saidul/.nuget/packages/system.security.cryptography.cng/5.0.0/lib/netcoreapp3.0/System.Security.Cryptography.Cng.dll'. Choosing 'Platform:System.Security.Cryptography.Cng.dll' because AssemblyVersion '8.0.0.0' is greater than '5.0.0.0'.
   7:7>ResolveAssemblyReferences:
         IgnoreInstalledAssemblySubsetTable:
   4:7>ResolveAssemblyReferences:
         CandidateAssemblyFiles:
   8:8>ResolveAssemblyReferences:
         Primary reference "System.IO.Compression.Brotli, Version=8.0.0.0, Culture=neutral, PublicKeyToken=b77a5c561934e089".
   5:7>_HandlePackageFileConflicts:
         Encountered conflict between 'Platform:System.Text.Encodings.Web.dll' and 'Runtime:/home/saidul/.nuget/packages/system.text.encodings.web/4.5.0/lib/netstandard2.0/System.Text.Encodings.Web.dll'. Choosing 'Platform:System.Text.Encodings.Web.dll' because AssemblyVersion '8.0.0.0' is greater than '4.0.3.0'.
   7:7>ResolveAssemblyReferences:
             False
   4:7>ResolveAssemblyReferences:
         TargetFrameworkDirectories:
   8:8>ResolveAssemblyReferences:
             Resolved file path is "/usr/share/dotnet/packs/Microsoft.NETCore.App.Ref/8.0.21/ref/net8.0/System.IO.Compression.Brotli.dll".
   5:7>_HandlePackageFileConflicts:
         Encountered conflict between 'Platform:System.Security.Cryptography.Cng.dll' and 'Runtime:/home/saidul/.nuget/packages/system.security.cryptography.cng/5.0.0/runtimes/win/lib/netcoreapp3.0/System.Security.Cryptography.Cng.dll'. Choosing 'Platform:System.Security.Cryptography.Cng.dll' because AssemblyVersion '8.0.0.0' is greater than '5.0.0.0'.
   7:7>ResolveAssemblyReferences:
         TargetFrameworkSubsets:
   4:7>ResolveAssemblyReferences:
             
   8:8>ResolveAssemblyReferences:
             Reference found at search path location "{RawFileName}".
   5:7>_HandlePackageFileConflicts:
         Encountered conflict between 'Platform:mscorlib.dll' and 'Platform:mscorlib.dll'. Could not determine winner due to equal file and assembly versions.
   7:7>ResolveAssemblyReferences:
         FullTargetFrameworkSubsetNames:
   4:7>ResolveAssemblyReferences:
         InstalledAssemblyTables:
   8:8>ResolveAssemblyReferences:
             This reference is not "CopyLocal" because at least one source item had "Private" set to "false" and no source items had "Private" set to "true".
   5:7>_HandlePackageFileConflicts:
         Encountered conflict between 'Platform:Microsoft.VisualBasic.dll' and 'Platform:Microsoft.VisualBasic.dll'. Could not determine winner due to equal file and assembly versions.
   7:7>ResolveAssemblyReferences:
             Full
   4:7>ResolveAssemblyReferences:
         IgnoreInstalledAssemblyTable:
   8:8>ResolveAssemblyReferences:
             The ImageRuntimeVersion for this reference is "".
   5:7>_HandlePackageFileConflicts:
         Encountered conflict between 'Platform:System.dll' and 'Platform:System.dll'. Could not determine winner due to equal file and assembly versions.
   7:7>ResolveAssemblyReferences:
         ProfileName:
   4:7>ResolveAssemblyReferences:
             False
   8:8>ResolveAssemblyReferences:
         Primary reference "System.IO.Compression.FileSystem, Version=4.0.0.0, Culture=neutral, PublicKeyToken=b77a5c561934e089".
   5:7>_HandlePackageFileConflicts:
         Encountered conflict between 'Platform:System.ComponentModel.DataAnnotations.dll' and 'Platform:System.ComponentModel.DataAnnotations.dll'. Could not determine winner due to equal file and assembly versions.
   7:7>ResolveAssemblyReferences:
             
   4:7>ResolveAssemblyReferences:
         SearchPaths:
   8:8>ResolveAssemblyReferences:
             Resolved file path is "/usr/share/dotnet/packs/Microsoft.NETCore.App.Ref/8.0.21/ref/net8.0/System.IO.Compression.FileSystem.dll".
   5:7>_HandlePackageFileConflicts:
         Encountered conflict between 'Platform:System.Configuration.dll' and 'Platform:System.Configuration.dll'. Could not determine winner due to equal file and assembly versions.
   7:7>ResolveAssemblyReferences:
         FullFrameworkFolders:
   4:7>ResolveAssemblyReferences:
             {CandidateAssemblyFiles}
   8:8>ResolveAssemblyReferences:
             Reference found at search path location "{RawFileName}".
   5:7>_HandlePackageFileConflicts:
         Encountered conflict between 'Platform:System.Core.dll' and 'Platform:System.Core.dll'. Could not determine winner due to equal file and assembly versions.
   7:7>ResolveAssemblyReferences:
         LatestTargetFrameworkDirectories:
   4:7>ResolveAssemblyReferences:
             {HintPathFromItem}
   8:8>ResolveAssemblyReferences:
             This reference is not "CopyLocal" because at least one source item had "Private" set to "false" and no source items had "Private" set to "true".
   5:7>_HandlePackageFileConflicts:
         Encountered conflict between 'Platform:System.Data.dll' and 'Platform:System.Data.dll'. Could not determine winner due to equal file and assembly versions.
   7:7>ResolveAssemblyReferences:
         ProfileTablesLocation:
   4:7>ResolveAssemblyReferences:
             {TargetFrameworkDirectory}
   8:8>ResolveAssemblyReferences:
             The ImageRuntimeVersion for this reference is "".
   5:7>_HandlePackageFileConflicts:
         Encountered conflict between 'Platform:System.Drawing.dll' and 'Platform:System.Drawing.dll'. Could not determine winner due to equal file and assembly versions.
   7:7>ResolveAssemblyReferences:
         Primary reference "KChief.Platform.Core, Version=1.0.0.0, Culture=neutral, PublicKeyToken=null".
   4:7>ResolveAssemblyReferences:
             {RawFileName}
   8:8>ResolveAssemblyReferences:
         Primary reference "System.IO.Compression.ZipFile, Version=8.0.0.0, Culture=neutral, PublicKeyToken=b77a5c561934e089".
   5:7>_HandlePackageFileConflicts:
         Encountered conflict between 'Platform:System.IO.Compression.FileSystem.dll' and 'Platform:System.IO.Compression.FileSystem.dll'. Could not determine winner due to equal file and assembly versions.
   7:7>ResolveAssemblyReferences:
             Resolved file path is "/home/saidul/Desktop/K-Chief Marine Automation Platform/src/KChief.Platform.Core/bin/Release/net8.0/KChief.Platform.Core.dll".
   4:7>ResolveAssemblyReferences:
         AllowedAssemblyExtensions:
   8:8>ResolveAssemblyReferences:
             Resolved file path is "/usr/share/dotnet/packs/Microsoft.NETCore.App.Ref/8.0.21/ref/net8.0/System.IO.Compression.ZipFile.dll".
   5:7>_HandlePackageFileConflicts:
         Encountered conflict between 'Platform:System.Net.dll' and 'Platform:System.Net.dll'. Could not determine winner due to equal file and assembly versions.
   7:7>ResolveAssemblyReferences:
             Reference found at search path location "/home/saidul/Desktop/K-Chief Marine Automation Platform/src/KChief.Platform.Core/bin/Release/net8.0/KChief.Platform.Core.dll".
   4:7>ResolveAssemblyReferences:
             .winmd
   8:8>ResolveAssemblyReferences:
             Reference found at search path location "{RawFileName}".
   5:7>_HandlePackageFileConflicts:
         Encountered conflict between 'Platform:System.Numerics.dll' and 'Platform:System.Numerics.dll'. Could not determine winner due to equal file and assembly versions.
   7:7>ResolveAssemblyReferences:
             Found related file "/home/saidul/Desktop/K-Chief Marine Automation Platform/src/KChief.Platform.Core/bin/Release/net8.0/KChief.Platform.Core.pdb".
   4:7>ResolveAssemblyReferences:
             .dll
   8:8>ResolveAssemblyReferences:
             This reference is not "CopyLocal" because at least one source item had "Private" set to "false" and no source items had "Private" set to "true".
   7:7>ResolveAssemblyReferences:
             The ImageRuntimeVersion for this reference is "".
   5:7>_HandlePackageFileConflicts:
         Encountered conflict between 'Platform:System.Runtime.Serialization.dll' and 'Platform:System.Runtime.Serialization.dll'. Could not determine winner due to equal file and assembly versions.
   4:7>ResolveAssemblyReferences:
             .exe
   8:8>ResolveAssemblyReferences:
             The ImageRuntimeVersion for this reference is "".
   5:7>_HandlePackageFileConflicts:
         Encountered conflict between 'Platform:System.Security.dll' and 'Platform:System.Security.dll'. Could not determine winner due to equal file and assembly versions.
   7:7>ResolveAssemblyReferences:
         Primary reference "FluentValidation, Version=11.0.0.0, Culture=neutral, PublicKeyToken=7de548da2fbae0f0".
   4:7>ResolveAssemblyReferences:
         AllowedRelatedFileExtensions:
   8:8>ResolveAssemblyReferences:
         Primary reference "System.IO.Compression, Version=8.0.0.0, Culture=neutral, PublicKeyToken=b77a5c561934e089".
   5:7>_HandlePackageFileConflicts:
         Encountered conflict between 'Platform:System.ServiceProcess.dll' and 'Platform:System.ServiceProcess.dll'. Could not determine winner due to equal file and assembly versions.
   7:7>ResolveAssemblyReferences:
             Resolved file path is "/home/saidul/.nuget/packages/fluentvalidation/11.9.0/lib/net8.0/FluentValidation.dll".
   4:7>ResolveAssemblyReferences:
             .pdb
   5:7>_HandlePackageFileConflicts:
         Encountered conflict between 'Platform:System.ServiceModel.Web.dll' and 'Platform:System.ServiceModel.Web.dll'. Could not determine winner due to equal file and assembly versions.
   8:8>ResolveAssemblyReferences:
             Resolved file path is "/usr/share/dotnet/packs/Microsoft.NETCore.App.Ref/8.0.21/ref/net8.0/System.IO.Compression.dll".
   7:7>ResolveAssemblyReferences:
             Reference found at search path location "{HintPathFromItem}".
   4:7>ResolveAssemblyReferences:
             .xml
   5:7>_HandlePackageFileConflicts:
         Encountered conflict between 'Platform:System.Transactions.dll' and 'Platform:System.Transactions.dll'. Could not determine winner due to equal file and assembly versions.
   7:7>ResolveAssemblyReferences:
             This reference is not "CopyLocal" because at least one source item had "Private" set to "false" and no source items had "Private" set to "true".
   8:8>ResolveAssemblyReferences:
             Reference found at search path location "{RawFileName}".
   4:7>ResolveAssemblyReferences:
             .pri
   7:7>ResolveAssemblyReferences:
             The ImageRuntimeVersion for this reference is "".
   5:7>_HandlePackageFileConflicts:
         Encountered conflict between 'Platform:System.Web.dll' and 'Platform:System.Web.dll'. Could not determine winner due to equal file and assembly versions.
   8:8>ResolveAssemblyReferences:
             This reference is not "CopyLocal" because at least one source item had "Private" set to "false" and no source items had "Private" set to "true".
   4:7>ResolveAssemblyReferences:
             .dll.config
   5:7>_HandlePackageFileConflicts:
         Encountered conflict between 'Platform:System.Windows.dll' and 'Platform:System.Windows.dll'. Could not determine winner due to equal file and assembly versions.
   7:7>ResolveAssemblyReferences:
         Primary reference "Microsoft.AspNetCore.Http.Abstractions, Version=2.2.0.0, Culture=neutral, PublicKeyToken=adb9793829ddae60".
   8:8>ResolveAssemblyReferences:
             The ImageRuntimeVersion for this reference is "".
   4:7>ResolveAssemblyReferences:
             .exe.config
   5:7>_HandlePackageFileConflicts:
         Encountered conflict between 'Platform:System.Xml.dll' and 'Platform:System.Xml.dll'. Could not determine winner due to equal file and assembly versions.
   7:7>ResolveAssemblyReferences:
             Resolved file path is "/home/saidul/.nuget/packages/microsoft.aspnetcore.http.abstractions/2.2.0/lib/netstandard2.0/Microsoft.AspNetCore.Http.Abstractions.dll".
   4:7>ResolveAssemblyReferences:
         AppConfigFile:
   8:8>ResolveAssemblyReferences:
         Primary reference "System.IO.FileSystem.AccessControl, Version=8.0.0.0, Culture=neutral, PublicKeyToken=b03f5f7f11d50a3a".
   7:7>ResolveAssemblyReferences:
             Reference found at search path location "{HintPathFromItem}".
   5:7>_HandlePackageFileConflicts:
         Encountered conflict between 'Platform:System.Xml.Serialization.dll' and 'Platform:System.Xml.Serialization.dll'. Could not determine winner due to equal file and assembly versions.
   4:7>ResolveAssemblyReferences:
             
   8:8>ResolveAssemblyReferences:
             Resolved file path is "/usr/share/dotnet/packs/Microsoft.NETCore.App.Ref/8.0.21/ref/net8.0/System.IO.FileSystem.AccessControl.dll".
   7:7>ResolveAssemblyReferences:
             This reference is not "CopyLocal" because at least one source item had "Private" set to "false" and no source items had "Private" set to "true".
   5:7>_HandlePackageFileConflicts:
         Encountered conflict between 'Platform:System.Xml.Linq.dll' and 'Platform:System.Xml.Linq.dll'. Could not determine winner due to equal file and assembly versions.
   4:7>ResolveAssemblyReferences:
         AutoUnify:
   8:8>ResolveAssemblyReferences:
             Reference found at search path location "{RawFileName}".
   7:7>ResolveAssemblyReferences:
             The ImageRuntimeVersion for this reference is "".
   5:7>_HandlePackageFileConflicts:
         Encountered conflict between 'Platform:WindowsBase.dll' and 'Platform:WindowsBase.dll'. Could not determine winner due to equal file and assembly versions.
   4:7>ResolveAssemblyReferences:
             True
   8:8>ResolveAssemblyReferences:
             This reference is not "CopyLocal" because at least one source item had "Private" set to "false" and no source items had "Private" set to "true".
   7:7>ResolveAssemblyReferences:
         Primary reference "Microsoft.AspNetCore.Http.Features, Version=2.2.0.0, Culture=neutral, PublicKeyToken=adb9793829ddae60".
   4:7>ResolveAssemblyReferences:
         CopyLocalDependenciesWhenParentReferenceInGac:
   5:7>_HandlePackageFileConflicts:
         Encountered conflict between 'Platform:netstandard.dll' and 'Platform:netstandard.dll'. Could not determine winner due to equal file and assembly versions.
   8:8>ResolveAssemblyReferences:
             The ImageRuntimeVersion for this reference is "".
   7:7>ResolveAssemblyReferences:
             Resolved file path is "/home/saidul/.nuget/packages/microsoft.aspnetcore.http.features/2.2.0/lib/netstandard2.0/Microsoft.AspNetCore.Http.Features.dll".
   4:7>ResolveAssemblyReferences:
             True
   5:7>_HandlePackageFileConflicts:
         Encountered conflict between 'Platform:System.Private.CoreLib.dll' and 'Platform:System.Private.CoreLib.dll'. Could not determine winner due to equal file and assembly versions.
   7:7>ResolveAssemblyReferences:
             Reference found at search path location "{HintPathFromItem}".
   4:7>ResolveAssemblyReferences:
         FindDependencies:
   5:7>_HandlePackageFileConflicts:
         Encountered conflict between 'Platform:System.Private.DataContractSerialization.dll' and 'Platform:System.Private.DataContractSerialization.dll'. Could not determine winner due to equal file and assembly versions.
   7:7>ResolveAssemblyReferences:
             This reference is not "CopyLocal" because at least one source item had "Private" set to "false" and no source items had "Private" set to "true".
   4:7>ResolveAssemblyReferences:
             True
   5:7>_HandlePackageFileConflicts:
         Encountered conflict between 'Platform:System.Private.Uri.dll' and 'Platform:System.Private.Uri.dll'. Could not determine winner due to equal file and assembly versions.
   7:7>ResolveAssemblyReferences:
             The ImageRuntimeVersion for this reference is "".
   4:7>ResolveAssemblyReferences:
         TargetProcessorArchitecture:
   5:7>_HandlePackageFileConflicts:
         Encountered conflict between 'Platform:System.Private.Xml.dll' and 'Platform:System.Private.Xml.dll'. Could not determine winner due to equal file and assembly versions.
   4:7>ResolveAssemblyReferences:
             msil
   7:7>ResolveAssemblyReferences:
         Primary reference "Microsoft.Extensions.Configuration.Abstractions, Version=8.0.0.0, Culture=neutral, PublicKeyToken=adb9793829ddae60".
   5:7>_HandlePackageFileConflicts:
         Encountered conflict between 'Platform:System.Private.Xml.Linq.dll' and 'Platform:System.Private.Xml.Linq.dll'. Could not determine winner due to equal file and assembly versions.
   4:7>ResolveAssemblyReferences:
         StateFile:
   7:7>ResolveAssemblyReferences:
             Resolved file path is "/home/saidul/.nuget/packages/microsoft.extensions.configuration.abstractions/8.0.0/lib/net8.0/Microsoft.Extensions.Configuration.Abstractions.dll".
   4:7>ResolveAssemblyReferences:
             obj/Release/net8.0/KChief.Protocols.Modbus.csproj.AssemblyReference.cache
   5:7>_HandlePackageFileConflicts:
         Encountered conflict between 'Platform:mscordaccore_amd64_amd64_8.0.2125.47513.dll' and 'Platform:mscordaccore_amd64_amd64_8.0.2125.47513.dll'. Could not determine winner due to equal file and assembly versions.
   7:7>ResolveAssemblyReferences:
             Reference found at search path location "{HintPathFromItem}".
   4:7>ResolveAssemblyReferences:
         InstalledAssemblySubsetTables:
   7:7>ResolveAssemblyReferences:
             This reference is not "CopyLocal" because at least one source item had "Private" set to "false" and no source items had "Private" set to "true".
   4:7>ResolveAssemblyReferences:
         IgnoreInstalledAssemblySubsetTable:
   8:8>ResolveAssemblyReferences:
         Primary reference "System.IO.FileSystem.DriveInfo, Version=8.0.0.0, Culture=neutral, PublicKeyToken=b03f5f7f11d50a3a".
   4:7>ResolveAssemblyReferences:
             False
   7:7>ResolveAssemblyReferences:
             The ImageRuntimeVersion for this reference is "".
   4:7>ResolveAssemblyReferences:
         TargetFrameworkSubsets:
   7:7>ResolveAssemblyReferences:
         Primary reference "Microsoft.Extensions.DependencyInjection.Abstractions, Version=8.0.0.0, Culture=neutral, PublicKeyToken=adb9793829ddae60".
   4:7>ResolveAssemblyReferences:
         FullTargetFrameworkSubsetNames:
             Full
   7:7>ResolveAssemblyReferences:
             Resolved file path is "/home/saidul/.nuget/packages/microsoft.extensions.dependencyinjection.abstractions/8.0.0/lib/net8.0/Microsoft.Extensions.DependencyInjection.Abstractions.dll".
   8:8>ResolveAssemblyReferences:
             Resolved file path is "/usr/share/dotnet/packs/Microsoft.NETCore.App.Ref/8.0.21/ref/net8.0/System.IO.FileSystem.DriveInfo.dll".
   4:7>ResolveAssemblyReferences:
         ProfileName:
   7:7>ResolveAssemblyReferences:
             Reference found at search path location "{HintPathFromItem}".
   4:7>ResolveAssemblyReferences:
             
   7:7>ResolveAssemblyReferences:
             This reference is not "CopyLocal" because at least one source item had "Private" set to "false" and no source items had "Private" set to "true".
   4:7>ResolveAssemblyReferences:
         FullFrameworkFolders:
   7:7>ResolveAssemblyReferences:
             The ImageRuntimeVersion for this reference is "".
   4:7>ResolveAssemblyReferences:
         LatestTargetFrameworkDirectories:
   8:8>ResolveAssemblyReferences:
             Reference found at search path location "{RawFileName}".
   7:7>ResolveAssemblyReferences:
         Primary reference "Microsoft.Extensions.Diagnostics.Abstractions, Version=8.0.0.0, Culture=neutral, PublicKeyToken=adb9793829ddae60".
   4:7>ResolveAssemblyReferences:
         ProfileTablesLocation:
         Primary reference "KChief.Platform.Core, Version=1.0.0.0, Culture=neutral, PublicKeyToken=null".
             Resolved file path is "/home/saidul/Desktop/K-Chief Marine Automation Platform/src/KChief.Platform.Core/bin/Release/net8.0/KChief.Platform.Core.dll".
   8:8>ResolveAssemblyReferences:
             This reference is not "CopyLocal" because at least one source item had "Private" set to "false" and no source items had "Private" set to "true".
   4:7>ResolveAssemblyReferences:
             Reference found at search path location "/home/saidul/Desktop/K-Chief Marine Automation Platform/src/KChief.Platform.Core/bin/Release/net8.0/KChief.Platform.Core.dll".
   7:7>ResolveAssemblyReferences:
             Resolved file path is "/home/saidul/.nuget/packages/microsoft.extensions.diagnostics.abstractions/8.0.0/lib/net8.0/Microsoft.Extensions.Diagnostics.Abstractions.dll".
   4:7>ResolveAssemblyReferences:
             Found related file "/home/saidul/Desktop/K-Chief Marine Automation Platform/src/KChief.Platform.Core/bin/Release/net8.0/KChief.Platform.Core.pdb".
   7:7>ResolveAssemblyReferences:
             Reference found at search path location "{HintPathFromItem}".
   4:7>ResolveAssemblyReferences:
             The ImageRuntimeVersion for this reference is "".
   8:8>ResolveAssemblyReferences:
             The ImageRuntimeVersion for this reference is "".
   7:7>ResolveAssemblyReferences:
             This reference is not "CopyLocal" because at least one source item had "Private" set to "false" and no source items had "Private" set to "true".
   4:7>ResolveAssemblyReferences:
         Primary reference "FluentValidation, Version=11.0.0.0, Culture=neutral, PublicKeyToken=7de548da2fbae0f0".
   7:7>ResolveAssemblyReferences:
             The ImageRuntimeVersion for this reference is "".
   4:7>ResolveAssemblyReferences:
             Resolved file path is "/home/saidul/.nuget/packages/fluentvalidation/11.9.0/lib/net8.0/FluentValidation.dll".
             Reference found at search path location "{HintPathFromItem}".
   7:7>ResolveAssemblyReferences:
         Primary reference "Microsoft.Extensions.FileProviders.Abstractions, Version=8.0.0.0, Culture=neutral, PublicKeyToken=adb9793829ddae60".
   8:8>ResolveAssemblyReferences:
         Primary reference "System.IO.FileSystem.Primitives, Version=8.0.0.0, Culture=neutral, PublicKeyToken=b03f5f7f11d50a3a".
   4:7>ResolveAssemblyReferences:
             This reference is not "CopyLocal" because at least one source item had "Private" set to "false" and no source items had "Private" set to "true".
   7:7>ResolveAssemblyReferences:
             Resolved file path is "/home/saidul/.nuget/packages/microsoft.extensions.fileproviders.abstractions/8.0.0/lib/net8.0/Microsoft.Extensions.FileProviders.Abstractions.dll".
   4:7>ResolveAssemblyReferences:
             The ImageRuntimeVersion for this reference is "".
   7:7>ResolveAssemblyReferences:
             Reference found at search path location "{HintPathFromItem}".
   4:7>ResolveAssemblyReferences:
         Primary reference "Microsoft.AspNetCore.Http.Abstractions, Version=2.2.0.0, Culture=neutral, PublicKeyToken=adb9793829ddae60".
   7:7>ResolveAssemblyReferences:
             This reference is not "CopyLocal" because at least one source item had "Private" set to "false" and no source items had "Private" set to "true".
   8:8>ResolveAssemblyReferences:
             Resolved file path is "/usr/share/dotnet/packs/Microsoft.NETCore.App.Ref/8.0.21/ref/net8.0/System.IO.FileSystem.Primitives.dll".
   4:7>ResolveAssemblyReferences:
             Resolved file path is "/home/saidul/.nuget/packages/microsoft.aspnetcore.http.abstractions/2.2.0/lib/netstandard2.0/Microsoft.AspNetCore.Http.Abstractions.dll".
   7:7>ResolveAssemblyReferences:
             The ImageRuntimeVersion for this reference is "".
   4:7>ResolveAssemblyReferences:
             Reference found at search path location "{HintPathFromItem}".
   7:7>ResolveAssemblyReferences:
         Primary reference "Microsoft.Extensions.Hosting.Abstractions, Version=8.0.0.0, Culture=neutral, PublicKeyToken=adb9793829ddae60".
   4:7>ResolveAssemblyReferences:
             This reference is not "CopyLocal" because at least one source item had "Private" set to "false" and no source items had "Private" set to "true".
   8:8>ResolveAssemblyReferences:
             Reference found at search path location "{RawFileName}".
   7:7>ResolveAssemblyReferences:
             Resolved file path is "/home/saidul/.nuget/packages/microsoft.extensions.hosting.abstractions/8.0.0/lib/net8.0/Microsoft.Extensions.Hosting.Abstractions.dll".
   4:7>ResolveAssemblyReferences:
             The ImageRuntimeVersion for this reference is "".
   7:7>ResolveAssemblyReferences:
             Reference found at search path location "{HintPathFromItem}".
   4:7>ResolveAssemblyReferences:
         Primary reference "Microsoft.AspNetCore.Http.Features, Version=2.2.0.0, Culture=neutral, PublicKeyToken=adb9793829ddae60".
   7:7>ResolveAssemblyReferences:
             This reference is not "CopyLocal" because at least one source item had "Private" set to "false" and no source items had "Private" set to "true".
   8:8>ResolveAssemblyReferences:
             This reference is not "CopyLocal" because at least one source item had "Private" set to "false" and no source items had "Private" set to "true".
   7:7>ResolveAssemblyReferences:
             The ImageRuntimeVersion for this reference is "".
   4:7>ResolveAssemblyReferences:
             Resolved file path is "/home/saidul/.nuget/packages/microsoft.aspnetcore.http.features/2.2.0/lib/netstandard2.0/Microsoft.AspNetCore.Http.Features.dll".
   7:7>ResolveAssemblyReferences:
         Primary reference "Microsoft.Extensions.Logging.Abstractions, Version=8.0.0.0, Culture=neutral, PublicKeyToken=adb9793829ddae60".
   4:7>ResolveAssemblyReferences:
             Reference found at search path location "{HintPathFromItem}".
   8:8>ResolveAssemblyReferences:
             The ImageRuntimeVersion for this reference is "".
   7:7>ResolveAssemblyReferences:
             Resolved file path is "/home/saidul/.nuget/packages/microsoft.extensions.logging.abstractions/8.0.0/lib/net8.0/Microsoft.Extensions.Logging.Abstractions.dll".
   4:7>ResolveAssemblyReferences:
             This reference is not "CopyLocal" because at least one source item had "Private" set to "false" and no source items had "Private" set to "true".
   7:7>ResolveAssemblyReferences:
             Reference found at search path location "{HintPathFromItem}".
   4:7>ResolveAssemblyReferences:
             The ImageRuntimeVersion for this reference is "".
   7:7>ResolveAssemblyReferences:
             This reference is not "CopyLocal" because at least one source item had "Private" set to "false" and no source items had "Private" set to "true".
   4:7>ResolveAssemblyReferences:
         Primary reference "Microsoft.Extensions.Configuration.Abstractions, Version=8.0.0.0, Culture=neutral, PublicKeyToken=adb9793829ddae60".
   8:8>ResolveAssemblyReferences:
         Primary reference "System.IO.FileSystem.Watcher, Version=8.0.0.0, Culture=neutral, PublicKeyToken=b03f5f7f11d50a3a".
   7:7>ResolveAssemblyReferences:
             The ImageRuntimeVersion for this reference is "".
   4:7>ResolveAssemblyReferences:
             Resolved file path is "/home/saidul/.nuget/packages/microsoft.extensions.configuration.abstractions/8.0.0/lib/net8.0/Microsoft.Extensions.Configuration.Abstractions.dll".
             Reference found at search path location "{HintPathFromItem}".
   7:7>ResolveAssemblyReferences:
         Primary reference "Microsoft.Extensions.Options, Version=8.0.0.0, Culture=neutral, PublicKeyToken=adb9793829ddae60".
   4:7>ResolveAssemblyReferences:
             This reference is not "CopyLocal" because at least one source item had "Private" set to "false" and no source items had "Private" set to "true".
   8:8>ResolveAssemblyReferences:
             Resolved file path is "/usr/share/dotnet/packs/Microsoft.NETCore.App.Ref/8.0.21/ref/net8.0/System.IO.FileSystem.Watcher.dll".
   7:7>ResolveAssemblyReferences:
             Resolved file path is "/home/saidul/.nuget/packages/microsoft.extensions.options/8.0.0/lib/net8.0/Microsoft.Extensions.Options.dll".
   4:7>ResolveAssemblyReferences:
             The ImageRuntimeVersion for this reference is "".
   7:7>ResolveAssemblyReferences:
             Reference found at search path location "{HintPathFromItem}".
   4:7>ResolveAssemblyReferences:
         Primary reference "Microsoft.Extensions.DependencyInjection.Abstractions, Version=8.0.0.0, Culture=neutral, PublicKeyToken=adb9793829ddae60".
             Resolved file path is "/home/saidul/.nuget/packages/microsoft.extensions.dependencyinjection.abstractions/8.0.0/lib/net8.0/Microsoft.Extensions.DependencyInjection.Abstractions.dll".
   7:7>ResolveAssemblyReferences:
             This reference is not "CopyLocal" because at least one source item had "Private" set to "false" and no source items had "Private" set to "true".
   8:8>ResolveAssemblyReferences:
             Reference found at search path location "{RawFileName}".
   4:7>ResolveAssemblyReferences:
             Reference found at search path location "{HintPathFromItem}".
   7:7>ResolveAssemblyReferences:
             The ImageRuntimeVersion for this reference is "".
   4:7>ResolveAssemblyReferences:
             This reference is not "CopyLocal" because at least one source item had "Private" set to "false" and no source items had "Private" set to "true".
   7:7>ResolveAssemblyReferences:
         Primary reference "Microsoft.Extensions.Primitives, Version=8.0.0.0, Culture=neutral, PublicKeyToken=adb9793829ddae60".
   4:7>ResolveAssemblyReferences:
             The ImageRuntimeVersion for this reference is "".
   8:8>ResolveAssemblyReferences:
             This reference is not "CopyLocal" because at least one source item had "Private" set to "false" and no source items had "Private" set to "true".
   7:7>ResolveAssemblyReferences:
             Resolved file path is "/home/saidul/.nuget/packages/microsoft.extensions.primitives/8.0.0/lib/net8.0/Microsoft.Extensions.Primitives.dll".
   4:7>ResolveAssemblyReferences:
         Primary reference "Microsoft.Extensions.Diagnostics.Abstractions, Version=8.0.0.0, Culture=neutral, PublicKeyToken=adb9793829ddae60".
   7:7>ResolveAssemblyReferences:
             Reference found at search path location "{HintPathFromItem}".
   4:7>ResolveAssemblyReferences:
             Resolved file path is "/home/saidul/.nuget/packages/microsoft.extensions.diagnostics.abstractions/8.0.0/lib/net8.0/Microsoft.Extensions.Diagnostics.Abstractions.dll".
   7:7>ResolveAssemblyReferences:
             This reference is not "CopyLocal" because at least one source item had "Private" set to "false" and no source items had "Private" set to "true".
   8:8>ResolveAssemblyReferences:
             The ImageRuntimeVersion for this reference is "".
   4:7>ResolveAssemblyReferences:
             Reference found at search path location "{HintPathFromItem}".
   7:7>ResolveAssemblyReferences:
             The ImageRuntimeVersion for this reference is "".
   4:7>ResolveAssemblyReferences:
             This reference is not "CopyLocal" because at least one source item had "Private" set to "false" and no source items had "Private" set to "true".
   7:7>ResolveAssemblyReferences:
         Primary reference "Polly, Version=8.0.0.0, Culture=neutral, PublicKeyToken=c8a3ffc3f8f825cc".
   4:7>ResolveAssemblyReferences:
             The ImageRuntimeVersion for this reference is "".
   7:7>ResolveAssemblyReferences:
             Resolved file path is "/home/saidul/.nuget/packages/polly/8.2.0/lib/net6.0/Polly.dll".
   8:8>ResolveAssemblyReferences:
         Primary reference "System.IO.FileSystem, Version=8.0.0.0, Culture=neutral, PublicKeyToken=b03f5f7f11d50a3a".
   4:7>ResolveAssemblyReferences:
         Primary reference "Microsoft.Extensions.FileProviders.Abstractions, Version=8.0.0.0, Culture=neutral, PublicKeyToken=adb9793829ddae60".
   7:7>ResolveAssemblyReferences:
             Reference found at search path location "{HintPathFromItem}".
             This reference is not "CopyLocal" because at least one source item had "Private" set to "false" and no source items had "Private" set to "true".
   4:7>ResolveAssemblyReferences:
             Resolved file path is "/home/saidul/.nuget/packages/microsoft.extensions.fileproviders.abstractions/8.0.0/lib/net8.0/Microsoft.Extensions.FileProviders.Abstractions.dll".
   7:7>ResolveAssemblyReferences:
             The ImageRuntimeVersion for this reference is "".
   4:7>ResolveAssemblyReferences:
             Reference found at search path location "{HintPathFromItem}".
   8:8>ResolveAssemblyReferences:
             Resolved file path is "/usr/share/dotnet/packs/Microsoft.NETCore.App.Ref/8.0.21/ref/net8.0/System.IO.FileSystem.dll".
   7:7>ResolveAssemblyReferences:
         Primary reference "Polly.Core, Version=8.0.0.0, Culture=neutral, PublicKeyToken=c8a3ffc3f8f825cc".
   4:7>ResolveAssemblyReferences:
             This reference is not "CopyLocal" because at least one source item had "Private" set to "false" and no source items had "Private" set to "true".
   7:7>ResolveAssemblyReferences:
             Resolved file path is "/home/saidul/.nuget/packages/polly.core/8.2.0/lib/net8.0/Polly.Core.dll".
   4:7>ResolveAssemblyReferences:
             The ImageRuntimeVersion for this reference is "".
   7:7>ResolveAssemblyReferences:
             Reference found at search path location "{HintPathFromItem}".
   8:8>ResolveAssemblyReferences:
             Reference found at search path location "{RawFileName}".
   4:7>ResolveAssemblyReferences:
         Primary reference "Microsoft.Extensions.Hosting.Abstractions, Version=8.0.0.0, Culture=neutral, PublicKeyToken=adb9793829ddae60".
   7:7>ResolveAssemblyReferences:
             This reference is not "CopyLocal" because at least one source item had "Private" set to "false" and no source items had "Private" set to "true".
   4:7>ResolveAssemblyReferences:
             Resolved file path is "/home/saidul/.nuget/packages/microsoft.extensions.hosting.abstractions/8.0.0/lib/net8.0/Microsoft.Extensions.Hosting.Abstractions.dll".
   7:7>ResolveAssemblyReferences:
             The ImageRuntimeVersion for this reference is "".
   4:7>ResolveAssemblyReferences:
             Reference found at search path location "{HintPathFromItem}".
   8:8>ResolveAssemblyReferences:
             This reference is not "CopyLocal" because at least one source item had "Private" set to "false" and no source items had "Private" set to "true".
   7:7>ResolveAssemblyReferences:
         Primary reference "Serilog, Version=2.0.0.0, Culture=neutral, PublicKeyToken=24c2f752a8e58a10".
   4:7>ResolveAssemblyReferences:
             This reference is not "CopyLocal" because at least one source item had "Private" set to "false" and no source items had "Private" set to "true".
             The ImageRuntimeVersion for this reference is "".
   7:7>ResolveAssemblyReferences:
             Resolved file path is "/home/saidul/.nuget/packages/serilog/3.1.1/lib/net7.0/Serilog.dll".
             Reference found at search path location "{HintPathFromItem}".
   4:7>ResolveAssemblyReferences:
         Primary reference "Microsoft.Extensions.Logging.Abstractions, Version=8.0.0.0, Culture=neutral, PublicKeyToken=adb9793829ddae60".
   7:7>ResolveAssemblyReferences:
             This reference is not "CopyLocal" because at least one source item had "Private" set to "false" and no source items had "Private" set to "true".
   4:7>ResolveAssemblyReferences:
             Resolved file path is "/home/saidul/.nuget/packages/microsoft.extensions.logging.abstractions/8.0.0/lib/net8.0/Microsoft.Extensions.Logging.Abstractions.dll".
   5:7>Done executing task "ResolvePackageFileConflicts".
   8:8>ResolveAssemblyReferences:
             The ImageRuntimeVersion for this reference is "".
   7:7>ResolveAssemblyReferences:
             The ImageRuntimeVersion for this reference is "".
   4:7>ResolveAssemblyReferences:
             Reference found at search path location "{HintPathFromItem}".
             This reference is not "CopyLocal" because at least one source item had "Private" set to "false" and no source items had "Private" set to "true".
   7:7>ResolveAssemblyReferences:
         Primary reference "Microsoft.CSharp, Version=8.0.0.0, Culture=neutral, PublicKeyToken=b03f5f7f11d50a3a".
   4:7>ResolveAssemblyReferences:
             The ImageRuntimeVersion for this reference is "".
   7:7>ResolveAssemblyReferences:
             Resolved file path is "/usr/share/dotnet/packs/Microsoft.NETCore.App.Ref/8.0.21/ref/net8.0/Microsoft.CSharp.dll".
   8:8>ResolveAssemblyReferences:
         Primary reference "System.IO.IsolatedStorage, Version=8.0.0.0, Culture=neutral, PublicKeyToken=b03f5f7f11d50a3a".
   4:7>ResolveAssemblyReferences:
         Primary reference "Microsoft.Extensions.Options, Version=8.0.0.0, Culture=neutral, PublicKeyToken=adb9793829ddae60".
   7:7>ResolveAssemblyReferences:
             Reference found at search path location "{RawFileName}".
   4:7>ResolveAssemblyReferences:
             Resolved file path is "/home/saidul/.nuget/packages/microsoft.extensions.options/8.0.0/lib/net8.0/Microsoft.Extensions.Options.dll".
   7:7>ResolveAssemblyReferences:
             This reference is not "CopyLocal" because at least one source item had "Private" set to "false" and no source items had "Private" set to "true".
   4:7>ResolveAssemblyReferences:
             Reference found at search path location "{HintPathFromItem}".
   7:7>ResolveAssemblyReferences:
             The ImageRuntimeVersion for this reference is "".
   8:8>ResolveAssemblyReferences:
             Resolved file path is "/usr/share/dotnet/packs/Microsoft.NETCore.App.Ref/8.0.21/ref/net8.0/System.IO.IsolatedStorage.dll".
   7:7>ResolveAssemblyReferences:
         Primary reference "Microsoft.VisualBasic.Core, Version=13.0.0.0, Culture=neutral, PublicKeyToken=b03f5f7f11d50a3a".
   4:7>ResolveAssemblyReferences:
             This reference is not "CopyLocal" because at least one source item had "Private" set to "false" and no source items had "Private" set to "true".
             The ImageRuntimeVersion for this reference is "".
   7:7>ResolveAssemblyReferences:
             Resolved file path is "/usr/share/dotnet/packs/Microsoft.NETCore.App.Ref/8.0.21/ref/net8.0/Microsoft.VisualBasic.Core.dll".
   4:7>ResolveAssemblyReferences:
         Primary reference "Microsoft.Extensions.Primitives, Version=8.0.0.0, Culture=neutral, PublicKeyToken=adb9793829ddae60".
   7:7>ResolveAssemblyReferences:
             Reference found at search path location "{RawFileName}".
   8:8>ResolveAssemblyReferences:
             Reference found at search path location "{RawFileName}".
   4:7>ResolveAssemblyReferences:
             Resolved file path is "/home/saidul/.nuget/packages/microsoft.extensions.primitives/8.0.0/lib/net8.0/Microsoft.Extensions.Primitives.dll".
   7:7>ResolveAssemblyReferences:
             This reference is not "CopyLocal" because at least one source item had "Private" set to "false" and no source items had "Private" set to "true".
   4:7>ResolveAssemblyReferences:
             Reference found at search path location "{HintPathFromItem}".
   7:7>ResolveAssemblyReferences:
             The ImageRuntimeVersion for this reference is "".
   4:7>ResolveAssemblyReferences:
             This reference is not "CopyLocal" because at least one source item had "Private" set to "false" and no source items had "Private" set to "true".
   8:8>ResolveAssemblyReferences:
             This reference is not "CopyLocal" because at least one source item had "Private" set to "false" and no source items had "Private" set to "true".
   7:7>ResolveAssemblyReferences:
         Primary reference "Microsoft.VisualBasic, Version=10.0.0.0, Culture=neutral, PublicKeyToken=b03f5f7f11d50a3a".
   4:7>ResolveAssemblyReferences:
             The ImageRuntimeVersion for this reference is "".
   7:7>ResolveAssemblyReferences:
             Resolved file path is "/usr/share/dotnet/packs/Microsoft.NETCore.App.Ref/8.0.21/ref/net8.0/Microsoft.VisualBasic.dll".
             Reference found at search path location "{RawFileName}".
   4:7>ResolveAssemblyReferences:
         Primary reference "NModbus, Version=3.0.72.0, Culture=neutral, PublicKeyToken=null".
   8:8>ResolveAssemblyReferences:
             The ImageRuntimeVersion for this reference is "".
   7:7>ResolveAssemblyReferences:
             This reference is not "CopyLocal" because at least one source item had "Private" set to "false" and no source items had "Private" set to "true".
   4:7>ResolveAssemblyReferences:
             Resolved file path is "/home/saidul/.nuget/packages/nmodbus/3.0.72/lib/net6.0/NModbus.dll".
             Reference found at search path location "{HintPathFromItem}".
   7:7>ResolveAssemblyReferences:
             The ImageRuntimeVersion for this reference is "".
   4:7>ResolveAssemblyReferences:
             This reference is not "CopyLocal" because at least one source item had "Private" set to "false" and no source items had "Private" set to "true".
   7:7>ResolveAssemblyReferences:
         Primary reference "Microsoft.Win32.Primitives, Version=8.0.0.0, Culture=neutral, PublicKeyToken=b03f5f7f11d50a3a".
   8:8>ResolveAssemblyReferences:
         Primary reference "System.IO.MemoryMappedFiles, Version=8.0.0.0, Culture=neutral, PublicKeyToken=b03f5f7f11d50a3a".
   4:7>ResolveAssemblyReferences:
             The ImageRuntimeVersion for this reference is "".
   7:7>ResolveAssemblyReferences:
             Resolved file path is "/usr/share/dotnet/packs/Microsoft.NETCore.App.Ref/8.0.21/ref/net8.0/Microsoft.Win32.Primitives.dll".
             Reference found at search path location "{RawFileName}".
   4:7>ResolveAssemblyReferences:
         Primary reference "Polly, Version=8.0.0.0, Culture=neutral, PublicKeyToken=c8a3ffc3f8f825cc".
   7:7>ResolveAssemblyReferences:
             This reference is not "CopyLocal" because at least one source item had "Private" set to "false" and no source items had "Private" set to "true".
   4:7>ResolveAssemblyReferences:
             Resolved file path is "/home/saidul/.nuget/packages/polly/8.2.0/lib/net6.0/Polly.dll".
   8:8>ResolveAssemblyReferences:
             Resolved file path is "/usr/share/dotnet/packs/Microsoft.NETCore.App.Ref/8.0.21/ref/net8.0/System.IO.MemoryMappedFiles.dll".
   7:7>ResolveAssemblyReferences:
             The ImageRuntimeVersion for this reference is "".
   4:7>ResolveAssemblyReferences:
             Reference found at search path location "{HintPathFromItem}".
             This reference is not "CopyLocal" because at least one source item had "Private" set to "false" and no source items had "Private" set to "true".
   7:7>ResolveAssemblyReferences:
         Primary reference "Microsoft.Win32.Registry, Version=8.0.0.0, Culture=neutral, PublicKeyToken=b03f5f7f11d50a3a".
   4:7>ResolveAssemblyReferences:
             The ImageRuntimeVersion for this reference is "".
   7:7>ResolveAssemblyReferences:
             Resolved file path is "/usr/share/dotnet/packs/Microsoft.NETCore.App.Ref/8.0.21/ref/net8.0/Microsoft.Win32.Registry.dll".
   8:8>ResolveAssemblyReferences:
             Reference found at search path location "{RawFileName}".
   7:7>ResolveAssemblyReferences:
             Reference found at search path location "{RawFileName}".
   4:7>ResolveAssemblyReferences:
         Primary reference "Polly.Core, Version=8.0.0.0, Culture=neutral, PublicKeyToken=c8a3ffc3f8f825cc".
             Resolved file path is "/home/saidul/.nuget/packages/polly.core/8.2.0/lib/net8.0/Polly.Core.dll".
   7:7>ResolveAssemblyReferences:
             This reference is not "CopyLocal" because at least one source item had "Private" set to "false" and no source items had "Private" set to "true".
             The ImageRuntimeVersion for this reference is "".
   4:7>ResolveAssemblyReferences:
             Reference found at search path location "{HintPathFromItem}".
   8:8>ResolveAssemblyReferences:
             This reference is not "CopyLocal" because at least one source item had "Private" set to "false" and no source items had "Private" set to "true".
   4:7>ResolveAssemblyReferences:
             This reference is not "CopyLocal" because at least one source item had "Private" set to "false" and no source items had "Private" set to "true".
   7:7>ResolveAssemblyReferences:
         Primary reference "System.AppContext, Version=8.0.0.0, Culture=neutral, PublicKeyToken=b03f5f7f11d50a3a".
   4:7>ResolveAssemblyReferences:
             The ImageRuntimeVersion for this reference is "".
   7:7>ResolveAssemblyReferences:
             Resolved file path is "/usr/share/dotnet/packs/Microsoft.NETCore.App.Ref/8.0.21/ref/net8.0/System.AppContext.dll".
   8:8>ResolveAssemblyReferences:
             The ImageRuntimeVersion for this reference is "".
   7:7>ResolveAssemblyReferences:
             Reference found at search path location "{RawFileName}".
   4:7>ResolveAssemblyReferences:
         Primary reference "Serilog, Version=2.0.0.0, Culture=neutral, PublicKeyToken=24c2f752a8e58a10".
   7:7>ResolveAssemblyReferences:
             This reference is not "CopyLocal" because at least one source item had "Private" set to "false" and no source items had "Private" set to "true".
   4:7>ResolveAssemblyReferences:
             Resolved file path is "/home/saidul/.nuget/packages/serilog/3.1.1/lib/net7.0/Serilog.dll".
   7:7>ResolveAssemblyReferences:
             The ImageRuntimeVersion for this reference is "".
   4:7>ResolveAssemblyReferences:
             Reference found at search path location "{HintPathFromItem}".
   8:8>ResolveAssemblyReferences:
         Primary reference "System.IO.Pipes.AccessControl, Version=8.0.0.0, Culture=neutral, PublicKeyToken=b03f5f7f11d50a3a".
   7:7>ResolveAssemblyReferences:
         Primary reference "System.Buffers, Version=8.0.0.0, Culture=neutral, PublicKeyToken=cc7b13ffcd2ddd51".
   4:7>ResolveAssemblyReferences:
             This reference is not "CopyLocal" because at least one source item had "Private" set to "false" and no source items had "Private" set to "true".
             The ImageRuntimeVersion for this reference is "".
   7:7>ResolveAssemblyReferences:
             Resolved file path is "/usr/share/dotnet/packs/Microsoft.NETCore.App.Ref/8.0.21/ref/net8.0/System.Buffers.dll".
   4:7>ResolveAssemblyReferences:
         Primary reference "Microsoft.CSharp, Version=8.0.0.0, Culture=neutral, PublicKeyToken=b03f5f7f11d50a3a".
   7:7>ResolveAssemblyReferences:
             Reference found at search path location "{RawFileName}".
   8:8>ResolveAssemblyReferences:
             Resolved file path is "/usr/share/dotnet/packs/Microsoft.NETCore.App.Ref/8.0.21/ref/net8.0/System.IO.Pipes.AccessControl.dll".
   7:7>ResolveAssemblyReferences:
             This reference is not "CopyLocal" because at least one source item had "Private" set to "false" and no source items had "Private" set to "true".
   4:7>ResolveAssemblyReferences:
             Resolved file path is "/usr/share/dotnet/packs/Microsoft.NETCore.App.Ref/8.0.21/ref/net8.0/Microsoft.CSharp.dll".
   7:7>ResolveAssemblyReferences:
             The ImageRuntimeVersion for this reference is "".
   4:7>ResolveAssemblyReferences:
             Reference found at search path location "{RawFileName}".
   7:7>ResolveAssemblyReferences:
         Primary reference "System.Collections.Concurrent, Version=8.0.0.0, Culture=neutral, PublicKeyToken=b03f5f7f11d50a3a".
   4:7>ResolveAssemblyReferences:
             This reference is not "CopyLocal" because at least one source item had "Private" set to "false" and no source items had "Private" set to "true".
   7:7>ResolveAssemblyReferences:
             Resolved file path is "/usr/share/dotnet/packs/Microsoft.NETCore.App.Ref/8.0.21/ref/net8.0/System.Collections.Concurrent.dll".
   8:8>ResolveAssemblyReferences:
             Reference found at search path location "{RawFileName}".
   4:7>ResolveAssemblyReferences:
             The ImageRuntimeVersion for this reference is "".
         Primary reference "Microsoft.VisualBasic.Core, Version=13.0.0.0, Culture=neutral, PublicKeyToken=b03f5f7f11d50a3a".
   7:7>ResolveAssemblyReferences:
             Reference found at search path location "{RawFileName}".
             This reference is not "CopyLocal" because at least one source item had "Private" set to "false" and no source items had "Private" set to "true".
   4:7>ResolveAssemblyReferences:
             Resolved file path is "/usr/share/dotnet/packs/Microsoft.NETCore.App.Ref/8.0.21/ref/net8.0/Microsoft.VisualBasic.Core.dll".
   8:8>ResolveAssemblyReferences:
             This reference is not "CopyLocal" because at least one source item had "Private" set to "false" and no source items had "Private" set to "true".
   7:7>ResolveAssemblyReferences:
             The ImageRuntimeVersion for this reference is "".
   4:7>ResolveAssemblyReferences:
             Reference found at search path location "{RawFileName}".
             This reference is not "CopyLocal" because at least one source item had "Private" set to "false" and no source items had "Private" set to "true".
   7:7>ResolveAssemblyReferences:
         Primary reference "System.Collections.Immutable, Version=8.0.0.0, Culture=neutral, PublicKeyToken=b03f5f7f11d50a3a".
   4:7>ResolveAssemblyReferences:
             The ImageRuntimeVersion for this reference is "".
   7:7>ResolveAssemblyReferences:
             Resolved file path is "/usr/share/dotnet/packs/Microsoft.NETCore.App.Ref/8.0.21/ref/net8.0/System.Collections.Immutable.dll".
   4:7>ResolveAssemblyReferences:
         Primary reference "Microsoft.VisualBasic, Version=10.0.0.0, Culture=neutral, PublicKeyToken=b03f5f7f11d50a3a".
   8:8>ResolveAssemblyReferences:
             The ImageRuntimeVersion for this reference is "".
   7:7>ResolveAssemblyReferences:
             Reference found at search path location "{RawFileName}".
   4:7>ResolveAssemblyReferences:
             Resolved file path is "/usr/share/dotnet/packs/Microsoft.NETCore.App.Ref/8.0.21/ref/net8.0/Microsoft.VisualBasic.dll".
   7:7>ResolveAssemblyReferences:
             This reference is not "CopyLocal" because at least one source item had "Private" set to "false" and no source items had "Private" set to "true".
   4:7>ResolveAssemblyReferences:
             Reference found at search path location "{RawFileName}".
             This reference is not "CopyLocal" because at least one source item had "Private" set to "false" and no source items had "Private" set to "true".
   7:7>ResolveAssemblyReferences:
             The ImageRuntimeVersion for this reference is "".
   8:8>ResolveAssemblyReferences:
         Primary reference "System.IO.Pipes, Version=8.0.0.0, Culture=neutral, PublicKeyToken=b03f5f7f11d50a3a".
   4:7>ResolveAssemblyReferences:
             The ImageRuntimeVersion for this reference is "".
   7:7>ResolveAssemblyReferences:
         Primary reference "System.Collections.NonGeneric, Version=8.0.0.0, Culture=neutral, PublicKeyToken=b03f5f7f11d50a3a".
             Resolved file path is "/usr/share/dotnet/packs/Microsoft.NETCore.App.Ref/8.0.21/ref/net8.0/System.Collections.NonGeneric.dll".
   4:7>ResolveAssemblyReferences:
         Primary reference "Microsoft.Win32.Primitives, Version=8.0.0.0, Culture=neutral, PublicKeyToken=b03f5f7f11d50a3a".
             Resolved file path is "/usr/share/dotnet/packs/Microsoft.NETCore.App.Ref/8.0.21/ref/net8.0/Microsoft.Win32.Primitives.dll".
   7:7>ResolveAssemblyReferences:
             Reference found at search path location "{RawFileName}".
   8:8>ResolveAssemblyReferences:
             Resolved file path is "/usr/share/dotnet/packs/Microsoft.NETCore.App.Ref/8.0.21/ref/net8.0/System.IO.Pipes.dll".
   7:7>ResolveAssemblyReferences:
             This reference is not "CopyLocal" because at least one source item had "Private" set to "false" and no source items had "Private" set to "true".
   4:7>ResolveAssemblyReferences:
             Reference found at search path location "{RawFileName}".
   7:7>ResolveAssemblyReferences:
             The ImageRuntimeVersion for this reference is "".
   4:7>ResolveAssemblyReferences:
             This reference is not "CopyLocal" because at least one source item had "Private" set to "false" and no source items had "Private" set to "true".
   7:7>ResolveAssemblyReferences:
         Primary reference "System.Collections.Specialized, Version=8.0.0.0, Culture=neutral, PublicKeyToken=b03f5f7f11d50a3a".
   4:7>ResolveAssemblyReferences:
             The ImageRuntimeVersion for this reference is "".
   8:8>ResolveAssemblyReferences:
             Reference found at search path location "{RawFileName}".
   4:7>ResolveAssemblyReferences:
         Primary reference "Microsoft.Win32.Registry, Version=8.0.0.0, Culture=neutral, PublicKeyToken=b03f5f7f11d50a3a".
   7:7>ResolveAssemblyReferences:
             Resolved file path is "/usr/share/dotnet/packs/Microsoft.NETCore.App.Ref/8.0.21/ref/net8.0/System.Collections.Specialized.dll".
   4:7>ResolveAssemblyReferences:
             Resolved file path is "/usr/share/dotnet/packs/Microsoft.NETCore.App.Ref/8.0.21/ref/net8.0/Microsoft.Win32.Registry.dll".
   7:7>ResolveAssemblyReferences:
             Reference found at search path location "{RawFileName}".
   8:8>ResolveAssemblyReferences:
             This reference is not "CopyLocal" because at least one source item had "Private" set to "false" and no source items had "Private" set to "true".
   7:7>ResolveAssemblyReferences:
             This reference is not "CopyLocal" because at least one source item had "Private" set to "false" and no source items had "Private" set to "true".
   4:7>ResolveAssemblyReferences:
             Reference found at search path location "{RawFileName}".
   7:7>ResolveAssemblyReferences:
             The ImageRuntimeVersion for this reference is "".
   4:7>ResolveAssemblyReferences:
             This reference is not "CopyLocal" because at least one source item had "Private" set to "false" and no source items had "Private" set to "true".
   7:7>ResolveAssemblyReferences:
         Primary reference "System.Collections, Version=8.0.0.0, Culture=neutral, PublicKeyToken=b03f5f7f11d50a3a".
   4:7>ResolveAssemblyReferences:
             The ImageRuntimeVersion for this reference is "".
   8:8>ResolveAssemblyReferences:
             The ImageRuntimeVersion for this reference is "".
   7:7>ResolveAssemblyReferences:
             Resolved file path is "/usr/share/dotnet/packs/Microsoft.NETCore.App.Ref/8.0.21/ref/net8.0/System.Collections.dll".
   4:7>ResolveAssemblyReferences:
         Primary reference "System.AppContext, Version=8.0.0.0, Culture=neutral, PublicKeyToken=b03f5f7f11d50a3a".
   7:7>ResolveAssemblyReferences:
             Reference found at search path location "{RawFileName}".
   4:7>ResolveAssemblyReferences:
             Resolved file path is "/usr/share/dotnet/packs/Microsoft.NETCore.App.Ref/8.0.21/ref/net8.0/System.AppContext.dll".
   7:7>ResolveAssemblyReferences:
             This reference is not "CopyLocal" because at least one source item had "Private" set to "false" and no source items had "Private" set to "true".
   4:7>ResolveAssemblyReferences:
             Reference found at search path location "{RawFileName}".
   7:7>ResolveAssemblyReferences:
             The ImageRuntimeVersion for this reference is "".
   8:8>ResolveAssemblyReferences:
         Primary reference "System.IO.UnmanagedMemoryStream, Version=8.0.0.0, Culture=neutral, PublicKeyToken=b03f5f7f11d50a3a".
   4:7>ResolveAssemblyReferences:
             This reference is not "CopyLocal" because at least one source item had "Private" set to "false" and no source items had "Private" set to "true".
   7:7>ResolveAssemblyReferences:
         Primary reference "System.ComponentModel.Annotations, Version=8.0.0.0, Culture=neutral, PublicKeyToken=b03f5f7f11d50a3a".
   4:7>ResolveAssemblyReferences:
             The ImageRuntimeVersion for this reference is "".
   7:7>ResolveAssemblyReferences:
             Resolved file path is "/usr/share/dotnet/packs/Microsoft.NETCore.App.Ref/8.0.21/ref/net8.0/System.ComponentModel.Annotations.dll".
   4:7>ResolveAssemblyReferences:
         Primary reference "System.Buffers, Version=8.0.0.0, Culture=neutral, PublicKeyToken=cc7b13ffcd2ddd51".
   7:7>ResolveAssemblyReferences:
             Reference found at search path location "{RawFileName}".
   8:8>ResolveAssemblyReferences:
             Resolved file path is "/usr/share/dotnet/packs/Microsoft.NETCore.App.Ref/8.0.21/ref/net8.0/System.IO.UnmanagedMemoryStream.dll".
   7:7>ResolveAssemblyReferences:
             This reference is not "CopyLocal" because at least one source item had "Private" set to "false" and no source items had "Private" set to "true".
   4:7>ResolveAssemblyReferences:
             Resolved file path is "/usr/share/dotnet/packs/Microsoft.NETCore.App.Ref/8.0.21/ref/net8.0/System.Buffers.dll".
   7:7>ResolveAssemblyReferences:
             The ImageRuntimeVersion for this reference is "".
   4:7>ResolveAssemblyReferences:
             Reference found at search path location "{RawFileName}".
             This reference is not "CopyLocal" because at least one source item had "Private" set to "false" and no source items had "Private" set to "true".
   8:8>ResolveAssemblyReferences:
             Reference found at search path location "{RawFileName}".
   7:7>ResolveAssemblyReferences:
         Primary reference "System.ComponentModel.DataAnnotations, Version=4.0.0.0, Culture=neutral, PublicKeyToken=31bf3856ad364e35".
   4:7>ResolveAssemblyReferences:
             The ImageRuntimeVersion for this reference is "".
   7:7>ResolveAssemblyReferences:
             Resolved file path is "/usr/share/dotnet/packs/Microsoft.NETCore.App.Ref/8.0.21/ref/net8.0/System.ComponentModel.DataAnnotations.dll".
   4:7>ResolveAssemblyReferences:
         Primary reference "System.Collections.Concurrent, Version=8.0.0.0, Culture=neutral, PublicKeyToken=b03f5f7f11d50a3a".
   7:7>ResolveAssemblyReferences:
             Reference found at search path location "{RawFileName}".
   8:8>ResolveAssemblyReferences:
             This reference is not "CopyLocal" because at least one source item had "Private" set to "false" and no source items had "Private" set to "true".
   7:7>ResolveAssemblyReferences:
             This reference is not "CopyLocal" because at least one source item had "Private" set to "false" and no source items had "Private" set to "true".
   4:7>ResolveAssemblyReferences:
             Resolved file path is "/usr/share/dotnet/packs/Microsoft.NETCore.App.Ref/8.0.21/ref/net8.0/System.Collections.Concurrent.dll".
   7:7>ResolveAssemblyReferences:
             The ImageRuntimeVersion for this reference is "".
   4:7>ResolveAssemblyReferences:
             Reference found at search path location "{RawFileName}".
             This reference is not "CopyLocal" because at least one source item had "Private" set to "false" and no source items had "Private" set to "true".
   7:7>ResolveAssemblyReferences:
         Primary reference "System.ComponentModel.EventBasedAsync, Version=8.0.0.0, Culture=neutral, PublicKeyToken=b03f5f7f11d50a3a".
   8:8>ResolveAssemblyReferences:
             The ImageRuntimeVersion for this reference is "".
   4:7>ResolveAssemblyReferences:
             The ImageRuntimeVersion for this reference is "".
   7:7>ResolveAssemblyReferences:
             Resolved file path is "/usr/share/dotnet/packs/Microsoft.NETCore.App.Ref/8.0.21/ref/net8.0/System.ComponentModel.EventBasedAsync.dll".
   4:7>ResolveAssemblyReferences:
         Primary reference "System.Collections.Immutable, Version=8.0.0.0, Culture=neutral, PublicKeyToken=b03f5f7f11d50a3a".
   7:7>ResolveAssemblyReferences:
             Reference found at search path location "{RawFileName}".
             This reference is not "CopyLocal" because at least one source item had "Private" set to "false" and no source items had "Private" set to "true".
   4:7>ResolveAssemblyReferences:
             Resolved file path is "/usr/share/dotnet/packs/Microsoft.NETCore.App.Ref/8.0.21/ref/net8.0/System.Collections.Immutable.dll".
   8:8>ResolveAssemblyReferences:
         Primary reference "System.IO, Version=8.0.0.0, Culture=neutral, PublicKeyToken=b03f5f7f11d50a3a".
   7:7>ResolveAssemblyReferences:
             The ImageRuntimeVersion for this reference is "".
   4:7>ResolveAssemblyReferences:
             Reference found at search path location "{RawFileName}".
   7:7>ResolveAssemblyReferences:
         Primary reference "System.ComponentModel.Primitives, Version=8.0.0.0, Culture=neutral, PublicKeyToken=b03f5f7f11d50a3a".
   4:7>ResolveAssemblyReferences:
             This reference is not "CopyLocal" because at least one source item had "Private" set to "false" and no source items had "Private" set to "true".
   7:7>ResolveAssemblyReferences:
             Resolved file path is "/usr/share/dotnet/packs/Microsoft.NETCore.App.Ref/8.0.21/ref/net8.0/System.ComponentModel.Primitives.dll".
   4:7>ResolveAssemblyReferences:
             The ImageRuntimeVersion for this reference is "".
   7:7>ResolveAssemblyReferences:
             Reference found at search path location "{RawFileName}".
   8:8>ResolveAssemblyReferences:
             Resolved file path is "/usr/share/dotnet/packs/Microsoft.NETCore.App.Ref/8.0.21/ref/net8.0/System.IO.dll".
   4:7>ResolveAssemblyReferences:
         Primary reference "System.Collections.NonGeneric, Version=8.0.0.0, Culture=neutral, PublicKeyToken=b03f5f7f11d50a3a".
   7:7>ResolveAssemblyReferences:
             This reference is not "CopyLocal" because at least one source item had "Private" set to "false" and no source items had "Private" set to "true".
   4:7>ResolveAssemblyReferences:
             Resolved file path is "/usr/share/dotnet/packs/Microsoft.NETCore.App.Ref/8.0.21/ref/net8.0/System.Collections.NonGeneric.dll".
   7:7>ResolveAssemblyReferences:
             The ImageRuntimeVersion for this reference is "".
   4:7>ResolveAssemblyReferences:
             Reference found at search path location "{RawFileName}".
   8:8>ResolveAssemblyReferences:
             Reference found at search path location "{RawFileName}".
   7:7>ResolveAssemblyReferences:
         Primary reference "System.ComponentModel.TypeConverter, Version=8.0.0.0, Culture=neutral, PublicKeyToken=b03f5f7f11d50a3a".
   4:7>ResolveAssemblyReferences:
             This reference is not "CopyLocal" because at least one source item had "Private" set to "false" and no source items had "Private" set to "true".
   7:7>ResolveAssemblyReferences:
             Resolved file path is "/usr/share/dotnet/packs/Microsoft.NETCore.App.Ref/8.0.21/ref/net8.0/System.ComponentModel.TypeConverter.dll".
   4:7>ResolveAssemblyReferences:
             The ImageRuntimeVersion for this reference is "".
   7:7>ResolveAssemblyReferences:
             Reference found at search path location "{RawFileName}".
   4:7>ResolveAssemblyReferences:
         Primary reference "System.Collections.Specialized, Version=8.0.0.0, Culture=neutral, PublicKeyToken=b03f5f7f11d50a3a".
   8:8>ResolveAssemblyReferences:
             This reference is not "CopyLocal" because at least one source item had "Private" set to "false" and no source items had "Private" set to "true".
   7:7>ResolveAssemblyReferences:
             This reference is not "CopyLocal" because at least one source item had "Private" set to "false" and no source items had "Private" set to "true".
   4:7>ResolveAssemblyReferences:
             Resolved file path is "/usr/share/dotnet/packs/Microsoft.NETCore.App.Ref/8.0.21/ref/net8.0/System.Collections.Specialized.dll".
   7:7>ResolveAssemblyReferences:
             The ImageRuntimeVersion for this reference is "".
   4:7>ResolveAssemblyReferences:
             Reference found at search path location "{RawFileName}".
   7:7>ResolveAssemblyReferences:
         Primary reference "System.ComponentModel, Version=8.0.0.0, Culture=neutral, PublicKeyToken=b03f5f7f11d50a3a".
   8:8>ResolveAssemblyReferences:
             The ImageRuntimeVersion for this reference is "".
   4:7>ResolveAssemblyReferences:
             This reference is not "CopyLocal" because at least one source item had "Private" set to "false" and no source items had "Private" set to "true".
   7:7>ResolveAssemblyReferences:
             Resolved file path is "/usr/share/dotnet/packs/Microsoft.NETCore.App.Ref/8.0.21/ref/net8.0/System.ComponentModel.dll".
   4:7>ResolveAssemblyReferences:
             The ImageRuntimeVersion for this reference is "".
   7:7>ResolveAssemblyReferences:
             Reference found at search path location "{RawFileName}".
   4:7>ResolveAssemblyReferences:
         Primary reference "System.Collections, Version=8.0.0.0, Culture=neutral, PublicKeyToken=b03f5f7f11d50a3a".
   8:8>ResolveAssemblyReferences:
         Primary reference "System.Linq.Expressions, Version=8.0.0.0, Culture=neutral, PublicKeyToken=b03f5f7f11d50a3a".
   4:7>ResolveAssemblyReferences:
             Resolved file path is "/usr/share/dotnet/packs/Microsoft.NETCore.App.Ref/8.0.21/ref/net8.0/System.Collections.dll".
   7:7>ResolveAssemblyReferences:
             This reference is not "CopyLocal" because at least one source item had "Private" set to "false" and no source items had "Private" set to "true".
   4:7>ResolveAssemblyReferences:
             Reference found at search path location "{RawFileName}".
   7:7>ResolveAssemblyReferences:
             The ImageRuntimeVersion for this reference is "".
   4:7>ResolveAssemblyReferences:
             This reference is not "CopyLocal" because at least one source item had "Private" set to "false" and no source items had "Private" set to "true".
   7:7>ResolveAssemblyReferences:
         Primary reference "System.Configuration, Version=4.0.0.0, Culture=neutral, PublicKeyToken=b03f5f7f11d50a3a".
   8:8>ResolveAssemblyReferences:
             Resolved file path is "/usr/share/dotnet/packs/Microsoft.NETCore.App.Ref/8.0.21/ref/net8.0/System.Linq.Expressions.dll".
   4:7>ResolveAssemblyReferences:
             The ImageRuntimeVersion for this reference is "".
   7:7>ResolveAssemblyReferences:
             Resolved file path is "/usr/share/dotnet/packs/Microsoft.NETCore.App.Ref/8.0.21/ref/net8.0/System.Configuration.dll".
   5:7>Done building target "_HandlePackageFileConflicts" in project "KChief.Protocols.OPC.csproj".
   4:7>ResolveAssemblyReferences:
         Primary reference "System.ComponentModel.Annotations, Version=8.0.0.0, Culture=neutral, PublicKeyToken=b03f5f7f11d50a3a".
   7:7>ResolveAssemblyReferences:
             Reference found at search path location "{RawFileName}".
   4:7>ResolveAssemblyReferences:
             Resolved file path is "/usr/share/dotnet/packs/Microsoft.NETCore.App.Ref/8.0.21/ref/net8.0/System.ComponentModel.Annotations.dll".
   7:7>ResolveAssemblyReferences:
             This reference is not "CopyLocal" because at least one source item had "Private" set to "false" and no source items had "Private" set to "true".
   8:8>ResolveAssemblyReferences:
             Reference found at search path location "{RawFileName}".
   5:7>Target "ResolveTargetingPackAssets" skipped. Previously built successfully.
   4:7>ResolveAssemblyReferences:
             Reference found at search path location "{RawFileName}".
   7:7>ResolveAssemblyReferences:
             The ImageRuntimeVersion for this reference is "".
   4:7>ResolveAssemblyReferences:
             This reference is not "CopyLocal" because at least one source item had "Private" set to "false" and no source items had "Private" set to "true".
   7:7>ResolveAssemblyReferences:
         Primary reference "System.Console, Version=8.0.0.0, Culture=neutral, PublicKeyToken=b03f5f7f11d50a3a".
   4:7>ResolveAssemblyReferences:
             The ImageRuntimeVersion for this reference is "".
   7:7>ResolveAssemblyReferences:
             Resolved file path is "/usr/share/dotnet/packs/Microsoft.NETCore.App.Ref/8.0.21/ref/net8.0/System.Console.dll".
   8:8>ResolveAssemblyReferences:
             This reference is not "CopyLocal" because at least one source item had "Private" set to "false" and no source items had "Private" set to "true".
   7:7>ResolveAssemblyReferences:
             Reference found at search path location "{RawFileName}".
   4:7>ResolveAssemblyReferences:
         Primary reference "System.ComponentModel.DataAnnotations, Version=4.0.0.0, Culture=neutral, PublicKeyToken=31bf3856ad364e35".
             Resolved file path is "/usr/share/dotnet/packs/Microsoft.NETCore.App.Ref/8.0.21/ref/net8.0/System.ComponentModel.DataAnnotations.dll".
   7:7>ResolveAssemblyReferences:
             This reference is not "CopyLocal" because at least one source item had "Private" set to "false" and no source items had "Private" set to "true".
             The ImageRuntimeVersion for this reference is "".
   4:7>ResolveAssemblyReferences:
             Reference found at search path location "{RawFileName}".
   8:8>ResolveAssemblyReferences:
             The ImageRuntimeVersion for this reference is "".
   4:7>ResolveAssemblyReferences:
             This reference is not "CopyLocal" because at least one source item had "Private" set to "false" and no source items had "Private" set to "true".
   7:7>ResolveAssemblyReferences:
         Primary reference "System.Core, Version=4.0.0.0, Culture=neutral, PublicKeyToken=b77a5c561934e089".
   4:7>ResolveAssemblyReferences:
             The ImageRuntimeVersion for this reference is "".
   7:7>ResolveAssemblyReferences:
             Resolved file path is "/usr/share/dotnet/packs/Microsoft.NETCore.App.Ref/8.0.21/ref/net8.0/System.Core.dll".
   4:7>ResolveAssemblyReferences:
         Primary reference "System.ComponentModel.EventBasedAsync, Version=8.0.0.0, Culture=neutral, PublicKeyToken=b03f5f7f11d50a3a".
   7:7>ResolveAssemblyReferences:
             Reference found at search path location "{RawFileName}".
   8:8>ResolveAssemblyReferences:
         Primary reference "System.Linq.Parallel, Version=8.0.0.0, Culture=neutral, PublicKeyToken=b03f5f7f11d50a3a".
   4:7>ResolveAssemblyReferences:
             Resolved file path is "/usr/share/dotnet/packs/Microsoft.NETCore.App.Ref/8.0.21/ref/net8.0/System.ComponentModel.EventBasedAsync.dll".
   7:7>ResolveAssemblyReferences:
             This reference is not "CopyLocal" because at least one source item had "Private" set to "false" and no source items had "Private" set to "true".
   4:7>ResolveAssemblyReferences:
             Reference found at search path location "{RawFileName}".
   7:7>ResolveAssemblyReferences:
             The ImageRuntimeVersion for this reference is "".
   4:7>ResolveAssemblyReferences:
             This reference is not "CopyLocal" because at least one source item had "Private" set to "false" and no source items had "Private" set to "true".
   7:7>ResolveAssemblyReferences:
         Primary reference "System.Data.Common, Version=8.0.0.0, Culture=neutral, PublicKeyToken=b03f5f7f11d50a3a".
   8:8>ResolveAssemblyReferences:
             Resolved file path is "/usr/share/dotnet/packs/Microsoft.NETCore.App.Ref/8.0.21/ref/net8.0/System.Linq.Parallel.dll".
   4:7>ResolveAssemblyReferences:
             The ImageRuntimeVersion for this reference is "".
   7:7>ResolveAssemblyReferences:
             Resolved file path is "/usr/share/dotnet/packs/Microsoft.NETCore.App.Ref/8.0.21/ref/net8.0/System.Data.Common.dll".
   4:7>ResolveAssemblyReferences:
         Primary reference "System.ComponentModel.Primitives, Version=8.0.0.0, Culture=neutral, PublicKeyToken=b03f5f7f11d50a3a".
   7:7>ResolveAssemblyReferences:
             Reference found at search path location "{RawFileName}".
   4:7>ResolveAssemblyReferences:
             Resolved file path is "/usr/share/dotnet/packs/Microsoft.NETCore.App.Ref/8.0.21/ref/net8.0/System.ComponentModel.Primitives.dll".
   7:7>ResolveAssemblyReferences:
             This reference is not "CopyLocal" because at least one source item had "Private" set to "false" and no source items had "Private" set to "true".
   8:8>ResolveAssemblyReferences:
             Reference found at search path location "{RawFileName}".
   4:7>ResolveAssemblyReferences:
             Reference found at search path location "{RawFileName}".
   7:7>ResolveAssemblyReferences:
             The ImageRuntimeVersion for this reference is "".
   4:7>ResolveAssemblyReferences:
             This reference is not "CopyLocal" because at least one source item had "Private" set to "false" and no source items had "Private" set to "true".
   7:7>ResolveAssemblyReferences:
         Primary reference "System.Data.DataSetExtensions, Version=8.0.0.0, Culture=neutral, PublicKeyToken=b77a5c561934e089".
   4:7>ResolveAssemblyReferences:
             The ImageRuntimeVersion for this reference is "".
   8:8>ResolveAssemblyReferences:
             This reference is not "CopyLocal" because at least one source item had "Private" set to "false" and no source items had "Private" set to "true".
   7:7>ResolveAssemblyReferences:
             Resolved file path is "/usr/share/dotnet/packs/Microsoft.NETCore.App.Ref/8.0.21/ref/net8.0/System.Data.DataSetExtensions.dll".
   4:7>ResolveAssemblyReferences:
         Primary reference "System.ComponentModel.TypeConverter, Version=8.0.0.0, Culture=neutral, PublicKeyToken=b03f5f7f11d50a3a".
   7:7>ResolveAssemblyReferences:
             Reference found at search path location "{RawFileName}".
   4:7>ResolveAssemblyReferences:
             Resolved file path is "/usr/share/dotnet/packs/Microsoft.NETCore.App.Ref/8.0.21/ref/net8.0/System.ComponentModel.TypeConverter.dll".
   7:7>ResolveAssemblyReferences:
             This reference is not "CopyLocal" because at least one source item had "Private" set to "false" and no source items had "Private" set to "true".
   8:8>ResolveAssemblyReferences:
             The ImageRuntimeVersion for this reference is "".
   4:7>ResolveAssemblyReferences:
             Reference found at search path location "{RawFileName}".
   7:7>ResolveAssemblyReferences:
             The ImageRuntimeVersion for this reference is "".
         Primary reference "System.Data, Version=4.0.0.0, Culture=neutral, PublicKeyToken=b77a5c561934e089".
   4:7>ResolveAssemblyReferences:
             This reference is not "CopyLocal" because at least one source item had "Private" set to "false" and no source items had "Private" set to "true".
   7:7>ResolveAssemblyReferences:
             Resolved file path is "/usr/share/dotnet/packs/Microsoft.NETCore.App.Ref/8.0.21/ref/net8.0/System.Data.dll".
   4:7>ResolveAssemblyReferences:
             The ImageRuntimeVersion for this reference is "".
   8:8>ResolveAssemblyReferences:
         Primary reference "System.Linq.Queryable, Version=8.0.0.0, Culture=neutral, PublicKeyToken=b03f5f7f11d50a3a".
   7:7>ResolveAssemblyReferences:
             Reference found at search path location "{RawFileName}".
   4:7>ResolveAssemblyReferences:
         Primary reference "System.ComponentModel, Version=8.0.0.0, Culture=neutral, PublicKeyToken=b03f5f7f11d50a3a".
   7:7>ResolveAssemblyReferences:
             This reference is not "CopyLocal" because at least one source item had "Private" set to "false" and no source items had "Private" set to "true".
   4:7>ResolveAssemblyReferences:
             Resolved file path is "/usr/share/dotnet/packs/Microsoft.NETCore.App.Ref/8.0.21/ref/net8.0/System.ComponentModel.dll".
   7:7>ResolveAssemblyReferences:
             The ImageRuntimeVersion for this reference is "".
   4:7>ResolveAssemblyReferences:
             Reference found at search path location "{RawFileName}".
   8:8>ResolveAssemblyReferences:
             Resolved file path is "/usr/share/dotnet/packs/Microsoft.NETCore.App.Ref/8.0.21/ref/net8.0/System.Linq.Queryable.dll".
   4:7>ResolveAssemblyReferences:
             This reference is not "CopyLocal" because at least one source item had "Private" set to "false" and no source items had "Private" set to "true".
   7:7>ResolveAssemblyReferences:
         Primary reference "System.Diagnostics.Contracts, Version=8.0.0.0, Culture=neutral, PublicKeyToken=b03f5f7f11d50a3a".
             Resolved file path is "/usr/share/dotnet/packs/Microsoft.NETCore.App.Ref/8.0.21/ref/net8.0/System.Diagnostics.Contracts.dll".
   4:7>ResolveAssemblyReferences:
             The ImageRuntimeVersion for this reference is "".
   7:7>ResolveAssemblyReferences:
             Reference found at search path location "{RawFileName}".
             This reference is not "CopyLocal" because at least one source item had "Private" set to "false" and no source items had "Private" set to "true".
   4:7>ResolveAssemblyReferences:
         Primary reference "System.Configuration, Version=4.0.0.0, Culture=neutral, PublicKeyToken=b03f5f7f11d50a3a".
   8:8>ResolveAssemblyReferences:
             Reference found at search path location "{RawFileName}".
   7:7>ResolveAssemblyReferences:
             The ImageRuntimeVersion for this reference is "".
   4:7>ResolveAssemblyReferences:
             Resolved file path is "/usr/share/dotnet/packs/Microsoft.NETCore.App.Ref/8.0.21/ref/net8.0/System.Configuration.dll".
   7:7>ResolveAssemblyReferences:
         Primary reference "System.Diagnostics.Debug, Version=8.0.0.0, Culture=neutral, PublicKeyToken=b03f5f7f11d50a3a".
   4:7>ResolveAssemblyReferences:
             Reference found at search path location "{RawFileName}".
   8:8>ResolveAssemblyReferences:
             This reference is not "CopyLocal" because at least one source item had "Private" set to "false" and no source items had "Private" set to "true".
   4:7>ResolveAssemblyReferences:
             This reference is not "CopyLocal" because at least one source item had "Private" set to "false" and no source items had "Private" set to "true".
   7:7>ResolveAssemblyReferences:
             Resolved file path is "/usr/share/dotnet/packs/Microsoft.NETCore.App.Ref/8.0.21/ref/net8.0/System.Diagnostics.Debug.dll".
   4:7>ResolveAssemblyReferences:
             The ImageRuntimeVersion for this reference is "".
   7:7>ResolveAssemblyReferences:
             Reference found at search path location "{RawFileName}".
   4:7>ResolveAssemblyReferences:
         Primary reference "System.Console, Version=8.0.0.0, Culture=neutral, PublicKeyToken=b03f5f7f11d50a3a".
   7:7>ResolveAssemblyReferences:
             This reference is not "CopyLocal" because at least one source item had "Private" set to "false" and no source items had "Private" set to "true".
   4:7>ResolveAssemblyReferences:
             Resolved file path is "/usr/share/dotnet/packs/Microsoft.NETCore.App.Ref/8.0.21/ref/net8.0/System.Console.dll".
   7:7>ResolveAssemblyReferences:
             The ImageRuntimeVersion for this reference is "".
   8:8>ResolveAssemblyReferences:
             The ImageRuntimeVersion for this reference is "".
   4:7>ResolveAssemblyReferences:
             Reference found at search path location "{RawFileName}".
   7:7>ResolveAssemblyReferences:
         Primary reference "System.Diagnostics.DiagnosticSource, Version=8.0.0.0, Culture=neutral, PublicKeyToken=cc7b13ffcd2ddd51".
   4:7>ResolveAssemblyReferences:
             This reference is not "CopyLocal" because at least one source item had "Private" set to "false" and no source items had "Private" set to "true".
   7:7>ResolveAssemblyReferences:
             Resolved file path is "/usr/share/dotnet/packs/Microsoft.NETCore.App.Ref/8.0.21/ref/net8.0/System.Diagnostics.DiagnosticSource.dll".
   4:7>ResolveAssemblyReferences:
             The ImageRuntimeVersion for this reference is "".
   7:7>ResolveAssemblyReferences:
             Reference found at search path location "{RawFileName}".
   8:8>ResolveAssemblyReferences:
         Primary reference "System.Linq, Version=8.0.0.0, Culture=neutral, PublicKeyToken=b03f5f7f11d50a3a".
   4:7>ResolveAssemblyReferences:
         Primary reference "System.Core, Version=4.0.0.0, Culture=neutral, PublicKeyToken=b77a5c561934e089".
   7:7>ResolveAssemblyReferences:
             This reference is not "CopyLocal" because at least one source item had "Private" set to "false" and no source items had "Private" set to "true".
             The ImageRuntimeVersion for this reference is "".
   4:7>ResolveAssemblyReferences:
             Resolved file path is "/usr/share/dotnet/packs/Microsoft.NETCore.App.Ref/8.0.21/ref/net8.0/System.Core.dll".
             Reference found at search path location "{RawFileName}".
   7:7>ResolveAssemblyReferences:
         Primary reference "System.Diagnostics.FileVersionInfo, Version=8.0.0.0, Culture=neutral, PublicKeyToken=b03f5f7f11d50a3a".
   8:8>ResolveAssemblyReferences:
             Resolved file path is "/usr/share/dotnet/packs/Microsoft.NETCore.App.Ref/8.0.21/ref/net8.0/System.Linq.dll".
   4:7>ResolveAssemblyReferences:
             This reference is not "CopyLocal" because at least one source item had "Private" set to "false" and no source items had "Private" set to "true".
   7:7>ResolveAssemblyReferences:
             Resolved file path is "/usr/share/dotnet/packs/Microsoft.NETCore.App.Ref/8.0.21/ref/net8.0/System.Diagnostics.FileVersionInfo.dll".
   4:7>ResolveAssemblyReferences:
             The ImageRuntimeVersion for this reference is "".
   7:7>ResolveAssemblyReferences:
             Reference found at search path location "{RawFileName}".
             This reference is not "CopyLocal" because at least one source item had "Private" set to "false" and no source items had "Private" set to "true".
   8:8>ResolveAssemblyReferences:
             Reference found at search path location "{RawFileName}".
   4:7>ResolveAssemblyReferences:
         Primary reference "System.Data.Common, Version=8.0.0.0, Culture=neutral, PublicKeyToken=b03f5f7f11d50a3a".
   7:7>ResolveAssemblyReferences:
             The ImageRuntimeVersion for this reference is "".
   4:7>ResolveAssemblyReferences:
             Resolved file path is "/usr/share/dotnet/packs/Microsoft.NETCore.App.Ref/8.0.21/ref/net8.0/System.Data.Common.dll".
   7:7>ResolveAssemblyReferences:
         Primary reference "System.Diagnostics.Process, Version=8.0.0.0, Culture=neutral, PublicKeyToken=b03f5f7f11d50a3a".
   4:7>ResolveAssemblyReferences:
             Reference found at search path location "{RawFileName}".
   7:7>ResolveAssemblyReferences:
             Resolved file path is "/usr/share/dotnet/packs/Microsoft.NETCore.App.Ref/8.0.21/ref/net8.0/System.Diagnostics.Process.dll".
   8:8>ResolveAssemblyReferences:
             This reference is not "CopyLocal" because at least one source item had "Private" set to "false" and no source items had "Private" set to "true".
   4:7>ResolveAssemblyReferences:
             This reference is not "CopyLocal" because at least one source item had "Private" set to "false" and no source items had "Private" set to "true".
   7:7>ResolveAssemblyReferences:
             Reference found at search path location "{RawFileName}".
   4:7>ResolveAssemblyReferences:
             The ImageRuntimeVersion for this reference is "".
   7:7>ResolveAssemblyReferences:
             This reference is not "CopyLocal" because at least one source item had "Private" set to "false" and no source items had "Private" set to "true".
   4:7>ResolveAssemblyReferences:
         Primary reference "System.Data.DataSetExtensions, Version=8.0.0.0, Culture=neutral, PublicKeyToken=b77a5c561934e089".
   7:7>ResolveAssemblyReferences:
             The ImageRuntimeVersion for this reference is "".
   8:8>ResolveAssemblyReferences:
             The ImageRuntimeVersion for this reference is "".
   4:7>ResolveAssemblyReferences:
             Resolved file path is "/usr/share/dotnet/packs/Microsoft.NETCore.App.Ref/8.0.21/ref/net8.0/System.Data.DataSetExtensions.dll".
   7:7>ResolveAssemblyReferences:
         Primary reference "System.Diagnostics.StackTrace, Version=8.0.0.0, Culture=neutral, PublicKeyToken=b03f5f7f11d50a3a".
             Resolved file path is "/usr/share/dotnet/packs/Microsoft.NETCore.App.Ref/8.0.21/ref/net8.0/System.Diagnostics.StackTrace.dll".
   4:7>ResolveAssemblyReferences:
             Reference found at search path location "{RawFileName}".
   8:8>ResolveAssemblyReferences:
         Primary reference "System.Memory, Version=8.0.0.0, Culture=neutral, PublicKeyToken=cc7b13ffcd2ddd51".
   7:7>ResolveAssemblyReferences:
             Reference found at search path location "{RawFileName}".
             This reference is not "CopyLocal" because at least one source item had "Private" set to "false" and no source items had "Private" set to "true".
   4:7>ResolveAssemblyReferences:
             This reference is not "CopyLocal" because at least one source item had "Private" set to "false" and no source items had "Private" set to "true".
   7:7>ResolveAssemblyReferences:
             The ImageRuntimeVersion for this reference is "".
   8:8>ResolveAssemblyReferences:
             Resolved file path is "/usr/share/dotnet/packs/Microsoft.NETCore.App.Ref/8.0.21/ref/net8.0/System.Memory.dll".
   7:7>ResolveAssemblyReferences:
         Primary reference "System.Diagnostics.TextWriterTraceListener, Version=8.0.0.0, Culture=neutral, PublicKeyToken=b03f5f7f11d50a3a".
   4:7>ResolveAssemblyReferences:
             The ImageRuntimeVersion for this reference is "".
   5:7>Target "ResolveAssemblyReferences" in file "/usr/share/dotnet/sdk/8.0.415/Microsoft.Common.CurrentVersion.targets" from project "/home/saidul/Desktop/K-Chief Marine Automation Platform/src/KChief.Protocols.OPC/KChief.Protocols.OPC.csproj" (target "ResolveReferences" depends on it):
   5:7>Using "ResolveAssemblyReference" task from assembly "Microsoft.Build.Tasks.Core, Version=15.1.0.0, Culture=neutral, PublicKeyToken=b03f5f7f11d50a3a".
   7:7>ResolveAssemblyReferences:
             Resolved file path is "/usr/share/dotnet/packs/Microsoft.NETCore.App.Ref/8.0.21/ref/net8.0/System.Diagnostics.TextWriterTraceListener.dll".
   4:7>ResolveAssemblyReferences:
         Primary reference "System.Data, Version=4.0.0.0, Culture=neutral, PublicKeyToken=b77a5c561934e089".
   7:7>ResolveAssemblyReferences:
             Reference found at search path location "{RawFileName}".
   5:7>Task "ResolveAssemblyReference"
   8:8>ResolveAssemblyReferences:
             Reference found at search path location "{RawFileName}".
   7:7>ResolveAssemblyReferences:
             This reference is not "CopyLocal" because at least one source item had "Private" set to "false" and no source items had "Private" set to "true".
   4:7>ResolveAssemblyReferences:
             Resolved file path is "/usr/share/dotnet/packs/Microsoft.NETCore.App.Ref/8.0.21/ref/net8.0/System.Data.dll".
   7:7>ResolveAssemblyReferences:
             The ImageRuntimeVersion for this reference is "".
   4:7>ResolveAssemblyReferences:
             Reference found at search path location "{RawFileName}".
   7:7>ResolveAssemblyReferences:
         Primary reference "System.Diagnostics.Tools, Version=8.0.0.0, Culture=neutral, PublicKeyToken=b03f5f7f11d50a3a".
   4:7>ResolveAssemblyReferences:
             This reference is not "CopyLocal" because at least one source item had "Private" set to "false" and no source items had "Private" set to "true".
   8:8>ResolveAssemblyReferences:
             This reference is not "CopyLocal" because at least one source item had "Private" set to "false" and no source items had "Private" set to "true".
   7:7>ResolveAssemblyReferences:
             Resolved file path is "/usr/share/dotnet/packs/Microsoft.NETCore.App.Ref/8.0.21/ref/net8.0/System.Diagnostics.Tools.dll".
   4:7>ResolveAssemblyReferences:
             The ImageRuntimeVersion for this reference is "".
   7:7>ResolveAssemblyReferences:
             Reference found at search path location "{RawFileName}".
   4:7>ResolveAssemblyReferences:
         Primary reference "System.Diagnostics.Contracts, Version=8.0.0.0, Culture=neutral, PublicKeyToken=b03f5f7f11d50a3a".
   7:7>ResolveAssemblyReferences:
             This reference is not "CopyLocal" because at least one source item had "Private" set to "false" and no source items had "Private" set to "true".
   4:7>ResolveAssemblyReferences:
             Resolved file path is "/usr/share/dotnet/packs/Microsoft.NETCore.App.Ref/8.0.21/ref/net8.0/System.Diagnostics.Contracts.dll".
   8:8>ResolveAssemblyReferences:
             The ImageRuntimeVersion for this reference is "".
   7:7>ResolveAssemblyReferences:
             The ImageRuntimeVersion for this reference is "".
   4:7>ResolveAssemblyReferences:
             Reference found at search path location "{RawFileName}".
   7:7>ResolveAssemblyReferences:
         Primary reference "System.Diagnostics.TraceSource, Version=8.0.0.0, Culture=neutral, PublicKeyToken=b03f5f7f11d50a3a".
   4:7>ResolveAssemblyReferences:
             This reference is not "CopyLocal" because at least one source item had "Private" set to "false" and no source items had "Private" set to "true".
   7:7>ResolveAssemblyReferences:
             Resolved file path is "/usr/share/dotnet/packs/Microsoft.NETCore.App.Ref/8.0.21/ref/net8.0/System.Diagnostics.TraceSource.dll".
   4:7>ResolveAssemblyReferences:
             The ImageRuntimeVersion for this reference is "".
   8:8>ResolveAssemblyReferences:
         Primary reference "System.Net.Http.Json, Version=8.0.0.0, Culture=neutral, PublicKeyToken=cc7b13ffcd2ddd51".
   7:7>ResolveAssemblyReferences:
             Reference found at search path location "{RawFileName}".
   4:7>ResolveAssemblyReferences:
         Primary reference "System.Diagnostics.Debug, Version=8.0.0.0, Culture=neutral, PublicKeyToken=b03f5f7f11d50a3a".
   7:7>ResolveAssemblyReferences:
             This reference is not "CopyLocal" because at least one source item had "Private" set to "false" and no source items had "Private" set to "true".
             The ImageRuntimeVersion for this reference is "".
         Primary reference "System.Diagnostics.Tracing, Version=8.0.0.0, Culture=neutral, PublicKeyToken=b03f5f7f11d50a3a".
   8:8>ResolveAssemblyReferences:
             Resolved file path is "/usr/share/dotnet/packs/Microsoft.NETCore.App.Ref/8.0.21/ref/net8.0/System.Net.Http.Json.dll".
   7:7>ResolveAssemblyReferences:
             Resolved file path is "/usr/share/dotnet/packs/Microsoft.NETCore.App.Ref/8.0.21/ref/net8.0/System.Diagnostics.Tracing.dll".
             Reference found at search path location "{RawFileName}".
             This reference is not "CopyLocal" because at least one source item had "Private" set to "false" and no source items had "Private" set to "true".
   8:8>ResolveAssemblyReferences:
             Reference found at search path location "{RawFileName}".
   7:7>ResolveAssemblyReferences:
             The ImageRuntimeVersion for this reference is "".
   4:7>ResolveAssemblyReferences:
             Resolved file path is "/usr/share/dotnet/packs/Microsoft.NETCore.App.Ref/8.0.21/ref/net8.0/System.Diagnostics.Debug.dll".
   7:7>ResolveAssemblyReferences:
         Primary reference "System.Drawing.Primitives, Version=8.0.0.0, Culture=neutral, PublicKeyToken=b03f5f7f11d50a3a".
   4:7>ResolveAssemblyReferences:
             Reference found at search path location "{RawFileName}".
   8:8>ResolveAssemblyReferences:
             This reference is not "CopyLocal" because at least one source item had "Private" set to "false" and no source items had "Private" set to "true".
   4:7>ResolveAssemblyReferences:
             This reference is not "CopyLocal" because at least one source item had "Private" set to "false" and no source items had "Private" set to "true".
   7:7>ResolveAssemblyReferences:
             Resolved file path is "/usr/share/dotnet/packs/Microsoft.NETCore.App.Ref/8.0.21/ref/net8.0/System.Drawing.Primitives.dll".
   4:7>ResolveAssemblyReferences:
             The ImageRuntimeVersion for this reference is "".
   7:7>ResolveAssemblyReferences:
             Reference found at search path location "{RawFileName}".
   8:8>ResolveAssemblyReferences:
             The ImageRuntimeVersion for this reference is "".
   4:7>ResolveAssemblyReferences:
         Primary reference "System.Diagnostics.DiagnosticSource, Version=8.0.0.0, Culture=neutral, PublicKeyToken=cc7b13ffcd2ddd51".
   7:7>ResolveAssemblyReferences:
             This reference is not "CopyLocal" because at least one source item had "Private" set to "false" and no source items had "Private" set to "true".
             The ImageRuntimeVersion for this reference is "".
   4:7>ResolveAssemblyReferences:
             Resolved file path is "/usr/share/dotnet/packs/Microsoft.NETCore.App.Ref/8.0.21/ref/net8.0/System.Diagnostics.DiagnosticSource.dll".
   7:7>ResolveAssemblyReferences:
         Primary reference "System.Drawing, Version=4.0.0.0, Culture=neutral, PublicKeyToken=b03f5f7f11d50a3a".
   8:8>ResolveAssemblyReferences:
         Primary reference "System.Net.Http, Version=8.0.0.0, Culture=neutral, PublicKeyToken=b03f5f7f11d50a3a".
   4:7>ResolveAssemblyReferences:
             Reference found at search path location "{RawFileName}".
   7:7>ResolveAssemblyReferences:
             Resolved file path is "/usr/share/dotnet/packs/Microsoft.NETCore.App.Ref/8.0.21/ref/net8.0/System.Drawing.dll".
             Reference found at search path location "{RawFileName}".
   4:7>ResolveAssemblyReferences:
             This reference is not "CopyLocal" because at least one source item had "Private" set to "false" and no source items had "Private" set to "true".
   7:7>ResolveAssemblyReferences:
             This reference is not "CopyLocal" because at least one source item had "Private" set to "false" and no source items had "Private" set to "true".
   4:7>ResolveAssemblyReferences:
             The ImageRuntimeVersion for this reference is "".
   8:8>ResolveAssemblyReferences:
             Resolved file path is "/usr/share/dotnet/packs/Microsoft.NETCore.App.Ref/8.0.21/ref/net8.0/System.Net.Http.dll".
   7:7>ResolveAssemblyReferences:
             The ImageRuntimeVersion for this reference is "".
   4:7>ResolveAssemblyReferences:
         Primary reference "System.Diagnostics.FileVersionInfo, Version=8.0.0.0, Culture=neutral, PublicKeyToken=b03f5f7f11d50a3a".
   7:7>ResolveAssemblyReferences:
         Primary reference "System.Dynamic.Runtime, Version=8.0.0.0, Culture=neutral, PublicKeyToken=b03f5f7f11d50a3a".
   4:7>ResolveAssemblyReferences:
             Resolved file path is "/usr/share/dotnet/packs/Microsoft.NETCore.App.Ref/8.0.21/ref/net8.0/System.Diagnostics.FileVersionInfo.dll".
   8:8>ResolveAssemblyReferences:
             Reference found at search path location "{RawFileName}".
   7:7>ResolveAssemblyReferences:
             Resolved file path is "/usr/share/dotnet/packs/Microsoft.NETCore.App.Ref/8.0.21/ref/net8.0/System.Dynamic.Runtime.dll".
   4:7>ResolveAssemblyReferences:
             Reference found at search path location "{RawFileName}".
             This reference is not "CopyLocal" because at least one source item had "Private" set to "false" and no source items had "Private" set to "true".
   7:7>ResolveAssemblyReferences:
             Reference found at search path location "{RawFileName}".
   4:7>ResolveAssemblyReferences:
             The ImageRuntimeVersion for this reference is "".
   8:8>ResolveAssemblyReferences:
             This reference is not "CopyLocal" because at least one source item had "Private" set to "false" and no source items had "Private" set to "true".
   7:7>ResolveAssemblyReferences:
             This reference is not "CopyLocal" because at least one source item had "Private" set to "false" and no source items had "Private" set to "true".
             The ImageRuntimeVersion for this reference is "".
   4:7>ResolveAssemblyReferences:
         Primary reference "System.Diagnostics.Process, Version=8.0.0.0, Culture=neutral, PublicKeyToken=b03f5f7f11d50a3a".
             Resolved file path is "/usr/share/dotnet/packs/Microsoft.NETCore.App.Ref/8.0.21/ref/net8.0/System.Diagnostics.Process.dll".
   7:7>ResolveAssemblyReferences:
         Primary reference "System.Formats.Asn1, Version=8.0.0.0, Culture=neutral, PublicKeyToken=cc7b13ffcd2ddd51".
   8:8>ResolveAssemblyReferences:
             The ImageRuntimeVersion for this reference is "".
   4:7>ResolveAssemblyReferences:
             Reference found at search path location "{RawFileName}".
   7:7>ResolveAssemblyReferences:
             Resolved file path is "/usr/share/dotnet/packs/Microsoft.NETCore.App.Ref/8.0.21/ref/net8.0/System.Formats.Asn1.dll".
   4:7>ResolveAssemblyReferences:
             This reference is not "CopyLocal" because at least one source item had "Private" set to "false" and no source items had "Private" set to "true".
   7:7>ResolveAssemblyReferences:
             Reference found at search path location "{RawFileName}".
   4:7>ResolveAssemblyReferences:
             The ImageRuntimeVersion for this reference is "".
   8:8>ResolveAssemblyReferences:
         Primary reference "System.Net.HttpListener, Version=8.0.0.0, Culture=neutral, PublicKeyToken=cc7b13ffcd2ddd51".
   7:7>ResolveAssemblyReferences:
             This reference is not "CopyLocal" because at least one source item had "Private" set to "false" and no source items had "Private" set to "true".
   4:7>ResolveAssemblyReferences:
         Primary reference "System.Diagnostics.StackTrace, Version=8.0.0.0, Culture=neutral, PublicKeyToken=b03f5f7f11d50a3a".
             Resolved file path is "/usr/share/dotnet/packs/Microsoft.NETCore.App.Ref/8.0.21/ref/net8.0/System.Diagnostics.StackTrace.dll".
             Reference found at search path location "{RawFileName}".
             This reference is not "CopyLocal" because at least one source item had "Private" set to "false" and no source items had "Private" set to "true".
   8:8>ResolveAssemblyReferences:
             Resolved file path is "/usr/share/dotnet/packs/Microsoft.NETCore.App.Ref/8.0.21/ref/net8.0/System.Net.HttpListener.dll".
   4:7>ResolveAssemblyReferences:
             The ImageRuntimeVersion for this reference is "".
         Primary reference "System.Diagnostics.TextWriterTraceListener, Version=8.0.0.0, Culture=neutral, PublicKeyToken=b03f5f7f11d50a3a".
   7:7>ResolveAssemblyReferences:
             The ImageRuntimeVersion for this reference is "".
   4:7>ResolveAssemblyReferences:
             Resolved file path is "/usr/share/dotnet/packs/Microsoft.NETCore.App.Ref/8.0.21/ref/net8.0/System.Diagnostics.TextWriterTraceListener.dll".
   8:8>ResolveAssemblyReferences:
             Reference found at search path location "{RawFileName}".
   4:7>ResolveAssemblyReferences:
             Reference found at search path location "{RawFileName}".
   7:7>ResolveAssemblyReferences:
         Primary reference "System.Formats.Tar, Version=8.0.0.0, Culture=neutral, PublicKeyToken=cc7b13ffcd2ddd51".
   4:7>ResolveAssemblyReferences:
             This reference is not "CopyLocal" because at least one source item had "Private" set to "false" and no source items had "Private" set to "true".
             The ImageRuntimeVersion for this reference is "".
   7:7>ResolveAssemblyReferences:
             Resolved file path is "/usr/share/dotnet/packs/Microsoft.NETCore.App.Ref/8.0.21/ref/net8.0/System.Formats.Tar.dll".
   4:7>ResolveAssemblyReferences:
         Primary reference "System.Diagnostics.Tools, Version=8.0.0.0, Culture=neutral, PublicKeyToken=b03f5f7f11d50a3a".
   7:7>ResolveAssemblyReferences:
             Reference found at search path location "{RawFileName}".
   8:8>ResolveAssemblyReferences:
             This reference is not "CopyLocal" because at least one source item had "Private" set to "false" and no source items had "Private" set to "true".
   4:7>ResolveAssemblyReferences:
             Resolved file path is "/usr/share/dotnet/packs/Microsoft.NETCore.App.Ref/8.0.21/ref/net8.0/System.Diagnostics.Tools.dll".
   7:7>ResolveAssemblyReferences:
             This reference is not "CopyLocal" because at least one source item had "Private" set to "false" and no source items had "Private" set to "true".
   4:7>ResolveAssemblyReferences:
             Reference found at search path location "{RawFileName}".
   7:7>ResolveAssemblyReferences:
             The ImageRuntimeVersion for this reference is "".
   4:7>ResolveAssemblyReferences:
             This reference is not "CopyLocal" because at least one source item had "Private" set to "false" and no source items had "Private" set to "true".
             The ImageRuntimeVersion for this reference is "".
   8:8>ResolveAssemblyReferences:
             The ImageRuntimeVersion for this reference is "".
   7:7>ResolveAssemblyReferences:
         Primary reference "System.Globalization.Calendars, Version=8.0.0.0, Culture=neutral, PublicKeyToken=b03f5f7f11d50a3a".
   4:7>ResolveAssemblyReferences:
         Primary reference "System.Diagnostics.TraceSource, Version=8.0.0.0, Culture=neutral, PublicKeyToken=b03f5f7f11d50a3a".
             Resolved file path is "/usr/share/dotnet/packs/Microsoft.NETCore.App.Ref/8.0.21/ref/net8.0/System.Diagnostics.TraceSource.dll".
   7:7>ResolveAssemblyReferences:
             Resolved file path is "/usr/share/dotnet/packs/Microsoft.NETCore.App.Ref/8.0.21/ref/net8.0/System.Globalization.Calendars.dll".
   4:7>ResolveAssemblyReferences:
             Reference found at search path location "{RawFileName}".
   7:7>ResolveAssemblyReferences:
             Reference found at search path location "{RawFileName}".
   4:7>ResolveAssemblyReferences:
             This reference is not "CopyLocal" because at least one source item had "Private" set to "false" and no source items had "Private" set to "true".
   8:8>ResolveAssemblyReferences:
         Primary reference "System.Net.Mail, Version=8.0.0.0, Culture=neutral, PublicKeyToken=cc7b13ffcd2ddd51".
   4:7>ResolveAssemblyReferences:
             The ImageRuntimeVersion for this reference is "".
   7:7>ResolveAssemblyReferences:
             This reference is not "CopyLocal" because at least one source item had "Private" set to "false" and no source items had "Private" set to "true".
   4:7>ResolveAssemblyReferences:
         Primary reference "System.Diagnostics.Tracing, Version=8.0.0.0, Culture=neutral, PublicKeyToken=b03f5f7f11d50a3a".
   7:7>ResolveAssemblyReferences:
             The ImageRuntimeVersion for this reference is "".
   4:7>ResolveAssemblyReferences:
             Resolved file path is "/usr/share/dotnet/packs/Microsoft.NETCore.App.Ref/8.0.21/ref/net8.0/System.Diagnostics.Tracing.dll".
   7:7>ResolveAssemblyReferences:
         Primary reference "System.Globalization.Extensions, Version=8.0.0.0, Culture=neutral, PublicKeyToken=b03f5f7f11d50a3a".
   8:8>ResolveAssemblyReferences:
             Resolved file path is "/usr/share/dotnet/packs/Microsoft.NETCore.App.Ref/8.0.21/ref/net8.0/System.Net.Mail.dll".
   4:7>ResolveAssemblyReferences:
             Reference found at search path location "{RawFileName}".
   7:7>ResolveAssemblyReferences:
             Resolved file path is "/usr/share/dotnet/packs/Microsoft.NETCore.App.Ref/8.0.21/ref/net8.0/System.Globalization.Extensions.dll".
   4:7>ResolveAssemblyReferences:
             This reference is not "CopyLocal" because at least one source item had "Private" set to "false" and no source items had "Private" set to "true".
   7:7>ResolveAssemblyReferences:
             Reference found at search path location "{RawFileName}".
   4:7>ResolveAssemblyReferences:
             The ImageRuntimeVersion for this reference is "".
   8:8>ResolveAssemblyReferences:
             Reference found at search path location "{RawFileName}".
   7:7>ResolveAssemblyReferences:
             This reference is not "CopyLocal" because at least one source item had "Private" set to "false" and no source items had "Private" set to "true".
   4:7>ResolveAssemblyReferences:
         Primary reference "System.Drawing.Primitives, Version=8.0.0.0, Culture=neutral, PublicKeyToken=b03f5f7f11d50a3a".
   7:7>ResolveAssemblyReferences:
             The ImageRuntimeVersion for this reference is "".
   4:7>ResolveAssemblyReferences:
             Resolved file path is "/usr/share/dotnet/packs/Microsoft.NETCore.App.Ref/8.0.21/ref/net8.0/System.Drawing.Primitives.dll".
   7:7>ResolveAssemblyReferences:
         Primary reference "System.Globalization, Version=8.0.0.0, Culture=neutral, PublicKeyToken=b03f5f7f11d50a3a".
   4:7>ResolveAssemblyReferences:
             Reference found at search path location "{RawFileName}".
   8:8>ResolveAssemblyReferences:
             This reference is not "CopyLocal" because at least one source item had "Private" set to "false" and no source items had "Private" set to "true".
   7:7>ResolveAssemblyReferences:
             Resolved file path is "/usr/share/dotnet/packs/Microsoft.NETCore.App.Ref/8.0.21/ref/net8.0/System.Globalization.dll".
   4:7>ResolveAssemblyReferences:
             This reference is not "CopyLocal" because at least one source item had "Private" set to "false" and no source items had "Private" set to "true".
   7:7>ResolveAssemblyReferences:
             Reference found at search path location "{RawFileName}".
   4:7>ResolveAssemblyReferences:
             The ImageRuntimeVersion for this reference is "".
   7:7>ResolveAssemblyReferences:
             This reference is not "CopyLocal" because at least one source item had "Private" set to "false" and no source items had "Private" set to "true".
   4:7>ResolveAssemblyReferences:
         Primary reference "System.Drawing, Version=4.0.0.0, Culture=neutral, PublicKeyToken=b03f5f7f11d50a3a".
   8:8>ResolveAssemblyReferences:
             The ImageRuntimeVersion for this reference is "".
   7:7>ResolveAssemblyReferences:
             The ImageRuntimeVersion for this reference is "".
   4:7>ResolveAssemblyReferences:
             Resolved file path is "/usr/share/dotnet/packs/Microsoft.NETCore.App.Ref/8.0.21/ref/net8.0/System.Drawing.dll".
   7:7>ResolveAssemblyReferences:
         Primary reference "System.IO.Compression.Brotli, Version=8.0.0.0, Culture=neutral, PublicKeyToken=b77a5c561934e089".
   4:7>ResolveAssemblyReferences:
             Reference found at search path location "{RawFileName}".
   7:7>ResolveAssemblyReferences:
             Resolved file path is "/usr/share/dotnet/packs/Microsoft.NETCore.App.Ref/8.0.21/ref/net8.0/System.IO.Compression.Brotli.dll".
   4:7>ResolveAssemblyReferences:
             This reference is not "CopyLocal" because at least one source item had "Private" set to "false" and no source items had "Private" set to "true".
   8:8>ResolveAssemblyReferences:
         Primary reference "System.Net.NameResolution, Version=8.0.0.0, Culture=neutral, PublicKeyToken=b03f5f7f11d50a3a".
   7:7>ResolveAssemblyReferences:
             Reference found at search path location "{RawFileName}".
   4:7>ResolveAssemblyReferences:
             The ImageRuntimeVersion for this reference is "".
   7:7>ResolveAssemblyReferences:
             This reference is not "CopyLocal" because at least one source item had "Private" set to "false" and no source items had "Private" set to "true".
   4:7>ResolveAssemblyReferences:
         Primary reference "System.Dynamic.Runtime, Version=8.0.0.0, Culture=neutral, PublicKeyToken=b03f5f7f11d50a3a".
   7:7>ResolveAssemblyReferences:
             The ImageRuntimeVersion for this reference is "".
   8:8>ResolveAssemblyReferences:
             Resolved file path is "/usr/share/dotnet/packs/Microsoft.NETCore.App.Ref/8.0.21/ref/net8.0/System.Net.NameResolution.dll".
   4:7>ResolveAssemblyReferences:
             Resolved file path is "/usr/share/dotnet/packs/Microsoft.NETCore.App.Ref/8.0.21/ref/net8.0/System.Dynamic.Runtime.dll".
   7:7>ResolveAssemblyReferences:
         Primary reference "System.IO.Compression.FileSystem, Version=4.0.0.0, Culture=neutral, PublicKeyToken=b77a5c561934e089".
   4:7>ResolveAssemblyReferences:
             Reference found at search path location "{RawFileName}".
   7:7>ResolveAssemblyReferences:
             Resolved file path is "/usr/share/dotnet/packs/Microsoft.NETCore.App.Ref/8.0.21/ref/net8.0/System.IO.Compression.FileSystem.dll".
   8:8>ResolveAssemblyReferences:
             Reference found at search path location "{RawFileName}".
   4:7>ResolveAssemblyReferences:
             This reference is not "CopyLocal" because at least one source item had "Private" set to "false" and no source items had "Private" set to "true".
   7:7>ResolveAssemblyReferences:
             Reference found at search path location "{RawFileName}".
   4:7>ResolveAssemblyReferences:
             The ImageRuntimeVersion for this reference is "".
   7:7>ResolveAssemblyReferences:
             This reference is not "CopyLocal" because at least one source item had "Private" set to "false" and no source items had "Private" set to "true".
   4:7>ResolveAssemblyReferences:
         Primary reference "System.Formats.Asn1, Version=8.0.0.0, Culture=neutral, PublicKeyToken=cc7b13ffcd2ddd51".
   7:7>ResolveAssemblyReferences:
             The ImageRuntimeVersion for this reference is "".
   8:8>ResolveAssemblyReferences:
             This reference is not "CopyLocal" because at least one source item had "Private" set to "false" and no source items had "Private" set to "true".
   4:7>ResolveAssemblyReferences:
             Resolved file path is "/usr/share/dotnet/packs/Microsoft.NETCore.App.Ref/8.0.21/ref/net8.0/System.Formats.Asn1.dll".
   7:7>ResolveAssemblyReferences:
         Primary reference "System.IO.Compression.ZipFile, Version=8.0.0.0, Culture=neutral, PublicKeyToken=b77a5c561934e089".
   4:7>ResolveAssemblyReferences:
             Reference found at search path location "{RawFileName}".
   7:7>ResolveAssemblyReferences:
             Resolved file path is "/usr/share/dotnet/packs/Microsoft.NETCore.App.Ref/8.0.21/ref/net8.0/System.IO.Compression.ZipFile.dll".
   8:8>ResolveAssemblyReferences:
             The ImageRuntimeVersion for this reference is "".
   4:7>ResolveAssemblyReferences:
             This reference is not "CopyLocal" because at least one source item had "Private" set to "false" and no source items had "Private" set to "true".
   7:7>ResolveAssemblyReferences:
             Reference found at search path location "{RawFileName}".
             This reference is not "CopyLocal" because at least one source item had "Private" set to "false" and no source items had "Private" set to "true".
   4:7>ResolveAssemblyReferences:
             The ImageRuntimeVersion for this reference is "".
   7:7>ResolveAssemblyReferences:
             The ImageRuntimeVersion for this reference is "".
   4:7>ResolveAssemblyReferences:
         Primary reference "System.Formats.Tar, Version=8.0.0.0, Culture=neutral, PublicKeyToken=cc7b13ffcd2ddd51".
   8:8>ResolveAssemblyReferences:
         Primary reference "System.Net.NetworkInformation, Version=8.0.0.0, Culture=neutral, PublicKeyToken=b03f5f7f11d50a3a".
   7:7>ResolveAssemblyReferences:
         Primary reference "System.IO.Compression, Version=8.0.0.0, Culture=neutral, PublicKeyToken=b77a5c561934e089".
   4:7>ResolveAssemblyReferences:
             Resolved file path is "/usr/share/dotnet/packs/Microsoft.NETCore.App.Ref/8.0.21/ref/net8.0/System.Formats.Tar.dll".
             Reference found at search path location "{RawFileName}".
   7:7>ResolveAssemblyReferences:
             Resolved file path is "/usr/share/dotnet/packs/Microsoft.NETCore.App.Ref/8.0.21/ref/net8.0/System.IO.Compression.dll".
   4:7>ResolveAssemblyReferences:
             This reference is not "CopyLocal" because at least one source item had "Private" set to "false" and no source items had "Private" set to "true".
   7:7>ResolveAssemblyReferences:
             Reference found at search path location "{RawFileName}".
   8:8>ResolveAssemblyReferences:
             Resolved file path is "/usr/share/dotnet/packs/Microsoft.NETCore.App.Ref/8.0.21/ref/net8.0/System.Net.NetworkInformation.dll".
   4:7>ResolveAssemblyReferences:
             The ImageRuntimeVersion for this reference is "".
   7:7>ResolveAssemblyReferences:
             This reference is not "CopyLocal" because at least one source item had "Private" set to "false" and no source items had "Private" set to "true".
   4:7>ResolveAssemblyReferences:
         Primary reference "System.Globalization.Calendars, Version=8.0.0.0, Culture=neutral, PublicKeyToken=b03f5f7f11d50a3a".
   7:7>ResolveAssemblyReferences:
             The ImageRuntimeVersion for this reference is "".
   4:7>ResolveAssemblyReferences:
             Resolved file path is "/usr/share/dotnet/packs/Microsoft.NETCore.App.Ref/8.0.21/ref/net8.0/System.Globalization.Calendars.dll".
   7:7>ResolveAssemblyReferences:
         Primary reference "System.IO.FileSystem.AccessControl, Version=8.0.0.0, Culture=neutral, PublicKeyToken=b03f5f7f11d50a3a".
   8:8>ResolveAssemblyReferences:
             Reference found at search path location "{RawFileName}".
   4:7>ResolveAssemblyReferences:
             Reference found at search path location "{RawFileName}".
   7:7>ResolveAssemblyReferences:
             Resolved file path is "/usr/share/dotnet/packs/Microsoft.NETCore.App.Ref/8.0.21/ref/net8.0/System.IO.FileSystem.AccessControl.dll".
   4:7>ResolveAssemblyReferences:
             This reference is not "CopyLocal" because at least one source item had "Private" set to "false" and no source items had "Private" set to "true".
   7:7>ResolveAssemblyReferences:
             Reference found at search path location "{RawFileName}".
   4:7>ResolveAssemblyReferences:
             The ImageRuntimeVersion for this reference is "".
   7:7>ResolveAssemblyReferences:
             This reference is not "CopyLocal" because at least one source item had "Private" set to "false" and no source items had "Private" set to "true".
   8:8>ResolveAssemblyReferences:
             This reference is not "CopyLocal" because at least one source item had "Private" set to "false" and no source items had "Private" set to "true".
   4:7>ResolveAssemblyReferences:
         Primary reference "System.Globalization.Extensions, Version=8.0.0.0, Culture=neutral, PublicKeyToken=b03f5f7f11d50a3a".
   7:7>ResolveAssemblyReferences:
             The ImageRuntimeVersion for this reference is "".
   4:7>ResolveAssemblyReferences:
             Resolved file path is "/usr/share/dotnet/packs/Microsoft.NETCore.App.Ref/8.0.21/ref/net8.0/System.Globalization.Extensions.dll".
   7:7>ResolveAssemblyReferences:
         Primary reference "System.IO.FileSystem.DriveInfo, Version=8.0.0.0, Culture=neutral, PublicKeyToken=b03f5f7f11d50a3a".
   8:8>ResolveAssemblyReferences:
             The ImageRuntimeVersion for this reference is "".
   4:7>ResolveAssemblyReferences:
             Reference found at search path location "{RawFileName}".
   7:7>ResolveAssemblyReferences:
             Resolved file path is "/usr/share/dotnet/packs/Microsoft.NETCore.App.Ref/8.0.21/ref/net8.0/System.IO.FileSystem.DriveInfo.dll".
   4:7>ResolveAssemblyReferences:
             This reference is not "CopyLocal" because at least one source item had "Private" set to "false" and no source items had "Private" set to "true".
   7:7>ResolveAssemblyReferences:
             Reference found at search path location "{RawFileName}".
   4:7>ResolveAssemblyReferences:
             The ImageRuntimeVersion for this reference is "".
   7:7>ResolveAssemblyReferences:
             This reference is not "CopyLocal" because at least one source item had "Private" set to "false" and no source items had "Private" set to "true".
   8:8>ResolveAssemblyReferences:
         Primary reference "System.Net.Ping, Version=8.0.0.0, Culture=neutral, PublicKeyToken=b03f5f7f11d50a3a".
   4:7>ResolveAssemblyReferences:
         Primary reference "System.Globalization, Version=8.0.0.0, Culture=neutral, PublicKeyToken=b03f5f7f11d50a3a".
   7:7>ResolveAssemblyReferences:
             The ImageRuntimeVersion for this reference is "".
   4:7>ResolveAssemblyReferences:
             Resolved file path is "/usr/share/dotnet/packs/Microsoft.NETCore.App.Ref/8.0.21/ref/net8.0/System.Globalization.dll".
   7:7>ResolveAssemblyReferences:
         Primary reference "System.IO.FileSystem.Primitives, Version=8.0.0.0, Culture=neutral, PublicKeyToken=b03f5f7f11d50a3a".
   4:7>ResolveAssemblyReferences:
             Reference found at search path location "{RawFileName}".
   7:7>ResolveAssemblyReferences:
             Resolved file path is "/usr/share/dotnet/packs/Microsoft.NETCore.App.Ref/8.0.21/ref/net8.0/System.IO.FileSystem.Primitives.dll".
   8:8>ResolveAssemblyReferences:
             Resolved file path is "/usr/share/dotnet/packs/Microsoft.NETCore.App.Ref/8.0.21/ref/net8.0/System.Net.Ping.dll".
   7:7>ResolveAssemblyReferences:
             Reference found at search path location "{RawFileName}".
   4:7>ResolveAssemblyReferences:
             This reference is not "CopyLocal" because at least one source item had "Private" set to "false" and no source items had "Private" set to "true".
   7:7>ResolveAssemblyReferences:
             This reference is not "CopyLocal" because at least one source item had "Private" set to "false" and no source items had "Private" set to "true".
   4:7>ResolveAssemblyReferences:
             The ImageRuntimeVersion for this reference is "".
   7:7>ResolveAssemblyReferences:
             The ImageRuntimeVersion for this reference is "".
   8:8>ResolveAssemblyReferences:
             Reference found at search path location "{RawFileName}".
   4:7>ResolveAssemblyReferences:
         Primary reference "System.IO.Compression.Brotli, Version=8.0.0.0, Culture=neutral, PublicKeyToken=b77a5c561934e089".
   7:7>ResolveAssemblyReferences:
         Primary reference "System.IO.FileSystem.Watcher, Version=8.0.0.0, Culture=neutral, PublicKeyToken=b03f5f7f11d50a3a".
   4:7>ResolveAssemblyReferences:
             Resolved file path is "/usr/share/dotnet/packs/Microsoft.NETCore.App.Ref/8.0.21/ref/net8.0/System.IO.Compression.Brotli.dll".
   7:7>ResolveAssemblyReferences:
             Resolved file path is "/usr/share/dotnet/packs/Microsoft.NETCore.App.Ref/8.0.21/ref/net8.0/System.IO.FileSystem.Watcher.dll".
   4:7>ResolveAssemblyReferences:
             Reference found at search path location "{RawFileName}".
   8:8>ResolveAssemblyReferences:
             This reference is not "CopyLocal" because at least one source item had "Private" set to "false" and no source items had "Private" set to "true".
   4:7>ResolveAssemblyReferences:
             This reference is not "CopyLocal" because at least one source item had "Private" set to "false" and no source items had "Private" set to "true".
   7:7>ResolveAssemblyReferences:
             Reference found at search path location "{RawFileName}".
   4:7>ResolveAssemblyReferences:
             The ImageRuntimeVersion for this reference is "".
   7:7>ResolveAssemblyReferences:
             This reference is not "CopyLocal" because at least one source item had "Private" set to "false" and no source items had "Private" set to "true".
   4:7>ResolveAssemblyReferences:
         Primary reference "System.IO.Compression.FileSystem, Version=4.0.0.0, Culture=neutral, PublicKeyToken=b77a5c561934e089".
             Resolved file path is "/usr/share/dotnet/packs/Microsoft.NETCore.App.Ref/8.0.21/ref/net8.0/System.IO.Compression.FileSystem.dll".
   7:7>ResolveAssemblyReferences:
             The ImageRuntimeVersion for this reference is "".
   8:8>ResolveAssemblyReferences:
             The ImageRuntimeVersion for this reference is "".
   4:7>ResolveAssemblyReferences:
             Reference found at search path location "{RawFileName}".
   7:7>ResolveAssemblyReferences:
         Primary reference "System.IO.FileSystem, Version=8.0.0.0, Culture=neutral, PublicKeyToken=b03f5f7f11d50a3a".
   4:7>ResolveAssemblyReferences:
             This reference is not "CopyLocal" because at least one source item had "Private" set to "false" and no source items had "Private" set to "true".
   7:7>ResolveAssemblyReferences:
             Resolved file path is "/usr/share/dotnet/packs/Microsoft.NETCore.App.Ref/8.0.21/ref/net8.0/System.IO.FileSystem.dll".
   4:7>ResolveAssemblyReferences:
             The ImageRuntimeVersion for this reference is "".
   7:7>ResolveAssemblyReferences:
             Reference found at search path location "{RawFileName}".
   4:7>ResolveAssemblyReferences:
         Primary reference "System.IO.Compression.ZipFile, Version=8.0.0.0, Culture=neutral, PublicKeyToken=b77a5c561934e089".
   8:8>ResolveAssemblyReferences:
         Primary reference "System.Net.Primitives, Version=8.0.0.0, Culture=neutral, PublicKeyToken=b03f5f7f11d50a3a".
   4:7>ResolveAssemblyReferences:
             Resolved file path is "/usr/share/dotnet/packs/Microsoft.NETCore.App.Ref/8.0.21/ref/net8.0/System.IO.Compression.ZipFile.dll".
   7:7>ResolveAssemblyReferences:
             This reference is not "CopyLocal" because at least one source item had "Private" set to "false" and no source items had "Private" set to "true".
   4:7>ResolveAssemblyReferences:
             Reference found at search path location "{RawFileName}".
   7:7>ResolveAssemblyReferences:
             The ImageRuntimeVersion for this reference is "".
   4:7>ResolveAssemblyReferences:
             This reference is not "CopyLocal" because at least one source item had "Private" set to "false" and no source items had "Private" set to "true".
             The ImageRuntimeVersion for this reference is "".
   7:7>ResolveAssemblyReferences:
         Primary reference "System.IO.IsolatedStorage, Version=8.0.0.0, Culture=neutral, PublicKeyToken=b03f5f7f11d50a3a".
   8:8>ResolveAssemblyReferences:
             Resolved file path is "/usr/share/dotnet/packs/Microsoft.NETCore.App.Ref/8.0.21/ref/net8.0/System.Net.Primitives.dll".
   4:7>ResolveAssemblyReferences:
         Primary reference "System.IO.Compression, Version=8.0.0.0, Culture=neutral, PublicKeyToken=b77a5c561934e089".
   7:7>ResolveAssemblyReferences:
             Resolved file path is "/usr/share/dotnet/packs/Microsoft.NETCore.App.Ref/8.0.21/ref/net8.0/System.IO.IsolatedStorage.dll".
   4:7>ResolveAssemblyReferences:
             Resolved file path is "/usr/share/dotnet/packs/Microsoft.NETCore.App.Ref/8.0.21/ref/net8.0/System.IO.Compression.dll".
             Reference found at search path location "{RawFileName}".
   7:7>ResolveAssemblyReferences:
             Reference found at search path location "{RawFileName}".
   4:7>ResolveAssemblyReferences:
             This reference is not "CopyLocal" because at least one source item had "Private" set to "false" and no source items had "Private" set to "true".
   8:8>ResolveAssemblyReferences:
             Reference found at search path location "{RawFileName}".
   4:7>ResolveAssemblyReferences:
             The ImageRuntimeVersion for this reference is "".
   7:7>ResolveAssemblyReferences:
             This reference is not "CopyLocal" because at least one source item had "Private" set to "false" and no source items had "Private" set to "true".
   4:7>ResolveAssemblyReferences:
         Primary reference "System.IO.FileSystem.AccessControl, Version=8.0.0.0, Culture=neutral, PublicKeyToken=b03f5f7f11d50a3a".
             Resolved file path is "/usr/share/dotnet/packs/Microsoft.NETCore.App.Ref/8.0.21/ref/net8.0/System.IO.FileSystem.AccessControl.dll".
   7:7>ResolveAssemblyReferences:
             The ImageRuntimeVersion for this reference is "".
   4:7>ResolveAssemblyReferences:
             Reference found at search path location "{RawFileName}".
   7:7>ResolveAssemblyReferences:
         Primary reference "System.IO.MemoryMappedFiles, Version=8.0.0.0, Culture=neutral, PublicKeyToken=b03f5f7f11d50a3a".
   4:7>ResolveAssemblyReferences:
             This reference is not "CopyLocal" because at least one source item had "Private" set to "false" and no source items had "Private" set to "true".
   8:8>ResolveAssemblyReferences:
             This reference is not "CopyLocal" because at least one source item had "Private" set to "false" and no source items had "Private" set to "true".
   7:7>ResolveAssemblyReferences:
             Resolved file path is "/usr/share/dotnet/packs/Microsoft.NETCore.App.Ref/8.0.21/ref/net8.0/System.IO.MemoryMappedFiles.dll".
   4:7>ResolveAssemblyReferences:
             The ImageRuntimeVersion for this reference is "".
   7:7>ResolveAssemblyReferences:
             Reference found at search path location "{RawFileName}".
   4:7>ResolveAssemblyReferences:
         Primary reference "System.IO.FileSystem.DriveInfo, Version=8.0.0.0, Culture=neutral, PublicKeyToken=b03f5f7f11d50a3a".
   7:7>ResolveAssemblyReferences:
             This reference is not "CopyLocal" because at least one source item had "Private" set to "false" and no source items had "Private" set to "true".
   4:7>ResolveAssemblyReferences:
             Resolved file path is "/usr/share/dotnet/packs/Microsoft.NETCore.App.Ref/8.0.21/ref/net8.0/System.IO.FileSystem.DriveInfo.dll".
   7:7>ResolveAssemblyReferences:
             The ImageRuntimeVersion for this reference is "".
   4:7>ResolveAssemblyReferences:
             Reference found at search path location "{RawFileName}".
   8:8>ResolveAssemblyReferences:
             The ImageRuntimeVersion for this reference is "".
   4:7>ResolveAssemblyReferences:
             This reference is not "CopyLocal" because at least one source item had "Private" set to "false" and no source items had "Private" set to "true".
   7:7>ResolveAssemblyReferences:
         Primary reference "System.IO.Pipes.AccessControl, Version=8.0.0.0, Culture=neutral, PublicKeyToken=b03f5f7f11d50a3a".
   4:7>ResolveAssemblyReferences:
             The ImageRuntimeVersion for this reference is "".
   7:7>ResolveAssemblyReferences:
             Resolved file path is "/usr/share/dotnet/packs/Microsoft.NETCore.App.Ref/8.0.21/ref/net8.0/System.IO.Pipes.AccessControl.dll".
   4:7>ResolveAssemblyReferences:
         Primary reference "System.IO.FileSystem.Primitives, Version=8.0.0.0, Culture=neutral, PublicKeyToken=b03f5f7f11d50a3a".
             Resolved file path is "/usr/share/dotnet/packs/Microsoft.NETCore.App.Ref/8.0.21/ref/net8.0/System.IO.FileSystem.Primitives.dll".
   7:7>ResolveAssemblyReferences:
             Reference found at search path location "{RawFileName}".
   8:8>ResolveAssemblyReferences:
         Primary reference "System.Net.Quic, Version=8.0.0.0, Culture=neutral, PublicKeyToken=b03f5f7f11d50a3a".
   4:7>ResolveAssemblyReferences:
             Reference found at search path location "{RawFileName}".
   7:7>ResolveAssemblyReferences:
             This reference is not "CopyLocal" because at least one source item had "Private" set to "false" and no source items had "Private" set to "true".
   4:7>ResolveAssemblyReferences:
             This reference is not "CopyLocal" because at least one source item had "Private" set to "false" and no source items had "Private" set to "true".
   7:7>ResolveAssemblyReferences:
             The ImageRuntimeVersion for this reference is "".
   4:7>ResolveAssemblyReferences:
             The ImageRuntimeVersion for this reference is "".
   7:7>ResolveAssemblyReferences:
         Primary reference "System.IO.Pipes, Version=8.0.0.0, Culture=neutral, PublicKeyToken=b03f5f7f11d50a3a".
   4:7>ResolveAssemblyReferences:
         Primary reference "System.IO.FileSystem.Watcher, Version=8.0.0.0, Culture=neutral, PublicKeyToken=b03f5f7f11d50a3a".
   8:8>ResolveAssemblyReferences:
             Resolved file path is "/usr/share/dotnet/packs/Microsoft.NETCore.App.Ref/8.0.21/ref/net8.0/System.Net.Quic.dll".
   7:7>ResolveAssemblyReferences:
             Resolved file path is "/usr/share/dotnet/packs/Microsoft.NETCore.App.Ref/8.0.21/ref/net8.0/System.IO.Pipes.dll".
   4:7>ResolveAssemblyReferences:
             Resolved file path is "/usr/share/dotnet/packs/Microsoft.NETCore.App.Ref/8.0.21/ref/net8.0/System.IO.FileSystem.Watcher.dll".
             Reference found at search path location "{RawFileName}".
   7:7>ResolveAssemblyReferences:
             Reference found at search path location "{RawFileName}".
   4:7>ResolveAssemblyReferences:
             This reference is not "CopyLocal" because at least one source item had "Private" set to "false" and no source items had "Private" set to "true".
   7:7>ResolveAssemblyReferences:
             This reference is not "CopyLocal" because at least one source item had "Private" set to "false" and no source items had "Private" set to "true".
   8:8>ResolveAssemblyReferences:
             Reference found at search path location "{RawFileName}".
   4:7>ResolveAssemblyReferences:
             The ImageRuntimeVersion for this reference is "".
   7:7>ResolveAssemblyReferences:
             The ImageRuntimeVersion for this reference is "".
   4:7>ResolveAssemblyReferences:
         Primary reference "System.IO.FileSystem, Version=8.0.0.0, Culture=neutral, PublicKeyToken=b03f5f7f11d50a3a".
             Resolved file path is "/usr/share/dotnet/packs/Microsoft.NETCore.App.Ref/8.0.21/ref/net8.0/System.IO.FileSystem.dll".
   7:7>ResolveAssemblyReferences:
         Primary reference "System.IO.UnmanagedMemoryStream, Version=8.0.0.0, Culture=neutral, PublicKeyToken=b03f5f7f11d50a3a".
   4:7>ResolveAssemblyReferences:
             Reference found at search path location "{RawFileName}".
   8:8>ResolveAssemblyReferences:
             This reference is not "CopyLocal" because at least one source item had "Private" set to "false" and no source items had "Private" set to "true".
   7:7>ResolveAssemblyReferences:
             Resolved file path is "/usr/share/dotnet/packs/Microsoft.NETCore.App.Ref/8.0.21/ref/net8.0/System.IO.UnmanagedMemoryStream.dll".
   4:7>ResolveAssemblyReferences:
             This reference is not "CopyLocal" because at least one source item had "Private" set to "false" and no source items had "Private" set to "true".
   7:7>ResolveAssemblyReferences:
             Reference found at search path location "{RawFileName}".
   4:7>ResolveAssemblyReferences:
             The ImageRuntimeVersion for this reference is "".
         Primary reference "System.IO.IsolatedStorage, Version=8.0.0.0, Culture=neutral, PublicKeyToken=b03f5f7f11d50a3a".
   7:7>ResolveAssemblyReferences:
             This reference is not "CopyLocal" because at least one source item had "Private" set to "false" and no source items had "Private" set to "true".
   4:7>ResolveAssemblyReferences:
             Resolved file path is "/usr/share/dotnet/packs/Microsoft.NETCore.App.Ref/8.0.21/ref/net8.0/System.IO.IsolatedStorage.dll".
   8:8>ResolveAssemblyReferences:
             The ImageRuntimeVersion for this reference is "".
   7:7>ResolveAssemblyReferences:
             The ImageRuntimeVersion for this reference is "".
   4:7>ResolveAssemblyReferences:
             Reference found at search path location "{RawFileName}".
             This reference is not "CopyLocal" because at least one source item had "Private" set to "false" and no source items had "Private" set to "true".
   7:7>ResolveAssemblyReferences:
         Primary reference "System.IO, Version=8.0.0.0, Culture=neutral, PublicKeyToken=b03f5f7f11d50a3a".
   4:7>ResolveAssemblyReferences:
             The ImageRuntimeVersion for this reference is "".
   7:7>ResolveAssemblyReferences:
             Resolved file path is "/usr/share/dotnet/packs/Microsoft.NETCore.App.Ref/8.0.21/ref/net8.0/System.IO.dll".
   4:7>ResolveAssemblyReferences:
         Primary reference "System.IO.MemoryMappedFiles, Version=8.0.0.0, Culture=neutral, PublicKeyToken=b03f5f7f11d50a3a".
             Resolved file path is "/usr/share/dotnet/packs/Microsoft.NETCore.App.Ref/8.0.21/ref/net8.0/System.IO.MemoryMappedFiles.dll".
   8:8>ResolveAssemblyReferences:
         Primary reference "System.Net.Requests, Version=8.0.0.0, Culture=neutral, PublicKeyToken=b03f5f7f11d50a3a".
   7:7>ResolveAssemblyReferences:
             Reference found at search path location "{RawFileName}".
   4:7>ResolveAssemblyReferences:
             Reference found at search path location "{RawFileName}".
   7:7>ResolveAssemblyReferences:
             This reference is not "CopyLocal" because at least one source item had "Private" set to "false" and no source items had "Private" set to "true".
   4:7>ResolveAssemblyReferences:
             This reference is not "CopyLocal" because at least one source item had "Private" set to "false" and no source items had "Private" set to "true".
   7:7>ResolveAssemblyReferences:
             The ImageRuntimeVersion for this reference is "".
   4:7>ResolveAssemblyReferences:
             The ImageRuntimeVersion for this reference is "".
   8:8>ResolveAssemblyReferences:
             Resolved file path is "/usr/share/dotnet/packs/Microsoft.NETCore.App.Ref/8.0.21/ref/net8.0/System.Net.Requests.dll".
   4:7>ResolveAssemblyReferences:
         Primary reference "System.IO.Pipes.AccessControl, Version=8.0.0.0, Culture=neutral, PublicKeyToken=b03f5f7f11d50a3a".
   7:7>ResolveAssemblyReferences:
         Primary reference "System.Linq.Expressions, Version=8.0.0.0, Culture=neutral, PublicKeyToken=b03f5f7f11d50a3a".
             Resolved file path is "/usr/share/dotnet/packs/Microsoft.NETCore.App.Ref/8.0.21/ref/net8.0/System.Linq.Expressions.dll".
   4:7>ResolveAssemblyReferences:
             Resolved file path is "/usr/share/dotnet/packs/Microsoft.NETCore.App.Ref/8.0.21/ref/net8.0/System.IO.Pipes.AccessControl.dll".
   7:7>ResolveAssemblyReferences:
             Reference found at search path location "{RawFileName}".
   4:7>ResolveAssemblyReferences:
             Reference found at search path location "{RawFileName}".
   8:8>ResolveAssemblyReferences:
             Reference found at search path location "{RawFileName}".
   7:7>ResolveAssemblyReferences:
             This reference is not "CopyLocal" because at least one source item had "Private" set to "false" and no source items had "Private" set to "true".
             The ImageRuntimeVersion for this reference is "".
   4:7>ResolveAssemblyReferences:
             This reference is not "CopyLocal" because at least one source item had "Private" set to "false" and no source items had "Private" set to "true".
   7:7>ResolveAssemblyReferences:
         Primary reference "System.Linq.Parallel, Version=8.0.0.0, Culture=neutral, PublicKeyToken=b03f5f7f11d50a3a".
   4:7>ResolveAssemblyReferences:
             The ImageRuntimeVersion for this reference is "".
   8:8>ResolveAssemblyReferences:
             This reference is not "CopyLocal" because at least one source item had "Private" set to "false" and no source items had "Private" set to "true".
   7:7>ResolveAssemblyReferences:
             Resolved file path is "/usr/share/dotnet/packs/Microsoft.NETCore.App.Ref/8.0.21/ref/net8.0/System.Linq.Parallel.dll".
   4:7>ResolveAssemblyReferences:
         Primary reference "System.IO.Pipes, Version=8.0.0.0, Culture=neutral, PublicKeyToken=b03f5f7f11d50a3a".
   7:7>ResolveAssemblyReferences:
             Reference found at search path location "{RawFileName}".
   4:7>ResolveAssemblyReferences:
             Resolved file path is "/usr/share/dotnet/packs/Microsoft.NETCore.App.Ref/8.0.21/ref/net8.0/System.IO.Pipes.dll".
   7:7>ResolveAssemblyReferences:
             This reference is not "CopyLocal" because at least one source item had "Private" set to "false" and no source items had "Private" set to "true".
   4:7>ResolveAssemblyReferences:
             Reference found at search path location "{RawFileName}".
   8:8>ResolveAssemblyReferences:
             The ImageRuntimeVersion for this reference is "".
   7:7>ResolveAssemblyReferences:
             The ImageRuntimeVersion for this reference is "".
   4:7>ResolveAssemblyReferences:
             This reference is not "CopyLocal" because at least one source item had "Private" set to "false" and no source items had "Private" set to "true".
   7:7>ResolveAssemblyReferences:
         Primary reference "System.Linq.Queryable, Version=8.0.0.0, Culture=neutral, PublicKeyToken=b03f5f7f11d50a3a".
   4:7>ResolveAssemblyReferences:
             The ImageRuntimeVersion for this reference is "".
   7:7>ResolveAssemblyReferences:
             Resolved file path is "/usr/share/dotnet/packs/Microsoft.NETCore.App.Ref/8.0.21/ref/net8.0/System.Linq.Queryable.dll".
   4:7>ResolveAssemblyReferences:
         Primary reference "System.IO.UnmanagedMemoryStream, Version=8.0.0.0, Culture=neutral, PublicKeyToken=b03f5f7f11d50a3a".
   8:8>ResolveAssemblyReferences:
         Primary reference "System.Net.Security, Version=8.0.0.0, Culture=neutral, PublicKeyToken=b03f5f7f11d50a3a".
   7:7>ResolveAssemblyReferences:
             Reference found at search path location "{RawFileName}".
   4:7>ResolveAssemblyReferences:
             Resolved file path is "/usr/share/dotnet/packs/Microsoft.NETCore.App.Ref/8.0.21/ref/net8.0/System.IO.UnmanagedMemoryStream.dll".
   7:7>ResolveAssemblyReferences:
             This reference is not "CopyLocal" because at least one source item had "Private" set to "false" and no source items had "Private" set to "true".
   4:7>ResolveAssemblyReferences:
             Reference found at search path location "{RawFileName}".
   7:7>ResolveAssemblyReferences:
             The ImageRuntimeVersion for this reference is "".
   8:8>ResolveAssemblyReferences:
             Resolved file path is "/usr/share/dotnet/packs/Microsoft.NETCore.App.Ref/8.0.21/ref/net8.0/System.Net.Security.dll".
   4:7>ResolveAssemblyReferences:
             This reference is not "CopyLocal" because at least one source item had "Private" set to "false" and no source items had "Private" set to "true".
   7:7>ResolveAssemblyReferences:
         Primary reference "System.Linq, Version=8.0.0.0, Culture=neutral, PublicKeyToken=b03f5f7f11d50a3a".
   4:7>ResolveAssemblyReferences:
             The ImageRuntimeVersion for this reference is "".
   7:7>ResolveAssemblyReferences:
             Resolved file path is "/usr/share/dotnet/packs/Microsoft.NETCore.App.Ref/8.0.21/ref/net8.0/System.Linq.dll".
   4:7>ResolveAssemblyReferences:
         Primary reference "System.IO, Version=8.0.0.0, Culture=neutral, PublicKeyToken=b03f5f7f11d50a3a".
   7:7>ResolveAssemblyReferences:
             Reference found at search path location "{RawFileName}".
   8:8>ResolveAssemblyReferences:
             Reference found at search path location "{RawFileName}".
   4:7>ResolveAssemblyReferences:
             Resolved file path is "/usr/share/dotnet/packs/Microsoft.NETCore.App.Ref/8.0.21/ref/net8.0/System.IO.dll".
   7:7>ResolveAssemblyReferences:
             This reference is not "CopyLocal" because at least one source item had "Private" set to "false" and no source items had "Private" set to "true".
   4:7>ResolveAssemblyReferences:
             Reference found at search path location "{RawFileName}".
   7:7>ResolveAssemblyReferences:
             The ImageRuntimeVersion for this reference is "".
   4:7>ResolveAssemblyReferences:
             This reference is not "CopyLocal" because at least one source item had "Private" set to "false" and no source items had "Private" set to "true".
   8:8>ResolveAssemblyReferences:
             This reference is not "CopyLocal" because at least one source item had "Private" set to "false" and no source items had "Private" set to "true".
   7:7>ResolveAssemblyReferences:
         Primary reference "System.Memory, Version=8.0.0.0, Culture=neutral, PublicKeyToken=cc7b13ffcd2ddd51".
   4:7>ResolveAssemblyReferences:
             The ImageRuntimeVersion for this reference is "".
   7:7>ResolveAssemblyReferences:
             Resolved file path is "/usr/share/dotnet/packs/Microsoft.NETCore.App.Ref/8.0.21/ref/net8.0/System.Memory.dll".
   4:7>ResolveAssemblyReferences:
         Primary reference "System.Linq.Expressions, Version=8.0.0.0, Culture=neutral, PublicKeyToken=b03f5f7f11d50a3a".
   7:7>ResolveAssemblyReferences:
             Reference found at search path location "{RawFileName}".
   4:7>ResolveAssemblyReferences:
             Resolved file path is "/usr/share/dotnet/packs/Microsoft.NETCore.App.Ref/8.0.21/ref/net8.0/System.Linq.Expressions.dll".
   8:8>ResolveAssemblyReferences:
             The ImageRuntimeVersion for this reference is "".
   7:7>ResolveAssemblyReferences:
             This reference is not "CopyLocal" because at least one source item had "Private" set to "false" and no source items had "Private" set to "true".
   4:7>ResolveAssemblyReferences:
             Reference found at search path location "{RawFileName}".
   7:7>ResolveAssemblyReferences:
             The ImageRuntimeVersion for this reference is "".
   4:7>ResolveAssemblyReferences:
             This reference is not "CopyLocal" because at least one source item had "Private" set to "false" and no source items had "Private" set to "true".
   7:7>ResolveAssemblyReferences:
         Primary reference "System.Net.Http.Json, Version=8.0.0.0, Culture=neutral, PublicKeyToken=cc7b13ffcd2ddd51".
   4:7>ResolveAssemblyReferences:
             The ImageRuntimeVersion for this reference is "".
   8:8>ResolveAssemblyReferences:
         Primary reference "System.Net.ServicePoint, Version=8.0.0.0, Culture=neutral, PublicKeyToken=cc7b13ffcd2ddd51".
   7:7>ResolveAssemblyReferences:
             Resolved file path is "/usr/share/dotnet/packs/Microsoft.NETCore.App.Ref/8.0.21/ref/net8.0/System.Net.Http.Json.dll".
   4:7>ResolveAssemblyReferences:
         Primary reference "System.Linq.Parallel, Version=8.0.0.0, Culture=neutral, PublicKeyToken=b03f5f7f11d50a3a".
   7:7>ResolveAssemblyReferences:
             Reference found at search path location "{RawFileName}".
   4:7>ResolveAssemblyReferences:
             Resolved file path is "/usr/share/dotnet/packs/Microsoft.NETCore.App.Ref/8.0.21/ref/net8.0/System.Linq.Parallel.dll".
   7:7>ResolveAssemblyReferences:
             This reference is not "CopyLocal" because at least one source item had "Private" set to "false" and no source items had "Private" set to "true".
   4:7>ResolveAssemblyReferences:
             Reference found at search path location "{RawFileName}".
   8:8>ResolveAssemblyReferences:
             Resolved file path is "/usr/share/dotnet/packs/Microsoft.NETCore.App.Ref/8.0.21/ref/net8.0/System.Net.ServicePoint.dll".
   7:7>ResolveAssemblyReferences:
             The ImageRuntimeVersion for this reference is "".
   4:7>ResolveAssemblyReferences:
             This reference is not "CopyLocal" because at least one source item had "Private" set to "false" and no source items had "Private" set to "true".
   7:7>ResolveAssemblyReferences:
         Primary reference "System.Net.Http, Version=8.0.0.0, Culture=neutral, PublicKeyToken=b03f5f7f11d50a3a".
   4:7>ResolveAssemblyReferences:
             The ImageRuntimeVersion for this reference is "".
   7:7>ResolveAssemblyReferences:
             Resolved file path is "/usr/share/dotnet/packs/Microsoft.NETCore.App.Ref/8.0.21/ref/net8.0/System.Net.Http.dll".
   8:8>ResolveAssemblyReferences:
             Reference found at search path location "{RawFileName}".
   7:7>ResolveAssemblyReferences:
             Reference found at search path location "{RawFileName}".
   4:7>ResolveAssemblyReferences:
         Primary reference "System.Linq.Queryable, Version=8.0.0.0, Culture=neutral, PublicKeyToken=b03f5f7f11d50a3a".
   7:7>ResolveAssemblyReferences:
             This reference is not "CopyLocal" because at least one source item had "Private" set to "false" and no source items had "Private" set to "true".
   4:7>ResolveAssemblyReferences:
             Resolved file path is "/usr/share/dotnet/packs/Microsoft.NETCore.App.Ref/8.0.21/ref/net8.0/System.Linq.Queryable.dll".
   8:8>ResolveAssemblyReferences:
             This reference is not "CopyLocal" because at least one source item had "Private" set to "false" and no source items had "Private" set to "true".
   7:7>ResolveAssemblyReferences:
             The ImageRuntimeVersion for this reference is "".
   4:7>ResolveAssemblyReferences:
             Reference found at search path location "{RawFileName}".
   7:7>ResolveAssemblyReferences:
         Primary reference "System.Net.HttpListener, Version=8.0.0.0, Culture=neutral, PublicKeyToken=cc7b13ffcd2ddd51".
   4:7>ResolveAssemblyReferences:
             This reference is not "CopyLocal" because at least one source item had "Private" set to "false" and no source items had "Private" set to "true".
   7:7>ResolveAssemblyReferences:
             Resolved file path is "/usr/share/dotnet/packs/Microsoft.NETCore.App.Ref/8.0.21/ref/net8.0/System.Net.HttpListener.dll".
   4:7>ResolveAssemblyReferences:
             The ImageRuntimeVersion for this reference is "".
   5:7>ResolveAssemblyReferences:
         TargetFrameworkMoniker:
   8:8>ResolveAssemblyReferences:
             The ImageRuntimeVersion for this reference is "".
   7:7>ResolveAssemblyReferences:
             Reference found at search path location "{RawFileName}".
             This reference is not "CopyLocal" because at least one source item had "Private" set to "false" and no source items had "Private" set to "true".
   5:7>ResolveAssemblyReferences:
             .NETCoreApp,Version=v8.0
   7:7>ResolveAssemblyReferences:
             The ImageRuntimeVersion for this reference is "".
   5:7>ResolveAssemblyReferences:
         TargetFrameworkMonikerDisplayName:
   8:8>ResolveAssemblyReferences:
         Primary reference "System.Net.Sockets, Version=8.0.0.0, Culture=neutral, PublicKeyToken=b03f5f7f11d50a3a".
   7:7>ResolveAssemblyReferences:
         Primary reference "System.Net.Mail, Version=8.0.0.0, Culture=neutral, PublicKeyToken=cc7b13ffcd2ddd51".
   5:7>ResolveAssemblyReferences:
             .NET 8.0
   4:7>ResolveAssemblyReferences:
         Primary reference "System.Linq, Version=8.0.0.0, Culture=neutral, PublicKeyToken=b03f5f7f11d50a3a".
   7:7>ResolveAssemblyReferences:
             Resolved file path is "/usr/share/dotnet/packs/Microsoft.NETCore.App.Ref/8.0.21/ref/net8.0/System.Net.Mail.dll".
   5:7>ResolveAssemblyReferences:
         TargetedRuntimeVersion:
   4:7>ResolveAssemblyReferences:
             Resolved file path is "/usr/share/dotnet/packs/Microsoft.NETCore.App.Ref/8.0.21/ref/net8.0/System.Linq.dll".
   7:7>ResolveAssemblyReferences:
             Reference found at search path location "{RawFileName}".
   8:8>ResolveAssemblyReferences:
             Resolved file path is "/usr/share/dotnet/packs/Microsoft.NETCore.App.Ref/8.0.21/ref/net8.0/System.Net.Sockets.dll".
   5:7>ResolveAssemblyReferences:
             
   4:7>ResolveAssemblyReferences:
             Reference found at search path location "{RawFileName}".
   7:7>ResolveAssemblyReferences:
             This reference is not "CopyLocal" because at least one source item had "Private" set to "false" and no source items had "Private" set to "true".
   5:7>ResolveAssemblyReferences:
         Assemblies:
   4:7>ResolveAssemblyReferences:
             This reference is not "CopyLocal" because at least one source item had "Private" set to "false" and no source items had "Private" set to "true".
   7:7>ResolveAssemblyReferences:
             The ImageRuntimeVersion for this reference is "".
   4:7>ResolveAssemblyReferences:
             The ImageRuntimeVersion for this reference is "".
   7:7>ResolveAssemblyReferences:
         Primary reference "System.Net.NameResolution, Version=8.0.0.0, Culture=neutral, PublicKeyToken=b03f5f7f11d50a3a".
   5:7>ResolveAssemblyReferences:
             /home/saidul/.nuget/packages/bouncycastle.cryptography/2.3.1/lib/net6.0/BouncyCastle.Cryptography.dll
   8:8>ResolveAssemblyReferences:
             Reference found at search path location "{RawFileName}".
   4:7>ResolveAssemblyReferences:
         Primary reference "System.Memory, Version=8.0.0.0, Culture=neutral, PublicKeyToken=cc7b13ffcd2ddd51".
   7:7>ResolveAssemblyReferences:
             Resolved file path is "/usr/share/dotnet/packs/Microsoft.NETCore.App.Ref/8.0.21/ref/net8.0/System.Net.NameResolution.dll".
   5:7>ResolveAssemblyReferences:
                 Private = 'false'
   4:7>ResolveAssemblyReferences:
             Resolved file path is "/usr/share/dotnet/packs/Microsoft.NETCore.App.Ref/8.0.21/ref/net8.0/System.Memory.dll".
   7:7>ResolveAssemblyReferences:
             Reference found at search path location "{RawFileName}".
   5:7>ResolveAssemblyReferences:
                 HintPath = '/home/saidul/.nuget/packages/bouncycastle.cryptography/2.3.1/lib/net6.0/BouncyCastle.Cryptography.dll'
   8:8>ResolveAssemblyReferences:
             This reference is not "CopyLocal" because at least one source item had "Private" set to "false" and no source items had "Private" set to "true".
   4:7>ResolveAssemblyReferences:
             Reference found at search path location "{RawFileName}".
   7:7>ResolveAssemblyReferences:
             This reference is not "CopyLocal" because at least one source item had "Private" set to "false" and no source items had "Private" set to "true".
   5:7>ResolveAssemblyReferences:
             /home/saidul/.nuget/packages/fluentvalidation/11.9.0/lib/net8.0/FluentValidation.dll
   4:7>ResolveAssemblyReferences:
             This reference is not "CopyLocal" because at least one source item had "Private" set to "false" and no source items had "Private" set to "true".
   7:7>ResolveAssemblyReferences:
             The ImageRuntimeVersion for this reference is "".
   5:7>ResolveAssemblyReferences:
                 Private = 'false'
   4:7>ResolveAssemblyReferences:
             The ImageRuntimeVersion for this reference is "".
   7:7>ResolveAssemblyReferences:
         Primary reference "System.Net.NetworkInformation, Version=8.0.0.0, Culture=neutral, PublicKeyToken=b03f5f7f11d50a3a".
   5:7>ResolveAssemblyReferences:
                 HintPath = '/home/saidul/.nuget/packages/fluentvalidation/11.9.0/lib/net8.0/FluentValidation.dll'
   8:8>ResolveAssemblyReferences:
             The ImageRuntimeVersion for this reference is "".
   4:7>ResolveAssemblyReferences:
         Primary reference "System.Net.Http.Json, Version=8.0.0.0, Culture=neutral, PublicKeyToken=cc7b13ffcd2ddd51".
   7:7>ResolveAssemblyReferences:
             Resolved file path is "/usr/share/dotnet/packs/Microsoft.NETCore.App.Ref/8.0.21/ref/net8.0/System.Net.NetworkInformation.dll".
   5:7>ResolveAssemblyReferences:
             /home/saidul/.nuget/packages/newtonsoft.json/13.0.3/lib/net6.0/Newtonsoft.Json.dll
   4:7>ResolveAssemblyReferences:
             Resolved file path is "/usr/share/dotnet/packs/Microsoft.NETCore.App.Ref/8.0.21/ref/net8.0/System.Net.Http.Json.dll".
   7:7>ResolveAssemblyReferences:
             Reference found at search path location "{RawFileName}".
   5:7>ResolveAssemblyReferences:
                 Private = 'false'
   4:7>ResolveAssemblyReferences:
             Reference found at search path location "{RawFileName}".
   7:7>ResolveAssemblyReferences:
             This reference is not "CopyLocal" because at least one source item had "Private" set to "false" and no source items had "Private" set to "true".
   5:7>ResolveAssemblyReferences:
                 HintPath = '/home/saidul/.nuget/packages/newtonsoft.json/13.0.3/lib/net6.0/Newtonsoft.Json.dll'
   8:8>ResolveAssemblyReferences:
         Primary reference "System.Net.WebClient, Version=8.0.0.0, Culture=neutral, PublicKeyToken=cc7b13ffcd2ddd51".
   4:7>ResolveAssemblyReferences:
             This reference is not "CopyLocal" because at least one source item had "Private" set to "false" and no source items had "Private" set to "true".
   7:7>ResolveAssemblyReferences:
             The ImageRuntimeVersion for this reference is "".
   5:7>ResolveAssemblyReferences:
             /home/saidul/.nuget/packages/opcfoundation.netstandard.opc.ua.bindings.https/1.5.374.54/lib/net8.0/Opc.Ua.Bindings.Https.dll
   4:7>ResolveAssemblyReferences:
             The ImageRuntimeVersion for this reference is "".
   7:7>ResolveAssemblyReferences:
         Primary reference "System.Net.Ping, Version=8.0.0.0, Culture=neutral, PublicKeyToken=b03f5f7f11d50a3a".
   5:7>ResolveAssemblyReferences:
                 Private = 'false'
   7:7>ResolveAssemblyReferences:
             Resolved file path is "/usr/share/dotnet/packs/Microsoft.NETCore.App.Ref/8.0.21/ref/net8.0/System.Net.Ping.dll".
   4:7>ResolveAssemblyReferences:
         Primary reference "System.Net.Http, Version=8.0.0.0, Culture=neutral, PublicKeyToken=b03f5f7f11d50a3a".
   8:8>ResolveAssemblyReferences:
             Resolved file path is "/usr/share/dotnet/packs/Microsoft.NETCore.App.Ref/8.0.21/ref/net8.0/System.Net.WebClient.dll".
   5:7>ResolveAssemblyReferences:
                 HintPath = '/home/saidul/.nuget/packages/opcfoundation.netstandard.opc.ua.bindings.https/1.5.374.54/lib/net8.0/Opc.Ua.Bindings.Https.dll'
   7:7>ResolveAssemblyReferences:
             Reference found at search path location "{RawFileName}".
   4:7>ResolveAssemblyReferences:
             Resolved file path is "/usr/share/dotnet/packs/Microsoft.NETCore.App.Ref/8.0.21/ref/net8.0/System.Net.Http.dll".
   5:7>ResolveAssemblyReferences:
             /home/saidul/.nuget/packages/opcfoundation.netstandard.opc.ua.client/1.5.374.54/lib/net8.0/Opc.Ua.Client.dll
   7:7>ResolveAssemblyReferences:
             This reference is not "CopyLocal" because at least one source item had "Private" set to "false" and no source items had "Private" set to "true".
   4:7>ResolveAssemblyReferences:
             Reference found at search path location "{RawFileName}".
   5:7>ResolveAssemblyReferences:
                 Private = 'false'
   8:8>ResolveAssemblyReferences:
             Reference found at search path location "{RawFileName}".
   7:7>ResolveAssemblyReferences:
             The ImageRuntimeVersion for this reference is "".
   4:7>ResolveAssemblyReferences:
             This reference is not "CopyLocal" because at least one source item had "Private" set to "false" and no source items had "Private" set to "true".
   5:7>ResolveAssemblyReferences:
                 HintPath = '/home/saidul/.nuget/packages/opcfoundation.netstandard.opc.ua.client/1.5.374.54/lib/net8.0/Opc.Ua.Client.dll'
   7:7>ResolveAssemblyReferences:
         Primary reference "System.Net.Primitives, Version=8.0.0.0, Culture=neutral, PublicKeyToken=b03f5f7f11d50a3a".
   4:7>ResolveAssemblyReferences:
             The ImageRuntimeVersion for this reference is "".
   5:7>ResolveAssemblyReferences:
             /home/saidul/.nuget/packages/opcfoundation.netstandard.opc.ua.configuration/1.5.374.54/lib/net8.0/Opc.Ua.Configuration.dll
   7:7>ResolveAssemblyReferences:
             Resolved file path is "/usr/share/dotnet/packs/Microsoft.NETCore.App.Ref/8.0.21/ref/net8.0/System.Net.Primitives.dll".
   4:7>ResolveAssemblyReferences:
         Primary reference "System.Net.HttpListener, Version=8.0.0.0, Culture=neutral, PublicKeyToken=cc7b13ffcd2ddd51".
   8:8>ResolveAssemblyReferences:
             This reference is not "CopyLocal" because at least one source item had "Private" set to "false" and no source items had "Private" set to "true".
   5:7>ResolveAssemblyReferences:
                 Private = 'false'
   7:7>ResolveAssemblyReferences:
             Reference found at search path location "{RawFileName}".
   4:7>ResolveAssemblyReferences:
             Resolved file path is "/usr/share/dotnet/packs/Microsoft.NETCore.App.Ref/8.0.21/ref/net8.0/System.Net.HttpListener.dll".
   7:7>ResolveAssemblyReferences:
             This reference is not "CopyLocal" because at least one source item had "Private" set to "false" and no source items had "Private" set to "true".
   4:7>ResolveAssemblyReferences:
             Reference found at search path location "{RawFileName}".
   5:7>ResolveAssemblyReferences:
                 HintPath = '/home/saidul/.nuget/packages/opcfoundation.netstandard.opc.ua.configuration/1.5.374.54/lib/net8.0/Opc.Ua.Configuration.dll'
   8:8>ResolveAssemblyReferences:
             The ImageRuntimeVersion for this reference is "".
   4:7>ResolveAssemblyReferences:
             This reference is not "CopyLocal" because at least one source item had "Private" set to "false" and no source items had "Private" set to "true".
   5:7>ResolveAssemblyReferences:
             /home/saidul/.nuget/packages/opcfoundation.netstandard.opc.ua.core/1.5.374.54/lib/net8.0/Opc.Ua.Core.dll
   4:7>ResolveAssemblyReferences:
             The ImageRuntimeVersion for this reference is "".
   5:7>ResolveAssemblyReferences:
                 Private = 'false'
   4:7>ResolveAssemblyReferences:
         Primary reference "System.Net.Mail, Version=8.0.0.0, Culture=neutral, PublicKeyToken=cc7b13ffcd2ddd51".
   5:7>ResolveAssemblyReferences:
                 HintPath = '/home/saidul/.nuget/packages/opcfoundation.netstandard.opc.ua.core/1.5.374.54/lib/net8.0/Opc.Ua.Core.dll'
   8:8>ResolveAssemblyReferences:
         Primary reference "System.Net.WebHeaderCollection, Version=8.0.0.0, Culture=neutral, PublicKeyToken=b03f5f7f11d50a3a".
   4:7>ResolveAssemblyReferences:
             Resolved file path is "/usr/share/dotnet/packs/Microsoft.NETCore.App.Ref/8.0.21/ref/net8.0/System.Net.Mail.dll".
   5:7>ResolveAssemblyReferences:
             /home/saidul/.nuget/packages/opcfoundation.netstandard.opc.ua.gds.client.common/1.5.374.54/lib/net8.0/Opc.Ua.Gds.Client.Common.dll
   7:7>ResolveAssemblyReferences:
             The ImageRuntimeVersion for this reference is "".
   4:7>ResolveAssemblyReferences:
             Reference found at search path location "{RawFileName}".
   5:7>ResolveAssemblyReferences:
                 Private = 'false'
   4:7>ResolveAssemblyReferences:
             This reference is not "CopyLocal" because at least one source item had "Private" set to "false" and no source items had "Private" set to "true".
   5:7>ResolveAssemblyReferences:
                 HintPath = '/home/saidul/.nuget/packages/opcfoundation.netstandard.opc.ua.gds.client.common/1.5.374.54/lib/net8.0/Opc.Ua.Gds.Client.Common.dll'
   4:7>ResolveAssemblyReferences:
             The ImageRuntimeVersion for this reference is "".
   8:8>ResolveAssemblyReferences:
             Resolved file path is "/usr/share/dotnet/packs/Microsoft.NETCore.App.Ref/8.0.21/ref/net8.0/System.Net.WebHeaderCollection.dll".
   4:7>ResolveAssemblyReferences:
         Primary reference "System.Net.NameResolution, Version=8.0.0.0, Culture=neutral, PublicKeyToken=b03f5f7f11d50a3a".
   5:7>ResolveAssemblyReferences:
             /home/saidul/.nuget/packages/opcfoundation.netstandard.opc.ua.gds.server.common/1.5.374.54/lib/net8.0/Opc.Ua.Gds.Server.Common.dll
   4:7>ResolveAssemblyReferences:
             Resolved file path is "/usr/share/dotnet/packs/Microsoft.NETCore.App.Ref/8.0.21/ref/net8.0/System.Net.NameResolution.dll".
   5:7>ResolveAssemblyReferences:
                 Private = 'false'
   4:7>ResolveAssemblyReferences:
             Reference found at search path location "{RawFileName}".
   7:7>ResolveAssemblyReferences:
         Primary reference "System.Net.Quic, Version=8.0.0.0, Culture=neutral, PublicKeyToken=b03f5f7f11d50a3a".
   8:8>ResolveAssemblyReferences:
             Reference found at search path location "{RawFileName}".
   4:7>ResolveAssemblyReferences:
             This reference is not "CopyLocal" because at least one source item had "Private" set to "false" and no source items had "Private" set to "true".
   5:7>ResolveAssemblyReferences:
                 HintPath = '/home/saidul/.nuget/packages/opcfoundation.netstandard.opc.ua.gds.server.common/1.5.374.54/lib/net8.0/Opc.Ua.Gds.Server.Common.dll'
             /home/saidul/.nuget/packages/opcfoundation.netstandard.opc.ua.security.certificates/1.5.374.54/lib/net8.0/Opc.Ua.Security.Certificates.dll
   4:7>ResolveAssemblyReferences:
             The ImageRuntimeVersion for this reference is "".
   5:7>ResolveAssemblyReferences:
                 Private = 'false'
   7:7>ResolveAssemblyReferences:
             Resolved file path is "/usr/share/dotnet/packs/Microsoft.NETCore.App.Ref/8.0.21/ref/net8.0/System.Net.Quic.dll".
   4:7>ResolveAssemblyReferences:
         Primary reference "System.Net.NetworkInformation, Version=8.0.0.0, Culture=neutral, PublicKeyToken=b03f5f7f11d50a3a".
   5:7>ResolveAssemblyReferences:
                 HintPath = '/home/saidul/.nuget/packages/opcfoundation.netstandard.opc.ua.security.certificates/1.5.374.54/lib/net8.0/Opc.Ua.Security.Certificates.dll'
   4:7>ResolveAssemblyReferences:
             Resolved file path is "/usr/share/dotnet/packs/Microsoft.NETCore.App.Ref/8.0.21/ref/net8.0/System.Net.NetworkInformation.dll".
   8:8>ResolveAssemblyReferences:
             This reference is not "CopyLocal" because at least one source item had "Private" set to "false" and no source items had "Private" set to "true".
   5:7>ResolveAssemblyReferences:
             /home/saidul/.nuget/packages/opcfoundation.netstandard.opc.ua.server/1.5.374.54/lib/net8.0/Opc.Ua.Server.dll
   4:7>ResolveAssemblyReferences:
             Reference found at search path location "{RawFileName}".
   7:7>ResolveAssemblyReferences:
             Reference found at search path location "{RawFileName}".
   4:7>ResolveAssemblyReferences:
             This reference is not "CopyLocal" because at least one source item had "Private" set to "false" and no source items had "Private" set to "true".
   5:7>ResolveAssemblyReferences:
                 Private = 'false'
   4:7>ResolveAssemblyReferences:
             The ImageRuntimeVersion for this reference is "".
   5:7>ResolveAssemblyReferences:
                 HintPath = '/home/saidul/.nuget/packages/opcfoundation.netstandard.opc.ua.server/1.5.374.54/lib/net8.0/Opc.Ua.Server.dll'
   8:8>ResolveAssemblyReferences:
             The ImageRuntimeVersion for this reference is "".
   4:7>ResolveAssemblyReferences:
         Primary reference "System.Net.Ping, Version=8.0.0.0, Culture=neutral, PublicKeyToken=b03f5f7f11d50a3a".
   5:7>ResolveAssemblyReferences:
             /home/saidul/.nuget/packages/polly/8.2.0/lib/net6.0/Polly.dll
   7:7>ResolveAssemblyReferences:
             This reference is not "CopyLocal" because at least one source item had "Private" set to "false" and no source items had "Private" set to "true".
   4:7>ResolveAssemblyReferences:
             Resolved file path is "/usr/share/dotnet/packs/Microsoft.NETCore.App.Ref/8.0.21/ref/net8.0/System.Net.Ping.dll".
   5:7>ResolveAssemblyReferences:
                 Private = 'false'
   4:7>ResolveAssemblyReferences:
             Reference found at search path location "{RawFileName}".
   8:8>ResolveAssemblyReferences:
         Primary reference "System.Net.WebProxy, Version=8.0.0.0, Culture=neutral, PublicKeyToken=cc7b13ffcd2ddd51".
   5:7>ResolveAssemblyReferences:
                 HintPath = '/home/saidul/.nuget/packages/polly/8.2.0/lib/net6.0/Polly.dll'
   4:7>ResolveAssemblyReferences:
             This reference is not "CopyLocal" because at least one source item had "Private" set to "false" and no source items had "Private" set to "true".
   7:7>ResolveAssemblyReferences:
             The ImageRuntimeVersion for this reference is "".
   4:7>ResolveAssemblyReferences:
             The ImageRuntimeVersion for this reference is "".
   5:7>ResolveAssemblyReferences:
             /home/saidul/.nuget/packages/polly.core/8.2.0/lib/net8.0/Polly.Core.dll
   4:7>ResolveAssemblyReferences:
         Primary reference "System.Net.Primitives, Version=8.0.0.0, Culture=neutral, PublicKeyToken=b03f5f7f11d50a3a".
   5:7>ResolveAssemblyReferences:
                 Private = 'false'
   8:8>ResolveAssemblyReferences:
             Resolved file path is "/usr/share/dotnet/packs/Microsoft.NETCore.App.Ref/8.0.21/ref/net8.0/System.Net.WebProxy.dll".
   5:7>ResolveAssemblyReferences:
                 HintPath = '/home/saidul/.nuget/packages/polly.core/8.2.0/lib/net8.0/Polly.Core.dll'
   7:7>ResolveAssemblyReferences:
         Primary reference "System.Net.Requests, Version=8.0.0.0, Culture=neutral, PublicKeyToken=b03f5f7f11d50a3a".
   4:7>ResolveAssemblyReferences:
             Resolved file path is "/usr/share/dotnet/packs/Microsoft.NETCore.App.Ref/8.0.21/ref/net8.0/System.Net.Primitives.dll".
   5:7>ResolveAssemblyReferences:
             /home/saidul/.nuget/packages/serilog/3.1.1/lib/net7.0/Serilog.dll
                 Private = 'false'
   8:8>ResolveAssemblyReferences:
             Reference found at search path location "{RawFileName}".
   4:7>ResolveAssemblyReferences:
             Reference found at search path location "{RawFileName}".
   5:7>ResolveAssemblyReferences:
                 HintPath = '/home/saidul/.nuget/packages/serilog/3.1.1/lib/net7.0/Serilog.dll'
   4:7>ResolveAssemblyReferences:
             This reference is not "CopyLocal" because at least one source item had "Private" set to "false" and no source items had "Private" set to "true".
   7:7>ResolveAssemblyReferences:
             Resolved file path is "/usr/share/dotnet/packs/Microsoft.NETCore.App.Ref/8.0.21/ref/net8.0/System.Net.Requests.dll".
   5:7>ResolveAssemblyReferences:
             /usr/share/dotnet/packs/Microsoft.NETCore.App.Ref/8.0.21/ref/net8.0/Microsoft.CSharp.dll
   4:7>ResolveAssemblyReferences:
             The ImageRuntimeVersion for this reference is "".
   8:8>ResolveAssemblyReferences:
             This reference is not "CopyLocal" because at least one source item had "Private" set to "false" and no source items had "Private" set to "true".
   5:7>ResolveAssemblyReferences:
                 Private = 'false'
   4:7>ResolveAssemblyReferences:
         Primary reference "System.Net.Quic, Version=8.0.0.0, Culture=neutral, PublicKeyToken=b03f5f7f11d50a3a".
   7:7>ResolveAssemblyReferences:
             Reference found at search path location "{RawFileName}".
   5:7>ResolveAssemblyReferences:
             /usr/share/dotnet/packs/Microsoft.NETCore.App.Ref/8.0.21/ref/net8.0/Microsoft.VisualBasic.Core.dll
   4:7>ResolveAssemblyReferences:
             Resolved file path is "/usr/share/dotnet/packs/Microsoft.NETCore.App.Ref/8.0.21/ref/net8.0/System.Net.Quic.dll".
   8:8>ResolveAssemblyReferences:
             The ImageRuntimeVersion for this reference is "".
   5:7>ResolveAssemblyReferences:
                 Private = 'false'
   4:7>ResolveAssemblyReferences:
             Reference found at search path location "{RawFileName}".
   5:7>ResolveAssemblyReferences:
             /usr/share/dotnet/packs/Microsoft.NETCore.App.Ref/8.0.21/ref/net8.0/Microsoft.VisualBasic.dll
   7:7>ResolveAssemblyReferences:
             This reference is not "CopyLocal" because at least one source item had "Private" set to "false" and no source items had "Private" set to "true".
   4:7>ResolveAssemblyReferences:
             This reference is not "CopyLocal" because at least one source item had "Private" set to "false" and no source items had "Private" set to "true".
   5:7>ResolveAssemblyReferences:
                 Private = 'false'
   4:7>ResolveAssemblyReferences:
             The ImageRuntimeVersion for this reference is "".
   5:7>ResolveAssemblyReferences:
             /usr/share/dotnet/packs/Microsoft.NETCore.App.Ref/8.0.21/ref/net8.0/Microsoft.Win32.Primitives.dll
   4:7>ResolveAssemblyReferences:
         Primary reference "System.Net.Requests, Version=8.0.0.0, Culture=neutral, PublicKeyToken=b03f5f7f11d50a3a".
   8:8>ResolveAssemblyReferences:
         Primary reference "System.Net.WebSockets.Client, Version=8.0.0.0, Culture=neutral, PublicKeyToken=b03f5f7f11d50a3a".
   4:7>ResolveAssemblyReferences:
             Resolved file path is "/usr/share/dotnet/packs/Microsoft.NETCore.App.Ref/8.0.21/ref/net8.0/System.Net.Requests.dll".
   5:7>ResolveAssemblyReferences:
                 Private = 'false'
   7:7>ResolveAssemblyReferences:
             The ImageRuntimeVersion for this reference is "".
   5:7>ResolveAssemblyReferences:
             /usr/share/dotnet/packs/Microsoft.NETCore.App.Ref/8.0.21/ref/net8.0/Microsoft.Win32.Registry.dll
   4:7>ResolveAssemblyReferences:
             Reference found at search path location "{RawFileName}".
             This reference is not "CopyLocal" because at least one source item had "Private" set to "false" and no source items had "Private" set to "true".
   5:7>ResolveAssemblyReferences:
                 Private = 'false'
   8:8>ResolveAssemblyReferences:
             Resolved file path is "/usr/share/dotnet/packs/Microsoft.NETCore.App.Ref/8.0.21/ref/net8.0/System.Net.WebSockets.Client.dll".
   4:7>ResolveAssemblyReferences:
             The ImageRuntimeVersion for this reference is "".
   7:7>ResolveAssemblyReferences:
         Primary reference "System.Net.Security, Version=8.0.0.0, Culture=neutral, PublicKeyToken=b03f5f7f11d50a3a".
   5:7>ResolveAssemblyReferences:
             /usr/share/dotnet/packs/Microsoft.NETCore.App.Ref/8.0.21/ref/net8.0/System.AppContext.dll
   4:7>ResolveAssemblyReferences:
         Primary reference "System.Net.Security, Version=8.0.0.0, Culture=neutral, PublicKeyToken=b03f5f7f11d50a3a".
   5:7>ResolveAssemblyReferences:
                 Private = 'false'
   4:7>ResolveAssemblyReferences:
             Resolved file path is "/usr/share/dotnet/packs/Microsoft.NETCore.App.Ref/8.0.21/ref/net8.0/System.Net.Security.dll".
   5:7>ResolveAssemblyReferences:
             /usr/share/dotnet/packs/Microsoft.NETCore.App.Ref/8.0.21/ref/net8.0/System.Buffers.dll
   8:8>ResolveAssemblyReferences:
             Reference found at search path location "{RawFileName}".
   7:7>ResolveAssemblyReferences:
             Resolved file path is "/usr/share/dotnet/packs/Microsoft.NETCore.App.Ref/8.0.21/ref/net8.0/System.Net.Security.dll".
   4:7>ResolveAssemblyReferences:
             Reference found at search path location "{RawFileName}".
   5:7>ResolveAssemblyReferences:
                 Private = 'false'
   4:7>ResolveAssemblyReferences:
             This reference is not "CopyLocal" because at least one source item had "Private" set to "false" and no source items had "Private" set to "true".
   5:7>ResolveAssemblyReferences:
             /usr/share/dotnet/packs/Microsoft.NETCore.App.Ref/8.0.21/ref/net8.0/System.Collections.Concurrent.dll
   8:8>ResolveAssemblyReferences:
             This reference is not "CopyLocal" because at least one source item had "Private" set to "false" and no source items had "Private" set to "true".
   7:7>ResolveAssemblyReferences:
             Reference found at search path location "{RawFileName}".
   4:7>ResolveAssemblyReferences:
             The ImageRuntimeVersion for this reference is "".
   5:7>ResolveAssemblyReferences:
                 Private = 'false'
   4:7>ResolveAssemblyReferences:
         Primary reference "System.Net.ServicePoint, Version=8.0.0.0, Culture=neutral, PublicKeyToken=cc7b13ffcd2ddd51".
   5:7>ResolveAssemblyReferences:
             /usr/share/dotnet/packs/Microsoft.NETCore.App.Ref/8.0.21/ref/net8.0/System.Collections.Immutable.dll
   4:7>ResolveAssemblyReferences:
             Resolved file path is "/usr/share/dotnet/packs/Microsoft.NETCore.App.Ref/8.0.21/ref/net8.0/System.Net.ServicePoint.dll".
   8:8>ResolveAssemblyReferences:
             The ImageRuntimeVersion for this reference is "".
   5:7>ResolveAssemblyReferences:
                 Private = 'false'
   7:7>ResolveAssemblyReferences:
             This reference is not "CopyLocal" because at least one source item had "Private" set to "false" and no source items had "Private" set to "true".
   4:7>ResolveAssemblyReferences:
             Reference found at search path location "{RawFileName}".
   5:7>ResolveAssemblyReferences:
             /usr/share/dotnet/packs/Microsoft.NETCore.App.Ref/8.0.21/ref/net8.0/System.Collections.NonGeneric.dll
   4:7>ResolveAssemblyReferences:
             This reference is not "CopyLocal" because at least one source item had "Private" set to "false" and no source items had "Private" set to "true".
   5:7>ResolveAssemblyReferences:
                 Private = 'false'
   8:8>ResolveAssemblyReferences:
         Primary reference "System.Net.WebSockets, Version=8.0.0.0, Culture=neutral, PublicKeyToken=b03f5f7f11d50a3a".
   5:7>ResolveAssemblyReferences:
             /usr/share/dotnet/packs/Microsoft.NETCore.App.Ref/8.0.21/ref/net8.0/System.Collections.Specialized.dll
   4:7>ResolveAssemblyReferences:
             The ImageRuntimeVersion for this reference is "".
   7:7>ResolveAssemblyReferences:
             The ImageRuntimeVersion for this reference is "".
   4:7>ResolveAssemblyReferences:
         Primary reference "System.Net.Sockets, Version=8.0.0.0, Culture=neutral, PublicKeyToken=b03f5f7f11d50a3a".
   5:7>ResolveAssemblyReferences:
                 Private = 'false'
   4:7>ResolveAssemblyReferences:
             Resolved file path is "/usr/share/dotnet/packs/Microsoft.NETCore.App.Ref/8.0.21/ref/net8.0/System.Net.Sockets.dll".
   5:7>ResolveAssemblyReferences:
             /usr/share/dotnet/packs/Microsoft.NETCore.App.Ref/8.0.21/ref/net8.0/System.Collections.dll
   8:8>ResolveAssemblyReferences:
             Resolved file path is "/usr/share/dotnet/packs/Microsoft.NETCore.App.Ref/8.0.21/ref/net8.0/System.Net.WebSockets.dll".
   7:7>ResolveAssemblyReferences:
         Primary reference "System.Net.ServicePoint, Version=8.0.0.0, Culture=neutral, PublicKeyToken=cc7b13ffcd2ddd51".
   5:7>ResolveAssemblyReferences:
                 Private = 'false'
   4:7>ResolveAssemblyReferences:
             Reference found at search path location "{RawFileName}".
   5:7>ResolveAssemblyReferences:
             /usr/share/dotnet/packs/Microsoft.NETCore.App.Ref/8.0.21/ref/net8.0/System.ComponentModel.Annotations.dll
   4:7>ResolveAssemblyReferences:
             This reference is not "CopyLocal" because at least one source item had "Private" set to "false" and no source items had "Private" set to "true".
   8:8>ResolveAssemblyReferences:
             Reference found at search path location "{RawFileName}".
   5:7>ResolveAssemblyReferences:
                 Private = 'false'
   7:7>ResolveAssemblyReferences:
             Resolved file path is "/usr/share/dotnet/packs/Microsoft.NETCore.App.Ref/8.0.21/ref/net8.0/System.Net.ServicePoint.dll".
   5:7>ResolveAssemblyReferences:
             /usr/share/dotnet/packs/Microsoft.NETCore.App.Ref/8.0.21/ref/net8.0/System.ComponentModel.DataAnnotations.dll
                 Private = 'false'
   4:7>ResolveAssemblyReferences:
             The ImageRuntimeVersion for this reference is "".
   8:8>ResolveAssemblyReferences:
             This reference is not "CopyLocal" because at least one source item had "Private" set to "false" and no source items had "Private" set to "true".
   7:7>ResolveAssemblyReferences:
             Reference found at search path location "{RawFileName}".
   5:7>ResolveAssemblyReferences:
             /usr/share/dotnet/packs/Microsoft.NETCore.App.Ref/8.0.21/ref/net8.0/System.ComponentModel.EventBasedAsync.dll
   4:7>ResolveAssemblyReferences:
         Primary reference "System.Net.WebClient, Version=8.0.0.0, Culture=neutral, PublicKeyToken=cc7b13ffcd2ddd51".
   5:7>ResolveAssemblyReferences:
                 Private = 'false'
   8:8>ResolveAssemblyReferences:
             The ImageRuntimeVersion for this reference is "".
   5:7>ResolveAssemblyReferences:
             /usr/share/dotnet/packs/Microsoft.NETCore.App.Ref/8.0.21/ref/net8.0/System.ComponentModel.Primitives.dll
   4:7>ResolveAssemblyReferences:
             Resolved file path is "/usr/share/dotnet/packs/Microsoft.NETCore.App.Ref/8.0.21/ref/net8.0/System.Net.WebClient.dll".
   7:7>ResolveAssemblyReferences:
             This reference is not "CopyLocal" because at least one source item had "Private" set to "false" and no source items had "Private" set to "true".
   5:7>ResolveAssemblyReferences:
                 Private = 'false'
   4:7>ResolveAssemblyReferences:
             Reference found at search path location "{RawFileName}".
   5:7>ResolveAssemblyReferences:
             /usr/share/dotnet/packs/Microsoft.NETCore.App.Ref/8.0.21/ref/net8.0/System.ComponentModel.TypeConverter.dll
   8:8>ResolveAssemblyReferences:
         Primary reference "System.Net, Version=4.0.0.0, Culture=neutral, PublicKeyToken=b03f5f7f11d50a3a".
   7:7>ResolveAssemblyReferences:
             The ImageRuntimeVersion for this reference is "".
   5:7>ResolveAssemblyReferences:
                 Private = 'false'
   4:7>ResolveAssemblyReferences:
             This reference is not "CopyLocal" because at least one source item had "Private" set to "false" and no source items had "Private" set to "true".
   5:7>ResolveAssemblyReferences:
             /usr/share/dotnet/packs/Microsoft.NETCore.App.Ref/8.0.21/ref/net8.0/System.ComponentModel.dll
   4:7>ResolveAssemblyReferences:
             The ImageRuntimeVersion for this reference is "".
   5:7>ResolveAssemblyReferences:
                 Private = 'false'
   8:8>ResolveAssemblyReferences:
             Resolved file path is "/usr/share/dotnet/packs/Microsoft.NETCore.App.Ref/8.0.21/ref/net8.0/System.Net.dll".
   4:7>ResolveAssemblyReferences:
         Primary reference "System.Net.WebHeaderCollection, Version=8.0.0.0, Culture=neutral, PublicKeyToken=b03f5f7f11d50a3a".
   7:7>ResolveAssemblyReferences:
         Primary reference "System.Net.Sockets, Version=8.0.0.0, Culture=neutral, PublicKeyToken=b03f5f7f11d50a3a".
   5:7>ResolveAssemblyReferences:
             /usr/share/dotnet/packs/Microsoft.NETCore.App.Ref/8.0.21/ref/net8.0/System.Configuration.dll
                 Private = 'false'
   4:7>ResolveAssemblyReferences:
             Resolved file path is "/usr/share/dotnet/packs/Microsoft.NETCore.App.Ref/8.0.21/ref/net8.0/System.Net.WebHeaderCollection.dll".
   5:7>ResolveAssemblyReferences:
             /usr/share/dotnet/packs/Microsoft.NETCore.App.Ref/8.0.21/ref/net8.0/System.Console.dll
   7:7>ResolveAssemblyReferences:
             Resolved file path is "/usr/share/dotnet/packs/Microsoft.NETCore.App.Ref/8.0.21/ref/net8.0/System.Net.Sockets.dll".
   4:7>ResolveAssemblyReferences:
             Reference found at search path location "{RawFileName}".
   8:8>ResolveAssemblyReferences:
             Reference found at search path location "{RawFileName}".
   5:7>ResolveAssemblyReferences:
                 Private = 'false'
   4:7>ResolveAssemblyReferences:
             This reference is not "CopyLocal" because at least one source item had "Private" set to "false" and no source items had "Private" set to "true".
   5:7>ResolveAssemblyReferences:
             /usr/share/dotnet/packs/Microsoft.NETCore.App.Ref/8.0.21/ref/net8.0/System.Core.dll
   4:7>ResolveAssemblyReferences:
             The ImageRuntimeVersion for this reference is "".
   7:7>ResolveAssemblyReferences:
             Reference found at search path location "{RawFileName}".
   5:7>ResolveAssemblyReferences:
                 Private = 'false'
   4:7>ResolveAssemblyReferences:
         Primary reference "System.Net.WebProxy, Version=8.0.0.0, Culture=neutral, PublicKeyToken=cc7b13ffcd2ddd51".
   8:8>ResolveAssemblyReferences:
             This reference is not "CopyLocal" because at least one source item had "Private" set to "false" and no source items had "Private" set to "true".
   7:7>ResolveAssemblyReferences:
             This reference is not "CopyLocal" because at least one source item had "Private" set to "false" and no source items had "Private" set to "true".
   5:7>ResolveAssemblyReferences:
             /usr/share/dotnet/packs/Microsoft.NETCore.App.Ref/8.0.21/ref/net8.0/System.Data.Common.dll
   4:7>ResolveAssemblyReferences:
             Resolved file path is "/usr/share/dotnet/packs/Microsoft.NETCore.App.Ref/8.0.21/ref/net8.0/System.Net.WebProxy.dll".
   5:7>ResolveAssemblyReferences:
                 Private = 'false'
   8:8>ResolveAssemblyReferences:
             The ImageRuntimeVersion for this reference is "".
   4:7>ResolveAssemblyReferences:
             Reference found at search path location "{RawFileName}".
   5:7>ResolveAssemblyReferences:
             /usr/share/dotnet/packs/Microsoft.NETCore.App.Ref/8.0.21/ref/net8.0/System.Data.DataSetExtensions.dll
   4:7>ResolveAssemblyReferences:
             This reference is not "CopyLocal" because at least one source item had "Private" set to "false" and no source items had "Private" set to "true".
   7:7>ResolveAssemblyReferences:
             The ImageRuntimeVersion for this reference is "".
   4:7>ResolveAssemblyReferences:
             The ImageRuntimeVersion for this reference is "".
   5:7>ResolveAssemblyReferences:
                 Private = 'false'
   8:8>ResolveAssemblyReferences:
         Primary reference "System.Numerics.Vectors, Version=8.0.0.0, Culture=neutral, PublicKeyToken=b03f5f7f11d50a3a".
   5:7>ResolveAssemblyReferences:
             /usr/share/dotnet/packs/Microsoft.NETCore.App.Ref/8.0.21/ref/net8.0/System.Data.dll
   4:7>ResolveAssemblyReferences:
         Primary reference "System.Net.WebSockets.Client, Version=8.0.0.0, Culture=neutral, PublicKeyToken=b03f5f7f11d50a3a".
   7:7>ResolveAssemblyReferences:
         Primary reference "System.Net.WebClient, Version=8.0.0.0, Culture=neutral, PublicKeyToken=cc7b13ffcd2ddd51".
   5:7>ResolveAssemblyReferences:
                 Private = 'false'
   4:7>ResolveAssemblyReferences:
             Resolved file path is "/usr/share/dotnet/packs/Microsoft.NETCore.App.Ref/8.0.21/ref/net8.0/System.Net.WebSockets.Client.dll".
   5:7>ResolveAssemblyReferences:
             /usr/share/dotnet/packs/Microsoft.NETCore.App.Ref/8.0.21/ref/net8.0/System.Diagnostics.Contracts.dll
   4:7>ResolveAssemblyReferences:
             Reference found at search path location "{RawFileName}".
   8:8>ResolveAssemblyReferences:
             Resolved file path is "/usr/share/dotnet/packs/Microsoft.NETCore.App.Ref/8.0.21/ref/net8.0/System.Numerics.Vectors.dll".
   4:7>ResolveAssemblyReferences:
             This reference is not "CopyLocal" because at least one source item had "Private" set to "false" and no source items had "Private" set to "true".
   5:7>ResolveAssemblyReferences:
                 Private = 'false'
   7:7>ResolveAssemblyReferences:
             Resolved file path is "/usr/share/dotnet/packs/Microsoft.NETCore.App.Ref/8.0.21/ref/net8.0/System.Net.WebClient.dll".
   4:7>ResolveAssemblyReferences:
             The ImageRuntimeVersion for this reference is "".
   5:7>ResolveAssemblyReferences:
             /usr/share/dotnet/packs/Microsoft.NETCore.App.Ref/8.0.21/ref/net8.0/System.Diagnostics.Debug.dll
   8:8>ResolveAssemblyReferences:
             Reference found at search path location "{RawFileName}".
   4:7>ResolveAssemblyReferences:
         Primary reference "System.Net.WebSockets, Version=8.0.0.0, Culture=neutral, PublicKeyToken=b03f5f7f11d50a3a".
   5:7>ResolveAssemblyReferences:
                 Private = 'false'
   7:7>ResolveAssemblyReferences:
             Reference found at search path location "{RawFileName}".
   4:7>ResolveAssemblyReferences:
             Resolved file path is "/usr/share/dotnet/packs/Microsoft.NETCore.App.Ref/8.0.21/ref/net8.0/System.Net.WebSockets.dll".
   5:7>ResolveAssemblyReferences:
             /usr/share/dotnet/packs/Microsoft.NETCore.App.Ref/8.0.21/ref/net8.0/System.Diagnostics.DiagnosticSource.dll
   4:7>ResolveAssemblyReferences:
             Reference found at search path location "{RawFileName}".
   5:7>ResolveAssemblyReferences:
                 Private = 'false'
   8:8>ResolveAssemblyReferences:
             This reference is not "CopyLocal" because at least one source item had "Private" set to "false" and no source items had "Private" set to "true".
   4:7>ResolveAssemblyReferences:
             This reference is not "CopyLocal" because at least one source item had "Private" set to "false" and no source items had "Private" set to "true".
   7:7>ResolveAssemblyReferences:
             This reference is not "CopyLocal" because at least one source item had "Private" set to "false" and no source items had "Private" set to "true".
   5:7>ResolveAssemblyReferences:
             /usr/share/dotnet/packs/Microsoft.NETCore.App.Ref/8.0.21/ref/net8.0/System.Diagnostics.FileVersionInfo.dll
   4:7>ResolveAssemblyReferences:
             The ImageRuntimeVersion for this reference is "".
   5:7>ResolveAssemblyReferences:
                 Private = 'false'
   4:7>ResolveAssemblyReferences:
         Primary reference "System.Net, Version=4.0.0.0, Culture=neutral, PublicKeyToken=b03f5f7f11d50a3a".
   8:8>ResolveAssemblyReferences:
             The ImageRuntimeVersion for this reference is "".
   5:7>ResolveAssemblyReferences:
             /usr/share/dotnet/packs/Microsoft.NETCore.App.Ref/8.0.21/ref/net8.0/System.Diagnostics.Process.dll
   4:7>ResolveAssemblyReferences:
             Resolved file path is "/usr/share/dotnet/packs/Microsoft.NETCore.App.Ref/8.0.21/ref/net8.0/System.Net.dll".
   7:7>ResolveAssemblyReferences:
             The ImageRuntimeVersion for this reference is "".
   4:7>ResolveAssemblyReferences:
             Reference found at search path location "{RawFileName}".
   5:7>ResolveAssemblyReferences:
                 Private = 'false'
   4:7>ResolveAssemblyReferences:
             This reference is not "CopyLocal" because at least one source item had "Private" set to "false" and no source items had "Private" set to "true".
   5:7>ResolveAssemblyReferences:
             /usr/share/dotnet/packs/Microsoft.NETCore.App.Ref/8.0.21/ref/net8.0/System.Diagnostics.StackTrace.dll
   8:8>ResolveAssemblyReferences:
         Primary reference "System.Numerics, Version=4.0.0.0, Culture=neutral, PublicKeyToken=b77a5c561934e089".
   4:7>ResolveAssemblyReferences:
             The ImageRuntimeVersion for this reference is "".
   7:7>ResolveAssemblyReferences:
         Primary reference "System.Net.WebHeaderCollection, Version=8.0.0.0, Culture=neutral, PublicKeyToken=b03f5f7f11d50a3a".
   5:7>ResolveAssemblyReferences:
                 Private = 'false'
   4:7>ResolveAssemblyReferences:
         Primary reference "System.Numerics.Vectors, Version=8.0.0.0, Culture=neutral, PublicKeyToken=b03f5f7f11d50a3a".
   5:7>ResolveAssemblyReferences:
             /usr/share/dotnet/packs/Microsoft.NETCore.App.Ref/8.0.21/ref/net8.0/System.Diagnostics.TextWriterTraceListener.dll
   4:7>ResolveAssemblyReferences:
             Resolved file path is "/usr/share/dotnet/packs/Microsoft.NETCore.App.Ref/8.0.21/ref/net8.0/System.Numerics.Vectors.dll".
   8:8>ResolveAssemblyReferences:
             Resolved file path is "/usr/share/dotnet/packs/Microsoft.NETCore.App.Ref/8.0.21/ref/net8.0/System.Numerics.dll".
   5:7>ResolveAssemblyReferences:
                 Private = 'false'
   7:7>ResolveAssemblyReferences:
             Resolved file path is "/usr/share/dotnet/packs/Microsoft.NETCore.App.Ref/8.0.21/ref/net8.0/System.Net.WebHeaderCollection.dll".
   4:7>ResolveAssemblyReferences:
             Reference found at search path location "{RawFileName}".
   5:7>ResolveAssemblyReferences:
             /usr/share/dotnet/packs/Microsoft.NETCore.App.Ref/8.0.21/ref/net8.0/System.Diagnostics.Tools.dll
   4:7>ResolveAssemblyReferences:
             This reference is not "CopyLocal" because at least one source item had "Private" set to "false" and no source items had "Private" set to "true".
   5:7>ResolveAssemblyReferences:
                 Private = 'false'
   4:7>ResolveAssemblyReferences:
             The ImageRuntimeVersion for this reference is "".
   8:8>ResolveAssemblyReferences:
             Reference found at search path location "{RawFileName}".
   7:7>ResolveAssemblyReferences:
             Reference found at search path location "{RawFileName}".
   5:7>ResolveAssemblyReferences:
             /usr/share/dotnet/packs/Microsoft.NETCore.App.Ref/8.0.21/ref/net8.0/System.Diagnostics.TraceSource.dll
   4:7>ResolveAssemblyReferences:
         Primary reference "System.Numerics, Version=4.0.0.0, Culture=neutral, PublicKeyToken=b77a5c561934e089".
   5:7>ResolveAssemblyReferences:
                 Private = 'false'
   4:7>ResolveAssemblyReferences:
             Resolved file path is "/usr/share/dotnet/packs/Microsoft.NETCore.App.Ref/8.0.21/ref/net8.0/System.Numerics.dll".
   8:8>ResolveAssemblyReferences:
             This reference is not "CopyLocal" because at least one source item had "Private" set to "false" and no source items had "Private" set to "true".
   7:7>ResolveAssemblyReferences:
             This reference is not "CopyLocal" because at least one source item had "Private" set to "false" and no source items had "Private" set to "true".
   4:7>ResolveAssemblyReferences:
             Reference found at search path location "{RawFileName}".
   5:7>ResolveAssemblyReferences:
             /usr/share/dotnet/packs/Microsoft.NETCore.App.Ref/8.0.21/ref/net8.0/System.Diagnostics.Tracing.dll
   4:7>ResolveAssemblyReferences:
             This reference is not "CopyLocal" because at least one source item had "Private" set to "false" and no source items had "Private" set to "true".
   5:7>ResolveAssemblyReferences:
                 Private = 'false'
   4:7>ResolveAssemblyReferences:
             The ImageRuntimeVersion for this reference is "".
   8:8>ResolveAssemblyReferences:
             The ImageRuntimeVersion for this reference is "".
   7:7>ResolveAssemblyReferences:
             The ImageRuntimeVersion for this reference is "".
   5:7>ResolveAssemblyReferences:
             /usr/share/dotnet/packs/Microsoft.NETCore.App.Ref/8.0.21/ref/net8.0/System.Drawing.Primitives.dll
   4:7>ResolveAssemblyReferences:
         Primary reference "System.ObjectModel, Version=8.0.0.0, Culture=neutral, PublicKeyToken=b03f5f7f11d50a3a".
   5:7>ResolveAssemblyReferences:
                 Private = 'false'
   4:7>ResolveAssemblyReferences:
             Resolved file path is "/usr/share/dotnet/packs/Microsoft.NETCore.App.Ref/8.0.21/ref/net8.0/System.ObjectModel.dll".
   5:7>ResolveAssemblyReferences:
             /usr/share/dotnet/packs/Microsoft.NETCore.App.Ref/8.0.21/ref/net8.0/System.Drawing.dll
   8:8>ResolveAssemblyReferences:
         Primary reference "System.ObjectModel, Version=8.0.0.0, Culture=neutral, PublicKeyToken=b03f5f7f11d50a3a".
   7:7>ResolveAssemblyReferences:
         Primary reference "System.Net.WebProxy, Version=8.0.0.0, Culture=neutral, PublicKeyToken=cc7b13ffcd2ddd51".
   4:7>ResolveAssemblyReferences:
             Reference found at search path location "{RawFileName}".
   5:7>ResolveAssemblyReferences:
                 Private = 'false'
             /usr/share/dotnet/packs/Microsoft.NETCore.App.Ref/8.0.21/ref/net8.0/System.Dynamic.Runtime.dll
   8:8>ResolveAssemblyReferences:
             Resolved file path is "/usr/share/dotnet/packs/Microsoft.NETCore.App.Ref/8.0.21/ref/net8.0/System.ObjectModel.dll".
   5:7>ResolveAssemblyReferences:
                 Private = 'false'
   7:7>ResolveAssemblyReferences:
             Resolved file path is "/usr/share/dotnet/packs/Microsoft.NETCore.App.Ref/8.0.21/ref/net8.0/System.Net.WebProxy.dll".
   5:7>ResolveAssemblyReferences:
             /usr/share/dotnet/packs/Microsoft.NETCore.App.Ref/8.0.21/ref/net8.0/System.Formats.Asn1.dll
   8:8>ResolveAssemblyReferences:
             Reference found at search path location "{RawFileName}".
   5:7>ResolveAssemblyReferences:
                 Private = 'false'
   4:7>ResolveAssemblyReferences:
             This reference is not "CopyLocal" because at least one source item had "Private" set to "false" and no source items had "Private" set to "true".
   7:7>ResolveAssemblyReferences:
             Reference found at search path location "{RawFileName}".
   4:7>ResolveAssemblyReferences:
             The ImageRuntimeVersion for this reference is "".
   5:7>ResolveAssemblyReferences:
             /usr/share/dotnet/packs/Microsoft.NETCore.App.Ref/8.0.21/ref/net8.0/System.Formats.Tar.dll
   4:7>ResolveAssemblyReferences:
         Primary reference "System.Reflection.DispatchProxy, Version=8.0.0.0, Culture=neutral, PublicKeyToken=b03f5f7f11d50a3a".
   5:7>ResolveAssemblyReferences:
                 Private = 'false'
   8:8>ResolveAssemblyReferences:
             This reference is not "CopyLocal" because at least one source item had "Private" set to "false" and no source items had "Private" set to "true".
   4:7>ResolveAssemblyReferences:
             Resolved file path is "/usr/share/dotnet/packs/Microsoft.NETCore.App.Ref/8.0.21/ref/net8.0/System.Reflection.DispatchProxy.dll".
   5:7>ResolveAssemblyReferences:
             /usr/share/dotnet/packs/Microsoft.NETCore.App.Ref/8.0.21/ref/net8.0/System.Globalization.Calendars.dll
   7:7>ResolveAssemblyReferences:
             This reference is not "CopyLocal" because at least one source item had "Private" set to "false" and no source items had "Private" set to "true".
   4:7>ResolveAssemblyReferences:
             Reference found at search path location "{RawFileName}".
             This reference is not "CopyLocal" because at least one source item had "Private" set to "false" and no source items had "Private" set to "true".
   5:7>ResolveAssemblyReferences:
                 Private = 'false'
   8:8>ResolveAssemblyReferences:
             The ImageRuntimeVersion for this reference is "".
   4:7>ResolveAssemblyReferences:
             The ImageRuntimeVersion for this reference is "".
   5:7>ResolveAssemblyReferences:
             /usr/share/dotnet/packs/Microsoft.NETCore.App.Ref/8.0.21/ref/net8.0/System.Globalization.Extensions.dll
   7:7>ResolveAssemblyReferences:
             The ImageRuntimeVersion for this reference is "".
   4:7>ResolveAssemblyReferences:
         Primary reference "System.Reflection.Emit.ILGeneration, Version=8.0.0.0, Culture=neutral, PublicKeyToken=b03f5f7f11d50a3a".
   5:7>ResolveAssemblyReferences:
                 Private = 'false'
   4:7>ResolveAssemblyReferences:
             Resolved file path is "/usr/share/dotnet/packs/Microsoft.NETCore.App.Ref/8.0.21/ref/net8.0/System.Reflection.Emit.ILGeneration.dll".
   5:7>ResolveAssemblyReferences:
             /usr/share/dotnet/packs/Microsoft.NETCore.App.Ref/8.0.21/ref/net8.0/System.Globalization.dll
   8:8>ResolveAssemblyReferences:
         Primary reference "System.Reflection.DispatchProxy, Version=8.0.0.0, Culture=neutral, PublicKeyToken=b03f5f7f11d50a3a".
   4:7>ResolveAssemblyReferences:
             Reference found at search path location "{RawFileName}".
   5:7>ResolveAssemblyReferences:
                 Private = 'false'
   4:7>ResolveAssemblyReferences:
             This reference is not "CopyLocal" because at least one source item had "Private" set to "false" and no source items had "Private" set to "true".
   7:7>ResolveAssemblyReferences:
         Primary reference "System.Net.WebSockets.Client, Version=8.0.0.0, Culture=neutral, PublicKeyToken=b03f5f7f11d50a3a".
   4:7>ResolveAssemblyReferences:
             The ImageRuntimeVersion for this reference is "".
   5:7>ResolveAssemblyReferences:
             /usr/share/dotnet/packs/Microsoft.NETCore.App.Ref/8.0.21/ref/net8.0/System.IO.Compression.Brotli.dll
   4:7>ResolveAssemblyReferences:
         Primary reference "System.Reflection.Emit.Lightweight, Version=8.0.0.0, Culture=neutral, PublicKeyToken=b03f5f7f11d50a3a".
   8:8>ResolveAssemblyReferences:
             Resolved file path is "/usr/share/dotnet/packs/Microsoft.NETCore.App.Ref/8.0.21/ref/net8.0/System.Reflection.DispatchProxy.dll".
   5:7>ResolveAssemblyReferences:
                 Private = 'false'
   4:7>ResolveAssemblyReferences:
             Resolved file path is "/usr/share/dotnet/packs/Microsoft.NETCore.App.Ref/8.0.21/ref/net8.0/System.Reflection.Emit.Lightweight.dll".
   7:7>ResolveAssemblyReferences:
             Resolved file path is "/usr/share/dotnet/packs/Microsoft.NETCore.App.Ref/8.0.21/ref/net8.0/System.Net.WebSockets.Client.dll".
   4:7>ResolveAssemblyReferences:
             Reference found at search path location "{RawFileName}".
   5:7>ResolveAssemblyReferences:
             /usr/share/dotnet/packs/Microsoft.NETCore.App.Ref/8.0.21/ref/net8.0/System.IO.Compression.FileSystem.dll
   4:7>ResolveAssemblyReferences:
             This reference is not "CopyLocal" because at least one source item had "Private" set to "false" and no source items had "Private" set to "true".
             The ImageRuntimeVersion for this reference is "".
   5:7>ResolveAssemblyReferences:
                 Private = 'false'
   8:8>ResolveAssemblyReferences:
             Reference found at search path location "{RawFileName}".
   4:7>ResolveAssemblyReferences:
         Primary reference "System.Reflection.Emit, Version=8.0.0.0, Culture=neutral, PublicKeyToken=b03f5f7f11d50a3a".
   5:7>ResolveAssemblyReferences:
             /usr/share/dotnet/packs/Microsoft.NETCore.App.Ref/8.0.21/ref/net8.0/System.IO.Compression.ZipFile.dll
   7:7>ResolveAssemblyReferences:
             Reference found at search path location "{RawFileName}".
   4:7>ResolveAssemblyReferences:
             Resolved file path is "/usr/share/dotnet/packs/Microsoft.NETCore.App.Ref/8.0.21/ref/net8.0/System.Reflection.Emit.dll".
   5:7>ResolveAssemblyReferences:
                 Private = 'false'
   4:7>ResolveAssemblyReferences:
             Reference found at search path location "{RawFileName}".
             This reference is not "CopyLocal" because at least one source item had "Private" set to "false" and no source items had "Private" set to "true".
   8:8>ResolveAssemblyReferences:
             This reference is not "CopyLocal" because at least one source item had "Private" set to "false" and no source items had "Private" set to "true".
   5:7>ResolveAssemblyReferences:
             /usr/share/dotnet/packs/Microsoft.NETCore.App.Ref/8.0.21/ref/net8.0/System.IO.Compression.dll
   4:7>ResolveAssemblyReferences:
             The ImageRuntimeVersion for this reference is "".
   7:7>ResolveAssemblyReferences:
             This reference is not "CopyLocal" because at least one source item had "Private" set to "false" and no source items had "Private" set to "true".
   4:7>ResolveAssemblyReferences:
         Primary reference "System.Reflection.Extensions, Version=8.0.0.0, Culture=neutral, PublicKeyToken=b03f5f7f11d50a3a".
   5:7>ResolveAssemblyReferences:
                 Private = 'false'
   4:7>ResolveAssemblyReferences:
             Resolved file path is "/usr/share/dotnet/packs/Microsoft.NETCore.App.Ref/8.0.21/ref/net8.0/System.Reflection.Extensions.dll".
   5:7>ResolveAssemblyReferences:
             /usr/share/dotnet/packs/Microsoft.NETCore.App.Ref/8.0.21/ref/net8.0/System.IO.FileSystem.AccessControl.dll
   8:8>ResolveAssemblyReferences:
             The ImageRuntimeVersion for this reference is "".
   4:7>ResolveAssemblyReferences:
             Reference found at search path location "{RawFileName}".
   7:7>ResolveAssemblyReferences:
             The ImageRuntimeVersion for this reference is "".
   5:7>ResolveAssemblyReferences:
                 Private = 'false'
   4:7>ResolveAssemblyReferences:
             This reference is not "CopyLocal" because at least one source item had "Private" set to "false" and no source items had "Private" set to "true".
             The ImageRuntimeVersion for this reference is "".
   5:7>ResolveAssemblyReferences:
             /usr/share/dotnet/packs/Microsoft.NETCore.App.Ref/8.0.21/ref/net8.0/System.IO.FileSystem.DriveInfo.dll
   4:7>ResolveAssemblyReferences:
         Primary reference "System.Reflection.Metadata, Version=8.0.0.0, Culture=neutral, PublicKeyToken=b03f5f7f11d50a3a".
   8:8>ResolveAssemblyReferences:
         Primary reference "System.Reflection.Emit.ILGeneration, Version=8.0.0.0, Culture=neutral, PublicKeyToken=b03f5f7f11d50a3a".
   5:7>ResolveAssemblyReferences:
                 Private = 'false'
   4:7>ResolveAssemblyReferences:
             Resolved file path is "/usr/share/dotnet/packs/Microsoft.NETCore.App.Ref/8.0.21/ref/net8.0/System.Reflection.Metadata.dll".
   7:7>ResolveAssemblyReferences:
         Primary reference "System.Net.WebSockets, Version=8.0.0.0, Culture=neutral, PublicKeyToken=b03f5f7f11d50a3a".
   5:7>ResolveAssemblyReferences:
             /usr/share/dotnet/packs/Microsoft.NETCore.App.Ref/8.0.21/ref/net8.0/System.IO.FileSystem.Primitives.dll
   8:8>ResolveAssemblyReferences:
             Resolved file path is "/usr/share/dotnet/packs/Microsoft.NETCore.App.Ref/8.0.21/ref/net8.0/System.Reflection.Emit.ILGeneration.dll".
   4:7>ResolveAssemblyReferences:
             Reference found at search path location "{RawFileName}".
   5:7>ResolveAssemblyReferences:
                 Private = 'false'
   4:7>ResolveAssemblyReferences:
             This reference is not "CopyLocal" because at least one source item had "Private" set to "false" and no source items had "Private" set to "true".
   7:7>ResolveAssemblyReferences:
             Resolved file path is "/usr/share/dotnet/packs/Microsoft.NETCore.App.Ref/8.0.21/ref/net8.0/System.Net.WebSockets.dll".
             Reference found at search path location "{RawFileName}".
   4:7>ResolveAssemblyReferences:
             The ImageRuntimeVersion for this reference is "".
   5:7>ResolveAssemblyReferences:
             /usr/share/dotnet/packs/Microsoft.NETCore.App.Ref/8.0.21/ref/net8.0/System.IO.FileSystem.Watcher.dll
   7:7>ResolveAssemblyReferences:
             This reference is not "CopyLocal" because at least one source item had "Private" set to "false" and no source items had "Private" set to "true".
   8:8>ResolveAssemblyReferences:
             Reference found at search path location "{RawFileName}".
   4:7>ResolveAssemblyReferences:
         Primary reference "System.Reflection.Primitives, Version=8.0.0.0, Culture=neutral, PublicKeyToken=b03f5f7f11d50a3a".
   7:7>ResolveAssemblyReferences:
             The ImageRuntimeVersion for this reference is "".
   5:7>ResolveAssemblyReferences:
                 Private = 'false'
   4:7>ResolveAssemblyReferences:
             Resolved file path is "/usr/share/dotnet/packs/Microsoft.NETCore.App.Ref/8.0.21/ref/net8.0/System.Reflection.Primitives.dll".
   7:7>ResolveAssemblyReferences:
         Primary reference "System.Net, Version=4.0.0.0, Culture=neutral, PublicKeyToken=b03f5f7f11d50a3a".
   4:7>ResolveAssemblyReferences:
             Reference found at search path location "{RawFileName}".
   5:7>ResolveAssemblyReferences:
             /usr/share/dotnet/packs/Microsoft.NETCore.App.Ref/8.0.21/ref/net8.0/System.IO.FileSystem.dll
   7:7>ResolveAssemblyReferences:
             Resolved file path is "/usr/share/dotnet/packs/Microsoft.NETCore.App.Ref/8.0.21/ref/net8.0/System.Net.dll".
   4:7>ResolveAssemblyReferences:
             This reference is not "CopyLocal" because at least one source item had "Private" set to "false" and no source items had "Private" set to "true".
   8:8>ResolveAssemblyReferences:
             This reference is not "CopyLocal" because at least one source item had "Private" set to "false" and no source items had "Private" set to "true".
   5:7>ResolveAssemblyReferences:
                 Private = 'false'
   7:7>ResolveAssemblyReferences:
             Reference found at search path location "{RawFileName}".
   4:7>ResolveAssemblyReferences:
             The ImageRuntimeVersion for this reference is "".
   7:7>ResolveAssemblyReferences:
             This reference is not "CopyLocal" because at least one source item had "Private" set to "false" and no source items had "Private" set to "true".
   5:7>ResolveAssemblyReferences:
             /usr/share/dotnet/packs/Microsoft.NETCore.App.Ref/8.0.21/ref/net8.0/System.IO.IsolatedStorage.dll
   4:7>ResolveAssemblyReferences:
         Primary reference "System.Reflection.TypeExtensions, Version=8.0.0.0, Culture=neutral, PublicKeyToken=b03f5f7f11d50a3a".
   7:7>ResolveAssemblyReferences:
             The ImageRuntimeVersion for this reference is "".
   5:7>ResolveAssemblyReferences:
                 Private = 'false'
   4:7>ResolveAssemblyReferences:
             Resolved file path is "/usr/share/dotnet/packs/Microsoft.NETCore.App.Ref/8.0.21/ref/net8.0/System.Reflection.TypeExtensions.dll".
   8:8>ResolveAssemblyReferences:
             The ImageRuntimeVersion for this reference is "".
   7:7>ResolveAssemblyReferences:
         Primary reference "System.Numerics.Vectors, Version=8.0.0.0, Culture=neutral, PublicKeyToken=b03f5f7f11d50a3a".
   4:7>ResolveAssemblyReferences:
             Reference found at search path location "{RawFileName}".
   5:7>ResolveAssemblyReferences:
             /usr/share/dotnet/packs/Microsoft.NETCore.App.Ref/8.0.21/ref/net8.0/System.IO.MemoryMappedFiles.dll
   4:7>ResolveAssemblyReferences:
             This reference is not "CopyLocal" because at least one source item had "Private" set to "false" and no source items had "Private" set to "true".
   7:7>ResolveAssemblyReferences:
             Resolved file path is "/usr/share/dotnet/packs/Microsoft.NETCore.App.Ref/8.0.21/ref/net8.0/System.Numerics.Vectors.dll".
   4:7>ResolveAssemblyReferences:
             The ImageRuntimeVersion for this reference is "".
   5:7>ResolveAssemblyReferences:
                 Private = 'false'
   7:7>ResolveAssemblyReferences:
             Reference found at search path location "{RawFileName}".
   8:8>ResolveAssemblyReferences:
         Primary reference "System.Reflection.Emit.Lightweight, Version=8.0.0.0, Culture=neutral, PublicKeyToken=b03f5f7f11d50a3a".
   4:7>ResolveAssemblyReferences:
         Primary reference "System.Reflection, Version=8.0.0.0, Culture=neutral, PublicKeyToken=b03f5f7f11d50a3a".
   5:7>ResolveAssemblyReferences:
             /usr/share/dotnet/packs/Microsoft.NETCore.App.Ref/8.0.21/ref/net8.0/System.IO.Pipes.AccessControl.dll
   7:7>ResolveAssemblyReferences:
             This reference is not "CopyLocal" because at least one source item had "Private" set to "false" and no source items had "Private" set to "true".
   4:7>ResolveAssemblyReferences:
             Resolved file path is "/usr/share/dotnet/packs/Microsoft.NETCore.App.Ref/8.0.21/ref/net8.0/System.Reflection.dll".
   7:7>ResolveAssemblyReferences:
             The ImageRuntimeVersion for this reference is "".
   4:7>ResolveAssemblyReferences:
             Reference found at search path location "{RawFileName}".
   5:7>ResolveAssemblyReferences:
                 Private = 'false'
   7:7>ResolveAssemblyReferences:
         Primary reference "System.Numerics, Version=4.0.0.0, Culture=neutral, PublicKeyToken=b77a5c561934e089".
   4:7>ResolveAssemblyReferences:
             This reference is not "CopyLocal" because at least one source item had "Private" set to "false" and no source items had "Private" set to "true".
   8:8>ResolveAssemblyReferences:
             Resolved file path is "/usr/share/dotnet/packs/Microsoft.NETCore.App.Ref/8.0.21/ref/net8.0/System.Reflection.Emit.Lightweight.dll".
   7:7>ResolveAssemblyReferences:
             Resolved file path is "/usr/share/dotnet/packs/Microsoft.NETCore.App.Ref/8.0.21/ref/net8.0/System.Numerics.dll".
   4:7>ResolveAssemblyReferences:
             The ImageRuntimeVersion for this reference is "".
   5:7>ResolveAssemblyReferences:
             /usr/share/dotnet/packs/Microsoft.NETCore.App.Ref/8.0.21/ref/net8.0/System.IO.Pipes.dll
   7:7>ResolveAssemblyReferences:
             Reference found at search path location "{RawFileName}".
   4:7>ResolveAssemblyReferences:
         Primary reference "System.Resources.Reader, Version=8.0.0.0, Culture=neutral, PublicKeyToken=b03f5f7f11d50a3a".
   7:7>ResolveAssemblyReferences:
             This reference is not "CopyLocal" because at least one source item had "Private" set to "false" and no source items had "Private" set to "true".
   5:7>ResolveAssemblyReferences:
                 Private = 'false'
   4:7>ResolveAssemblyReferences:
             Resolved file path is "/usr/share/dotnet/packs/Microsoft.NETCore.App.Ref/8.0.21/ref/net8.0/System.Resources.Reader.dll".
   7:7>ResolveAssemblyReferences:
             The ImageRuntimeVersion for this reference is "".
   5:7>ResolveAssemblyReferences:
             /usr/share/dotnet/packs/Microsoft.NETCore.App.Ref/8.0.21/ref/net8.0/System.IO.UnmanagedMemoryStream.dll
   4:7>ResolveAssemblyReferences:
             Reference found at search path location "{RawFileName}".
   8:8>ResolveAssemblyReferences:
             Reference found at search path location "{RawFileName}".
   7:7>ResolveAssemblyReferences:
         Primary reference "System.ObjectModel, Version=8.0.0.0, Culture=neutral, PublicKeyToken=b03f5f7f11d50a3a".
   4:7>ResolveAssemblyReferences:
             This reference is not "CopyLocal" because at least one source item had "Private" set to "false" and no source items had "Private" set to "true".
   5:7>ResolveAssemblyReferences:
                 Private = 'false'
   4:7>ResolveAssemblyReferences:
             The ImageRuntimeVersion for this reference is "".
   7:7>ResolveAssemblyReferences:
             Resolved file path is "/usr/share/dotnet/packs/Microsoft.NETCore.App.Ref/8.0.21/ref/net8.0/System.ObjectModel.dll".
   5:7>ResolveAssemblyReferences:
             /usr/share/dotnet/packs/Microsoft.NETCore.App.Ref/8.0.21/ref/net8.0/System.IO.dll
   4:7>ResolveAssemblyReferences:
         Primary reference "System.Resources.ResourceManager, Version=8.0.0.0, Culture=neutral, PublicKeyToken=b03f5f7f11d50a3a".
   7:7>ResolveAssemblyReferences:
             Reference found at search path location "{RawFileName}".
   4:7>ResolveAssemblyReferences:
             Resolved file path is "/usr/share/dotnet/packs/Microsoft.NETCore.App.Ref/8.0.21/ref/net8.0/System.Resources.ResourceManager.dll".
   8:8>ResolveAssemblyReferences:
             This reference is not "CopyLocal" because at least one source item had "Private" set to "false" and no source items had "Private" set to "true".
   5:7>ResolveAssemblyReferences:
                 Private = 'false'
   4:7>ResolveAssemblyReferences:
             Reference found at search path location "{RawFileName}".
   7:7>ResolveAssemblyReferences:
             This reference is not "CopyLocal" because at least one source item had "Private" set to "false" and no source items had "Private" set to "true".
   4:7>ResolveAssemblyReferences:
             This reference is not "CopyLocal" because at least one source item had "Private" set to "false" and no source items had "Private" set to "true".
   5:7>ResolveAssemblyReferences:
             /usr/share/dotnet/packs/Microsoft.NETCore.App.Ref/8.0.21/ref/net8.0/System.Linq.Expressions.dll
   7:7>ResolveAssemblyReferences:
             The ImageRuntimeVersion for this reference is "".
   4:7>ResolveAssemblyReferences:
             The ImageRuntimeVersion for this reference is "".
   7:7>ResolveAssemblyReferences:
         Primary reference "System.Reflection.DispatchProxy, Version=8.0.0.0, Culture=neutral, PublicKeyToken=b03f5f7f11d50a3a".
   4:7>ResolveAssemblyReferences:
         Primary reference "System.Resources.Writer, Version=8.0.0.0, Culture=neutral, PublicKeyToken=b03f5f7f11d50a3a".
   5:7>ResolveAssemblyReferences:
                 Private = 'false'
   8:8>ResolveAssemblyReferences:
             The ImageRuntimeVersion for this reference is "".
   4:7>ResolveAssemblyReferences:
             Resolved file path is "/usr/share/dotnet/packs/Microsoft.NETCore.App.Ref/8.0.21/ref/net8.0/System.Resources.Writer.dll".
   7:7>ResolveAssemblyReferences:
             Resolved file path is "/usr/share/dotnet/packs/Microsoft.NETCore.App.Ref/8.0.21/ref/net8.0/System.Reflection.DispatchProxy.dll".
   5:7>ResolveAssemblyReferences:
             /usr/share/dotnet/packs/Microsoft.NETCore.App.Ref/8.0.21/ref/net8.0/System.Linq.Parallel.dll
   4:7>ResolveAssemblyReferences:
             Reference found at search path location "{RawFileName}".
   7:7>ResolveAssemblyReferences:
             Reference found at search path location "{RawFileName}".
   4:7>ResolveAssemblyReferences:
             This reference is not "CopyLocal" because at least one source item had "Private" set to "false" and no source items had "Private" set to "true".
   5:7>ResolveAssemblyReferences:
                 Private = 'false'
   7:7>ResolveAssemblyReferences:
             This reference is not "CopyLocal" because at least one source item had "Private" set to "false" and no source items had "Private" set to "true".
   4:7>ResolveAssemblyReferences:
             The ImageRuntimeVersion for this reference is "".
   8:8>ResolveAssemblyReferences:
         Primary reference "System.Reflection.Emit, Version=8.0.0.0, Culture=neutral, PublicKeyToken=b03f5f7f11d50a3a".
   5:7>ResolveAssemblyReferences:
             /usr/share/dotnet/packs/Microsoft.NETCore.App.Ref/8.0.21/ref/net8.0/System.Linq.Queryable.dll
   4:7>ResolveAssemblyReferences:
         Primary reference "System.Runtime.CompilerServices.Unsafe, Version=8.0.0.0, Culture=neutral, PublicKeyToken=b03f5f7f11d50a3a".
   7:7>ResolveAssemblyReferences:
             The ImageRuntimeVersion for this reference is "".
   4:7>ResolveAssemblyReferences:
             Resolved file path is "/usr/share/dotnet/packs/Microsoft.NETCore.App.Ref/8.0.21/ref/net8.0/System.Runtime.CompilerServices.Unsafe.dll".
   5:7>ResolveAssemblyReferences:
                 Private = 'false'
   7:7>ResolveAssemblyReferences:
         Primary reference "System.Reflection.Emit.ILGeneration, Version=8.0.0.0, Culture=neutral, PublicKeyToken=b03f5f7f11d50a3a".
   4:7>ResolveAssemblyReferences:
             Reference found at search path location "{RawFileName}".
             This reference is not "CopyLocal" because at least one source item had "Private" set to "false" and no source items had "Private" set to "true".
   8:8>ResolveAssemblyReferences:
             Resolved file path is "/usr/share/dotnet/packs/Microsoft.NETCore.App.Ref/8.0.21/ref/net8.0/System.Reflection.Emit.dll".
   5:7>ResolveAssemblyReferences:
             /usr/share/dotnet/packs/Microsoft.NETCore.App.Ref/8.0.21/ref/net8.0/System.Linq.dll
   7:7>ResolveAssemblyReferences:
             Resolved file path is "/usr/share/dotnet/packs/Microsoft.NETCore.App.Ref/8.0.21/ref/net8.0/System.Reflection.Emit.ILGeneration.dll".
   4:7>ResolveAssemblyReferences:
             The ImageRuntimeVersion for this reference is "".
   7:7>ResolveAssemblyReferences:
             Reference found at search path location "{RawFileName}".
   5:7>ResolveAssemblyReferences:
                 Private = 'false'
   4:7>ResolveAssemblyReferences:
         Primary reference "System.Runtime.CompilerServices.VisualC, Version=8.0.0.0, Culture=neutral, PublicKeyToken=b03f5f7f11d50a3a".
   7:7>ResolveAssemblyReferences:
             This reference is not "CopyLocal" because at least one source item had "Private" set to "false" and no source items had "Private" set to "true".
   4:7>ResolveAssemblyReferences:
             Resolved file path is "/usr/share/dotnet/packs/Microsoft.NETCore.App.Ref/8.0.21/ref/net8.0/System.Runtime.CompilerServices.VisualC.dll".
   5:7>ResolveAssemblyReferences:
             /usr/share/dotnet/packs/Microsoft.NETCore.App.Ref/8.0.21/ref/net8.0/System.Memory.dll
   7:7>ResolveAssemblyReferences:
             The ImageRuntimeVersion for this reference is "".
   8:8>ResolveAssemblyReferences:
             Reference found at search path location "{RawFileName}".
   4:7>ResolveAssemblyReferences:
             Reference found at search path location "{RawFileName}".
   7:7>ResolveAssemblyReferences:
         Primary reference "System.Reflection.Emit.Lightweight, Version=8.0.0.0, Culture=neutral, PublicKeyToken=b03f5f7f11d50a3a".
   5:7>ResolveAssemblyReferences:
                 Private = 'false'
   4:7>ResolveAssemblyReferences:
             This reference is not "CopyLocal" because at least one source item had "Private" set to "false" and no source items had "Private" set to "true".
   7:7>ResolveAssemblyReferences:
             Resolved file path is "/usr/share/dotnet/packs/Microsoft.NETCore.App.Ref/8.0.21/ref/net8.0/System.Reflection.Emit.Lightweight.dll".
   4:7>ResolveAssemblyReferences:
             The ImageRuntimeVersion for this reference is "".
   5:7>ResolveAssemblyReferences:
             /usr/share/dotnet/packs/Microsoft.NETCore.App.Ref/8.0.21/ref/net8.0/System.Net.Http.Json.dll
   7:7>ResolveAssemblyReferences:
             Reference found at search path location "{RawFileName}".
   4:7>ResolveAssemblyReferences:
         Primary reference "System.Runtime.Extensions, Version=8.0.0.0, Culture=neutral, PublicKeyToken=b03f5f7f11d50a3a".
   7:7>ResolveAssemblyReferences:
             This reference is not "CopyLocal" because at least one source item had "Private" set to "false" and no source items had "Private" set to "true".
   8:8>ResolveAssemblyReferences:
             This reference is not "CopyLocal" because at least one source item had "Private" set to "false" and no source items had "Private" set to "true".
   5:7>ResolveAssemblyReferences:
                 Private = 'false'
   4:7>ResolveAssemblyReferences:
             Resolved file path is "/usr/share/dotnet/packs/Microsoft.NETCore.App.Ref/8.0.21/ref/net8.0/System.Runtime.Extensions.dll".
   7:7>ResolveAssemblyReferences:
             The ImageRuntimeVersion for this reference is "".
   4:7>ResolveAssemblyReferences:
             Reference found at search path location "{RawFileName}".
   5:7>ResolveAssemblyReferences:
             /usr/share/dotnet/packs/Microsoft.NETCore.App.Ref/8.0.21/ref/net8.0/System.Net.Http.dll
   7:7>ResolveAssemblyReferences:
         Primary reference "System.Reflection.Emit, Version=8.0.0.0, Culture=neutral, PublicKeyToken=b03f5f7f11d50a3a".
   4:7>ResolveAssemblyReferences:
             This reference is not "CopyLocal" because at least one source item had "Private" set to "false" and no source items had "Private" set to "true".
   7:7>ResolveAssemblyReferences:
             Resolved file path is "/usr/share/dotnet/packs/Microsoft.NETCore.App.Ref/8.0.21/ref/net8.0/System.Reflection.Emit.dll".
   5:7>ResolveAssemblyReferences:
                 Private = 'false'
   4:7>ResolveAssemblyReferences:
             The ImageRuntimeVersion for this reference is "".
   8:8>ResolveAssemblyReferences:
             The ImageRuntimeVersion for this reference is "".
   7:7>ResolveAssemblyReferences:
             Reference found at search path location "{RawFileName}".
   5:7>ResolveAssemblyReferences:
             /usr/share/dotnet/packs/Microsoft.NETCore.App.Ref/8.0.21/ref/net8.0/System.Net.HttpListener.dll
   4:7>ResolveAssemblyReferences:
         Primary reference "System.Runtime.Handles, Version=8.0.0.0, Culture=neutral, PublicKeyToken=b03f5f7f11d50a3a".
             Resolved file path is "/usr/share/dotnet/packs/Microsoft.NETCore.App.Ref/8.0.21/ref/net8.0/System.Runtime.Handles.dll".
   5:7>ResolveAssemblyReferences:
                 Private = 'false'
   4:7>ResolveAssemblyReferences:
             Reference found at search path location "{RawFileName}".
   7:7>ResolveAssemblyReferences:
             This reference is not "CopyLocal" because at least one source item had "Private" set to "false" and no source items had "Private" set to "true".
   4:7>ResolveAssemblyReferences:
             This reference is not "CopyLocal" because at least one source item had "Private" set to "false" and no source items had "Private" set to "true".
   7:7>ResolveAssemblyReferences:
             The ImageRuntimeVersion for this reference is "".
   5:7>ResolveAssemblyReferences:
             /usr/share/dotnet/packs/Microsoft.NETCore.App.Ref/8.0.21/ref/net8.0/System.Net.Mail.dll
   4:7>ResolveAssemblyReferences:
             The ImageRuntimeVersion for this reference is "".
   7:7>ResolveAssemblyReferences:
         Primary reference "System.Reflection.Extensions, Version=8.0.0.0, Culture=neutral, PublicKeyToken=b03f5f7f11d50a3a".
   8:8>ResolveAssemblyReferences:
         Primary reference "System.Reflection.Extensions, Version=8.0.0.0, Culture=neutral, PublicKeyToken=b03f5f7f11d50a3a".
   5:7>ResolveAssemblyReferences:
                 Private = 'false'
   4:7>ResolveAssemblyReferences:
         Primary reference "System.Runtime.InteropServices.JavaScript, Version=8.0.0.0, Culture=neutral, PublicKeyToken=b03f5f7f11d50a3a".
   7:7>ResolveAssemblyReferences:
             Resolved file path is "/usr/share/dotnet/packs/Microsoft.NETCore.App.Ref/8.0.21/ref/net8.0/System.Reflection.Extensions.dll".
   5:7>ResolveAssemblyReferences:
             /usr/share/dotnet/packs/Microsoft.NETCore.App.Ref/8.0.21/ref/net8.0/System.Net.NameResolution.dll
   4:7>ResolveAssemblyReferences:
             Resolved file path is "/usr/share/dotnet/packs/Microsoft.NETCore.App.Ref/8.0.21/ref/net8.0/System.Runtime.InteropServices.JavaScript.dll".
   7:7>ResolveAssemblyReferences:
             Reference found at search path location "{RawFileName}".
   8:8>ResolveAssemblyReferences:
             Resolved file path is "/usr/share/dotnet/packs/Microsoft.NETCore.App.Ref/8.0.21/ref/net8.0/System.Reflection.Extensions.dll".
   7:7>ResolveAssemblyReferences:
             This reference is not "CopyLocal" because at least one source item had "Private" set to "false" and no source items had "Private" set to "true".
   4:7>ResolveAssemblyReferences:
             Reference found at search path location "{RawFileName}".
   5:7>ResolveAssemblyReferences:
                 Private = 'false'
   7:7>ResolveAssemblyReferences:
             The ImageRuntimeVersion for this reference is "".
   4:7>ResolveAssemblyReferences:
             This reference is not "CopyLocal" because at least one source item had "Private" set to "false" and no source items had "Private" set to "true".
   7:7>ResolveAssemblyReferences:
         Primary reference "System.Reflection.Metadata, Version=8.0.0.0, Culture=neutral, PublicKeyToken=b03f5f7f11d50a3a".
   5:7>ResolveAssemblyReferences:
             /usr/share/dotnet/packs/Microsoft.NETCore.App.Ref/8.0.21/ref/net8.0/System.Net.NetworkInformation.dll
   4:7>ResolveAssemblyReferences:
             The ImageRuntimeVersion for this reference is "".
   7:7>ResolveAssemblyReferences:
             Resolved file path is "/usr/share/dotnet/packs/Microsoft.NETCore.App.Ref/8.0.21/ref/net8.0/System.Reflection.Metadata.dll".
   8:8>ResolveAssemblyReferences:
             Reference found at search path location "{RawFileName}".
   5:7>ResolveAssemblyReferences:
                 Private = 'false'
   7:7>ResolveAssemblyReferences:
             Reference found at search path location "{RawFileName}".
   4:7>ResolveAssemblyReferences:
         Primary reference "System.Runtime.InteropServices.RuntimeInformation, Version=8.0.0.0, Culture=neutral, PublicKeyToken=b03f5f7f11d50a3a".
   7:7>ResolveAssemblyReferences:
             This reference is not "CopyLocal" because at least one source item had "Private" set to "false" and no source items had "Private" set to "true".
   4:7>ResolveAssemblyReferences:
             Resolved file path is "/usr/share/dotnet/packs/Microsoft.NETCore.App.Ref/8.0.21/ref/net8.0/System.Runtime.InteropServices.RuntimeInformation.dll".
   8:8>ResolveAssemblyReferences:
             This reference is not "CopyLocal" because at least one source item had "Private" set to "false" and no source items had "Private" set to "true".
   7:7>ResolveAssemblyReferences:
             The ImageRuntimeVersion for this reference is "".
   4:7>ResolveAssemblyReferences:
             Reference found at search path location "{RawFileName}".
   7:7>ResolveAssemblyReferences:
         Primary reference "System.Reflection.Primitives, Version=8.0.0.0, Culture=neutral, PublicKeyToken=b03f5f7f11d50a3a".
   4:7>ResolveAssemblyReferences:
             This reference is not "CopyLocal" because at least one source item had "Private" set to "false" and no source items had "Private" set to "true".
   7:7>ResolveAssemblyReferences:
             Resolved file path is "/usr/share/dotnet/packs/Microsoft.NETCore.App.Ref/8.0.21/ref/net8.0/System.Reflection.Primitives.dll".
   8:8>ResolveAssemblyReferences:
             The ImageRuntimeVersion for this reference is "".
   4:7>ResolveAssemblyReferences:
             The ImageRuntimeVersion for this reference is "".
   7:7>ResolveAssemblyReferences:
             Reference found at search path location "{RawFileName}".
   4:7>ResolveAssemblyReferences:
         Primary reference "System.Runtime.InteropServices, Version=8.0.0.0, Culture=neutral, PublicKeyToken=b03f5f7f11d50a3a".
   7:7>ResolveAssemblyReferences:
             This reference is not "CopyLocal" because at least one source item had "Private" set to "false" and no source items had "Private" set to "true".
   5:7>ResolveAssemblyReferences:
             /usr/share/dotnet/packs/Microsoft.NETCore.App.Ref/8.0.21/ref/net8.0/System.Net.Ping.dll
   4:7>ResolveAssemblyReferences:
             Resolved file path is "/usr/share/dotnet/packs/Microsoft.NETCore.App.Ref/8.0.21/ref/net8.0/System.Runtime.InteropServices.dll".
   7:7>ResolveAssemblyReferences:
             The ImageRuntimeVersion for this reference is "".
   8:8>ResolveAssemblyReferences:
         Primary reference "System.Reflection.Metadata, Version=8.0.0.0, Culture=neutral, PublicKeyToken=b03f5f7f11d50a3a".
   4:7>ResolveAssemblyReferences:
             Reference found at search path location "{RawFileName}".
   5:7>ResolveAssemblyReferences:
                 Private = 'false'
   7:7>ResolveAssemblyReferences:
         Primary reference "System.Reflection.TypeExtensions, Version=8.0.0.0, Culture=neutral, PublicKeyToken=b03f5f7f11d50a3a".
   4:7>ResolveAssemblyReferences:
             This reference is not "CopyLocal" because at least one source item had "Private" set to "false" and no source items had "Private" set to "true".
   5:7>ResolveAssemblyReferences:
             /usr/share/dotnet/packs/Microsoft.NETCore.App.Ref/8.0.21/ref/net8.0/System.Net.Primitives.dll
   7:7>ResolveAssemblyReferences:
             Resolved file path is "/usr/share/dotnet/packs/Microsoft.NETCore.App.Ref/8.0.21/ref/net8.0/System.Reflection.TypeExtensions.dll".
   4:7>ResolveAssemblyReferences:
             The ImageRuntimeVersion for this reference is "".
   8:8>ResolveAssemblyReferences:
             Resolved file path is "/usr/share/dotnet/packs/Microsoft.NETCore.App.Ref/8.0.21/ref/net8.0/System.Reflection.Metadata.dll".
   4:7>ResolveAssemblyReferences:
         Primary reference "System.Runtime.Intrinsics, Version=8.0.0.0, Culture=neutral, PublicKeyToken=cc7b13ffcd2ddd51".
   5:7>ResolveAssemblyReferences:
                 Private = 'false'
   4:7>ResolveAssemblyReferences:
             Resolved file path is "/usr/share/dotnet/packs/Microsoft.NETCore.App.Ref/8.0.21/ref/net8.0/System.Runtime.Intrinsics.dll".
   8:8>ResolveAssemblyReferences:
             Reference found at search path location "{RawFileName}".
   4:7>ResolveAssemblyReferences:
             Reference found at search path location "{RawFileName}".
   5:7>ResolveAssemblyReferences:
             /usr/share/dotnet/packs/Microsoft.NETCore.App.Ref/8.0.21/ref/net8.0/System.Net.Quic.dll
   4:7>ResolveAssemblyReferences:
             This reference is not "CopyLocal" because at least one source item had "Private" set to "false" and no source items had "Private" set to "true".
   5:7>ResolveAssemblyReferences:
                 Private = 'false'
   8:8>ResolveAssemblyReferences:
             This reference is not "CopyLocal" because at least one source item had "Private" set to "false" and no source items had "Private" set to "true".
   4:7>ResolveAssemblyReferences:
             The ImageRuntimeVersion for this reference is "".
   5:7>ResolveAssemblyReferences:
             /usr/share/dotnet/packs/Microsoft.NETCore.App.Ref/8.0.21/ref/net8.0/System.Net.Requests.dll
   4:7>ResolveAssemblyReferences:
         Primary reference "System.Runtime.Loader, Version=8.0.0.0, Culture=neutral, PublicKeyToken=b03f5f7f11d50a3a".
   7:7>ResolveAssemblyReferences:
             Reference found at search path location "{RawFileName}".
   5:7>ResolveAssemblyReferences:
                 Private = 'false'
   8:8>ResolveAssemblyReferences:
             The ImageRuntimeVersion for this reference is "".
   4:7>ResolveAssemblyReferences:
             Resolved file path is "/usr/share/dotnet/packs/Microsoft.NETCore.App.Ref/8.0.21/ref/net8.0/System.Runtime.Loader.dll".
   5:7>ResolveAssemblyReferences:
             /usr/share/dotnet/packs/Microsoft.NETCore.App.Ref/8.0.21/ref/net8.0/System.Net.Security.dll
   7:7>ResolveAssemblyReferences:
             This reference is not "CopyLocal" because at least one source item had "Private" set to "false" and no source items had "Private" set to "true".
   4:7>ResolveAssemblyReferences:
             Reference found at search path location "{RawFileName}".
   5:7>ResolveAssemblyReferences:
                 Private = 'false'
   7:7>ResolveAssemblyReferences:
             The ImageRuntimeVersion for this reference is "".
   4:7>ResolveAssemblyReferences:
             This reference is not "CopyLocal" because at least one source item had "Private" set to "false" and no source items had "Private" set to "true".
   8:8>ResolveAssemblyReferences:
         Primary reference "System.Reflection.Primitives, Version=8.0.0.0, Culture=neutral, PublicKeyToken=b03f5f7f11d50a3a".
   5:7>ResolveAssemblyReferences:
             /usr/share/dotnet/packs/Microsoft.NETCore.App.Ref/8.0.21/ref/net8.0/System.Net.ServicePoint.dll
   7:7>ResolveAssemblyReferences:
         Primary reference "System.Reflection, Version=8.0.0.0, Culture=neutral, PublicKeyToken=b03f5f7f11d50a3a".
   4:7>ResolveAssemblyReferences:
             The ImageRuntimeVersion for this reference is "".
   5:7>ResolveAssemblyReferences:
                 Private = 'false'
   7:7>ResolveAssemblyReferences:
             Resolved file path is "/usr/share/dotnet/packs/Microsoft.NETCore.App.Ref/8.0.21/ref/net8.0/System.Reflection.dll".
   4:7>ResolveAssemblyReferences:
         Primary reference "System.Runtime.Numerics, Version=8.0.0.0, Culture=neutral, PublicKeyToken=b03f5f7f11d50a3a".
   5:7>ResolveAssemblyReferences:
             /usr/share/dotnet/packs/Microsoft.NETCore.App.Ref/8.0.21/ref/net8.0/System.Net.Sockets.dll
   7:7>ResolveAssemblyReferences:
             Reference found at search path location "{RawFileName}".
   8:8>ResolveAssemblyReferences:
             Resolved file path is "/usr/share/dotnet/packs/Microsoft.NETCore.App.Ref/8.0.21/ref/net8.0/System.Reflection.Primitives.dll".
   4:7>ResolveAssemblyReferences:
             Resolved file path is "/usr/share/dotnet/packs/Microsoft.NETCore.App.Ref/8.0.21/ref/net8.0/System.Runtime.Numerics.dll".
   7:7>ResolveAssemblyReferences:
             This reference is not "CopyLocal" because at least one source item had "Private" set to "false" and no source items had "Private" set to "true".
   5:7>ResolveAssemblyReferences:
                 Private = 'false'
   4:7>ResolveAssemblyReferences:
             Reference found at search path location "{RawFileName}".
   7:7>ResolveAssemblyReferences:
             The ImageRuntimeVersion for this reference is "".
   5:7>ResolveAssemblyReferences:
             /usr/share/dotnet/packs/Microsoft.NETCore.App.Ref/8.0.21/ref/net8.0/System.Net.WebClient.dll
   4:7>ResolveAssemblyReferences:
             This reference is not "CopyLocal" because at least one source item had "Private" set to "false" and no source items had "Private" set to "true".
   8:8>ResolveAssemblyReferences:
             Reference found at search path location "{RawFileName}".
   7:7>ResolveAssemblyReferences:
         Primary reference "System.Resources.Reader, Version=8.0.0.0, Culture=neutral, PublicKeyToken=b03f5f7f11d50a3a".
   4:7>ResolveAssemblyReferences:
             The ImageRuntimeVersion for this reference is "".
   5:7>ResolveAssemblyReferences:
                 Private = 'false'
   7:7>ResolveAssemblyReferences:
             Resolved file path is "/usr/share/dotnet/packs/Microsoft.NETCore.App.Ref/8.0.21/ref/net8.0/System.Resources.Reader.dll".
   5:7>ResolveAssemblyReferences:
             /usr/share/dotnet/packs/Microsoft.NETCore.App.Ref/8.0.21/ref/net8.0/System.Net.WebHeaderCollection.dll
   4:7>ResolveAssemblyReferences:
         Primary reference "System.Runtime.Serialization.Formatters, Version=8.0.0.0, Culture=neutral, PublicKeyToken=b03f5f7f11d50a3a".
   7:7>ResolveAssemblyReferences:
             Reference found at search path location "{RawFileName}".
   8:8>ResolveAssemblyReferences:
             This reference is not "CopyLocal" because at least one source item had "Private" set to "false" and no source items had "Private" set to "true".
   4:7>ResolveAssemblyReferences:
             Resolved file path is "/usr/share/dotnet/packs/Microsoft.NETCore.App.Ref/8.0.21/ref/net8.0/System.Runtime.Serialization.Formatters.dll".
   5:7>ResolveAssemblyReferences:
                 Private = 'false'
   7:7>ResolveAssemblyReferences:
             This reference is not "CopyLocal" because at least one source item had "Private" set to "false" and no source items had "Private" set to "true".
             The ImageRuntimeVersion for this reference is "".
   4:7>ResolveAssemblyReferences:
             Reference found at search path location "{RawFileName}".
   5:7>ResolveAssemblyReferences:
             /usr/share/dotnet/packs/Microsoft.NETCore.App.Ref/8.0.21/ref/net8.0/System.Net.WebProxy.dll
   7:7>ResolveAssemblyReferences:
         Primary reference "System.Resources.ResourceManager, Version=8.0.0.0, Culture=neutral, PublicKeyToken=b03f5f7f11d50a3a".
   4:7>ResolveAssemblyReferences:
             This reference is not "CopyLocal" because at least one source item had "Private" set to "false" and no source items had "Private" set to "true".
   5:7>ResolveAssemblyReferences:
                 Private = 'false'
   8:8>ResolveAssemblyReferences:
             The ImageRuntimeVersion for this reference is "".
   7:7>ResolveAssemblyReferences:
             Resolved file path is "/usr/share/dotnet/packs/Microsoft.NETCore.App.Ref/8.0.21/ref/net8.0/System.Resources.ResourceManager.dll".
   5:7>ResolveAssemblyReferences:
             /usr/share/dotnet/packs/Microsoft.NETCore.App.Ref/8.0.21/ref/net8.0/System.Net.WebSockets.Client.dll
   4:7>ResolveAssemblyReferences:
             The ImageRuntimeVersion for this reference is "".
   7:7>ResolveAssemblyReferences:
             Reference found at search path location "{RawFileName}".
   5:7>ResolveAssemblyReferences:
                 Private = 'false'
   4:7>ResolveAssemblyReferences:
         Primary reference "System.Runtime.Serialization.Json, Version=8.0.0.0, Culture=neutral, PublicKeyToken=b03f5f7f11d50a3a".
   8:8>ResolveAssemblyReferences:
         Primary reference "System.Reflection.TypeExtensions, Version=8.0.0.0, Culture=neutral, PublicKeyToken=b03f5f7f11d50a3a".
   7:7>ResolveAssemblyReferences:
             This reference is not "CopyLocal" because at least one source item had "Private" set to "false" and no source items had "Private" set to "true".
   5:7>ResolveAssemblyReferences:
             /usr/share/dotnet/packs/Microsoft.NETCore.App.Ref/8.0.21/ref/net8.0/System.Net.WebSockets.dll
   4:7>ResolveAssemblyReferences:
             Resolved file path is "/usr/share/dotnet/packs/Microsoft.NETCore.App.Ref/8.0.21/ref/net8.0/System.Runtime.Serialization.Json.dll".
   7:7>ResolveAssemblyReferences:
             The ImageRuntimeVersion for this reference is "".
   5:7>ResolveAssemblyReferences:
                 Private = 'false'
   4:7>ResolveAssemblyReferences:
             Reference found at search path location "{RawFileName}".
   7:7>ResolveAssemblyReferences:
         Primary reference "System.Resources.Writer, Version=8.0.0.0, Culture=neutral, PublicKeyToken=b03f5f7f11d50a3a".
   8:8>ResolveAssemblyReferences:
             Resolved file path is "/usr/share/dotnet/packs/Microsoft.NETCore.App.Ref/8.0.21/ref/net8.0/System.Reflection.TypeExtensions.dll".
   5:7>ResolveAssemblyReferences:
             /usr/share/dotnet/packs/Microsoft.NETCore.App.Ref/8.0.21/ref/net8.0/System.Net.dll
   4:7>ResolveAssemblyReferences:
             This reference is not "CopyLocal" because at least one source item had "Private" set to "false" and no source items had "Private" set to "true".
   7:7>ResolveAssemblyReferences:
             Resolved file path is "/usr/share/dotnet/packs/Microsoft.NETCore.App.Ref/8.0.21/ref/net8.0/System.Resources.Writer.dll".
   4:7>ResolveAssemblyReferences:
             The ImageRuntimeVersion for this reference is "".
   5:7>ResolveAssemblyReferences:
                 Private = 'false'
   7:7>ResolveAssemblyReferences:
             Reference found at search path location "{RawFileName}".
   4:7>ResolveAssemblyReferences:
         Primary reference "System.Runtime.Serialization.Primitives, Version=8.0.0.0, Culture=neutral, PublicKeyToken=b03f5f7f11d50a3a".
   5:7>ResolveAssemblyReferences:
             /usr/share/dotnet/packs/Microsoft.NETCore.App.Ref/8.0.21/ref/net8.0/System.Numerics.Vectors.dll
   8:8>ResolveAssemblyReferences:
             Reference found at search path location "{RawFileName}".
   7:7>ResolveAssemblyReferences:
             This reference is not "CopyLocal" because at least one source item had "Private" set to "false" and no source items had "Private" set to "true".
   4:7>ResolveAssemblyReferences:
             Resolved file path is "/usr/share/dotnet/packs/Microsoft.NETCore.App.Ref/8.0.21/ref/net8.0/System.Runtime.Serialization.Primitives.dll".
   5:7>ResolveAssemblyReferences:
                 Private = 'false'
   4:7>ResolveAssemblyReferences:
             Reference found at search path location "{RawFileName}".
   7:7>ResolveAssemblyReferences:
             The ImageRuntimeVersion for this reference is "".
   5:7>ResolveAssemblyReferences:
             /usr/share/dotnet/packs/Microsoft.NETCore.App.Ref/8.0.21/ref/net8.0/System.Numerics.dll
   4:7>ResolveAssemblyReferences:
             This reference is not "CopyLocal" because at least one source item had "Private" set to "false" and no source items had "Private" set to "true".
   8:8>ResolveAssemblyReferences:
             This reference is not "CopyLocal" because at least one source item had "Private" set to "false" and no source items had "Private" set to "true".
   7:7>ResolveAssemblyReferences:
         Primary reference "System.Runtime.CompilerServices.Unsafe, Version=8.0.0.0, Culture=neutral, PublicKeyToken=b03f5f7f11d50a3a".
   5:7>ResolveAssemblyReferences:
                 Private = 'false'
   4:7>ResolveAssemblyReferences:
             The ImageRuntimeVersion for this reference is "".
   7:7>ResolveAssemblyReferences:
             Resolved file path is "/usr/share/dotnet/packs/Microsoft.NETCore.App.Ref/8.0.21/ref/net8.0/System.Runtime.CompilerServices.Unsafe.dll".
   5:7>ResolveAssemblyReferences:
             /usr/share/dotnet/packs/Microsoft.NETCore.App.Ref/8.0.21/ref/net8.0/System.ObjectModel.dll
   4:7>ResolveAssemblyReferences:
         Primary reference "System.Runtime.Serialization.Xml, Version=8.0.0.0, Culture=neutral, PublicKeyToken=b03f5f7f11d50a3a".
   7:7>ResolveAssemblyReferences:
             Reference found at search path location "{RawFileName}".
   5:7>ResolveAssemblyReferences:
                 Private = 'false'
   8:8>ResolveAssemblyReferences:
             The ImageRuntimeVersion for this reference is "".
   4:7>ResolveAssemblyReferences:
             Resolved file path is "/usr/share/dotnet/packs/Microsoft.NETCore.App.Ref/8.0.21/ref/net8.0/System.Runtime.Serialization.Xml.dll".
   7:7>ResolveAssemblyReferences:
             This reference is not "CopyLocal" because at least one source item had "Private" set to "false" and no source items had "Private" set to "true".
   5:7>ResolveAssemblyReferences:
             /usr/share/dotnet/packs/Microsoft.NETCore.App.Ref/8.0.21/ref/net8.0/System.Reflection.DispatchProxy.dll
   4:7>ResolveAssemblyReferences:
             Reference found at search path location "{RawFileName}".
   7:7>ResolveAssemblyReferences:
             The ImageRuntimeVersion for this reference is "".
   5:7>ResolveAssemblyReferences:
                 Private = 'false'
   4:7>ResolveAssemblyReferences:
             This reference is not "CopyLocal" because at least one source item had "Private" set to "false" and no source items had "Private" set to "true".
   7:7>ResolveAssemblyReferences:
         Primary reference "System.Runtime.CompilerServices.VisualC, Version=8.0.0.0, Culture=neutral, PublicKeyToken=b03f5f7f11d50a3a".
   8:8>ResolveAssemblyReferences:
         Primary reference "System.Reflection, Version=8.0.0.0, Culture=neutral, PublicKeyToken=b03f5f7f11d50a3a".
   5:7>ResolveAssemblyReferences:
             /usr/share/dotnet/packs/Microsoft.NETCore.App.Ref/8.0.21/ref/net8.0/System.Reflection.Emit.ILGeneration.dll
   4:7>ResolveAssemblyReferences:
             The ImageRuntimeVersion for this reference is "".
   7:7>ResolveAssemblyReferences:
             Resolved file path is "/usr/share/dotnet/packs/Microsoft.NETCore.App.Ref/8.0.21/ref/net8.0/System.Runtime.CompilerServices.VisualC.dll".
   5:7>ResolveAssemblyReferences:
                 Private = 'false'
   4:7>ResolveAssemblyReferences:
         Primary reference "System.Runtime.Serialization, Version=4.0.0.0, Culture=neutral, PublicKeyToken=b77a5c561934e089".
   7:7>ResolveAssemblyReferences:
             Reference found at search path location "{RawFileName}".
   5:7>ResolveAssemblyReferences:
             /usr/share/dotnet/packs/Microsoft.NETCore.App.Ref/8.0.21/ref/net8.0/System.Reflection.Emit.Lightweight.dll
   8:8>ResolveAssemblyReferences:
             Resolved file path is "/usr/share/dotnet/packs/Microsoft.NETCore.App.Ref/8.0.21/ref/net8.0/System.Reflection.dll".
   7:7>ResolveAssemblyReferences:
             This reference is not "CopyLocal" because at least one source item had "Private" set to "false" and no source items had "Private" set to "true".
   4:7>ResolveAssemblyReferences:
             Resolved file path is "/usr/share/dotnet/packs/Microsoft.NETCore.App.Ref/8.0.21/ref/net8.0/System.Runtime.Serialization.dll".
   5:7>ResolveAssemblyReferences:
                 Private = 'false'
   4:7>ResolveAssemblyReferences:
             Reference found at search path location "{RawFileName}".
   7:7>ResolveAssemblyReferences:
             The ImageRuntimeVersion for this reference is "".
   5:7>ResolveAssemblyReferences:
             /usr/share/dotnet/packs/Microsoft.NETCore.App.Ref/8.0.21/ref/net8.0/System.Reflection.Emit.dll
   4:7>ResolveAssemblyReferences:
             This reference is not "CopyLocal" because at least one source item had "Private" set to "false" and no source items had "Private" set to "true".
   7:7>ResolveAssemblyReferences:
         Primary reference "System.Runtime.Extensions, Version=8.0.0.0, Culture=neutral, PublicKeyToken=b03f5f7f11d50a3a".
   8:8>ResolveAssemblyReferences:
             Reference found at search path location "{RawFileName}".
   5:7>ResolveAssemblyReferences:
                 Private = 'false'
   4:7>ResolveAssemblyReferences:
             The ImageRuntimeVersion for this reference is "".
   7:7>ResolveAssemblyReferences:
             Resolved file path is "/usr/share/dotnet/packs/Microsoft.NETCore.App.Ref/8.0.21/ref/net8.0/System.Runtime.Extensions.dll".
   5:7>ResolveAssemblyReferences:
             /usr/share/dotnet/packs/Microsoft.NETCore.App.Ref/8.0.21/ref/net8.0/System.Reflection.Extensions.dll
   4:7>ResolveAssemblyReferences:
         Primary reference "System.Runtime, Version=8.0.0.0, Culture=neutral, PublicKeyToken=b03f5f7f11d50a3a".
   7:7>ResolveAssemblyReferences:
             Reference found at search path location "{RawFileName}".
   5:7>ResolveAssemblyReferences:
                 Private = 'false'
   4:7>ResolveAssemblyReferences:
             Resolved file path is "/usr/share/dotnet/packs/Microsoft.NETCore.App.Ref/8.0.21/ref/net8.0/System.Runtime.dll".
   8:8>ResolveAssemblyReferences:
             This reference is not "CopyLocal" because at least one source item had "Private" set to "false" and no source items had "Private" set to "true".
   7:7>ResolveAssemblyReferences:
             This reference is not "CopyLocal" because at least one source item had "Private" set to "false" and no source items had "Private" set to "true".
   5:7>ResolveAssemblyReferences:
             /usr/share/dotnet/packs/Microsoft.NETCore.App.Ref/8.0.21/ref/net8.0/System.Reflection.Metadata.dll
   4:7>ResolveAssemblyReferences:
             Reference found at search path location "{RawFileName}".
   7:7>ResolveAssemblyReferences:
             The ImageRuntimeVersion for this reference is "".
   5:7>ResolveAssemblyReferences:
                 Private = 'false'
   4:7>ResolveAssemblyReferences:
             This reference is not "CopyLocal" because at least one source item had "Private" set to "false" and no source items had "Private" set to "true".
   7:7>ResolveAssemblyReferences:
         Primary reference "System.Runtime.Handles, Version=8.0.0.0, Culture=neutral, PublicKeyToken=b03f5f7f11d50a3a".
   5:7>ResolveAssemblyReferences:
             /usr/share/dotnet/packs/Microsoft.NETCore.App.Ref/8.0.21/ref/net8.0/System.Reflection.Primitives.dll
   8:8>ResolveAssemblyReferences:
             The ImageRuntimeVersion for this reference is "".
   4:7>ResolveAssemblyReferences:
             The ImageRuntimeVersion for this reference is "".
   7:7>ResolveAssemblyReferences:
             Resolved file path is "/usr/share/dotnet/packs/Microsoft.NETCore.App.Ref/8.0.21/ref/net8.0/System.Runtime.Handles.dll".
   5:7>ResolveAssemblyReferences:
                 Private = 'false'
   7:7>ResolveAssemblyReferences:
             Reference found at search path location "{RawFileName}".
   4:7>ResolveAssemblyReferences:
         Primary reference "System.Security.AccessControl, Version=8.0.0.0, Culture=neutral, PublicKeyToken=b03f5f7f11d50a3a".
   5:7>ResolveAssemblyReferences:
             /usr/share/dotnet/packs/Microsoft.NETCore.App.Ref/8.0.21/ref/net8.0/System.Reflection.TypeExtensions.dll
   7:7>ResolveAssemblyReferences:
             This reference is not "CopyLocal" because at least one source item had "Private" set to "false" and no source items had "Private" set to "true".
   4:7>ResolveAssemblyReferences:
             Resolved file path is "/usr/share/dotnet/packs/Microsoft.NETCore.App.Ref/8.0.21/ref/net8.0/System.Security.AccessControl.dll".
   8:8>ResolveAssemblyReferences:
         Primary reference "System.Resources.Reader, Version=8.0.0.0, Culture=neutral, PublicKeyToken=b03f5f7f11d50a3a".
   4:7>ResolveAssemblyReferences:
             Reference found at search path location "{RawFileName}".
   7:7>ResolveAssemblyReferences:
             The ImageRuntimeVersion for this reference is "".
   4:7>ResolveAssemblyReferences:
             This reference is not "CopyLocal" because at least one source item had "Private" set to "false" and no source items had "Private" set to "true".
   7:7>ResolveAssemblyReferences:
         Primary reference "System.Runtime.InteropServices.JavaScript, Version=8.0.0.0, Culture=neutral, PublicKeyToken=b03f5f7f11d50a3a".
   4:7>ResolveAssemblyReferences:
             The ImageRuntimeVersion for this reference is "".
   8:8>ResolveAssemblyReferences:
             Resolved file path is "/usr/share/dotnet/packs/Microsoft.NETCore.App.Ref/8.0.21/ref/net8.0/System.Resources.Reader.dll".
   7:7>ResolveAssemblyReferences:
             Resolved file path is "/usr/share/dotnet/packs/Microsoft.NETCore.App.Ref/8.0.21/ref/net8.0/System.Runtime.InteropServices.JavaScript.dll".
   4:7>ResolveAssemblyReferences:
         Primary reference "System.Security.Claims, Version=8.0.0.0, Culture=neutral, PublicKeyToken=b03f5f7f11d50a3a".
   5:7>ResolveAssemblyReferences:
                 Private = 'false'
   7:7>ResolveAssemblyReferences:
             Reference found at search path location "{RawFileName}".
   4:7>ResolveAssemblyReferences:
             Resolved file path is "/usr/share/dotnet/packs/Microsoft.NETCore.App.Ref/8.0.21/ref/net8.0/System.Security.Claims.dll".
   7:7>ResolveAssemblyReferences:
             This reference is not "CopyLocal" because at least one source item had "Private" set to "false" and no source items had "Private" set to "true".
   5:7>ResolveAssemblyReferences:
             /usr/share/dotnet/packs/Microsoft.NETCore.App.Ref/8.0.21/ref/net8.0/System.Reflection.dll
   4:7>ResolveAssemblyReferences:
             Reference found at search path location "{RawFileName}".
   8:8>ResolveAssemblyReferences:
             Reference found at search path location "{RawFileName}".
   7:7>ResolveAssemblyReferences:
             The ImageRuntimeVersion for this reference is "".
   5:7>ResolveAssemblyReferences:
                 Private = 'false'
   4:7>ResolveAssemblyReferences:
             This reference is not "CopyLocal" because at least one source item had "Private" set to "false" and no source items had "Private" set to "true".
   7:7>ResolveAssemblyReferences:
         Primary reference "System.Runtime.InteropServices.RuntimeInformation, Version=8.0.0.0, Culture=neutral, PublicKeyToken=b03f5f7f11d50a3a".
   4:7>ResolveAssemblyReferences:
             The ImageRuntimeVersion for this reference is "".
   5:7>ResolveAssemblyReferences:
             /usr/share/dotnet/packs/Microsoft.NETCore.App.Ref/8.0.21/ref/net8.0/System.Resources.Reader.dll
   8:8>ResolveAssemblyReferences:
             This reference is not "CopyLocal" because at least one source item had "Private" set to "false" and no source items had "Private" set to "true".
   7:7>ResolveAssemblyReferences:
             Resolved file path is "/usr/share/dotnet/packs/Microsoft.NETCore.App.Ref/8.0.21/ref/net8.0/System.Runtime.InteropServices.RuntimeInformation.dll".
   4:7>ResolveAssemblyReferences:
         Primary reference "System.Security.Cryptography.Algorithms, Version=8.0.0.0, Culture=neutral, PublicKeyToken=b03f5f7f11d50a3a".
   5:7>ResolveAssemblyReferences:
                 Private = 'false'
   4:7>ResolveAssemblyReferences:
             Resolved file path is "/usr/share/dotnet/packs/Microsoft.NETCore.App.Ref/8.0.21/ref/net8.0/System.Security.Cryptography.Algorithms.dll".
   7:7>ResolveAssemblyReferences:
             Reference found at search path location "{RawFileName}".
   5:7>ResolveAssemblyReferences:
             /usr/share/dotnet/packs/Microsoft.NETCore.App.Ref/8.0.21/ref/net8.0/System.Resources.ResourceManager.dll
   4:7>ResolveAssemblyReferences:
             Reference found at search path location "{RawFileName}".
   7:7>ResolveAssemblyReferences:
             This reference is not "CopyLocal" because at least one source item had "Private" set to "false" and no source items had "Private" set to "true".
   4:7>ResolveAssemblyReferences:
             This reference is not "CopyLocal" because at least one source item had "Private" set to "false" and no source items had "Private" set to "true".
   5:7>ResolveAssemblyReferences:
                 Private = 'false'
   4:7>ResolveAssemblyReferences:
             The ImageRuntimeVersion for this reference is "".
   7:7>ResolveAssemblyReferences:
             The ImageRuntimeVersion for this reference is "".
   5:7>ResolveAssemblyReferences:
             /usr/share/dotnet/packs/Microsoft.NETCore.App.Ref/8.0.21/ref/net8.0/System.Resources.Writer.dll
   8:8>ResolveAssemblyReferences:
             The ImageRuntimeVersion for this reference is "".
   4:7>ResolveAssemblyReferences:
         Primary reference "System.Security.Cryptography.Cng, Version=8.0.0.0, Culture=neutral, PublicKeyToken=b03f5f7f11d50a3a".
   7:7>ResolveAssemblyReferences:
         Primary reference "System.Runtime.InteropServices, Version=8.0.0.0, Culture=neutral, PublicKeyToken=b03f5f7f11d50a3a".
   8:8>ResolveAssemblyReferences:
         Primary reference "System.Resources.ResourceManager, Version=8.0.0.0, Culture=neutral, PublicKeyToken=b03f5f7f11d50a3a".
   4:7>ResolveAssemblyReferences:
             Resolved file path is "/usr/share/dotnet/packs/Microsoft.NETCore.App.Ref/8.0.21/ref/net8.0/System.Security.Cryptography.Cng.dll".
   5:7>ResolveAssemblyReferences:
                 Private = 'false'
   7:7>ResolveAssemblyReferences:
             Resolved file path is "/usr/share/dotnet/packs/Microsoft.NETCore.App.Ref/8.0.21/ref/net8.0/System.Runtime.InteropServices.dll".
   4:7>ResolveAssemblyReferences:
             Reference found at search path location "{RawFileName}".
   8:8>ResolveAssemblyReferences:
             Resolved file path is "/usr/share/dotnet/packs/Microsoft.NETCore.App.Ref/8.0.21/ref/net8.0/System.Resources.ResourceManager.dll".
   7:7>ResolveAssemblyReferences:
             Reference found at search path location "{RawFileName}".
   4:7>ResolveAssemblyReferences:
             This reference is not "CopyLocal" because at least one source item had "Private" set to "false" and no source items had "Private" set to "true".
   5:7>ResolveAssemblyReferences:
             /usr/share/dotnet/packs/Microsoft.NETCore.App.Ref/8.0.21/ref/net8.0/System.Runtime.CompilerServices.Unsafe.dll
   8:8>ResolveAssemblyReferences:
             Reference found at search path location "{RawFileName}".
   7:7>ResolveAssemblyReferences:
             This reference is not "CopyLocal" because at least one source item had "Private" set to "false" and no source items had "Private" set to "true".
   4:7>ResolveAssemblyReferences:
             The ImageRuntimeVersion for this reference is "".
   8:8>ResolveAssemblyReferences:
             This reference is not "CopyLocal" because at least one source item had "Private" set to "false" and no source items had "Private" set to "true".
   7:7>ResolveAssemblyReferences:
             The ImageRuntimeVersion for this reference is "".
   5:7>ResolveAssemblyReferences:
                 Private = 'false'
   4:7>ResolveAssemblyReferences:
         Primary reference "System.Security.Cryptography.Csp, Version=8.0.0.0, Culture=neutral, PublicKeyToken=b03f5f7f11d50a3a".
   8:8>ResolveAssemblyReferences:
             The ImageRuntimeVersion for this reference is "".
   7:7>ResolveAssemblyReferences:
         Primary reference "System.Runtime.Intrinsics, Version=8.0.0.0, Culture=neutral, PublicKeyToken=cc7b13ffcd2ddd51".
   4:7>ResolveAssemblyReferences:
             Resolved file path is "/usr/share/dotnet/packs/Microsoft.NETCore.App.Ref/8.0.21/ref/net8.0/System.Security.Cryptography.Csp.dll".
   5:7>ResolveAssemblyReferences:
             /usr/share/dotnet/packs/Microsoft.NETCore.App.Ref/8.0.21/ref/net8.0/System.Runtime.CompilerServices.VisualC.dll
   8:8>ResolveAssemblyReferences:
         Primary reference "System.Resources.Writer, Version=8.0.0.0, Culture=neutral, PublicKeyToken=b03f5f7f11d50a3a".
   7:7>ResolveAssemblyReferences:
             Resolved file path is "/usr/share/dotnet/packs/Microsoft.NETCore.App.Ref/8.0.21/ref/net8.0/System.Runtime.Intrinsics.dll".
   4:7>ResolveAssemblyReferences:
             Reference found at search path location "{RawFileName}".
   8:8>ResolveAssemblyReferences:
             Resolved file path is "/usr/share/dotnet/packs/Microsoft.NETCore.App.Ref/8.0.21/ref/net8.0/System.Resources.Writer.dll".
   7:7>ResolveAssemblyReferences:
             Reference found at search path location "{RawFileName}".
   4:7>ResolveAssemblyReferences:
             This reference is not "CopyLocal" because at least one source item had "Private" set to "false" and no source items had "Private" set to "true".
   8:8>ResolveAssemblyReferences:
             Reference found at search path location "{RawFileName}".
   5:7>ResolveAssemblyReferences:
                 Private = 'false'
   7:7>ResolveAssemblyReferences:
             This reference is not "CopyLocal" because at least one source item had "Private" set to "false" and no source items had "Private" set to "true".
   4:7>ResolveAssemblyReferences:
             The ImageRuntimeVersion for this reference is "".
   8:8>ResolveAssemblyReferences:
             This reference is not "CopyLocal" because at least one source item had "Private" set to "false" and no source items had "Private" set to "true".
   5:7>ResolveAssemblyReferences:
             /usr/share/dotnet/packs/Microsoft.NETCore.App.Ref/8.0.21/ref/net8.0/System.Runtime.Extensions.dll
   7:7>ResolveAssemblyReferences:
             The ImageRuntimeVersion for this reference is "".
   8:8>ResolveAssemblyReferences:
             The ImageRuntimeVersion for this reference is "".
   4:7>ResolveAssemblyReferences:
         Primary reference "System.Security.Cryptography.Encoding, Version=8.0.0.0, Culture=neutral, PublicKeyToken=b03f5f7f11d50a3a".
             Resolved file path is "/usr/share/dotnet/packs/Microsoft.NETCore.App.Ref/8.0.21/ref/net8.0/System.Security.Cryptography.Encoding.dll".
   8:8>ResolveAssemblyReferences:
         Primary reference "System.Runtime.CompilerServices.Unsafe, Version=8.0.0.0, Culture=neutral, PublicKeyToken=b03f5f7f11d50a3a".
   7:7>ResolveAssemblyReferences:
         Primary reference "System.Runtime.Loader, Version=8.0.0.0, Culture=neutral, PublicKeyToken=b03f5f7f11d50a3a".
   5:7>ResolveAssemblyReferences:
                 Private = 'false'
   4:7>ResolveAssemblyReferences:
             Reference found at search path location "{RawFileName}".
   8:8>ResolveAssemblyReferences:
             Resolved file path is "/usr/share/dotnet/packs/Microsoft.NETCore.App.Ref/8.0.21/ref/net8.0/System.Runtime.CompilerServices.Unsafe.dll".
   7:7>ResolveAssemblyReferences:
             Resolved file path is "/usr/share/dotnet/packs/Microsoft.NETCore.App.Ref/8.0.21/ref/net8.0/System.Runtime.Loader.dll".
   4:7>ResolveAssemblyReferences:
             This reference is not "CopyLocal" because at least one source item had "Private" set to "false" and no source items had "Private" set to "true".
   5:7>ResolveAssemblyReferences:
             /usr/share/dotnet/packs/Microsoft.NETCore.App.Ref/8.0.21/ref/net8.0/System.Runtime.Handles.dll
   8:8>ResolveAssemblyReferences:
             Reference found at search path location "{RawFileName}".
   7:7>ResolveAssemblyReferences:
             Reference found at search path location "{RawFileName}".
   4:7>ResolveAssemblyReferences:
             The ImageRuntimeVersion for this reference is "".
   8:8>ResolveAssemblyReferences:
             This reference is not "CopyLocal" because at least one source item had "Private" set to "false" and no source items had "Private" set to "true".
   7:7>ResolveAssemblyReferences:
             This reference is not "CopyLocal" because at least one source item had "Private" set to "false" and no source items had "Private" set to "true".
   5:7>ResolveAssemblyReferences:
                 Private = 'false'
   8:8>ResolveAssemblyReferences:
             The ImageRuntimeVersion for this reference is "".
   4:7>ResolveAssemblyReferences:
         Primary reference "System.Security.Cryptography.OpenSsl, Version=8.0.0.0, Culture=neutral, PublicKeyToken=b03f5f7f11d50a3a".
   7:7>ResolveAssemblyReferences:
             The ImageRuntimeVersion for this reference is "".
   8:8>ResolveAssemblyReferences:
         Primary reference "System.Runtime.CompilerServices.VisualC, Version=8.0.0.0, Culture=neutral, PublicKeyToken=b03f5f7f11d50a3a".
   5:7>ResolveAssemblyReferences:
             /usr/share/dotnet/packs/Microsoft.NETCore.App.Ref/8.0.21/ref/net8.0/System.Runtime.InteropServices.JavaScript.dll
   7:7>ResolveAssemblyReferences:
         Primary reference "System.Runtime.Numerics, Version=8.0.0.0, Culture=neutral, PublicKeyToken=b03f5f7f11d50a3a".
   4:7>ResolveAssemblyReferences:
             Resolved file path is "/usr/share/dotnet/packs/Microsoft.NETCore.App.Ref/8.0.21/ref/net8.0/System.Security.Cryptography.OpenSsl.dll".
   8:8>ResolveAssemblyReferences:
             Resolved file path is "/usr/share/dotnet/packs/Microsoft.NETCore.App.Ref/8.0.21/ref/net8.0/System.Runtime.CompilerServices.VisualC.dll".
   7:7>ResolveAssemblyReferences:
             Resolved file path is "/usr/share/dotnet/packs/Microsoft.NETCore.App.Ref/8.0.21/ref/net8.0/System.Runtime.Numerics.dll".
   5:7>ResolveAssemblyReferences:
                 Private = 'false'
   4:7>ResolveAssemblyReferences:
             Reference found at search path location "{RawFileName}".
   8:8>ResolveAssemblyReferences:
             Reference found at search path location "{RawFileName}".
   7:7>ResolveAssemblyReferences:
             Reference found at search path location "{RawFileName}".
   4:7>ResolveAssemblyReferences:
             This reference is not "CopyLocal" because at least one source item had "Private" set to "false" and no source items had "Private" set to "true".
   5:7>ResolveAssemblyReferences:
             /usr/share/dotnet/packs/Microsoft.NETCore.App.Ref/8.0.21/ref/net8.0/System.Runtime.InteropServices.RuntimeInformation.dll
   7:7>ResolveAssemblyReferences:
             This reference is not "CopyLocal" because at least one source item had "Private" set to "false" and no source items had "Private" set to "true".
   8:8>ResolveAssemblyReferences:
             This reference is not "CopyLocal" because at least one source item had "Private" set to "false" and no source items had "Private" set to "true".
   4:7>ResolveAssemblyReferences:
             The ImageRuntimeVersion for this reference is "".
   7:7>ResolveAssemblyReferences:
             The ImageRuntimeVersion for this reference is "".
   8:8>ResolveAssemblyReferences:
             The ImageRuntimeVersion for this reference is "".
   7:7>ResolveAssemblyReferences:
         Primary reference "System.Runtime.Serialization.Formatters, Version=8.0.0.0, Culture=neutral, PublicKeyToken=b03f5f7f11d50a3a".
   4:7>ResolveAssemblyReferences:
         Primary reference "System.Security.Cryptography.Primitives, Version=8.0.0.0, Culture=neutral, PublicKeyToken=b03f5f7f11d50a3a".
   8:8>ResolveAssemblyReferences:
         Primary reference "System.Runtime.Extensions, Version=8.0.0.0, Culture=neutral, PublicKeyToken=b03f5f7f11d50a3a".
   4:7>ResolveAssemblyReferences:
             Resolved file path is "/usr/share/dotnet/packs/Microsoft.NETCore.App.Ref/8.0.21/ref/net8.0/System.Security.Cryptography.Primitives.dll".
   7:7>ResolveAssemblyReferences:
             Resolved file path is "/usr/share/dotnet/packs/Microsoft.NETCore.App.Ref/8.0.21/ref/net8.0/System.Runtime.Serialization.Formatters.dll".
   4:7>ResolveAssemblyReferences:
             Reference found at search path location "{RawFileName}".
   7:7>ResolveAssemblyReferences:
             Reference found at search path location "{RawFileName}".
   4:7>ResolveAssemblyReferences:
             This reference is not "CopyLocal" because at least one source item had "Private" set to "false" and no source items had "Private" set to "true".
   8:8>ResolveAssemblyReferences:
             Resolved file path is "/usr/share/dotnet/packs/Microsoft.NETCore.App.Ref/8.0.21/ref/net8.0/System.Runtime.Extensions.dll".
   7:7>ResolveAssemblyReferences:
             This reference is not "CopyLocal" because at least one source item had "Private" set to "false" and no source items had "Private" set to "true".
   4:7>ResolveAssemblyReferences:
             The ImageRuntimeVersion for this reference is "".
   8:8>ResolveAssemblyReferences:
             Reference found at search path location "{RawFileName}".
   7:7>ResolveAssemblyReferences:
             The ImageRuntimeVersion for this reference is "".
   4:7>ResolveAssemblyReferences:
         Primary reference "System.Security.Cryptography.X509Certificates, Version=8.0.0.0, Culture=neutral, PublicKeyToken=b03f5f7f11d50a3a".
   8:8>ResolveAssemblyReferences:
             This reference is not "CopyLocal" because at least one source item had "Private" set to "false" and no source items had "Private" set to "true".
   7:7>ResolveAssemblyReferences:
         Primary reference "System.Runtime.Serialization.Json, Version=8.0.0.0, Culture=neutral, PublicKeyToken=b03f5f7f11d50a3a".
   4:7>ResolveAssemblyReferences:
             Resolved file path is "/usr/share/dotnet/packs/Microsoft.NETCore.App.Ref/8.0.21/ref/net8.0/System.Security.Cryptography.X509Certificates.dll".
   8:8>ResolveAssemblyReferences:
             The ImageRuntimeVersion for this reference is "".
   5:7>ResolveAssemblyReferences:
                 Private = 'false'
   7:7>ResolveAssemblyReferences:
             Resolved file path is "/usr/share/dotnet/packs/Microsoft.NETCore.App.Ref/8.0.21/ref/net8.0/System.Runtime.Serialization.Json.dll".
   4:7>ResolveAssemblyReferences:
             Reference found at search path location "{RawFileName}".
   8:8>ResolveAssemblyReferences:
         Primary reference "System.Runtime.Handles, Version=8.0.0.0, Culture=neutral, PublicKeyToken=b03f5f7f11d50a3a".
   7:7>ResolveAssemblyReferences:
             Reference found at search path location "{RawFileName}".
   5:7>ResolveAssemblyReferences:
             /usr/share/dotnet/packs/Microsoft.NETCore.App.Ref/8.0.21/ref/net8.0/System.Runtime.InteropServices.dll
   4:7>ResolveAssemblyReferences:
             This reference is not "CopyLocal" because at least one source item had "Private" set to "false" and no source items had "Private" set to "true".
   7:7>ResolveAssemblyReferences:
             This reference is not "CopyLocal" because at least one source item had "Private" set to "false" and no source items had "Private" set to "true".
   8:8>ResolveAssemblyReferences:
             Resolved file path is "/usr/share/dotnet/packs/Microsoft.NETCore.App.Ref/8.0.21/ref/net8.0/System.Runtime.Handles.dll".
   5:7>ResolveAssemblyReferences:
                 Private = 'false'
   4:7>ResolveAssemblyReferences:
             The ImageRuntimeVersion for this reference is "".
   8:8>ResolveAssemblyReferences:
             Reference found at search path location "{RawFileName}".
   5:7>ResolveAssemblyReferences:
             /usr/share/dotnet/packs/Microsoft.NETCore.App.Ref/8.0.21/ref/net8.0/System.Runtime.Intrinsics.dll
   4:7>ResolveAssemblyReferences:
         Primary reference "System.Security.Cryptography, Version=8.0.0.0, Culture=neutral, PublicKeyToken=b03f5f7f11d50a3a".
   7:7>ResolveAssemblyReferences:
             The ImageRuntimeVersion for this reference is "".
   5:7>ResolveAssemblyReferences:
                 Private = 'false'
   8:8>ResolveAssemblyReferences:
             This reference is not "CopyLocal" because at least one source item had "Private" set to "false" and no source items had "Private" set to "true".
   7:7>ResolveAssemblyReferences:
         Primary reference "System.Runtime.Serialization.Primitives, Version=8.0.0.0, Culture=neutral, PublicKeyToken=b03f5f7f11d50a3a".
   4:7>ResolveAssemblyReferences:
             Resolved file path is "/usr/share/dotnet/packs/Microsoft.NETCore.App.Ref/8.0.21/ref/net8.0/System.Security.Cryptography.dll".
   5:7>ResolveAssemblyReferences:
             /usr/share/dotnet/packs/Microsoft.NETCore.App.Ref/8.0.21/ref/net8.0/System.Runtime.Loader.dll
   4:7>ResolveAssemblyReferences:
             Reference found at search path location "{RawFileName}".
   7:7>ResolveAssemblyReferences:
             Resolved file path is "/usr/share/dotnet/packs/Microsoft.NETCore.App.Ref/8.0.21/ref/net8.0/System.Runtime.Serialization.Primitives.dll".
   8:8>ResolveAssemblyReferences:
             The ImageRuntimeVersion for this reference is "".
   5:7>ResolveAssemblyReferences:
                 Private = 'false'
   4:7>ResolveAssemblyReferences:
             This reference is not "CopyLocal" because at least one source item had "Private" set to "false" and no source items had "Private" set to "true".
   7:7>ResolveAssemblyReferences:
             Reference found at search path location "{RawFileName}".
   8:8>ResolveAssemblyReferences:
         Primary reference "System.Runtime.InteropServices.JavaScript, Version=8.0.0.0, Culture=neutral, PublicKeyToken=b03f5f7f11d50a3a".
   5:7>ResolveAssemblyReferences:
             /usr/share/dotnet/packs/Microsoft.NETCore.App.Ref/8.0.21/ref/net8.0/System.Runtime.Numerics.dll
   4:7>ResolveAssemblyReferences:
             The ImageRuntimeVersion for this reference is "".
   7:7>ResolveAssemblyReferences:
             This reference is not "CopyLocal" because at least one source item had "Private" set to "false" and no source items had "Private" set to "true".
   5:7>ResolveAssemblyReferences:
                 Private = 'false'
   8:8>ResolveAssemblyReferences:
             Resolved file path is "/usr/share/dotnet/packs/Microsoft.NETCore.App.Ref/8.0.21/ref/net8.0/System.Runtime.InteropServices.JavaScript.dll".
   7:7>ResolveAssemblyReferences:
             The ImageRuntimeVersion for this reference is "".
   4:7>ResolveAssemblyReferences:
         Primary reference "System.Security.Principal.Windows, Version=8.0.0.0, Culture=neutral, PublicKeyToken=b03f5f7f11d50a3a".
   8:8>ResolveAssemblyReferences:
             Reference found at search path location "{RawFileName}".
   5:7>ResolveAssemblyReferences:
             /usr/share/dotnet/packs/Microsoft.NETCore.App.Ref/8.0.21/ref/net8.0/System.Runtime.Serialization.Formatters.dll
   7:7>ResolveAssemblyReferences:
         Primary reference "System.Runtime.Serialization.Xml, Version=8.0.0.0, Culture=neutral, PublicKeyToken=b03f5f7f11d50a3a".
   4:7>ResolveAssemblyReferences:
             Resolved file path is "/usr/share/dotnet/packs/Microsoft.NETCore.App.Ref/8.0.21/ref/net8.0/System.Security.Principal.Windows.dll".
   8:8>ResolveAssemblyReferences:
             This reference is not "CopyLocal" because at least one source item had "Private" set to "false" and no source items had "Private" set to "true".
   5:7>ResolveAssemblyReferences:
                 Private = 'false'
   7:7>ResolveAssemblyReferences:
             Resolved file path is "/usr/share/dotnet/packs/Microsoft.NETCore.App.Ref/8.0.21/ref/net8.0/System.Runtime.Serialization.Xml.dll".
   4:7>ResolveAssemblyReferences:
             Reference found at search path location "{RawFileName}".
   8:8>ResolveAssemblyReferences:
             The ImageRuntimeVersion for this reference is "".
   7:7>ResolveAssemblyReferences:
             Reference found at search path location "{RawFileName}".
   5:7>ResolveAssemblyReferences:
             /usr/share/dotnet/packs/Microsoft.NETCore.App.Ref/8.0.21/ref/net8.0/System.Runtime.Serialization.Json.dll
   4:7>ResolveAssemblyReferences:
             This reference is not "CopyLocal" because at least one source item had "Private" set to "false" and no source items had "Private" set to "true".
   8:8>ResolveAssemblyReferences:
         Primary reference "System.Runtime.InteropServices.RuntimeInformation, Version=8.0.0.0, Culture=neutral, PublicKeyToken=b03f5f7f11d50a3a".
   7:7>ResolveAssemblyReferences:
             This reference is not "CopyLocal" because at least one source item had "Private" set to "false" and no source items had "Private" set to "true".
   8:8>ResolveAssemblyReferences:
             Resolved file path is "/usr/share/dotnet/packs/Microsoft.NETCore.App.Ref/8.0.21/ref/net8.0/System.Runtime.InteropServices.RuntimeInformation.dll".
   4:7>ResolveAssemblyReferences:
             The ImageRuntimeVersion for this reference is "".
   7:7>ResolveAssemblyReferences:
             The ImageRuntimeVersion for this reference is "".
   5:7>ResolveAssemblyReferences:
                 Private = 'false'
   8:8>ResolveAssemblyReferences:
             Reference found at search path location "{RawFileName}".
   7:7>ResolveAssemblyReferences:
         Primary reference "System.Runtime.Serialization, Version=4.0.0.0, Culture=neutral, PublicKeyToken=b77a5c561934e089".
   4:7>ResolveAssemblyReferences:
         Primary reference "System.Security.Principal, Version=8.0.0.0, Culture=neutral, PublicKeyToken=b03f5f7f11d50a3a".
   5:7>ResolveAssemblyReferences:
             /usr/share/dotnet/packs/Microsoft.NETCore.App.Ref/8.0.21/ref/net8.0/System.Runtime.Serialization.Primitives.dll
   8:8>ResolveAssemblyReferences:
             This reference is not "CopyLocal" because at least one source item had "Private" set to "false" and no source items had "Private" set to "true".
   5:7>ResolveAssemblyReferences:
                 Private = 'false'
   7:7>ResolveAssemblyReferences:
             Resolved file path is "/usr/share/dotnet/packs/Microsoft.NETCore.App.Ref/8.0.21/ref/net8.0/System.Runtime.Serialization.dll".
   4:7>ResolveAssemblyReferences:
             Resolved file path is "/usr/share/dotnet/packs/Microsoft.NETCore.App.Ref/8.0.21/ref/net8.0/System.Security.Principal.dll".
   8:8>ResolveAssemblyReferences:
             The ImageRuntimeVersion for this reference is "".
   5:7>ResolveAssemblyReferences:
             /usr/share/dotnet/packs/Microsoft.NETCore.App.Ref/8.0.21/ref/net8.0/System.Runtime.Serialization.Xml.dll
   7:7>ResolveAssemblyReferences:
             Reference found at search path location "{RawFileName}".
   4:7>ResolveAssemblyReferences:
             Reference found at search path location "{RawFileName}".
   8:8>ResolveAssemblyReferences:
         Primary reference "System.Runtime.InteropServices, Version=8.0.0.0, Culture=neutral, PublicKeyToken=b03f5f7f11d50a3a".
   5:7>ResolveAssemblyReferences:
                 Private = 'false'
   4:7>ResolveAssemblyReferences:
             This reference is not "CopyLocal" because at least one source item had "Private" set to "false" and no source items had "Private" set to "true".
   7:7>ResolveAssemblyReferences:
             This reference is not "CopyLocal" because at least one source item had "Private" set to "false" and no source items had "Private" set to "true".
   8:8>ResolveAssemblyReferences:
             Resolved file path is "/usr/share/dotnet/packs/Microsoft.NETCore.App.Ref/8.0.21/ref/net8.0/System.Runtime.InteropServices.dll".
   5:7>ResolveAssemblyReferences:
             /usr/share/dotnet/packs/Microsoft.NETCore.App.Ref/8.0.21/ref/net8.0/System.Runtime.Serialization.dll
   7:7>ResolveAssemblyReferences:
             The ImageRuntimeVersion for this reference is "".
   4:7>ResolveAssemblyReferences:
             The ImageRuntimeVersion for this reference is "".
   8:8>ResolveAssemblyReferences:
             Reference found at search path location "{RawFileName}".
   7:7>ResolveAssemblyReferences:
         Primary reference "System.Runtime, Version=8.0.0.0, Culture=neutral, PublicKeyToken=b03f5f7f11d50a3a".
   5:7>ResolveAssemblyReferences:
                 Private = 'false'
   4:7>ResolveAssemblyReferences:
         Primary reference "System.Security.SecureString, Version=8.0.0.0, Culture=neutral, PublicKeyToken=b03f5f7f11d50a3a".
   8:8>ResolveAssemblyReferences:
             This reference is not "CopyLocal" because at least one source item had "Private" set to "false" and no source items had "Private" set to "true".
   4:7>ResolveAssemblyReferences:
             Resolved file path is "/usr/share/dotnet/packs/Microsoft.NETCore.App.Ref/8.0.21/ref/net8.0/System.Security.SecureString.dll".
   5:7>ResolveAssemblyReferences:
             /usr/share/dotnet/packs/Microsoft.NETCore.App.Ref/8.0.21/ref/net8.0/System.Runtime.dll
   8:8>ResolveAssemblyReferences:
             The ImageRuntimeVersion for this reference is "".
   7:7>ResolveAssemblyReferences:
             Resolved file path is "/usr/share/dotnet/packs/Microsoft.NETCore.App.Ref/8.0.21/ref/net8.0/System.Runtime.dll".
   4:7>ResolveAssemblyReferences:
             Reference found at search path location "{RawFileName}".
   8:8>ResolveAssemblyReferences:
         Primary reference "System.Runtime.Intrinsics, Version=8.0.0.0, Culture=neutral, PublicKeyToken=cc7b13ffcd2ddd51".
   5:7>ResolveAssemblyReferences:
                 Private = 'false'
   7:7>ResolveAssemblyReferences:
             Reference found at search path location "{RawFileName}".
   4:7>ResolveAssemblyReferences:
             This reference is not "CopyLocal" because at least one source item had "Private" set to "false" and no source items had "Private" set to "true".
   8:8>ResolveAssemblyReferences:
             Resolved file path is "/usr/share/dotnet/packs/Microsoft.NETCore.App.Ref/8.0.21/ref/net8.0/System.Runtime.Intrinsics.dll".
   7:7>ResolveAssemblyReferences:
             This reference is not "CopyLocal" because at least one source item had "Private" set to "false" and no source items had "Private" set to "true".
   5:7>ResolveAssemblyReferences:
             /usr/share/dotnet/packs/Microsoft.NETCore.App.Ref/8.0.21/ref/net8.0/System.Security.AccessControl.dll
   4:7>ResolveAssemblyReferences:
             The ImageRuntimeVersion for this reference is "".
   7:7>ResolveAssemblyReferences:
             The ImageRuntimeVersion for this reference is "".
   8:8>ResolveAssemblyReferences:
             Reference found at search path location "{RawFileName}".
   5:7>ResolveAssemblyReferences:
                 Private = 'false'
   4:7>ResolveAssemblyReferences:
         Primary reference "System.Security, Version=4.0.0.0, Culture=neutral, PublicKeyToken=b03f5f7f11d50a3a".
   7:7>ResolveAssemblyReferences:
         Primary reference "System.Security.AccessControl, Version=8.0.0.0, Culture=neutral, PublicKeyToken=b03f5f7f11d50a3a".
   8:8>ResolveAssemblyReferences:
             This reference is not "CopyLocal" because at least one source item had "Private" set to "false" and no source items had "Private" set to "true".
   5:7>ResolveAssemblyReferences:
             /usr/share/dotnet/packs/Microsoft.NETCore.App.Ref/8.0.21/ref/net8.0/System.Security.Claims.dll
   7:7>ResolveAssemblyReferences:
             Resolved file path is "/usr/share/dotnet/packs/Microsoft.NETCore.App.Ref/8.0.21/ref/net8.0/System.Security.AccessControl.dll".
   8:8>ResolveAssemblyReferences:
             The ImageRuntimeVersion for this reference is "".
   4:7>ResolveAssemblyReferences:
             Resolved file path is "/usr/share/dotnet/packs/Microsoft.NETCore.App.Ref/8.0.21/ref/net8.0/System.Security.dll".
   5:7>ResolveAssemblyReferences:
                 Private = 'false'
   7:7>ResolveAssemblyReferences:
             Reference found at search path location "{RawFileName}".
   4:7>ResolveAssemblyReferences:
             Reference found at search path location "{RawFileName}".
   8:8>ResolveAssemblyReferences:
         Primary reference "System.Runtime.Loader, Version=8.0.0.0, Culture=neutral, PublicKeyToken=b03f5f7f11d50a3a".
   7:7>ResolveAssemblyReferences:
             This reference is not "CopyLocal" because at least one source item had "Private" set to "false" and no source items had "Private" set to "true".
   5:7>ResolveAssemblyReferences:
             /usr/share/dotnet/packs/Microsoft.NETCore.App.Ref/8.0.21/ref/net8.0/System.Security.Cryptography.Algorithms.dll
   4:7>ResolveAssemblyReferences:
             This reference is not "CopyLocal" because at least one source item had "Private" set to "false" and no source items had "Private" set to "true".
   8:8>ResolveAssemblyReferences:
             Resolved file path is "/usr/share/dotnet/packs/Microsoft.NETCore.App.Ref/8.0.21/ref/net8.0/System.Runtime.Loader.dll".
   7:7>ResolveAssemblyReferences:
             The ImageRuntimeVersion for this reference is "".
   5:7>ResolveAssemblyReferences:
                 Private = 'false'
   4:7>ResolveAssemblyReferences:
             The ImageRuntimeVersion for this reference is "".
   8:8>ResolveAssemblyReferences:
             Reference found at search path location "{RawFileName}".
   7:7>ResolveAssemblyReferences:
         Primary reference "System.Security.Claims, Version=8.0.0.0, Culture=neutral, PublicKeyToken=b03f5f7f11d50a3a".
   5:7>ResolveAssemblyReferences:
             /usr/share/dotnet/packs/Microsoft.NETCore.App.Ref/8.0.21/ref/net8.0/System.Security.Cryptography.Cng.dll
   4:7>ResolveAssemblyReferences:
         Primary reference "System.ServiceModel.Web, Version=4.0.0.0, Culture=neutral, PublicKeyToken=31bf3856ad364e35".
   8:8>ResolveAssemblyReferences:
             This reference is not "CopyLocal" because at least one source item had "Private" set to "false" and no source items had "Private" set to "true".
   7:7>ResolveAssemblyReferences:
             Resolved file path is "/usr/share/dotnet/packs/Microsoft.NETCore.App.Ref/8.0.21/ref/net8.0/System.Security.Claims.dll".
   4:7>ResolveAssemblyReferences:
             Resolved file path is "/usr/share/dotnet/packs/Microsoft.NETCore.App.Ref/8.0.21/ref/net8.0/System.ServiceModel.Web.dll".
   5:7>ResolveAssemblyReferences:
                 Private = 'false'
   8:8>ResolveAssemblyReferences:
             The ImageRuntimeVersion for this reference is "".
   7:7>ResolveAssemblyReferences:
             Reference found at search path location "{RawFileName}".
   4:7>ResolveAssemblyReferences:
             Reference found at search path location "{RawFileName}".
   5:7>ResolveAssemblyReferences:
             /usr/share/dotnet/packs/Microsoft.NETCore.App.Ref/8.0.21/ref/net8.0/System.Security.Cryptography.Csp.dll
   8:8>ResolveAssemblyReferences:
         Primary reference "System.Runtime.Numerics, Version=8.0.0.0, Culture=neutral, PublicKeyToken=b03f5f7f11d50a3a".
   4:7>ResolveAssemblyReferences:
             This reference is not "CopyLocal" because at least one source item had "Private" set to "false" and no source items had "Private" set to "true".
   7:7>ResolveAssemblyReferences:
             This reference is not "CopyLocal" because at least one source item had "Private" set to "false" and no source items had "Private" set to "true".
   5:7>ResolveAssemblyReferences:
                 Private = 'false'
   8:8>ResolveAssemblyReferences:
             Resolved file path is "/usr/share/dotnet/packs/Microsoft.NETCore.App.Ref/8.0.21/ref/net8.0/System.Runtime.Numerics.dll".
   4:7>ResolveAssemblyReferences:
             The ImageRuntimeVersion for this reference is "".
   7:7>ResolveAssemblyReferences:
             The ImageRuntimeVersion for this reference is "".
   5:7>ResolveAssemblyReferences:
             /usr/share/dotnet/packs/Microsoft.NETCore.App.Ref/8.0.21/ref/net8.0/System.Security.Cryptography.Encoding.dll
   8:8>ResolveAssemblyReferences:
             Reference found at search path location "{RawFileName}".
   7:7>ResolveAssemblyReferences:
         Primary reference "System.Security.Cryptography.Algorithms, Version=8.0.0.0, Culture=neutral, PublicKeyToken=b03f5f7f11d50a3a".
   4:7>ResolveAssemblyReferences:
         Primary reference "System.ServiceProcess, Version=4.0.0.0, Culture=neutral, PublicKeyToken=b03f5f7f11d50a3a".
   5:7>ResolveAssemblyReferences:
                 Private = 'false'
   8:8>ResolveAssemblyReferences:
             This reference is not "CopyLocal" because at least one source item had "Private" set to "false" and no source items had "Private" set to "true".
   7:7>ResolveAssemblyReferences:
             Resolved file path is "/usr/share/dotnet/packs/Microsoft.NETCore.App.Ref/8.0.21/ref/net8.0/System.Security.Cryptography.Algorithms.dll".
   4:7>ResolveAssemblyReferences:
             Resolved file path is "/usr/share/dotnet/packs/Microsoft.NETCore.App.Ref/8.0.21/ref/net8.0/System.ServiceProcess.dll".
   5:7>ResolveAssemblyReferences:
             /usr/share/dotnet/packs/Microsoft.NETCore.App.Ref/8.0.21/ref/net8.0/System.Security.Cryptography.OpenSsl.dll
   8:8>ResolveAssemblyReferences:
             The ImageRuntimeVersion for this reference is "".
   7:7>ResolveAssemblyReferences:
             Reference found at search path location "{RawFileName}".
   4:7>ResolveAssemblyReferences:
             Reference found at search path location "{RawFileName}".
   5:7>ResolveAssemblyReferences:
                 Private = 'false'
   8:8>ResolveAssemblyReferences:
         Primary reference "System.Runtime.Serialization.Formatters, Version=8.0.0.0, Culture=neutral, PublicKeyToken=b03f5f7f11d50a3a".
   7:7>ResolveAssemblyReferences:
             This reference is not "CopyLocal" because at least one source item had "Private" set to "false" and no source items had "Private" set to "true".
   4:7>ResolveAssemblyReferences:
             This reference is not "CopyLocal" because at least one source item had "Private" set to "false" and no source items had "Private" set to "true".
   5:7>ResolveAssemblyReferences:
             /usr/share/dotnet/packs/Microsoft.NETCore.App.Ref/8.0.21/ref/net8.0/System.Security.Cryptography.Primitives.dll
   7:7>ResolveAssemblyReferences:
             The ImageRuntimeVersion for this reference is "".
   8:8>ResolveAssemblyReferences:
             Resolved file path is "/usr/share/dotnet/packs/Microsoft.NETCore.App.Ref/8.0.21/ref/net8.0/System.Runtime.Serialization.Formatters.dll".
   4:7>ResolveAssemblyReferences:
             The ImageRuntimeVersion for this reference is "".
   7:7>ResolveAssemblyReferences:
         Primary reference "System.Security.Cryptography.Cng, Version=8.0.0.0, Culture=neutral, PublicKeyToken=b03f5f7f11d50a3a".
   5:7>ResolveAssemblyReferences:
                 Private = 'false'
   8:8>ResolveAssemblyReferences:
             Reference found at search path location "{RawFileName}".
   4:7>ResolveAssemblyReferences:
         Primary reference "System.Text.Encoding.CodePages, Version=8.0.0.0, Culture=neutral, PublicKeyToken=b03f5f7f11d50a3a".
   7:7>ResolveAssemblyReferences:
             Resolved file path is "/usr/share/dotnet/packs/Microsoft.NETCore.App.Ref/8.0.21/ref/net8.0/System.Security.Cryptography.Cng.dll".
   5:7>ResolveAssemblyReferences:
             /usr/share/dotnet/packs/Microsoft.NETCore.App.Ref/8.0.21/ref/net8.0/System.Security.Cryptography.X509Certificates.dll
   8:8>ResolveAssemblyReferences:
             This reference is not "CopyLocal" because at least one source item had "Private" set to "false" and no source items had "Private" set to "true".
   4:7>ResolveAssemblyReferences:
             Resolved file path is "/usr/share/dotnet/packs/Microsoft.NETCore.App.Ref/8.0.21/ref/net8.0/System.Text.Encoding.CodePages.dll".
   7:7>ResolveAssemblyReferences:
             Reference found at search path location "{RawFileName}".
   5:7>ResolveAssemblyReferences:
                 Private = 'false'
   8:8>ResolveAssemblyReferences:
             The ImageRuntimeVersion for this reference is "".
   4:7>ResolveAssemblyReferences:
             Reference found at search path location "{RawFileName}".
   7:7>ResolveAssemblyReferences:
             This reference is not "CopyLocal" because at least one source item had "Private" set to "false" and no source items had "Private" set to "true".
   5:7>ResolveAssemblyReferences:
             /usr/share/dotnet/packs/Microsoft.NETCore.App.Ref/8.0.21/ref/net8.0/System.Security.Cryptography.dll
   8:8>ResolveAssemblyReferences:
         Primary reference "System.Runtime.Serialization.Json, Version=8.0.0.0, Culture=neutral, PublicKeyToken=b03f5f7f11d50a3a".
   4:7>ResolveAssemblyReferences:
             This reference is not "CopyLocal" because at least one source item had "Private" set to "false" and no source items had "Private" set to "true".
   7:7>ResolveAssemblyReferences:
             The ImageRuntimeVersion for this reference is "".
   5:7>ResolveAssemblyReferences:
                 Private = 'false'
   4:7>ResolveAssemblyReferences:
             The ImageRuntimeVersion for this reference is "".
   8:8>ResolveAssemblyReferences:
             Resolved file path is "/usr/share/dotnet/packs/Microsoft.NETCore.App.Ref/8.0.21/ref/net8.0/System.Runtime.Serialization.Json.dll".
   7:7>ResolveAssemblyReferences:
         Primary reference "System.Security.Cryptography.Csp, Version=8.0.0.0, Culture=neutral, PublicKeyToken=b03f5f7f11d50a3a".
   5:7>ResolveAssemblyReferences:
             /usr/share/dotnet/packs/Microsoft.NETCore.App.Ref/8.0.21/ref/net8.0/System.Security.Principal.Windows.dll
   8:8>ResolveAssemblyReferences:
             Reference found at search path location "{RawFileName}".
   7:7>ResolveAssemblyReferences:
             Resolved file path is "/usr/share/dotnet/packs/Microsoft.NETCore.App.Ref/8.0.21/ref/net8.0/System.Security.Cryptography.Csp.dll".
   5:7>ResolveAssemblyReferences:
                 Private = 'false'
   4:7>ResolveAssemblyReferences:
         Primary reference "System.Text.Encoding.Extensions, Version=8.0.0.0, Culture=neutral, PublicKeyToken=b03f5f7f11d50a3a".
   7:7>ResolveAssemblyReferences:
             Reference found at search path location "{RawFileName}".
   8:8>ResolveAssemblyReferences:
             This reference is not "CopyLocal" because at least one source item had "Private" set to "false" and no source items had "Private" set to "true".
   5:7>ResolveAssemblyReferences:
             /usr/share/dotnet/packs/Microsoft.NETCore.App.Ref/8.0.21/ref/net8.0/System.Security.Principal.dll
   4:7>ResolveAssemblyReferences:
             Resolved file path is "/usr/share/dotnet/packs/Microsoft.NETCore.App.Ref/8.0.21/ref/net8.0/System.Text.Encoding.Extensions.dll".
   7:7>ResolveAssemblyReferences:
             This reference is not "CopyLocal" because at least one source item had "Private" set to "false" and no source items had "Private" set to "true".
   8:8>ResolveAssemblyReferences:
             The ImageRuntimeVersion for this reference is "".
   5:7>ResolveAssemblyReferences:
                 Private = 'false'
   7:7>ResolveAssemblyReferences:
             The ImageRuntimeVersion for this reference is "".
   4:7>ResolveAssemblyReferences:
             Reference found at search path location "{RawFileName}".
   8:8>ResolveAssemblyReferences:
         Primary reference "System.Runtime.Serialization.Primitives, Version=8.0.0.0, Culture=neutral, PublicKeyToken=b03f5f7f11d50a3a".
   7:7>ResolveAssemblyReferences:
         Primary reference "System.Security.Cryptography.Encoding, Version=8.0.0.0, Culture=neutral, PublicKeyToken=b03f5f7f11d50a3a".
   5:7>ResolveAssemblyReferences:
             /usr/share/dotnet/packs/Microsoft.NETCore.App.Ref/8.0.21/ref/net8.0/System.Security.SecureString.dll
   4:7>ResolveAssemblyReferences:
             This reference is not "CopyLocal" because at least one source item had "Private" set to "false" and no source items had "Private" set to "true".
   7:7>ResolveAssemblyReferences:
             Resolved file path is "/usr/share/dotnet/packs/Microsoft.NETCore.App.Ref/8.0.21/ref/net8.0/System.Security.Cryptography.Encoding.dll".
   8:8>ResolveAssemblyReferences:
             Resolved file path is "/usr/share/dotnet/packs/Microsoft.NETCore.App.Ref/8.0.21/ref/net8.0/System.Runtime.Serialization.Primitives.dll".
   5:7>ResolveAssemblyReferences:
                 Private = 'false'
   7:7>ResolveAssemblyReferences:
             Reference found at search path location "{RawFileName}".
   4:7>ResolveAssemblyReferences:
             The ImageRuntimeVersion for this reference is "".
   8:8>ResolveAssemblyReferences:
             Reference found at search path location "{RawFileName}".
   7:7>ResolveAssemblyReferences:
             This reference is not "CopyLocal" because at least one source item had "Private" set to "false" and no source items had "Private" set to "true".
   5:7>ResolveAssemblyReferences:
             /usr/share/dotnet/packs/Microsoft.NETCore.App.Ref/8.0.21/ref/net8.0/System.Security.dll
   4:7>ResolveAssemblyReferences:
         Primary reference "System.Text.Encoding, Version=8.0.0.0, Culture=neutral, PublicKeyToken=b03f5f7f11d50a3a".
   7:7>ResolveAssemblyReferences:
             The ImageRuntimeVersion for this reference is "".
   8:8>ResolveAssemblyReferences:
             This reference is not "CopyLocal" because at least one source item had "Private" set to "false" and no source items had "Private" set to "true".
   5:7>ResolveAssemblyReferences:
                 Private = 'false'
   7:7>ResolveAssemblyReferences:
         Primary reference "System.Security.Cryptography.OpenSsl, Version=8.0.0.0, Culture=neutral, PublicKeyToken=b03f5f7f11d50a3a".
   4:7>ResolveAssemblyReferences:
             Resolved file path is "/usr/share/dotnet/packs/Microsoft.NETCore.App.Ref/8.0.21/ref/net8.0/System.Text.Encoding.dll".
   8:8>ResolveAssemblyReferences:
             The ImageRuntimeVersion for this reference is "".
   7:7>ResolveAssemblyReferences:
             Resolved file path is "/usr/share/dotnet/packs/Microsoft.NETCore.App.Ref/8.0.21/ref/net8.0/System.Security.Cryptography.OpenSsl.dll".
   5:7>ResolveAssemblyReferences:
             /usr/share/dotnet/packs/Microsoft.NETCore.App.Ref/8.0.21/ref/net8.0/System.ServiceModel.Web.dll
   4:7>ResolveAssemblyReferences:
             Reference found at search path location "{RawFileName}".
   8:8>ResolveAssemblyReferences:
         Primary reference "System.Runtime.Serialization.Xml, Version=8.0.0.0, Culture=neutral, PublicKeyToken=b03f5f7f11d50a3a".
   7:7>ResolveAssemblyReferences:
             Reference found at search path location "{RawFileName}".
   5:7>ResolveAssemblyReferences:
                 Private = 'false'
   4:7>ResolveAssemblyReferences:
             This reference is not "CopyLocal" because at least one source item had "Private" set to "false" and no source items had "Private" set to "true".
   8:8>ResolveAssemblyReferences:
             Resolved file path is "/usr/share/dotnet/packs/Microsoft.NETCore.App.Ref/8.0.21/ref/net8.0/System.Runtime.Serialization.Xml.dll".
   7:7>ResolveAssemblyReferences:
             This reference is not "CopyLocal" because at least one source item had "Private" set to "false" and no source items had "Private" set to "true".
   4:7>ResolveAssemblyReferences:
             The ImageRuntimeVersion for this reference is "".
   8:8>ResolveAssemblyReferences:
             Reference found at search path location "{RawFileName}".
   7:7>ResolveAssemblyReferences:
             The ImageRuntimeVersion for this reference is "".
   5:7>ResolveAssemblyReferences:
             /usr/share/dotnet/packs/Microsoft.NETCore.App.Ref/8.0.21/ref/net8.0/System.ServiceProcess.dll
   4:7>ResolveAssemblyReferences:
         Primary reference "System.Text.Encodings.Web, Version=8.0.0.0, Culture=neutral, PublicKeyToken=cc7b13ffcd2ddd51".
   7:7>ResolveAssemblyReferences:
         Primary reference "System.Security.Cryptography.Primitives, Version=8.0.0.0, Culture=neutral, PublicKeyToken=b03f5f7f11d50a3a".
   8:8>ResolveAssemblyReferences:
             This reference is not "CopyLocal" because at least one source item had "Private" set to "false" and no source items had "Private" set to "true".
   5:7>ResolveAssemblyReferences:
                 Private = 'false'
   7:7>ResolveAssemblyReferences:
             Resolved file path is "/usr/share/dotnet/packs/Microsoft.NETCore.App.Ref/8.0.21/ref/net8.0/System.Security.Cryptography.Primitives.dll".
   4:7>ResolveAssemblyReferences:
             Resolved file path is "/usr/share/dotnet/packs/Microsoft.NETCore.App.Ref/8.0.21/ref/net8.0/System.Text.Encodings.Web.dll".
   8:8>ResolveAssemblyReferences:
             The ImageRuntimeVersion for this reference is "".
   7:7>ResolveAssemblyReferences:
             Reference found at search path location "{RawFileName}".
   4:7>ResolveAssemblyReferences:
             Reference found at search path location "{RawFileName}".
   7:7>ResolveAssemblyReferences:
             This reference is not "CopyLocal" because at least one source item had "Private" set to "false" and no source items had "Private" set to "true".
   8:8>ResolveAssemblyReferences:
         Primary reference "System.Runtime.Serialization, Version=4.0.0.0, Culture=neutral, PublicKeyToken=b77a5c561934e089".
   7:7>ResolveAssemblyReferences:
             The ImageRuntimeVersion for this reference is "".
         Primary reference "System.Security.Cryptography.X509Certificates, Version=8.0.0.0, Culture=neutral, PublicKeyToken=b03f5f7f11d50a3a".
   8:8>ResolveAssemblyReferences:
             Resolved file path is "/usr/share/dotnet/packs/Microsoft.NETCore.App.Ref/8.0.21/ref/net8.0/System.Runtime.Serialization.dll".
   7:7>ResolveAssemblyReferences:
             Resolved file path is "/usr/share/dotnet/packs/Microsoft.NETCore.App.Ref/8.0.21/ref/net8.0/System.Security.Cryptography.X509Certificates.dll".
   8:8>ResolveAssemblyReferences:
             Reference found at search path location "{RawFileName}".
   5:7>ResolveAssemblyReferences:
             /usr/share/dotnet/packs/Microsoft.NETCore.App.Ref/8.0.21/ref/net8.0/System.Text.Encoding.CodePages.dll
   7:7>ResolveAssemblyReferences:
             Reference found at search path location "{RawFileName}".
   8:8>ResolveAssemblyReferences:
             This reference is not "CopyLocal" because at least one source item had "Private" set to "false" and no source items had "Private" set to "true".
   7:7>ResolveAssemblyReferences:
             This reference is not "CopyLocal" because at least one source item had "Private" set to "false" and no source items had "Private" set to "true".
   5:7>ResolveAssemblyReferences:
                 Private = 'false'
   8:8>ResolveAssemblyReferences:
             The ImageRuntimeVersion for this reference is "".
   7:7>ResolveAssemblyReferences:
             The ImageRuntimeVersion for this reference is "".
         Primary reference "System.Security.Cryptography, Version=8.0.0.0, Culture=neutral, PublicKeyToken=b03f5f7f11d50a3a".
   5:7>ResolveAssemblyReferences:
             /usr/share/dotnet/packs/Microsoft.NETCore.App.Ref/8.0.21/ref/net8.0/System.Text.Encoding.Extensions.dll
   8:8>ResolveAssemblyReferences:
         Primary reference "System.Runtime, Version=8.0.0.0, Culture=neutral, PublicKeyToken=b03f5f7f11d50a3a".
   7:7>ResolveAssemblyReferences:
             Resolved file path is "/usr/share/dotnet/packs/Microsoft.NETCore.App.Ref/8.0.21/ref/net8.0/System.Security.Cryptography.dll".
             Reference found at search path location "{RawFileName}".
   5:7>ResolveAssemblyReferences:
                 Private = 'false'
   8:8>ResolveAssemblyReferences:
             Resolved file path is "/usr/share/dotnet/packs/Microsoft.NETCore.App.Ref/8.0.21/ref/net8.0/System.Runtime.dll".
   7:7>ResolveAssemblyReferences:
             This reference is not "CopyLocal" because at least one source item had "Private" set to "false" and no source items had "Private" set to "true".
   5:7>ResolveAssemblyReferences:
             /usr/share/dotnet/packs/Microsoft.NETCore.App.Ref/8.0.21/ref/net8.0/System.Text.Encoding.dll
   8:8>ResolveAssemblyReferences:
             Reference found at search path location "{RawFileName}".
   7:7>ResolveAssemblyReferences:
             The ImageRuntimeVersion for this reference is "".
   8:8>ResolveAssemblyReferences:
             This reference is not "CopyLocal" because at least one source item had "Private" set to "false" and no source items had "Private" set to "true".
   7:7>ResolveAssemblyReferences:
         Primary reference "System.Security.Principal.Windows, Version=8.0.0.0, Culture=neutral, PublicKeyToken=b03f5f7f11d50a3a".
   5:7>ResolveAssemblyReferences:
                 Private = 'false'
   7:7>ResolveAssemblyReferences:
             Resolved file path is "/usr/share/dotnet/packs/Microsoft.NETCore.App.Ref/8.0.21/ref/net8.0/System.Security.Principal.Windows.dll".
   5:7>ResolveAssemblyReferences:
             /usr/share/dotnet/packs/Microsoft.NETCore.App.Ref/8.0.21/ref/net8.0/System.Text.Encodings.Web.dll
   8:8>ResolveAssemblyReferences:
             The ImageRuntimeVersion for this reference is "".
   7:7>ResolveAssemblyReferences:
             Reference found at search path location "{RawFileName}".
   8:8>ResolveAssemblyReferences:
         Primary reference "System.Security.AccessControl, Version=8.0.0.0, Culture=neutral, PublicKeyToken=b03f5f7f11d50a3a".
   5:7>ResolveAssemblyReferences:
                 Private = 'false'
   7:7>ResolveAssemblyReferences:
             This reference is not "CopyLocal" because at least one source item had "Private" set to "false" and no source items had "Private" set to "true".
   8:8>ResolveAssemblyReferences:
             Resolved file path is "/usr/share/dotnet/packs/Microsoft.NETCore.App.Ref/8.0.21/ref/net8.0/System.Security.AccessControl.dll".
   5:7>ResolveAssemblyReferences:
             /usr/share/dotnet/packs/Microsoft.NETCore.App.Ref/8.0.21/ref/net8.0/System.Text.Json.dll
   7:7>ResolveAssemblyReferences:
             The ImageRuntimeVersion for this reference is "".
   8:8>ResolveAssemblyReferences:
             Reference found at search path location "{RawFileName}".
             This reference is not "CopyLocal" because at least one source item had "Private" set to "false" and no source items had "Private" set to "true".
   5:7>ResolveAssemblyReferences:
                 Private = 'false'
   7:7>ResolveAssemblyReferences:
         Primary reference "System.Security.Principal, Version=8.0.0.0, Culture=neutral, PublicKeyToken=b03f5f7f11d50a3a".
   8:8>ResolveAssemblyReferences:
             The ImageRuntimeVersion for this reference is "".
   7:7>ResolveAssemblyReferences:
             Resolved file path is "/usr/share/dotnet/packs/Microsoft.NETCore.App.Ref/8.0.21/ref/net8.0/System.Security.Principal.dll".
   5:7>ResolveAssemblyReferences:
             /usr/share/dotnet/packs/Microsoft.NETCore.App.Ref/8.0.21/ref/net8.0/System.Text.RegularExpressions.dll
   4:7>ResolveAssemblyReferences:
             This reference is not "CopyLocal" because at least one source item had "Private" set to "false" and no source items had "Private" set to "true".
   8:8>ResolveAssemblyReferences:
         Primary reference "System.Security.Claims, Version=8.0.0.0, Culture=neutral, PublicKeyToken=b03f5f7f11d50a3a".
   7:7>ResolveAssemblyReferences:
             Reference found at search path location "{RawFileName}".
   5:7>ResolveAssemblyReferences:
                 Private = 'false'
   8:8>ResolveAssemblyReferences:
             Resolved file path is "/usr/share/dotnet/packs/Microsoft.NETCore.App.Ref/8.0.21/ref/net8.0/System.Security.Claims.dll".
   7:7>ResolveAssemblyReferences:
             This reference is not "CopyLocal" because at least one source item had "Private" set to "false" and no source items had "Private" set to "true".
   5:7>ResolveAssemblyReferences:
             /usr/share/dotnet/packs/Microsoft.NETCore.App.Ref/8.0.21/ref/net8.0/System.Threading.Channels.dll
   8:8>ResolveAssemblyReferences:
             Reference found at search path location "{RawFileName}".
   7:7>ResolveAssemblyReferences:
             The ImageRuntimeVersion for this reference is "".
   5:7>ResolveAssemblyReferences:
                 Private = 'false'
   4:7>ResolveAssemblyReferences:
             The ImageRuntimeVersion for this reference is "".
   8:8>ResolveAssemblyReferences:
             This reference is not "CopyLocal" because at least one source item had "Private" set to "false" and no source items had "Private" set to "true".
   7:7>ResolveAssemblyReferences:
         Primary reference "System.Security.SecureString, Version=8.0.0.0, Culture=neutral, PublicKeyToken=b03f5f7f11d50a3a".
   5:7>ResolveAssemblyReferences:
             /usr/share/dotnet/packs/Microsoft.NETCore.App.Ref/8.0.21/ref/net8.0/System.Threading.Overlapped.dll
   7:7>ResolveAssemblyReferences:
             Resolved file path is "/usr/share/dotnet/packs/Microsoft.NETCore.App.Ref/8.0.21/ref/net8.0/System.Security.SecureString.dll".
   5:7>ResolveAssemblyReferences:
                 Private = 'false'
   7:7>ResolveAssemblyReferences:
             Reference found at search path location "{RawFileName}".
   8:8>ResolveAssemblyReferences:
             The ImageRuntimeVersion for this reference is "".
   7:7>ResolveAssemblyReferences:
             This reference is not "CopyLocal" because at least one source item had "Private" set to "false" and no source items had "Private" set to "true".
   8:8>ResolveAssemblyReferences:
         Primary reference "System.Security.Cryptography.Algorithms, Version=8.0.0.0, Culture=neutral, PublicKeyToken=b03f5f7f11d50a3a".
   5:7>ResolveAssemblyReferences:
             /usr/share/dotnet/packs/Microsoft.NETCore.App.Ref/8.0.21/ref/net8.0/System.Threading.Tasks.Dataflow.dll
   7:7>ResolveAssemblyReferences:
             The ImageRuntimeVersion for this reference is "".
   8:8>ResolveAssemblyReferences:
             Resolved file path is "/usr/share/dotnet/packs/Microsoft.NETCore.App.Ref/8.0.21/ref/net8.0/System.Security.Cryptography.Algorithms.dll".
   4:7>ResolveAssemblyReferences:
         Primary reference "System.Text.Json, Version=8.0.0.0, Culture=neutral, PublicKeyToken=cc7b13ffcd2ddd51".
   5:7>ResolveAssemblyReferences:
                 Private = 'false'
   7:7>ResolveAssemblyReferences:
         Primary reference "System.Security, Version=4.0.0.0, Culture=neutral, PublicKeyToken=b03f5f7f11d50a3a".
   5:7>ResolveAssemblyReferences:
             /usr/share/dotnet/packs/Microsoft.NETCore.App.Ref/8.0.21/ref/net8.0/System.Threading.Tasks.Extensions.dll
   7:7>ResolveAssemblyReferences:
             Resolved file path is "/usr/share/dotnet/packs/Microsoft.NETCore.App.Ref/8.0.21/ref/net8.0/System.Security.dll".
             Reference found at search path location "{RawFileName}".
   5:7>ResolveAssemblyReferences:
                 Private = 'false'
   4:7>ResolveAssemblyReferences:
             Resolved file path is "/usr/share/dotnet/packs/Microsoft.NETCore.App.Ref/8.0.21/ref/net8.0/System.Text.Json.dll".
   7:7>ResolveAssemblyReferences:
             This reference is not "CopyLocal" because at least one source item had "Private" set to "false" and no source items had "Private" set to "true".
   5:7>ResolveAssemblyReferences:
             /usr/share/dotnet/packs/Microsoft.NETCore.App.Ref/8.0.21/ref/net8.0/System.Threading.Tasks.Parallel.dll
   7:7>ResolveAssemblyReferences:
             The ImageRuntimeVersion for this reference is "".
   5:7>ResolveAssemblyReferences:
                 Private = 'false'
   7:7>ResolveAssemblyReferences:
         Primary reference "System.ServiceModel.Web, Version=4.0.0.0, Culture=neutral, PublicKeyToken=31bf3856ad364e35".
   5:7>ResolveAssemblyReferences:
             /usr/share/dotnet/packs/Microsoft.NETCore.App.Ref/8.0.21/ref/net8.0/System.Threading.Tasks.dll
   4:7>ResolveAssemblyReferences:
             Reference found at search path location "{RawFileName}".
   7:7>ResolveAssemblyReferences:
             Resolved file path is "/usr/share/dotnet/packs/Microsoft.NETCore.App.Ref/8.0.21/ref/net8.0/System.ServiceModel.Web.dll".
   5:7>ResolveAssemblyReferences:
                 Private = 'false'
   7:7>ResolveAssemblyReferences:
             Reference found at search path location "{RawFileName}".
   5:7>ResolveAssemblyReferences:
             /usr/share/dotnet/packs/Microsoft.NETCore.App.Ref/8.0.21/ref/net8.0/System.Threading.Thread.dll
   7:7>ResolveAssemblyReferences:
             This reference is not "CopyLocal" because at least one source item had "Private" set to "false" and no source items had "Private" set to "true".
   4:7>ResolveAssemblyReferences:
             This reference is not "CopyLocal" because at least one source item had "Private" set to "false" and no source items had "Private" set to "true".
   5:7>ResolveAssemblyReferences:
                 Private = 'false'
   7:7>ResolveAssemblyReferences:
             The ImageRuntimeVersion for this reference is "".
   5:7>ResolveAssemblyReferences:
             /usr/share/dotnet/packs/Microsoft.NETCore.App.Ref/8.0.21/ref/net8.0/System.Threading.ThreadPool.dll
   7:7>ResolveAssemblyReferences:
         Primary reference "System.ServiceProcess, Version=4.0.0.0, Culture=neutral, PublicKeyToken=b03f5f7f11d50a3a".
             Resolved file path is "/usr/share/dotnet/packs/Microsoft.NETCore.App.Ref/8.0.21/ref/net8.0/System.ServiceProcess.dll".
   5:7>ResolveAssemblyReferences:
                 Private = 'false'
   4:7>ResolveAssemblyReferences:
             The ImageRuntimeVersion for this reference is "".
   7:7>ResolveAssemblyReferences:
             Reference found at search path location "{RawFileName}".
   5:7>ResolveAssemblyReferences:
             /usr/share/dotnet/packs/Microsoft.NETCore.App.Ref/8.0.21/ref/net8.0/System.Threading.Timer.dll
   7:7>ResolveAssemblyReferences:
             This reference is not "CopyLocal" because at least one source item had "Private" set to "false" and no source items had "Private" set to "true".
   5:7>ResolveAssemblyReferences:
                 Private = 'false'
   7:7>ResolveAssemblyReferences:
             The ImageRuntimeVersion for this reference is "".
   4:7>ResolveAssemblyReferences:
         Primary reference "System.Text.RegularExpressions, Version=8.0.0.0, Culture=neutral, PublicKeyToken=b03f5f7f11d50a3a".
   5:7>ResolveAssemblyReferences:
             /usr/share/dotnet/packs/Microsoft.NETCore.App.Ref/8.0.21/ref/net8.0/System.Threading.dll
   7:7>ResolveAssemblyReferences:
         Primary reference "System.Text.Encoding.CodePages, Version=8.0.0.0, Culture=neutral, PublicKeyToken=b03f5f7f11d50a3a".
   5:7>ResolveAssemblyReferences:
                 Private = 'false'
   7:7>ResolveAssemblyReferences:
             Resolved file path is "/usr/share/dotnet/packs/Microsoft.NETCore.App.Ref/8.0.21/ref/net8.0/System.Text.Encoding.CodePages.dll".
   5:7>ResolveAssemblyReferences:
             /usr/share/dotnet/packs/Microsoft.NETCore.App.Ref/8.0.21/ref/net8.0/System.Transactions.Local.dll
   7:7>ResolveAssemblyReferences:
             Reference found at search path location "{RawFileName}".
   4:7>ResolveAssemblyReferences:
             Resolved file path is "/usr/share/dotnet/packs/Microsoft.NETCore.App.Ref/8.0.21/ref/net8.0/System.Text.RegularExpressions.dll".
   7:7>ResolveAssemblyReferences:
             This reference is not "CopyLocal" because at least one source item had "Private" set to "false" and no source items had "Private" set to "true".
   5:7>ResolveAssemblyReferences:
                 Private = 'false'
   7:7>ResolveAssemblyReferences:
             The ImageRuntimeVersion for this reference is "".
   5:7>ResolveAssemblyReferences:
             /usr/share/dotnet/packs/Microsoft.NETCore.App.Ref/8.0.21/ref/net8.0/System.Transactions.dll
   7:7>ResolveAssemblyReferences:
         Primary reference "System.Text.Encoding.Extensions, Version=8.0.0.0, Culture=neutral, PublicKeyToken=b03f5f7f11d50a3a".
   5:7>ResolveAssemblyReferences:
                 Private = 'false'
   4:7>ResolveAssemblyReferences:
             Reference found at search path location "{RawFileName}".
   7:7>ResolveAssemblyReferences:
             Resolved file path is "/usr/share/dotnet/packs/Microsoft.NETCore.App.Ref/8.0.21/ref/net8.0/System.Text.Encoding.Extensions.dll".
   5:7>ResolveAssemblyReferences:
             /usr/share/dotnet/packs/Microsoft.NETCore.App.Ref/8.0.21/ref/net8.0/System.ValueTuple.dll
   7:7>ResolveAssemblyReferences:
             Reference found at search path location "{RawFileName}".
   5:7>ResolveAssemblyReferences:
                 Private = 'false'
   7:7>ResolveAssemblyReferences:
             This reference is not "CopyLocal" because at least one source item had "Private" set to "false" and no source items had "Private" set to "true".
             The ImageRuntimeVersion for this reference is "".
   4:7>ResolveAssemblyReferences:
             This reference is not "CopyLocal" because at least one source item had "Private" set to "false" and no source items had "Private" set to "true".
   5:7>ResolveAssemblyReferences:
             /usr/share/dotnet/packs/Microsoft.NETCore.App.Ref/8.0.21/ref/net8.0/System.Web.HttpUtility.dll
   7:7>ResolveAssemblyReferences:
         Primary reference "System.Text.Encoding, Version=8.0.0.0, Culture=neutral, PublicKeyToken=b03f5f7f11d50a3a".
   5:7>ResolveAssemblyReferences:
                 Private = 'false'
   7:7>ResolveAssemblyReferences:
             Resolved file path is "/usr/share/dotnet/packs/Microsoft.NETCore.App.Ref/8.0.21/ref/net8.0/System.Text.Encoding.dll".
   5:7>ResolveAssemblyReferences:
             /usr/share/dotnet/packs/Microsoft.NETCore.App.Ref/8.0.21/ref/net8.0/System.Web.dll
   4:7>ResolveAssemblyReferences:
             The ImageRuntimeVersion for this reference is "".
   7:7>ResolveAssemblyReferences:
             Reference found at search path location "{RawFileName}".
   5:7>ResolveAssemblyReferences:
                 Private = 'false'
   7:7>ResolveAssemblyReferences:
             This reference is not "CopyLocal" because at least one source item had "Private" set to "false" and no source items had "Private" set to "true".
   5:7>ResolveAssemblyReferences:
             /usr/share/dotnet/packs/Microsoft.NETCore.App.Ref/8.0.21/ref/net8.0/System.Windows.dll
   7:7>ResolveAssemblyReferences:
             The ImageRuntimeVersion for this reference is "".
   5:7>ResolveAssemblyReferences:
                 Private = 'false'
   4:7>ResolveAssemblyReferences:
         Primary reference "System.Threading.Channels, Version=8.0.0.0, Culture=neutral, PublicKeyToken=cc7b13ffcd2ddd51".
   7:7>ResolveAssemblyReferences:
         Primary reference "System.Text.Encodings.Web, Version=8.0.0.0, Culture=neutral, PublicKeyToken=cc7b13ffcd2ddd51".
   5:7>ResolveAssemblyReferences:
             /usr/share/dotnet/packs/Microsoft.NETCore.App.Ref/8.0.21/ref/net8.0/System.Xml.Linq.dll
   7:7>ResolveAssemblyReferences:
             Resolved file path is "/usr/share/dotnet/packs/Microsoft.NETCore.App.Ref/8.0.21/ref/net8.0/System.Text.Encodings.Web.dll".
   5:7>ResolveAssemblyReferences:
                 Private = 'false'
   7:7>ResolveAssemblyReferences:
             Reference found at search path location "{RawFileName}".
   5:7>ResolveAssemblyReferences:
             /usr/share/dotnet/packs/Microsoft.NETCore.App.Ref/8.0.21/ref/net8.0/System.Xml.ReaderWriter.dll
   4:7>ResolveAssemblyReferences:
             Resolved file path is "/usr/share/dotnet/packs/Microsoft.NETCore.App.Ref/8.0.21/ref/net8.0/System.Threading.Channels.dll".
   7:7>ResolveAssemblyReferences:
             This reference is not "CopyLocal" because at least one source item had "Private" set to "false" and no source items had "Private" set to "true".
   5:7>ResolveAssemblyReferences:
                 Private = 'false'
   7:7>ResolveAssemblyReferences:
             The ImageRuntimeVersion for this reference is "".
   5:7>ResolveAssemblyReferences:
             /usr/share/dotnet/packs/Microsoft.NETCore.App.Ref/8.0.21/ref/net8.0/System.Xml.Serialization.dll
   7:7>ResolveAssemblyReferences:
         Primary reference "System.Text.Json, Version=8.0.0.0, Culture=neutral, PublicKeyToken=cc7b13ffcd2ddd51".
             Resolved file path is "/usr/share/dotnet/packs/Microsoft.NETCore.App.Ref/8.0.21/ref/net8.0/System.Text.Json.dll".
   4:7>ResolveAssemblyReferences:
             Reference found at search path location "{RawFileName}".
   5:7>ResolveAssemblyReferences:
                 Private = 'false'
   7:7>ResolveAssemblyReferences:
             Reference found at search path location "{RawFileName}".
   5:7>ResolveAssemblyReferences:
             /usr/share/dotnet/packs/Microsoft.NETCore.App.Ref/8.0.21/ref/net8.0/System.Xml.XDocument.dll
   7:7>ResolveAssemblyReferences:
             This reference is not "CopyLocal" because at least one source item had "Private" set to "false" and no source items had "Private" set to "true".
   5:7>ResolveAssemblyReferences:
                 Private = 'false'
   7:7>ResolveAssemblyReferences:
             The ImageRuntimeVersion for this reference is "".
   4:7>ResolveAssemblyReferences:
             This reference is not "CopyLocal" because at least one source item had "Private" set to "false" and no source items had "Private" set to "true".
   7:7>ResolveAssemblyReferences:
         Primary reference "System.Text.RegularExpressions, Version=8.0.0.0, Culture=neutral, PublicKeyToken=b03f5f7f11d50a3a".
   5:7>ResolveAssemblyReferences:
             /usr/share/dotnet/packs/Microsoft.NETCore.App.Ref/8.0.21/ref/net8.0/System.Xml.XPath.XDocument.dll
   7:7>ResolveAssemblyReferences:
             Resolved file path is "/usr/share/dotnet/packs/Microsoft.NETCore.App.Ref/8.0.21/ref/net8.0/System.Text.RegularExpressions.dll".
   5:7>ResolveAssemblyReferences:
                 Private = 'false'
   7:7>ResolveAssemblyReferences:
             Reference found at search path location "{RawFileName}".
   5:7>ResolveAssemblyReferences:
             /usr/share/dotnet/packs/Microsoft.NETCore.App.Ref/8.0.21/ref/net8.0/System.Xml.XPath.dll
   4:7>ResolveAssemblyReferences:
             The ImageRuntimeVersion for this reference is "".
   7:7>ResolveAssemblyReferences:
             This reference is not "CopyLocal" because at least one source item had "Private" set to "false" and no source items had "Private" set to "true".
   5:7>ResolveAssemblyReferences:
                 Private = 'false'
   7:7>ResolveAssemblyReferences:
             The ImageRuntimeVersion for this reference is "".
   5:7>ResolveAssemblyReferences:
             /usr/share/dotnet/packs/Microsoft.NETCore.App.Ref/8.0.21/ref/net8.0/System.Xml.XmlDocument.dll
   7:7>ResolveAssemblyReferences:
         Primary reference "System.Threading.Channels, Version=8.0.0.0, Culture=neutral, PublicKeyToken=cc7b13ffcd2ddd51".
   4:7>ResolveAssemblyReferences:
         Primary reference "System.Threading.Overlapped, Version=8.0.0.0, Culture=neutral, PublicKeyToken=b03f5f7f11d50a3a".
   7:7>ResolveAssemblyReferences:
             Resolved file path is "/usr/share/dotnet/packs/Microsoft.NETCore.App.Ref/8.0.21/ref/net8.0/System.Threading.Channels.dll".
   5:7>ResolveAssemblyReferences:
                 Private = 'false'
   7:7>ResolveAssemblyReferences:
             Reference found at search path location "{RawFileName}".
   5:7>ResolveAssemblyReferences:
             /usr/share/dotnet/packs/Microsoft.NETCore.App.Ref/8.0.21/ref/net8.0/System.Xml.XmlSerializer.dll
   7:7>ResolveAssemblyReferences:
             This reference is not "CopyLocal" because at least one source item had "Private" set to "false" and no source items had "Private" set to "true".
   5:7>ResolveAssemblyReferences:
                 Private = 'false'
   7:7>ResolveAssemblyReferences:
             The ImageRuntimeVersion for this reference is "".
   4:7>ResolveAssemblyReferences:
             Resolved file path is "/usr/share/dotnet/packs/Microsoft.NETCore.App.Ref/8.0.21/ref/net8.0/System.Threading.Overlapped.dll".
   5:7>ResolveAssemblyReferences:
             /usr/share/dotnet/packs/Microsoft.NETCore.App.Ref/8.0.21/ref/net8.0/System.Xml.dll
   7:7>ResolveAssemblyReferences:
         Primary reference "System.Threading.Overlapped, Version=8.0.0.0, Culture=neutral, PublicKeyToken=b03f5f7f11d50a3a".
   5:7>ResolveAssemblyReferences:
                 Private = 'false'
   7:7>ResolveAssemblyReferences:
             Resolved file path is "/usr/share/dotnet/packs/Microsoft.NETCore.App.Ref/8.0.21/ref/net8.0/System.Threading.Overlapped.dll".
   5:7>ResolveAssemblyReferences:
             /usr/share/dotnet/packs/Microsoft.NETCore.App.Ref/8.0.21/ref/net8.0/System.dll
   4:7>ResolveAssemblyReferences:
             Reference found at search path location "{RawFileName}".
   7:7>ResolveAssemblyReferences:
             Reference found at search path location "{RawFileName}".
   5:7>ResolveAssemblyReferences:
                 Private = 'false'
   7:7>ResolveAssemblyReferences:
             This reference is not "CopyLocal" because at least one source item had "Private" set to "false" and no source items had "Private" set to "true".
   5:7>ResolveAssemblyReferences:
             /usr/share/dotnet/packs/Microsoft.NETCore.App.Ref/8.0.21/ref/net8.0/WindowsBase.dll
   4:7>ResolveAssemblyReferences:
             This reference is not "CopyLocal" because at least one source item had "Private" set to "false" and no source items had "Private" set to "true".
   7:7>ResolveAssemblyReferences:
             The ImageRuntimeVersion for this reference is "".
   5:7>ResolveAssemblyReferences:
                 Private = 'false'
   7:7>ResolveAssemblyReferences:
         Primary reference "System.Threading.Tasks.Dataflow, Version=8.0.0.0, Culture=neutral, PublicKeyToken=b03f5f7f11d50a3a".
   5:7>ResolveAssemblyReferences:
             /usr/share/dotnet/packs/Microsoft.NETCore.App.Ref/8.0.21/ref/net8.0/mscorlib.dll
   7:7>ResolveAssemblyReferences:
             Resolved file path is "/usr/share/dotnet/packs/Microsoft.NETCore.App.Ref/8.0.21/ref/net8.0/System.Threading.Tasks.Dataflow.dll".
   4:7>ResolveAssemblyReferences:
             The ImageRuntimeVersion for this reference is "".
   5:7>ResolveAssemblyReferences:
                 Private = 'false'
   7:7>ResolveAssemblyReferences:
             Reference found at search path location "{RawFileName}".
   5:7>ResolveAssemblyReferences:
             /usr/share/dotnet/packs/Microsoft.NETCore.App.Ref/8.0.21/ref/net8.0/netstandard.dll
   7:7>ResolveAssemblyReferences:
             This reference is not "CopyLocal" because at least one source item had "Private" set to "false" and no source items had "Private" set to "true".
             The ImageRuntimeVersion for this reference is "".
   4:7>ResolveAssemblyReferences:
         Primary reference "System.Threading.Tasks.Dataflow, Version=8.0.0.0, Culture=neutral, PublicKeyToken=b03f5f7f11d50a3a".
   7:7>ResolveAssemblyReferences:
         Primary reference "System.Threading.Tasks.Extensions, Version=8.0.0.0, Culture=neutral, PublicKeyToken=cc7b13ffcd2ddd51".
             Resolved file path is "/usr/share/dotnet/packs/Microsoft.NETCore.App.Ref/8.0.21/ref/net8.0/System.Threading.Tasks.Extensions.dll".
   5:7>ResolveAssemblyReferences:
                 Private = 'false'
   4:7>ResolveAssemblyReferences:
             Resolved file path is "/usr/share/dotnet/packs/Microsoft.NETCore.App.Ref/8.0.21/ref/net8.0/System.Threading.Tasks.Dataflow.dll".
   7:7>ResolveAssemblyReferences:
             Reference found at search path location "{RawFileName}".
             This reference is not "CopyLocal" because at least one source item had "Private" set to "false" and no source items had "Private" set to "true".
             The ImageRuntimeVersion for this reference is "".
   5:7>ResolveAssemblyReferences:
             /usr/share/dotnet/packs/Microsoft.AspNetCore.App.Ref/8.0.21/ref/net8.0/Microsoft.AspNetCore.Antiforgery.dll
   4:7>ResolveAssemblyReferences:
             Reference found at search path location "{RawFileName}".
   7:7>ResolveAssemblyReferences:
         Primary reference "System.Threading.Tasks.Parallel, Version=8.0.0.0, Culture=neutral, PublicKeyToken=b03f5f7f11d50a3a".
             Resolved file path is "/usr/share/dotnet/packs/Microsoft.NETCore.App.Ref/8.0.21/ref/net8.0/System.Threading.Tasks.Parallel.dll".
   5:7>ResolveAssemblyReferences:
                 Private = 'false'
   7:7>ResolveAssemblyReferences:
             Reference found at search path location "{RawFileName}".
   5:7>ResolveAssemblyReferences:
             /usr/share/dotnet/packs/Microsoft.AspNetCore.App.Ref/8.0.21/ref/net8.0/Microsoft.AspNetCore.Authentication.Abstractions.dll
   7:7>ResolveAssemblyReferences:
             This reference is not "CopyLocal" because at least one source item had "Private" set to "false" and no source items had "Private" set to "true".
   4:7>ResolveAssemblyReferences:
             This reference is not "CopyLocal" because at least one source item had "Private" set to "false" and no source items had "Private" set to "true".
   7:7>ResolveAssemblyReferences:
             The ImageRuntimeVersion for this reference is "".
   5:7>ResolveAssemblyReferences:
                 Private = 'false'
   7:7>ResolveAssemblyReferences:
         Primary reference "System.Threading.Tasks, Version=8.0.0.0, Culture=neutral, PublicKeyToken=b03f5f7f11d50a3a".
             Resolved file path is "/usr/share/dotnet/packs/Microsoft.NETCore.App.Ref/8.0.21/ref/net8.0/System.Threading.Tasks.dll".
   5:7>ResolveAssemblyReferences:
             /usr/share/dotnet/packs/Microsoft.AspNetCore.App.Ref/8.0.21/ref/net8.0/Microsoft.AspNetCore.Authentication.BearerToken.dll
   7:7>ResolveAssemblyReferences:
             Reference found at search path location "{RawFileName}".
   4:7>ResolveAssemblyReferences:
             The ImageRuntimeVersion for this reference is "".
   5:7>ResolveAssemblyReferences:
                 Private = 'false'
   7:7>ResolveAssemblyReferences:
             This reference is not "CopyLocal" because at least one source item had "Private" set to "false" and no source items had "Private" set to "true".
             The ImageRuntimeVersion for this reference is "".
   5:7>ResolveAssemblyReferences:
             /usr/share/dotnet/packs/Microsoft.AspNetCore.App.Ref/8.0.21/ref/net8.0/Microsoft.AspNetCore.Authentication.Cookies.dll
   7:7>ResolveAssemblyReferences:
         Primary reference "System.Threading.Thread, Version=8.0.0.0, Culture=neutral, PublicKeyToken=b03f5f7f11d50a3a".
             Resolved file path is "/usr/share/dotnet/packs/Microsoft.NETCore.App.Ref/8.0.21/ref/net8.0/System.Threading.Thread.dll".
   5:7>ResolveAssemblyReferences:
                 Private = 'false'
   4:7>ResolveAssemblyReferences:
         Primary reference "System.Threading.Tasks.Extensions, Version=8.0.0.0, Culture=neutral, PublicKeyToken=cc7b13ffcd2ddd51".
   7:7>ResolveAssemblyReferences:
             Reference found at search path location "{RawFileName}".
   5:7>ResolveAssemblyReferences:
             /usr/share/dotnet/packs/Microsoft.AspNetCore.App.Ref/8.0.21/ref/net8.0/Microsoft.AspNetCore.Authentication.Core.dll
   7:7>ResolveAssemblyReferences:
             This reference is not "CopyLocal" because at least one source item had "Private" set to "false" and no source items had "Private" set to "true".
             The ImageRuntimeVersion for this reference is "".
   5:7>ResolveAssemblyReferences:
                 Private = 'false'
   4:7>ResolveAssemblyReferences:
             Resolved file path is "/usr/share/dotnet/packs/Microsoft.NETCore.App.Ref/8.0.21/ref/net8.0/System.Threading.Tasks.Extensions.dll".
   7:7>ResolveAssemblyReferences:
         Primary reference "System.Threading.ThreadPool, Version=8.0.0.0, Culture=neutral, PublicKeyToken=b03f5f7f11d50a3a".
   5:7>ResolveAssemblyReferences:
             /usr/share/dotnet/packs/Microsoft.AspNetCore.App.Ref/8.0.21/ref/net8.0/Microsoft.AspNetCore.Authentication.OAuth.dll
   7:7>ResolveAssemblyReferences:
             Resolved file path is "/usr/share/dotnet/packs/Microsoft.NETCore.App.Ref/8.0.21/ref/net8.0/System.Threading.ThreadPool.dll".
             Reference found at search path location "{RawFileName}".
   5:7>ResolveAssemblyReferences:
                 Private = 'false'
   7:7>ResolveAssemblyReferences:
             This reference is not "CopyLocal" because at least one source item had "Private" set to "false" and no source items had "Private" set to "true".
   4:7>ResolveAssemblyReferences:
             Reference found at search path location "{RawFileName}".
   7:7>ResolveAssemblyReferences:
             The ImageRuntimeVersion for this reference is "".
   5:7>ResolveAssemblyReferences:
             /usr/share/dotnet/packs/Microsoft.AspNetCore.App.Ref/8.0.21/ref/net8.0/Microsoft.AspNetCore.Authentication.dll
   7:7>ResolveAssemblyReferences:
         Primary reference "System.Threading.Timer, Version=8.0.0.0, Culture=neutral, PublicKeyToken=b03f5f7f11d50a3a".
             Resolved file path is "/usr/share/dotnet/packs/Microsoft.NETCore.App.Ref/8.0.21/ref/net8.0/System.Threading.Timer.dll".
   5:7>ResolveAssemblyReferences:
                 Private = 'false'
   7:7>ResolveAssemblyReferences:
             Reference found at search path location "{RawFileName}".
   4:7>ResolveAssemblyReferences:
             This reference is not "CopyLocal" because at least one source item had "Private" set to "false" and no source items had "Private" set to "true".
   5:7>ResolveAssemblyReferences:
             /usr/share/dotnet/packs/Microsoft.AspNetCore.App.Ref/8.0.21/ref/net8.0/Microsoft.AspNetCore.Authorization.Policy.dll
   7:7>ResolveAssemblyReferences:
             This reference is not "CopyLocal" because at least one source item had "Private" set to "false" and no source items had "Private" set to "true".
             The ImageRuntimeVersion for this reference is "".
   5:7>ResolveAssemblyReferences:
                 Private = 'false'
   7:7>ResolveAssemblyReferences:
         Primary reference "System.Threading, Version=8.0.0.0, Culture=neutral, PublicKeyToken=b03f5f7f11d50a3a".
   5:7>ResolveAssemblyReferences:
             /usr/share/dotnet/packs/Microsoft.AspNetCore.App.Ref/8.0.21/ref/net8.0/Microsoft.AspNetCore.Authorization.dll
   4:7>ResolveAssemblyReferences:
             The ImageRuntimeVersion for this reference is "".
   7:7>ResolveAssemblyReferences:
             Resolved file path is "/usr/share/dotnet/packs/Microsoft.NETCore.App.Ref/8.0.21/ref/net8.0/System.Threading.dll".
   5:7>ResolveAssemblyReferences:
                 Private = 'false'
   7:7>ResolveAssemblyReferences:
             Reference found at search path location "{RawFileName}".
             This reference is not "CopyLocal" because at least one source item had "Private" set to "false" and no source items had "Private" set to "true".
   5:7>ResolveAssemblyReferences:
             /usr/share/dotnet/packs/Microsoft.AspNetCore.App.Ref/8.0.21/ref/net8.0/Microsoft.AspNetCore.Components.Authorization.dll
   4:7>ResolveAssemblyReferences:
         Primary reference "System.Threading.Tasks.Parallel, Version=8.0.0.0, Culture=neutral, PublicKeyToken=b03f5f7f11d50a3a".
   7:7>ResolveAssemblyReferences:
             The ImageRuntimeVersion for this reference is "".
   5:7>ResolveAssemblyReferences:
                 Private = 'false'
   7:7>ResolveAssemblyReferences:
         Primary reference "System.Transactions.Local, Version=8.0.0.0, Culture=neutral, PublicKeyToken=cc7b13ffcd2ddd51".
   5:7>ResolveAssemblyReferences:
             /usr/share/dotnet/packs/Microsoft.AspNetCore.App.Ref/8.0.21/ref/net8.0/Microsoft.AspNetCore.Components.Endpoints.dll
   7:7>ResolveAssemblyReferences:
             Resolved file path is "/usr/share/dotnet/packs/Microsoft.NETCore.App.Ref/8.0.21/ref/net8.0/System.Transactions.Local.dll".
   4:7>ResolveAssemblyReferences:
             Resolved file path is "/usr/share/dotnet/packs/Microsoft.NETCore.App.Ref/8.0.21/ref/net8.0/System.Threading.Tasks.Parallel.dll".
   7:7>ResolveAssemblyReferences:
             Reference found at search path location "{RawFileName}".
   5:7>ResolveAssemblyReferences:
                 Private = 'false'
   7:7>ResolveAssemblyReferences:
             This reference is not "CopyLocal" because at least one source item had "Private" set to "false" and no source items had "Private" set to "true".
   5:7>ResolveAssemblyReferences:
             /usr/share/dotnet/packs/Microsoft.AspNetCore.App.Ref/8.0.21/ref/net8.0/Microsoft.AspNetCore.Components.Forms.dll
   7:7>ResolveAssemblyReferences:
             The ImageRuntimeVersion for this reference is "".
   4:7>ResolveAssemblyReferences:
             Reference found at search path location "{RawFileName}".
   7:7>ResolveAssemblyReferences:
         Primary reference "System.Transactions, Version=4.0.0.0, Culture=neutral, PublicKeyToken=b77a5c561934e089".
   5:7>ResolveAssemblyReferences:
                 Private = 'false'
   7:7>ResolveAssemblyReferences:
             Resolved file path is "/usr/share/dotnet/packs/Microsoft.NETCore.App.Ref/8.0.21/ref/net8.0/System.Transactions.dll".
   5:7>ResolveAssemblyReferences:
             /usr/share/dotnet/packs/Microsoft.AspNetCore.App.Ref/8.0.21/ref/net8.0/Microsoft.AspNetCore.Components.Server.dll
   4:7>ResolveAssemblyReferences:
             This reference is not "CopyLocal" because at least one source item had "Private" set to "false" and no source items had "Private" set to "true".
   7:7>ResolveAssemblyReferences:
             Reference found at search path location "{RawFileName}".
             This reference is not "CopyLocal" because at least one source item had "Private" set to "false" and no source items had "Private" set to "true".
             The ImageRuntimeVersion for this reference is "".
   4:7>ResolveAssemblyReferences:
             The ImageRuntimeVersion for this reference is "".
   7:7>ResolveAssemblyReferences:
         Primary reference "System.ValueTuple, Version=8.0.0.0, Culture=neutral, PublicKeyToken=cc7b13ffcd2ddd51".
             Resolved file path is "/usr/share/dotnet/packs/Microsoft.NETCore.App.Ref/8.0.21/ref/net8.0/System.ValueTuple.dll".
             Reference found at search path location "{RawFileName}".
   4:7>ResolveAssemblyReferences:
         Primary reference "System.Threading.Tasks, Version=8.0.0.0, Culture=neutral, PublicKeyToken=b03f5f7f11d50a3a".
   7:7>ResolveAssemblyReferences:
             This reference is not "CopyLocal" because at least one source item had "Private" set to "false" and no source items had "Private" set to "true".
   5:7>ResolveAssemblyReferences:
                 Private = 'false'
   7:7>ResolveAssemblyReferences:
             The ImageRuntimeVersion for this reference is "".
   5:7>ResolveAssemblyReferences:
             /usr/share/dotnet/packs/Microsoft.AspNetCore.App.Ref/8.0.21/ref/net8.0/Microsoft.AspNetCore.Components.Web.dll
   7:7>ResolveAssemblyReferences:
         Primary reference "System.Web.HttpUtility, Version=8.0.0.0, Culture=neutral, PublicKeyToken=cc7b13ffcd2ddd51".
   4:7>ResolveAssemblyReferences:
             Resolved file path is "/usr/share/dotnet/packs/Microsoft.NETCore.App.Ref/8.0.21/ref/net8.0/System.Threading.Tasks.dll".
   7:7>ResolveAssemblyReferences:
             Resolved file path is "/usr/share/dotnet/packs/Microsoft.NETCore.App.Ref/8.0.21/ref/net8.0/System.Web.HttpUtility.dll".
             Reference found at search path location "{RawFileName}".
   4:7>ResolveAssemblyReferences:
             Reference found at search path location "{RawFileName}".
   7:7>ResolveAssemblyReferences:
             This reference is not "CopyLocal" because at least one source item had "Private" set to "false" and no source items had "Private" set to "true".
             The ImageRuntimeVersion for this reference is "".
   5:7>ResolveAssemblyReferences:
                 Private = 'false'
   7:7>ResolveAssemblyReferences:
         Primary reference "System.Web, Version=4.0.0.0, Culture=neutral, PublicKeyToken=b03f5f7f11d50a3a".
   4:7>ResolveAssemblyReferences:
             This reference is not "CopyLocal" because at least one source item had "Private" set to "false" and no source items had "Private" set to "true".
   7:7>ResolveAssemblyReferences:
             Resolved file path is "/usr/share/dotnet/packs/Microsoft.NETCore.App.Ref/8.0.21/ref/net8.0/System.Web.dll".
   5:7>ResolveAssemblyReferences:
             /usr/share/dotnet/packs/Microsoft.AspNetCore.App.Ref/8.0.21/ref/net8.0/Microsoft.AspNetCore.Components.dll
   7:7>ResolveAssemblyReferences:
             Reference found at search path location "{RawFileName}".
   5:7>ResolveAssemblyReferences:
                 Private = 'false'
   7:7>ResolveAssemblyReferences:
             This reference is not "CopyLocal" because at least one source item had "Private" set to "false" and no source items had "Private" set to "true".
   4:7>ResolveAssemblyReferences:
             The ImageRuntimeVersion for this reference is "".
   5:7>ResolveAssemblyReferences:
             /usr/share/dotnet/packs/Microsoft.AspNetCore.App.Ref/8.0.21/ref/net8.0/Microsoft.AspNetCore.Connections.Abstractions.dll
   7:7>ResolveAssemblyReferences:
             The ImageRuntimeVersion for this reference is "".
   5:7>ResolveAssemblyReferences:
                 Private = 'false'
   7:7>ResolveAssemblyReferences:
         Primary reference "System.Windows, Version=4.0.0.0, Culture=neutral, PublicKeyToken=b03f5f7f11d50a3a".
   4:7>ResolveAssemblyReferences:
         Primary reference "System.Threading.Thread, Version=8.0.0.0, Culture=neutral, PublicKeyToken=b03f5f7f11d50a3a".
   5:7>ResolveAssemblyReferences:
             /usr/share/dotnet/packs/Microsoft.AspNetCore.App.Ref/8.0.21/ref/net8.0/Microsoft.AspNetCore.CookiePolicy.dll
   7:7>ResolveAssemblyReferences:
             Resolved file path is "/usr/share/dotnet/packs/Microsoft.NETCore.App.Ref/8.0.21/ref/net8.0/System.Windows.dll".
   5:7>ResolveAssemblyReferences:
                 Private = 'false'
   7:7>ResolveAssemblyReferences:
             Reference found at search path location "{RawFileName}".
   5:7>ResolveAssemblyReferences:
             /usr/share/dotnet/packs/Microsoft.AspNetCore.App.Ref/8.0.21/ref/net8.0/Microsoft.AspNetCore.Cors.dll
   4:7>ResolveAssemblyReferences:
             Resolved file path is "/usr/share/dotnet/packs/Microsoft.NETCore.App.Ref/8.0.21/ref/net8.0/System.Threading.Thread.dll".
   7:7>ResolveAssemblyReferences:
             This reference is not "CopyLocal" because at least one source item had "Private" set to "false" and no source items had "Private" set to "true".
   5:7>ResolveAssemblyReferences:
                 Private = 'false'
   7:7>ResolveAssemblyReferences:
             The ImageRuntimeVersion for this reference is "".
   5:7>ResolveAssemblyReferences:
             /usr/share/dotnet/packs/Microsoft.AspNetCore.App.Ref/8.0.21/ref/net8.0/Microsoft.AspNetCore.Cryptography.Internal.dll
   4:7>ResolveAssemblyReferences:
             Reference found at search path location "{RawFileName}".
   7:7>ResolveAssemblyReferences:
         Primary reference "System.Xml.Linq, Version=4.0.0.0, Culture=neutral, PublicKeyToken=b77a5c561934e089".
   5:7>ResolveAssemblyReferences:
                 Private = 'false'
             /usr/share/dotnet/packs/Microsoft.AspNetCore.App.Ref/8.0.21/ref/net8.0/Microsoft.AspNetCore.Cryptography.KeyDerivation.dll
   7:7>ResolveAssemblyReferences:
             Resolved file path is "/usr/share/dotnet/packs/Microsoft.NETCore.App.Ref/8.0.21/ref/net8.0/System.Xml.Linq.dll".
   5:7>ResolveAssemblyReferences:
                 Private = 'false'
   4:7>ResolveAssemblyReferences:
             This reference is not "CopyLocal" because at least one source item had "Private" set to "false" and no source items had "Private" set to "true".
   5:7>ResolveAssemblyReferences:
             /usr/share/dotnet/packs/Microsoft.AspNetCore.App.Ref/8.0.21/ref/net8.0/Microsoft.AspNetCore.DataProtection.Abstractions.dll
   7:7>ResolveAssemblyReferences:
             Reference found at search path location "{RawFileName}".
   5:7>ResolveAssemblyReferences:
                 Private = 'false'
             /usr/share/dotnet/packs/Microsoft.AspNetCore.App.Ref/8.0.21/ref/net8.0/Microsoft.AspNetCore.DataProtection.Extensions.dll
   7:7>ResolveAssemblyReferences:
             This reference is not "CopyLocal" because at least one source item had "Private" set to "false" and no source items had "Private" set to "true".
   5:7>ResolveAssemblyReferences:
                 Private = 'false'
   4:7>ResolveAssemblyReferences:
             The ImageRuntimeVersion for this reference is "".
   7:7>ResolveAssemblyReferences:
             The ImageRuntimeVersion for this reference is "".
   5:7>ResolveAssemblyReferences:
             /usr/share/dotnet/packs/Microsoft.AspNetCore.App.Ref/8.0.21/ref/net8.0/Microsoft.AspNetCore.DataProtection.dll
   7:7>ResolveAssemblyReferences:
         Primary reference "System.Xml.ReaderWriter, Version=8.0.0.0, Culture=neutral, PublicKeyToken=b03f5f7f11d50a3a".
   5:7>ResolveAssemblyReferences:
                 Private = 'false'
   4:7>ResolveAssemblyReferences:
         Primary reference "System.Threading.ThreadPool, Version=8.0.0.0, Culture=neutral, PublicKeyToken=b03f5f7f11d50a3a".
   5:7>ResolveAssemblyReferences:
             /usr/share/dotnet/packs/Microsoft.AspNetCore.App.Ref/8.0.21/ref/net8.0/Microsoft.AspNetCore.Diagnostics.Abstractions.dll
   7:7>ResolveAssemblyReferences:
             Resolved file path is "/usr/share/dotnet/packs/Microsoft.NETCore.App.Ref/8.0.21/ref/net8.0/System.Xml.ReaderWriter.dll".
   5:7>ResolveAssemblyReferences:
                 Private = 'false'
   7:7>ResolveAssemblyReferences:
             Reference found at search path location "{RawFileName}".
   5:7>ResolveAssemblyReferences:
             /usr/share/dotnet/packs/Microsoft.AspNetCore.App.Ref/8.0.21/ref/net8.0/Microsoft.AspNetCore.Diagnostics.HealthChecks.dll
   4:7>ResolveAssemblyReferences:
             Resolved file path is "/usr/share/dotnet/packs/Microsoft.NETCore.App.Ref/8.0.21/ref/net8.0/System.Threading.ThreadPool.dll".
   7:7>ResolveAssemblyReferences:
             This reference is not "CopyLocal" because at least one source item had "Private" set to "false" and no source items had "Private" set to "true".
   5:7>ResolveAssemblyReferences:
                 Private = 'false'
             /usr/share/dotnet/packs/Microsoft.AspNetCore.App.Ref/8.0.21/ref/net8.0/Microsoft.AspNetCore.Diagnostics.dll
   7:7>ResolveAssemblyReferences:
             The ImageRuntimeVersion for this reference is "".
   5:7>ResolveAssemblyReferences:
                 Private = 'false'
   4:7>ResolveAssemblyReferences:
             Reference found at search path location "{RawFileName}".
   5:7>ResolveAssemblyReferences:
             /usr/share/dotnet/packs/Microsoft.AspNetCore.App.Ref/8.0.21/ref/net8.0/Microsoft.AspNetCore.HostFiltering.dll
   7:7>ResolveAssemblyReferences:
         Primary reference "System.Xml.Serialization, Version=4.0.0.0, Culture=neutral, PublicKeyToken=b77a5c561934e089".
   5:7>ResolveAssemblyReferences:
                 Private = 'false'
   4:7>ResolveAssemblyReferences:
             This reference is not "CopyLocal" because at least one source item had "Private" set to "false" and no source items had "Private" set to "true".
   7:7>ResolveAssemblyReferences:
             Resolved file path is "/usr/share/dotnet/packs/Microsoft.NETCore.App.Ref/8.0.21/ref/net8.0/System.Xml.Serialization.dll".
   5:7>ResolveAssemblyReferences:
             /usr/share/dotnet/packs/Microsoft.AspNetCore.App.Ref/8.0.21/ref/net8.0/Microsoft.AspNetCore.Hosting.Abstractions.dll
                 Private = 'false'
             /usr/share/dotnet/packs/Microsoft.AspNetCore.App.Ref/8.0.21/ref/net8.0/Microsoft.AspNetCore.Hosting.Server.Abstractions.dll
   7:7>ResolveAssemblyReferences:
             Reference found at search path location "{RawFileName}".
   4:7>ResolveAssemblyReferences:
             The ImageRuntimeVersion for this reference is "".
   5:7>ResolveAssemblyReferences:
                 Private = 'false'
   7:7>ResolveAssemblyReferences:
             This reference is not "CopyLocal" because at least one source item had "Private" set to "false" and no source items had "Private" set to "true".
   5:7>ResolveAssemblyReferences:
             /usr/share/dotnet/packs/Microsoft.AspNetCore.App.Ref/8.0.21/ref/net8.0/Microsoft.AspNetCore.Hosting.dll
   7:7>ResolveAssemblyReferences:
             The ImageRuntimeVersion for this reference is "".
   5:7>ResolveAssemblyReferences:
                 Private = 'false'
   4:7>ResolveAssemblyReferences:
         Primary reference "System.Threading.Timer, Version=8.0.0.0, Culture=neutral, PublicKeyToken=b03f5f7f11d50a3a".
   7:7>ResolveAssemblyReferences:
         Primary reference "System.Xml.XDocument, Version=8.0.0.0, Culture=neutral, PublicKeyToken=b03f5f7f11d50a3a".
   5:7>ResolveAssemblyReferences:
             /usr/share/dotnet/packs/Microsoft.AspNetCore.App.Ref/8.0.21/ref/net8.0/Microsoft.AspNetCore.Html.Abstractions.dll
   7:7>ResolveAssemblyReferences:
             Resolved file path is "/usr/share/dotnet/packs/Microsoft.NETCore.App.Ref/8.0.21/ref/net8.0/System.Xml.XDocument.dll".
   5:7>ResolveAssemblyReferences:
                 Private = 'false'
   7:7>ResolveAssemblyReferences:
             Reference found at search path location "{RawFileName}".
   4:7>ResolveAssemblyReferences:
             Resolved file path is "/usr/share/dotnet/packs/Microsoft.NETCore.App.Ref/8.0.21/ref/net8.0/System.Threading.Timer.dll".
   5:7>ResolveAssemblyReferences:
             /usr/share/dotnet/packs/Microsoft.AspNetCore.App.Ref/8.0.21/ref/net8.0/Microsoft.AspNetCore.Http.Abstractions.dll
   7:7>ResolveAssemblyReferences:
             This reference is not "CopyLocal" because at least one source item had "Private" set to "false" and no source items had "Private" set to "true".
   5:7>ResolveAssemblyReferences:
                 Private = 'false'
   7:7>ResolveAssemblyReferences:
             The ImageRuntimeVersion for this reference is "".
   5:7>ResolveAssemblyReferences:
             /usr/share/dotnet/packs/Microsoft.AspNetCore.App.Ref/8.0.21/ref/net8.0/Microsoft.AspNetCore.Http.Connections.Common.dll
   4:7>ResolveAssemblyReferences:
             Reference found at search path location "{RawFileName}".
   7:7>ResolveAssemblyReferences:
         Primary reference "System.Xml.XPath.XDocument, Version=8.0.0.0, Culture=neutral, PublicKeyToken=b03f5f7f11d50a3a".
             Resolved file path is "/usr/share/dotnet/packs/Microsoft.NETCore.App.Ref/8.0.21/ref/net8.0/System.Xml.XPath.XDocument.dll".
   5:7>ResolveAssemblyReferences:
                 Private = 'false'
   7:7>ResolveAssemblyReferences:
             Reference found at search path location "{RawFileName}".
   5:7>ResolveAssemblyReferences:
             /usr/share/dotnet/packs/Microsoft.AspNetCore.App.Ref/8.0.21/ref/net8.0/Microsoft.AspNetCore.Http.Connections.dll
   4:7>ResolveAssemblyReferences:
             This reference is not "CopyLocal" because at least one source item had "Private" set to "false" and no source items had "Private" set to "true".
   7:7>ResolveAssemblyReferences:
             This reference is not "CopyLocal" because at least one source item had "Private" set to "false" and no source items had "Private" set to "true".
   5:7>ResolveAssemblyReferences:
                 Private = 'false'
   7:7>ResolveAssemblyReferences:
             The ImageRuntimeVersion for this reference is "".
   5:7>ResolveAssemblyReferences:
             /usr/share/dotnet/packs/Microsoft.AspNetCore.App.Ref/8.0.21/ref/net8.0/Microsoft.AspNetCore.Http.Extensions.dll
   7:7>ResolveAssemblyReferences:
         Primary reference "System.Xml.XPath, Version=8.0.0.0, Culture=neutral, PublicKeyToken=b03f5f7f11d50a3a".
   4:7>ResolveAssemblyReferences:
             The ImageRuntimeVersion for this reference is "".
   5:7>ResolveAssemblyReferences:
                 Private = 'false'
   7:7>ResolveAssemblyReferences:
             Resolved file path is "/usr/share/dotnet/packs/Microsoft.NETCore.App.Ref/8.0.21/ref/net8.0/System.Xml.XPath.dll".
   5:7>ResolveAssemblyReferences:
             /usr/share/dotnet/packs/Microsoft.AspNetCore.App.Ref/8.0.21/ref/net8.0/Microsoft.AspNetCore.Http.Features.dll
   7:7>ResolveAssemblyReferences:
             Reference found at search path location "{RawFileName}".
   5:7>ResolveAssemblyReferences:
                 Private = 'false'
   7:7>ResolveAssemblyReferences:
             This reference is not "CopyLocal" because at least one source item had "Private" set to "false" and no source items had "Private" set to "true".
   4:7>ResolveAssemblyReferences:
         Primary reference "System.Threading, Version=8.0.0.0, Culture=neutral, PublicKeyToken=b03f5f7f11d50a3a".
   7:7>ResolveAssemblyReferences:
             The ImageRuntimeVersion for this reference is "".
   5:7>ResolveAssemblyReferences:
             /usr/share/dotnet/packs/Microsoft.AspNetCore.App.Ref/8.0.21/ref/net8.0/Microsoft.AspNetCore.Http.Results.dll
   7:7>ResolveAssemblyReferences:
         Primary reference "System.Xml.XmlDocument, Version=8.0.0.0, Culture=neutral, PublicKeyToken=b03f5f7f11d50a3a".
   5:7>ResolveAssemblyReferences:
                 Private = 'false'
   4:7>ResolveAssemblyReferences:
             Resolved file path is "/usr/share/dotnet/packs/Microsoft.NETCore.App.Ref/8.0.21/ref/net8.0/System.Threading.dll".
   7:7>ResolveAssemblyReferences:
             Resolved file path is "/usr/share/dotnet/packs/Microsoft.NETCore.App.Ref/8.0.21/ref/net8.0/System.Xml.XmlDocument.dll".
   5:7>ResolveAssemblyReferences:
             /usr/share/dotnet/packs/Microsoft.AspNetCore.App.Ref/8.0.21/ref/net8.0/Microsoft.AspNetCore.Http.dll
                 Private = 'false'
   7:7>ResolveAssemblyReferences:
             Reference found at search path location "{RawFileName}".
   5:7>ResolveAssemblyReferences:
             /usr/share/dotnet/packs/Microsoft.AspNetCore.App.Ref/8.0.21/ref/net8.0/Microsoft.AspNetCore.HttpLogging.dll
   7:7>ResolveAssemblyReferences:
             This reference is not "CopyLocal" because at least one source item had "Private" set to "false" and no source items had "Private" set to "true".
   5:7>ResolveAssemblyReferences:
                 Private = 'false'
   4:7>ResolveAssemblyReferences:
             Reference found at search path location "{RawFileName}".
   7:7>ResolveAssemblyReferences:
             The ImageRuntimeVersion for this reference is "".
   5:7>ResolveAssemblyReferences:
             /usr/share/dotnet/packs/Microsoft.AspNetCore.App.Ref/8.0.21/ref/net8.0/Microsoft.AspNetCore.HttpOverrides.dll
                 Private = 'false'
   7:7>ResolveAssemblyReferences:
         Primary reference "System.Xml.XmlSerializer, Version=8.0.0.0, Culture=neutral, PublicKeyToken=b03f5f7f11d50a3a".
   5:7>ResolveAssemblyReferences:
             /usr/share/dotnet/packs/Microsoft.AspNetCore.App.Ref/8.0.21/ref/net8.0/Microsoft.AspNetCore.HttpsPolicy.dll
   7:7>ResolveAssemblyReferences:
             Resolved file path is "/usr/share/dotnet/packs/Microsoft.NETCore.App.Ref/8.0.21/ref/net8.0/System.Xml.XmlSerializer.dll".
   4:7>ResolveAssemblyReferences:
             This reference is not "CopyLocal" because at least one source item had "Private" set to "false" and no source items had "Private" set to "true".
   5:7>ResolveAssemblyReferences:
                 Private = 'false'
   7:7>ResolveAssemblyReferences:
             Reference found at search path location "{RawFileName}".
   5:7>ResolveAssemblyReferences:
             /usr/share/dotnet/packs/Microsoft.AspNetCore.App.Ref/8.0.21/ref/net8.0/Microsoft.AspNetCore.Identity.dll
   7:7>ResolveAssemblyReferences:
             This reference is not "CopyLocal" because at least one source item had "Private" set to "false" and no source items had "Private" set to "true".
   5:7>ResolveAssemblyReferences:
                 Private = 'false'
   7:7>ResolveAssemblyReferences:
             The ImageRuntimeVersion for this reference is "".
   4:7>ResolveAssemblyReferences:
             The ImageRuntimeVersion for this reference is "".
   5:7>ResolveAssemblyReferences:
             /usr/share/dotnet/packs/Microsoft.AspNetCore.App.Ref/8.0.21/ref/net8.0/Microsoft.AspNetCore.Localization.Routing.dll
   7:7>ResolveAssemblyReferences:
         Primary reference "System.Xml, Version=4.0.0.0, Culture=neutral, PublicKeyToken=b77a5c561934e089".
   5:7>ResolveAssemblyReferences:
                 Private = 'false'
   7:7>ResolveAssemblyReferences:
             Resolved file path is "/usr/share/dotnet/packs/Microsoft.NETCore.App.Ref/8.0.21/ref/net8.0/System.Xml.dll".
   5:7>ResolveAssemblyReferences:
             /usr/share/dotnet/packs/Microsoft.AspNetCore.App.Ref/8.0.21/ref/net8.0/Microsoft.AspNetCore.Localization.dll
   4:7>ResolveAssemblyReferences:
         Primary reference "System.Transactions.Local, Version=8.0.0.0, Culture=neutral, PublicKeyToken=cc7b13ffcd2ddd51".
   7:7>ResolveAssemblyReferences:
             Reference found at search path location "{RawFileName}".
   5:7>ResolveAssemblyReferences:
                 Private = 'false'
             /usr/share/dotnet/packs/Microsoft.AspNetCore.App.Ref/8.0.21/ref/net8.0/Microsoft.AspNetCore.Metadata.dll
   7:7>ResolveAssemblyReferences:
             This reference is not "CopyLocal" because at least one source item had "Private" set to "false" and no source items had "Private" set to "true".
   5:7>ResolveAssemblyReferences:
                 Private = 'false'
   7:7>ResolveAssemblyReferences:
             The ImageRuntimeVersion for this reference is "".
   4:7>ResolveAssemblyReferences:
             Resolved file path is "/usr/share/dotnet/packs/Microsoft.NETCore.App.Ref/8.0.21/ref/net8.0/System.Transactions.Local.dll".
   5:7>ResolveAssemblyReferences:
             /usr/share/dotnet/packs/Microsoft.AspNetCore.App.Ref/8.0.21/ref/net8.0/Microsoft.AspNetCore.Mvc.Abstractions.dll
   7:7>ResolveAssemblyReferences:
         Primary reference "System, Version=4.0.0.0, Culture=neutral, PublicKeyToken=b77a5c561934e089".
   5:7>ResolveAssemblyReferences:
                 Private = 'false'
   7:7>ResolveAssemblyReferences:
             Resolved file path is "/usr/share/dotnet/packs/Microsoft.NETCore.App.Ref/8.0.21/ref/net8.0/System.dll".
   5:7>ResolveAssemblyReferences:
             /usr/share/dotnet/packs/Microsoft.AspNetCore.App.Ref/8.0.21/ref/net8.0/Microsoft.AspNetCore.Mvc.ApiExplorer.dll
   4:7>ResolveAssemblyReferences:
             Reference found at search path location "{RawFileName}".
   7:7>ResolveAssemblyReferences:
             Reference found at search path location "{RawFileName}".
             This reference is not "CopyLocal" because at least one source item had "Private" set to "false" and no source items had "Private" set to "true".
   5:7>ResolveAssemblyReferences:
                 Private = 'false'
   7:7>ResolveAssemblyReferences:
             The ImageRuntimeVersion for this reference is "".
   5:7>ResolveAssemblyReferences:
             /usr/share/dotnet/packs/Microsoft.AspNetCore.App.Ref/8.0.21/ref/net8.0/Microsoft.AspNetCore.Mvc.Core.dll
   4:7>ResolveAssemblyReferences:
             This reference is not "CopyLocal" because at least one source item had "Private" set to "false" and no source items had "Private" set to "true".
   7:7>ResolveAssemblyReferences:
         Primary reference "WindowsBase, Version=4.0.0.0, Culture=neutral, PublicKeyToken=31bf3856ad364e35".
   5:7>ResolveAssemblyReferences:
                 Private = 'false'
   7:7>ResolveAssemblyReferences:
             Resolved file path is "/usr/share/dotnet/packs/Microsoft.NETCore.App.Ref/8.0.21/ref/net8.0/WindowsBase.dll".
   5:7>ResolveAssemblyReferences:
             /usr/share/dotnet/packs/Microsoft.AspNetCore.App.Ref/8.0.21/ref/net8.0/Microsoft.AspNetCore.Mvc.Cors.dll
   7:7>ResolveAssemblyReferences:
             Reference found at search path location "{RawFileName}".
   5:7>ResolveAssemblyReferences:
                 Private = 'false'
   4:7>ResolveAssemblyReferences:
             The ImageRuntimeVersion for this reference is "".
   7:7>ResolveAssemblyReferences:
             This reference is not "CopyLocal" because at least one source item had "Private" set to "false" and no source items had "Private" set to "true".
             The ImageRuntimeVersion for this reference is "".
         Primary reference "mscorlib, Version=4.0.0.0, Culture=neutral, PublicKeyToken=b77a5c561934e089".
   4:7>ResolveAssemblyReferences:
         Primary reference "System.Transactions, Version=4.0.0.0, Culture=neutral, PublicKeyToken=b77a5c561934e089".
   5:7>ResolveAssemblyReferences:
             /usr/share/dotnet/packs/Microsoft.AspNetCore.App.Ref/8.0.21/ref/net8.0/Microsoft.AspNetCore.Mvc.DataAnnotations.dll
   7:7>ResolveAssemblyReferences:
             Resolved file path is "/usr/share/dotnet/packs/Microsoft.NETCore.App.Ref/8.0.21/ref/net8.0/mscorlib.dll".
   5:7>ResolveAssemblyReferences:
                 Private = 'false'
   7:7>ResolveAssemblyReferences:
             Reference found at search path location "{RawFileName}".
   5:7>ResolveAssemblyReferences:
             /usr/share/dotnet/packs/Microsoft.AspNetCore.App.Ref/8.0.21/ref/net8.0/Microsoft.AspNetCore.Mvc.Formatters.Json.dll
   7:7>ResolveAssemblyReferences:
             This reference is not "CopyLocal" because at least one source item had "Private" set to "false" and no source items had "Private" set to "true".
   4:7>ResolveAssemblyReferences:
             Resolved file path is "/usr/share/dotnet/packs/Microsoft.NETCore.App.Ref/8.0.21/ref/net8.0/System.Transactions.dll".
   5:7>ResolveAssemblyReferences:
                 Private = 'false'
   7:7>ResolveAssemblyReferences:
             The ImageRuntimeVersion for this reference is "".
   5:7>ResolveAssemblyReferences:
             /usr/share/dotnet/packs/Microsoft.AspNetCore.App.Ref/8.0.21/ref/net8.0/Microsoft.AspNetCore.Mvc.Formatters.Xml.dll
   7:7>ResolveAssemblyReferences:
         Primary reference "netstandard, Version=2.1.0.0, Culture=neutral, PublicKeyToken=cc7b13ffcd2ddd51".
   5:7>ResolveAssemblyReferences:
                 Private = 'false'
   4:7>ResolveAssemblyReferences:
             Reference found at search path location "{RawFileName}".
   7:7>ResolveAssemblyReferences:
             Resolved file path is "/usr/share/dotnet/packs/Microsoft.NETCore.App.Ref/8.0.21/ref/net8.0/netstandard.dll".
   5:7>ResolveAssemblyReferences:
             /usr/share/dotnet/packs/Microsoft.AspNetCore.App.Ref/8.0.21/ref/net8.0/Microsoft.AspNetCore.Mvc.Localization.dll
                 Private = 'false'
   7:7>ResolveAssemblyReferences:
             Reference found at search path location "{RawFileName}".
   5:7>ResolveAssemblyReferences:
             /usr/share/dotnet/packs/Microsoft.AspNetCore.App.Ref/8.0.21/ref/net8.0/Microsoft.AspNetCore.Mvc.Razor.dll
   7:7>ResolveAssemblyReferences:
             This reference is not "CopyLocal" because at least one source item had "Private" set to "false" and no source items had "Private" set to "true".
   4:7>ResolveAssemblyReferences:
             This reference is not "CopyLocal" because at least one source item had "Private" set to "false" and no source items had "Private" set to "true".
   5:7>ResolveAssemblyReferences:
                 Private = 'false'
   7:7>ResolveAssemblyReferences:
             The ImageRuntimeVersion for this reference is "".
   5:7>ResolveAssemblyReferences:
             /usr/share/dotnet/packs/Microsoft.AspNetCore.App.Ref/8.0.21/ref/net8.0/Microsoft.AspNetCore.Mvc.RazorPages.dll
                 Private = 'false'
   4:7>ResolveAssemblyReferences:
             The ImageRuntimeVersion for this reference is "".
   7:7>Done executing task "ResolveAssemblyReference".
   5:7>ResolveAssemblyReferences:
             /usr/share/dotnet/packs/Microsoft.AspNetCore.App.Ref/8.0.21/ref/net8.0/Microsoft.AspNetCore.Mvc.TagHelpers.dll
                 Private = 'false'
   7:7>Done building target "ResolveAssemblyReferences" in project "KChief.AlarmSystem.csproj".
   5:7>ResolveAssemblyReferences:
             /usr/share/dotnet/packs/Microsoft.AspNetCore.App.Ref/8.0.21/ref/net8.0/Microsoft.AspNetCore.Mvc.ViewFeatures.dll
   4:7>ResolveAssemblyReferences:
         Primary reference "System.ValueTuple, Version=8.0.0.0, Culture=neutral, PublicKeyToken=cc7b13ffcd2ddd51".
   5:7>ResolveAssemblyReferences:
                 Private = 'false'
   7:7>Target "GenerateBindingRedirects" skipped, due to false condition; ('$(AutoGenerateBindingRedirects)' == 'true' and '$(GenerateBindingRedirectsOutputType)' == 'true' and '@(SuggestedBindingRedirects)' != '' and '$(DesignTimeBuild)' != 'true' and '$(BuildingProject)' == 'true') was evaluated as ('' == 'true' and '' == 'true' and '' != '' and '' != 'true' and 'true' == 'true').
   5:7>ResolveAssemblyReferences:
             /usr/share/dotnet/packs/Microsoft.AspNetCore.App.Ref/8.0.21/ref/net8.0/Microsoft.AspNetCore.Mvc.dll
   7:7>Target "GenerateSupportedRuntime" skipped, due to false condition; ('$(GenerateSupportedRuntime)' != 'false' and '$(TargetFrameworkIdentifier)' == '.NETFramework' and '$(HasRuntimeOutput)' == 'true') was evaluated as ('' != 'false' and '.NETCoreApp' == '.NETFramework' and '' == 'true').
   5:7>ResolveAssemblyReferences:
                 Private = 'false'
   4:7>ResolveAssemblyReferences:
             Resolved file path is "/usr/share/dotnet/packs/Microsoft.NETCore.App.Ref/8.0.21/ref/net8.0/System.ValueTuple.dll".
   7:7>Target "GenerateBindingRedirectsUpdateAppConfig" skipped, due to false condition; ('$(AutoGenerateBindingRedirects)' == 'true' and '$(GenerateBindingRedirectsOutputType)' == 'true') was evaluated as ('' == 'true' and '' == 'true').
   5:7>ResolveAssemblyReferences:
             /usr/share/dotnet/packs/Microsoft.AspNetCore.App.Ref/8.0.21/ref/net8.0/Microsoft.AspNetCore.OutputCaching.dll
   7:7>Target "ResolveComReferences" skipped, due to false condition; ('@(COMReference)'!='' or '@(COMFileReference)'!='') was evaluated as (''!='' or ''!='').
   5:7>ResolveAssemblyReferences:
                 Private = 'false'
   4:7>ResolveAssemblyReferences:
             Reference found at search path location "{RawFileName}".
   5:7>ResolveAssemblyReferences:
             /usr/share/dotnet/packs/Microsoft.AspNetCore.App.Ref/8.0.21/ref/net8.0/Microsoft.AspNetCore.RateLimiting.dll
   7:7>Target "AfterResolveReferences" in file "/usr/share/dotnet/sdk/8.0.415/Microsoft.Common.CurrentVersion.targets" from project "/home/saidul/Desktop/K-Chief Marine Automation Platform/src/KChief.AlarmSystem/KChief.AlarmSystem.csproj" (target "ResolveReferences" depends on it):
   7:7>Done building target "AfterResolveReferences" in project "KChief.AlarmSystem.csproj".
   5:7>ResolveAssemblyReferences:
                 Private = 'false'
   4:7>ResolveAssemblyReferences:
             This reference is not "CopyLocal" because at least one source item had "Private" set to "false" and no source items had "Private" set to "true".
   5:7>ResolveAssemblyReferences:
             /usr/share/dotnet/packs/Microsoft.AspNetCore.App.Ref/8.0.21/ref/net8.0/Microsoft.AspNetCore.Razor.Runtime.dll
                 Private = 'false'
   7:7>Target "ResolveReferences" in file "/usr/share/dotnet/sdk/8.0.415/Microsoft.Common.CurrentVersion.targets" from project "/home/saidul/Desktop/K-Chief Marine Automation Platform/src/KChief.AlarmSystem/KChief.AlarmSystem.csproj" (target "_BlockWinMDsOnUnsupportedTFMs" depends on it):
   7:7>Done building target "ResolveReferences" in project "KChief.AlarmSystem.csproj".
   5:7>ResolveAssemblyReferences:
             /usr/share/dotnet/packs/Microsoft.AspNetCore.App.Ref/8.0.21/ref/net8.0/Microsoft.AspNetCore.Razor.dll
   4:7>ResolveAssemblyReferences:
             The ImageRuntimeVersion for this reference is "".
   5:7>ResolveAssemblyReferences:
                 Private = 'false'
   7:7>Target "_BlockWinMDsOnUnsupportedTFMs" in file "/usr/share/dotnet/sdk/8.0.415/Sdks/Microsoft.NET.Sdk/targets/Microsoft.NET.Sdk.targets" from project "/home/saidul/Desktop/K-Chief Marine Automation Platform/src/KChief.AlarmSystem/KChief.AlarmSystem.csproj" (target "CoreBuild" depends on it):
   7:7>Using "CheckForUnsupportedWinMDReferences" task from assembly "/usr/share/dotnet/sdk/8.0.415/Sdks/Microsoft.NET.Sdk/targets/../tools/net8.0/Microsoft.NET.Build.Tasks.dll".
   5:7>ResolveAssemblyReferences:
             /usr/share/dotnet/packs/Microsoft.AspNetCore.App.Ref/8.0.21/ref/net8.0/Microsoft.AspNetCore.RequestDecompression.dll
   4:7>ResolveAssemblyReferences:
         Primary reference "System.Web.HttpUtility, Version=8.0.0.0, Culture=neutral, PublicKeyToken=cc7b13ffcd2ddd51".
   7:7>Task "CheckForUnsupportedWinMDReferences"
   5:7>ResolveAssemblyReferences:
                 Private = 'false'
   7:7>Done executing task "CheckForUnsupportedWinMDReferences".
   5:7>ResolveAssemblyReferences:
             /usr/share/dotnet/packs/Microsoft.AspNetCore.App.Ref/8.0.21/ref/net8.0/Microsoft.AspNetCore.ResponseCaching.Abstractions.dll
   4:7>ResolveAssemblyReferences:
             Resolved file path is "/usr/share/dotnet/packs/Microsoft.NETCore.App.Ref/8.0.21/ref/net8.0/System.Web.HttpUtility.dll".
   7:7>_BlockWinMDsOnUnsupportedTFMs:
       Task "NETSdkError" skipped, due to false condition; ('$(OutputType)' == 'winmdobj') was evaluated as ('Library' == 'winmdobj').
   5:7>ResolveAssemblyReferences:
                 Private = 'false'
             /usr/share/dotnet/packs/Microsoft.AspNetCore.App.Ref/8.0.21/ref/net8.0/Microsoft.AspNetCore.ResponseCaching.dll
   7:7>Done building target "_BlockWinMDsOnUnsupportedTFMs" in project "KChief.AlarmSystem.csproj".
   5:7>ResolveAssemblyReferences:
                 Private = 'false'
   4:7>ResolveAssemblyReferences:
             Reference found at search path location "{RawFileName}".
   7:7>Target "ResolveReferences" skipped. Previously built successfully.
   5:7>ResolveAssemblyReferences:
             /usr/share/dotnet/packs/Microsoft.AspNetCore.App.Ref/8.0.21/ref/net8.0/Microsoft.AspNetCore.ResponseCompression.dll
   7:7>Target "ResolvePackageDependenciesForBuild" skipped. Previously built successfully.
   5:7>ResolveAssemblyReferences:
                 Private = 'false'
   7:7>Target "_HandlePackageFileConflicts" skipped. Previously built successfully.
   4:7>ResolveAssemblyReferences:
             This reference is not "CopyLocal" because at least one source item had "Private" set to "false" and no source items had "Private" set to "true".
   5:7>ResolveAssemblyReferences:
             /usr/share/dotnet/packs/Microsoft.AspNetCore.App.Ref/8.0.21/ref/net8.0/Microsoft.AspNetCore.Rewrite.dll
                 Private = 'false'
   7:7>Target "CopyAdditionalFiles" in file "/usr/share/dotnet/sdk/8.0.415/Roslyn/Microsoft.Managed.Core.targets" from project "/home/saidul/Desktop/K-Chief Marine Automation Platform/src/KChief.AlarmSystem/KChief.AlarmSystem.csproj" (target "AssignTargetPaths" depends on it):
   7:7>Done building target "CopyAdditionalFiles" in project "KChief.AlarmSystem.csproj".
   4:7>ResolveAssemblyReferences:
             The ImageRuntimeVersion for this reference is "".
   5:7>ResolveAssemblyReferences:
             /usr/share/dotnet/packs/Microsoft.AspNetCore.App.Ref/8.0.21/ref/net8.0/Microsoft.AspNetCore.Routing.Abstractions.dll
   7:7>Target "_ChooseAppHost" skipped, due to false condition; ('$(UseAppHost)' == 'true' and '$(_IsExecutable)' == 'true') was evaluated as ('' == 'true' and '' == 'true').
   5:7>ResolveAssemblyReferences:
                 Private = 'false'
   7:7>Target "_GetComHostPaths" skipped, due to false condition; ('$(EnableComHosting)' == 'true' and '$(_IsExecutable)' != 'true') was evaluated as ('' == 'true' and '' != 'true').
   4:7>ResolveAssemblyReferences:
         Primary reference "System.Web, Version=4.0.0.0, Culture=neutral, PublicKeyToken=b03f5f7f11d50a3a".
   5:7>ResolveAssemblyReferences:
             /usr/share/dotnet/packs/Microsoft.AspNetCore.App.Ref/8.0.21/ref/net8.0/Microsoft.AspNetCore.Routing.dll
   7:7>Target "_GetIjwHostPaths" skipped, due to false condition; ('$(UseIJWHost)' == 'true') was evaluated as ('' == 'true').
   5:7>ResolveAssemblyReferences:
                 Private = 'false'
             /usr/share/dotnet/packs/Microsoft.AspNetCore.App.Ref/8.0.21/ref/net8.0/Microsoft.AspNetCore.Server.HttpSys.dll
   4:7>ResolveAssemblyReferences:
             Resolved file path is "/usr/share/dotnet/packs/Microsoft.NETCore.App.Ref/8.0.21/ref/net8.0/System.Web.dll".
   5:7>ResolveAssemblyReferences:
                 Private = 'false'
   7:7>Target "_ComputeNETCoreBuildOutputFiles" in file "/usr/share/dotnet/sdk/8.0.415/Sdks/Microsoft.NET.Sdk/targets/Microsoft.NET.Sdk.targets" from project "/home/saidul/Desktop/K-Chief Marine Automation Platform/src/KChief.AlarmSystem/KChief.AlarmSystem.csproj" (target "AssignTargetPaths" depends on it):
   7:7>Done building target "_ComputeNETCoreBuildOutputFiles" in project "KChief.AlarmSystem.csproj".
   5:7>ResolveAssemblyReferences:
             /usr/share/dotnet/packs/Microsoft.AspNetCore.App.Ref/8.0.21/ref/net8.0/Microsoft.AspNetCore.Server.IIS.dll
   4:7>ResolveAssemblyReferences:
             Reference found at search path location "{RawFileName}".
   5:7>ResolveAssemblyReferences:
                 Private = 'false'
   7:7>Target "AssignTargetPaths" in file "/usr/share/dotnet/sdk/8.0.415/Microsoft.Common.CurrentVersion.targets" from project "/home/saidul/Desktop/K-Chief Marine Automation Platform/src/KChief.AlarmSystem/KChief.AlarmSystem.csproj" (target "PrepareResourceNames" depends on it):
   7:7>Using "AssignTargetPath" task from assembly "Microsoft.Build.Tasks.Core, Version=15.1.0.0, Culture=neutral, PublicKeyToken=b03f5f7f11d50a3a".
   5:7>ResolveAssemblyReferences:
             /usr/share/dotnet/packs/Microsoft.AspNetCore.App.Ref/8.0.21/ref/net8.0/Microsoft.AspNetCore.Server.IISIntegration.dll
   7:7>Task "AssignTargetPath"
   4:7>ResolveAssemblyReferences:
             This reference is not "CopyLocal" because at least one source item had "Private" set to "false" and no source items had "Private" set to "true".
   5:7>ResolveAssemblyReferences:
                 Private = 'false'
   7:7>Done executing task "AssignTargetPath".
   5:7>ResolveAssemblyReferences:
             /usr/share/dotnet/packs/Microsoft.AspNetCore.App.Ref/8.0.21/ref/net8.0/Microsoft.AspNetCore.Server.Kestrel.Core.dll
   7:7>Task "AssignTargetPath"
   5:7>ResolveAssemblyReferences:
                 Private = 'false'
   7:7>Done executing task "AssignTargetPath".
   4:7>ResolveAssemblyReferences:
             The ImageRuntimeVersion for this reference is "".
   5:7>ResolveAssemblyReferences:
             /usr/share/dotnet/packs/Microsoft.AspNetCore.App.Ref/8.0.21/ref/net8.0/Microsoft.AspNetCore.Server.Kestrel.Transport.NamedPipes.dll
   7:7>Task "AssignTargetPath"
   5:7>ResolveAssemblyReferences:
                 Private = 'false'
   7:7>Done executing task "AssignTargetPath".
   4:7>ResolveAssemblyReferences:
         Primary reference "System.Windows, Version=4.0.0.0, Culture=neutral, PublicKeyToken=b03f5f7f11d50a3a".
   7:7>Task "AssignTargetPath"
   5:7>ResolveAssemblyReferences:
             /usr/share/dotnet/packs/Microsoft.AspNetCore.App.Ref/8.0.21/ref/net8.0/Microsoft.AspNetCore.Server.Kestrel.Transport.Quic.dll
   7:7>Done executing task "AssignTargetPath".
   5:7>ResolveAssemblyReferences:
                 Private = 'false'
   7:7>AssignTargetPaths:
       Task "AssignTargetPath" skipped, due to false condition; ('@(_DeploymentBaseManifestWithTargetPath)'=='' and '%(None.Extension)'=='.manifest') was evaluated as (''=='' and ''=='.manifest').
   5:7>ResolveAssemblyReferences:
             /usr/share/dotnet/packs/Microsoft.AspNetCore.App.Ref/8.0.21/ref/net8.0/Microsoft.AspNetCore.Server.Kestrel.Transport.Sockets.dll
   4:7>ResolveAssemblyReferences:
             Resolved file path is "/usr/share/dotnet/packs/Microsoft.NETCore.App.Ref/8.0.21/ref/net8.0/System.Windows.dll".
   7:7>Done building target "AssignTargetPaths" in project "KChief.AlarmSystem.csproj".
   5:7>ResolveAssemblyReferences:
                 Private = 'false'
   7:7>Target "AssignTargetPaths" skipped. Previously built successfully.
   5:7>ResolveAssemblyReferences:
             /usr/share/dotnet/packs/Microsoft.AspNetCore.App.Ref/8.0.21/ref/net8.0/Microsoft.AspNetCore.Server.Kestrel.dll
                 Private = 'false'
   4:7>ResolveAssemblyReferences:
             Reference found at search path location "{RawFileName}".
   7:7>Target "SplitResourcesByCulture" in file "/usr/share/dotnet/sdk/8.0.415/Microsoft.Common.CurrentVersion.targets" from project "/home/saidul/Desktop/K-Chief Marine Automation Platform/src/KChief.AlarmSystem/KChief.AlarmSystem.csproj" (target "PrepareResourceNames" depends on it):
   7:7>Task "Warning" skipped, due to false condition; ('@(ResxWithNoCulture)'!='') was evaluated as (''!='').
   5:7>ResolveAssemblyReferences:
             /usr/share/dotnet/packs/Microsoft.AspNetCore.App.Ref/8.0.21/ref/net8.0/Microsoft.AspNetCore.Session.dll
   7:7>SplitResourcesByCulture:
       Task "Warning" skipped, due to false condition; ('@(ResxWithCulture)'!='') was evaluated as (''!='').
   5:7>ResolveAssemblyReferences:
                 Private = 'false'
   7:7>SplitResourcesByCulture:
       Task "Warning" skipped, due to false condition; ('@(NonResxWithCulture)'!='') was evaluated as (''!='').
   4:7>ResolveAssemblyReferences:
             This reference is not "CopyLocal" because at least one source item had "Private" set to "false" and no source items had "Private" set to "true".
   7:7>SplitResourcesByCulture:
       Task "Warning" skipped, due to false condition; ('@(NonResxWithNoCulture)'!='') was evaluated as (''!='').
       Using "AssignCulture" task from assembly "Microsoft.Build.Tasks.Core, Version=15.1.0.0, Culture=neutral, PublicKeyToken=b03f5f7f11d50a3a".
   5:7>ResolveAssemblyReferences:
             /usr/share/dotnet/packs/Microsoft.AspNetCore.App.Ref/8.0.21/ref/net8.0/Microsoft.AspNetCore.SignalR.Common.dll
   7:7>Task "AssignCulture"
   4:7>ResolveAssemblyReferences:
             The ImageRuntimeVersion for this reference is "".
   7:7>Done executing task "AssignCulture".
   7:7>Done building target "SplitResourcesByCulture" in project "KChief.AlarmSystem.csproj".
   4:7>ResolveAssemblyReferences:
         Primary reference "System.Xml.Linq, Version=4.0.0.0, Culture=neutral, PublicKeyToken=b77a5c561934e089".
   7:7>Target "CreateManifestResourceNames" skipped, due to false condition; ('@(EmbeddedResource)' != '') was evaluated as ('' != '').
   5:7>ResolveAssemblyReferences:
                 Private = 'false'
   4:7>ResolveAssemblyReferences:
             Resolved file path is "/usr/share/dotnet/packs/Microsoft.NETCore.App.Ref/8.0.21/ref/net8.0/System.Xml.Linq.dll".
   5:7>ResolveAssemblyReferences:
             /usr/share/dotnet/packs/Microsoft.AspNetCore.App.Ref/8.0.21/ref/net8.0/Microsoft.AspNetCore.SignalR.Core.dll
                 Private = 'false'
   4:7>ResolveAssemblyReferences:
             Reference found at search path location "{RawFileName}".
   5:7>ResolveAssemblyReferences:
             /usr/share/dotnet/packs/Microsoft.AspNetCore.App.Ref/8.0.21/ref/net8.0/Microsoft.AspNetCore.SignalR.Protocols.Json.dll
   7:7>Target "CreateCustomManifestResourceNames" in file "/usr/share/dotnet/sdk/8.0.415/Microsoft.Common.CurrentVersion.targets" from project "/home/saidul/Desktop/K-Chief Marine Automation Platform/src/KChief.AlarmSystem/KChief.AlarmSystem.csproj" (target "PrepareResourceNames" depends on it):
   7:7>Done building target "CreateCustomManifestResourceNames" in project "KChief.AlarmSystem.csproj".
   5:7>ResolveAssemblyReferences:
                 Private = 'false'
             /usr/share/dotnet/packs/Microsoft.AspNetCore.App.Ref/8.0.21/ref/net8.0/Microsoft.AspNetCore.SignalR.dll
   4:7>ResolveAssemblyReferences:
             This reference is not "CopyLocal" because at least one source item had "Private" set to "false" and no source items had "Private" set to "true".
   7:7>Target "PrepareResourceNames" in file "/usr/share/dotnet/sdk/8.0.415/Microsoft.Common.CurrentVersion.targets" from project "/home/saidul/Desktop/K-Chief Marine Automation Platform/src/KChief.AlarmSystem/KChief.AlarmSystem.csproj" (target "PrepareResources" depends on it):
   7:7>Done building target "PrepareResourceNames" in project "KChief.AlarmSystem.csproj".
   5:7>ResolveAssemblyReferences:
                 Private = 'false'
             /usr/share/dotnet/packs/Microsoft.AspNetCore.App.Ref/8.0.21/ref/net8.0/Microsoft.AspNetCore.StaticFiles.dll
   7:7>Target "ResolveAssemblyReferences" skipped. Previously built successfully.
   4:7>ResolveAssemblyReferences:
             The ImageRuntimeVersion for this reference is "".
   5:7>ResolveAssemblyReferences:
                 Private = 'false'
   7:7>Target "SplitResourcesByCulture" skipped. Previously built successfully.
   5:7>ResolveAssemblyReferences:
             /usr/share/dotnet/packs/Microsoft.AspNetCore.App.Ref/8.0.21/ref/net8.0/Microsoft.AspNetCore.WebSockets.dll
                 Private = 'false'
   4:7>ResolveAssemblyReferences:
         Primary reference "System.Xml.ReaderWriter, Version=8.0.0.0, Culture=neutral, PublicKeyToken=b03f5f7f11d50a3a".
   7:7>Target "BeforeResGen" in file "/usr/share/dotnet/sdk/8.0.415/Microsoft.Common.CurrentVersion.targets" from project "/home/saidul/Desktop/K-Chief Marine Automation Platform/src/KChief.AlarmSystem/KChief.AlarmSystem.csproj" (target "ResGen" depends on it):
   7:7>Done building target "BeforeResGen" in project "KChief.AlarmSystem.csproj".
   5:7>ResolveAssemblyReferences:
             /usr/share/dotnet/packs/Microsoft.AspNetCore.App.Ref/8.0.21/ref/net8.0/Microsoft.AspNetCore.WebUtilities.dll
   7:7>Target "ResolveReferences" skipped. Previously built successfully.
   5:7>ResolveAssemblyReferences:
                 Private = 'false'
             /usr/share/dotnet/packs/Microsoft.AspNetCore.App.Ref/8.0.21/ref/net8.0/Microsoft.AspNetCore.dll
   4:7>ResolveAssemblyReferences:
             Resolved file path is "/usr/share/dotnet/packs/Microsoft.NETCore.App.Ref/8.0.21/ref/net8.0/System.Xml.ReaderWriter.dll".
   7:7>Target "FindReferenceAssembliesForReferences" in file "/usr/share/dotnet/sdk/8.0.415/Microsoft.Common.CurrentVersion.targets" from project "/home/saidul/Desktop/K-Chief Marine Automation Platform/src/KChief.AlarmSystem/KChief.AlarmSystem.csproj" (target "CoreResGen" depends on it):
   7:7>Done building target "FindReferenceAssembliesForReferences" in project "KChief.AlarmSystem.csproj".
   5:7>ResolveAssemblyReferences:
                 Private = 'false'
             /usr/share/dotnet/packs/Microsoft.AspNetCore.App.Ref/8.0.21/ref/net8.0/Microsoft.Extensions.Caching.Abstractions.dll
   4:7>ResolveAssemblyReferences:
             Reference found at search path location "{RawFileName}".
   5:7>ResolveAssemblyReferences:
                 Private = 'false'
   7:7>Target "CoreResGen" in file "/usr/share/dotnet/sdk/8.0.415/Microsoft.Common.CurrentVersion.targets" from project "/home/saidul/Desktop/K-Chief Marine Automation Platform/src/KChief.AlarmSystem/KChief.AlarmSystem.csproj" (target "ResGen" depends on it):
   7:7>Task "GenerateResource" skipped, due to false condition; ('%(EmbeddedResource.Type)' == 'Resx' and '%(EmbeddedResource.GenerateResource)' != 'false' and '$(GenerateResourceMSBuildRuntime)' != 'CLR2') was evaluated as ('' == 'Resx' and '' != 'false' and 'CurrentRuntime' != 'CLR2').
   5:7>ResolveAssemblyReferences:
             /usr/share/dotnet/packs/Microsoft.AspNetCore.App.Ref/8.0.21/ref/net8.0/Microsoft.Extensions.Caching.Memory.dll
   7:7>CoreResGen:
       Task "GenerateResource" skipped, due to false condition; ('%(EmbeddedResource.Type)' == 'Resx' and '%(EmbeddedResource.GenerateResource)' != 'false' and '$(GenerateResourceMSBuildRuntime)' == 'CLR2') was evaluated as ('' == 'Resx' and '' != 'false' and 'CurrentRuntime' == 'CLR2').
   5:7>ResolveAssemblyReferences:
                 Private = 'false'
   4:7>ResolveAssemblyReferences:
             This reference is not "CopyLocal" because at least one source item had "Private" set to "false" and no source items had "Private" set to "true".
   7:7>Done building target "CoreResGen" in project "KChief.AlarmSystem.csproj".
   5:7>ResolveAssemblyReferences:
             /usr/share/dotnet/packs/Microsoft.AspNetCore.App.Ref/8.0.21/ref/net8.0/Microsoft.Extensions.Configuration.Abstractions.dll
                 Private = 'false'
   4:7>ResolveAssemblyReferences:
             The ImageRuntimeVersion for this reference is "".
   7:7>Target "AfterResGen" in file "/usr/share/dotnet/sdk/8.0.415/Microsoft.Common.CurrentVersion.targets" from project "/home/saidul/Desktop/K-Chief Marine Automation Platform/src/KChief.AlarmSystem/KChief.AlarmSystem.csproj" (target "ResGen" depends on it):
   7:7>Done building target "AfterResGen" in project "KChief.AlarmSystem.csproj".
   7:7>Target "ResGen" in file "/usr/share/dotnet/sdk/8.0.415/Microsoft.Common.CurrentVersion.targets" from project "/home/saidul/Desktop/K-Chief Marine Automation Platform/src/KChief.AlarmSystem/KChief.AlarmSystem.csproj" (target "PrepareResources" depends on it):
   7:7>Done building target "ResGen" in project "KChief.AlarmSystem.csproj".
   5:7>ResolveAssemblyReferences:
             /usr/share/dotnet/packs/Microsoft.AspNetCore.App.Ref/8.0.21/ref/net8.0/Microsoft.Extensions.Configuration.Binder.dll
   7:7>Target "CompileLicxFiles" skipped, due to false condition; ('@(_LicxFile)'!='') was evaluated as (''!='').
   4:7>ResolveAssemblyReferences:
         Primary reference "System.Xml.Serialization, Version=4.0.0.0, Culture=neutral, PublicKeyToken=b77a5c561934e089".
   5:7>ResolveAssemblyReferences:
                 Private = 'false'
             /usr/share/dotnet/packs/Microsoft.AspNetCore.App.Ref/8.0.21/ref/net8.0/Microsoft.Extensions.Configuration.CommandLine.dll
   7:7>Target "PrepareResources" in file "/usr/share/dotnet/sdk/8.0.415/Microsoft.Common.CurrentVersion.targets" from project "/home/saidul/Desktop/K-Chief Marine Automation Platform/src/KChief.AlarmSystem/KChief.AlarmSystem.csproj" (target "CoreBuild" depends on it):
   7:7>Done building target "PrepareResources" in project "KChief.AlarmSystem.csproj".
   5:7>ResolveAssemblyReferences:
                 Private = 'false'
   4:7>ResolveAssemblyReferences:
             Resolved file path is "/usr/share/dotnet/packs/Microsoft.NETCore.App.Ref/8.0.21/ref/net8.0/System.Xml.Serialization.dll".
   7:7>Target "ResolveKeySource" skipped, due to false condition; ($(SignManifests) == 'true' or $(SignAssembly) == 'true') was evaluated as ( == 'true' or false == 'true').
   5:7>ResolveAssemblyReferences:
             /usr/share/dotnet/packs/Microsoft.AspNetCore.App.Ref/8.0.21/ref/net8.0/Microsoft.Extensions.Configuration.EnvironmentVariables.dll
   7:7>Target "ResolveReferences" skipped. Previously built successfully.
   5:7>ResolveAssemblyReferences:
                 Private = 'false'
   4:7>ResolveAssemblyReferences:
             Reference found at search path location "{RawFileName}".
   7:7>Target "ResolveKeySource" skipped, due to false condition; ($(SignManifests) == 'true' or $(SignAssembly) == 'true') was evaluated as ( == 'true' or false == 'true').
   5:7>ResolveAssemblyReferences:
             /usr/share/dotnet/packs/Microsoft.AspNetCore.App.Ref/8.0.21/ref/net8.0/Microsoft.Extensions.Configuration.FileExtensions.dll
                 Private = 'false'
   7:7>Target "ResolveComReferences" skipped, due to false condition; ('@(COMReference)'!='' or '@(COMFileReference)'!='') was evaluated as (''!='' or ''!='').
   5:7>ResolveAssemblyReferences:
             /usr/share/dotnet/packs/Microsoft.AspNetCore.App.Ref/8.0.21/ref/net8.0/Microsoft.Extensions.Configuration.Ini.dll
   4:7>ResolveAssemblyReferences:
             This reference is not "CopyLocal" because at least one source item had "Private" set to "false" and no source items had "Private" set to "true".
   7:7>Target "ResolveNativeReferences" skipped, due to false condition; ('@(NativeReference)'!='') was evaluated as (''!='').
   5:7>ResolveAssemblyReferences:
                 Private = 'false'
   7:7>Target "_SetExternalWin32ManifestProperties" skipped, due to false condition; ('$(GenerateClickOnceManifests)'=='true' or '@(NativeReference)'!='' or '@(ResolvedIsolatedComModules)'!='') was evaluated as (''=='true' or ''!='' or ''!='').
   5:7>ResolveAssemblyReferences:
             /usr/share/dotnet/packs/Microsoft.AspNetCore.App.Ref/8.0.21/ref/net8.0/Microsoft.Extensions.Configuration.Json.dll
   4:7>ResolveAssemblyReferences:
             The ImageRuntimeVersion for this reference is "".
   5:7>ResolveAssemblyReferences:
                 Private = 'false'
   7:7>Target "_SetEmbeddedWin32ManifestProperties" in file "/usr/share/dotnet/sdk/8.0.415/Microsoft.Common.CurrentVersion.targets" from project "/home/saidul/Desktop/K-Chief Marine Automation Platform/src/KChief.AlarmSystem/KChief.AlarmSystem.csproj" (target "SetWin32ManifestProperties" depends on it):
   7:7>Using "GetFrameworkPath" task from assembly "Microsoft.Build.Tasks.Core, Version=15.1.0.0, Culture=neutral, PublicKeyToken=b03f5f7f11d50a3a".
   5:7>ResolveAssemblyReferences:
             /usr/share/dotnet/packs/Microsoft.AspNetCore.App.Ref/8.0.21/ref/net8.0/Microsoft.Extensions.Configuration.KeyPerFile.dll
   7:7>Task "GetFrameworkPath"
   5:7>ResolveAssemblyReferences:
                 Private = 'false'
   4:7>ResolveAssemblyReferences:
         Primary reference "System.Xml.XDocument, Version=8.0.0.0, Culture=neutral, PublicKeyToken=b03f5f7f11d50a3a".
   7:7>Done executing task "GetFrameworkPath".
   5:7>ResolveAssemblyReferences:
             /usr/share/dotnet/packs/Microsoft.AspNetCore.App.Ref/8.0.21/ref/net8.0/Microsoft.Extensions.Configuration.UserSecrets.dll
                 Private = 'false'
   7:7>Done building target "_SetEmbeddedWin32ManifestProperties" in project "KChief.AlarmSystem.csproj".
   5:7>ResolveAssemblyReferences:
             /usr/share/dotnet/packs/Microsoft.AspNetCore.App.Ref/8.0.21/ref/net8.0/Microsoft.Extensions.Configuration.Xml.dll
   4:7>ResolveAssemblyReferences:
             Resolved file path is "/usr/share/dotnet/packs/Microsoft.NETCore.App.Ref/8.0.21/ref/net8.0/System.Xml.XDocument.dll".
   5:7>ResolveAssemblyReferences:
                 Private = 'false'
   7:7>Target "SetWin32ManifestProperties" in file "/usr/share/dotnet/sdk/8.0.415/Microsoft.Common.CurrentVersion.targets" from project "/home/saidul/Desktop/K-Chief Marine Automation Platform/src/KChief.AlarmSystem/KChief.AlarmSystem.csproj" (target "Compile" depends on it):
   7:7>Done building target "SetWin32ManifestProperties" in project "KChief.AlarmSystem.csproj".
   5:7>ResolveAssemblyReferences:
             /usr/share/dotnet/packs/Microsoft.AspNetCore.App.Ref/8.0.21/ref/net8.0/Microsoft.Extensions.Configuration.dll
   7:7>Target "_SetPreferNativeArm64Win32ManifestProperties" skipped, due to false condition; ( '$(PreferNativeArm64)'=='true' and '$(NoWin32Manifest)'!='true') was evaluated as ( ''=='true' and ''!='true').
   4:7>ResolveAssemblyReferences:
             Reference found at search path location "{RawFileName}".
   7:7>Target "FindReferenceAssembliesForReferences" skipped. Previously built successfully.
   5:7>ResolveAssemblyReferences:
                 Private = 'false'
             /usr/share/dotnet/packs/Microsoft.AspNetCore.App.Ref/8.0.21/ref/net8.0/Microsoft.Extensions.DependencyInjection.Abstractions.dll
   4:7>ResolveAssemblyReferences:
             This reference is not "CopyLocal" because at least one source item had "Private" set to "false" and no source items had "Private" set to "true".
   5:7>ResolveAssemblyReferences:
                 Private = 'false'
   7:7>Target "_GenerateCompileInputs" in file "/usr/share/dotnet/sdk/8.0.415/Microsoft.Common.CurrentVersion.targets" from project "/home/saidul/Desktop/K-Chief Marine Automation Platform/src/KChief.AlarmSystem/KChief.AlarmSystem.csproj" (target "Compile" depends on it):
   7:7>Task "Warning" skipped, due to false condition; ('@(ManifestResourceWithNoCulture)'!='' and '%(ManifestResourceWithNoCulture.EmittedForCompatibilityOnly)'=='') was evaluated as (''!='' and ''=='').
   5:7>ResolveAssemblyReferences:
             /usr/share/dotnet/packs/Microsoft.AspNetCore.App.Ref/8.0.21/ref/net8.0/Microsoft.Extensions.DependencyInjection.dll
   7:7>_GenerateCompileInputs:
       Task "Warning" skipped, due to false condition; ('@(ManifestNonResxWithNoCultureOnDisk)'!='' and '%(ManifestNonResxWithNoCultureOnDisk.EmittedForCompatibilityOnly)'=='') was evaluated as (''!='' and ''=='').
   5:7>ResolveAssemblyReferences:
                 Private = 'false'
   4:7>ResolveAssemblyReferences:
             The ImageRuntimeVersion for this reference is "".
   7:7>Done building target "_GenerateCompileInputs" in project "KChief.AlarmSystem.csproj".
   5:7>ResolveAssemblyReferences:
             /usr/share/dotnet/packs/Microsoft.AspNetCore.App.Ref/8.0.21/ref/net8.0/Microsoft.Extensions.Diagnostics.Abstractions.dll
   7:7>Target "PrepareForBuild" skipped. Previously built successfully.
   5:7>ResolveAssemblyReferences:
                 Private = 'false'
   4:7>ResolveAssemblyReferences:
         Primary reference "System.Xml.XPath.XDocument, Version=8.0.0.0, Culture=neutral, PublicKeyToken=b03f5f7f11d50a3a".
   5:7>ResolveAssemblyReferences:
             /usr/share/dotnet/packs/Microsoft.AspNetCore.App.Ref/8.0.21/ref/net8.0/Microsoft.Extensions.Diagnostics.HealthChecks.Abstractions.dll
                 Private = 'false'
   4:7>ResolveAssemblyReferences:
             Resolved file path is "/usr/share/dotnet/packs/Microsoft.NETCore.App.Ref/8.0.21/ref/net8.0/System.Xml.XPath.XDocument.dll".
   5:7>ResolveAssemblyReferences:
             /usr/share/dotnet/packs/Microsoft.AspNetCore.App.Ref/8.0.21/ref/net8.0/Microsoft.Extensions.Diagnostics.HealthChecks.dll
                 Private = 'false'
   7:7>Target "GenerateMSBuildEditorConfigFileShouldRun" in file "/usr/share/dotnet/sdk/8.0.415/Roslyn/Microsoft.Managed.Core.targets" from project "/home/saidul/Desktop/K-Chief Marine Automation Platform/src/KChief.AlarmSystem/KChief.AlarmSystem.csproj" (target "GenerateMSBuildEditorConfigFile" depends on it):
   7:7>Done building target "GenerateMSBuildEditorConfigFileShouldRun" in project "KChief.AlarmSystem.csproj".
   4:7>ResolveAssemblyReferences:
             Reference found at search path location "{RawFileName}".
   5:7>ResolveAssemblyReferences:
             /usr/share/dotnet/packs/Microsoft.AspNetCore.App.Ref/8.0.21/ref/net8.0/Microsoft.Extensions.Diagnostics.dll
   7:7>Target "GenerateMSBuildEditorConfigFileCore" in file "/usr/share/dotnet/sdk/8.0.415/Roslyn/Microsoft.Managed.Core.targets" from project "/home/saidul/Desktop/K-Chief Marine Automation Platform/src/KChief.AlarmSystem/KChief.AlarmSystem.csproj" (target "GenerateMSBuildEditorConfigFile" depends on it):
   7:7>Building target "GenerateMSBuildEditorConfigFileCore" completely.
   5:7>ResolveAssemblyReferences:
                 Private = 'false'
   7:7>GenerateMSBuildEditorConfigFileCore:
       No input files were specified.
   5:7>ResolveAssemblyReferences:
             /usr/share/dotnet/packs/Microsoft.AspNetCore.App.Ref/8.0.21/ref/net8.0/Microsoft.Extensions.Features.dll
   4:7>ResolveAssemblyReferences:
             This reference is not "CopyLocal" because at least one source item had "Private" set to "false" and no source items had "Private" set to "true".
   5:7>ResolveAssemblyReferences:
                 Private = 'false'
             /usr/share/dotnet/packs/Microsoft.AspNetCore.App.Ref/8.0.21/ref/net8.0/Microsoft.Extensions.FileProviders.Abstractions.dll
   4:7>ResolveAssemblyReferences:
             The ImageRuntimeVersion for this reference is "".
   5:7>ResolveAssemblyReferences:
                 Private = 'false'
             /usr/share/dotnet/packs/Microsoft.AspNetCore.App.Ref/8.0.21/ref/net8.0/Microsoft.Extensions.FileProviders.Composite.dll
   4:7>ResolveAssemblyReferences:
         Primary reference "System.Xml.XPath, Version=8.0.0.0, Culture=neutral, PublicKeyToken=b03f5f7f11d50a3a".
   5:7>ResolveAssemblyReferences:
                 Private = 'false'
             /usr/share/dotnet/packs/Microsoft.AspNetCore.App.Ref/8.0.21/ref/net8.0/Microsoft.Extensions.FileProviders.Embedded.dll
   4:7>ResolveAssemblyReferences:
             Resolved file path is "/usr/share/dotnet/packs/Microsoft.NETCore.App.Ref/8.0.21/ref/net8.0/System.Xml.XPath.dll".
   5:7>ResolveAssemblyReferences:
                 Private = 'false'
             /usr/share/dotnet/packs/Microsoft.AspNetCore.App.Ref/8.0.21/ref/net8.0/Microsoft.Extensions.FileProviders.Physical.dll
                 Private = 'false'
   4:7>ResolveAssemblyReferences:
             Reference found at search path location "{RawFileName}".
   5:7>ResolveAssemblyReferences:
             /usr/share/dotnet/packs/Microsoft.AspNetCore.App.Ref/8.0.21/ref/net8.0/Microsoft.Extensions.FileSystemGlobbing.dll
                 Private = 'false'
   4:7>ResolveAssemblyReferences:
             This reference is not "CopyLocal" because at least one source item had "Private" set to "false" and no source items had "Private" set to "true".
   5:7>ResolveAssemblyReferences:
             /usr/share/dotnet/packs/Microsoft.AspNetCore.App.Ref/8.0.21/ref/net8.0/Microsoft.Extensions.Hosting.Abstractions.dll
                 Private = 'false'
             /usr/share/dotnet/packs/Microsoft.AspNetCore.App.Ref/8.0.21/ref/net8.0/Microsoft.Extensions.Hosting.dll
   4:7>ResolveAssemblyReferences:
             The ImageRuntimeVersion for this reference is "".
   5:7>ResolveAssemblyReferences:
                 Private = 'false'
             /usr/share/dotnet/packs/Microsoft.AspNetCore.App.Ref/8.0.21/ref/net8.0/Microsoft.Extensions.Http.dll
   4:7>ResolveAssemblyReferences:
         Primary reference "System.Xml.XmlDocument, Version=8.0.0.0, Culture=neutral, PublicKeyToken=b03f5f7f11d50a3a".
   5:7>ResolveAssemblyReferences:
                 Private = 'false'
             /usr/share/dotnet/packs/Microsoft.AspNetCore.App.Ref/8.0.21/ref/net8.0/Microsoft.Extensions.Identity.Core.dll
   4:7>ResolveAssemblyReferences:
             Resolved file path is "/usr/share/dotnet/packs/Microsoft.NETCore.App.Ref/8.0.21/ref/net8.0/System.Xml.XmlDocument.dll".
   5:7>ResolveAssemblyReferences:
                 Private = 'false'
             /usr/share/dotnet/packs/Microsoft.AspNetCore.App.Ref/8.0.21/ref/net8.0/Microsoft.Extensions.Identity.Stores.dll
                 Private = 'false'
   4:7>ResolveAssemblyReferences:
             Reference found at search path location "{RawFileName}".
   5:7>ResolveAssemblyReferences:
             /usr/share/dotnet/packs/Microsoft.AspNetCore.App.Ref/8.0.21/ref/net8.0/Microsoft.Extensions.Localization.Abstractions.dll
                 Private = 'false'
             /usr/share/dotnet/packs/Microsoft.AspNetCore.App.Ref/8.0.21/ref/net8.0/Microsoft.Extensions.Localization.dll
   4:7>ResolveAssemblyReferences:
             This reference is not "CopyLocal" because at least one source item had "Private" set to "false" and no source items had "Private" set to "true".
   5:7>ResolveAssemblyReferences:
                 Private = 'false'
             /usr/share/dotnet/packs/Microsoft.AspNetCore.App.Ref/8.0.21/ref/net8.0/Microsoft.Extensions.Logging.Abstractions.dll
   4:7>ResolveAssemblyReferences:
             The ImageRuntimeVersion for this reference is "".
   5:7>ResolveAssemblyReferences:
                 Private = 'false'
             /usr/share/dotnet/packs/Microsoft.AspNetCore.App.Ref/8.0.21/ref/net8.0/Microsoft.Extensions.Logging.Configuration.dll
   7:7>GenerateMSBuildEditorConfigFileCore:
       Using "GenerateMSBuildEditorConfig" task from assembly "/usr/share/dotnet/sdk/8.0.415/Roslyn/Microsoft.Build.Tasks.CodeAnalysis.dll".
   5:7>ResolveAssemblyReferences:
                 Private = 'false'
   4:7>ResolveAssemblyReferences:
         Primary reference "System.Xml.XmlSerializer, Version=8.0.0.0, Culture=neutral, PublicKeyToken=b03f5f7f11d50a3a".
   5:7>ResolveAssemblyReferences:
             /usr/share/dotnet/packs/Microsoft.AspNetCore.App.Ref/8.0.21/ref/net8.0/Microsoft.Extensions.Logging.Console.dll
                 Private = 'false'
   7:7>Task "GenerateMSBuildEditorConfig"
   5:7>ResolveAssemblyReferences:
             /usr/share/dotnet/packs/Microsoft.AspNetCore.App.Ref/8.0.21/ref/net8.0/Microsoft.Extensions.Logging.Debug.dll
   4:7>ResolveAssemblyReferences:
             Resolved file path is "/usr/share/dotnet/packs/Microsoft.NETCore.App.Ref/8.0.21/ref/net8.0/System.Xml.XmlSerializer.dll".
   5:7>ResolveAssemblyReferences:
                 Private = 'false'
             /usr/share/dotnet/packs/Microsoft.AspNetCore.App.Ref/8.0.21/ref/net8.0/Microsoft.Extensions.Logging.EventLog.dll
   4:7>ResolveAssemblyReferences:
             Reference found at search path location "{RawFileName}".
   5:7>ResolveAssemblyReferences:
                 Private = 'false'
             /usr/share/dotnet/packs/Microsoft.AspNetCore.App.Ref/8.0.21/ref/net8.0/Microsoft.Extensions.Logging.EventSource.dll
                 Private = 'false'
   4:7>ResolveAssemblyReferences:
             This reference is not "CopyLocal" because at least one source item had "Private" set to "false" and no source items had "Private" set to "true".
   5:7>ResolveAssemblyReferences:
             /usr/share/dotnet/packs/Microsoft.AspNetCore.App.Ref/8.0.21/ref/net8.0/Microsoft.Extensions.Logging.TraceSource.dll
                 Private = 'false'
   7:7>Done executing task "GenerateMSBuildEditorConfig".
   5:7>ResolveAssemblyReferences:
             /usr/share/dotnet/packs/Microsoft.AspNetCore.App.Ref/8.0.21/ref/net8.0/Microsoft.Extensions.Logging.dll
   4:7>ResolveAssemblyReferences:
             The ImageRuntimeVersion for this reference is "".
   7:7>Done building target "GenerateMSBuildEditorConfigFileCore" in project "KChief.AlarmSystem.csproj".
   5:7>ResolveAssemblyReferences:
                 Private = 'false'
             /usr/share/dotnet/packs/Microsoft.AspNetCore.App.Ref/8.0.21/ref/net8.0/Microsoft.Extensions.ObjectPool.dll
   4:7>ResolveAssemblyReferences:
         Primary reference "System.Xml, Version=4.0.0.0, Culture=neutral, PublicKeyToken=b77a5c561934e089".
   5:7>ResolveAssemblyReferences:
                 Private = 'false'
   7:7>Target "GenerateMSBuildEditorConfigFile" in file "/usr/share/dotnet/sdk/8.0.415/Roslyn/Microsoft.Managed.Core.targets" from project "/home/saidul/Desktop/K-Chief Marine Automation Platform/src/KChief.AlarmSystem/KChief.AlarmSystem.csproj" (target "BeforeCompile" depends on it):
   7:7>Done building target "GenerateMSBuildEditorConfigFile" in project "KChief.AlarmSystem.csproj".
   5:7>ResolveAssemblyReferences:
             /usr/share/dotnet/packs/Microsoft.AspNetCore.App.Ref/8.0.21/ref/net8.0/Microsoft.Extensions.Options.ConfigurationExtensions.dll
   7:7>Target "PrepareForBuild" skipped. Previously built successfully.
   5:7>ResolveAssemblyReferences:
                 Private = 'false'
   4:7>ResolveAssemblyReferences:
             Resolved file path is "/usr/share/dotnet/packs/Microsoft.NETCore.App.Ref/8.0.21/ref/net8.0/System.Xml.dll".
   7:7>Target "GetReferenceAssemblyPaths" skipped. Previously built successfully.
   5:7>ResolveAssemblyReferences:
             /usr/share/dotnet/packs/Microsoft.AspNetCore.App.Ref/8.0.21/ref/net8.0/Microsoft.Extensions.Options.DataAnnotations.dll
                 Private = 'false'
   4:7>ResolveAssemblyReferences:
             Reference found at search path location "{RawFileName}".
   5:7>ResolveAssemblyReferences:
             /usr/share/dotnet/packs/Microsoft.AspNetCore.App.Ref/8.0.21/ref/net8.0/Microsoft.Extensions.Options.dll
   7:7>Target "_SetTargetFrameworkMonikerAttribute" in file "/usr/share/dotnet/sdk/8.0.415/Microsoft.CSharp.CurrentVersion.targets" from project "/home/saidul/Desktop/K-Chief Marine Automation Platform/src/KChief.AlarmSystem/KChief.AlarmSystem.csproj" (target "GenerateTargetFrameworkMonikerAttribute" depends on it):
   7:7>Done building target "_SetTargetFrameworkMonikerAttribute" in project "KChief.AlarmSystem.csproj".
   5:7>ResolveAssemblyReferences:
                 Private = 'false'
             /usr/share/dotnet/packs/Microsoft.AspNetCore.App.Ref/8.0.21/ref/net8.0/Microsoft.Extensions.Primitives.dll
   4:7>ResolveAssemblyReferences:
             This reference is not "CopyLocal" because at least one source item had "Private" set to "false" and no source items had "Private" set to "true".
   7:7>Target "GenerateTargetFrameworkMonikerAttribute" in file "/usr/share/dotnet/sdk/8.0.415/Microsoft.Common.CurrentVersion.targets" from project "/home/saidul/Desktop/K-Chief Marine Automation Platform/src/KChief.AlarmSystem/KChief.AlarmSystem.csproj" (target "BeforeCompile" depends on it):
   7:7>Skipping target "GenerateTargetFrameworkMonikerAttribute" because all output files are up-to-date with respect to the input files.
   5:7>ResolveAssemblyReferences:
                 Private = 'false'
             /usr/share/dotnet/packs/Microsoft.AspNetCore.App.Ref/8.0.21/ref/net8.0/Microsoft.Extensions.WebEncoders.dll
   4:7>ResolveAssemblyReferences:
             The ImageRuntimeVersion for this reference is "".
   5:7>ResolveAssemblyReferences:
                 Private = 'false'
             /usr/share/dotnet/packs/Microsoft.AspNetCore.App.Ref/8.0.21/ref/net8.0/Microsoft.JSInterop.dll
                 Private = 'false'
   4:7>ResolveAssemblyReferences:
         Primary reference "System, Version=4.0.0.0, Culture=neutral, PublicKeyToken=b77a5c561934e089".
   5:7>ResolveAssemblyReferences:
             /usr/share/dotnet/packs/Microsoft.AspNetCore.App.Ref/8.0.21/ref/net8.0/Microsoft.Net.Http.Headers.dll
                 Private = 'false'
             /usr/share/dotnet/packs/Microsoft.AspNetCore.App.Ref/8.0.21/ref/net8.0/System.Diagnostics.EventLog.dll
                 Private = 'false'
   4:7>ResolveAssemblyReferences:
             Resolved file path is "/usr/share/dotnet/packs/Microsoft.NETCore.App.Ref/8.0.21/ref/net8.0/System.dll".
   5:7>ResolveAssemblyReferences:
             /usr/share/dotnet/packs/Microsoft.AspNetCore.App.Ref/8.0.21/ref/net8.0/System.IO.Pipelines.dll
                 Private = 'false'
   4:7>ResolveAssemblyReferences:
             Reference found at search path location "{RawFileName}".
             This reference is not "CopyLocal" because at least one source item had "Private" set to "false" and no source items had "Private" set to "true".
   5:7>ResolveAssemblyReferences:
             /usr/share/dotnet/packs/Microsoft.AspNetCore.App.Ref/8.0.21/ref/net8.0/System.Security.Cryptography.Xml.dll
                 Private = 'false'
   7:7>GenerateTargetFrameworkMonikerAttribute:
       Input files: /usr/share/dotnet/sdk/8.0.415/Microsoft.Common.targets
   5:7>ResolveAssemblyReferences:
             /usr/share/dotnet/packs/Microsoft.AspNetCore.App.Ref/8.0.21/ref/net8.0/System.Threading.RateLimiting.dll
   4:7>ResolveAssemblyReferences:
             The ImageRuntimeVersion for this reference is "".
   7:7>GenerateTargetFrameworkMonikerAttribute:
       Output files: obj/Release/net8.0/.NETCoreApp,Version=v8.0.AssemblyAttributes.cs
   5:7>ResolveAssemblyReferences:
                 Private = 'false'
   7:7>Done building target "GenerateTargetFrameworkMonikerAttribute" in project "KChief.AlarmSystem.csproj".
   5:7>ResolveAssemblyReferences:
         AssemblyFiles:
   4:7>ResolveAssemblyReferences:
         Primary reference "WindowsBase, Version=4.0.0.0, Culture=neutral, PublicKeyToken=31bf3856ad364e35".
   5:7>ResolveAssemblyReferences:
             /home/saidul/Desktop/K-Chief Marine Automation Platform/src/KChief.Platform.Core/bin/Release/net8.0/KChief.Platform.Core.dll
   7:7>Target "GenerateAdditionalSources" skipped, due to false condition; ('@(AssemblyAttributes)' != '' and '$(GenerateAdditionalSources)' == 'true') was evaluated as ('' != '' and '' == 'true').
   5:7>ResolveAssemblyReferences:
         CandidateAssemblyFiles:
   7:7>Target "PrepareForBuild" skipped. Previously built successfully.
   4:7>ResolveAssemblyReferences:
             Resolved file path is "/usr/share/dotnet/packs/Microsoft.NETCore.App.Ref/8.0.21/ref/net8.0/WindowsBase.dll".
   5:7>ResolveAssemblyReferences:
         TargetFrameworkDirectories:
             
   7:7>Target "GetAssemblyVersion" in file "/usr/share/dotnet/sdk/8.0.415/Sdks/Microsoft.NET.Sdk/targets/Microsoft.NET.GenerateAssemblyInfo.targets" from project "/home/saidul/Desktop/K-Chief Marine Automation Platform/src/KChief.AlarmSystem/KChief.AlarmSystem.csproj" (target "GetAssemblyAttributes" depends on it):
   7:7>Using "GetAssemblyVersion" task from assembly "/usr/share/dotnet/sdk/8.0.415/Sdks/Microsoft.NET.Sdk/targets/../tools/net8.0/Microsoft.NET.Build.Tasks.dll".
   5:7>ResolveAssemblyReferences:
         InstalledAssemblyTables:
   4:7>ResolveAssemblyReferences:
             Reference found at search path location "{RawFileName}".
   5:7>ResolveAssemblyReferences:
         IgnoreInstalledAssemblyTable:
   7:7>Task "GetAssemblyVersion"
   5:7>ResolveAssemblyReferences:
             False
   4:7>ResolveAssemblyReferences:
             This reference is not "CopyLocal" because at least one source item had "Private" set to "false" and no source items had "Private" set to "true".
   7:7>Done executing task "GetAssemblyVersion".
   5:7>ResolveAssemblyReferences:
         SearchPaths:
   7:7>Done building target "GetAssemblyVersion" in project "KChief.AlarmSystem.csproj".
   5:7>ResolveAssemblyReferences:
             {CandidateAssemblyFiles}
   7:7>Target "GetAssemblyVersion" skipped. Previously built successfully.
   4:7>ResolveAssemblyReferences:
             The ImageRuntimeVersion for this reference is "".
   5:7>ResolveAssemblyReferences:
             {HintPathFromItem}
             {TargetFrameworkDirectory}
             {RawFileName}
   4:7>ResolveAssemblyReferences:
         Primary reference "mscorlib, Version=4.0.0.0, Culture=neutral, PublicKeyToken=b77a5c561934e089".
   5:7>ResolveAssemblyReferences:
         AllowedAssemblyExtensions:
             .winmd
   4:7>ResolveAssemblyReferences:
             Resolved file path is "/usr/share/dotnet/packs/Microsoft.NETCore.App.Ref/8.0.21/ref/net8.0/mscorlib.dll".
   5:7>ResolveAssemblyReferences:
             .dll
             .exe
         AllowedRelatedFileExtensions:
   4:7>ResolveAssemblyReferences:
             Reference found at search path location "{RawFileName}".
   5:7>ResolveAssemblyReferences:
             .pdb
             .xml
   4:7>ResolveAssemblyReferences:
             This reference is not "CopyLocal" because at least one source item had "Private" set to "false" and no source items had "Private" set to "true".
   5:7>ResolveAssemblyReferences:
             .pri
             .dll.config
             .exe.config
   4:7>ResolveAssemblyReferences:
             The ImageRuntimeVersion for this reference is "".
   5:7>ResolveAssemblyReferences:
         AppConfigFile:
             
   4:7>ResolveAssemblyReferences:
         Primary reference "netstandard, Version=2.1.0.0, Culture=neutral, PublicKeyToken=cc7b13ffcd2ddd51".
   5:7>ResolveAssemblyReferences:
         AutoUnify:
             True
         CopyLocalDependenciesWhenParentReferenceInGac:
   7:7>Target "InitializeSourceControlInformationFromSourceControlManager" in file "/usr/share/dotnet/sdk/8.0.415/Sdks/Microsoft.Build.Tasks.Git/build/Microsoft.Build.Tasks.Git.targets" from project "/home/saidul/Desktop/K-Chief Marine Automation Platform/src/KChief.AlarmSystem/KChief.AlarmSystem.csproj" (target "_InitializeSourceControlInformationFromSourceControlManager" depends on it):
   7:7>Using "Microsoft.Build.Tasks.Git.LocateRepository" task from assembly "/usr/share/dotnet/sdk/8.0.415/Sdks/Microsoft.Build.Tasks.Git/build/../tools/core/Microsoft.Build.Tasks.Git.dll".
   4:7>ResolveAssemblyReferences:
             Resolved file path is "/usr/share/dotnet/packs/Microsoft.NETCore.App.Ref/8.0.21/ref/net8.0/netstandard.dll".
   5:7>ResolveAssemblyReferences:
             True
   7:7>Task "Microsoft.Build.Tasks.Git.LocateRepository"
   5:7>ResolveAssemblyReferences:
         FindDependencies:
   4:7>ResolveAssemblyReferences:
             Reference found at search path location "{RawFileName}".
   5:7>ResolveAssemblyReferences:
             True
         TargetProcessorArchitecture:
             msil
   4:7>ResolveAssemblyReferences:
             This reference is not "CopyLocal" because at least one source item had "Private" set to "false" and no source items had "Private" set to "true".
   5:7>ResolveAssemblyReferences:
         StateFile:
   7:7>InitializeSourceControlInformationFromSourceControlManager:
         SourceLink: Repository instance not found in cache: '*:/home/saidul/Desktop/K-Chief Marine Automation Platform/.git'
   5:7>ResolveAssemblyReferences:
             obj/Release/net8.0/KChief.Protocols.OPC.csproj.AssemblyReference.cache
   4:7>ResolveAssemblyReferences:
             The ImageRuntimeVersion for this reference is "".
   5:7>ResolveAssemblyReferences:
         InstalledAssemblySubsetTables:
         IgnoreInstalledAssemblySubsetTable:
             False
   4:7>Done executing task "ResolveAssemblyReference".
   5:7>ResolveAssemblyReferences:
         TargetFrameworkSubsets:
         FullTargetFrameworkSubsetNames:
             Full
   4:7>Done building target "ResolveAssemblyReferences" in project "KChief.Protocols.Modbus.csproj".
   5:7>ResolveAssemblyReferences:
         ProfileName:
             
         FullFrameworkFolders:
   4:7>Target "GenerateBindingRedirects" skipped, due to false condition; ('$(AutoGenerateBindingRedirects)' == 'true' and '$(GenerateBindingRedirectsOutputType)' == 'true' and '@(SuggestedBindingRedirects)' != '' and '$(DesignTimeBuild)' != 'true' and '$(BuildingProject)' == 'true') was evaluated as ('' == 'true' and '' == 'true' and '' != '' and '' != 'true' and 'true' == 'true').
   5:7>ResolveAssemblyReferences:
         LatestTargetFrameworkDirectories:
         ProfileTablesLocation:
   4:7>Target "GenerateSupportedRuntime" skipped, due to false condition; ('$(GenerateSupportedRuntime)' != 'false' and '$(TargetFrameworkIdentifier)' == '.NETFramework' and '$(HasRuntimeOutput)' == 'true') was evaluated as ('' != 'false' and '.NETCoreApp' == '.NETFramework' and '' == 'true').
       Target "GenerateBindingRedirectsUpdateAppConfig" skipped, due to false condition; ('$(AutoGenerateBindingRedirects)' == 'true' and '$(GenerateBindingRedirectsOutputType)' == 'true') was evaluated as ('' == 'true' and '' == 'true').
       Target "ResolveComReferences" skipped, due to false condition; ('@(COMReference)'!='' or '@(COMFileReference)'!='') was evaluated as (''!='' or ''!='').
   7:7>Done executing task "Microsoft.Build.Tasks.Git.LocateRepository".
   7:7>Done building target "InitializeSourceControlInformationFromSourceControlManager" in project "KChief.AlarmSystem.csproj".
   4:7>Target "AfterResolveReferences" in file "/usr/share/dotnet/sdk/8.0.415/Microsoft.Common.CurrentVersion.targets" from project "/home/saidul/Desktop/K-Chief Marine Automation Platform/src/KChief.Protocols.Modbus/KChief.Protocols.Modbus.csproj" (target "ResolveReferences" depends on it):
   4:7>Done building target "AfterResolveReferences" in project "KChief.Protocols.Modbus.csproj".
   4:7>Target "ResolveReferences" in file "/usr/share/dotnet/sdk/8.0.415/Microsoft.Common.CurrentVersion.targets" from project "/home/saidul/Desktop/K-Chief Marine Automation Platform/src/KChief.Protocols.Modbus/KChief.Protocols.Modbus.csproj" (target "_BlockWinMDsOnUnsupportedTFMs" depends on it):
   4:7>Done building target "ResolveReferences" in project "KChief.Protocols.Modbus.csproj".
   7:7>Target "_SourceLinkHasSingleProvider" in file "/usr/share/dotnet/sdk/8.0.415/Sdks/Microsoft.SourceLink.Common/build/InitializeSourceControlInformation.targets" from project "/home/saidul/Desktop/K-Chief Marine Automation Platform/src/KChief.AlarmSystem/KChief.AlarmSystem.csproj" (target "_InitializeSourceControlInformationFromSourceControlManager" depends on it):
   7:7>Using "Microsoft.SourceLink.Common.SourceLinkHasSingleProvider" task from assembly "/usr/share/dotnet/sdk/8.0.415/Sdks/Microsoft.SourceLink.Common/build/../tools/core/Microsoft.SourceLink.Common.dll".
       Task "Microsoft.SourceLink.Common.SourceLinkHasSingleProvider"
       Done executing task "Microsoft.SourceLink.Common.SourceLinkHasSingleProvider".
   7:7>Done building target "_SourceLinkHasSingleProvider" in project "KChief.AlarmSystem.csproj".
   4:7>Target "_BlockWinMDsOnUnsupportedTFMs" in file "/usr/share/dotnet/sdk/8.0.415/Sdks/Microsoft.NET.Sdk/targets/Microsoft.NET.Sdk.targets" from project "/home/saidul/Desktop/K-Chief Marine Automation Platform/src/KChief.Protocols.Modbus/KChief.Protocols.Modbus.csproj" (target "CoreBuild" depends on it):
   4:7>Using "CheckForUnsupportedWinMDReferences" task from assembly "/usr/share/dotnet/sdk/8.0.415/Sdks/Microsoft.NET.Sdk/targets/../tools/net8.0/Microsoft.NET.Build.Tasks.dll".
       Task "CheckForUnsupportedWinMDReferences"
       Done executing task "CheckForUnsupportedWinMDReferences".
   7:7>Target "TranslateGitHubUrlsInSourceControlInformation" in file "/usr/share/dotnet/sdk/8.0.415/Sdks/Microsoft.SourceLink.GitHub/build/Microsoft.SourceLink.GitHub.targets" from project "/home/saidul/Desktop/K-Chief Marine Automation Platform/src/KChief.AlarmSystem/KChief.AlarmSystem.csproj" (target "_InitializeSourceControlInformationFromSourceControlManager" depends on it):
   7:7>Using "Microsoft.SourceLink.GitHub.TranslateRepositoryUrls" task from assembly "/usr/share/dotnet/sdk/8.0.415/Sdks/Microsoft.SourceLink.GitHub/build/../tools/core/Microsoft.SourceLink.GitHub.dll".
       Task "Microsoft.SourceLink.GitHub.TranslateRepositoryUrls"
   4:7>_BlockWinMDsOnUnsupportedTFMs:
       Task "NETSdkError" skipped, due to false condition; ('$(OutputType)' == 'winmdobj') was evaluated as ('Library' == 'winmdobj').
   4:7>Done building target "_BlockWinMDsOnUnsupportedTFMs" in project "KChief.Protocols.Modbus.csproj".
       Target "ResolveReferences" skipped. Previously built successfully.
   7:7>Done executing task "Microsoft.SourceLink.GitHub.TranslateRepositoryUrls".
   4:7>Target "ResolvePackageDependenciesForBuild" skipped. Previously built successfully.
   7:7>Done building target "TranslateGitHubUrlsInSourceControlInformation" in project "KChief.AlarmSystem.csproj".
   4:7>Target "_HandlePackageFileConflicts" skipped. Previously built successfully.
   4:7>Target "CopyAdditionalFiles" in file "/usr/share/dotnet/sdk/8.0.415/Roslyn/Microsoft.Managed.Core.targets" from project "/home/saidul/Desktop/K-Chief Marine Automation Platform/src/KChief.Protocols.Modbus/KChief.Protocols.Modbus.csproj" (target "AssignTargetPaths" depends on it):
   4:7>Done building target "CopyAdditionalFiles" in project "KChief.Protocols.Modbus.csproj".
       Target "_ChooseAppHost" skipped, due to false condition; ('$(UseAppHost)' == 'true' and '$(_IsExecutable)' == 'true') was evaluated as ('' == 'true' and '' == 'true').
   7:7>Target "TranslateGitLabUrlsInSourceControlInformation" in file "/usr/share/dotnet/sdk/8.0.415/Sdks/Microsoft.SourceLink.GitLab/build/Microsoft.SourceLink.GitLab.targets" from project "/home/saidul/Desktop/K-Chief Marine Automation Platform/src/KChief.AlarmSystem/KChief.AlarmSystem.csproj" (target "_InitializeSourceControlInformationFromSourceControlManager" depends on it):
   7:7>Using "Microsoft.SourceLink.GitLab.TranslateRepositoryUrls" task from assembly "/usr/share/dotnet/sdk/8.0.415/Sdks/Microsoft.SourceLink.GitLab/build/../tools/core/Microsoft.SourceLink.GitLab.dll".
       Task "Microsoft.SourceLink.GitLab.TranslateRepositoryUrls"
   4:7>Target "_GetComHostPaths" skipped, due to false condition; ('$(EnableComHosting)' == 'true' and '$(_IsExecutable)' != 'true') was evaluated as ('' == 'true' and '' != 'true').
       Target "_GetIjwHostPaths" skipped, due to false condition; ('$(UseIJWHost)' == 'true') was evaluated as ('' == 'true').
   7:7>Done executing task "Microsoft.SourceLink.GitLab.TranslateRepositoryUrls".
   7:7>Done building target "TranslateGitLabUrlsInSourceControlInformation" in project "KChief.AlarmSystem.csproj".
   4:7>Target "_ComputeNETCoreBuildOutputFiles" in file "/usr/share/dotnet/sdk/8.0.415/Sdks/Microsoft.NET.Sdk/targets/Microsoft.NET.Sdk.targets" from project "/home/saidul/Desktop/K-Chief Marine Automation Platform/src/KChief.Protocols.Modbus/KChief.Protocols.Modbus.csproj" (target "AssignTargetPaths" depends on it):
   4:7>Done building target "_ComputeNETCoreBuildOutputFiles" in project "KChief.Protocols.Modbus.csproj".
   4:7>Target "AssignTargetPaths" in file "/usr/share/dotnet/sdk/8.0.415/Microsoft.Common.CurrentVersion.targets" from project "/home/saidul/Desktop/K-Chief Marine Automation Platform/src/KChief.Protocols.Modbus/KChief.Protocols.Modbus.csproj" (target "PrepareResourceNames" depends on it):
       Using "AssignTargetPath" task from assembly "Microsoft.Build.Tasks.Core, Version=15.1.0.0, Culture=neutral, PublicKeyToken=b03f5f7f11d50a3a".
       Task "AssignTargetPath"
       Done executing task "AssignTargetPath".
       Task "AssignTargetPath"
       Done executing task "AssignTargetPath".
       Task "AssignTargetPath"
   7:7>Target "TranslateAzureReposGitUrlsInSourceControlInformation" in file "/usr/share/dotnet/sdk/8.0.415/Sdks/Microsoft.SourceLink.AzureRepos.Git/build/Microsoft.SourceLink.AzureRepos.Git.targets" from project "/home/saidul/Desktop/K-Chief Marine Automation Platform/src/KChief.AlarmSystem/KChief.AlarmSystem.csproj" (target "_InitializeSourceControlInformationFromSourceControlManager" depends on it):
   7:7>Using "Microsoft.SourceLink.AzureRepos.Git.TranslateRepositoryUrls" task from assembly "/usr/share/dotnet/sdk/8.0.415/Sdks/Microsoft.SourceLink.AzureRepos.Git/build/../tools/core/Microsoft.SourceLink.AzureRepos.Git.dll".
   4:7>Done executing task "AssignTargetPath".
       Task "AssignTargetPath"
   7:7>Task "Microsoft.SourceLink.AzureRepos.Git.TranslateRepositoryUrls"
   4:7>Done executing task "AssignTargetPath".
       Task "AssignTargetPath" skipped, due to false condition; ('@(_DeploymentBaseManifestWithTargetPath)'=='' and '%(None.Extension)'=='.manifest') was evaluated as (''=='' and ''=='.manifest').
   4:7>Done building target "AssignTargetPaths" in project "KChief.Protocols.Modbus.csproj".
       Target "AssignTargetPaths" skipped. Previously built successfully.
   4:7>Target "SplitResourcesByCulture" in file "/usr/share/dotnet/sdk/8.0.415/Microsoft.Common.CurrentVersion.targets" from project "/home/saidul/Desktop/K-Chief Marine Automation Platform/src/KChief.Protocols.Modbus/KChief.Protocols.Modbus.csproj" (target "PrepareResourceNames" depends on it):
       Task "Warning" skipped, due to false condition; ('@(ResxWithNoCulture)'!='') was evaluated as (''!='').
       Task "Warning" skipped, due to false condition; ('@(ResxWithCulture)'!='') was evaluated as (''!='').
       Task "Warning" skipped, due to false condition; ('@(NonResxWithCulture)'!='') was evaluated as (''!='').
       Task "Warning" skipped, due to false condition; ('@(NonResxWithNoCulture)'!='') was evaluated as (''!='').
       Using "AssignCulture" task from assembly "Microsoft.Build.Tasks.Core, Version=15.1.0.0, Culture=neutral, PublicKeyToken=b03f5f7f11d50a3a".
       Task "AssignCulture"
       Done executing task "AssignCulture".
   4:7>Done building target "SplitResourcesByCulture" in project "KChief.Protocols.Modbus.csproj".
       Target "CreateManifestResourceNames" skipped, due to false condition; ('@(EmbeddedResource)' != '') was evaluated as ('' != '').
   4:7>Target "CreateCustomManifestResourceNames" in file "/usr/share/dotnet/sdk/8.0.415/Microsoft.Common.CurrentVersion.targets" from project "/home/saidul/Desktop/K-Chief Marine Automation Platform/src/KChief.Protocols.Modbus/KChief.Protocols.Modbus.csproj" (target "PrepareResourceNames" depends on it):
   4:7>Done building target "CreateCustomManifestResourceNames" in project "KChief.Protocols.Modbus.csproj".
   4:7>Target "PrepareResourceNames" in file "/usr/share/dotnet/sdk/8.0.415/Microsoft.Common.CurrentVersion.targets" from project "/home/saidul/Desktop/K-Chief Marine Automation Platform/src/KChief.Protocols.Modbus/KChief.Protocols.Modbus.csproj" (target "PrepareResources" depends on it):
   4:7>Done building target "PrepareResourceNames" in project "KChief.Protocols.Modbus.csproj".
       Target "ResolveAssemblyReferences" skipped. Previously built successfully.
       Target "SplitResourcesByCulture" skipped. Previously built successfully.
   4:7>Target "BeforeResGen" in file "/usr/share/dotnet/sdk/8.0.415/Microsoft.Common.CurrentVersion.targets" from project "/home/saidul/Desktop/K-Chief Marine Automation Platform/src/KChief.Protocols.Modbus/KChief.Protocols.Modbus.csproj" (target "ResGen" depends on it):
   4:7>Done building target "BeforeResGen" in project "KChief.Protocols.Modbus.csproj".
       Target "ResolveReferences" skipped. Previously built successfully.
   4:7>Target "FindReferenceAssembliesForReferences" in file "/usr/share/dotnet/sdk/8.0.415/Microsoft.Common.CurrentVersion.targets" from project "/home/saidul/Desktop/K-Chief Marine Automation Platform/src/KChief.Protocols.Modbus/KChief.Protocols.Modbus.csproj" (target "CoreResGen" depends on it):
   4:7>Done building target "FindReferenceAssembliesForReferences" in project "KChief.Protocols.Modbus.csproj".
   4:7>Target "CoreResGen" in file "/usr/share/dotnet/sdk/8.0.415/Microsoft.Common.CurrentVersion.targets" from project "/home/saidul/Desktop/K-Chief Marine Automation Platform/src/KChief.Protocols.Modbus/KChief.Protocols.Modbus.csproj" (target "ResGen" depends on it):
       Task "GenerateResource" skipped, due to false condition; ('%(EmbeddedResource.Type)' == 'Resx' and '%(EmbeddedResource.GenerateResource)' != 'false' and '$(GenerateResourceMSBuildRuntime)' != 'CLR2') was evaluated as ('' == 'Resx' and '' != 'false' and 'CurrentRuntime' != 'CLR2').
       Task "GenerateResource" skipped, due to false condition; ('%(EmbeddedResource.Type)' == 'Resx' and '%(EmbeddedResource.GenerateResource)' != 'false' and '$(GenerateResourceMSBuildRuntime)' == 'CLR2') was evaluated as ('' == 'Resx' and '' != 'false' and 'CurrentRuntime' == 'CLR2').
   4:7>Done building target "CoreResGen" in project "KChief.Protocols.Modbus.csproj".
   4:7>Target "AfterResGen" in file "/usr/share/dotnet/sdk/8.0.415/Microsoft.Common.CurrentVersion.targets" from project "/home/saidul/Desktop/K-Chief Marine Automation Platform/src/KChief.Protocols.Modbus/KChief.Protocols.Modbus.csproj" (target "ResGen" depends on it):
   4:7>Done building target "AfterResGen" in project "KChief.Protocols.Modbus.csproj".
   4:7>Target "ResGen" in file "/usr/share/dotnet/sdk/8.0.415/Microsoft.Common.CurrentVersion.targets" from project "/home/saidul/Desktop/K-Chief Marine Automation Platform/src/KChief.Protocols.Modbus/KChief.Protocols.Modbus.csproj" (target "PrepareResources" depends on it):
   4:7>Done building target "ResGen" in project "KChief.Protocols.Modbus.csproj".
       Target "CompileLicxFiles" skipped, due to false condition; ('@(_LicxFile)'!='') was evaluated as (''!='').
   4:7>Target "PrepareResources" in file "/usr/share/dotnet/sdk/8.0.415/Microsoft.Common.CurrentVersion.targets" from project "/home/saidul/Desktop/K-Chief Marine Automation Platform/src/KChief.Protocols.Modbus/KChief.Protocols.Modbus.csproj" (target "CoreBuild" depends on it):
   4:7>Done building target "PrepareResources" in project "KChief.Protocols.Modbus.csproj".
       Target "ResolveKeySource" skipped, due to false condition; ($(SignManifests) == 'true' or $(SignAssembly) == 'true') was evaluated as ( == 'true' or false == 'true').
       Target "ResolveReferences" skipped. Previously built successfully.
       Target "ResolveKeySource" skipped, due to false condition; ($(SignManifests) == 'true' or $(SignAssembly) == 'true') was evaluated as ( == 'true' or false == 'true').
       Target "ResolveComReferences" skipped, due to false condition; ('@(COMReference)'!='' or '@(COMFileReference)'!='') was evaluated as (''!='' or ''!='').
       Target "ResolveNativeReferences" skipped, due to false condition; ('@(NativeReference)'!='') was evaluated as (''!='').
       Target "_SetExternalWin32ManifestProperties" skipped, due to false condition; ('$(GenerateClickOnceManifests)'=='true' or '@(NativeReference)'!='' or '@(ResolvedIsolatedComModules)'!='') was evaluated as (''=='true' or ''!='' or ''!='').
   4:7>Target "_SetEmbeddedWin32ManifestProperties" in file "/usr/share/dotnet/sdk/8.0.415/Microsoft.Common.CurrentVersion.targets" from project "/home/saidul/Desktop/K-Chief Marine Automation Platform/src/KChief.Protocols.Modbus/KChief.Protocols.Modbus.csproj" (target "SetWin32ManifestProperties" depends on it):
       Using "GetFrameworkPath" task from assembly "Microsoft.Build.Tasks.Core, Version=15.1.0.0, Culture=neutral, PublicKeyToken=b03f5f7f11d50a3a".
       Task "GetFrameworkPath"
       Done executing task "GetFrameworkPath".
   4:7>Done building target "_SetEmbeddedWin32ManifestProperties" in project "KChief.Protocols.Modbus.csproj".
   4:7>Target "SetWin32ManifestProperties" in file "/usr/share/dotnet/sdk/8.0.415/Microsoft.Common.CurrentVersion.targets" from project "/home/saidul/Desktop/K-Chief Marine Automation Platform/src/KChief.Protocols.Modbus/KChief.Protocols.Modbus.csproj" (target "Compile" depends on it):
   4:7>Done building target "SetWin32ManifestProperties" in project "KChief.Protocols.Modbus.csproj".
       Target "_SetPreferNativeArm64Win32ManifestProperties" skipped, due to false condition; ( '$(PreferNativeArm64)'=='true' and '$(NoWin32Manifest)'!='true') was evaluated as ( ''=='true' and ''!='true').
       Target "FindReferenceAssembliesForReferences" skipped. Previously built successfully.
   5:7>ResolveAssemblyReferences:
         Primary reference "KChief.Platform.Core, Version=1.0.0.0, Culture=neutral, PublicKeyToken=null".
             Resolved file path is "/home/saidul/Desktop/K-Chief Marine Automation Platform/src/KChief.Platform.Core/bin/Release/net8.0/KChief.Platform.Core.dll".
             Reference found at search path location "/home/saidul/Desktop/K-Chief Marine Automation Platform/src/KChief.Platform.Core/bin/Release/net8.0/KChief.Platform.Core.dll".
   4:7>Target "_GenerateCompileInputs" in file "/usr/share/dotnet/sdk/8.0.415/Microsoft.Common.CurrentVersion.targets" from project "/home/saidul/Desktop/K-Chief Marine Automation Platform/src/KChief.Protocols.Modbus/KChief.Protocols.Modbus.csproj" (target "Compile" depends on it):
   4:7>Task "Warning" skipped, due to false condition; ('@(ManifestResourceWithNoCulture)'!='' and '%(ManifestResourceWithNoCulture.EmittedForCompatibilityOnly)'=='') was evaluated as (''!='' and ''=='').
   5:7>ResolveAssemblyReferences:
             Found related file "/home/saidul/Desktop/K-Chief Marine Automation Platform/src/KChief.Platform.Core/bin/Release/net8.0/KChief.Platform.Core.pdb".
   4:7>_GenerateCompileInputs:
       Task "Warning" skipped, due to false condition; ('@(ManifestNonResxWithNoCultureOnDisk)'!='' and '%(ManifestNonResxWithNoCultureOnDisk.EmittedForCompatibilityOnly)'=='') was evaluated as (''!='' and ''=='').
   5:7>ResolveAssemblyReferences:
             The ImageRuntimeVersion for this reference is "".
         Primary reference "BouncyCastle.Cryptography, Version=2.0.0.0, Culture=neutral, PublicKeyToken=072edcf4a5328938".
             Resolved file path is "/home/saidul/.nuget/packages/bouncycastle.cryptography/2.3.1/lib/net6.0/BouncyCastle.Cryptography.dll".
             Reference found at search path location "{HintPathFromItem}".
             This reference is not "CopyLocal" because at least one source item had "Private" set to "false" and no source items had "Private" set to "true".
             The ImageRuntimeVersion for this reference is "".
         Primary reference "FluentValidation, Version=11.0.0.0, Culture=neutral, PublicKeyToken=7de548da2fbae0f0".
             Resolved file path is "/home/saidul/.nuget/packages/fluentvalidation/11.9.0/lib/net8.0/FluentValidation.dll".
   4:7>Done building target "_GenerateCompileInputs" in project "KChief.Protocols.Modbus.csproj".
   5:7>ResolveAssemblyReferences:
             Reference found at search path location "{HintPathFromItem}".
             This reference is not "CopyLocal" because at least one source item had "Private" set to "false" and no source items had "Private" set to "true".
             The ImageRuntimeVersion for this reference is "".
         Primary reference "Newtonsoft.Json, Version=13.0.0.0, Culture=neutral, PublicKeyToken=30ad4fe6b2a6aeed".
             Resolved file path is "/home/saidul/.nuget/packages/newtonsoft.json/13.0.3/lib/net6.0/Newtonsoft.Json.dll".
             Reference found at search path location "{HintPathFromItem}".
             This reference is not "CopyLocal" because at least one source item had "Private" set to "false" and no source items had "Private" set to "true".
             The ImageRuntimeVersion for this reference is "".
         Primary reference "Opc.Ua.Bindings.Https, Version=1.5.374.0, Culture=neutral, PublicKeyToken=bfa7a73c5cf4b6e8".
             Resolved file path is "/home/saidul/.nuget/packages/opcfoundation.netstandard.opc.ua.bindings.https/1.5.374.54/lib/net8.0/Opc.Ua.Bindings.Https.dll".
             Reference found at search path location "{HintPathFromItem}".
             This reference is not "CopyLocal" because at least one source item had "Private" set to "false" and no source items had "Private" set to "true".
             The ImageRuntimeVersion for this reference is "".
         Primary reference "Opc.Ua.Client, Version=1.5.374.0, Culture=neutral, PublicKeyToken=bfa7a73c5cf4b6e8".
             Resolved file path is "/home/saidul/.nuget/packages/opcfoundation.netstandard.opc.ua.client/1.5.374.54/lib/net8.0/Opc.Ua.Client.dll".
             Reference found at search path location "{HintPathFromItem}".
             This reference is not "CopyLocal" because at least one source item had "Private" set to "false" and no source items had "Private" set to "true".
             The ImageRuntimeVersion for this reference is "".
         Primary reference "Opc.Ua.Configuration, Version=1.5.374.0, Culture=neutral, PublicKeyToken=bfa7a73c5cf4b6e8".
             Resolved file path is "/home/saidul/.nuget/packages/opcfoundation.netstandard.opc.ua.configuration/1.5.374.54/lib/net8.0/Opc.Ua.Configuration.dll".
             Reference found at search path location "{HintPathFromItem}".
             This reference is not "CopyLocal" because at least one source item had "Private" set to "false" and no source items had "Private" set to "true".
             The ImageRuntimeVersion for this reference is "".
         Primary reference "Opc.Ua.Core, Version=1.5.374.0, Culture=neutral, PublicKeyToken=bfa7a73c5cf4b6e8".
             Resolved file path is "/home/saidul/.nuget/packages/opcfoundation.netstandard.opc.ua.core/1.5.374.54/lib/net8.0/Opc.Ua.Core.dll".
             Reference found at search path location "{HintPathFromItem}".
             This reference is not "CopyLocal" because at least one source item had "Private" set to "false" and no source items had "Private" set to "true".
             The ImageRuntimeVersion for this reference is "".
         Primary reference "Opc.Ua.Gds.Client.Common, Version=1.5.374.0, Culture=neutral, PublicKeyToken=bfa7a73c5cf4b6e8".
             Resolved file path is "/home/saidul/.nuget/packages/opcfoundation.netstandard.opc.ua.gds.client.common/1.5.374.54/lib/net8.0/Opc.Ua.Gds.Client.Common.dll".
             Reference found at search path location "{HintPathFromItem}".
             This reference is not "CopyLocal" because at least one source item had "Private" set to "false" and no source items had "Private" set to "true".
             The ImageRuntimeVersion for this reference is "".
         Primary reference "Opc.Ua.Gds.Server.Common, Version=1.5.374.0, Culture=neutral, PublicKeyToken=bfa7a73c5cf4b6e8".
             Resolved file path is "/home/saidul/.nuget/packages/opcfoundation.netstandard.opc.ua.gds.server.common/1.5.374.54/lib/net8.0/Opc.Ua.Gds.Server.Common.dll".
             Reference found at search path location "{HintPathFromItem}".
             This reference is not "CopyLocal" because at least one source item had "Private" set to "false" and no source items had "Private" set to "true".
             The ImageRuntimeVersion for this reference is "".
         Primary reference "Opc.Ua.Security.Certificates, Version=1.5.374.0, Culture=neutral, PublicKeyToken=bfa7a73c5cf4b6e8".
             Resolved file path is "/home/saidul/.nuget/packages/opcfoundation.netstandard.opc.ua.security.certificates/1.5.374.54/lib/net8.0/Opc.Ua.Security.Certificates.dll".
             Reference found at search path location "{HintPathFromItem}".
             This reference is not "CopyLocal" because at least one source item had "Private" set to "false" and no source items had "Private" set to "true".
             The ImageRuntimeVersion for this reference is "".
         Primary reference "Opc.Ua.Server, Version=1.5.374.0, Culture=neutral, PublicKeyToken=bfa7a73c5cf4b6e8".
             Resolved file path is "/home/saidul/.nuget/packages/opcfoundation.netstandard.opc.ua.server/1.5.374.54/lib/net8.0/Opc.Ua.Server.dll".
             Reference found at search path location "{HintPathFromItem}".
             This reference is not "CopyLocal" because at least one source item had "Private" set to "false" and no source items had "Private" set to "true".
             The ImageRuntimeVersion for this reference is "".
         Primary reference "Polly, Version=8.0.0.0, Culture=neutral, PublicKeyToken=c8a3ffc3f8f825cc".
             Resolved file path is "/home/saidul/.nuget/packages/polly/8.2.0/lib/net6.0/Polly.dll".
             Reference found at search path location "{HintPathFromItem}".
             This reference is not "CopyLocal" because at least one source item had "Private" set to "false" and no source items had "Private" set to "true".
             The ImageRuntimeVersion for this reference is "".
         Primary reference "Polly.Core, Version=8.0.0.0, Culture=neutral, PublicKeyToken=c8a3ffc3f8f825cc".
             Resolved file path is "/home/saidul/.nuget/packages/polly.core/8.2.0/lib/net8.0/Polly.Core.dll".
             Reference found at search path location "{HintPathFromItem}".
             This reference is not "CopyLocal" because at least one source item had "Private" set to "false" and no source items had "Private" set to "true".
             The ImageRuntimeVersion for this reference is "".
         Primary reference "Serilog, Version=2.0.0.0, Culture=neutral, PublicKeyToken=24c2f752a8e58a10".
             Resolved file path is "/home/saidul/.nuget/packages/serilog/3.1.1/lib/net7.0/Serilog.dll".
             Reference found at search path location "{HintPathFromItem}".
             This reference is not "CopyLocal" because at least one source item had "Private" set to "false" and no source items had "Private" set to "true".
             The ImageRuntimeVersion for this reference is "".
         Primary reference "Microsoft.CSharp, Version=8.0.0.0, Culture=neutral, PublicKeyToken=b03f5f7f11d50a3a".
             Resolved file path is "/usr/share/dotnet/packs/Microsoft.NETCore.App.Ref/8.0.21/ref/net8.0/Microsoft.CSharp.dll".
             Reference found at search path location "{RawFileName}".
             This reference is not "CopyLocal" because at least one source item had "Private" set to "false" and no source items had "Private" set to "true".
             The ImageRuntimeVersion for this reference is "".
         Primary reference "Microsoft.VisualBasic.Core, Version=13.0.0.0, Culture=neutral, PublicKeyToken=b03f5f7f11d50a3a".
             Resolved file path is "/usr/share/dotnet/packs/Microsoft.NETCore.App.Ref/8.0.21/ref/net8.0/Microsoft.VisualBasic.Core.dll".
             Reference found at search path location "{RawFileName}".
             This reference is not "CopyLocal" because at least one source item had "Private" set to "false" and no source items had "Private" set to "true".
             The ImageRuntimeVersion for this reference is "".
         Primary reference "Microsoft.VisualBasic, Version=10.0.0.0, Culture=neutral, PublicKeyToken=b03f5f7f11d50a3a".
             Resolved file path is "/usr/share/dotnet/packs/Microsoft.NETCore.App.Ref/8.0.21/ref/net8.0/Microsoft.VisualBasic.dll".
             Reference found at search path location "{RawFileName}".
             This reference is not "CopyLocal" because at least one source item had "Private" set to "false" and no source items had "Private" set to "true".
             The ImageRuntimeVersion for this reference is "".
         Primary reference "Microsoft.Win32.Primitives, Version=8.0.0.0, Culture=neutral, PublicKeyToken=b03f5f7f11d50a3a".
             Resolved file path is "/usr/share/dotnet/packs/Microsoft.NETCore.App.Ref/8.0.21/ref/net8.0/Microsoft.Win32.Primitives.dll".
             Reference found at search path location "{RawFileName}".
             This reference is not "CopyLocal" because at least one source item had "Private" set to "false" and no source items had "Private" set to "true".
             The ImageRuntimeVersion for this reference is "".
         Primary reference "Microsoft.Win32.Registry, Version=8.0.0.0, Culture=neutral, PublicKeyToken=b03f5f7f11d50a3a".
             Resolved file path is "/usr/share/dotnet/packs/Microsoft.NETCore.App.Ref/8.0.21/ref/net8.0/Microsoft.Win32.Registry.dll".
             Reference found at search path location "{RawFileName}".
             This reference is not "CopyLocal" because at least one source item had "Private" set to "false" and no source items had "Private" set to "true".
             The ImageRuntimeVersion for this reference is "".
         Primary reference "System.AppContext, Version=8.0.0.0, Culture=neutral, PublicKeyToken=b03f5f7f11d50a3a".
             Resolved file path is "/usr/share/dotnet/packs/Microsoft.NETCore.App.Ref/8.0.21/ref/net8.0/System.AppContext.dll".
             Reference found at search path location "{RawFileName}".
             This reference is not "CopyLocal" because at least one source item had "Private" set to "false" and no source items had "Private" set to "true".
             The ImageRuntimeVersion for this reference is "".
         Primary reference "System.Buffers, Version=8.0.0.0, Culture=neutral, PublicKeyToken=cc7b13ffcd2ddd51".
             Resolved file path is "/usr/share/dotnet/packs/Microsoft.NETCore.App.Ref/8.0.21/ref/net8.0/System.Buffers.dll".
             Reference found at search path location "{RawFileName}".
             This reference is not "CopyLocal" because at least one source item had "Private" set to "false" and no source items had "Private" set to "true".
             The ImageRuntimeVersion for this reference is "".
         Primary reference "System.Collections.Concurrent, Version=8.0.0.0, Culture=neutral, PublicKeyToken=b03f5f7f11d50a3a".
             Resolved file path is "/usr/share/dotnet/packs/Microsoft.NETCore.App.Ref/8.0.21/ref/net8.0/System.Collections.Concurrent.dll".
             Reference found at search path location "{RawFileName}".
             This reference is not "CopyLocal" because at least one source item had "Private" set to "false" and no source items had "Private" set to "true".
             The ImageRuntimeVersion for this reference is "".
         Primary reference "System.Collections.Immutable, Version=8.0.0.0, Culture=neutral, PublicKeyToken=b03f5f7f11d50a3a".
             Resolved file path is "/usr/share/dotnet/packs/Microsoft.NETCore.App.Ref/8.0.21/ref/net8.0/System.Collections.Immutable.dll".
             Reference found at search path location "{RawFileName}".
             This reference is not "CopyLocal" because at least one source item had "Private" set to "false" and no source items had "Private" set to "true".
             The ImageRuntimeVersion for this reference is "".
         Primary reference "System.Collections.NonGeneric, Version=8.0.0.0, Culture=neutral, PublicKeyToken=b03f5f7f11d50a3a".
             Resolved file path is "/usr/share/dotnet/packs/Microsoft.NETCore.App.Ref/8.0.21/ref/net8.0/System.Collections.NonGeneric.dll".
   7:7>Done executing task "Microsoft.SourceLink.AzureRepos.Git.TranslateRepositoryUrls".
   5:7>ResolveAssemblyReferences:
             Reference found at search path location "{RawFileName}".
             This reference is not "CopyLocal" because at least one source item had "Private" set to "false" and no source items had "Private" set to "true".
   7:7>Done building target "TranslateAzureReposGitUrlsInSourceControlInformation" in project "KChief.AlarmSystem.csproj".
   5:7>ResolveAssemblyReferences:
             The ImageRuntimeVersion for this reference is "".
         Primary reference "System.Collections.Specialized, Version=8.0.0.0, Culture=neutral, PublicKeyToken=b03f5f7f11d50a3a".
   7:7>Target "TranslateBitbucketGitUrlsInSourceControlInformation" in file "/usr/share/dotnet/sdk/8.0.415/Sdks/Microsoft.SourceLink.Bitbucket.Git/build/Microsoft.SourceLink.Bitbucket.Git.targets" from project "/home/saidul/Desktop/K-Chief Marine Automation Platform/src/KChief.AlarmSystem/KChief.AlarmSystem.csproj" (target "_InitializeSourceControlInformationFromSourceControlManager" depends on it):
   7:7>Using "Microsoft.SourceLink.Bitbucket.Git.TranslateRepositoryUrls" task from assembly "/usr/share/dotnet/sdk/8.0.415/Sdks/Microsoft.SourceLink.Bitbucket.Git/build/../tools/core/Microsoft.SourceLink.Bitbucket.Git.dll".
   5:7>ResolveAssemblyReferences:
             Resolved file path is "/usr/share/dotnet/packs/Microsoft.NETCore.App.Ref/8.0.21/ref/net8.0/System.Collections.Specialized.dll".
   7:7>Task "Microsoft.SourceLink.Bitbucket.Git.TranslateRepositoryUrls"
   5:7>ResolveAssemblyReferences:
             Reference found at search path location "{RawFileName}".
   7:7>Done executing task "Microsoft.SourceLink.Bitbucket.Git.TranslateRepositoryUrls".
   5:7>ResolveAssemblyReferences:
             This reference is not "CopyLocal" because at least one source item had "Private" set to "false" and no source items had "Private" set to "true".
   7:7>Done building target "TranslateBitbucketGitUrlsInSourceControlInformation" in project "KChief.AlarmSystem.csproj".
   5:7>ResolveAssemblyReferences:
             The ImageRuntimeVersion for this reference is "".
   4:7>Target "PrepareForBuild" skipped. Previously built successfully.
   5:7>ResolveAssemblyReferences:
         Primary reference "System.Collections, Version=8.0.0.0, Culture=neutral, PublicKeyToken=b03f5f7f11d50a3a".
             Resolved file path is "/usr/share/dotnet/packs/Microsoft.NETCore.App.Ref/8.0.21/ref/net8.0/System.Collections.dll".
   7:7>Target "SourceControlManagerPublishTranslatedUrls" in file "/usr/share/dotnet/sdk/8.0.415/Sdks/Microsoft.SourceLink.Common/build/InitializeSourceControlInformation.targets" from project "/home/saidul/Desktop/K-Chief Marine Automation Platform/src/KChief.AlarmSystem/KChief.AlarmSystem.csproj" (target "_InitializeSourceControlInformationFromSourceControlManager" depends on it):
   7:7>Done building target "SourceControlManagerPublishTranslatedUrls" in project "KChief.AlarmSystem.csproj".
   5:7>ResolveAssemblyReferences:
             Reference found at search path location "{RawFileName}".
             This reference is not "CopyLocal" because at least one source item had "Private" set to "false" and no source items had "Private" set to "true".
   7:7>Target "_InitializeSourceControlInformationFromSourceControlManager" in file "/usr/share/dotnet/sdk/8.0.415/Sdks/Microsoft.SourceLink.Common/build/InitializeSourceControlInformation.targets" from project "/home/saidul/Desktop/K-Chief Marine Automation Platform/src/KChief.AlarmSystem/KChief.AlarmSystem.csproj" (target "InitializeSourceControlInformation" depends on it):
   7:7>Done building target "_InitializeSourceControlInformationFromSourceControlManager" in project "KChief.AlarmSystem.csproj".
   5:7>ResolveAssemblyReferences:
             The ImageRuntimeVersion for this reference is "".
         Primary reference "System.ComponentModel.Annotations, Version=8.0.0.0, Culture=neutral, PublicKeyToken=b03f5f7f11d50a3a".
   7:7>Target "InitializeSourceControlInformation" in file "/usr/share/dotnet/sdk/8.0.415/Microsoft.Common.CurrentVersion.targets" from project "/home/saidul/Desktop/K-Chief Marine Automation Platform/src/KChief.AlarmSystem/KChief.AlarmSystem.csproj" (target "AddSourceRevisionToInformationalVersion" depends on it):
   7:7>Done building target "InitializeSourceControlInformation" in project "KChief.AlarmSystem.csproj".
   5:7>ResolveAssemblyReferences:
             Resolved file path is "/usr/share/dotnet/packs/Microsoft.NETCore.App.Ref/8.0.21/ref/net8.0/System.ComponentModel.Annotations.dll".
             Reference found at search path location "{RawFileName}".
   4:7>Target "GenerateMSBuildEditorConfigFileShouldRun" in file "/usr/share/dotnet/sdk/8.0.415/Roslyn/Microsoft.Managed.Core.targets" from project "/home/saidul/Desktop/K-Chief Marine Automation Platform/src/KChief.Protocols.Modbus/KChief.Protocols.Modbus.csproj" (target "GenerateMSBuildEditorConfigFile" depends on it):
   4:7>Done building target "GenerateMSBuildEditorConfigFileShouldRun" in project "KChief.Protocols.Modbus.csproj".
   7:7>Target "AddSourceRevisionToInformationalVersion" in file "/usr/share/dotnet/sdk/8.0.415/Sdks/Microsoft.NET.Sdk/targets/Microsoft.NET.GenerateAssemblyInfo.targets" from project "/home/saidul/Desktop/K-Chief Marine Automation Platform/src/KChief.AlarmSystem/KChief.AlarmSystem.csproj" (target "GetAssemblyAttributes" depends on it):
   7:7>Done building target "AddSourceRevisionToInformationalVersion" in project "KChief.AlarmSystem.csproj".
   5:7>ResolveAssemblyReferences:
             This reference is not "CopyLocal" because at least one source item had "Private" set to "false" and no source items had "Private" set to "true".
             The ImageRuntimeVersion for this reference is "".
         Primary reference "System.ComponentModel.DataAnnotations, Version=4.0.0.0, Culture=neutral, PublicKeyToken=31bf3856ad364e35".
             Resolved file path is "/usr/share/dotnet/packs/Microsoft.NETCore.App.Ref/8.0.21/ref/net8.0/System.ComponentModel.DataAnnotations.dll".
             Reference found at search path location "{RawFileName}".
             This reference is not "CopyLocal" because at least one source item had "Private" set to "false" and no source items had "Private" set to "true".
             The ImageRuntimeVersion for this reference is "".
   4:7>Target "GenerateMSBuildEditorConfigFileCore" in file "/usr/share/dotnet/sdk/8.0.415/Roslyn/Microsoft.Managed.Core.targets" from project "/home/saidul/Desktop/K-Chief Marine Automation Platform/src/KChief.Protocols.Modbus/KChief.Protocols.Modbus.csproj" (target "GenerateMSBuildEditorConfigFile" depends on it):
   4:7>Building target "GenerateMSBuildEditorConfigFileCore" completely.
   7:7>Target "_GetUserSecretsAssemblyAttribute" skipped, due to false condition; ( '$(UserSecretsId)' != '' AND '$(GenerateUserSecretsAttribute)' != 'false' AND '$(GeneratedUserSecretsAttributeFile)' == '' ) was evaluated as ( '' != '' AND '' != 'false' AND '' == '' ).
   5:7>ResolveAssemblyReferences:
         Primary reference "System.ComponentModel.EventBasedAsync, Version=8.0.0.0, Culture=neutral, PublicKeyToken=b03f5f7f11d50a3a".
             Resolved file path is "/usr/share/dotnet/packs/Microsoft.NETCore.App.Ref/8.0.21/ref/net8.0/System.ComponentModel.EventBasedAsync.dll".
             Reference found at search path location "{RawFileName}".
   4:7>GenerateMSBuildEditorConfigFileCore:
       No input files were specified.
   5:7>ResolveAssemblyReferences:
             This reference is not "CopyLocal" because at least one source item had "Private" set to "false" and no source items had "Private" set to "true".
             The ImageRuntimeVersion for this reference is "".
         Primary reference "System.ComponentModel.Primitives, Version=8.0.0.0, Culture=neutral, PublicKeyToken=b03f5f7f11d50a3a".
   4:7>GenerateMSBuildEditorConfigFileCore:
       Using "GenerateMSBuildEditorConfig" task from assembly "/usr/share/dotnet/sdk/8.0.415/Roslyn/Microsoft.Build.Tasks.CodeAnalysis.dll".
   5:7>ResolveAssemblyReferences:
             Resolved file path is "/usr/share/dotnet/packs/Microsoft.NETCore.App.Ref/8.0.21/ref/net8.0/System.ComponentModel.Primitives.dll".
             Reference found at search path location "{RawFileName}".
   7:7>Target "GetAssemblyAttributes" in file "/usr/share/dotnet/sdk/8.0.415/Sdks/Microsoft.NET.Sdk/targets/Microsoft.NET.GenerateAssemblyInfo.targets" from project "/home/saidul/Desktop/K-Chief Marine Automation Platform/src/KChief.AlarmSystem/KChief.AlarmSystem.csproj" (target "CreateGeneratedAssemblyInfoInputsCacheFile" depends on it):
   7:7>Done building target "GetAssemblyAttributes" in project "KChief.AlarmSystem.csproj".
   5:7>ResolveAssemblyReferences:
             This reference is not "CopyLocal" because at least one source item had "Private" set to "false" and no source items had "Private" set to "true".
   4:7>Task "GenerateMSBuildEditorConfig"
   5:7>ResolveAssemblyReferences:
             The ImageRuntimeVersion for this reference is "".
         Primary reference "System.ComponentModel.TypeConverter, Version=8.0.0.0, Culture=neutral, PublicKeyToken=b03f5f7f11d50a3a".
             Resolved file path is "/usr/share/dotnet/packs/Microsoft.NETCore.App.Ref/8.0.21/ref/net8.0/System.ComponentModel.TypeConverter.dll".
   4:7>Done executing task "GenerateMSBuildEditorConfig".
   5:7>ResolveAssemblyReferences:
             Reference found at search path location "{RawFileName}".
             This reference is not "CopyLocal" because at least one source item had "Private" set to "false" and no source items had "Private" set to "true".
   7:7>Target "CreateGeneratedAssemblyInfoInputsCacheFile" in file "/usr/share/dotnet/sdk/8.0.415/Sdks/Microsoft.NET.Sdk/targets/Microsoft.NET.GenerateAssemblyInfo.targets" from project "/home/saidul/Desktop/K-Chief Marine Automation Platform/src/KChief.AlarmSystem/KChief.AlarmSystem.csproj" (target "CoreGenerateAssemblyInfo" depends on it):
   7:7>Using "Hash" task from assembly "Microsoft.Build.Tasks.Core, Version=15.1.0.0, Culture=neutral, PublicKeyToken=b03f5f7f11d50a3a".
   5:7>ResolveAssemblyReferences:
             The ImageRuntimeVersion for this reference is "".
   4:7>Done building target "GenerateMSBuildEditorConfigFileCore" in project "KChief.Protocols.Modbus.csproj".
   5:7>ResolveAssemblyReferences:
         Primary reference "System.ComponentModel, Version=8.0.0.0, Culture=neutral, PublicKeyToken=b03f5f7f11d50a3a".
             Resolved file path is "/usr/share/dotnet/packs/Microsoft.NETCore.App.Ref/8.0.21/ref/net8.0/System.ComponentModel.dll".
             Reference found at search path location "{RawFileName}".
   7:7>Task "Hash"
   5:7>ResolveAssemblyReferences:
             This reference is not "CopyLocal" because at least one source item had "Private" set to "false" and no source items had "Private" set to "true".
             The ImageRuntimeVersion for this reference is "".
         Primary reference "System.Configuration, Version=4.0.0.0, Culture=neutral, PublicKeyToken=b03f5f7f11d50a3a".
             Resolved file path is "/usr/share/dotnet/packs/Microsoft.NETCore.App.Ref/8.0.21/ref/net8.0/System.Configuration.dll".
   7:7>Done executing task "Hash".
   5:7>ResolveAssemblyReferences:
             Reference found at search path location "{RawFileName}".
   4:7>Target "GenerateMSBuildEditorConfigFile" in file "/usr/share/dotnet/sdk/8.0.415/Roslyn/Microsoft.Managed.Core.targets" from project "/home/saidul/Desktop/K-Chief Marine Automation Platform/src/KChief.Protocols.Modbus/KChief.Protocols.Modbus.csproj" (target "BeforeCompile" depends on it):
   4:7>Done building target "GenerateMSBuildEditorConfigFile" in project "KChief.Protocols.Modbus.csproj".
   5:7>ResolveAssemblyReferences:
             This reference is not "CopyLocal" because at least one source item had "Private" set to "false" and no source items had "Private" set to "true".
             The ImageRuntimeVersion for this reference is "".
         Primary reference "System.Console, Version=8.0.0.0, Culture=neutral, PublicKeyToken=b03f5f7f11d50a3a".
   7:7>Task "WriteLinesToFile"
   5:7>ResolveAssemblyReferences:
             Resolved file path is "/usr/share/dotnet/packs/Microsoft.NETCore.App.Ref/8.0.21/ref/net8.0/System.Console.dll".
   4:7>Target "PrepareForBuild" skipped. Previously built successfully.
   5:7>ResolveAssemblyReferences:
             Reference found at search path location "{RawFileName}".
             This reference is not "CopyLocal" because at least one source item had "Private" set to "false" and no source items had "Private" set to "true".
   7:7>Done executing task "WriteLinesToFile".
   5:7>ResolveAssemblyReferences:
             The ImageRuntimeVersion for this reference is "".
   4:7>Target "GetReferenceAssemblyPaths" skipped. Previously built successfully.
   5:7>ResolveAssemblyReferences:
         Primary reference "System.Core, Version=4.0.0.0, Culture=neutral, PublicKeyToken=b77a5c561934e089".
             Resolved file path is "/usr/share/dotnet/packs/Microsoft.NETCore.App.Ref/8.0.21/ref/net8.0/System.Core.dll".
             Reference found at search path location "{RawFileName}".
   7:7>Done building target "CreateGeneratedAssemblyInfoInputsCacheFile" in project "KChief.AlarmSystem.csproj".
   5:7>ResolveAssemblyReferences:
             This reference is not "CopyLocal" because at least one source item had "Private" set to "false" and no source items had "Private" set to "true".
             The ImageRuntimeVersion for this reference is "".
         Primary reference "System.Data.Common, Version=8.0.0.0, Culture=neutral, PublicKeyToken=b03f5f7f11d50a3a".
             Resolved file path is "/usr/share/dotnet/packs/Microsoft.NETCore.App.Ref/8.0.21/ref/net8.0/System.Data.Common.dll".
   4:7>Target "_SetTargetFrameworkMonikerAttribute" in file "/usr/share/dotnet/sdk/8.0.415/Microsoft.CSharp.CurrentVersion.targets" from project "/home/saidul/Desktop/K-Chief Marine Automation Platform/src/KChief.Protocols.Modbus/KChief.Protocols.Modbus.csproj" (target "GenerateTargetFrameworkMonikerAttribute" depends on it):
   4:7>Done building target "_SetTargetFrameworkMonikerAttribute" in project "KChief.Protocols.Modbus.csproj".
   5:7>ResolveAssemblyReferences:
             Reference found at search path location "{RawFileName}".
             This reference is not "CopyLocal" because at least one source item had "Private" set to "false" and no source items had "Private" set to "true".
             The ImageRuntimeVersion for this reference is "".
   7:7>Target "CoreGenerateAssemblyInfo" in file "/usr/share/dotnet/sdk/8.0.415/Sdks/Microsoft.NET.Sdk/targets/Microsoft.NET.GenerateAssemblyInfo.targets" from project "/home/saidul/Desktop/K-Chief Marine Automation Platform/src/KChief.AlarmSystem/KChief.AlarmSystem.csproj" (target "GenerateAssemblyInfo" depends on it):
   7:7>Building target "CoreGenerateAssemblyInfo" completely.
   5:7>ResolveAssemblyReferences:
         Primary reference "System.Data.DataSetExtensions, Version=8.0.0.0, Culture=neutral, PublicKeyToken=b77a5c561934e089".
             Resolved file path is "/usr/share/dotnet/packs/Microsoft.NETCore.App.Ref/8.0.21/ref/net8.0/System.Data.DataSetExtensions.dll".
             Reference found at search path location "{RawFileName}".
   7:7>CoreGenerateAssemblyInfo:
       Input file "obj/Release/net8.0/KChief.AlarmSystem.AssemblyInfoInputs.cache" is newer than output file "obj/Release/net8.0/KChief.AlarmSystem.AssemblyInfo.cs".
   5:7>ResolveAssemblyReferences:
             This reference is not "CopyLocal" because at least one source item had "Private" set to "false" and no source items had "Private" set to "true".
   4:7>Target "GenerateTargetFrameworkMonikerAttribute" in file "/usr/share/dotnet/sdk/8.0.415/Microsoft.Common.CurrentVersion.targets" from project "/home/saidul/Desktop/K-Chief Marine Automation Platform/src/KChief.Protocols.Modbus/KChief.Protocols.Modbus.csproj" (target "BeforeCompile" depends on it):
   4:7>Skipping target "GenerateTargetFrameworkMonikerAttribute" because all output files are up-to-date with respect to the input files.
   5:7>ResolveAssemblyReferences:
             The ImageRuntimeVersion for this reference is "".
         Primary reference "System.Data, Version=4.0.0.0, Culture=neutral, PublicKeyToken=b77a5c561934e089".
             Resolved file path is "/usr/share/dotnet/packs/Microsoft.NETCore.App.Ref/8.0.21/ref/net8.0/System.Data.dll".
   7:7>CoreGenerateAssemblyInfo:
       Using "WriteCodeFragment" task from assembly "Microsoft.Build.Tasks.Core, Version=15.1.0.0, Culture=neutral, PublicKeyToken=b03f5f7f11d50a3a".
   5:7>ResolveAssemblyReferences:
             Reference found at search path location "{RawFileName}".
   4:7>GenerateTargetFrameworkMonikerAttribute:
       Input files: /usr/share/dotnet/sdk/8.0.415/Microsoft.Common.targets
   5:7>ResolveAssemblyReferences:
             This reference is not "CopyLocal" because at least one source item had "Private" set to "false" and no source items had "Private" set to "true".
             The ImageRuntimeVersion for this reference is "".
         Primary reference "System.Diagnostics.Contracts, Version=8.0.0.0, Culture=neutral, PublicKeyToken=b03f5f7f11d50a3a".
   4:7>GenerateTargetFrameworkMonikerAttribute:
       Output files: obj/Release/net8.0/.NETCoreApp,Version=v8.0.AssemblyAttributes.cs
   7:7>Task "WriteCodeFragment"
   5:7>ResolveAssemblyReferences:
             Resolved file path is "/usr/share/dotnet/packs/Microsoft.NETCore.App.Ref/8.0.21/ref/net8.0/System.Diagnostics.Contracts.dll".
             Reference found at search path location "{RawFileName}".
             This reference is not "CopyLocal" because at least one source item had "Private" set to "false" and no source items had "Private" set to "true".
             The ImageRuntimeVersion for this reference is "".
         Primary reference "System.Diagnostics.Debug, Version=8.0.0.0, Culture=neutral, PublicKeyToken=b03f5f7f11d50a3a".
   7:7>CoreGenerateAssemblyInfo:
         Emitted specified code into "obj/Release/net8.0/KChief.AlarmSystem.AssemblyInfo.cs".
   5:7>ResolveAssemblyReferences:
             Resolved file path is "/usr/share/dotnet/packs/Microsoft.NETCore.App.Ref/8.0.21/ref/net8.0/System.Diagnostics.Debug.dll".
             Reference found at search path location "{RawFileName}".
             This reference is not "CopyLocal" because at least one source item had "Private" set to "false" and no source items had "Private" set to "true".
             The ImageRuntimeVersion for this reference is "".
   7:7>Done executing task "WriteCodeFragment".
   5:7>ResolveAssemblyReferences:
         Primary reference "System.Diagnostics.DiagnosticSource, Version=8.0.0.0, Culture=neutral, PublicKeyToken=cc7b13ffcd2ddd51".
             Resolved file path is "/usr/share/dotnet/packs/Microsoft.NETCore.App.Ref/8.0.21/ref/net8.0/System.Diagnostics.DiagnosticSource.dll".
             Reference found at search path location "{RawFileName}".
             This reference is not "CopyLocal" because at least one source item had "Private" set to "false" and no source items had "Private" set to "true".
             The ImageRuntimeVersion for this reference is "".
   7:7>Done building target "CoreGenerateAssemblyInfo" in project "KChief.AlarmSystem.csproj".
   5:7>ResolveAssemblyReferences:
         Primary reference "System.Diagnostics.FileVersionInfo, Version=8.0.0.0, Culture=neutral, PublicKeyToken=b03f5f7f11d50a3a".
             Resolved file path is "/usr/share/dotnet/packs/Microsoft.NETCore.App.Ref/8.0.21/ref/net8.0/System.Diagnostics.FileVersionInfo.dll".
             Reference found at search path location "{RawFileName}".
             This reference is not "CopyLocal" because at least one source item had "Private" set to "false" and no source items had "Private" set to "true".
             The ImageRuntimeVersion for this reference is "".
         Primary reference "System.Diagnostics.Process, Version=8.0.0.0, Culture=neutral, PublicKeyToken=b03f5f7f11d50a3a".
             Resolved file path is "/usr/share/dotnet/packs/Microsoft.NETCore.App.Ref/8.0.21/ref/net8.0/System.Diagnostics.Process.dll".
             Reference found at search path location "{RawFileName}".
             This reference is not "CopyLocal" because at least one source item had "Private" set to "false" and no source items had "Private" set to "true".
   7:7>Target "GenerateAssemblyInfo" in file "/usr/share/dotnet/sdk/8.0.415/Sdks/Microsoft.NET.Sdk/targets/Microsoft.NET.GenerateAssemblyInfo.targets" from project "/home/saidul/Desktop/K-Chief Marine Automation Platform/src/KChief.AlarmSystem/KChief.AlarmSystem.csproj" (target "BeforeCompile" depends on it):
   7:7>Done building target "GenerateAssemblyInfo" in project "KChief.AlarmSystem.csproj".
   5:7>ResolveAssemblyReferences:
             The ImageRuntimeVersion for this reference is "".
         Primary reference "System.Diagnostics.StackTrace, Version=8.0.0.0, Culture=neutral, PublicKeyToken=b03f5f7f11d50a3a".
             Resolved file path is "/usr/share/dotnet/packs/Microsoft.NETCore.App.Ref/8.0.21/ref/net8.0/System.Diagnostics.StackTrace.dll".
             Reference found at search path location "{RawFileName}".
             This reference is not "CopyLocal" because at least one source item had "Private" set to "false" and no source items had "Private" set to "true".
             The ImageRuntimeVersion for this reference is "".
         Primary reference "System.Diagnostics.TextWriterTraceListener, Version=8.0.0.0, Culture=neutral, PublicKeyToken=b03f5f7f11d50a3a".
             Resolved file path is "/usr/share/dotnet/packs/Microsoft.NETCore.App.Ref/8.0.21/ref/net8.0/System.Diagnostics.TextWriterTraceListener.dll".
   7:7>Target "BeforeCompile" in file "/usr/share/dotnet/sdk/8.0.415/Microsoft.Common.CurrentVersion.targets" from project "/home/saidul/Desktop/K-Chief Marine Automation Platform/src/KChief.AlarmSystem/KChief.AlarmSystem.csproj" (target "Compile" depends on it):
   7:7>Done building target "BeforeCompile" in project "KChief.AlarmSystem.csproj".
   5:7>ResolveAssemblyReferences:
             Reference found at search path location "{RawFileName}".
             This reference is not "CopyLocal" because at least one source item had "Private" set to "false" and no source items had "Private" set to "true".
             The ImageRuntimeVersion for this reference is "".
         Primary reference "System.Diagnostics.Tools, Version=8.0.0.0, Culture=neutral, PublicKeyToken=b03f5f7f11d50a3a".
   7:7>Target "_TimeStampBeforeCompile" skipped, due to false condition; ('$(RunPostBuildEvent)'=='OnOutputUpdated' or ('$(RegisterForComInterop)'=='true' and '$(OutputType)'=='library')) was evaluated as (''=='OnOutputUpdated' or (''=='true' and 'Library'=='library')).
   5:7>ResolveAssemblyReferences:
             Resolved file path is "/usr/share/dotnet/packs/Microsoft.NETCore.App.Ref/8.0.21/ref/net8.0/System.Diagnostics.Tools.dll".
             Reference found at search path location "{RawFileName}".
             This reference is not "CopyLocal" because at least one source item had "Private" set to "false" and no source items had "Private" set to "true".
             The ImageRuntimeVersion for this reference is "".
         Primary reference "System.Diagnostics.TraceSource, Version=8.0.0.0, Culture=neutral, PublicKeyToken=b03f5f7f11d50a3a".
             Resolved file path is "/usr/share/dotnet/packs/Microsoft.NETCore.App.Ref/8.0.21/ref/net8.0/System.Diagnostics.TraceSource.dll".
             Reference found at search path location "{RawFileName}".
             This reference is not "CopyLocal" because at least one source item had "Private" set to "false" and no source items had "Private" set to "true".
             The ImageRuntimeVersion for this reference is "".
         Primary reference "System.Diagnostics.Tracing, Version=8.0.0.0, Culture=neutral, PublicKeyToken=b03f5f7f11d50a3a".
             Resolved file path is "/usr/share/dotnet/packs/Microsoft.NETCore.App.Ref/8.0.21/ref/net8.0/System.Diagnostics.Tracing.dll".
             Reference found at search path location "{RawFileName}".
             This reference is not "CopyLocal" because at least one source item had "Private" set to "false" and no source items had "Private" set to "true".
             The ImageRuntimeVersion for this reference is "".
         Primary reference "System.Drawing.Primitives, Version=8.0.0.0, Culture=neutral, PublicKeyToken=b03f5f7f11d50a3a".
             Resolved file path is "/usr/share/dotnet/packs/Microsoft.NETCore.App.Ref/8.0.21/ref/net8.0/System.Drawing.Primitives.dll".
             Reference found at search path location "{RawFileName}".
             This reference is not "CopyLocal" because at least one source item had "Private" set to "false" and no source items had "Private" set to "true".
             The ImageRuntimeVersion for this reference is "".
         Primary reference "System.Drawing, Version=4.0.0.0, Culture=neutral, PublicKeyToken=b03f5f7f11d50a3a".
             Resolved file path is "/usr/share/dotnet/packs/Microsoft.NETCore.App.Ref/8.0.21/ref/net8.0/System.Drawing.dll".
             Reference found at search path location "{RawFileName}".
             This reference is not "CopyLocal" because at least one source item had "Private" set to "false" and no source items had "Private" set to "true".
             The ImageRuntimeVersion for this reference is "".
         Primary reference "System.Dynamic.Runtime, Version=8.0.0.0, Culture=neutral, PublicKeyToken=b03f5f7f11d50a3a".
             Resolved file path is "/usr/share/dotnet/packs/Microsoft.NETCore.App.Ref/8.0.21/ref/net8.0/System.Dynamic.Runtime.dll".
             Reference found at search path location "{RawFileName}".
             This reference is not "CopyLocal" because at least one source item had "Private" set to "false" and no source items had "Private" set to "true".
             The ImageRuntimeVersion for this reference is "".
         Primary reference "System.Formats.Asn1, Version=8.0.0.0, Culture=neutral, PublicKeyToken=cc7b13ffcd2ddd51".
             Resolved file path is "/usr/share/dotnet/packs/Microsoft.NETCore.App.Ref/8.0.21/ref/net8.0/System.Formats.Asn1.dll".
             Reference found at search path location "{RawFileName}".
             This reference is not "CopyLocal" because at least one source item had "Private" set to "false" and no source items had "Private" set to "true".
   7:7>Target "ResolveAssemblyReferences" skipped. Previously built successfully.
   4:7>Done building target "GenerateTargetFrameworkMonikerAttribute" in project "KChief.Protocols.Modbus.csproj".
   5:7>ResolveAssemblyReferences:
             The ImageRuntimeVersion for this reference is "".
         Primary reference "System.Formats.Tar, Version=8.0.0.0, Culture=neutral, PublicKeyToken=cc7b13ffcd2ddd51".
   4:7>Target "GenerateAdditionalSources" skipped, due to false condition; ('@(AssemblyAttributes)' != '' and '$(GenerateAdditionalSources)' == 'true') was evaluated as ('' != '' and '' == 'true').
   5:7>ResolveAssemblyReferences:
             Resolved file path is "/usr/share/dotnet/packs/Microsoft.NETCore.App.Ref/8.0.21/ref/net8.0/System.Formats.Tar.dll".
             Reference found at search path location "{RawFileName}".
   4:7>Target "PrepareForBuild" skipped. Previously built successfully.
   7:7>Target "_GenerateCompileDependencyCache" in file "/usr/share/dotnet/sdk/8.0.415/Microsoft.Common.CurrentVersion.targets" from project "/home/saidul/Desktop/K-Chief Marine Automation Platform/src/KChief.AlarmSystem/KChief.AlarmSystem.csproj" (target "Compile" depends on it):
   7:7>Task "Hash"
   5:7>ResolveAssemblyReferences:
             This reference is not "CopyLocal" because at least one source item had "Private" set to "false" and no source items had "Private" set to "true".
   7:7>Done executing task "Hash".
   5:7>ResolveAssemblyReferences:
             The ImageRuntimeVersion for this reference is "".
   4:7>Target "GetAssemblyVersion" in file "/usr/share/dotnet/sdk/8.0.415/Sdks/Microsoft.NET.Sdk/targets/Microsoft.NET.GenerateAssemblyInfo.targets" from project "/home/saidul/Desktop/K-Chief Marine Automation Platform/src/KChief.Protocols.Modbus/KChief.Protocols.Modbus.csproj" (target "GetAssemblyAttributes" depends on it):
   4:7>Using "GetAssemblyVersion" task from assembly "/usr/share/dotnet/sdk/8.0.415/Sdks/Microsoft.NET.Sdk/targets/../tools/net8.0/Microsoft.NET.Build.Tasks.dll".
   7:7>Task "WriteLinesToFile"
   5:7>ResolveAssemblyReferences:
         Primary reference "System.Globalization.Calendars, Version=8.0.0.0, Culture=neutral, PublicKeyToken=b03f5f7f11d50a3a".
   4:7>Task "GetAssemblyVersion"
   5:7>ResolveAssemblyReferences:
             Resolved file path is "/usr/share/dotnet/packs/Microsoft.NETCore.App.Ref/8.0.21/ref/net8.0/System.Globalization.Calendars.dll".
   7:7>_GenerateCompileDependencyCache:
         Skipping write to file "obj/Release/net8.0/KChief.AlarmSystem.csproj.CoreCompileInputs.cache" because content would not change.
   4:7>Done executing task "GetAssemblyVersion".
   5:7>ResolveAssemblyReferences:
             Reference found at search path location "{RawFileName}".
   7:7>Done executing task "WriteLinesToFile".
   5:7>ResolveAssemblyReferences:
             This reference is not "CopyLocal" because at least one source item had "Private" set to "false" and no source items had "Private" set to "true".
   4:7>Done building target "GetAssemblyVersion" in project "KChief.Protocols.Modbus.csproj".
   7:7>Done building target "_GenerateCompileDependencyCache" in project "KChief.AlarmSystem.csproj".
   5:7>ResolveAssemblyReferences:
             The ImageRuntimeVersion for this reference is "".
   4:7>Target "GetAssemblyVersion" skipped. Previously built successfully.
   5:7>ResolveAssemblyReferences:
         Primary reference "System.Globalization.Extensions, Version=8.0.0.0, Culture=neutral, PublicKeyToken=b03f5f7f11d50a3a".
   7:7>Target "_ComputeNonExistentFileProperty" skipped, due to false condition; (('$(BuildingInsideVisualStudio)' == 'true') and ('$(BuildingOutOfProcess)' != 'true') and (('$(BuildingProject)' == 'false') or ('$(UseHostCompilerIfAvailable)' == 'true'))) was evaluated as (('' == 'true') and ('' != 'true') and (('true' == 'false') or ('true' == 'true'))).
   5:7>ResolveAssemblyReferences:
             Resolved file path is "/usr/share/dotnet/packs/Microsoft.NETCore.App.Ref/8.0.21/ref/net8.0/System.Globalization.Extensions.dll".
   7:7>Target "ResolveCodeAnalysisRuleSet" skipped, due to false condition; ('$(CodeAnalysisRuleSet)' != '') was evaluated as ('' != '').
   4:7>Target "InitializeSourceControlInformationFromSourceControlManager" in file "/usr/share/dotnet/sdk/8.0.415/Sdks/Microsoft.Build.Tasks.Git/build/Microsoft.Build.Tasks.Git.targets" from project "/home/saidul/Desktop/K-Chief Marine Automation Platform/src/KChief.Protocols.Modbus/KChief.Protocols.Modbus.csproj" (target "_InitializeSourceControlInformationFromSourceControlManager" depends on it):
   4:7>Using "Microsoft.Build.Tasks.Git.LocateRepository" task from assembly "/usr/share/dotnet/sdk/8.0.415/Sdks/Microsoft.Build.Tasks.Git/build/../tools/core/Microsoft.Build.Tasks.Git.dll".
   5:7>ResolveAssemblyReferences:
             Reference found at search path location "{RawFileName}".
             This reference is not "CopyLocal" because at least one source item had "Private" set to "false" and no source items had "Private" set to "true".
   7:7>Target "ShimReferencePathsWhenCommonTargetsDoesNotUnderstandReferenceAssemblies" skipped, due to false condition; ('@(ReferencePathWithRefAssemblies)' == '') was evaluated as ('/home/saidul/.nuget/packages/fluentvalidation/11.9.0/lib/net8.0/FluentValidation.dll;/home/saidul/Desktop/K-Chief Marine Automation Platform/src/KChief.Platform.Core/obj/Release/net8.0/ref/KChief.Platform.Core.dll;/home/saidul/.nuget/packages/microsoft.aspnetcore.http.abstractions/2.2.0/lib/netstandard2.0/Microsoft.AspNetCore.Http.Abstractions.dll;...' == '').
   4:7>Task "Microsoft.Build.Tasks.Git.LocateRepository"
   5:7>ResolveAssemblyReferences:
             The ImageRuntimeVersion for this reference is "".
   4:7>InitializeSourceControlInformationFromSourceControlManager:
         SourceLink: Repository instance not found in cache: '*:/home/saidul/Desktop/K-Chief Marine Automation Platform/.git'
   5:7>ResolveAssemblyReferences:
         Primary reference "System.Globalization, Version=8.0.0.0, Culture=neutral, PublicKeyToken=b03f5f7f11d50a3a".
   4:7>Done executing task "Microsoft.Build.Tasks.Git.LocateRepository".
   7:7>Target "_BeforeVBCSCoreCompile" in file "/usr/share/dotnet/sdk/8.0.415/Roslyn/Microsoft.Managed.Core.targets" from project "/home/saidul/Desktop/K-Chief Marine Automation Platform/src/KChief.AlarmSystem/KChief.AlarmSystem.csproj" (target "CoreCompile" depends on it):
   7:7>Done building target "_BeforeVBCSCoreCompile" in project "KChief.AlarmSystem.csproj".
   5:7>ResolveAssemblyReferences:
             Resolved file path is "/usr/share/dotnet/packs/Microsoft.NETCore.App.Ref/8.0.21/ref/net8.0/System.Globalization.dll".
   4:7>Done building target "InitializeSourceControlInformationFromSourceControlManager" in project "KChief.Protocols.Modbus.csproj".
   5:7>ResolveAssemblyReferences:
             Reference found at search path location "{RawFileName}".
   7:7>Target "AdjustDefaultPlatformTargetForNetFrameworkExeWithNoNativeCopyLocalItems" skipped, due to false condition; ('$(_UsingDefaultPlatformTarget)' == 'true' and
                     '$(_UsingDefaultRuntimeIdentifier)' == 'true') was evaluated as ('true' == 'true' and
                     '' == 'true').
   5:7>ResolveAssemblyReferences:
             This reference is not "CopyLocal" because at least one source item had "Private" set to "false" and no source items had "Private" set to "true".
   7:7>Target "_DisableDiagnosticTracing" skipped, due to false condition; ('$(DisableDiagnosticTracing)' == 'true') was evaluated as ('' == 'true').
   5:7>ResolveAssemblyReferences:
             The ImageRuntimeVersion for this reference is "".
   4:7>Target "_SourceLinkHasSingleProvider" in file "/usr/share/dotnet/sdk/8.0.415/Sdks/Microsoft.SourceLink.Common/build/InitializeSourceControlInformation.targets" from project "/home/saidul/Desktop/K-Chief Marine Automation Platform/src/KChief.Protocols.Modbus/KChief.Protocols.Modbus.csproj" (target "_InitializeSourceControlInformationFromSourceControlManager" depends on it):
   4:7>Using "Microsoft.SourceLink.Common.SourceLinkHasSingleProvider" task from assembly "/usr/share/dotnet/sdk/8.0.415/Sdks/Microsoft.SourceLink.Common/build/../tools/core/Microsoft.SourceLink.Common.dll".
   5:7>ResolveAssemblyReferences:
         Primary reference "System.IO.Compression.Brotli, Version=8.0.0.0, Culture=neutral, PublicKeyToken=b77a5c561934e089".
   7:7>Target "GenerateTargetPlatformDefineConstants" skipped, due to false condition; ( '$(DisableImplicitFrameworkDefines)' != 'true' and '$(TargetPlatformIdentifier)' != '' and '$(TargetFrameworkIdentifier)' == '.NETCoreApp' and $([MSBuild]::VersionGreaterThanOrEquals($(TargetFrameworkVersion), 5.0)) ) was evaluated as ( '' != 'true' and '' != '' and '.NETCoreApp' == '.NETCoreApp' and True ).
   4:7>Task "Microsoft.SourceLink.Common.SourceLinkHasSingleProvider"
   5:7>ResolveAssemblyReferences:
             Resolved file path is "/usr/share/dotnet/packs/Microsoft.NETCore.App.Ref/8.0.21/ref/net8.0/System.IO.Compression.Brotli.dll".
             Reference found at search path location "{RawFileName}".
   4:7>Done executing task "Microsoft.SourceLink.Common.SourceLinkHasSingleProvider".
   5:7>ResolveAssemblyReferences:
             This reference is not "CopyLocal" because at least one source item had "Private" set to "false" and no source items had "Private" set to "true".
   4:7>Done building target "_SourceLinkHasSingleProvider" in project "KChief.Protocols.Modbus.csproj".
   5:7>ResolveAssemblyReferences:
             The ImageRuntimeVersion for this reference is "".
         Primary reference "System.IO.Compression.FileSystem, Version=4.0.0.0, Culture=neutral, PublicKeyToken=b77a5c561934e089".
   4:7>Target "TranslateGitHubUrlsInSourceControlInformation" in file "/usr/share/dotnet/sdk/8.0.415/Sdks/Microsoft.SourceLink.GitHub/build/Microsoft.SourceLink.GitHub.targets" from project "/home/saidul/Desktop/K-Chief Marine Automation Platform/src/KChief.Protocols.Modbus/KChief.Protocols.Modbus.csproj" (target "_InitializeSourceControlInformationFromSourceControlManager" depends on it):
   4:7>Using "Microsoft.SourceLink.GitHub.TranslateRepositoryUrls" task from assembly "/usr/share/dotnet/sdk/8.0.415/Sdks/Microsoft.SourceLink.GitHub/build/../tools/core/Microsoft.SourceLink.GitHub.dll".
   5:7>ResolveAssemblyReferences:
             Resolved file path is "/usr/share/dotnet/packs/Microsoft.NETCore.App.Ref/8.0.21/ref/net8.0/System.IO.Compression.FileSystem.dll".
             Reference found at search path location "{RawFileName}".
   4:7>Task "Microsoft.SourceLink.GitHub.TranslateRepositoryUrls"
   5:7>ResolveAssemblyReferences:
             This reference is not "CopyLocal" because at least one source item had "Private" set to "false" and no source items had "Private" set to "true".
             The ImageRuntimeVersion for this reference is "".
         Primary reference "System.IO.Compression.ZipFile, Version=8.0.0.0, Culture=neutral, PublicKeyToken=b77a5c561934e089".
             Resolved file path is "/usr/share/dotnet/packs/Microsoft.NETCore.App.Ref/8.0.21/ref/net8.0/System.IO.Compression.ZipFile.dll".
             Reference found at search path location "{RawFileName}".
   7:7>Target "GenerateNETCompatibleDefineConstants" in file "/usr/share/dotnet/sdk/8.0.415/Sdks/Microsoft.NET.Sdk/targets/Microsoft.NET.Sdk.BeforeCommon.targets" from project "/home/saidul/Desktop/K-Chief Marine Automation Platform/src/KChief.AlarmSystem/KChief.AlarmSystem.csproj" (target "AddImplicitDefineConstants" depends on it):
   7:7>Done building target "GenerateNETCompatibleDefineConstants" in project "KChief.AlarmSystem.csproj".
   5:7>ResolveAssemblyReferences:
             This reference is not "CopyLocal" because at least one source item had "Private" set to "false" and no source items had "Private" set to "true".
             The ImageRuntimeVersion for this reference is "".
         Primary reference "System.IO.Compression, Version=8.0.0.0, Culture=neutral, PublicKeyToken=b77a5c561934e089".
             Resolved file path is "/usr/share/dotnet/packs/Microsoft.NETCore.App.Ref/8.0.21/ref/net8.0/System.IO.Compression.dll".
   4:7>Done executing task "Microsoft.SourceLink.GitHub.TranslateRepositoryUrls".
   5:7>ResolveAssemblyReferences:
             Reference found at search path location "{RawFileName}".
             This reference is not "CopyLocal" because at least one source item had "Private" set to "false" and no source items had "Private" set to "true".
   4:7>Done building target "TranslateGitHubUrlsInSourceControlInformation" in project "KChief.Protocols.Modbus.csproj".
   5:7>ResolveAssemblyReferences:
             The ImageRuntimeVersion for this reference is "".
   7:7>Target "GeneratePlatformCompatibleDefineConstants" skipped, due to false condition; ( '$(DisableImplicitFrameworkDefines)' != 'true' and '$(TargetPlatformIdentifier)' != '' and '$(TargetFrameworkIdentifier)' == '.NETCoreApp' and $([MSBuild]::VersionGreaterThanOrEquals($(TargetFrameworkVersion), 5.0)) ) was evaluated as ( '' != 'true' and '' != '' and '.NETCoreApp' == '.NETCoreApp' and True ).
   5:7>ResolveAssemblyReferences:
         Primary reference "System.IO.FileSystem.AccessControl, Version=8.0.0.0, Culture=neutral, PublicKeyToken=b03f5f7f11d50a3a".
   7:7>Target "_DisableDiagnosticTracing" skipped, due to false condition; ('$(DisableDiagnosticTracing)' == 'true') was evaluated as ('' == 'true').
   5:7>ResolveAssemblyReferences:
             Resolved file path is "/usr/share/dotnet/packs/Microsoft.NETCore.App.Ref/8.0.21/ref/net8.0/System.IO.FileSystem.AccessControl.dll".
             Reference found at search path location "{RawFileName}".
             This reference is not "CopyLocal" because at least one source item had "Private" set to "false" and no source items had "Private" set to "true".
             The ImageRuntimeVersion for this reference is "".
   7:7>Target "AddImplicitDefineConstants" in file "/usr/share/dotnet/sdk/8.0.415/Sdks/Microsoft.NET.Sdk/targets/Microsoft.NET.Sdk.BeforeCommon.targets" from project "/home/saidul/Desktop/K-Chief Marine Automation Platform/src/KChief.AlarmSystem/KChief.AlarmSystem.csproj" (target "CoreCompile" depends on it):
   7:7>Done building target "AddImplicitDefineConstants" in project "KChief.AlarmSystem.csproj".
   5:7>ResolveAssemblyReferences:
         Primary reference "System.IO.FileSystem.DriveInfo, Version=8.0.0.0, Culture=neutral, PublicKeyToken=b03f5f7f11d50a3a".
             Resolved file path is "/usr/share/dotnet/packs/Microsoft.NETCore.App.Ref/8.0.21/ref/net8.0/System.IO.FileSystem.DriveInfo.dll".
             Reference found at search path location "{RawFileName}".
             This reference is not "CopyLocal" because at least one source item had "Private" set to "false" and no source items had "Private" set to "true".
             The ImageRuntimeVersion for this reference is "".
         Primary reference "System.IO.FileSystem.Primitives, Version=8.0.0.0, Culture=neutral, PublicKeyToken=b03f5f7f11d50a3a".
             Resolved file path is "/usr/share/dotnet/packs/Microsoft.NETCore.App.Ref/8.0.21/ref/net8.0/System.IO.FileSystem.Primitives.dll".
             Reference found at search path location "{RawFileName}".
             This reference is not "CopyLocal" because at least one source item had "Private" set to "false" and no source items had "Private" set to "true".
             The ImageRuntimeVersion for this reference is "".
         Primary reference "System.IO.FileSystem.Watcher, Version=8.0.0.0, Culture=neutral, PublicKeyToken=b03f5f7f11d50a3a".
             Resolved file path is "/usr/share/dotnet/packs/Microsoft.NETCore.App.Ref/8.0.21/ref/net8.0/System.IO.FileSystem.Watcher.dll".
             Reference found at search path location "{RawFileName}".
             This reference is not "CopyLocal" because at least one source item had "Private" set to "false" and no source items had "Private" set to "true".
             The ImageRuntimeVersion for this reference is "".
         Primary reference "System.IO.FileSystem, Version=8.0.0.0, Culture=neutral, PublicKeyToken=b03f5f7f11d50a3a".
             Resolved file path is "/usr/share/dotnet/packs/Microsoft.NETCore.App.Ref/8.0.21/ref/net8.0/System.IO.FileSystem.dll".
   4:7>Target "TranslateGitLabUrlsInSourceControlInformation" in file "/usr/share/dotnet/sdk/8.0.415/Sdks/Microsoft.SourceLink.GitLab/build/Microsoft.SourceLink.GitLab.targets" from project "/home/saidul/Desktop/K-Chief Marine Automation Platform/src/KChief.Protocols.Modbus/KChief.Protocols.Modbus.csproj" (target "_InitializeSourceControlInformationFromSourceControlManager" depends on it):
   4:7>Using "Microsoft.SourceLink.GitLab.TranslateRepositoryUrls" task from assembly "/usr/share/dotnet/sdk/8.0.415/Sdks/Microsoft.SourceLink.GitLab/build/../tools/core/Microsoft.SourceLink.GitLab.dll".
   7:7>Target "ShimReferencePathsWhenCommonTargetsDoesNotUnderstandReferenceAssemblies" skipped, due to false condition; ('@(ReferencePathWithRefAssemblies)' == '') was evaluated as ('/home/saidul/.nuget/packages/fluentvalidation/11.9.0/lib/net8.0/FluentValidation.dll;/home/saidul/Desktop/K-Chief Marine Automation Platform/src/KChief.Platform.Core/obj/Release/net8.0/ref/KChief.Platform.Core.dll;/home/saidul/.nuget/packages/microsoft.aspnetcore.http.abstractions/2.2.0/lib/netstandard2.0/Microsoft.AspNetCore.Http.Abstractions.dll;...' == '').
   5:7>ResolveAssemblyReferences:
             Reference found at search path location "{RawFileName}".
   4:7>Task "Microsoft.SourceLink.GitLab.TranslateRepositoryUrls"
   5:7>ResolveAssemblyReferences:
             This reference is not "CopyLocal" because at least one source item had "Private" set to "false" and no source items had "Private" set to "true".
             The ImageRuntimeVersion for this reference is "".
         Primary reference "System.IO.IsolatedStorage, Version=8.0.0.0, Culture=neutral, PublicKeyToken=b03f5f7f11d50a3a".
             Resolved file path is "/usr/share/dotnet/packs/Microsoft.NETCore.App.Ref/8.0.21/ref/net8.0/System.IO.IsolatedStorage.dll".
             Reference found at search path location "{RawFileName}".
             This reference is not "CopyLocal" because at least one source item had "Private" set to "false" and no source items had "Private" set to "true".
   4:7>Done executing task "Microsoft.SourceLink.GitLab.TranslateRepositoryUrls".
   5:7>ResolveAssemblyReferences:
             The ImageRuntimeVersion for this reference is "".
         Primary reference "System.IO.MemoryMappedFiles, Version=8.0.0.0, Culture=neutral, PublicKeyToken=b03f5f7f11d50a3a".
   7:7>Target "_ComputeSkipAnalyzers" in file "/usr/share/dotnet/sdk/8.0.415/Roslyn/Microsoft.Managed.Core.targets" from project "/home/saidul/Desktop/K-Chief Marine Automation Platform/src/KChief.AlarmSystem/KChief.AlarmSystem.csproj" (target "CoreCompile" depends on it):
   7:7>Task "ShowMessageForImplicitlySkipAnalyzers" skipped, due to false condition; ('$(_ImplicitlySkipAnalyzers)' == 'true') was evaluated as ('' == 'true').
   5:7>ResolveAssemblyReferences:
             Resolved file path is "/usr/share/dotnet/packs/Microsoft.NETCore.App.Ref/8.0.21/ref/net8.0/System.IO.MemoryMappedFiles.dll".
   7:7>Done building target "_ComputeSkipAnalyzers" in project "KChief.AlarmSystem.csproj".
   5:7>ResolveAssemblyReferences:
             Reference found at search path location "{RawFileName}".
             This reference is not "CopyLocal" because at least one source item had "Private" set to "false" and no source items had "Private" set to "true".
   7:7>Target "_SetPathMapFromSourceRoots" skipped, due to false condition; ('$(DeterministicSourcePaths)' == 'true') was evaluated as ('' == 'true').
   4:7>Done building target "TranslateGitLabUrlsInSourceControlInformation" in project "KChief.Protocols.Modbus.csproj".
   5:7>ResolveAssemblyReferences:
             The ImageRuntimeVersion for this reference is "".
   7:7>Target "CreateCompilerGeneratedFilesOutputPath" skipped, due to false condition; ('$(EmitCompilerGeneratedFiles)' == 'true' and !('$(DesignTimeBuild)' == 'true' OR '$(BuildingProject)' != 'true')) was evaluated as ('false' == 'true' and !('' == 'true' OR 'true' != 'true')).
   5:7>ResolveAssemblyReferences:
         Primary reference "System.IO.Pipes.AccessControl, Version=8.0.0.0, Culture=neutral, PublicKeyToken=b03f5f7f11d50a3a".
   7:7>Target "BeforeCompile" skipped. Previously built successfully.
   5:7>ResolveAssemblyReferences:
             Resolved file path is "/usr/share/dotnet/packs/Microsoft.NETCore.App.Ref/8.0.21/ref/net8.0/System.IO.Pipes.AccessControl.dll".
             Reference found at search path location "{RawFileName}".
   7:7>Target "InitializeSourceControlInformationFromSourceControlManager" skipped. Previously built successfully.
   5:7>ResolveAssemblyReferences:
             This reference is not "CopyLocal" because at least one source item had "Private" set to "false" and no source items had "Private" set to "true".
             The ImageRuntimeVersion for this reference is "".
   7:7>Target "SetEmbeddedFilesFromSourceControlManagerUntrackedFiles" in file "/usr/share/dotnet/sdk/8.0.415/Sdks/Microsoft.Build.Tasks.Git/build/Microsoft.Build.Tasks.Git.targets" from project "/home/saidul/Desktop/K-Chief Marine Automation Platform/src/KChief.AlarmSystem/KChief.AlarmSystem.csproj" (target "_SetEmbeddedFilesFromSourceControlManagerUntrackedFiles" depends on it):
   7:7>Using "Microsoft.Build.Tasks.Git.GetUntrackedFiles" task from assembly "/usr/share/dotnet/sdk/8.0.415/Sdks/Microsoft.Build.Tasks.Git/build/../tools/core/Microsoft.Build.Tasks.Git.dll".
   5:7>ResolveAssemblyReferences:
         Primary reference "System.IO.Pipes, Version=8.0.0.0, Culture=neutral, PublicKeyToken=b03f5f7f11d50a3a".
   7:7>Task "Microsoft.Build.Tasks.Git.GetUntrackedFiles"
   5:7>ResolveAssemblyReferences:
             Resolved file path is "/usr/share/dotnet/packs/Microsoft.NETCore.App.Ref/8.0.21/ref/net8.0/System.IO.Pipes.dll".
   7:7>SetEmbeddedFilesFromSourceControlManagerUntrackedFiles:
         SourceLink: Reusing cached git repository information.
   5:7>ResolveAssemblyReferences:
             Reference found at search path location "{RawFileName}".
             This reference is not "CopyLocal" because at least one source item had "Private" set to "false" and no source items had "Private" set to "true".
             The ImageRuntimeVersion for this reference is "".
         Primary reference "System.IO.UnmanagedMemoryStream, Version=8.0.0.0, Culture=neutral, PublicKeyToken=b03f5f7f11d50a3a".
             Resolved file path is "/usr/share/dotnet/packs/Microsoft.NETCore.App.Ref/8.0.21/ref/net8.0/System.IO.UnmanagedMemoryStream.dll".
             Reference found at search path location "{RawFileName}".
             This reference is not "CopyLocal" because at least one source item had "Private" set to "false" and no source items had "Private" set to "true".
             The ImageRuntimeVersion for this reference is "".
         Primary reference "System.IO, Version=8.0.0.0, Culture=neutral, PublicKeyToken=b03f5f7f11d50a3a".
             Resolved file path is "/usr/share/dotnet/packs/Microsoft.NETCore.App.Ref/8.0.21/ref/net8.0/System.IO.dll".
             Reference found at search path location "{RawFileName}".
             This reference is not "CopyLocal" because at least one source item had "Private" set to "false" and no source items had "Private" set to "true".
             The ImageRuntimeVersion for this reference is "".
         Primary reference "System.Linq.Expressions, Version=8.0.0.0, Culture=neutral, PublicKeyToken=b03f5f7f11d50a3a".
             Resolved file path is "/usr/share/dotnet/packs/Microsoft.NETCore.App.Ref/8.0.21/ref/net8.0/System.Linq.Expressions.dll".
             Reference found at search path location "{RawFileName}".
             This reference is not "CopyLocal" because at least one source item had "Private" set to "false" and no source items had "Private" set to "true".
             The ImageRuntimeVersion for this reference is "".
         Primary reference "System.Linq.Parallel, Version=8.0.0.0, Culture=neutral, PublicKeyToken=b03f5f7f11d50a3a".
             Resolved file path is "/usr/share/dotnet/packs/Microsoft.NETCore.App.Ref/8.0.21/ref/net8.0/System.Linq.Parallel.dll".
             Reference found at search path location "{RawFileName}".
             This reference is not "CopyLocal" because at least one source item had "Private" set to "false" and no source items had "Private" set to "true".
             The ImageRuntimeVersion for this reference is "".
         Primary reference "System.Linq.Queryable, Version=8.0.0.0, Culture=neutral, PublicKeyToken=b03f5f7f11d50a3a".
             Resolved file path is "/usr/share/dotnet/packs/Microsoft.NETCore.App.Ref/8.0.21/ref/net8.0/System.Linq.Queryable.dll".
             Reference found at search path location "{RawFileName}".
             This reference is not "CopyLocal" because at least one source item had "Private" set to "false" and no source items had "Private" set to "true".
             The ImageRuntimeVersion for this reference is "".
         Primary reference "System.Linq, Version=8.0.0.0, Culture=neutral, PublicKeyToken=b03f5f7f11d50a3a".
             Resolved file path is "/usr/share/dotnet/packs/Microsoft.NETCore.App.Ref/8.0.21/ref/net8.0/System.Linq.dll".
             Reference found at search path location "{RawFileName}".
             This reference is not "CopyLocal" because at least one source item had "Private" set to "false" and no source items had "Private" set to "true".
             The ImageRuntimeVersion for this reference is "".
         Primary reference "System.Memory, Version=8.0.0.0, Culture=neutral, PublicKeyToken=cc7b13ffcd2ddd51".
             Resolved file path is "/usr/share/dotnet/packs/Microsoft.NETCore.App.Ref/8.0.21/ref/net8.0/System.Memory.dll".
             Reference found at search path location "{RawFileName}".
             This reference is not "CopyLocal" because at least one source item had "Private" set to "false" and no source items had "Private" set to "true".
             The ImageRuntimeVersion for this reference is "".
         Primary reference "System.Net.Http.Json, Version=8.0.0.0, Culture=neutral, PublicKeyToken=cc7b13ffcd2ddd51".
             Resolved file path is "/usr/share/dotnet/packs/Microsoft.NETCore.App.Ref/8.0.21/ref/net8.0/System.Net.Http.Json.dll".
             Reference found at search path location "{RawFileName}".
             This reference is not "CopyLocal" because at least one source item had "Private" set to "false" and no source items had "Private" set to "true".
             The ImageRuntimeVersion for this reference is "".
         Primary reference "System.Net.Http, Version=8.0.0.0, Culture=neutral, PublicKeyToken=b03f5f7f11d50a3a".
             Resolved file path is "/usr/share/dotnet/packs/Microsoft.NETCore.App.Ref/8.0.21/ref/net8.0/System.Net.Http.dll".
             Reference found at search path location "{RawFileName}".
             This reference is not "CopyLocal" because at least one source item had "Private" set to "false" and no source items had "Private" set to "true".
             The ImageRuntimeVersion for this reference is "".
         Primary reference "System.Net.HttpListener, Version=8.0.0.0, Culture=neutral, PublicKeyToken=cc7b13ffcd2ddd51".
             Resolved file path is "/usr/share/dotnet/packs/Microsoft.NETCore.App.Ref/8.0.21/ref/net8.0/System.Net.HttpListener.dll".
             Reference found at search path location "{RawFileName}".
             This reference is not "CopyLocal" because at least one source item had "Private" set to "false" and no source items had "Private" set to "true".
             The ImageRuntimeVersion for this reference is "".
         Primary reference "System.Net.Mail, Version=8.0.0.0, Culture=neutral, PublicKeyToken=cc7b13ffcd2ddd51".
   4:7>Target "TranslateAzureReposGitUrlsInSourceControlInformation" in file "/usr/share/dotnet/sdk/8.0.415/Sdks/Microsoft.SourceLink.AzureRepos.Git/build/Microsoft.SourceLink.AzureRepos.Git.targets" from project "/home/saidul/Desktop/K-Chief Marine Automation Platform/src/KChief.Protocols.Modbus/KChief.Protocols.Modbus.csproj" (target "_InitializeSourceControlInformationFromSourceControlManager" depends on it):
   4:7>Using "Microsoft.SourceLink.AzureRepos.Git.TranslateRepositoryUrls" task from assembly "/usr/share/dotnet/sdk/8.0.415/Sdks/Microsoft.SourceLink.AzureRepos.Git/build/../tools/core/Microsoft.SourceLink.AzureRepos.Git.dll".
   5:7>ResolveAssemblyReferences:
             Resolved file path is "/usr/share/dotnet/packs/Microsoft.NETCore.App.Ref/8.0.21/ref/net8.0/System.Net.Mail.dll".
             Reference found at search path location "{RawFileName}".
             This reference is not "CopyLocal" because at least one source item had "Private" set to "false" and no source items had "Private" set to "true".
             The ImageRuntimeVersion for this reference is "".
         Primary reference "System.Net.NameResolution, Version=8.0.0.0, Culture=neutral, PublicKeyToken=b03f5f7f11d50a3a".
   4:7>Task "Microsoft.SourceLink.AzureRepos.Git.TranslateRepositoryUrls"
   5:7>ResolveAssemblyReferences:
             Resolved file path is "/usr/share/dotnet/packs/Microsoft.NETCore.App.Ref/8.0.21/ref/net8.0/System.Net.NameResolution.dll".
             Reference found at search path location "{RawFileName}".
             This reference is not "CopyLocal" because at least one source item had "Private" set to "false" and no source items had "Private" set to "true".
   4:7>Done executing task "Microsoft.SourceLink.AzureRepos.Git.TranslateRepositoryUrls".
   5:7>ResolveAssemblyReferences:
             The ImageRuntimeVersion for this reference is "".
         Primary reference "System.Net.NetworkInformation, Version=8.0.0.0, Culture=neutral, PublicKeyToken=b03f5f7f11d50a3a".
             Resolved file path is "/usr/share/dotnet/packs/Microsoft.NETCore.App.Ref/8.0.21/ref/net8.0/System.Net.NetworkInformation.dll".
             Reference found at search path location "{RawFileName}".
             This reference is not "CopyLocal" because at least one source item had "Private" set to "false" and no source items had "Private" set to "true".
   4:7>Done building target "TranslateAzureReposGitUrlsInSourceControlInformation" in project "KChief.Protocols.Modbus.csproj".
   5:7>ResolveAssemblyReferences:
             The ImageRuntimeVersion for this reference is "".
         Primary reference "System.Net.Ping, Version=8.0.0.0, Culture=neutral, PublicKeyToken=b03f5f7f11d50a3a".
             Resolved file path is "/usr/share/dotnet/packs/Microsoft.NETCore.App.Ref/8.0.21/ref/net8.0/System.Net.Ping.dll".
             Reference found at search path location "{RawFileName}".
             This reference is not "CopyLocal" because at least one source item had "Private" set to "false" and no source items had "Private" set to "true".
             The ImageRuntimeVersion for this reference is "".
   4:7>Target "TranslateBitbucketGitUrlsInSourceControlInformation" in file "/usr/share/dotnet/sdk/8.0.415/Sdks/Microsoft.SourceLink.Bitbucket.Git/build/Microsoft.SourceLink.Bitbucket.Git.targets" from project "/home/saidul/Desktop/K-Chief Marine Automation Platform/src/KChief.Protocols.Modbus/KChief.Protocols.Modbus.csproj" (target "_InitializeSourceControlInformationFromSourceControlManager" depends on it):
   4:7>Using "Microsoft.SourceLink.Bitbucket.Git.TranslateRepositoryUrls" task from assembly "/usr/share/dotnet/sdk/8.0.415/Sdks/Microsoft.SourceLink.Bitbucket.Git/build/../tools/core/Microsoft.SourceLink.Bitbucket.Git.dll".
   5:7>ResolveAssemblyReferences:
         Primary reference "System.Net.Primitives, Version=8.0.0.0, Culture=neutral, PublicKeyToken=b03f5f7f11d50a3a".
             Resolved file path is "/usr/share/dotnet/packs/Microsoft.NETCore.App.Ref/8.0.21/ref/net8.0/System.Net.Primitives.dll".
             Reference found at search path location "{RawFileName}".
   4:7>Task "Microsoft.SourceLink.Bitbucket.Git.TranslateRepositoryUrls"
   5:7>ResolveAssemblyReferences:
             This reference is not "CopyLocal" because at least one source item had "Private" set to "false" and no source items had "Private" set to "true".
             The ImageRuntimeVersion for this reference is "".
   7:7>Done executing task "Microsoft.Build.Tasks.Git.GetUntrackedFiles".
   5:7>ResolveAssemblyReferences:
         Primary reference "System.Net.Quic, Version=8.0.0.0, Culture=neutral, PublicKeyToken=b03f5f7f11d50a3a".
   4:7>Done executing task "Microsoft.SourceLink.Bitbucket.Git.TranslateRepositoryUrls".
   5:7>ResolveAssemblyReferences:
             Resolved file path is "/usr/share/dotnet/packs/Microsoft.NETCore.App.Ref/8.0.21/ref/net8.0/System.Net.Quic.dll".
   7:7>Done building target "SetEmbeddedFilesFromSourceControlManagerUntrackedFiles" in project "KChief.AlarmSystem.csproj".
   5:7>ResolveAssemblyReferences:
             Reference found at search path location "{RawFileName}".
             This reference is not "CopyLocal" because at least one source item had "Private" set to "false" and no source items had "Private" set to "true".
   4:7>Done building target "TranslateBitbucketGitUrlsInSourceControlInformation" in project "KChief.Protocols.Modbus.csproj".
   5:7>ResolveAssemblyReferences:
             The ImageRuntimeVersion for this reference is "".
   7:7>Target "_SetEmbeddedFilesFromSourceControlManagerUntrackedFiles" in file "/usr/share/dotnet/sdk/8.0.415/Sdks/Microsoft.SourceLink.Common/build/Microsoft.SourceLink.Common.targets" from project "/home/saidul/Desktop/K-Chief Marine Automation Platform/src/KChief.AlarmSystem/KChief.AlarmSystem.csproj" (target "CoreCompile" depends on it):
   7:7>Done building target "_SetEmbeddedFilesFromSourceControlManagerUntrackedFiles" in project "KChief.AlarmSystem.csproj".
   5:7>ResolveAssemblyReferences:
         Primary reference "System.Net.Requests, Version=8.0.0.0, Culture=neutral, PublicKeyToken=b03f5f7f11d50a3a".
   7:7>Target "InitializeSourceControlInformation" skipped. Previously built successfully.
   5:7>ResolveAssemblyReferences:
             Resolved file path is "/usr/share/dotnet/packs/Microsoft.NETCore.App.Ref/8.0.21/ref/net8.0/System.Net.Requests.dll".
             Reference found at search path location "{RawFileName}".
             This reference is not "CopyLocal" because at least one source item had "Private" set to "false" and no source items had "Private" set to "true".
             The ImageRuntimeVersion for this reference is "".
   4:7>Target "SourceControlManagerPublishTranslatedUrls" in file "/usr/share/dotnet/sdk/8.0.415/Sdks/Microsoft.SourceLink.Common/build/InitializeSourceControlInformation.targets" from project "/home/saidul/Desktop/K-Chief Marine Automation Platform/src/KChief.Protocols.Modbus/KChief.Protocols.Modbus.csproj" (target "_InitializeSourceControlInformationFromSourceControlManager" depends on it):
   4:7>Done building target "SourceControlManagerPublishTranslatedUrls" in project "KChief.Protocols.Modbus.csproj".
   5:7>ResolveAssemblyReferences:
         Primary reference "System.Net.Security, Version=8.0.0.0, Culture=neutral, PublicKeyToken=b03f5f7f11d50a3a".
             Resolved file path is "/usr/share/dotnet/packs/Microsoft.NETCore.App.Ref/8.0.21/ref/net8.0/System.Net.Security.dll".
             Reference found at search path location "{RawFileName}".
             This reference is not "CopyLocal" because at least one source item had "Private" set to "false" and no source items had "Private" set to "true".
             The ImageRuntimeVersion for this reference is "".
         Primary reference "System.Net.ServicePoint, Version=8.0.0.0, Culture=neutral, PublicKeyToken=cc7b13ffcd2ddd51".
   4:7>Target "_InitializeSourceControlInformationFromSourceControlManager" in file "/usr/share/dotnet/sdk/8.0.415/Sdks/Microsoft.SourceLink.Common/build/InitializeSourceControlInformation.targets" from project "/home/saidul/Desktop/K-Chief Marine Automation Platform/src/KChief.Protocols.Modbus/KChief.Protocols.Modbus.csproj" (target "InitializeSourceControlInformation" depends on it):
   4:7>Done building target "_InitializeSourceControlInformationFromSourceControlManager" in project "KChief.Protocols.Modbus.csproj".
   5:7>ResolveAssemblyReferences:
             Resolved file path is "/usr/share/dotnet/packs/Microsoft.NETCore.App.Ref/8.0.21/ref/net8.0/System.Net.ServicePoint.dll".
   7:7>Target "_SetSourceLinkFilePath" in file "/usr/share/dotnet/sdk/8.0.415/Sdks/Microsoft.SourceLink.Common/build/Microsoft.SourceLink.Common.targets" from project "/home/saidul/Desktop/K-Chief Marine Automation Platform/src/KChief.AlarmSystem/KChief.AlarmSystem.csproj" (target "_GenerateSourceLinkFile" depends on it):
   7:7>Done building target "_SetSourceLinkFilePath" in project "KChief.AlarmSystem.csproj".
   5:7>ResolveAssemblyReferences:
             Reference found at search path location "{RawFileName}".
   7:7>Target "InitializeSourceControlInformation" skipped. Previously built successfully.
   5:7>ResolveAssemblyReferences:
             This reference is not "CopyLocal" because at least one source item had "Private" set to "false" and no source items had "Private" set to "true".
             The ImageRuntimeVersion for this reference is "".
   7:7>Target "_InitializeSourceRootMappedPathsFromSourceControl" in file "/usr/share/dotnet/sdk/8.0.415/Roslyn/Microsoft.Managed.Core.targets" from project "/home/saidul/Desktop/K-Chief Marine Automation Platform/src/KChief.AlarmSystem/KChief.AlarmSystem.csproj" (target "InitializeSourceRootMappedPaths" depends on it):
   7:7>Done building target "_InitializeSourceRootMappedPathsFromSourceControl" in project "KChief.AlarmSystem.csproj".
   5:7>ResolveAssemblyReferences:
         Primary reference "System.Net.Sockets, Version=8.0.0.0, Culture=neutral, PublicKeyToken=b03f5f7f11d50a3a".
   4:7>Target "InitializeSourceControlInformation" in file "/usr/share/dotnet/sdk/8.0.415/Microsoft.Common.CurrentVersion.targets" from project "/home/saidul/Desktop/K-Chief Marine Automation Platform/src/KChief.Protocols.Modbus/KChief.Protocols.Modbus.csproj" (target "AddSourceRevisionToInformationalVersion" depends on it):
   4:7>Done building target "InitializeSourceControlInformation" in project "KChief.Protocols.Modbus.csproj".
   5:7>ResolveAssemblyReferences:
             Resolved file path is "/usr/share/dotnet/packs/Microsoft.NETCore.App.Ref/8.0.21/ref/net8.0/System.Net.Sockets.dll".
   7:7>Target "InitializeSourceRootMappedPaths" in file "/usr/share/dotnet/sdk/8.0.415/Roslyn/Microsoft.Managed.Core.targets" from project "/home/saidul/Desktop/K-Chief Marine Automation Platform/src/KChief.AlarmSystem/KChief.AlarmSystem.csproj" (target "_InitializeSourceRootMappedPathsOpt" depends on it):
   7:7>Using "Microsoft.CodeAnalysis.BuildTasks.MapSourceRoots" task from assembly "/usr/share/dotnet/sdk/8.0.415/Roslyn/Microsoft.Build.Tasks.CodeAnalysis.dll".
       Task "Microsoft.CodeAnalysis.BuildTasks.MapSourceRoots"
   4:7>Target "AddSourceRevisionToInformationalVersion" in file "/usr/share/dotnet/sdk/8.0.415/Sdks/Microsoft.NET.Sdk/targets/Microsoft.NET.GenerateAssemblyInfo.targets" from project "/home/saidul/Desktop/K-Chief Marine Automation Platform/src/KChief.Protocols.Modbus/KChief.Protocols.Modbus.csproj" (target "GetAssemblyAttributes" depends on it):
   4:7>Done building target "AddSourceRevisionToInformationalVersion" in project "KChief.Protocols.Modbus.csproj".
       Target "_GetUserSecretsAssemblyAttribute" skipped, due to false condition; ( '$(UserSecretsId)' != '' AND '$(GenerateUserSecretsAttribute)' != 'false' AND '$(GeneratedUserSecretsAttributeFile)' == '' ) was evaluated as ( '' != '' AND '' != 'false' AND '' == '' ).
   4:7>Target "GetAssemblyAttributes" in file "/usr/share/dotnet/sdk/8.0.415/Sdks/Microsoft.NET.Sdk/targets/Microsoft.NET.GenerateAssemblyInfo.targets" from project "/home/saidul/Desktop/K-Chief Marine Automation Platform/src/KChief.Protocols.Modbus/KChief.Protocols.Modbus.csproj" (target "CreateGeneratedAssemblyInfoInputsCacheFile" depends on it):
   4:7>Done building target "GetAssemblyAttributes" in project "KChief.Protocols.Modbus.csproj".
   4:7>Target "CreateGeneratedAssemblyInfoInputsCacheFile" in file "/usr/share/dotnet/sdk/8.0.415/Sdks/Microsoft.NET.Sdk/targets/Microsoft.NET.GenerateAssemblyInfo.targets" from project "/home/saidul/Desktop/K-Chief Marine Automation Platform/src/KChief.Protocols.Modbus/KChief.Protocols.Modbus.csproj" (target "CoreGenerateAssemblyInfo" depends on it):
       Using "Hash" task from assembly "Microsoft.Build.Tasks.Core, Version=15.1.0.0, Culture=neutral, PublicKeyToken=b03f5f7f11d50a3a".
   7:7>Done executing task "Microsoft.CodeAnalysis.BuildTasks.MapSourceRoots".
   7:7>Done building target "InitializeSourceRootMappedPaths" in project "KChief.AlarmSystem.csproj".
   4:7>Task "Hash"
   7:7>Target "_InitializeSourceRootMappedPathsOpt" in file "/usr/share/dotnet/sdk/8.0.415/Sdks/Microsoft.SourceLink.Common/build/Microsoft.SourceLink.Common.targets" from project "/home/saidul/Desktop/K-Chief Marine Automation Platform/src/KChief.AlarmSystem/KChief.AlarmSystem.csproj" (target "_GenerateSourceLinkFile" depends on it):
   7:7>Done building target "_InitializeSourceRootMappedPathsOpt" in project "KChief.AlarmSystem.csproj".
   7:7>Target "_InitializeGitHubSourceLinkUrl" in file "/usr/share/dotnet/sdk/8.0.415/Sdks/Microsoft.SourceLink.GitHub/build/Microsoft.SourceLink.GitHub.targets" from project "/home/saidul/Desktop/K-Chief Marine Automation Platform/src/KChief.AlarmSystem/KChief.AlarmSystem.csproj" (target "_GenerateSourceLinkFile" depends on it):
       Building target "_InitializeGitHubSourceLinkUrl" completely.
       No input files were specified.
       Using "Microsoft.SourceLink.GitHub.GetSourceLinkUrl" task from assembly "/usr/share/dotnet/sdk/8.0.415/Sdks/Microsoft.SourceLink.GitHub/build/../tools/core/Microsoft.SourceLink.GitHub.dll".
       Task "Microsoft.SourceLink.GitHub.GetSourceLinkUrl"
       Done executing task "Microsoft.SourceLink.GitHub.GetSourceLinkUrl".
   5:7>ResolveAssemblyReferences:
             Reference found at search path location "{RawFileName}".
             This reference is not "CopyLocal" because at least one source item had "Private" set to "false" and no source items had "Private" set to "true".
             The ImageRuntimeVersion for this reference is "".
         Primary reference "System.Net.WebClient, Version=8.0.0.0, Culture=neutral, PublicKeyToken=cc7b13ffcd2ddd51".
             Resolved file path is "/usr/share/dotnet/packs/Microsoft.NETCore.App.Ref/8.0.21/ref/net8.0/System.Net.WebClient.dll".
             Reference found at search path location "{RawFileName}".
             This reference is not "CopyLocal" because at least one source item had "Private" set to "false" and no source items had "Private" set to "true".
             The ImageRuntimeVersion for this reference is "".
         Primary reference "System.Net.WebHeaderCollection, Version=8.0.0.0, Culture=neutral, PublicKeyToken=b03f5f7f11d50a3a".
             Resolved file path is "/usr/share/dotnet/packs/Microsoft.NETCore.App.Ref/8.0.21/ref/net8.0/System.Net.WebHeaderCollection.dll".
             Reference found at search path location "{RawFileName}".
             This reference is not "CopyLocal" because at least one source item had "Private" set to "false" and no source items had "Private" set to "true".
             The ImageRuntimeVersion for this reference is "".
         Primary reference "System.Net.WebProxy, Version=8.0.0.0, Culture=neutral, PublicKeyToken=cc7b13ffcd2ddd51".
             Resolved file path is "/usr/share/dotnet/packs/Microsoft.NETCore.App.Ref/8.0.21/ref/net8.0/System.Net.WebProxy.dll".
             Reference found at search path location "{RawFileName}".
             This reference is not "CopyLocal" because at least one source item had "Private" set to "false" and no source items had "Private" set to "true".
             The ImageRuntimeVersion for this reference is "".
         Primary reference "System.Net.WebSockets.Client, Version=8.0.0.0, Culture=neutral, PublicKeyToken=b03f5f7f11d50a3a".
             Resolved file path is "/usr/share/dotnet/packs/Microsoft.NETCore.App.Ref/8.0.21/ref/net8.0/System.Net.WebSockets.Client.dll".
             Reference found at search path location "{RawFileName}".
             This reference is not "CopyLocal" because at least one source item had "Private" set to "false" and no source items had "Private" set to "true".
             The ImageRuntimeVersion for this reference is "".
         Primary reference "System.Net.WebSockets, Version=8.0.0.0, Culture=neutral, PublicKeyToken=b03f5f7f11d50a3a".
   8:8>ResolveAssemblyReferences:
             Reference found at search path location "{RawFileName}".
             This reference is not "CopyLocal" because at least one source item had "Private" set to "false" and no source items had "Private" set to "true".
   7:7>Done building target "_InitializeGitHubSourceLinkUrl" in project "KChief.AlarmSystem.csproj".
   8:8>ResolveAssemblyReferences:
             The ImageRuntimeVersion for this reference is "".
   5:7>ResolveAssemblyReferences:
             Resolved file path is "/usr/share/dotnet/packs/Microsoft.NETCore.App.Ref/8.0.21/ref/net8.0/System.Net.WebSockets.dll".
   4:7>Done executing task "Hash".
   8:8>ResolveAssemblyReferences:
         Primary reference "System.Security.Cryptography.Cng, Version=8.0.0.0, Culture=neutral, PublicKeyToken=b03f5f7f11d50a3a".
             Resolved file path is "/usr/share/dotnet/packs/Microsoft.NETCore.App.Ref/8.0.21/ref/net8.0/System.Security.Cryptography.Cng.dll".
   7:7>Target "_InitializeGitHubSourceLinkUrl" in file "/usr/share/dotnet/sdk/8.0.415/Sdks/Microsoft.SourceLink.GitHub/build/Microsoft.SourceLink.GitHub.targets" from project "/home/saidul/Desktop/K-Chief Marine Automation Platform/src/KChief.AlarmSystem/KChief.AlarmSystem.csproj" (target "_GenerateSourceLinkFile" depends on it):
   7:7>Building target "_InitializeGitHubSourceLinkUrl" completely.
   8:8>ResolveAssemblyReferences:
             Reference found at search path location "{RawFileName}".
   5:7>ResolveAssemblyReferences:
             Reference found at search path location "{RawFileName}".
   4:7>Task "WriteLinesToFile"
   7:7>_InitializeGitHubSourceLinkUrl:
       No input files were specified.
   8:8>ResolveAssemblyReferences:
             This reference is not "CopyLocal" because at least one source item had "Private" set to "false" and no source items had "Private" set to "true".
   4:7>Done executing task "WriteLinesToFile".
   8:8>ResolveAssemblyReferences:
             The ImageRuntimeVersion for this reference is "".
   7:7>Task "Microsoft.SourceLink.GitHub.GetSourceLinkUrl"
   5:7>ResolveAssemblyReferences:
             This reference is not "CopyLocal" because at least one source item had "Private" set to "false" and no source items had "Private" set to "true".
   4:7>Done building target "CreateGeneratedAssemblyInfoInputsCacheFile" in project "KChief.Protocols.Modbus.csproj".
   8:8>ResolveAssemblyReferences:
         Primary reference "System.Security.Cryptography.Csp, Version=8.0.0.0, Culture=neutral, PublicKeyToken=b03f5f7f11d50a3a".
   7:7>Done executing task "Microsoft.SourceLink.GitHub.GetSourceLinkUrl".
   8:8>ResolveAssemblyReferences:
             Resolved file path is "/usr/share/dotnet/packs/Microsoft.NETCore.App.Ref/8.0.21/ref/net8.0/System.Security.Cryptography.Csp.dll".
   7:7>Done building target "_InitializeGitHubSourceLinkUrl" in project "KChief.AlarmSystem.csproj".
   8:8>ResolveAssemblyReferences:
             Reference found at search path location "{RawFileName}".
   4:7>Target "CoreGenerateAssemblyInfo" in file "/usr/share/dotnet/sdk/8.0.415/Sdks/Microsoft.NET.Sdk/targets/Microsoft.NET.GenerateAssemblyInfo.targets" from project "/home/saidul/Desktop/K-Chief Marine Automation Platform/src/KChief.Protocols.Modbus/KChief.Protocols.Modbus.csproj" (target "GenerateAssemblyInfo" depends on it):
   4:7>Building target "CoreGenerateAssemblyInfo" completely.
   5:7>ResolveAssemblyReferences:
             The ImageRuntimeVersion for this reference is "".
   8:8>ResolveAssemblyReferences:
             This reference is not "CopyLocal" because at least one source item had "Private" set to "false" and no source items had "Private" set to "true".
   4:7>CoreGenerateAssemblyInfo:
       Input file "obj/Release/net8.0/KChief.Protocols.Modbus.AssemblyInfoInputs.cache" is newer than output file "obj/Release/net8.0/KChief.Protocols.Modbus.AssemblyInfo.cs".
   8:8>ResolveAssemblyReferences:
             The ImageRuntimeVersion for this reference is "".
   7:7>Target "_InitializeGitLabSourceLinkUrl" in file "/usr/share/dotnet/sdk/8.0.415/Sdks/Microsoft.SourceLink.GitLab/build/Microsoft.SourceLink.GitLab.targets" from project "/home/saidul/Desktop/K-Chief Marine Automation Platform/src/KChief.AlarmSystem/KChief.AlarmSystem.csproj" (target "_GenerateSourceLinkFile" depends on it):
   7:7>Building target "_InitializeGitLabSourceLinkUrl" completely.
   8:8>ResolveAssemblyReferences:
         Primary reference "System.Security.Cryptography.Encoding, Version=8.0.0.0, Culture=neutral, PublicKeyToken=b03f5f7f11d50a3a".
   7:7>_InitializeGitLabSourceLinkUrl:
       No input files were specified.
   5:7>ResolveAssemblyReferences:
         Primary reference "System.Net, Version=4.0.0.0, Culture=neutral, PublicKeyToken=b03f5f7f11d50a3a".
   8:8>ResolveAssemblyReferences:
             Resolved file path is "/usr/share/dotnet/packs/Microsoft.NETCore.App.Ref/8.0.21/ref/net8.0/System.Security.Cryptography.Encoding.dll".
   7:7>_InitializeGitLabSourceLinkUrl:
       Using "Microsoft.SourceLink.GitLab.GetSourceLinkUrl" task from assembly "/usr/share/dotnet/sdk/8.0.415/Sdks/Microsoft.SourceLink.GitLab/build/../tools/core/Microsoft.SourceLink.GitLab.dll".
   8:8>ResolveAssemblyReferences:
             Reference found at search path location "{RawFileName}".
             This reference is not "CopyLocal" because at least one source item had "Private" set to "false" and no source items had "Private" set to "true".
   7:7>Task "Microsoft.SourceLink.GitLab.GetSourceLinkUrl"
   5:7>ResolveAssemblyReferences:
             Resolved file path is "/usr/share/dotnet/packs/Microsoft.NETCore.App.Ref/8.0.21/ref/net8.0/System.Net.dll".
   4:7>CoreGenerateAssemblyInfo:
       Using "WriteCodeFragment" task from assembly "Microsoft.Build.Tasks.Core, Version=15.1.0.0, Culture=neutral, PublicKeyToken=b03f5f7f11d50a3a".
   8:8>ResolveAssemblyReferences:
             The ImageRuntimeVersion for this reference is "".
   7:7>Done executing task "Microsoft.SourceLink.GitLab.GetSourceLinkUrl".
   8:8>ResolveAssemblyReferences:
         Primary reference "System.Security.Cryptography.OpenSsl, Version=8.0.0.0, Culture=neutral, PublicKeyToken=b03f5f7f11d50a3a".
   4:7>Task "WriteCodeFragment"
   7:7>Done building target "_InitializeGitLabSourceLinkUrl" in project "KChief.AlarmSystem.csproj".
   8:8>ResolveAssemblyReferences:
             Resolved file path is "/usr/share/dotnet/packs/Microsoft.NETCore.App.Ref/8.0.21/ref/net8.0/System.Security.Cryptography.OpenSsl.dll".
   5:7>ResolveAssemblyReferences:
             Reference found at search path location "{RawFileName}".
   8:8>ResolveAssemblyReferences:
             Reference found at search path location "{RawFileName}".
             This reference is not "CopyLocal" because at least one source item had "Private" set to "false" and no source items had "Private" set to "true".
   7:7>Target "_InitializeGitLabSourceLinkUrl" in file "/usr/share/dotnet/sdk/8.0.415/Sdks/Microsoft.SourceLink.GitLab/build/Microsoft.SourceLink.GitLab.targets" from project "/home/saidul/Desktop/K-Chief Marine Automation Platform/src/KChief.AlarmSystem/KChief.AlarmSystem.csproj" (target "_GenerateSourceLinkFile" depends on it):
   7:7>Building target "_InitializeGitLabSourceLinkUrl" completely.
   5:7>ResolveAssemblyReferences:
             This reference is not "CopyLocal" because at least one source item had "Private" set to "false" and no source items had "Private" set to "true".
   8:8>ResolveAssemblyReferences:
             The ImageRuntimeVersion for this reference is "".
   7:7>_InitializeGitLabSourceLinkUrl:
       No input files were specified.
   8:8>ResolveAssemblyReferences:
         Primary reference "System.Security.Cryptography.Primitives, Version=8.0.0.0, Culture=neutral, PublicKeyToken=b03f5f7f11d50a3a".
             Resolved file path is "/usr/share/dotnet/packs/Microsoft.NETCore.App.Ref/8.0.21/ref/net8.0/System.Security.Cryptography.Primitives.dll".
   7:7>Task "Microsoft.SourceLink.GitLab.GetSourceLinkUrl"
   8:8>ResolveAssemblyReferences:
             Reference found at search path location "{RawFileName}".
   5:7>ResolveAssemblyReferences:
             The ImageRuntimeVersion for this reference is "".
   8:8>ResolveAssemblyReferences:
             This reference is not "CopyLocal" because at least one source item had "Private" set to "false" and no source items had "Private" set to "true".
             The ImageRuntimeVersion for this reference is "".
         Primary reference "System.Security.Cryptography.X509Certificates, Version=8.0.0.0, Culture=neutral, PublicKeyToken=b03f5f7f11d50a3a".
   5:7>ResolveAssemblyReferences:
         Primary reference "System.Numerics.Vectors, Version=8.0.0.0, Culture=neutral, PublicKeyToken=b03f5f7f11d50a3a".
   8:8>ResolveAssemblyReferences:
             Resolved file path is "/usr/share/dotnet/packs/Microsoft.NETCore.App.Ref/8.0.21/ref/net8.0/System.Security.Cryptography.X509Certificates.dll".
             Reference found at search path location "{RawFileName}".
             This reference is not "CopyLocal" because at least one source item had "Private" set to "false" and no source items had "Private" set to "true".
             The ImageRuntimeVersion for this reference is "".
   5:7>ResolveAssemblyReferences:
             Resolved file path is "/usr/share/dotnet/packs/Microsoft.NETCore.App.Ref/8.0.21/ref/net8.0/System.Numerics.Vectors.dll".
   8:8>ResolveAssemblyReferences:
         Primary reference "System.Security.Cryptography, Version=8.0.0.0, Culture=neutral, PublicKeyToken=b03f5f7f11d50a3a".
             Resolved file path is "/usr/share/dotnet/packs/Microsoft.NETCore.App.Ref/8.0.21/ref/net8.0/System.Security.Cryptography.dll".
             Reference found at search path location "{RawFileName}".
             This reference is not "CopyLocal" because at least one source item had "Private" set to "false" and no source items had "Private" set to "true".
   5:7>ResolveAssemblyReferences:
             Reference found at search path location "{RawFileName}".
   8:8>ResolveAssemblyReferences:
             The ImageRuntimeVersion for this reference is "".
         Primary reference "System.Security.Principal.Windows, Version=8.0.0.0, Culture=neutral, PublicKeyToken=b03f5f7f11d50a3a".
             Resolved file path is "/usr/share/dotnet/packs/Microsoft.NETCore.App.Ref/8.0.21/ref/net8.0/System.Security.Principal.Windows.dll".
             Reference found at search path location "{RawFileName}".
   5:7>ResolveAssemblyReferences:
             This reference is not "CopyLocal" because at least one source item had "Private" set to "false" and no source items had "Private" set to "true".
   8:8>ResolveAssemblyReferences:
             This reference is not "CopyLocal" because at least one source item had "Private" set to "false" and no source items had "Private" set to "true".
             The ImageRuntimeVersion for this reference is "".
         Primary reference "System.Security.Principal, Version=8.0.0.0, Culture=neutral, PublicKeyToken=b03f5f7f11d50a3a".
   5:7>ResolveAssemblyReferences:
             The ImageRuntimeVersion for this reference is "".
   8:8>ResolveAssemblyReferences:
             Resolved file path is "/usr/share/dotnet/packs/Microsoft.NETCore.App.Ref/8.0.21/ref/net8.0/System.Security.Principal.dll".
             Reference found at search path location "{RawFileName}".
             This reference is not "CopyLocal" because at least one source item had "Private" set to "false" and no source items had "Private" set to "true".
             The ImageRuntimeVersion for this reference is "".
   5:7>ResolveAssemblyReferences:
         Primary reference "System.Numerics, Version=4.0.0.0, Culture=neutral, PublicKeyToken=b77a5c561934e089".
   8:8>ResolveAssemblyReferences:
         Primary reference "System.Security.SecureString, Version=8.0.0.0, Culture=neutral, PublicKeyToken=b03f5f7f11d50a3a".
             Resolved file path is "/usr/share/dotnet/packs/Microsoft.NETCore.App.Ref/8.0.21/ref/net8.0/System.Security.SecureString.dll".
             Reference found at search path location "{RawFileName}".
             This reference is not "CopyLocal" because at least one source item had "Private" set to "false" and no source items had "Private" set to "true".
   5:7>ResolveAssemblyReferences:
             Resolved file path is "/usr/share/dotnet/packs/Microsoft.NETCore.App.Ref/8.0.21/ref/net8.0/System.Numerics.dll".
   8:8>ResolveAssemblyReferences:
             The ImageRuntimeVersion for this reference is "".
         Primary reference "System.Security, Version=4.0.0.0, Culture=neutral, PublicKeyToken=b03f5f7f11d50a3a".
             Resolved file path is "/usr/share/dotnet/packs/Microsoft.NETCore.App.Ref/8.0.21/ref/net8.0/System.Security.dll".
   7:7>Done executing task "Microsoft.SourceLink.GitLab.GetSourceLinkUrl".
   8:8>ResolveAssemblyReferences:
             Reference found at search path location "{RawFileName}".
   5:7>ResolveAssemblyReferences:
             Reference found at search path location "{RawFileName}".
   8:8>ResolveAssemblyReferences:
             This reference is not "CopyLocal" because at least one source item had "Private" set to "false" and no source items had "Private" set to "true".
             The ImageRuntimeVersion for this reference is "".
         Primary reference "System.ServiceModel.Web, Version=4.0.0.0, Culture=neutral, PublicKeyToken=31bf3856ad364e35".
   5:7>ResolveAssemblyReferences:
             This reference is not "CopyLocal" because at least one source item had "Private" set to "false" and no source items had "Private" set to "true".
   8:8>ResolveAssemblyReferences:
             Resolved file path is "/usr/share/dotnet/packs/Microsoft.NETCore.App.Ref/8.0.21/ref/net8.0/System.ServiceModel.Web.dll".
             Reference found at search path location "{RawFileName}".
             This reference is not "CopyLocal" because at least one source item had "Private" set to "false" and no source items had "Private" set to "true".
   5:7>ResolveAssemblyReferences:
             The ImageRuntimeVersion for this reference is "".
   7:7>Done building target "_InitializeGitLabSourceLinkUrl" in project "KChief.AlarmSystem.csproj".
   8:8>ResolveAssemblyReferences:
             The ImageRuntimeVersion for this reference is "".
         Primary reference "System.ServiceProcess, Version=4.0.0.0, Culture=neutral, PublicKeyToken=b03f5f7f11d50a3a".
   7:7>Target "_InitializeAzureReposGitSourceLinkUrl" in file "/usr/share/dotnet/sdk/8.0.415/Sdks/Microsoft.SourceLink.AzureRepos.Git/build/Microsoft.SourceLink.AzureRepos.Git.targets" from project "/home/saidul/Desktop/K-Chief Marine Automation Platform/src/KChief.AlarmSystem/KChief.AlarmSystem.csproj" (target "_GenerateSourceLinkFile" depends on it):
   7:7>Building target "_InitializeAzureReposGitSourceLinkUrl" completely.
   5:7>ResolveAssemblyReferences:
         Primary reference "System.ObjectModel, Version=8.0.0.0, Culture=neutral, PublicKeyToken=b03f5f7f11d50a3a".
   8:8>ResolveAssemblyReferences:
             Resolved file path is "/usr/share/dotnet/packs/Microsoft.NETCore.App.Ref/8.0.21/ref/net8.0/System.ServiceProcess.dll".
   7:7>_InitializeAzureReposGitSourceLinkUrl:
       No input files were specified.
   8:8>ResolveAssemblyReferences:
             Reference found at search path location "{RawFileName}".
             This reference is not "CopyLocal" because at least one source item had "Private" set to "false" and no source items had "Private" set to "true".
   5:7>ResolveAssemblyReferences:
             Resolved file path is "/usr/share/dotnet/packs/Microsoft.NETCore.App.Ref/8.0.21/ref/net8.0/System.ObjectModel.dll".
   8:8>ResolveAssemblyReferences:
             The ImageRuntimeVersion for this reference is "".
         Primary reference "System.Text.Encoding.CodePages, Version=8.0.0.0, Culture=neutral, PublicKeyToken=b03f5f7f11d50a3a".
             Resolved file path is "/usr/share/dotnet/packs/Microsoft.NETCore.App.Ref/8.0.21/ref/net8.0/System.Text.Encoding.CodePages.dll".
             Reference found at search path location "{RawFileName}".
   5:7>ResolveAssemblyReferences:
             Reference found at search path location "{RawFileName}".
   8:8>ResolveAssemblyReferences:
             This reference is not "CopyLocal" because at least one source item had "Private" set to "false" and no source items had "Private" set to "true".
             The ImageRuntimeVersion for this reference is "".
         Primary reference "System.Text.Encoding.Extensions, Version=8.0.0.0, Culture=neutral, PublicKeyToken=b03f5f7f11d50a3a".
   5:7>ResolveAssemblyReferences:
             This reference is not "CopyLocal" because at least one source item had "Private" set to "false" and no source items had "Private" set to "true".
   8:8>ResolveAssemblyReferences:
             Resolved file path is "/usr/share/dotnet/packs/Microsoft.NETCore.App.Ref/8.0.21/ref/net8.0/System.Text.Encoding.Extensions.dll".
             Reference found at search path location "{RawFileName}".
             This reference is not "CopyLocal" because at least one source item had "Private" set to "false" and no source items had "Private" set to "true".
             The ImageRuntimeVersion for this reference is "".
   5:7>ResolveAssemblyReferences:
             The ImageRuntimeVersion for this reference is "".
   8:8>ResolveAssemblyReferences:
         Primary reference "System.Text.Encoding, Version=8.0.0.0, Culture=neutral, PublicKeyToken=b03f5f7f11d50a3a".
   7:7>_InitializeAzureReposGitSourceLinkUrl:
       Using "Microsoft.SourceLink.AzureRepos.Git.GetSourceLinkUrl" task from assembly "/usr/share/dotnet/sdk/8.0.415/Sdks/Microsoft.SourceLink.AzureRepos.Git/build/../tools/core/Microsoft.SourceLink.AzureRepos.Git.dll".
   8:8>ResolveAssemblyReferences:
             Resolved file path is "/usr/share/dotnet/packs/Microsoft.NETCore.App.Ref/8.0.21/ref/net8.0/System.Text.Encoding.dll".
             Reference found at search path location "{RawFileName}".
   7:7>Task "Microsoft.SourceLink.AzureRepos.Git.GetSourceLinkUrl"
   5:7>ResolveAssemblyReferences:
         Primary reference "System.Reflection.DispatchProxy, Version=8.0.0.0, Culture=neutral, PublicKeyToken=b03f5f7f11d50a3a".
   8:8>ResolveAssemblyReferences:
             This reference is not "CopyLocal" because at least one source item had "Private" set to "false" and no source items had "Private" set to "true".
             The ImageRuntimeVersion for this reference is "".
         Primary reference "System.Text.Encodings.Web, Version=8.0.0.0, Culture=neutral, PublicKeyToken=cc7b13ffcd2ddd51".
   5:7>ResolveAssemblyReferences:
             Resolved file path is "/usr/share/dotnet/packs/Microsoft.NETCore.App.Ref/8.0.21/ref/net8.0/System.Reflection.DispatchProxy.dll".
   7:7>Done executing task "Microsoft.SourceLink.AzureRepos.Git.GetSourceLinkUrl".
   8:8>ResolveAssemblyReferences:
             Resolved file path is "/usr/share/dotnet/packs/Microsoft.NETCore.App.Ref/8.0.21/ref/net8.0/System.Text.Encodings.Web.dll".
             Reference found at search path location "{RawFileName}".
             This reference is not "CopyLocal" because at least one source item had "Private" set to "false" and no source items had "Private" set to "true".
   5:7>ResolveAssemblyReferences:
             Reference found at search path location "{RawFileName}".
   8:8>ResolveAssemblyReferences:
             The ImageRuntimeVersion for this reference is "".
         Primary reference "System.Text.Json, Version=8.0.0.0, Culture=neutral, PublicKeyToken=cc7b13ffcd2ddd51".
   4:7>CoreGenerateAssemblyInfo:
         Emitted specified code into "obj/Release/net8.0/KChief.Protocols.Modbus.AssemblyInfo.cs".
   8:8>ResolveAssemblyReferences:
             Resolved file path is "/usr/share/dotnet/packs/Microsoft.NETCore.App.Ref/8.0.21/ref/net8.0/System.Text.Json.dll".
   5:7>ResolveAssemblyReferences:
             This reference is not "CopyLocal" because at least one source item had "Private" set to "false" and no source items had "Private" set to "true".
   8:8>ResolveAssemblyReferences:
             Reference found at search path location "{RawFileName}".
             This reference is not "CopyLocal" because at least one source item had "Private" set to "false" and no source items had "Private" set to "true".
             The ImageRuntimeVersion for this reference is "".
   5:7>ResolveAssemblyReferences:
             The ImageRuntimeVersion for this reference is "".
   8:8>ResolveAssemblyReferences:
         Primary reference "System.Text.RegularExpressions, Version=8.0.0.0, Culture=neutral, PublicKeyToken=b03f5f7f11d50a3a".
             Resolved file path is "/usr/share/dotnet/packs/Microsoft.NETCore.App.Ref/8.0.21/ref/net8.0/System.Text.RegularExpressions.dll".
             Reference found at search path location "{RawFileName}".
   5:7>ResolveAssemblyReferences:
         Primary reference "System.Reflection.Emit.ILGeneration, Version=8.0.0.0, Culture=neutral, PublicKeyToken=b03f5f7f11d50a3a".
   8:8>ResolveAssemblyReferences:
             This reference is not "CopyLocal" because at least one source item had "Private" set to "false" and no source items had "Private" set to "true".
             The ImageRuntimeVersion for this reference is "".
   7:7>Done building target "_InitializeAzureReposGitSourceLinkUrl" in project "KChief.AlarmSystem.csproj".
   8:8>ResolveAssemblyReferences:
         Primary reference "System.Threading.Channels, Version=8.0.0.0, Culture=neutral, PublicKeyToken=cc7b13ffcd2ddd51".
   5:7>ResolveAssemblyReferences:
             Resolved file path is "/usr/share/dotnet/packs/Microsoft.NETCore.App.Ref/8.0.21/ref/net8.0/System.Reflection.Emit.ILGeneration.dll".
   8:8>ResolveAssemblyReferences:
             Resolved file path is "/usr/share/dotnet/packs/Microsoft.NETCore.App.Ref/8.0.21/ref/net8.0/System.Threading.Channels.dll".
             Reference found at search path location "{RawFileName}".
   7:7>Target "_InitializeAzureReposGitSourceLinkUrl" in file "/usr/share/dotnet/sdk/8.0.415/Sdks/Microsoft.SourceLink.AzureRepos.Git/build/Microsoft.SourceLink.AzureRepos.Git.targets" from project "/home/saidul/Desktop/K-Chief Marine Automation Platform/src/KChief.AlarmSystem/KChief.AlarmSystem.csproj" (target "_GenerateSourceLinkFile" depends on it):
   7:7>Building target "_InitializeAzureReposGitSourceLinkUrl" completely.
   8:8>ResolveAssemblyReferences:
             This reference is not "CopyLocal" because at least one source item had "Private" set to "false" and no source items had "Private" set to "true".
   7:7>_InitializeAzureReposGitSourceLinkUrl:
       No input files were specified.
   5:7>ResolveAssemblyReferences:
             Reference found at search path location "{RawFileName}".
   8:8>ResolveAssemblyReferences:
             The ImageRuntimeVersion for this reference is "".
   7:7>Task "Microsoft.SourceLink.AzureRepos.Git.GetSourceLinkUrl"
   8:8>ResolveAssemblyReferences:
         Primary reference "System.Threading.Overlapped, Version=8.0.0.0, Culture=neutral, PublicKeyToken=b03f5f7f11d50a3a".
             Resolved file path is "/usr/share/dotnet/packs/Microsoft.NETCore.App.Ref/8.0.21/ref/net8.0/System.Threading.Overlapped.dll".
   5:7>ResolveAssemblyReferences:
             This reference is not "CopyLocal" because at least one source item had "Private" set to "false" and no source items had "Private" set to "true".
   8:8>ResolveAssemblyReferences:
             Reference found at search path location "{RawFileName}".
             This reference is not "CopyLocal" because at least one source item had "Private" set to "false" and no source items had "Private" set to "true".
   4:7>Done executing task "WriteCodeFragment".
   8:8>ResolveAssemblyReferences:
             The ImageRuntimeVersion for this reference is "".
   5:7>ResolveAssemblyReferences:
             The ImageRuntimeVersion for this reference is "".
   8:8>ResolveAssemblyReferences:
         Primary reference "System.Threading.Tasks.Dataflow, Version=8.0.0.0, Culture=neutral, PublicKeyToken=b03f5f7f11d50a3a".
             Resolved file path is "/usr/share/dotnet/packs/Microsoft.NETCore.App.Ref/8.0.21/ref/net8.0/System.Threading.Tasks.Dataflow.dll".
             Reference found at search path location "{RawFileName}".
   5:7>ResolveAssemblyReferences:
         Primary reference "System.Reflection.Emit.Lightweight, Version=8.0.0.0, Culture=neutral, PublicKeyToken=b03f5f7f11d50a3a".
   8:8>ResolveAssemblyReferences:
             This reference is not "CopyLocal" because at least one source item had "Private" set to "false" and no source items had "Private" set to "true".
             The ImageRuntimeVersion for this reference is "".
         Primary reference "System.Threading.Tasks.Extensions, Version=8.0.0.0, Culture=neutral, PublicKeyToken=cc7b13ffcd2ddd51".
   5:7>ResolveAssemblyReferences:
             Resolved file path is "/usr/share/dotnet/packs/Microsoft.NETCore.App.Ref/8.0.21/ref/net8.0/System.Reflection.Emit.Lightweight.dll".
   8:8>ResolveAssemblyReferences:
             Resolved file path is "/usr/share/dotnet/packs/Microsoft.NETCore.App.Ref/8.0.21/ref/net8.0/System.Threading.Tasks.Extensions.dll".
             Reference found at search path location "{RawFileName}".
             This reference is not "CopyLocal" because at least one source item had "Private" set to "false" and no source items had "Private" set to "true".
   5:7>ResolveAssemblyReferences:
             Reference found at search path location "{RawFileName}".
   8:8>ResolveAssemblyReferences:
             The ImageRuntimeVersion for this reference is "".
         Primary reference "System.Threading.Tasks.Parallel, Version=8.0.0.0, Culture=neutral, PublicKeyToken=b03f5f7f11d50a3a".
   4:7>Done building target "CoreGenerateAssemblyInfo" in project "KChief.Protocols.Modbus.csproj".
   8:8>ResolveAssemblyReferences:
             Resolved file path is "/usr/share/dotnet/packs/Microsoft.NETCore.App.Ref/8.0.21/ref/net8.0/System.Threading.Tasks.Parallel.dll".
   5:7>ResolveAssemblyReferences:
             This reference is not "CopyLocal" because at least one source item had "Private" set to "false" and no source items had "Private" set to "true".
             The ImageRuntimeVersion for this reference is "".
   8:8>ResolveAssemblyReferences:
             Reference found at search path location "{RawFileName}".
             This reference is not "CopyLocal" because at least one source item had "Private" set to "false" and no source items had "Private" set to "true".
             The ImageRuntimeVersion for this reference is "".
   5:7>ResolveAssemblyReferences:
         Primary reference "System.Reflection.Emit, Version=8.0.0.0, Culture=neutral, PublicKeyToken=b03f5f7f11d50a3a".
   8:8>ResolveAssemblyReferences:
         Primary reference "System.Threading.Tasks, Version=8.0.0.0, Culture=neutral, PublicKeyToken=b03f5f7f11d50a3a".
   4:7>Target "GenerateAssemblyInfo" in file "/usr/share/dotnet/sdk/8.0.415/Sdks/Microsoft.NET.Sdk/targets/Microsoft.NET.GenerateAssemblyInfo.targets" from project "/home/saidul/Desktop/K-Chief Marine Automation Platform/src/KChief.Protocols.Modbus/KChief.Protocols.Modbus.csproj" (target "BeforeCompile" depends on it):
   4:7>Done building target "GenerateAssemblyInfo" in project "KChief.Protocols.Modbus.csproj".
   8:8>ResolveAssemblyReferences:
             Resolved file path is "/usr/share/dotnet/packs/Microsoft.NETCore.App.Ref/8.0.21/ref/net8.0/System.Threading.Tasks.dll".
             Reference found at search path location "{RawFileName}".
             This reference is not "CopyLocal" because at least one source item had "Private" set to "false" and no source items had "Private" set to "true".
   5:7>ResolveAssemblyReferences:
             Resolved file path is "/usr/share/dotnet/packs/Microsoft.NETCore.App.Ref/8.0.21/ref/net8.0/System.Reflection.Emit.dll".
   4:7>Target "BeforeCompile" in file "/usr/share/dotnet/sdk/8.0.415/Microsoft.Common.CurrentVersion.targets" from project "/home/saidul/Desktop/K-Chief Marine Automation Platform/src/KChief.Protocols.Modbus/KChief.Protocols.Modbus.csproj" (target "Compile" depends on it):
   4:7>Done building target "BeforeCompile" in project "KChief.Protocols.Modbus.csproj".
   8:8>ResolveAssemblyReferences:
             The ImageRuntimeVersion for this reference is "".
   4:7>Target "_TimeStampBeforeCompile" skipped, due to false condition; ('$(RunPostBuildEvent)'=='OnOutputUpdated' or ('$(RegisterForComInterop)'=='true' and '$(OutputType)'=='library')) was evaluated as (''=='OnOutputUpdated' or (''=='true' and 'Library'=='library')).
   8:8>ResolveAssemblyReferences:
         Primary reference "System.Threading.Thread, Version=8.0.0.0, Culture=neutral, PublicKeyToken=b03f5f7f11d50a3a".
             Resolved file path is "/usr/share/dotnet/packs/Microsoft.NETCore.App.Ref/8.0.21/ref/net8.0/System.Threading.Thread.dll".
   4:7>Target "ResolveAssemblyReferences" skipped. Previously built successfully.
   8:8>ResolveAssemblyReferences:
             Reference found at search path location "{RawFileName}".
   5:7>ResolveAssemblyReferences:
             Reference found at search path location "{RawFileName}".
   8:8>ResolveAssemblyReferences:
             This reference is not "CopyLocal" because at least one source item had "Private" set to "false" and no source items had "Private" set to "true".
             The ImageRuntimeVersion for this reference is "".
         Primary reference "System.Threading.ThreadPool, Version=8.0.0.0, Culture=neutral, PublicKeyToken=b03f5f7f11d50a3a".
   5:7>ResolveAssemblyReferences:
             This reference is not "CopyLocal" because at least one source item had "Private" set to "false" and no source items had "Private" set to "true".
   8:8>ResolveAssemblyReferences:
             Resolved file path is "/usr/share/dotnet/packs/Microsoft.NETCore.App.Ref/8.0.21/ref/net8.0/System.Threading.ThreadPool.dll".
             Reference found at search path location "{RawFileName}".
   7:7>Done executing task "Microsoft.SourceLink.AzureRepos.Git.GetSourceLinkUrl".
   8:8>ResolveAssemblyReferences:
             This reference is not "CopyLocal" because at least one source item had "Private" set to "false" and no source items had "Private" set to "true".
   5:7>ResolveAssemblyReferences:
             The ImageRuntimeVersion for this reference is "".
   7:7>Done building target "_InitializeAzureReposGitSourceLinkUrl" in project "KChief.AlarmSystem.csproj".
   8:8>ResolveAssemblyReferences:
             The ImageRuntimeVersion for this reference is "".
         Primary reference "System.Threading.Timer, Version=8.0.0.0, Culture=neutral, PublicKeyToken=b03f5f7f11d50a3a".
   7:7>Target "_InitializeBitbucketGitSourceLinkUrl" in file "/usr/share/dotnet/sdk/8.0.415/Sdks/Microsoft.SourceLink.Bitbucket.Git/build/Microsoft.SourceLink.Bitbucket.Git.targets" from project "/home/saidul/Desktop/K-Chief Marine Automation Platform/src/KChief.AlarmSystem/KChief.AlarmSystem.csproj" (target "_GenerateSourceLinkFile" depends on it):
   7:7>Building target "_InitializeBitbucketGitSourceLinkUrl" completely.
   8:8>ResolveAssemblyReferences:
             Resolved file path is "/usr/share/dotnet/packs/Microsoft.NETCore.App.Ref/8.0.21/ref/net8.0/System.Threading.Timer.dll".
   5:7>ResolveAssemblyReferences:
         Primary reference "System.Reflection.Extensions, Version=8.0.0.0, Culture=neutral, PublicKeyToken=b03f5f7f11d50a3a".
   8:8>ResolveAssemblyReferences:
             Reference found at search path location "{RawFileName}".
   7:7>_InitializeBitbucketGitSourceLinkUrl:
       No input files were specified.
   8:8>ResolveAssemblyReferences:
             This reference is not "CopyLocal" because at least one source item had "Private" set to "false" and no source items had "Private" set to "true".
             The ImageRuntimeVersion for this reference is "".
   5:7>ResolveAssemblyReferences:
             Resolved file path is "/usr/share/dotnet/packs/Microsoft.NETCore.App.Ref/8.0.21/ref/net8.0/System.Reflection.Extensions.dll".
   8:8>ResolveAssemblyReferences:
         Primary reference "System.Threading, Version=8.0.0.0, Culture=neutral, PublicKeyToken=b03f5f7f11d50a3a".
             Resolved file path is "/usr/share/dotnet/packs/Microsoft.NETCore.App.Ref/8.0.21/ref/net8.0/System.Threading.dll".
             Reference found at search path location "{RawFileName}".
   5:7>ResolveAssemblyReferences:
             Reference found at search path location "{RawFileName}".
   8:8>ResolveAssemblyReferences:
             This reference is not "CopyLocal" because at least one source item had "Private" set to "false" and no source items had "Private" set to "true".
             The ImageRuntimeVersion for this reference is "".
         Primary reference "System.Transactions.Local, Version=8.0.0.0, Culture=neutral, PublicKeyToken=cc7b13ffcd2ddd51".
   5:7>ResolveAssemblyReferences:
             This reference is not "CopyLocal" because at least one source item had "Private" set to "false" and no source items had "Private" set to "true".
   8:8>ResolveAssemblyReferences:
             Resolved file path is "/usr/share/dotnet/packs/Microsoft.NETCore.App.Ref/8.0.21/ref/net8.0/System.Transactions.Local.dll".
   4:7>Target "_GenerateCompileDependencyCache" in file "/usr/share/dotnet/sdk/8.0.415/Microsoft.Common.CurrentVersion.targets" from project "/home/saidul/Desktop/K-Chief Marine Automation Platform/src/KChief.Protocols.Modbus/KChief.Protocols.Modbus.csproj" (target "Compile" depends on it):
   4:7>Task "Hash"
   8:8>ResolveAssemblyReferences:
             Reference found at search path location "{RawFileName}".
             This reference is not "CopyLocal" because at least one source item had "Private" set to "false" and no source items had "Private" set to "true".
   5:7>ResolveAssemblyReferences:
             The ImageRuntimeVersion for this reference is "".
   8:8>ResolveAssemblyReferences:
             The ImageRuntimeVersion for this reference is "".
   7:7>_InitializeBitbucketGitSourceLinkUrl:
       Using "Microsoft.SourceLink.Bitbucket.Git.GetSourceLinkUrl" task from assembly "/usr/share/dotnet/sdk/8.0.415/Sdks/Microsoft.SourceLink.Bitbucket.Git/build/../tools/core/Microsoft.SourceLink.Bitbucket.Git.dll".
   8:8>ResolveAssemblyReferences:
         Primary reference "System.Transactions, Version=4.0.0.0, Culture=neutral, PublicKeyToken=b77a5c561934e089".
   7:7>Task "Microsoft.SourceLink.Bitbucket.Git.GetSourceLinkUrl"
   8:8>ResolveAssemblyReferences:
             Resolved file path is "/usr/share/dotnet/packs/Microsoft.NETCore.App.Ref/8.0.21/ref/net8.0/System.Transactions.dll".
   5:7>ResolveAssemblyReferences:
         Primary reference "System.Reflection.Metadata, Version=8.0.0.0, Culture=neutral, PublicKeyToken=b03f5f7f11d50a3a".
   8:8>ResolveAssemblyReferences:
             Reference found at search path location "{RawFileName}".
             This reference is not "CopyLocal" because at least one source item had "Private" set to "false" and no source items had "Private" set to "true".
             The ImageRuntimeVersion for this reference is "".
   5:7>ResolveAssemblyReferences:
             Resolved file path is "/usr/share/dotnet/packs/Microsoft.NETCore.App.Ref/8.0.21/ref/net8.0/System.Reflection.Metadata.dll".
   8:8>ResolveAssemblyReferences:
         Primary reference "System.ValueTuple, Version=8.0.0.0, Culture=neutral, PublicKeyToken=cc7b13ffcd2ddd51".
             Resolved file path is "/usr/share/dotnet/packs/Microsoft.NETCore.App.Ref/8.0.21/ref/net8.0/System.ValueTuple.dll".
   5:7>ResolveAssemblyReferences:
             Reference found at search path location "{RawFileName}".
   8:8>ResolveAssemblyReferences:
             Reference found at search path location "{RawFileName}".
             This reference is not "CopyLocal" because at least one source item had "Private" set to "false" and no source items had "Private" set to "true".
             The ImageRuntimeVersion for this reference is "".
   5:7>ResolveAssemblyReferences:
             This reference is not "CopyLocal" because at least one source item had "Private" set to "false" and no source items had "Private" set to "true".
   8:8>ResolveAssemblyReferences:
         Primary reference "System.Web.HttpUtility, Version=8.0.0.0, Culture=neutral, PublicKeyToken=cc7b13ffcd2ddd51".
             Resolved file path is "/usr/share/dotnet/packs/Microsoft.NETCore.App.Ref/8.0.21/ref/net8.0/System.Web.HttpUtility.dll".
             Reference found at search path location "{RawFileName}".
             This reference is not "CopyLocal" because at least one source item had "Private" set to "false" and no source items had "Private" set to "true".
   5:7>ResolveAssemblyReferences:
             The ImageRuntimeVersion for this reference is "".
   8:8>ResolveAssemblyReferences:
             The ImageRuntimeVersion for this reference is "".
         Primary reference "System.Web, Version=4.0.0.0, Culture=neutral, PublicKeyToken=b03f5f7f11d50a3a".
             Resolved file path is "/usr/share/dotnet/packs/Microsoft.NETCore.App.Ref/8.0.21/ref/net8.0/System.Web.dll".
   5:7>ResolveAssemblyReferences:
         Primary reference "System.Reflection.Primitives, Version=8.0.0.0, Culture=neutral, PublicKeyToken=b03f5f7f11d50a3a".
   8:8>ResolveAssemblyReferences:
             Reference found at search path location "{RawFileName}".
             This reference is not "CopyLocal" because at least one source item had "Private" set to "false" and no source items had "Private" set to "true".
             The ImageRuntimeVersion for this reference is "".
         Primary reference "System.Windows, Version=4.0.0.0, Culture=neutral, PublicKeyToken=b03f5f7f11d50a3a".
   5:7>ResolveAssemblyReferences:
             Resolved file path is "/usr/share/dotnet/packs/Microsoft.NETCore.App.Ref/8.0.21/ref/net8.0/System.Reflection.Primitives.dll".
   8:8>ResolveAssemblyReferences:
             Resolved file path is "/usr/share/dotnet/packs/Microsoft.NETCore.App.Ref/8.0.21/ref/net8.0/System.Windows.dll".
             Reference found at search path location "{RawFileName}".
             This reference is not "CopyLocal" because at least one source item had "Private" set to "false" and no source items had "Private" set to "true".
             The ImageRuntimeVersion for this reference is "".
   5:7>ResolveAssemblyReferences:
             Reference found at search path location "{RawFileName}".
   8:8>ResolveAssemblyReferences:
         Primary reference "System.Xml.Linq, Version=4.0.0.0, Culture=neutral, PublicKeyToken=b77a5c561934e089".
             Resolved file path is "/usr/share/dotnet/packs/Microsoft.NETCore.App.Ref/8.0.21/ref/net8.0/System.Xml.Linq.dll".
             Reference found at search path location "{RawFileName}".
             This reference is not "CopyLocal" because at least one source item had "Private" set to "false" and no source items had "Private" set to "true".
   5:7>ResolveAssemblyReferences:
             This reference is not "CopyLocal" because at least one source item had "Private" set to "false" and no source items had "Private" set to "true".
   8:8>ResolveAssemblyReferences:
             The ImageRuntimeVersion for this reference is "".
         Primary reference "System.Xml.ReaderWriter, Version=8.0.0.0, Culture=neutral, PublicKeyToken=b03f5f7f11d50a3a".
             Resolved file path is "/usr/share/dotnet/packs/Microsoft.NETCore.App.Ref/8.0.21/ref/net8.0/System.Xml.ReaderWriter.dll".
             Reference found at search path location "{RawFileName}".
   5:7>ResolveAssemblyReferences:
             The ImageRuntimeVersion for this reference is "".
   8:8>ResolveAssemblyReferences:
             This reference is not "CopyLocal" because at least one source item had "Private" set to "false" and no source items had "Private" set to "true".
             The ImageRuntimeVersion for this reference is "".
         Primary reference "System.Xml.Serialization, Version=4.0.0.0, Culture=neutral, PublicKeyToken=b77a5c561934e089".
             Resolved file path is "/usr/share/dotnet/packs/Microsoft.NETCore.App.Ref/8.0.21/ref/net8.0/System.Xml.Serialization.dll".
   5:7>ResolveAssemblyReferences:
         Primary reference "System.Reflection.TypeExtensions, Version=8.0.0.0, Culture=neutral, PublicKeyToken=b03f5f7f11d50a3a".
   8:8>ResolveAssemblyReferences:
             Reference found at search path location "{RawFileName}".
             This reference is not "CopyLocal" because at least one source item had "Private" set to "false" and no source items had "Private" set to "true".
             The ImageRuntimeVersion for this reference is "".
         Primary reference "System.Xml.XDocument, Version=8.0.0.0, Culture=neutral, PublicKeyToken=b03f5f7f11d50a3a".
   5:7>ResolveAssemblyReferences:
             Resolved file path is "/usr/share/dotnet/packs/Microsoft.NETCore.App.Ref/8.0.21/ref/net8.0/System.Reflection.TypeExtensions.dll".
   8:8>ResolveAssemblyReferences:
             Resolved file path is "/usr/share/dotnet/packs/Microsoft.NETCore.App.Ref/8.0.21/ref/net8.0/System.Xml.XDocument.dll".
             Reference found at search path location "{RawFileName}".
             This reference is not "CopyLocal" because at least one source item had "Private" set to "false" and no source items had "Private" set to "true".
             The ImageRuntimeVersion for this reference is "".
   5:7>ResolveAssemblyReferences:
             Reference found at search path location "{RawFileName}".
   8:8>ResolveAssemblyReferences:
         Primary reference "System.Xml.XPath.XDocument, Version=8.0.0.0, Culture=neutral, PublicKeyToken=b03f5f7f11d50a3a".
             Resolved file path is "/usr/share/dotnet/packs/Microsoft.NETCore.App.Ref/8.0.21/ref/net8.0/System.Xml.XPath.XDocument.dll".
             Reference found at search path location "{RawFileName}".
             This reference is not "CopyLocal" because at least one source item had "Private" set to "false" and no source items had "Private" set to "true".
   5:7>ResolveAssemblyReferences:
             This reference is not "CopyLocal" because at least one source item had "Private" set to "false" and no source items had "Private" set to "true".
   8:8>ResolveAssemblyReferences:
             The ImageRuntimeVersion for this reference is "".
   7:7>Done executing task "Microsoft.SourceLink.Bitbucket.Git.GetSourceLinkUrl".
   8:8>ResolveAssemblyReferences:
         Primary reference "System.Xml.XPath, Version=8.0.0.0, Culture=neutral, PublicKeyToken=b03f5f7f11d50a3a".
   7:7>Done building target "_InitializeBitbucketGitSourceLinkUrl" in project "KChief.AlarmSystem.csproj".
   5:7>ResolveAssemblyReferences:
             The ImageRuntimeVersion for this reference is "".
   8:8>ResolveAssemblyReferences:
             Resolved file path is "/usr/share/dotnet/packs/Microsoft.NETCore.App.Ref/8.0.21/ref/net8.0/System.Xml.XPath.dll".
             Reference found at search path location "{RawFileName}".
   7:7>Target "_InitializeBitbucketGitSourceLinkUrl" in file "/usr/share/dotnet/sdk/8.0.415/Sdks/Microsoft.SourceLink.Bitbucket.Git/build/Microsoft.SourceLink.Bitbucket.Git.targets" from project "/home/saidul/Desktop/K-Chief Marine Automation Platform/src/KChief.AlarmSystem/KChief.AlarmSystem.csproj" (target "_GenerateSourceLinkFile" depends on it):
   7:7>Building target "_InitializeBitbucketGitSourceLinkUrl" completely.
   8:8>ResolveAssemblyReferences:
             This reference is not "CopyLocal" because at least one source item had "Private" set to "false" and no source items had "Private" set to "true".
   5:7>ResolveAssemblyReferences:
         Primary reference "System.Reflection, Version=8.0.0.0, Culture=neutral, PublicKeyToken=b03f5f7f11d50a3a".
   7:7>_InitializeBitbucketGitSourceLinkUrl:
       No input files were specified.
   8:8>ResolveAssemblyReferences:
             The ImageRuntimeVersion for this reference is "".
         Primary reference "System.Xml.XmlDocument, Version=8.0.0.0, Culture=neutral, PublicKeyToken=b03f5f7f11d50a3a".
   7:7>Task "Microsoft.SourceLink.Bitbucket.Git.GetSourceLinkUrl"
   8:8>ResolveAssemblyReferences:
             Resolved file path is "/usr/share/dotnet/packs/Microsoft.NETCore.App.Ref/8.0.21/ref/net8.0/System.Xml.XmlDocument.dll".
   7:7>Done executing task "Microsoft.SourceLink.Bitbucket.Git.GetSourceLinkUrl".
   5:7>ResolveAssemblyReferences:
             Resolved file path is "/usr/share/dotnet/packs/Microsoft.NETCore.App.Ref/8.0.21/ref/net8.0/System.Reflection.dll".
   8:8>ResolveAssemblyReferences:
             Reference found at search path location "{RawFileName}".
   7:7>Done building target "_InitializeBitbucketGitSourceLinkUrl" in project "KChief.AlarmSystem.csproj".
   8:8>ResolveAssemblyReferences:
             This reference is not "CopyLocal" because at least one source item had "Private" set to "false" and no source items had "Private" set to "true".
   4:7>Done executing task "Hash".
   8:8>ResolveAssemblyReferences:
             The ImageRuntimeVersion for this reference is "".
   7:7>Target "_GenerateSourceLinkFile" in file "/usr/share/dotnet/sdk/8.0.415/Sdks/Microsoft.SourceLink.Common/build/Microsoft.SourceLink.Common.targets" from project "/home/saidul/Desktop/K-Chief Marine Automation Platform/src/KChief.AlarmSystem/KChief.AlarmSystem.csproj" (target "GenerateSourceLinkFile" depends on it):
   7:7>Building target "_GenerateSourceLinkFile" completely.
   5:7>ResolveAssemblyReferences:
             Reference found at search path location "{RawFileName}".
   4:7>Task "WriteLinesToFile"
   8:8>ResolveAssemblyReferences:
         Primary reference "System.Xml.XmlSerializer, Version=8.0.0.0, Culture=neutral, PublicKeyToken=b03f5f7f11d50a3a".
   7:7>_GenerateSourceLinkFile:
       No input files were specified.
   8:8>ResolveAssemblyReferences:
             Resolved file path is "/usr/share/dotnet/packs/Microsoft.NETCore.App.Ref/8.0.21/ref/net8.0/System.Xml.XmlSerializer.dll".
             Reference found at search path location "{RawFileName}".
   5:7>ResolveAssemblyReferences:
             This reference is not "CopyLocal" because at least one source item had "Private" set to "false" and no source items had "Private" set to "true".
   8:8>ResolveAssemblyReferences:
             This reference is not "CopyLocal" because at least one source item had "Private" set to "false" and no source items had "Private" set to "true".
             The ImageRuntimeVersion for this reference is "".
         Primary reference "System.Xml, Version=4.0.0.0, Culture=neutral, PublicKeyToken=b77a5c561934e089".
   5:7>ResolveAssemblyReferences:
             The ImageRuntimeVersion for this reference is "".
   8:8>ResolveAssemblyReferences:
             Resolved file path is "/usr/share/dotnet/packs/Microsoft.NETCore.App.Ref/8.0.21/ref/net8.0/System.Xml.dll".
             Reference found at search path location "{RawFileName}".
             This reference is not "CopyLocal" because at least one source item had "Private" set to "false" and no source items had "Private" set to "true".
   5:7>ResolveAssemblyReferences:
         Primary reference "System.Resources.Reader, Version=8.0.0.0, Culture=neutral, PublicKeyToken=b03f5f7f11d50a3a".
   8:8>ResolveAssemblyReferences:
             The ImageRuntimeVersion for this reference is "".
         Primary reference "System, Version=4.0.0.0, Culture=neutral, PublicKeyToken=b77a5c561934e089".
             Resolved file path is "/usr/share/dotnet/packs/Microsoft.NETCore.App.Ref/8.0.21/ref/net8.0/System.dll".
   5:7>ResolveAssemblyReferences:
             Resolved file path is "/usr/share/dotnet/packs/Microsoft.NETCore.App.Ref/8.0.21/ref/net8.0/System.Resources.Reader.dll".
   8:8>ResolveAssemblyReferences:
             Reference found at search path location "{RawFileName}".
             This reference is not "CopyLocal" because at least one source item had "Private" set to "false" and no source items had "Private" set to "true".
             The ImageRuntimeVersion for this reference is "".
         Primary reference "WindowsBase, Version=4.0.0.0, Culture=neutral, PublicKeyToken=31bf3856ad364e35".
   5:7>ResolveAssemblyReferences:
             Reference found at search path location "{RawFileName}".
   8:8>ResolveAssemblyReferences:
             Resolved file path is "/usr/share/dotnet/packs/Microsoft.NETCore.App.Ref/8.0.21/ref/net8.0/WindowsBase.dll".
             Reference found at search path location "{RawFileName}".
             This reference is not "CopyLocal" because at least one source item had "Private" set to "false" and no source items had "Private" set to "true".
             The ImageRuntimeVersion for this reference is "".
   5:7>ResolveAssemblyReferences:
             This reference is not "CopyLocal" because at least one source item had "Private" set to "false" and no source items had "Private" set to "true".
   8:8>ResolveAssemblyReferences:
         Primary reference "mscorlib, Version=4.0.0.0, Culture=neutral, PublicKeyToken=b77a5c561934e089".
             Resolved file path is "/usr/share/dotnet/packs/Microsoft.NETCore.App.Ref/8.0.21/ref/net8.0/mscorlib.dll".
             Reference found at search path location "{RawFileName}".
             This reference is not "CopyLocal" because at least one source item had "Private" set to "false" and no source items had "Private" set to "true".
   5:7>ResolveAssemblyReferences:
             The ImageRuntimeVersion for this reference is "".
   8:8>ResolveAssemblyReferences:
             The ImageRuntimeVersion for this reference is "".
         Primary reference "netstandard, Version=2.1.0.0, Culture=neutral, PublicKeyToken=cc7b13ffcd2ddd51".
   5:7>ResolveAssemblyReferences:
         Primary reference "System.Resources.ResourceManager, Version=8.0.0.0, Culture=neutral, PublicKeyToken=b03f5f7f11d50a3a".
   8:8>ResolveAssemblyReferences:
             Resolved file path is "/usr/share/dotnet/packs/Microsoft.NETCore.App.Ref/8.0.21/ref/net8.0/netstandard.dll".
             Reference found at search path location "{RawFileName}".
             This reference is not "CopyLocal" because at least one source item had "Private" set to "false" and no source items had "Private" set to "true".
   5:7>ResolveAssemblyReferences:
             Resolved file path is "/usr/share/dotnet/packs/Microsoft.NETCore.App.Ref/8.0.21/ref/net8.0/System.Resources.ResourceManager.dll".
   8:8>ResolveAssemblyReferences:
             The ImageRuntimeVersion for this reference is "".
   7:7>_GenerateSourceLinkFile:
       Using "Microsoft.SourceLink.Common.GenerateSourceLinkFile" task from assembly "/usr/share/dotnet/sdk/8.0.415/Sdks/Microsoft.SourceLink.Common/build/../tools/core/Microsoft.SourceLink.Common.dll".
   8:8>Done executing task "ResolveAssemblyReference".
   5:7>ResolveAssemblyReferences:
             Reference found at search path location "{RawFileName}".
   8:8>Done building target "ResolveAssemblyReferences" in project "KChief.DataAccess.csproj".
   7:7>Task "Microsoft.SourceLink.Common.GenerateSourceLinkFile"
   8:8>Target "GenerateBindingRedirects" skipped, due to false condition; ('$(AutoGenerateBindingRedirects)' == 'true' and '$(GenerateBindingRedirectsOutputType)' == 'true' and '@(SuggestedBindingRedirects)' != '' and '$(DesignTimeBuild)' != 'true' and '$(BuildingProject)' == 'true') was evaluated as ('' == 'true' and '' == 'true' and '' != '' and '' != 'true' and 'true' == 'true').
   5:7>ResolveAssemblyReferences:
             This reference is not "CopyLocal" because at least one source item had "Private" set to "false" and no source items had "Private" set to "true".
   8:8>Target "GenerateSupportedRuntime" skipped, due to false condition; ('$(GenerateSupportedRuntime)' != 'false' and '$(TargetFrameworkIdentifier)' == '.NETFramework' and '$(HasRuntimeOutput)' == 'true') was evaluated as ('' != 'false' and '.NETCoreApp' == '.NETFramework' and '' == 'true').
       Target "GenerateBindingRedirectsUpdateAppConfig" skipped, due to false condition; ('$(AutoGenerateBindingRedirects)' == 'true' and '$(GenerateBindingRedirectsOutputType)' == 'true') was evaluated as ('' == 'true' and '' == 'true').
   5:7>ResolveAssemblyReferences:
             The ImageRuntimeVersion for this reference is "".
   8:8>Target "ResolveComReferences" skipped, due to false condition; ('@(COMReference)'!='' or '@(COMFileReference)'!='') was evaluated as (''!='' or ''!='').
   7:7>_GenerateSourceLinkFile:
         Updating Source Link file 'obj/Release/net8.0/KChief.AlarmSystem.sourcelink.json'.
   8:8>Target "AfterResolveReferences" in file "/usr/share/dotnet/sdk/8.0.415/Microsoft.Common.CurrentVersion.targets" from project "/home/saidul/Desktop/K-Chief Marine Automation Platform/src/KChief.DataAccess/KChief.DataAccess.csproj" (target "ResolveReferences" depends on it):
   8:8>Done building target "AfterResolveReferences" in project "KChief.DataAccess.csproj".
   5:7>ResolveAssemblyReferences:
         Primary reference "System.Resources.Writer, Version=8.0.0.0, Culture=neutral, PublicKeyToken=b03f5f7f11d50a3a".
   4:7>Done executing task "WriteLinesToFile".
   8:8>Target "ResolveReferences" in file "/usr/share/dotnet/sdk/8.0.415/Microsoft.Common.CurrentVersion.targets" from project "/home/saidul/Desktop/K-Chief Marine Automation Platform/src/KChief.DataAccess/KChief.DataAccess.csproj" (target "_BlockWinMDsOnUnsupportedTFMs" depends on it):
   8:8>Done building target "ResolveReferences" in project "KChief.DataAccess.csproj".
   5:7>ResolveAssemblyReferences:
             Resolved file path is "/usr/share/dotnet/packs/Microsoft.NETCore.App.Ref/8.0.21/ref/net8.0/System.Resources.Writer.dll".
   4:7>Done building target "_GenerateCompileDependencyCache" in project "KChief.Protocols.Modbus.csproj".
   8:8>Target "_BlockWinMDsOnUnsupportedTFMs" in file "/usr/share/dotnet/sdk/8.0.415/Sdks/Microsoft.NET.Sdk/targets/Microsoft.NET.Sdk.targets" from project "/home/saidul/Desktop/K-Chief Marine Automation Platform/src/KChief.DataAccess/KChief.DataAccess.csproj" (target "CoreBuild" depends on it):
   8:8>Using "CheckForUnsupportedWinMDReferences" task from assembly "/usr/share/dotnet/sdk/8.0.415/Sdks/Microsoft.NET.Sdk/targets/../tools/net8.0/Microsoft.NET.Build.Tasks.dll".
       Task "CheckForUnsupportedWinMDReferences"
   5:7>ResolveAssemblyReferences:
             Reference found at search path location "{RawFileName}".
   8:8>Done executing task "CheckForUnsupportedWinMDReferences".
       Task "NETSdkError" skipped, due to false condition; ('$(OutputType)' == 'winmdobj') was evaluated as ('Library' == 'winmdobj').
   8:8>Done building target "_BlockWinMDsOnUnsupportedTFMs" in project "KChief.DataAccess.csproj".
   5:7>ResolveAssemblyReferences:
             This reference is not "CopyLocal" because at least one source item had "Private" set to "false" and no source items had "Private" set to "true".
   8:8>Target "ResolveReferences" skipped. Previously built successfully.
       Target "ResolvePackageDependenciesForBuild" skipped. Previously built successfully.
   7:7>Done executing task "Microsoft.SourceLink.Common.GenerateSourceLinkFile".
   8:8>Target "_HandlePackageFileConflicts" skipped. Previously built successfully.
   5:7>ResolveAssemblyReferences:
             The ImageRuntimeVersion for this reference is "".
   7:7>Done building target "_GenerateSourceLinkFile" in project "KChief.AlarmSystem.csproj".
   8:8>Target "CopyAdditionalFiles" in file "/usr/share/dotnet/sdk/8.0.415/Roslyn/Microsoft.Managed.Core.targets" from project "/home/saidul/Desktop/K-Chief Marine Automation Platform/src/KChief.DataAccess/KChief.DataAccess.csproj" (target "AssignTargetPaths" depends on it):
   8:8>Done building target "CopyAdditionalFiles" in project "KChief.DataAccess.csproj".
   5:7>ResolveAssemblyReferences:
         Primary reference "System.Runtime.CompilerServices.Unsafe, Version=8.0.0.0, Culture=neutral, PublicKeyToken=b03f5f7f11d50a3a".
   8:8>Target "_ChooseAppHost" skipped, due to false condition; ('$(UseAppHost)' == 'true' and '$(_IsExecutable)' == 'true') was evaluated as ('' == 'true' and '' == 'true').
   7:7>Target "GenerateSourceLinkFile" in file "/usr/share/dotnet/sdk/8.0.415/Sdks/Microsoft.SourceLink.Common/build/Microsoft.SourceLink.Common.targets" from project "/home/saidul/Desktop/K-Chief Marine Automation Platform/src/KChief.AlarmSystem/KChief.AlarmSystem.csproj" (target "CoreCompile" depends on it):
   7:7>Done building target "GenerateSourceLinkFile" in project "KChief.AlarmSystem.csproj".
   8:8>Target "_GetComHostPaths" skipped, due to false condition; ('$(EnableComHosting)' == 'true' and '$(_IsExecutable)' != 'true') was evaluated as ('' == 'true' and '' != 'true').
       Target "_GetIjwHostPaths" skipped, due to false condition; ('$(UseIJWHost)' == 'true') was evaluated as ('' == 'true').
   5:7>ResolveAssemblyReferences:
             Resolved file path is "/usr/share/dotnet/packs/Microsoft.NETCore.App.Ref/8.0.21/ref/net8.0/System.Runtime.CompilerServices.Unsafe.dll".
   4:7>Target "_ComputeNonExistentFileProperty" skipped, due to false condition; (('$(BuildingInsideVisualStudio)' == 'true') and ('$(BuildingOutOfProcess)' != 'true') and (('$(BuildingProject)' == 'false') or ('$(UseHostCompilerIfAvailable)' == 'true'))) was evaluated as (('' == 'true') and ('' != 'true') and (('true' == 'false') or ('true' == 'true'))).
   8:8>Target "_ComputeNETCoreBuildOutputFiles" in file "/usr/share/dotnet/sdk/8.0.415/Sdks/Microsoft.NET.Sdk/targets/Microsoft.NET.Sdk.targets" from project "/home/saidul/Desktop/K-Chief Marine Automation Platform/src/KChief.DataAccess/KChief.DataAccess.csproj" (target "AssignTargetPaths" depends on it):
   8:8>Done building target "_ComputeNETCoreBuildOutputFiles" in project "KChief.DataAccess.csproj".
   5:7>ResolveAssemblyReferences:
             Reference found at search path location "{RawFileName}".
   8:8>Target "AssignTargetPaths" in file "/usr/share/dotnet/sdk/8.0.415/Microsoft.Common.CurrentVersion.targets" from project "/home/saidul/Desktop/K-Chief Marine Automation Platform/src/KChief.DataAccess/KChief.DataAccess.csproj" (target "PrepareResourceNames" depends on it):
   8:8>Using "AssignTargetPath" task from assembly "Microsoft.Build.Tasks.Core, Version=15.1.0.0, Culture=neutral, PublicKeyToken=b03f5f7f11d50a3a".
   4:7>Target "ResolveCodeAnalysisRuleSet" skipped, due to false condition; ('$(CodeAnalysisRuleSet)' != '') was evaluated as ('' != '').
   8:8>Task "AssignTargetPath"
       Done executing task "AssignTargetPath".
   5:7>ResolveAssemblyReferences:
             This reference is not "CopyLocal" because at least one source item had "Private" set to "false" and no source items had "Private" set to "true".
   8:8>Task "AssignTargetPath"
   7:7>Target "AddGlobalAnalyzerConfigForPackage_MicrosoftCodeAnalysisNetAnalyzers" in file "/usr/share/dotnet/sdk/8.0.415/Sdks/Microsoft.NET.Sdk/analyzers/build/Microsoft.CodeAnalysis.NetAnalyzers.targets" from project "/home/saidul/Desktop/K-Chief Marine Automation Platform/src/KChief.AlarmSystem/KChief.AlarmSystem.csproj" (target "CoreCompile" depends on it):
   7:7>Done building target "AddGlobalAnalyzerConfigForPackage_MicrosoftCodeAnalysisNetAnalyzers" in project "KChief.AlarmSystem.csproj".
   4:7>Target "ShimReferencePathsWhenCommonTargetsDoesNotUnderstandReferenceAssemblies" skipped, due to false condition; ('@(ReferencePathWithRefAssemblies)' == '') was evaluated as ('/home/saidul/.nuget/packages/fluentvalidation/11.9.0/lib/net8.0/FluentValidation.dll;/home/saidul/Desktop/K-Chief Marine Automation Platform/src/KChief.Platform.Core/obj/Release/net8.0/ref/KChief.Platform.Core.dll;/home/saidul/.nuget/packages/microsoft.aspnetcore.http.abstractions/2.2.0/lib/netstandard2.0/Microsoft.AspNetCore.Http.Abstractions.dll;...' == '').
   8:8>Done executing task "AssignTargetPath".
   5:7>ResolveAssemblyReferences:
             The ImageRuntimeVersion for this reference is "".
   8:8>Task "AssignTargetPath"
   7:7>Target "AddGlobalAnalyzerConfigForPackage_MicrosoftCodeAnalysisNetAnalyzersDesign" skipped, due to false condition; ('$(SkipGlobalAnalyzerConfigForPackage)' != 'true' and ('$(AnalysisLevelDesign)' != '' or '$(AnalysisModeDesign)' != '')) was evaluated as ('' != 'true' and ('' != '' or '' != '')).
   8:8>Done executing task "AssignTargetPath".
   7:7>Target "AddGlobalAnalyzerConfigForPackage_MicrosoftCodeAnalysisNetAnalyzersDocumentation" skipped, due to false condition; ('$(SkipGlobalAnalyzerConfigForPackage)' != 'true' and ('$(AnalysisLevelDocumentation)' != '' or '$(AnalysisModeDocumentation)' != '')) was evaluated as ('' != 'true' and ('' != '' or '' != '')).
   8:8>Task "AssignTargetPath"
   5:7>ResolveAssemblyReferences:
         Primary reference "System.Runtime.CompilerServices.VisualC, Version=8.0.0.0, Culture=neutral, PublicKeyToken=b03f5f7f11d50a3a".
   8:8>Done executing task "AssignTargetPath".
   7:7>Target "AddGlobalAnalyzerConfigForPackage_MicrosoftCodeAnalysisNetAnalyzersGlobalization" skipped, due to false condition; ('$(SkipGlobalAnalyzerConfigForPackage)' != 'true' and ('$(AnalysisLevelGlobalization)' != '' or '$(AnalysisModeGlobalization)' != '')) was evaluated as ('' != 'true' and ('' != '' or '' != '')).
   8:8>AssignTargetPaths:
       Task "AssignTargetPath" skipped, due to false condition; ('@(_DeploymentBaseManifestWithTargetPath)'=='' and '%(None.Extension)'=='.manifest') was evaluated as (''=='' and ''=='.manifest').
   7:7>Target "AddGlobalAnalyzerConfigForPackage_MicrosoftCodeAnalysisNetAnalyzersInteroperability" skipped, due to false condition; ('$(SkipGlobalAnalyzerConfigForPackage)' != 'true' and ('$(AnalysisLevelInteroperability)' != '' or '$(AnalysisModeInteroperability)' != '')) was evaluated as ('' != 'true' and ('' != '' or '' != '')).
   8:8>Done building target "AssignTargetPaths" in project "KChief.DataAccess.csproj".
   5:7>ResolveAssemblyReferences:
             Resolved file path is "/usr/share/dotnet/packs/Microsoft.NETCore.App.Ref/8.0.21/ref/net8.0/System.Runtime.CompilerServices.VisualC.dll".
   7:7>Target "AddGlobalAnalyzerConfigForPackage_MicrosoftCodeAnalysisNetAnalyzersMaintainability" skipped, due to false condition; ('$(SkipGlobalAnalyzerConfigForPackage)' != 'true' and ('$(AnalysisLevelMaintainability)' != '' or '$(AnalysisModeMaintainability)' != '')) was evaluated as ('' != 'true' and ('' != '' or '' != '')).
   8:8>Target "AssignTargetPaths" skipped. Previously built successfully.
   7:7>Target "AddGlobalAnalyzerConfigForPackage_MicrosoftCodeAnalysisNetAnalyzersNaming" skipped, due to false condition; ('$(SkipGlobalAnalyzerConfigForPackage)' != 'true' and ('$(AnalysisLevelNaming)' != '' or '$(AnalysisModeNaming)' != '')) was evaluated as ('' != 'true' and ('' != '' or '' != '')).
   5:7>ResolveAssemblyReferences:
             Reference found at search path location "{RawFileName}".
   7:7>Target "AddGlobalAnalyzerConfigForPackage_MicrosoftCodeAnalysisNetAnalyzersPerformance" skipped, due to false condition; ('$(SkipGlobalAnalyzerConfigForPackage)' != 'true' and ('$(AnalysisLevelPerformance)' != '' or '$(AnalysisModePerformance)' != '')) was evaluated as ('' != 'true' and ('' != '' or '' != '')).
   8:8>Target "SplitResourcesByCulture" in file "/usr/share/dotnet/sdk/8.0.415/Microsoft.Common.CurrentVersion.targets" from project "/home/saidul/Desktop/K-Chief Marine Automation Platform/src/KChief.DataAccess/KChief.DataAccess.csproj" (target "PrepareResourceNames" depends on it):
   8:8>Task "Warning" skipped, due to false condition; ('@(ResxWithNoCulture)'!='') was evaluated as (''!='').
       Task "Warning" skipped, due to false condition; ('@(ResxWithCulture)'!='') was evaluated as (''!='').
   7:7>Target "AddGlobalAnalyzerConfigForPackage_MicrosoftCodeAnalysisNetAnalyzersReliability" skipped, due to false condition; ('$(SkipGlobalAnalyzerConfigForPackage)' != 'true' and ('$(AnalysisLevelReliability)' != '' or '$(AnalysisModeReliability)' != '')) was evaluated as ('' != 'true' and ('' != '' or '' != '')).
   8:8>SplitResourcesByCulture:
       Task "Warning" skipped, due to false condition; ('@(NonResxWithCulture)'!='') was evaluated as (''!='').
   7:7>Target "AddGlobalAnalyzerConfigForPackage_MicrosoftCodeAnalysisNetAnalyzersSecurity" skipped, due to false condition; ('$(SkipGlobalAnalyzerConfigForPackage)' != 'true' and ('$(AnalysisLevelSecurity)' != '' or '$(AnalysisModeSecurity)' != '')) was evaluated as ('' != 'true' and ('' != '' or '' != '')).
   5:7>ResolveAssemblyReferences:
             This reference is not "CopyLocal" because at least one source item had "Private" set to "false" and no source items had "Private" set to "true".
   8:8>SplitResourcesByCulture:
       Task "Warning" skipped, due to false condition; ('@(NonResxWithNoCulture)'!='') was evaluated as (''!='').
   7:7>Target "AddGlobalAnalyzerConfigForPackage_MicrosoftCodeAnalysisNetAnalyzersUsage" skipped, due to false condition; ('$(SkipGlobalAnalyzerConfigForPackage)' != 'true' and ('$(AnalysisLevelUsage)' != '' or '$(AnalysisModeUsage)' != '')) was evaluated as ('' != 'true' and ('' != '' or '' != '')).
   8:8>SplitResourcesByCulture:
       Using "AssignCulture" task from assembly "Microsoft.Build.Tasks.Core, Version=15.1.0.0, Culture=neutral, PublicKeyToken=b03f5f7f11d50a3a".
   7:7>Target "_CodeAnalysisTreatWarningsAsErrors" skipped, due to false condition; ('$(DesignTimeBuild)' == 'true' OR '$(BuildingProject)' != 'true') was evaluated as ('' == 'true' OR 'true' != 'true').
   5:7>ResolveAssemblyReferences:
             The ImageRuntimeVersion for this reference is "".
   8:8>Task "AssignCulture"
       Done executing task "AssignCulture".
   8:8>Done building target "SplitResourcesByCulture" in project "KChief.DataAccess.csproj".
   7:7>Target "_ReportUpgradeNetAnalyzersNuGetWarning" in file "/usr/share/dotnet/sdk/8.0.415/Sdks/Microsoft.NET.Sdk/analyzers/build/Microsoft.CodeAnalysis.NetAnalyzers.targets" from project "/home/saidul/Desktop/K-Chief Marine Automation Platform/src/KChief.AlarmSystem/KChief.AlarmSystem.csproj" (target "CoreCompile" depends on it):
   7:7>Task "Warning" skipped, due to false condition; ('$(_NETAnalyzersNuGetAssemblyVersion)' != '' AND
                         '$(_NETAnalyzersSDKAssemblyVersion)' != '' AND
                          $(_NETAnalyzersNuGetAssemblyVersion) < $(_NETAnalyzersSDKAssemblyVersion)) was evaluated as ('' != '' AND
                         '8.0.0' != '' AND
                           < 8.0.0).
   5:7>ResolveAssemblyReferences:
         Primary reference "System.Runtime.Extensions, Version=8.0.0.0, Culture=neutral, PublicKeyToken=b03f5f7f11d50a3a".
   8:8>Target "CreateManifestResourceNames" skipped, due to false condition; ('@(EmbeddedResource)' != '') was evaluated as ('' != '').
   4:7>Target "_BeforeVBCSCoreCompile" in file "/usr/share/dotnet/sdk/8.0.415/Roslyn/Microsoft.Managed.Core.targets" from project "/home/saidul/Desktop/K-Chief Marine Automation Platform/src/KChief.Protocols.Modbus/KChief.Protocols.Modbus.csproj" (target "CoreCompile" depends on it):
   4:7>Done building target "_BeforeVBCSCoreCompile" in project "KChief.Protocols.Modbus.csproj".
   7:7>Done building target "_ReportUpgradeNetAnalyzersNuGetWarning" in project "KChief.AlarmSystem.csproj".
   8:8>Target "CreateCustomManifestResourceNames" in file "/usr/share/dotnet/sdk/8.0.415/Microsoft.Common.CurrentVersion.targets" from project "/home/saidul/Desktop/K-Chief Marine Automation Platform/src/KChief.DataAccess/KChief.DataAccess.csproj" (target "PrepareResourceNames" depends on it):
   8:8>Done building target "CreateCustomManifestResourceNames" in project "KChief.DataAccess.csproj".
   5:7>ResolveAssemblyReferences:
             Resolved file path is "/usr/share/dotnet/packs/Microsoft.NETCore.App.Ref/8.0.21/ref/net8.0/System.Runtime.Extensions.dll".
   4:7>Target "AdjustDefaultPlatformTargetForNetFrameworkExeWithNoNativeCopyLocalItems" skipped, due to false condition; ('$(_UsingDefaultPlatformTarget)' == 'true' and
                     '$(_UsingDefaultRuntimeIdentifier)' == 'true') was evaluated as ('true' == 'true' and
                     '' == 'true').
   8:8>Target "PrepareResourceNames" in file "/usr/share/dotnet/sdk/8.0.415/Microsoft.Common.CurrentVersion.targets" from project "/home/saidul/Desktop/K-Chief Marine Automation Platform/src/KChief.DataAccess/KChief.DataAccess.csproj" (target "PrepareResources" depends on it):
   8:8>Done building target "PrepareResourceNames" in project "KChief.DataAccess.csproj".
   5:7>ResolveAssemblyReferences:
             Reference found at search path location "{RawFileName}".
   8:8>Target "ResolveAssemblyReferences" skipped. Previously built successfully.
       Target "SplitResourcesByCulture" skipped. Previously built successfully.
   4:7>Target "_DisableDiagnosticTracing" skipped, due to false condition; ('$(DisableDiagnosticTracing)' == 'true') was evaluated as ('' == 'true').
   5:7>ResolveAssemblyReferences:
             This reference is not "CopyLocal" because at least one source item had "Private" set to "false" and no source items had "Private" set to "true".
   8:8>Target "BeforeResGen" in file "/usr/share/dotnet/sdk/8.0.415/Microsoft.Common.CurrentVersion.targets" from project "/home/saidul/Desktop/K-Chief Marine Automation Platform/src/KChief.DataAccess/KChief.DataAccess.csproj" (target "ResGen" depends on it):
   8:8>Done building target "BeforeResGen" in project "KChief.DataAccess.csproj".
       Target "ResolveReferences" skipped. Previously built successfully.
   4:7>Target "GenerateTargetPlatformDefineConstants" skipped, due to false condition; ( '$(DisableImplicitFrameworkDefines)' != 'true' and '$(TargetPlatformIdentifier)' != '' and '$(TargetFrameworkIdentifier)' == '.NETCoreApp' and $([MSBuild]::VersionGreaterThanOrEquals($(TargetFrameworkVersion), 5.0)) ) was evaluated as ( '' != 'true' and '' != '' and '.NETCoreApp' == '.NETCoreApp' and True ).
   5:7>ResolveAssemblyReferences:
             The ImageRuntimeVersion for this reference is "".
   8:8>Target "FindReferenceAssembliesForReferences" in file "/usr/share/dotnet/sdk/8.0.415/Microsoft.Common.CurrentVersion.targets" from project "/home/saidul/Desktop/K-Chief Marine Automation Platform/src/KChief.DataAccess/KChief.DataAccess.csproj" (target "CoreResGen" depends on it):
   8:8>Done building target "FindReferenceAssembliesForReferences" in project "KChief.DataAccess.csproj".
   5:7>ResolveAssemblyReferences:
         Primary reference "System.Runtime.Handles, Version=8.0.0.0, Culture=neutral, PublicKeyToken=b03f5f7f11d50a3a".
   8:8>Target "CoreResGen" in file "/usr/share/dotnet/sdk/8.0.415/Microsoft.Common.CurrentVersion.targets" from project "/home/saidul/Desktop/K-Chief Marine Automation Platform/src/KChief.DataAccess/KChief.DataAccess.csproj" (target "ResGen" depends on it):
   8:8>Task "GenerateResource" skipped, due to false condition; ('%(EmbeddedResource.Type)' == 'Resx' and '%(EmbeddedResource.GenerateResource)' != 'false' and '$(GenerateResourceMSBuildRuntime)' != 'CLR2') was evaluated as ('' == 'Resx' and '' != 'false' and 'CurrentRuntime' != 'CLR2').
       Task "GenerateResource" skipped, due to false condition; ('%(EmbeddedResource.Type)' == 'Resx' and '%(EmbeddedResource.GenerateResource)' != 'false' and '$(GenerateResourceMSBuildRuntime)' == 'CLR2') was evaluated as ('' == 'Resx' and '' != 'false' and 'CurrentRuntime' == 'CLR2').
   5:7>ResolveAssemblyReferences:
             Resolved file path is "/usr/share/dotnet/packs/Microsoft.NETCore.App.Ref/8.0.21/ref/net8.0/System.Runtime.Handles.dll".
   8:8>Done building target "CoreResGen" in project "KChief.DataAccess.csproj".
   7:7>Target "CoreCompile" in file "/usr/share/dotnet/sdk/8.0.415/Roslyn/Microsoft.CSharp.Core.targets" from project "/home/saidul/Desktop/K-Chief Marine Automation Platform/src/KChief.AlarmSystem/KChief.AlarmSystem.csproj" (target "Compile" depends on it):
   7:7>Building target "CoreCompile" completely.
   8:8>Target "AfterResGen" in file "/usr/share/dotnet/sdk/8.0.415/Microsoft.Common.CurrentVersion.targets" from project "/home/saidul/Desktop/K-Chief Marine Automation Platform/src/KChief.DataAccess/KChief.DataAccess.csproj" (target "ResGen" depends on it):
   8:8>Done building target "AfterResGen" in project "KChief.DataAccess.csproj".
   5:7>ResolveAssemblyReferences:
             Reference found at search path location "{RawFileName}".
   8:8>Target "ResGen" in file "/usr/share/dotnet/sdk/8.0.415/Microsoft.Common.CurrentVersion.targets" from project "/home/saidul/Desktop/K-Chief Marine Automation Platform/src/KChief.DataAccess/KChief.DataAccess.csproj" (target "PrepareResources" depends on it):
   8:8>Done building target "ResGen" in project "KChief.DataAccess.csproj".
   7:7>CoreCompile:
       Input file "obj/Release/net8.0/KChief.AlarmSystem.AssemblyInfo.cs" is newer than output file "obj/Release/net8.0/KChief.AlarmSystem.pdb".
   8:8>Target "CompileLicxFiles" skipped, due to false condition; ('@(_LicxFile)'!='') was evaluated as (''!='').
   5:7>ResolveAssemblyReferences:
             This reference is not "CopyLocal" because at least one source item had "Private" set to "false" and no source items had "Private" set to "true".
   8:8>Target "PrepareResources" in file "/usr/share/dotnet/sdk/8.0.415/Microsoft.Common.CurrentVersion.targets" from project "/home/saidul/Desktop/K-Chief Marine Automation Platform/src/KChief.DataAccess/KChief.DataAccess.csproj" (target "CoreBuild" depends on it):
   8:8>Done building target "PrepareResources" in project "KChief.DataAccess.csproj".
   5:7>ResolveAssemblyReferences:
             The ImageRuntimeVersion for this reference is "".
   8:8>Target "ResolveKeySource" skipped, due to false condition; ($(SignManifests) == 'true' or $(SignAssembly) == 'true') was evaluated as ( == 'true' or false == 'true').
   4:7>Target "GenerateNETCompatibleDefineConstants" in file "/usr/share/dotnet/sdk/8.0.415/Sdks/Microsoft.NET.Sdk/targets/Microsoft.NET.Sdk.BeforeCommon.targets" from project "/home/saidul/Desktop/K-Chief Marine Automation Platform/src/KChief.Protocols.Modbus/KChief.Protocols.Modbus.csproj" (target "AddImplicitDefineConstants" depends on it):
   4:7>Done building target "GenerateNETCompatibleDefineConstants" in project "KChief.Protocols.Modbus.csproj".
   8:8>Target "ResolveReferences" skipped. Previously built successfully.
   4:7>Target "GeneratePlatformCompatibleDefineConstants" skipped, due to false condition; ( '$(DisableImplicitFrameworkDefines)' != 'true' and '$(TargetPlatformIdentifier)' != '' and '$(TargetFrameworkIdentifier)' == '.NETCoreApp' and $([MSBuild]::VersionGreaterThanOrEquals($(TargetFrameworkVersion), 5.0)) ) was evaluated as ( '' != 'true' and '' != '' and '.NETCoreApp' == '.NETCoreApp' and True ).
   8:8>Target "ResolveKeySource" skipped, due to false condition; ($(SignManifests) == 'true' or $(SignAssembly) == 'true') was evaluated as ( == 'true' or false == 'true').
   5:7>ResolveAssemblyReferences:
         Primary reference "System.Runtime.InteropServices.JavaScript, Version=8.0.0.0, Culture=neutral, PublicKeyToken=b03f5f7f11d50a3a".
   4:7>Target "_DisableDiagnosticTracing" skipped, due to false condition; ('$(DisableDiagnosticTracing)' == 'true') was evaluated as ('' == 'true').
   8:8>Target "ResolveComReferences" skipped, due to false condition; ('@(COMReference)'!='' or '@(COMFileReference)'!='') was evaluated as (''!='' or ''!='').
       Target "ResolveNativeReferences" skipped, due to false condition; ('@(NativeReference)'!='') was evaluated as (''!='').
   5:7>ResolveAssemblyReferences:
             Resolved file path is "/usr/share/dotnet/packs/Microsoft.NETCore.App.Ref/8.0.21/ref/net8.0/System.Runtime.InteropServices.JavaScript.dll".
   8:8>Target "_SetExternalWin32ManifestProperties" skipped, due to false condition; ('$(GenerateClickOnceManifests)'=='true' or '@(NativeReference)'!='' or '@(ResolvedIsolatedComModules)'!='') was evaluated as (''=='true' or ''!='' or ''!='').
   4:7>Target "AddImplicitDefineConstants" in file "/usr/share/dotnet/sdk/8.0.415/Sdks/Microsoft.NET.Sdk/targets/Microsoft.NET.Sdk.BeforeCommon.targets" from project "/home/saidul/Desktop/K-Chief Marine Automation Platform/src/KChief.Protocols.Modbus/KChief.Protocols.Modbus.csproj" (target "CoreCompile" depends on it):
   4:7>Done building target "AddImplicitDefineConstants" in project "KChief.Protocols.Modbus.csproj".
       Target "ShimReferencePathsWhenCommonTargetsDoesNotUnderstandReferenceAssemblies" skipped, due to false condition; ('@(ReferencePathWithRefAssemblies)' == '') was evaluated as ('/home/saidul/.nuget/packages/fluentvalidation/11.9.0/lib/net8.0/FluentValidation.dll;/home/saidul/Desktop/K-Chief Marine Automation Platform/src/KChief.Platform.Core/obj/Release/net8.0/ref/KChief.Platform.Core.dll;/home/saidul/.nuget/packages/microsoft.aspnetcore.http.abstractions/2.2.0/lib/netstandard2.0/Microsoft.AspNetCore.Http.Abstractions.dll;...' == '').
   8:8>Target "_SetEmbeddedWin32ManifestProperties" in file "/usr/share/dotnet/sdk/8.0.415/Microsoft.Common.CurrentVersion.targets" from project "/home/saidul/Desktop/K-Chief Marine Automation Platform/src/KChief.DataAccess/KChief.DataAccess.csproj" (target "SetWin32ManifestProperties" depends on it):
   8:8>Using "GetFrameworkPath" task from assembly "Microsoft.Build.Tasks.Core, Version=15.1.0.0, Culture=neutral, PublicKeyToken=b03f5f7f11d50a3a".
   5:7>ResolveAssemblyReferences:
             Reference found at search path location "{RawFileName}".
   8:8>Task "GetFrameworkPath"
   4:7>Target "_ComputeSkipAnalyzers" in file "/usr/share/dotnet/sdk/8.0.415/Roslyn/Microsoft.Managed.Core.targets" from project "/home/saidul/Desktop/K-Chief Marine Automation Platform/src/KChief.Protocols.Modbus/KChief.Protocols.Modbus.csproj" (target "CoreCompile" depends on it):
   4:7>Task "ShowMessageForImplicitlySkipAnalyzers" skipped, due to false condition; ('$(_ImplicitlySkipAnalyzers)' == 'true') was evaluated as ('' == 'true').
   4:7>Done building target "_ComputeSkipAnalyzers" in project "KChief.Protocols.Modbus.csproj".
   8:8>Done executing task "GetFrameworkPath".
   8:8>Done building target "_SetEmbeddedWin32ManifestProperties" in project "KChief.DataAccess.csproj".
   5:7>ResolveAssemblyReferences:
             This reference is not "CopyLocal" because at least one source item had "Private" set to "false" and no source items had "Private" set to "true".
   4:7>Target "_SetPathMapFromSourceRoots" skipped, due to false condition; ('$(DeterministicSourcePaths)' == 'true') was evaluated as ('' == 'true').
       Target "CreateCompilerGeneratedFilesOutputPath" skipped, due to false condition; ('$(EmitCompilerGeneratedFiles)' == 'true' and !('$(DesignTimeBuild)' == 'true' OR '$(BuildingProject)' != 'true')) was evaluated as ('false' == 'true' and !('' == 'true' OR 'true' != 'true')).
   8:8>Target "SetWin32ManifestProperties" in file "/usr/share/dotnet/sdk/8.0.415/Microsoft.Common.CurrentVersion.targets" from project "/home/saidul/Desktop/K-Chief Marine Automation Platform/src/KChief.DataAccess/KChief.DataAccess.csproj" (target "Compile" depends on it):
   8:8>Done building target "SetWin32ManifestProperties" in project "KChief.DataAccess.csproj".
   4:7>Target "BeforeCompile" skipped. Previously built successfully.
   5:7>ResolveAssemblyReferences:
             The ImageRuntimeVersion for this reference is "".
   8:8>Target "_SetPreferNativeArm64Win32ManifestProperties" skipped, due to false condition; ( '$(PreferNativeArm64)'=='true' and '$(NoWin32Manifest)'!='true') was evaluated as ( ''=='true' and ''!='true').
   4:7>Target "InitializeSourceControlInformationFromSourceControlManager" skipped. Previously built successfully.
   8:8>Target "FindReferenceAssembliesForReferences" skipped. Previously built successfully.
   5:7>ResolveAssemblyReferences:
         Primary reference "System.Runtime.InteropServices.RuntimeInformation, Version=8.0.0.0, Culture=neutral, PublicKeyToken=b03f5f7f11d50a3a".
   8:8>Target "_GenerateCompileInputs" in file "/usr/share/dotnet/sdk/8.0.415/Microsoft.Common.CurrentVersion.targets" from project "/home/saidul/Desktop/K-Chief Marine Automation Platform/src/KChief.DataAccess/KChief.DataAccess.csproj" (target "Compile" depends on it):
   8:8>Task "Warning" skipped, due to false condition; ('@(ManifestResourceWithNoCulture)'!='' and '%(ManifestResourceWithNoCulture.EmittedForCompatibilityOnly)'=='') was evaluated as (''!='' and ''=='').
       Task "Warning" skipped, due to false condition; ('@(ManifestNonResxWithNoCultureOnDisk)'!='' and '%(ManifestNonResxWithNoCultureOnDisk.EmittedForCompatibilityOnly)'=='') was evaluated as (''!='' and ''=='').
   8:8>Done building target "_GenerateCompileInputs" in project "KChief.DataAccess.csproj".
   5:7>ResolveAssemblyReferences:
             Resolved file path is "/usr/share/dotnet/packs/Microsoft.NETCore.App.Ref/8.0.21/ref/net8.0/System.Runtime.InteropServices.RuntimeInformation.dll".
   8:8>Target "PrepareForBuild" skipped. Previously built successfully.
   8:8>Target "GenerateMSBuildEditorConfigFileShouldRun" in file "/usr/share/dotnet/sdk/8.0.415/Roslyn/Microsoft.Managed.Core.targets" from project "/home/saidul/Desktop/K-Chief Marine Automation Platform/src/KChief.DataAccess/KChief.DataAccess.csproj" (target "GenerateMSBuildEditorConfigFile" depends on it):
   8:8>Done building target "GenerateMSBuildEditorConfigFileShouldRun" in project "KChief.DataAccess.csproj".
   5:7>ResolveAssemblyReferences:
             Reference found at search path location "{RawFileName}".
   8:8>Target "GenerateMSBuildEditorConfigFileCore" in file "/usr/share/dotnet/sdk/8.0.415/Roslyn/Microsoft.Managed.Core.targets" from project "/home/saidul/Desktop/K-Chief Marine Automation Platform/src/KChief.DataAccess/KChief.DataAccess.csproj" (target "GenerateMSBuildEditorConfigFile" depends on it):
   8:8>Building target "GenerateMSBuildEditorConfigFileCore" completely.
       No input files were specified.
       Using "GenerateMSBuildEditorConfig" task from assembly "/usr/share/dotnet/sdk/8.0.415/Roslyn/Microsoft.Build.Tasks.CodeAnalysis.dll".
   5:7>ResolveAssemblyReferences:
             This reference is not "CopyLocal" because at least one source item had "Private" set to "false" and no source items had "Private" set to "true".
   8:8>Task "GenerateMSBuildEditorConfig"
       Done executing task "GenerateMSBuildEditorConfig".
   8:8>Done building target "GenerateMSBuildEditorConfigFileCore" in project "KChief.DataAccess.csproj".
   5:7>ResolveAssemblyReferences:
             The ImageRuntimeVersion for this reference is "".
   8:8>Target "GenerateMSBuildEditorConfigFile" in file "/usr/share/dotnet/sdk/8.0.415/Roslyn/Microsoft.Managed.Core.targets" from project "/home/saidul/Desktop/K-Chief Marine Automation Platform/src/KChief.DataAccess/KChief.DataAccess.csproj" (target "BeforeCompile" depends on it):
   8:8>Done building target "GenerateMSBuildEditorConfigFile" in project "KChief.DataAccess.csproj".
       Target "PrepareForBuild" skipped. Previously built successfully.
       Target "GetReferenceAssemblyPaths" skipped. Previously built successfully.
   5:7>ResolveAssemblyReferences:
         Primary reference "System.Runtime.InteropServices, Version=8.0.0.0, Culture=neutral, PublicKeyToken=b03f5f7f11d50a3a".
   8:8>Target "_SetTargetFrameworkMonikerAttribute" in file "/usr/share/dotnet/sdk/8.0.415/Microsoft.CSharp.CurrentVersion.targets" from project "/home/saidul/Desktop/K-Chief Marine Automation Platform/src/KChief.DataAccess/KChief.DataAccess.csproj" (target "GenerateTargetFrameworkMonikerAttribute" depends on it):
   8:8>Done building target "_SetTargetFrameworkMonikerAttribute" in project "KChief.DataAccess.csproj".
   8:8>Target "GenerateTargetFrameworkMonikerAttribute" in file "/usr/share/dotnet/sdk/8.0.415/Microsoft.Common.CurrentVersion.targets" from project "/home/saidul/Desktop/K-Chief Marine Automation Platform/src/KChief.DataAccess/KChief.DataAccess.csproj" (target "BeforeCompile" depends on it):
       Skipping target "GenerateTargetFrameworkMonikerAttribute" because all output files are up-to-date with respect to the input files.
   5:7>ResolveAssemblyReferences:
             Resolved file path is "/usr/share/dotnet/packs/Microsoft.NETCore.App.Ref/8.0.21/ref/net8.0/System.Runtime.InteropServices.dll".
   8:8>GenerateTargetFrameworkMonikerAttribute:
       Input files: /usr/share/dotnet/sdk/8.0.415/Microsoft.Common.targets
       Output files: obj/Release/net8.0/.NETCoreApp,Version=v8.0.AssemblyAttributes.cs
   5:7>ResolveAssemblyReferences:
             Reference found at search path location "{RawFileName}".
   8:8>Done building target "GenerateTargetFrameworkMonikerAttribute" in project "KChief.DataAccess.csproj".
   4:7>Target "SetEmbeddedFilesFromSourceControlManagerUntrackedFiles" in file "/usr/share/dotnet/sdk/8.0.415/Sdks/Microsoft.Build.Tasks.Git/build/Microsoft.Build.Tasks.Git.targets" from project "/home/saidul/Desktop/K-Chief Marine Automation Platform/src/KChief.Protocols.Modbus/KChief.Protocols.Modbus.csproj" (target "_SetEmbeddedFilesFromSourceControlManagerUntrackedFiles" depends on it):
   4:7>Using "Microsoft.Build.Tasks.Git.GetUntrackedFiles" task from assembly "/usr/share/dotnet/sdk/8.0.415/Sdks/Microsoft.Build.Tasks.Git/build/../tools/core/Microsoft.Build.Tasks.Git.dll".
   8:8>Target "GenerateAdditionalSources" skipped, due to false condition; ('@(AssemblyAttributes)' != '' and '$(GenerateAdditionalSources)' == 'true') was evaluated as ('' != '' and '' == 'true').
       Target "PrepareForBuild" skipped. Previously built successfully.
   5:7>ResolveAssemblyReferences:
             This reference is not "CopyLocal" because at least one source item had "Private" set to "false" and no source items had "Private" set to "true".
   4:7>Task "Microsoft.Build.Tasks.Git.GetUntrackedFiles"
   8:8>Target "GetAssemblyVersion" in file "/usr/share/dotnet/sdk/8.0.415/Sdks/Microsoft.NET.Sdk/targets/Microsoft.NET.GenerateAssemblyInfo.targets" from project "/home/saidul/Desktop/K-Chief Marine Automation Platform/src/KChief.DataAccess/KChief.DataAccess.csproj" (target "GetAssemblyAttributes" depends on it):
   8:8>Using "GetAssemblyVersion" task from assembly "/usr/share/dotnet/sdk/8.0.415/Sdks/Microsoft.NET.Sdk/targets/../tools/net8.0/Microsoft.NET.Build.Tasks.dll".
   5:7>ResolveAssemblyReferences:
             The ImageRuntimeVersion for this reference is "".
   8:8>Task "GetAssemblyVersion"
       Done executing task "GetAssemblyVersion".
   4:7>SetEmbeddedFilesFromSourceControlManagerUntrackedFiles:
         SourceLink: Reusing cached git repository information.
   8:8>Done building target "GetAssemblyVersion" in project "KChief.DataAccess.csproj".
   5:7>ResolveAssemblyReferences:
         Primary reference "System.Runtime.Intrinsics, Version=8.0.0.0, Culture=neutral, PublicKeyToken=cc7b13ffcd2ddd51".
   7:7>CoreCompile:
       Using "Csc" task from assembly "/usr/share/dotnet/sdk/8.0.415/Roslyn/Microsoft.Build.Tasks.CodeAnalysis.dll".
   8:8>Target "GetAssemblyVersion" skipped. Previously built successfully.
   8:8>Target "InitializeSourceControlInformationFromSourceControlManager" in file "/usr/share/dotnet/sdk/8.0.415/Sdks/Microsoft.Build.Tasks.Git/build/Microsoft.Build.Tasks.Git.targets" from project "/home/saidul/Desktop/K-Chief Marine Automation Platform/src/KChief.DataAccess/KChief.DataAccess.csproj" (target "_InitializeSourceControlInformationFromSourceControlManager" depends on it):
       Using "Microsoft.Build.Tasks.Git.LocateRepository" task from assembly "/usr/share/dotnet/sdk/8.0.415/Sdks/Microsoft.Build.Tasks.Git/build/../tools/core/Microsoft.Build.Tasks.Git.dll".
   5:7>ResolveAssemblyReferences:
             Resolved file path is "/usr/share/dotnet/packs/Microsoft.NETCore.App.Ref/8.0.21/ref/net8.0/System.Runtime.Intrinsics.dll".
   8:8>Task "Microsoft.Build.Tasks.Git.LocateRepository"
   7:7>Task "Csc"
   8:8>InitializeSourceControlInformationFromSourceControlManager:
         SourceLink: Repository instance not found in cache: '*:/home/saidul/Desktop/K-Chief Marine Automation Platform/.git'
       Done executing task "Microsoft.Build.Tasks.Git.LocateRepository".
   8:8>Done building target "InitializeSourceControlInformationFromSourceControlManager" in project "KChief.DataAccess.csproj".
   5:7>ResolveAssemblyReferences:
             Reference found at search path location "{RawFileName}".
   8:8>Target "_SourceLinkHasSingleProvider" in file "/usr/share/dotnet/sdk/8.0.415/Sdks/Microsoft.SourceLink.Common/build/InitializeSourceControlInformation.targets" from project "/home/saidul/Desktop/K-Chief Marine Automation Platform/src/KChief.DataAccess/KChief.DataAccess.csproj" (target "_InitializeSourceControlInformationFromSourceControlManager" depends on it):
   8:8>Using "Microsoft.SourceLink.Common.SourceLinkHasSingleProvider" task from assembly "/usr/share/dotnet/sdk/8.0.415/Sdks/Microsoft.SourceLink.Common/build/../tools/core/Microsoft.SourceLink.Common.dll".
       Task "Microsoft.SourceLink.Common.SourceLinkHasSingleProvider"
   5:7>ResolveAssemblyReferences:
             This reference is not "CopyLocal" because at least one source item had "Private" set to "false" and no source items had "Private" set to "true".
   8:8>Done executing task "Microsoft.SourceLink.Common.SourceLinkHasSingleProvider".
   8:8>Done building target "_SourceLinkHasSingleProvider" in project "KChief.DataAccess.csproj".
   5:7>ResolveAssemblyReferences:
             The ImageRuntimeVersion for this reference is "".
   8:8>Target "TranslateGitHubUrlsInSourceControlInformation" in file "/usr/share/dotnet/sdk/8.0.415/Sdks/Microsoft.SourceLink.GitHub/build/Microsoft.SourceLink.GitHub.targets" from project "/home/saidul/Desktop/K-Chief Marine Automation Platform/src/KChief.DataAccess/KChief.DataAccess.csproj" (target "_InitializeSourceControlInformationFromSourceControlManager" depends on it):
   8:8>Using "Microsoft.SourceLink.GitHub.TranslateRepositoryUrls" task from assembly "/usr/share/dotnet/sdk/8.0.415/Sdks/Microsoft.SourceLink.GitHub/build/../tools/core/Microsoft.SourceLink.GitHub.dll".
       Task "Microsoft.SourceLink.GitHub.TranslateRepositoryUrls"
   5:7>ResolveAssemblyReferences:
         Primary reference "System.Runtime.Loader, Version=8.0.0.0, Culture=neutral, PublicKeyToken=b03f5f7f11d50a3a".
   8:8>Done executing task "Microsoft.SourceLink.GitHub.TranslateRepositoryUrls".
   8:8>Done building target "TranslateGitHubUrlsInSourceControlInformation" in project "KChief.DataAccess.csproj".
   8:8>Target "TranslateGitLabUrlsInSourceControlInformation" in file "/usr/share/dotnet/sdk/8.0.415/Sdks/Microsoft.SourceLink.GitLab/build/Microsoft.SourceLink.GitLab.targets" from project "/home/saidul/Desktop/K-Chief Marine Automation Platform/src/KChief.DataAccess/KChief.DataAccess.csproj" (target "_InitializeSourceControlInformationFromSourceControlManager" depends on it):
       Using "Microsoft.SourceLink.GitLab.TranslateRepositoryUrls" task from assembly "/usr/share/dotnet/sdk/8.0.415/Sdks/Microsoft.SourceLink.GitLab/build/../tools/core/Microsoft.SourceLink.GitLab.dll".
   5:7>ResolveAssemblyReferences:
             Resolved file path is "/usr/share/dotnet/packs/Microsoft.NETCore.App.Ref/8.0.21/ref/net8.0/System.Runtime.Loader.dll".
   8:8>Task "Microsoft.SourceLink.GitLab.TranslateRepositoryUrls"
       Done executing task "Microsoft.SourceLink.GitLab.TranslateRepositoryUrls".
   8:8>Done building target "TranslateGitLabUrlsInSourceControlInformation" in project "KChief.DataAccess.csproj".
   5:7>ResolveAssemblyReferences:
             Reference found at search path location "{RawFileName}".
   8:8>Target "TranslateAzureReposGitUrlsInSourceControlInformation" in file "/usr/share/dotnet/sdk/8.0.415/Sdks/Microsoft.SourceLink.AzureRepos.Git/build/Microsoft.SourceLink.AzureRepos.Git.targets" from project "/home/saidul/Desktop/K-Chief Marine Automation Platform/src/KChief.DataAccess/KChief.DataAccess.csproj" (target "_InitializeSourceControlInformationFromSourceControlManager" depends on it):
   8:8>Using "Microsoft.SourceLink.AzureRepos.Git.TranslateRepositoryUrls" task from assembly "/usr/share/dotnet/sdk/8.0.415/Sdks/Microsoft.SourceLink.AzureRepos.Git/build/../tools/core/Microsoft.SourceLink.AzureRepos.Git.dll".
       Task "Microsoft.SourceLink.AzureRepos.Git.TranslateRepositoryUrls"
   5:7>ResolveAssemblyReferences:
             This reference is not "CopyLocal" because at least one source item had "Private" set to "false" and no source items had "Private" set to "true".
   8:8>Done executing task "Microsoft.SourceLink.AzureRepos.Git.TranslateRepositoryUrls".
   8:8>Done building target "TranslateAzureReposGitUrlsInSourceControlInformation" in project "KChief.DataAccess.csproj".
   5:7>ResolveAssemblyReferences:
             The ImageRuntimeVersion for this reference is "".
   8:8>Target "TranslateBitbucketGitUrlsInSourceControlInformation" in file "/usr/share/dotnet/sdk/8.0.415/Sdks/Microsoft.SourceLink.Bitbucket.Git/build/Microsoft.SourceLink.Bitbucket.Git.targets" from project "/home/saidul/Desktop/K-Chief Marine Automation Platform/src/KChief.DataAccess/KChief.DataAccess.csproj" (target "_InitializeSourceControlInformationFromSourceControlManager" depends on it):
   8:8>Using "Microsoft.SourceLink.Bitbucket.Git.TranslateRepositoryUrls" task from assembly "/usr/share/dotnet/sdk/8.0.415/Sdks/Microsoft.SourceLink.Bitbucket.Git/build/../tools/core/Microsoft.SourceLink.Bitbucket.Git.dll".
       Task "Microsoft.SourceLink.Bitbucket.Git.TranslateRepositoryUrls"
   5:7>ResolveAssemblyReferences:
         Primary reference "System.Runtime.Numerics, Version=8.0.0.0, Culture=neutral, PublicKeyToken=b03f5f7f11d50a3a".
   4:7>Done executing task "Microsoft.Build.Tasks.Git.GetUntrackedFiles".
   8:8>Done executing task "Microsoft.SourceLink.Bitbucket.Git.TranslateRepositoryUrls".
   8:8>Done building target "TranslateBitbucketGitUrlsInSourceControlInformation" in project "KChief.DataAccess.csproj".
   5:7>ResolveAssemblyReferences:
             Resolved file path is "/usr/share/dotnet/packs/Microsoft.NETCore.App.Ref/8.0.21/ref/net8.0/System.Runtime.Numerics.dll".
   8:8>Target "SourceControlManagerPublishTranslatedUrls" in file "/usr/share/dotnet/sdk/8.0.415/Sdks/Microsoft.SourceLink.Common/build/InitializeSourceControlInformation.targets" from project "/home/saidul/Desktop/K-Chief Marine Automation Platform/src/KChief.DataAccess/KChief.DataAccess.csproj" (target "_InitializeSourceControlInformationFromSourceControlManager" depends on it):
   8:8>Done building target "SourceControlManagerPublishTranslatedUrls" in project "KChief.DataAccess.csproj".
   4:7>Done building target "SetEmbeddedFilesFromSourceControlManagerUntrackedFiles" in project "KChief.Protocols.Modbus.csproj".
   5:7>ResolveAssemblyReferences:
             Reference found at search path location "{RawFileName}".
   8:8>Target "_InitializeSourceControlInformationFromSourceControlManager" in file "/usr/share/dotnet/sdk/8.0.415/Sdks/Microsoft.SourceLink.Common/build/InitializeSourceControlInformation.targets" from project "/home/saidul/Desktop/K-Chief Marine Automation Platform/src/KChief.DataAccess/KChief.DataAccess.csproj" (target "InitializeSourceControlInformation" depends on it):
   8:8>Done building target "_InitializeSourceControlInformationFromSourceControlManager" in project "KChief.DataAccess.csproj".
   5:7>ResolveAssemblyReferences:
             This reference is not "CopyLocal" because at least one source item had "Private" set to "false" and no source items had "Private" set to "true".
   8:8>Target "InitializeSourceControlInformation" in file "/usr/share/dotnet/sdk/8.0.415/Microsoft.Common.CurrentVersion.targets" from project "/home/saidul/Desktop/K-Chief Marine Automation Platform/src/KChief.DataAccess/KChief.DataAccess.csproj" (target "AddSourceRevisionToInformationalVersion" depends on it):
   8:8>Done building target "InitializeSourceControlInformation" in project "KChief.DataAccess.csproj".
   4:7>Target "_SetEmbeddedFilesFromSourceControlManagerUntrackedFiles" in file "/usr/share/dotnet/sdk/8.0.415/Sdks/Microsoft.SourceLink.Common/build/Microsoft.SourceLink.Common.targets" from project "/home/saidul/Desktop/K-Chief Marine Automation Platform/src/KChief.Protocols.Modbus/KChief.Protocols.Modbus.csproj" (target "CoreCompile" depends on it):
   4:7>Done building target "_SetEmbeddedFilesFromSourceControlManagerUntrackedFiles" in project "KChief.Protocols.Modbus.csproj".
   5:7>ResolveAssemblyReferences:
             The ImageRuntimeVersion for this reference is "".
   8:8>Target "AddSourceRevisionToInformationalVersion" in file "/usr/share/dotnet/sdk/8.0.415/Sdks/Microsoft.NET.Sdk/targets/Microsoft.NET.GenerateAssemblyInfo.targets" from project "/home/saidul/Desktop/K-Chief Marine Automation Platform/src/KChief.DataAccess/KChief.DataAccess.csproj" (target "GetAssemblyAttributes" depends on it):
   8:8>Done building target "AddSourceRevisionToInformationalVersion" in project "KChief.DataAccess.csproj".
       Target "_GetUserSecretsAssemblyAttribute" skipped, due to false condition; ( '$(UserSecretsId)' != '' AND '$(GenerateUserSecretsAttribute)' != 'false' AND '$(GeneratedUserSecretsAttributeFile)' == '' ) was evaluated as ( '' != '' AND '' != 'false' AND '' == '' ).
   5:7>ResolveAssemblyReferences:
         Primary reference "System.Runtime.Serialization.Formatters, Version=8.0.0.0, Culture=neutral, PublicKeyToken=b03f5f7f11d50a3a".
   8:8>Target "GetAssemblyAttributes" in file "/usr/share/dotnet/sdk/8.0.415/Sdks/Microsoft.NET.Sdk/targets/Microsoft.NET.GenerateAssemblyInfo.targets" from project "/home/saidul/Desktop/K-Chief Marine Automation Platform/src/KChief.DataAccess/KChief.DataAccess.csproj" (target "CreateGeneratedAssemblyInfoInputsCacheFile" depends on it):
   8:8>Done building target "GetAssemblyAttributes" in project "KChief.DataAccess.csproj".
   4:7>Target "InitializeSourceControlInformation" skipped. Previously built successfully.
   5:7>ResolveAssemblyReferences:
             Resolved file path is "/usr/share/dotnet/packs/Microsoft.NETCore.App.Ref/8.0.21/ref/net8.0/System.Runtime.Serialization.Formatters.dll".
   8:8>Target "CreateGeneratedAssemblyInfoInputsCacheFile" in file "/usr/share/dotnet/sdk/8.0.415/Sdks/Microsoft.NET.Sdk/targets/Microsoft.NET.GenerateAssemblyInfo.targets" from project "/home/saidul/Desktop/K-Chief Marine Automation Platform/src/KChief.DataAccess/KChief.DataAccess.csproj" (target "CoreGenerateAssemblyInfo" depends on it):
   8:8>Using "Hash" task from assembly "Microsoft.Build.Tasks.Core, Version=15.1.0.0, Culture=neutral, PublicKeyToken=b03f5f7f11d50a3a".
   5:7>ResolveAssemblyReferences:
             Reference found at search path location "{RawFileName}".
             This reference is not "CopyLocal" because at least one source item had "Private" set to "false" and no source items had "Private" set to "true".
   8:8>Task "Hash"
   5:7>ResolveAssemblyReferences:
             The ImageRuntimeVersion for this reference is "".
   8:8>Done executing task "Hash".
   5:7>ResolveAssemblyReferences:
         Primary reference "System.Runtime.Serialization.Json, Version=8.0.0.0, Culture=neutral, PublicKeyToken=b03f5f7f11d50a3a".
   8:8>Task "WriteLinesToFile"
       Done executing task "WriteLinesToFile".
   5:7>ResolveAssemblyReferences:
             Resolved file path is "/usr/share/dotnet/packs/Microsoft.NETCore.App.Ref/8.0.21/ref/net8.0/System.Runtime.Serialization.Json.dll".
   4:7>Target "_SetSourceLinkFilePath" in file "/usr/share/dotnet/sdk/8.0.415/Sdks/Microsoft.SourceLink.Common/build/Microsoft.SourceLink.Common.targets" from project "/home/saidul/Desktop/K-Chief Marine Automation Platform/src/KChief.Protocols.Modbus/KChief.Protocols.Modbus.csproj" (target "_GenerateSourceLinkFile" depends on it):
   4:7>Done building target "_SetSourceLinkFilePath" in project "KChief.Protocols.Modbus.csproj".
   8:8>Done building target "CreateGeneratedAssemblyInfoInputsCacheFile" in project "KChief.DataAccess.csproj".
   5:7>ResolveAssemblyReferences:
             Reference found at search path location "{RawFileName}".
             This reference is not "CopyLocal" because at least one source item had "Private" set to "false" and no source items had "Private" set to "true".
             The ImageRuntimeVersion for this reference is "".
   8:8>Target "CoreGenerateAssemblyInfo" in file "/usr/share/dotnet/sdk/8.0.415/Sdks/Microsoft.NET.Sdk/targets/Microsoft.NET.GenerateAssemblyInfo.targets" from project "/home/saidul/Desktop/K-Chief Marine Automation Platform/src/KChief.DataAccess/KChief.DataAccess.csproj" (target "GenerateAssemblyInfo" depends on it):
   8:8>Building target "CoreGenerateAssemblyInfo" completely.
   4:7>Target "InitializeSourceControlInformation" skipped. Previously built successfully.
   5:7>ResolveAssemblyReferences:
         Primary reference "System.Runtime.Serialization.Primitives, Version=8.0.0.0, Culture=neutral, PublicKeyToken=b03f5f7f11d50a3a".
   8:8>CoreGenerateAssemblyInfo:
       Input file "obj/Release/net8.0/KChief.DataAccess.AssemblyInfoInputs.cache" is newer than output file "obj/Release/net8.0/KChief.DataAccess.AssemblyInfo.cs".
       Using "WriteCodeFragment" task from assembly "Microsoft.Build.Tasks.Core, Version=15.1.0.0, Culture=neutral, PublicKeyToken=b03f5f7f11d50a3a".
   5:7>ResolveAssemblyReferences:
             Resolved file path is "/usr/share/dotnet/packs/Microsoft.NETCore.App.Ref/8.0.21/ref/net8.0/System.Runtime.Serialization.Primitives.dll".
             Reference found at search path location "{RawFileName}".
   8:8>Task "WriteCodeFragment"
   5:7>ResolveAssemblyReferences:
             This reference is not "CopyLocal" because at least one source item had "Private" set to "false" and no source items had "Private" set to "true".
   8:8>CoreGenerateAssemblyInfo:
         Emitted specified code into "obj/Release/net8.0/KChief.DataAccess.AssemblyInfo.cs".
   5:7>ResolveAssemblyReferences:
             The ImageRuntimeVersion for this reference is "".
   8:8>Done executing task "WriteCodeFragment".
   4:7>Target "_InitializeSourceRootMappedPathsFromSourceControl" in file "/usr/share/dotnet/sdk/8.0.415/Roslyn/Microsoft.Managed.Core.targets" from project "/home/saidul/Desktop/K-Chief Marine Automation Platform/src/KChief.Protocols.Modbus/KChief.Protocols.Modbus.csproj" (target "InitializeSourceRootMappedPaths" depends on it):
   4:7>Done building target "_InitializeSourceRootMappedPathsFromSourceControl" in project "KChief.Protocols.Modbus.csproj".
   5:7>ResolveAssemblyReferences:
         Primary reference "System.Runtime.Serialization.Xml, Version=8.0.0.0, Culture=neutral, PublicKeyToken=b03f5f7f11d50a3a".
   8:8>Done building target "CoreGenerateAssemblyInfo" in project "KChief.DataAccess.csproj".
   5:7>ResolveAssemblyReferences:
             Resolved file path is "/usr/share/dotnet/packs/Microsoft.NETCore.App.Ref/8.0.21/ref/net8.0/System.Runtime.Serialization.Xml.dll".
             Reference found at search path location "{RawFileName}".
   8:8>Target "GenerateAssemblyInfo" in file "/usr/share/dotnet/sdk/8.0.415/Sdks/Microsoft.NET.Sdk/targets/Microsoft.NET.GenerateAssemblyInfo.targets" from project "/home/saidul/Desktop/K-Chief Marine Automation Platform/src/KChief.DataAccess/KChief.DataAccess.csproj" (target "BeforeCompile" depends on it):
   8:8>Done building target "GenerateAssemblyInfo" in project "KChief.DataAccess.csproj".
   5:7>ResolveAssemblyReferences:
             This reference is not "CopyLocal" because at least one source item had "Private" set to "false" and no source items had "Private" set to "true".
             The ImageRuntimeVersion for this reference is "".
   8:8>Target "BeforeCompile" in file "/usr/share/dotnet/sdk/8.0.415/Microsoft.Common.CurrentVersion.targets" from project "/home/saidul/Desktop/K-Chief Marine Automation Platform/src/KChief.DataAccess/KChief.DataAccess.csproj" (target "Compile" depends on it):
   8:8>Done building target "BeforeCompile" in project "KChief.DataAccess.csproj".
   5:7>ResolveAssemblyReferences:
         Primary reference "System.Runtime.Serialization, Version=4.0.0.0, Culture=neutral, PublicKeyToken=b77a5c561934e089".
   8:8>Target "_TimeStampBeforeCompile" skipped, due to false condition; ('$(RunPostBuildEvent)'=='OnOutputUpdated' or ('$(RegisterForComInterop)'=='true' and '$(OutputType)'=='library')) was evaluated as (''=='OnOutputUpdated' or (''=='true' and 'Library'=='library')).
   4:7>Target "InitializeSourceRootMappedPaths" in file "/usr/share/dotnet/sdk/8.0.415/Roslyn/Microsoft.Managed.Core.targets" from project "/home/saidul/Desktop/K-Chief Marine Automation Platform/src/KChief.Protocols.Modbus/KChief.Protocols.Modbus.csproj" (target "_InitializeSourceRootMappedPathsOpt" depends on it):
   4:7>Using "Microsoft.CodeAnalysis.BuildTasks.MapSourceRoots" task from assembly "/usr/share/dotnet/sdk/8.0.415/Roslyn/Microsoft.Build.Tasks.CodeAnalysis.dll".
   5:7>ResolveAssemblyReferences:
             Resolved file path is "/usr/share/dotnet/packs/Microsoft.NETCore.App.Ref/8.0.21/ref/net8.0/System.Runtime.Serialization.dll".
   8:8>Target "ResolveAssemblyReferences" skipped. Previously built successfully.
   5:7>ResolveAssemblyReferences:
             Reference found at search path location "{RawFileName}".
             This reference is not "CopyLocal" because at least one source item had "Private" set to "false" and no source items had "Private" set to "true".
   8:8>Target "_GenerateCompileDependencyCache" in file "/usr/share/dotnet/sdk/8.0.415/Microsoft.Common.CurrentVersion.targets" from project "/home/saidul/Desktop/K-Chief Marine Automation Platform/src/KChief.DataAccess/KChief.DataAccess.csproj" (target "Compile" depends on it):
   8:8>Task "Hash"
   4:7>Task "Microsoft.CodeAnalysis.BuildTasks.MapSourceRoots"
   5:7>ResolveAssemblyReferences:
             The ImageRuntimeVersion for this reference is "".
   8:8>Done executing task "Hash".
   5:7>ResolveAssemblyReferences:
         Primary reference "System.Runtime, Version=8.0.0.0, Culture=neutral, PublicKeyToken=b03f5f7f11d50a3a".
   8:8>Task "WriteLinesToFile"
   5:7>ResolveAssemblyReferences:
             Resolved file path is "/usr/share/dotnet/packs/Microsoft.NETCore.App.Ref/8.0.21/ref/net8.0/System.Runtime.dll".
   4:7>Done executing task "Microsoft.CodeAnalysis.BuildTasks.MapSourceRoots".
   8:8>_GenerateCompileDependencyCache:
         Skipping write to file "obj/Release/net8.0/KChief.DataAccess.csproj.CoreCompileInputs.cache" because content would not change.
   5:7>ResolveAssemblyReferences:
             Reference found at search path location "{RawFileName}".
   8:8>Done executing task "WriteLinesToFile".
   5:7>ResolveAssemblyReferences:
             This reference is not "CopyLocal" because at least one source item had "Private" set to "false" and no source items had "Private" set to "true".
   8:8>Done building target "_GenerateCompileDependencyCache" in project "KChief.DataAccess.csproj".
   4:7>Done building target "InitializeSourceRootMappedPaths" in project "KChief.Protocols.Modbus.csproj".
   4:7>Target "_InitializeSourceRootMappedPathsOpt" in file "/usr/share/dotnet/sdk/8.0.415/Sdks/Microsoft.SourceLink.Common/build/Microsoft.SourceLink.Common.targets" from project "/home/saidul/Desktop/K-Chief Marine Automation Platform/src/KChief.Protocols.Modbus/KChief.Protocols.Modbus.csproj" (target "_GenerateSourceLinkFile" depends on it):
   4:7>Done building target "_InitializeSourceRootMappedPathsOpt" in project "KChief.Protocols.Modbus.csproj".
   5:7>ResolveAssemblyReferences:
             The ImageRuntimeVersion for this reference is "".
   8:8>Target "_ComputeNonExistentFileProperty" skipped, due to false condition; (('$(BuildingInsideVisualStudio)' == 'true') and ('$(BuildingOutOfProcess)' != 'true') and (('$(BuildingProject)' == 'false') or ('$(UseHostCompilerIfAvailable)' == 'true'))) was evaluated as (('' == 'true') and ('' != 'true') and (('true' == 'false') or ('true' == 'true'))).
   5:7>ResolveAssemblyReferences:
         Primary reference "System.Security.AccessControl, Version=8.0.0.0, Culture=neutral, PublicKeyToken=b03f5f7f11d50a3a".
             Resolved file path is "/usr/share/dotnet/packs/Microsoft.NETCore.App.Ref/8.0.21/ref/net8.0/System.Security.AccessControl.dll".
   8:8>Target "ResolveCodeAnalysisRuleSet" skipped, due to false condition; ('$(CodeAnalysisRuleSet)' != '') was evaluated as ('' != '').
   5:7>ResolveAssemblyReferences:
             Reference found at search path location "{RawFileName}".
   4:7>Target "_InitializeGitHubSourceLinkUrl" in file "/usr/share/dotnet/sdk/8.0.415/Sdks/Microsoft.SourceLink.GitHub/build/Microsoft.SourceLink.GitHub.targets" from project "/home/saidul/Desktop/K-Chief Marine Automation Platform/src/KChief.Protocols.Modbus/KChief.Protocols.Modbus.csproj" (target "_GenerateSourceLinkFile" depends on it):
   4:7>Building target "_InitializeGitHubSourceLinkUrl" completely.
   5:7>ResolveAssemblyReferences:
             This reference is not "CopyLocal" because at least one source item had "Private" set to "false" and no source items had "Private" set to "true".
   8:8>Target "ShimReferencePathsWhenCommonTargetsDoesNotUnderstandReferenceAssemblies" skipped, due to false condition; ('@(ReferencePathWithRefAssemblies)' == '') was evaluated as ('/home/saidul/.nuget/packages/azure.core/1.25.0/lib/net5.0/Azure.Core.dll;/home/saidul/.nuget/packages/azure.identity/1.7.0/lib/netstandard2.0/Azure.Identity.dll;/home/saidul/.nuget/packages/fluentvalidation/11.9.0/lib/net8.0/FluentValidation.dll;...' == '').
   5:7>ResolveAssemblyReferences:
             The ImageRuntimeVersion for this reference is "".
         Primary reference "System.Security.Claims, Version=8.0.0.0, Culture=neutral, PublicKeyToken=b03f5f7f11d50a3a".
   8:8>Target "_BeforeVBCSCoreCompile" in file "/usr/share/dotnet/sdk/8.0.415/Roslyn/Microsoft.Managed.Core.targets" from project "/home/saidul/Desktop/K-Chief Marine Automation Platform/src/KChief.DataAccess/KChief.DataAccess.csproj" (target "CoreCompile" depends on it):
   8:8>Done building target "_BeforeVBCSCoreCompile" in project "KChief.DataAccess.csproj".
   4:7>_InitializeGitHubSourceLinkUrl:
       No input files were specified.
   5:7>ResolveAssemblyReferences:
             Resolved file path is "/usr/share/dotnet/packs/Microsoft.NETCore.App.Ref/8.0.21/ref/net8.0/System.Security.Claims.dll".
   8:8>Target "AdjustDefaultPlatformTargetForNetFrameworkExeWithNoNativeCopyLocalItems" skipped, due to false condition; ('$(_UsingDefaultPlatformTarget)' == 'true' and
                     '$(_UsingDefaultRuntimeIdentifier)' == 'true') was evaluated as ('true' == 'true' and
                     '' == 'true').
   5:7>ResolveAssemblyReferences:
             Reference found at search path location "{RawFileName}".
   8:8>Target "_DisableDiagnosticTracing" skipped, due to false condition; ('$(DisableDiagnosticTracing)' == 'true') was evaluated as ('' == 'true').
   5:7>ResolveAssemblyReferences:
             This reference is not "CopyLocal" because at least one source item had "Private" set to "false" and no source items had "Private" set to "true".
   8:8>Target "GenerateTargetPlatformDefineConstants" skipped, due to false condition; ( '$(DisableImplicitFrameworkDefines)' != 'true' and '$(TargetPlatformIdentifier)' != '' and '$(TargetFrameworkIdentifier)' == '.NETCoreApp' and $([MSBuild]::VersionGreaterThanOrEquals($(TargetFrameworkVersion), 5.0)) ) was evaluated as ( '' != 'true' and '' != '' and '.NETCoreApp' == '.NETCoreApp' and True ).
   5:7>ResolveAssemblyReferences:
             The ImageRuntimeVersion for this reference is "".
   4:7>_InitializeGitHubSourceLinkUrl:
       Using "Microsoft.SourceLink.GitHub.GetSourceLinkUrl" task from assembly "/usr/share/dotnet/sdk/8.0.415/Sdks/Microsoft.SourceLink.GitHub/build/../tools/core/Microsoft.SourceLink.GitHub.dll".
   5:7>ResolveAssemblyReferences:
         Primary reference "System.Security.Cryptography.Algorithms, Version=8.0.0.0, Culture=neutral, PublicKeyToken=b03f5f7f11d50a3a".
             Resolved file path is "/usr/share/dotnet/packs/Microsoft.NETCore.App.Ref/8.0.21/ref/net8.0/System.Security.Cryptography.Algorithms.dll".
             Reference found at search path location "{RawFileName}".
   4:7>Task "Microsoft.SourceLink.GitHub.GetSourceLinkUrl"
   5:7>ResolveAssemblyReferences:
             This reference is not "CopyLocal" because at least one source item had "Private" set to "false" and no source items had "Private" set to "true".
             The ImageRuntimeVersion for this reference is "".
   4:7>Done executing task "Microsoft.SourceLink.GitHub.GetSourceLinkUrl".
   5:7>ResolveAssemblyReferences:
         Primary reference "System.Security.Cryptography.Cng, Version=8.0.0.0, Culture=neutral, PublicKeyToken=b03f5f7f11d50a3a".
             Resolved file path is "/usr/share/dotnet/packs/Microsoft.NETCore.App.Ref/8.0.21/ref/net8.0/System.Security.Cryptography.Cng.dll".
             Reference found at search path location "{RawFileName}".
             This reference is not "CopyLocal" because at least one source item had "Private" set to "false" and no source items had "Private" set to "true".
             The ImageRuntimeVersion for this reference is "".
         Primary reference "System.Security.Cryptography.Csp, Version=8.0.0.0, Culture=neutral, PublicKeyToken=b03f5f7f11d50a3a".
             Resolved file path is "/usr/share/dotnet/packs/Microsoft.NETCore.App.Ref/8.0.21/ref/net8.0/System.Security.Cryptography.Csp.dll".
             Reference found at search path location "{RawFileName}".
             This reference is not "CopyLocal" because at least one source item had "Private" set to "false" and no source items had "Private" set to "true".
             The ImageRuntimeVersion for this reference is "".
         Primary reference "System.Security.Cryptography.Encoding, Version=8.0.0.0, Culture=neutral, PublicKeyToken=b03f5f7f11d50a3a".
             Resolved file path is "/usr/share/dotnet/packs/Microsoft.NETCore.App.Ref/8.0.21/ref/net8.0/System.Security.Cryptography.Encoding.dll".
             Reference found at search path location "{RawFileName}".
             This reference is not "CopyLocal" because at least one source item had "Private" set to "false" and no source items had "Private" set to "true".
             The ImageRuntimeVersion for this reference is "".
         Primary reference "System.Security.Cryptography.OpenSsl, Version=8.0.0.0, Culture=neutral, PublicKeyToken=b03f5f7f11d50a3a".
             Resolved file path is "/usr/share/dotnet/packs/Microsoft.NETCore.App.Ref/8.0.21/ref/net8.0/System.Security.Cryptography.OpenSsl.dll".
             Reference found at search path location "{RawFileName}".
             This reference is not "CopyLocal" because at least one source item had "Private" set to "false" and no source items had "Private" set to "true".
   7:7>CoreCompile:
         /usr/share/dotnet/dotnet exec "/usr/share/dotnet/sdk/8.0.415/Roslyn/bincore/csc.dll" /noconfig /unsafe- /checked- /nowarn:1701,1702,1701,1702 /fullpaths /nostdlib+ /errorreport:prompt /warn:8 /define:TRACE;RELEASE;NET;NET8_0;NETCOREAPP;NET5_0_OR_GREATER;NET6_0_OR_GREATER;NET7_0_OR_GREATER;NET8_0_OR_GREATER;NETCOREAPP1_0_OR_GREATER;NETCOREAPP1_1_OR_GREATER;NETCOREAPP2_0_OR_GREATER;NETCOREAPP2_1_OR_GREATER;NETCOREAPP2_2_OR_GREATER;NETCOREAPP3_0_OR_GREATER;NETCOREAPP3_1_OR_GREATER /highentropyva+ /nullable:enable /reference:/home/saidul/.nuget/packages/fluentvalidation/11.9.0/lib/net8.0/FluentValidation.dll /reference:"/home/saidul/Desktop/K-Chief Marine Automation Platform/src/KChief.Platform.Core/obj/Release/net8.0/ref/KChief.Platform.Core.dll" /reference:/home/saidul/.nuget/packages/microsoft.aspnetcore.http.abstractions/2.2.0/lib/netstandard2.0/Microsoft.AspNetCore.Http.Abstractions.dll /reference:/home/saidul/.nuget/packages/microsoft.aspnetcore.http.features/2.2.0/lib/netstandard2.0/Microsoft.AspNetCore.Http.Features.dll /reference:/usr/share/dotnet/packs/Microsoft.NETCore.App.Ref/8.0.21/ref/net8.0/Microsoft.CSharp.dll /reference:/home/saidul/.nuget/packages/microsoft.extensions.configuration.abstractions/8.0.0/lib/net8.0/Microsoft.Extensions.Configuration.Abstractions.dll /reference:/home/saidul/.nuget/packages/microsoft.extensions.dependencyinjection.abstractions/8.0.0/lib/net8.0/Microsoft.Extensions.DependencyInjection.Abstractions.dll /reference:/home/saidul/.nuget/packages/microsoft.extensions.diagnostics.abstractions/8.0.0/lib/net8.0/Microsoft.Extensions.Diagnostics.Abstractions.dll /reference:/home/saidul/.nuget/packages/microsoft.extensions.fileproviders.abstractions/8.0.0/lib/net8.0/Microsoft.Extensions.FileProviders.Abstractions.dll /reference:/home/saidul/.nuget/packages/microsoft.extensions.hosting.abstractions/8.0.0/lib/net8.0/Microsoft.Extensions.Hosting.Abstractions.dll /reference:/home/saidul/.nuget/packages/microsoft.extensions.logging.abstractions/8.0.0/lib/net8.0/Microsoft.Extensions.Logging.Abstractions.dll /reference:/home/saidul/.nuget/packages/microsoft.extensions.options/8.0.0/lib/net8.0/Microsoft.Extensions.Options.dll /reference:/home/saidul/.nuget/packages/microsoft.extensions.primitives/8.0.0/lib/net8.0/Microsoft.Extensions.Primitives.dll /reference:/usr/share/dotnet/packs/Microsoft.NETCore.App.Ref/8.0.21/ref/net8.0/Microsoft.VisualBasic.Core.dll /reference:/usr/share/dotnet/packs/Microsoft.NETCore.App.Ref/8.0.21/ref/net8.0/Microsoft.VisualBasic.dll /reference:/usr/share/dotnet/packs/Microsoft.NETCore.App.Ref/8.0.21/ref/net8.0/Microsoft.Win32.Primitives.dll /reference:/usr/share/dotnet/packs/Microsoft.NETCore.App.Ref/8.0.21/ref/net8.0/Microsoft.Win32.Registry.dll /reference:/usr/share/dotnet/packs/Microsoft.NETCore.App.Ref/8.0.21/ref/net8.0/mscorlib.dll /reference:/usr/share/dotnet/packs/Microsoft.NETCore.App.Ref/8.0.21/ref/net8.0/netstandard.dll /reference:/home/saidul/.nuget/packages/polly.core/8.2.0/lib/net8.0/Polly.Core.dll /reference:/home/saidul/.nuget/packages/polly/8.2.0/lib/net6.0/Polly.dll /reference:/home/saidul/.nuget/packages/serilog/3.1.1/lib/net7.0/Serilog.dll /reference:/usr/share/dotnet/packs/Microsoft.NETCore.App.Ref/8.0.21/ref/net8.0/System.AppContext.dll /reference:/usr/share/dotnet/packs/Microsoft.NETCore.App.Ref/8.0.21/ref/net8.0/System.Buffers.dll /reference:/usr/share/dotnet/packs/Microsoft.NETCore.App.Ref/8.0.21/ref/net8.0/System.Collections.Concurrent.dll /reference:/usr/share/dotnet/packs/Microsoft.NETCore.App.Ref/8.0.21/ref/net8.0/System.Collections.dll /reference:/usr/share/dotnet/packs/Microsoft.NETCore.App.Ref/8.0.21/ref/net8.0/System.Collections.Immutable.dll /reference:/usr/share/dotnet/packs/Microsoft.NETCore.App.Ref/8.0.21/ref/net8.0/System.Collections.NonGeneric.dll /reference:/usr/share/dotnet/packs/Microsoft.NETCore.App.Ref/8.0.21/ref/net8.0/System.Collections.Specialized.dll /reference:/usr/share/dotnet/packs/Microsoft.NETCore.App.Ref/8.0.21/ref/net8.0/System.ComponentModel.Annotations.dll /reference:/usr/share/dotnet/packs/Microsoft.NETCore.App.Ref/8.0.21/ref/net8.0/System.ComponentModel.DataAnnotations.dll /reference:/usr/share/dotnet/packs/Microsoft.NETCore.App.Ref/8.0.21/ref/net8.0/System.ComponentModel.dll /reference:/usr/share/dotnet/packs/Microsoft.NETCore.App.Ref/8.0.21/ref/net8.0/System.ComponentModel.EventBasedAsync.dll /reference:/usr/share/dotnet/packs/Microsoft.NETCore.App.Ref/8.0.21/ref/net8.0/System.ComponentModel.Primitives.dll /reference:/usr/share/dotnet/packs/Microsoft.NETCore.App.Ref/8.0.21/ref/net8.0/System.ComponentModel.TypeConverter.dll /reference:/usr/share/dotnet/packs/Microsoft.NETCore.App.Ref/8.0.21/ref/net8.0/System.Configuration.dll /reference:/usr/share/dotnet/packs/Microsoft.NETCore.App.Ref/8.0.21/ref/net8.0/System.Console.dll /reference:/usr/share/dotnet/packs/Microsoft.NETCore.App.Ref/8.0.21/ref/net8.0/System.Core.dll /reference:/usr/share/dotnet/packs/Microsoft.NETCore.App.Ref/8.0.21/ref/net8.0/System.Data.Common.dll /reference:/usr/share/dotnet/packs/Microsoft.NETCore.App.Ref/8.0.21/ref/net8.0/System.Data.DataSetExtensions.dll /reference:/usr/share/dotnet/packs/Microsoft.NETCore.App.Ref/8.0.21/ref/net8.0/System.Data.dll /reference:/usr/share/dotnet/packs/Microsoft.NETCore.App.Ref/8.0.21/ref/net8.0/System.Diagnostics.Contracts.dll /reference:/usr/share/dotnet/packs/Microsoft.NETCore.App.Ref/8.0.21/ref/net8.0/System.Diagnostics.Debug.dll /reference:/usr/share/dotnet/packs/Microsoft.NETCore.App.Ref/8.0.21/ref/net8.0/System.Diagnostics.DiagnosticSource.dll /reference:/usr/share/dotnet/packs/Microsoft.NETCore.App.Ref/8.0.21/ref/net8.0/System.Diagnostics.FileVersionInfo.dll /reference:/usr/share/dotnet/packs/Microsoft.NETCore.App.Ref/8.0.21/ref/net8.0/System.Diagnostics.Process.dll /reference:/usr/share/dotnet/packs/Microsoft.NETCore.App.Ref/8.0.21/ref/net8.0/System.Diagnostics.StackTrace.dll /reference:/usr/share/dotnet/packs/Microsoft.NETCore.App.Ref/8.0.21/ref/net8.0/System.Diagnostics.TextWriterTraceListener.dll /reference:/usr/share/dotnet/packs/Microsoft.NETCore.App.Ref/8.0.21/ref/net8.0/System.Diagnostics.Tools.dll /reference:/usr/share/dotnet/packs/Microsoft.NETCore.App.Ref/8.0.21/ref/net8.0/System.Diagnostics.TraceSource.dll /reference:/usr/share/dotnet/packs/Microsoft.NETCore.App.Ref/8.0.21/ref/net8.0/System.Diagnostics.Tracing.dll /reference:/usr/share/dotnet/packs/Microsoft.NETCore.App.Ref/8.0.21/ref/net8.0/System.dll /reference:/usr/share/dotnet/packs/Microsoft.NETCore.App.Ref/8.0.21/ref/net8.0/System.Drawing.dll /reference:/usr/share/dotnet/packs/Microsoft.NETCore.App.Ref/8.0.21/ref/net8.0/System.Drawing.Primitives.dll /reference:/usr/share/dotnet/packs/Microsoft.NETCore.App.Ref/8.0.21/ref/net8.0/System.Dynamic.Runtime.dll /reference:/usr/share/dotnet/packs/Microsoft.NETCore.App.Ref/8.0.21/ref/net8.0/System.Formats.Asn1.dll /reference:/usr/share/dotnet/packs/Microsoft.NETCore.App.Ref/8.0.21/ref/net8.0/System.Formats.Tar.dll /reference:/usr/share/dotnet/packs/Microsoft.NETCore.App.Ref/8.0.21/ref/net8.0/System.Globalization.Calendars.dll /reference:/usr/share/dotnet/packs/Microsoft.NETCore.App.Ref/8.0.21/ref/net8.0/System.Globalization.dll /reference:/usr/share/dotnet/packs/Microsoft.NETCore.App.Ref/8.0.21/ref/net8.0/System.Globalization.Extensions.dll /reference:/usr/share/dotnet/packs/Microsoft.NETCore.App.Ref/8.0.21/ref/net8.0/System.IO.Compression.Brotli.dll /reference:/usr/share/dotnet/packs/Microsoft.NETCore.App.Ref/8.0.21/ref/net8.0/System.IO.Compression.dll /reference:/usr/share/dotnet/packs/Microsoft.NETCore.App.Ref/8.0.21/ref/net8.0/System.IO.Compression.FileSystem.dll /reference:/usr/share/dotnet/packs/Microsoft.NETCore.App.Ref/8.0.21/ref/net8.0/System.IO.Compression.ZipFile.dll /reference:/usr/share/dotnet/packs/Microsoft.NETCore.App.Ref/8.0.21/ref/net8.0/System.IO.dll /reference:/usr/share/dotnet/packs/Microsoft.NETCore.App.Ref/8.0.21/ref/net8.0/System.IO.FileSystem.AccessControl.dll /reference:/usr/share/dotnet/packs/Microsoft.NETCore.App.Ref/8.0.21/ref/net8.0/System.IO.FileSystem.dll /reference:/usr/share/dotnet/packs/Microsoft.NETCore.App.Ref/8.0.21/ref/net8.0/System.IO.FileSystem.DriveInfo.dll /reference:/usr/share/dotnet/packs/Microsoft.NETCore.App.Ref/8.0.21/ref/net8.0/System.IO.FileSystem.Primitives.dll /reference:/usr/share/dotnet/packs/Microsoft.NETCore.App.Ref/8.0.21/ref/net8.0/System.IO.FileSystem.Watcher.dll /reference:/usr/share/dotnet/packs/Microsoft.NETCore.App.Ref/8.0.21/ref/net8.0/System.IO.IsolatedStorage.dll /reference:/usr/share/dotnet/packs/Microsoft.NETCore.App.Ref/8.0.21/ref/net8.0/System.IO.MemoryMappedFiles.dll /reference:/usr/share/dotnet/packs/Microsoft.NETCore.App.Ref/8.0.21/ref/net8.0/System.IO.Pipes.AccessControl.dll /reference:/usr/share/dotnet/packs/Microsoft.NETCore.App.Ref/8.0.21/ref/net8.0/System.IO.Pipes.dll /reference:/usr/share/dotnet/packs/Microsoft.NETCore.App.Ref/8.0.21/ref/net8.0/System.IO.UnmanagedMemoryStream.dll /reference:/usr/share/dotnet/packs/Microsoft.NETCore.App.Ref/8.0.21/ref/net8.0/System.Linq.dll /reference:/usr/share/dotnet/packs/Microsoft.NETCore.App.Ref/8.0.21/ref/net8.0/System.Linq.Expressions.dll /reference:/usr/share/dotnet/packs/Microsoft.NETCore.App.Ref/8.0.21/ref/net8.0/System.Linq.Parallel.dll /reference:/usr/share/dotnet/packs/Microsoft.NETCore.App.Ref/8.0.21/ref/net8.0/System.Linq.Queryable.dll /reference:/usr/share/dotnet/packs/Microsoft.NETCore.App.Ref/8.0.21/ref/net8.0/System.Memory.dll /reference:/usr/share/dotnet/packs/Microsoft.NETCore.App.Ref/8.0.21/ref/net8.0/System.Net.dll /reference:/usr/share/dotnet/packs/Microsoft.NETCore.App.Ref/8.0.21/ref/net8.0/System.Net.Http.dll /reference:/usr/share/dotnet/packs/Microsoft.NETCore.App.Ref/8.0.21/ref/net8.0/System.Net.Http.Json.dll /reference:/usr/share/dotnet/packs/Microsoft.NETCore.App.Ref/8.0.21/ref/net8.0/System.Net.HttpListener.dll /reference:/usr/share/dotnet/packs/Microsoft.NETCore.App.Ref/8.0.21/ref/net8.0/System.Net.Mail.dll /reference:/usr/share/dotnet/packs/Microsoft.NETCore.App.Ref/8.0.21/ref/net8.0/System.Net.NameResolution.dll /reference:/usr/share/dotnet/packs/Microsoft.NETCore.App.Ref/8.0.21/ref/net8.0/System.Net.NetworkInformation.dll /reference:/usr/share/dotnet/packs/Microsoft.NETCore.App.Ref/8.0.21/ref/net8.0/System.Net.Ping.dll /reference:/usr/share/dotnet/packs/Microsoft.NETCore.App.Ref/8.0.21/ref/net8.0/System.Net.Primitives.dll /reference:/usr/share/dotnet/packs/Microsoft.NETCore.App.Ref/8.0.21/ref/net8.0/System.Net.Quic.dll /reference:/usr/share/dotnet/packs/Microsoft.NETCore.App.Ref/8.0.21/ref/net8.0/System.Net.Requests.dll /reference:/usr/share/dotnet/packs/Microsoft.NETCore.App.Ref/8.0.21/ref/net8.0/System.Net.Security.dll /reference:/usr/share/dotnet/packs/Microsoft.NETCore.App.Ref/8.0.21/ref/net8.0/System.Net.ServicePoint.dll /reference:/usr/share/dotnet/packs/Microsoft.NETCore.App.Ref/8.0.21/ref/net8.0/System.Net.Sockets.dll /reference:/usr/share/dotnet/packs/Microsoft.NETCore.App.Ref/8.0.21/ref/net8.0/System.Net.WebClient.dll /reference:/usr/share/dotnet/packs/Microsoft.NETCore.App.Ref/8.0.21/ref/net8.0/System.Net.WebHeaderCollection.dll /reference:/usr/share/dotnet/packs/Microsoft.NETCore.App.Ref/8.0.21/ref/net8.0/System.Net.WebProxy.dll /reference:/usr/share/dotnet/packs/Microsoft.NETCore.App.Ref/8.0.21/ref/net8.0/System.Net.WebSockets.Client.dll /reference:/usr/share/dotnet/packs/Microsoft.NETCore.App.Ref/8.0.21/ref/net8.0/System.Net.WebSockets.dll /reference:/usr/share/dotnet/packs/Microsoft.NETCore.App.Ref/8.0.21/ref/net8.0/System.Numerics.dll /reference:/usr/share/dotnet/packs/Microsoft.NETCore.App.Ref/8.0.21/ref/net8.0/System.Numerics.Vectors.dll /reference:/usr/share/dotnet/packs/Microsoft.NETCore.App.Ref/8.0.21/ref/net8.0/System.ObjectModel.dll /reference:/usr/share/dotnet/packs/Microsoft.NETCore.App.Ref/8.0.21/ref/net8.0/System.Reflection.DispatchProxy.dll /reference:/usr/share/dotnet/packs/Microsoft.NETCore.App.Ref/8.0.21/ref/net8.0/System.Reflection.dll /reference:/usr/share/dotnet/packs/Microsoft.NETCore.App.Ref/8.0.21/ref/net8.0/System.Reflection.Emit.dll /reference:/usr/share/dotnet/packs/Microsoft.NETCore.App.Ref/8.0.21/ref/net8.0/System.Reflection.Emit.ILGeneration.dll /reference:/usr/share/dotnet/packs/Microsoft.NETCore.App.Ref/8.0.21/ref/net8.0/System.Reflection.Emit.Lightweight.dll /reference:/usr/share/dotnet/packs/Microsoft.NETCore.App.Ref/8.0.21/ref/net8.0/System.Reflection.Extensions.dll /reference:/usr/share/dotnet/packs/Microsoft.NETCore.App.Ref/8.0.21/ref/net8.0/System.Reflection.Metadata.dll /reference:/usr/share/dotnet/packs/Microsoft.NETCore.App.Ref/8.0.21/ref/net8.0/System.Reflection.Primitives.dll /reference:/usr/share/dotnet/packs/Microsoft.NETCore.App.Ref/8.0.21/ref/net8.0/System.Reflection.TypeExtensions.dll /reference:/usr/share/dotnet/packs/Microsoft.NETCore.App.Ref/8.0.21/ref/net8.0/System.Resources.Reader.dll /reference:/usr/share/dotnet/packs/Microsoft.NETCore.App.Ref/8.0.21/ref/net8.0/System.Resources.ResourceManager.dll /reference:/usr/share/dotnet/packs/Microsoft.NETCore.App.Ref/8.0.21/ref/net8.0/System.Resources.Writer.dll /reference:/usr/share/dotnet/packs/Microsoft.NETCore.App.Ref/8.0.21/ref/net8.0/System.Runtime.CompilerServices.Unsafe.dll /reference:/usr/share/dotnet/packs/Microsoft.NETCore.App.Ref/8.0.21/ref/net8.0/System.Runtime.CompilerServices.VisualC.dll /reference:/usr/share/dotnet/packs/Microsoft.NETCore.App.Ref/8.0.21/ref/net8.0/System.Runtime.dll /reference:/usr/share/dotnet/packs/Microsoft.NETCore.App.Ref/8.0.21/ref/net8.0/System.Runtime.Extensions.dll /reference:/usr/share/dotnet/packs/Microsoft.NETCore.App.Ref/8.0.21/ref/net8.0/System.Runtime.Handles.dll /reference:/usr/share/dotnet/packs/Microsoft.NETCore.App.Ref/8.0.21/ref/net8.0/System.Runtime.InteropServices.dll /reference:/usr/share/dotnet/packs/Microsoft.NETCore.App.Ref/8.0.21/ref/net8.0/System.Runtime.InteropServices.JavaScript.dll /reference:/usr/share/dotnet/packs/Microsoft.NETCore.App.Ref/8.0.21/ref/net8.0/System.Runtime.InteropServices.RuntimeInformation.dll /reference:/usr/share/dotnet/packs/Microsoft.NETCore.App.Ref/8.0.21/ref/net8.0/System.Runtime.Intrinsics.dll /reference:/usr/share/dotnet/packs/Microsoft.NETCore.App.Ref/8.0.21/ref/net8.0/System.Runtime.Loader.dll /reference:/usr/share/dotnet/packs/Microsoft.NETCore.App.Ref/8.0.21/ref/net8.0/System.Runtime.Numerics.dll /reference:/usr/share/dotnet/packs/Microsoft.NETCore.App.Ref/8.0.21/ref/net8.0/System.Runtime.Serialization.dll /reference:/usr/share/dotnet/packs/Microsoft.NETCore.App.Ref/8.0.21/ref/net8.0/System.Runtime.Serialization.Formatters.dll /reference:/usr/share/dotnet/packs/Microsoft.NETCore.App.Ref/8.0.21/ref/net8.0/System.Runtime.Serialization.Json.dll /reference:/usr/share/dotnet/packs/Microsoft.NETCore.App.Ref/8.0.21/ref/net8.0/System.Runtime.Serialization.Primitives.dll /reference:/usr/share/dotnet/packs/Microsoft.NETCore.App.Ref/8.0.21/ref/net8.0/System.Runtime.Serialization.Xml.dll /reference:/usr/share/dotnet/packs/Microsoft.NETCore.App.Ref/8.0.21/ref/net8.0/System.Security.AccessControl.dll /reference:/usr/share/dotnet/packs/Microsoft.NETCore.App.Ref/8.0.21/ref/net8.0/System.Security.Claims.dll /reference:/usr/share/dotnet/packs/Microsoft.NETCore.App.Ref/8.0.21/ref/net8.0/System.Security.Cryptography.Algorithms.dll /reference:/usr/share/dotnet/packs/Microsoft.NETCore.App.Ref/8.0.21/ref/net8.0/System.Security.Cryptography.Cng.dll /reference:/usr/share/dotnet/packs/Microsoft.NETCore.App.Ref/8.0.21/ref/net8.0/System.Security.Cryptography.Csp.dll /reference:/usr/share/dotnet/packs/Microsoft.NETCore.App.Ref/8.0.21/ref/net8.0/System.Security.Cryptography.dll /reference:/usr/share/dotnet/packs/Microsoft.NETCore.App.Ref/8.0.21/ref/net8.0/System.Security.Cryptography.Encoding.dll /reference:/usr/share/dotnet/packs/Microsoft.NETCore.App.Ref/8.0.21/ref/net8.0/System.Security.Cryptography.OpenSsl.dll /reference:/usr/share/dotnet/packs/Microsoft.NETCore.App.Ref/8.0.21/ref/net8.0/System.Security.Cryptography.Primitives.dll /reference:/usr/share/dotnet/packs/Microsoft.NETCore.App.Ref/8.0.21/ref/net8.0/System.Security.Cryptography.X509Certificates.dll /reference:/usr/share/dotnet/packs/Microsoft.NETCore.App.Ref/8.0.21/ref/net8.0/System.Security.dll /reference:/usr/share/dotnet/packs/Microsoft.NETCore.App.Ref/8.0.21/ref/net8.0/System.Security.Principal.dll /reference:/usr/share/dotnet/packs/Microsoft.NETCore.App.Ref/8.0.21/ref/net8.0/System.Security.Principal.Windows.dll /reference:/usr/share/dotnet/packs/Microsoft.NETCore.App.Ref/8.0.21/ref/net8.0/System.Security.SecureString.dll /reference:/usr/share/dotnet/packs/Microsoft.NETCore.App.Ref/8.0.21/ref/net8.0/System.ServiceModel.Web.dll /reference:/usr/share/dotnet/packs/Microsoft.NETCore.App.Ref/8.0.21/ref/net8.0/System.ServiceProcess.dll /reference:/usr/share/dotnet/packs/Microsoft.NETCore.App.Ref/8.0.21/ref/net8.0/System.Text.Encoding.CodePages.dll /reference:/usr/share/dotnet/packs/Microsoft.NETCore.App.Ref/8.0.21/ref/net8.0/System.Text.Encoding.dll /reference:/usr/share/dotnet/packs/Microsoft.NETCore.App.Ref/8.0.21/ref/net8.0/System.Text.Encoding.Extensions.dll /reference:/usr/share/dotnet/packs/Microsoft.NETCore.App.Ref/8.0.21/ref/net8.0/System.Text.Encodings.Web.dll /reference:/usr/share/dotnet/packs/Microsoft.NETCore.App.Ref/8.0.21/ref/net8.0/System.Text.Json.dll /reference:/usr/share/dotnet/packs/Microsoft.NETCore.App.Ref/8.0.21/ref/net8.0/System.Text.RegularExpressions.dll /reference:/usr/share/dotnet/packs/Microsoft.NETCore.App.Ref/8.0.21/ref/net8.0/System.Threading.Channels.dll /reference:/usr/share/dotnet/packs/Microsoft.NETCore.App.Ref/8.0.21/ref/net8.0/System.Threading.dll /reference:/usr/share/dotnet/packs/Microsoft.NETCore.App.Ref/8.0.21/ref/net8.0/System.Threading.Overlapped.dll /reference:/usr/share/dotnet/packs/Microsoft.NETCore.App.Ref/8.0.21/ref/net8.0/System.Threading.Tasks.Dataflow.dll /reference:/usr/share/dotnet/packs/Microsoft.NETCore.App.Ref/8.0.21/ref/net8.0/System.Threading.Tasks.dll /reference:/usr/share/dotnet/packs/Microsoft.NETCore.App.Ref/8.0.21/ref/net8.0/System.Threading.Tasks.Extensions.dll /reference:/usr/share/dotnet/packs/Microsoft.NETCore.App.Ref/8.0.21/ref/net8.0/System.Threading.Tasks.Parallel.dll /reference:/usr/share/dotnet/packs/Microsoft.NETCore.App.Ref/8.0.21/ref/net8.0/System.Threading.Thread.dll /reference:/usr/share/dotnet/packs/Microsoft.NETCore.App.Ref/8.0.21/ref/net8.0/System.Threading.ThreadPool.dll /reference:/usr/share/dotnet/packs/Microsoft.NETCore.App.Ref/8.0.21/ref/net8.0/System.Threading.Timer.dll /reference:/usr/share/dotnet/packs/Microsoft.NETCore.App.Ref/8.0.21/ref/net8.0/System.Transactions.dll /reference:/usr/share/dotnet/packs/Microsoft.NETCore.App.Ref/8.0.21/ref/net8.0/System.Transactions.Local.dll /reference:/usr/share/dotnet/packs/Microsoft.NETCore.App.Ref/8.0.21/ref/net8.0/System.ValueTuple.dll /reference:/usr/share/dotnet/packs/Microsoft.NETCore.App.Ref/8.0.21/ref/net8.0/System.Web.dll /reference:/usr/share/dotnet/packs/Microsoft.NETCore.App.Ref/8.0.21/ref/net8.0/System.Web.HttpUtility.dll /reference:/usr/share/dotnet/packs/Microsoft.NETCore.App.Ref/8.0.21/ref/net8.0/System.Windows.dll /reference:/usr/share/dotnet/packs/Microsoft.NETCore.App.Ref/8.0.21/ref/net8.0/System.Xml.dll /reference:/usr/share/dotnet/packs/Microsoft.NETCore.App.Ref/8.0.21/ref/net8.0/System.Xml.Linq.dll /reference:/usr/share/dotnet/packs/Microsoft.NETCore.App.Ref/8.0.21/ref/net8.0/System.Xml.ReaderWriter.dll /reference:/usr/share/dotnet/packs/Microsoft.NETCore.App.Ref/8.0.21/ref/net8.0/System.Xml.Serialization.dll /reference:/usr/share/dotnet/packs/Microsoft.NETCore.App.Ref/8.0.21/ref/net8.0/System.Xml.XDocument.dll /reference:/usr/share/dotnet/packs/Microsoft.NETCore.App.Ref/8.0.21/ref/net8.0/System.Xml.XmlDocument.dll /reference:/usr/share/dotnet/packs/Microsoft.NETCore.App.Ref/8.0.21/ref/net8.0/System.Xml.XmlSerializer.dll /reference:/usr/share/dotnet/packs/Microsoft.NETCore.App.Ref/8.0.21/ref/net8.0/System.Xml.XPath.dll /reference:/usr/share/dotnet/packs/Microsoft.NETCore.App.Ref/8.0.21/ref/net8.0/System.Xml.XPath.XDocument.dll /reference:/usr/share/dotnet/packs/Microsoft.NETCore.App.Ref/8.0.21/ref/net8.0/WindowsBase.dll /debug- /debug:portable /filealign:512 /optimize+ /out:obj/Release/net8.0/KChief.AlarmSystem.dll /refout:obj/Release/net8.0/refint/KChief.AlarmSystem.dll /target:library /warnaserror- /utf8output /deterministic+ /sourcelink:obj/Release/net8.0/KChief.AlarmSystem.sourcelink.json /langversion:12.0 /embed:obj/Release/net8.0/KChief.AlarmSystem.GlobalUsings.g.cs /embed:"obj/Release/net8.0/.NETCoreApp,Version=v8.0.AssemblyAttributes.cs" /embed:obj/Release/net8.0/KChief.AlarmSystem.AssemblyInfo.cs /analyzerconfig:obj/Release/net8.0/KChief.AlarmSystem.GeneratedMSBuildEditorConfig.editorconfig /analyzerconfig:/usr/share/dotnet/sdk/8.0.415/Sdks/Microsoft.NET.Sdk/analyzers/build/config/analysislevel_8_default.globalconfig /analyzer:/usr/share/dotnet/sdk/8.0.415/Sdks/Microsoft.NET.Sdk/targets/../analyzers/Microsoft.CodeAnalysis.CSharp.NetAnalyzers.dll /analyzer:/usr/share/dotnet/sdk/8.0.415/Sdks/Microsoft.NET.Sdk/targets/../analyzers/Microsoft.CodeAnalysis.NetAnalyzers.dll /analyzer:/home/saidul/.nuget/packages/microsoft.extensions.logging.abstractions/8.0.0/analyzers/dotnet/roslyn4.4/cs/Microsoft.Extensions.Logging.Generators.dll /analyzer:/home/saidul/.nuget/packages/microsoft.extensions.options/8.0.0/analyzers/dotnet/roslyn4.4/cs/Microsoft.Extensions.Options.SourceGeneration.dll /analyzer:/usr/share/dotnet/packs/Microsoft.NETCore.App.Ref/8.0.21/analyzers/dotnet/cs/Microsoft.Interop.ComInterfaceGenerator.dll /analyzer:/usr/share/dotnet/packs/Microsoft.NETCore.App.Ref/8.0.21/analyzers/dotnet/cs/Microsoft.Interop.JavaScript.JSImportGenerator.dll /analyzer:/usr/share/dotnet/packs/Microsoft.NETCore.App.Ref/8.0.21/analyzers/dotnet/cs/Microsoft.Interop.LibraryImportGenerator.dll /analyzer:/usr/share/dotnet/packs/Microsoft.NETCore.App.Ref/8.0.21/analyzers/dotnet/cs/Microsoft.Interop.SourceGeneration.dll /analyzer:/usr/share/dotnet/packs/Microsoft.NETCore.App.Ref/8.0.21/analyzers/dotnet/cs/System.Text.Json.SourceGeneration.dll /analyzer:/usr/share/dotnet/packs/Microsoft.NETCore.App.Ref/8.0.21/analyzers/dotnet/cs/System.Text.RegularExpressions.Generator.dll Services/AlarmEscalationService.cs Services/AlarmGroupingService.cs Services/AlarmHistoryService.cs Services/AlarmRuleEngine.cs Services/AlarmService.cs Services/EnhancedAlarmService.cs obj/Release/net8.0/KChief.AlarmSystem.GlobalUsings.g.cs "obj/Release/net8.0/.NETCoreApp,Version=v8.0.AssemblyAttributes.cs" obj/Release/net8.0/KChief.AlarmSystem.AssemblyInfo.cs /warnaserror+:NU1605,SYSLIB0011
   5:7>ResolveAssemblyReferences:
             The ImageRuntimeVersion for this reference is "".
         Primary reference "System.Security.Cryptography.Primitives, Version=8.0.0.0, Culture=neutral, PublicKeyToken=b03f5f7f11d50a3a".
             Resolved file path is "/usr/share/dotnet/packs/Microsoft.NETCore.App.Ref/8.0.21/ref/net8.0/System.Security.Cryptography.Primitives.dll".
             Reference found at search path location "{RawFileName}".
             This reference is not "CopyLocal" because at least one source item had "Private" set to "false" and no source items had "Private" set to "true".
             The ImageRuntimeVersion for this reference is "".
         Primary reference "System.Security.Cryptography.X509Certificates, Version=8.0.0.0, Culture=neutral, PublicKeyToken=b03f5f7f11d50a3a".
             Resolved file path is "/usr/share/dotnet/packs/Microsoft.NETCore.App.Ref/8.0.21/ref/net8.0/System.Security.Cryptography.X509Certificates.dll".
   8:8>Target "GenerateNETCompatibleDefineConstants" in file "/usr/share/dotnet/sdk/8.0.415/Sdks/Microsoft.NET.Sdk/targets/Microsoft.NET.Sdk.BeforeCommon.targets" from project "/home/saidul/Desktop/K-Chief Marine Automation Platform/src/KChief.DataAccess/KChief.DataAccess.csproj" (target "AddImplicitDefineConstants" depends on it):
   8:8>Done building target "GenerateNETCompatibleDefineConstants" in project "KChief.DataAccess.csproj".
   5:7>ResolveAssemblyReferences:
             Reference found at search path location "{RawFileName}".
             This reference is not "CopyLocal" because at least one source item had "Private" set to "false" and no source items had "Private" set to "true".
             The ImageRuntimeVersion for this reference is "".
   4:7>Done building target "_InitializeGitHubSourceLinkUrl" in project "KChief.Protocols.Modbus.csproj".
   5:7>ResolveAssemblyReferences:
         Primary reference "System.Security.Cryptography, Version=8.0.0.0, Culture=neutral, PublicKeyToken=b03f5f7f11d50a3a".
   8:8>Target "GeneratePlatformCompatibleDefineConstants" skipped, due to false condition; ( '$(DisableImplicitFrameworkDefines)' != 'true' and '$(TargetPlatformIdentifier)' != '' and '$(TargetFrameworkIdentifier)' == '.NETCoreApp' and $([MSBuild]::VersionGreaterThanOrEquals($(TargetFrameworkVersion), 5.0)) ) was evaluated as ( '' != 'true' and '' != '' and '.NETCoreApp' == '.NETCoreApp' and True ).
   5:7>ResolveAssemblyReferences:
             Resolved file path is "/usr/share/dotnet/packs/Microsoft.NETCore.App.Ref/8.0.21/ref/net8.0/System.Security.Cryptography.dll".
   4:7>Target "_InitializeGitHubSourceLinkUrl" in file "/usr/share/dotnet/sdk/8.0.415/Sdks/Microsoft.SourceLink.GitHub/build/Microsoft.SourceLink.GitHub.targets" from project "/home/saidul/Desktop/K-Chief Marine Automation Platform/src/KChief.Protocols.Modbus/KChief.Protocols.Modbus.csproj" (target "_GenerateSourceLinkFile" depends on it):
   4:7>Building target "_InitializeGitHubSourceLinkUrl" completely.
   5:7>ResolveAssemblyReferences:
             Reference found at search path location "{RawFileName}".
             This reference is not "CopyLocal" because at least one source item had "Private" set to "false" and no source items had "Private" set to "true".
   4:7>_InitializeGitHubSourceLinkUrl:
       No input files were specified.
   5:7>ResolveAssemblyReferences:
             The ImageRuntimeVersion for this reference is "".
   8:8>Target "_DisableDiagnosticTracing" skipped, due to false condition; ('$(DisableDiagnosticTracing)' == 'true') was evaluated as ('' == 'true').
   4:7>Task "Microsoft.SourceLink.GitHub.GetSourceLinkUrl"
   5:7>ResolveAssemblyReferences:
         Primary reference "System.Security.Principal.Windows, Version=8.0.0.0, Culture=neutral, PublicKeyToken=b03f5f7f11d50a3a".
             Resolved file path is "/usr/share/dotnet/packs/Microsoft.NETCore.App.Ref/8.0.21/ref/net8.0/System.Security.Principal.Windows.dll".
   4:7>Done executing task "Microsoft.SourceLink.GitHub.GetSourceLinkUrl".
   5:7>ResolveAssemblyReferences:
             Reference found at search path location "{RawFileName}".
             This reference is not "CopyLocal" because at least one source item had "Private" set to "false" and no source items had "Private" set to "true".
   4:7>Done building target "_InitializeGitHubSourceLinkUrl" in project "KChief.Protocols.Modbus.csproj".
   5:7>ResolveAssemblyReferences:
             The ImageRuntimeVersion for this reference is "".
         Primary reference "System.Security.Principal, Version=8.0.0.0, Culture=neutral, PublicKeyToken=b03f5f7f11d50a3a".
             Resolved file path is "/usr/share/dotnet/packs/Microsoft.NETCore.App.Ref/8.0.21/ref/net8.0/System.Security.Principal.dll".
   4:7>Target "_InitializeGitLabSourceLinkUrl" in file "/usr/share/dotnet/sdk/8.0.415/Sdks/Microsoft.SourceLink.GitLab/build/Microsoft.SourceLink.GitLab.targets" from project "/home/saidul/Desktop/K-Chief Marine Automation Platform/src/KChief.Protocols.Modbus/KChief.Protocols.Modbus.csproj" (target "_GenerateSourceLinkFile" depends on it):
   4:7>Building target "_InitializeGitLabSourceLinkUrl" completely.
   8:8>Target "AddImplicitDefineConstants" in file "/usr/share/dotnet/sdk/8.0.415/Sdks/Microsoft.NET.Sdk/targets/Microsoft.NET.Sdk.BeforeCommon.targets" from project "/home/saidul/Desktop/K-Chief Marine Automation Platform/src/KChief.DataAccess/KChief.DataAccess.csproj" (target "CoreCompile" depends on it):
   8:8>Done building target "AddImplicitDefineConstants" in project "KChief.DataAccess.csproj".
   5:7>ResolveAssemblyReferences:
             Reference found at search path location "{RawFileName}".
   4:7>_InitializeGitLabSourceLinkUrl:
       No input files were specified.
   5:7>ResolveAssemblyReferences:
             This reference is not "CopyLocal" because at least one source item had "Private" set to "false" and no source items had "Private" set to "true".
   4:7>_InitializeGitLabSourceLinkUrl:
       Using "Microsoft.SourceLink.GitLab.GetSourceLinkUrl" task from assembly "/usr/share/dotnet/sdk/8.0.415/Sdks/Microsoft.SourceLink.GitLab/build/../tools/core/Microsoft.SourceLink.GitLab.dll".
   5:7>ResolveAssemblyReferences:
             The ImageRuntimeVersion for this reference is "".
   4:7>Task "Microsoft.SourceLink.GitLab.GetSourceLinkUrl"
   8:8>Target "ShimReferencePathsWhenCommonTargetsDoesNotUnderstandReferenceAssemblies" skipped, due to false condition; ('@(ReferencePathWithRefAssemblies)' == '') was evaluated as ('/home/saidul/.nuget/packages/azure.core/1.25.0/lib/net5.0/Azure.Core.dll;/home/saidul/.nuget/packages/azure.identity/1.7.0/lib/netstandard2.0/Azure.Identity.dll;/home/saidul/.nuget/packages/fluentvalidation/11.9.0/lib/net8.0/FluentValidation.dll;...' == '').
   5:7>ResolveAssemblyReferences:
         Primary reference "System.Security.SecureString, Version=8.0.0.0, Culture=neutral, PublicKeyToken=b03f5f7f11d50a3a".
             Resolved file path is "/usr/share/dotnet/packs/Microsoft.NETCore.App.Ref/8.0.21/ref/net8.0/System.Security.SecureString.dll".
             Reference found at search path location "{RawFileName}".
             This reference is not "CopyLocal" because at least one source item had "Private" set to "false" and no source items had "Private" set to "true".
             The ImageRuntimeVersion for this reference is "".
         Primary reference "System.Security, Version=4.0.0.0, Culture=neutral, PublicKeyToken=b03f5f7f11d50a3a".
   8:8>Target "_ComputeSkipAnalyzers" in file "/usr/share/dotnet/sdk/8.0.415/Roslyn/Microsoft.Managed.Core.targets" from project "/home/saidul/Desktop/K-Chief Marine Automation Platform/src/KChief.DataAccess/KChief.DataAccess.csproj" (target "CoreCompile" depends on it):
   8:8>Task "ShowMessageForImplicitlySkipAnalyzers" skipped, due to false condition; ('$(_ImplicitlySkipAnalyzers)' == 'true') was evaluated as ('' == 'true').
   5:7>ResolveAssemblyReferences:
             Resolved file path is "/usr/share/dotnet/packs/Microsoft.NETCore.App.Ref/8.0.21/ref/net8.0/System.Security.dll".
             Reference found at search path location "{RawFileName}".
             This reference is not "CopyLocal" because at least one source item had "Private" set to "false" and no source items had "Private" set to "true".
             The ImageRuntimeVersion for this reference is "".
   8:8>Done building target "_ComputeSkipAnalyzers" in project "KChief.DataAccess.csproj".
   5:7>ResolveAssemblyReferences:
         Primary reference "System.ServiceModel.Web, Version=4.0.0.0, Culture=neutral, PublicKeyToken=31bf3856ad364e35".
             Resolved file path is "/usr/share/dotnet/packs/Microsoft.NETCore.App.Ref/8.0.21/ref/net8.0/System.ServiceModel.Web.dll".
             Reference found at search path location "{RawFileName}".
   8:8>Target "_SetPathMapFromSourceRoots" skipped, due to false condition; ('$(DeterministicSourcePaths)' == 'true') was evaluated as ('' == 'true').
   5:7>ResolveAssemblyReferences:
             This reference is not "CopyLocal" because at least one source item had "Private" set to "false" and no source items had "Private" set to "true".
             The ImageRuntimeVersion for this reference is "".
         Primary reference "System.ServiceProcess, Version=4.0.0.0, Culture=neutral, PublicKeyToken=b03f5f7f11d50a3a".
   8:8>Target "CreateCompilerGeneratedFilesOutputPath" skipped, due to false condition; ('$(EmitCompilerGeneratedFiles)' == 'true' and !('$(DesignTimeBuild)' == 'true' OR '$(BuildingProject)' != 'true')) was evaluated as ('false' == 'true' and !('' == 'true' OR 'true' != 'true')).
   5:7>ResolveAssemblyReferences:
             Resolved file path is "/usr/share/dotnet/packs/Microsoft.NETCore.App.Ref/8.0.21/ref/net8.0/System.ServiceProcess.dll".
             Reference found at search path location "{RawFileName}".
             This reference is not "CopyLocal" because at least one source item had "Private" set to "false" and no source items had "Private" set to "true".
   8:8>Target "BeforeCompile" skipped. Previously built successfully.
   5:7>ResolveAssemblyReferences:
             The ImageRuntimeVersion for this reference is "".
         Primary reference "System.Text.Encoding.CodePages, Version=8.0.0.0, Culture=neutral, PublicKeyToken=b03f5f7f11d50a3a".
   8:8>Target "InitializeSourceControlInformationFromSourceControlManager" skipped. Previously built successfully.
   5:7>ResolveAssemblyReferences:
             Resolved file path is "/usr/share/dotnet/packs/Microsoft.NETCore.App.Ref/8.0.21/ref/net8.0/System.Text.Encoding.CodePages.dll".
             Reference found at search path location "{RawFileName}".
             This reference is not "CopyLocal" because at least one source item had "Private" set to "false" and no source items had "Private" set to "true".
             The ImageRuntimeVersion for this reference is "".
         Primary reference "System.Text.Encoding.Extensions, Version=8.0.0.0, Culture=neutral, PublicKeyToken=b03f5f7f11d50a3a".
             Resolved file path is "/usr/share/dotnet/packs/Microsoft.NETCore.App.Ref/8.0.21/ref/net8.0/System.Text.Encoding.Extensions.dll".
   8:8>Target "SetEmbeddedFilesFromSourceControlManagerUntrackedFiles" in file "/usr/share/dotnet/sdk/8.0.415/Sdks/Microsoft.Build.Tasks.Git/build/Microsoft.Build.Tasks.Git.targets" from project "/home/saidul/Desktop/K-Chief Marine Automation Platform/src/KChief.DataAccess/KChief.DataAccess.csproj" (target "_SetEmbeddedFilesFromSourceControlManagerUntrackedFiles" depends on it):
   8:8>Using "Microsoft.Build.Tasks.Git.GetUntrackedFiles" task from assembly "/usr/share/dotnet/sdk/8.0.415/Sdks/Microsoft.Build.Tasks.Git/build/../tools/core/Microsoft.Build.Tasks.Git.dll".
   5:7>ResolveAssemblyReferences:
             Reference found at search path location "{RawFileName}".
             This reference is not "CopyLocal" because at least one source item had "Private" set to "false" and no source items had "Private" set to "true".
             The ImageRuntimeVersion for this reference is "".
         Primary reference "System.Text.Encoding, Version=8.0.0.0, Culture=neutral, PublicKeyToken=b03f5f7f11d50a3a".
   8:8>Task "Microsoft.Build.Tasks.Git.GetUntrackedFiles"
   5:7>ResolveAssemblyReferences:
             Resolved file path is "/usr/share/dotnet/packs/Microsoft.NETCore.App.Ref/8.0.21/ref/net8.0/System.Text.Encoding.dll".
             Reference found at search path location "{RawFileName}".
             This reference is not "CopyLocal" because at least one source item had "Private" set to "false" and no source items had "Private" set to "true".
   8:8>SetEmbeddedFilesFromSourceControlManagerUntrackedFiles:
         SourceLink: Reusing cached git repository information.
   5:7>ResolveAssemblyReferences:
             The ImageRuntimeVersion for this reference is "".
         Primary reference "System.Text.Encodings.Web, Version=8.0.0.0, Culture=neutral, PublicKeyToken=cc7b13ffcd2ddd51".
             Resolved file path is "/usr/share/dotnet/packs/Microsoft.NETCore.App.Ref/8.0.21/ref/net8.0/System.Text.Encodings.Web.dll".
             Reference found at search path location "{RawFileName}".
             This reference is not "CopyLocal" because at least one source item had "Private" set to "false" and no source items had "Private" set to "true".
             The ImageRuntimeVersion for this reference is "".
   4:7>Done executing task "Microsoft.SourceLink.GitLab.GetSourceLinkUrl".
   5:7>ResolveAssemblyReferences:
         Primary reference "System.Text.Json, Version=8.0.0.0, Culture=neutral, PublicKeyToken=cc7b13ffcd2ddd51".
             Resolved file path is "/usr/share/dotnet/packs/Microsoft.NETCore.App.Ref/8.0.21/ref/net8.0/System.Text.Json.dll".
   4:7>Done building target "_InitializeGitLabSourceLinkUrl" in project "KChief.Protocols.Modbus.csproj".
   5:7>ResolveAssemblyReferences:
             Reference found at search path location "{RawFileName}".
             This reference is not "CopyLocal" because at least one source item had "Private" set to "false" and no source items had "Private" set to "true".
   4:7>Target "_InitializeGitLabSourceLinkUrl" in file "/usr/share/dotnet/sdk/8.0.415/Sdks/Microsoft.SourceLink.GitLab/build/Microsoft.SourceLink.GitLab.targets" from project "/home/saidul/Desktop/K-Chief Marine Automation Platform/src/KChief.Protocols.Modbus/KChief.Protocols.Modbus.csproj" (target "_GenerateSourceLinkFile" depends on it):
   4:7>Building target "_InitializeGitLabSourceLinkUrl" completely.
   5:7>ResolveAssemblyReferences:
             The ImageRuntimeVersion for this reference is "".
   4:7>_InitializeGitLabSourceLinkUrl:
       No input files were specified.
   5:7>ResolveAssemblyReferences:
         Primary reference "System.Text.RegularExpressions, Version=8.0.0.0, Culture=neutral, PublicKeyToken=b03f5f7f11d50a3a".
   4:7>Task "Microsoft.SourceLink.GitLab.GetSourceLinkUrl"
   5:7>ResolveAssemblyReferences:
             Resolved file path is "/usr/share/dotnet/packs/Microsoft.NETCore.App.Ref/8.0.21/ref/net8.0/System.Text.RegularExpressions.dll".
   4:7>Done executing task "Microsoft.SourceLink.GitLab.GetSourceLinkUrl".
   5:7>ResolveAssemblyReferences:
             Reference found at search path location "{RawFileName}".
   4:7>Done building target "_InitializeGitLabSourceLinkUrl" in project "KChief.Protocols.Modbus.csproj".
   5:7>ResolveAssemblyReferences:
             This reference is not "CopyLocal" because at least one source item had "Private" set to "false" and no source items had "Private" set to "true".
             The ImageRuntimeVersion for this reference is "".
         Primary reference "System.Threading.Channels, Version=8.0.0.0, Culture=neutral, PublicKeyToken=cc7b13ffcd2ddd51".
             Resolved file path is "/usr/share/dotnet/packs/Microsoft.NETCore.App.Ref/8.0.21/ref/net8.0/System.Threading.Channels.dll".
             Reference found at search path location "{RawFileName}".
             This reference is not "CopyLocal" because at least one source item had "Private" set to "false" and no source items had "Private" set to "true".
             The ImageRuntimeVersion for this reference is "".
         Primary reference "System.Threading.Overlapped, Version=8.0.0.0, Culture=neutral, PublicKeyToken=b03f5f7f11d50a3a".
             Resolved file path is "/usr/share/dotnet/packs/Microsoft.NETCore.App.Ref/8.0.21/ref/net8.0/System.Threading.Overlapped.dll".
             Reference found at search path location "{RawFileName}".
             This reference is not "CopyLocal" because at least one source item had "Private" set to "false" and no source items had "Private" set to "true".
             The ImageRuntimeVersion for this reference is "".
   4:7>Target "_InitializeAzureReposGitSourceLinkUrl" in file "/usr/share/dotnet/sdk/8.0.415/Sdks/Microsoft.SourceLink.AzureRepos.Git/build/Microsoft.SourceLink.AzureRepos.Git.targets" from project "/home/saidul/Desktop/K-Chief Marine Automation Platform/src/KChief.Protocols.Modbus/KChief.Protocols.Modbus.csproj" (target "_GenerateSourceLinkFile" depends on it):
   4:7>Building target "_InitializeAzureReposGitSourceLinkUrl" completely.
   5:7>ResolveAssemblyReferences:
         Primary reference "System.Threading.Tasks.Dataflow, Version=8.0.0.0, Culture=neutral, PublicKeyToken=b03f5f7f11d50a3a".
   4:7>_InitializeAzureReposGitSourceLinkUrl:
       No input files were specified.
   5:7>ResolveAssemblyReferences:
             Resolved file path is "/usr/share/dotnet/packs/Microsoft.NETCore.App.Ref/8.0.21/ref/net8.0/System.Threading.Tasks.Dataflow.dll".
             Reference found at search path location "{RawFileName}".
             This reference is not "CopyLocal" because at least one source item had "Private" set to "false" and no source items had "Private" set to "true".
             The ImageRuntimeVersion for this reference is "".
         Primary reference "System.Threading.Tasks.Extensions, Version=8.0.0.0, Culture=neutral, PublicKeyToken=cc7b13ffcd2ddd51".
             Resolved file path is "/usr/share/dotnet/packs/Microsoft.NETCore.App.Ref/8.0.21/ref/net8.0/System.Threading.Tasks.Extensions.dll".
             Reference found at search path location "{RawFileName}".
             This reference is not "CopyLocal" because at least one source item had "Private" set to "false" and no source items had "Private" set to "true".
             The ImageRuntimeVersion for this reference is "".
         Primary reference "System.Threading.Tasks.Parallel, Version=8.0.0.0, Culture=neutral, PublicKeyToken=b03f5f7f11d50a3a".
             Resolved file path is "/usr/share/dotnet/packs/Microsoft.NETCore.App.Ref/8.0.21/ref/net8.0/System.Threading.Tasks.Parallel.dll".
             Reference found at search path location "{RawFileName}".
   8:8>Done executing task "Microsoft.Build.Tasks.Git.GetUntrackedFiles".
   5:7>ResolveAssemblyReferences:
             This reference is not "CopyLocal" because at least one source item had "Private" set to "false" and no source items had "Private" set to "true".
   8:8>Done building target "SetEmbeddedFilesFromSourceControlManagerUntrackedFiles" in project "KChief.DataAccess.csproj".
   5:7>ResolveAssemblyReferences:
             The ImageRuntimeVersion for this reference is "".
         Primary reference "System.Threading.Tasks, Version=8.0.0.0, Culture=neutral, PublicKeyToken=b03f5f7f11d50a3a".
   8:8>Target "_SetEmbeddedFilesFromSourceControlManagerUntrackedFiles" in file "/usr/share/dotnet/sdk/8.0.415/Sdks/Microsoft.SourceLink.Common/build/Microsoft.SourceLink.Common.targets" from project "/home/saidul/Desktop/K-Chief Marine Automation Platform/src/KChief.DataAccess/KChief.DataAccess.csproj" (target "CoreCompile" depends on it):
   8:8>Done building target "_SetEmbeddedFilesFromSourceControlManagerUntrackedFiles" in project "KChief.DataAccess.csproj".
   5:7>ResolveAssemblyReferences:
             Resolved file path is "/usr/share/dotnet/packs/Microsoft.NETCore.App.Ref/8.0.21/ref/net8.0/System.Threading.Tasks.dll".
   8:8>Target "InitializeSourceControlInformation" skipped. Previously built successfully.
   5:7>ResolveAssemblyReferences:
             Reference found at search path location "{RawFileName}".
   8:8>Target "_SetSourceLinkFilePath" in file "/usr/share/dotnet/sdk/8.0.415/Sdks/Microsoft.SourceLink.Common/build/Microsoft.SourceLink.Common.targets" from project "/home/saidul/Desktop/K-Chief Marine Automation Platform/src/KChief.DataAccess/KChief.DataAccess.csproj" (target "_GenerateSourceLinkFile" depends on it):
   8:8>Done building target "_SetSourceLinkFilePath" in project "KChief.DataAccess.csproj".
   5:7>ResolveAssemblyReferences:
             This reference is not "CopyLocal" because at least one source item had "Private" set to "false" and no source items had "Private" set to "true".
   8:8>Target "InitializeSourceControlInformation" skipped. Previously built successfully.
   5:7>ResolveAssemblyReferences:
             The ImageRuntimeVersion for this reference is "".
         Primary reference "System.Threading.Thread, Version=8.0.0.0, Culture=neutral, PublicKeyToken=b03f5f7f11d50a3a".
   8:8>Target "_InitializeSourceRootMappedPathsFromSourceControl" in file "/usr/share/dotnet/sdk/8.0.415/Roslyn/Microsoft.Managed.Core.targets" from project "/home/saidul/Desktop/K-Chief Marine Automation Platform/src/KChief.DataAccess/KChief.DataAccess.csproj" (target "InitializeSourceRootMappedPaths" depends on it):
   8:8>Done building target "_InitializeSourceRootMappedPathsFromSourceControl" in project "KChief.DataAccess.csproj".
   5:7>ResolveAssemblyReferences:
             Resolved file path is "/usr/share/dotnet/packs/Microsoft.NETCore.App.Ref/8.0.21/ref/net8.0/System.Threading.Thread.dll".
             Reference found at search path location "{RawFileName}".
             This reference is not "CopyLocal" because at least one source item had "Private" set to "false" and no source items had "Private" set to "true".
             The ImageRuntimeVersion for this reference is "".
         Primary reference "System.Threading.ThreadPool, Version=8.0.0.0, Culture=neutral, PublicKeyToken=b03f5f7f11d50a3a".
             Resolved file path is "/usr/share/dotnet/packs/Microsoft.NETCore.App.Ref/8.0.21/ref/net8.0/System.Threading.ThreadPool.dll".
             Reference found at search path location "{RawFileName}".
             This reference is not "CopyLocal" because at least one source item had "Private" set to "false" and no source items had "Private" set to "true".
             The ImageRuntimeVersion for this reference is "".
         Primary reference "System.Threading.Timer, Version=8.0.0.0, Culture=neutral, PublicKeyToken=b03f5f7f11d50a3a".
             Resolved file path is "/usr/share/dotnet/packs/Microsoft.NETCore.App.Ref/8.0.21/ref/net8.0/System.Threading.Timer.dll".
             Reference found at search path location "{RawFileName}".
             This reference is not "CopyLocal" because at least one source item had "Private" set to "false" and no source items had "Private" set to "true".
             The ImageRuntimeVersion for this reference is "".
         Primary reference "System.Threading, Version=8.0.0.0, Culture=neutral, PublicKeyToken=b03f5f7f11d50a3a".
             Resolved file path is "/usr/share/dotnet/packs/Microsoft.NETCore.App.Ref/8.0.21/ref/net8.0/System.Threading.dll".
             Reference found at search path location "{RawFileName}".
             This reference is not "CopyLocal" because at least one source item had "Private" set to "false" and no source items had "Private" set to "true".
             The ImageRuntimeVersion for this reference is "".
         Primary reference "System.Transactions.Local, Version=8.0.0.0, Culture=neutral, PublicKeyToken=cc7b13ffcd2ddd51".
             Resolved file path is "/usr/share/dotnet/packs/Microsoft.NETCore.App.Ref/8.0.21/ref/net8.0/System.Transactions.Local.dll".
             Reference found at search path location "{RawFileName}".
             This reference is not "CopyLocal" because at least one source item had "Private" set to "false" and no source items had "Private" set to "true".
             The ImageRuntimeVersion for this reference is "".
         Primary reference "System.Transactions, Version=4.0.0.0, Culture=neutral, PublicKeyToken=b77a5c561934e089".
             Resolved file path is "/usr/share/dotnet/packs/Microsoft.NETCore.App.Ref/8.0.21/ref/net8.0/System.Transactions.dll".
             Reference found at search path location "{RawFileName}".
             This reference is not "CopyLocal" because at least one source item had "Private" set to "false" and no source items had "Private" set to "true".
             The ImageRuntimeVersion for this reference is "".
         Primary reference "System.ValueTuple, Version=8.0.0.0, Culture=neutral, PublicKeyToken=cc7b13ffcd2ddd51".
             Resolved file path is "/usr/share/dotnet/packs/Microsoft.NETCore.App.Ref/8.0.21/ref/net8.0/System.ValueTuple.dll".
             Reference found at search path location "{RawFileName}".
             This reference is not "CopyLocal" because at least one source item had "Private" set to "false" and no source items had "Private" set to "true".
             The ImageRuntimeVersion for this reference is "".
         Primary reference "System.Web.HttpUtility, Version=8.0.0.0, Culture=neutral, PublicKeyToken=cc7b13ffcd2ddd51".
             Resolved file path is "/usr/share/dotnet/packs/Microsoft.NETCore.App.Ref/8.0.21/ref/net8.0/System.Web.HttpUtility.dll".
             Reference found at search path location "{RawFileName}".
             This reference is not "CopyLocal" because at least one source item had "Private" set to "false" and no source items had "Private" set to "true".
             The ImageRuntimeVersion for this reference is "".
         Primary reference "System.Web, Version=4.0.0.0, Culture=neutral, PublicKeyToken=b03f5f7f11d50a3a".
             Resolved file path is "/usr/share/dotnet/packs/Microsoft.NETCore.App.Ref/8.0.21/ref/net8.0/System.Web.dll".
             Reference found at search path location "{RawFileName}".
             This reference is not "CopyLocal" because at least one source item had "Private" set to "false" and no source items had "Private" set to "true".
             The ImageRuntimeVersion for this reference is "".
         Primary reference "System.Windows, Version=4.0.0.0, Culture=neutral, PublicKeyToken=b03f5f7f11d50a3a".
   4:7>_InitializeAzureReposGitSourceLinkUrl:
       Using "Microsoft.SourceLink.AzureRepos.Git.GetSourceLinkUrl" task from assembly "/usr/share/dotnet/sdk/8.0.415/Sdks/Microsoft.SourceLink.AzureRepos.Git/build/../tools/core/Microsoft.SourceLink.AzureRepos.Git.dll".
   5:7>ResolveAssemblyReferences:
             Resolved file path is "/usr/share/dotnet/packs/Microsoft.NETCore.App.Ref/8.0.21/ref/net8.0/System.Windows.dll".
   8:8>Target "InitializeSourceRootMappedPaths" in file "/usr/share/dotnet/sdk/8.0.415/Roslyn/Microsoft.Managed.Core.targets" from project "/home/saidul/Desktop/K-Chief Marine Automation Platform/src/KChief.DataAccess/KChief.DataAccess.csproj" (target "_InitializeSourceRootMappedPathsOpt" depends on it):
   8:8>Using "Microsoft.CodeAnalysis.BuildTasks.MapSourceRoots" task from assembly "/usr/share/dotnet/sdk/8.0.415/Roslyn/Microsoft.Build.Tasks.CodeAnalysis.dll".
   5:7>ResolveAssemblyReferences:
             Reference found at search path location "{RawFileName}".
   8:8>Task "Microsoft.CodeAnalysis.BuildTasks.MapSourceRoots"
   4:7>Task "Microsoft.SourceLink.AzureRepos.Git.GetSourceLinkUrl"
   5:7>ResolveAssemblyReferences:
             This reference is not "CopyLocal" because at least one source item had "Private" set to "false" and no source items had "Private" set to "true".
             The ImageRuntimeVersion for this reference is "".
   4:7>Done executing task "Microsoft.SourceLink.AzureRepos.Git.GetSourceLinkUrl".
   8:8>Done executing task "Microsoft.CodeAnalysis.BuildTasks.MapSourceRoots".
   5:7>ResolveAssemblyReferences:
         Primary reference "System.Xml.Linq, Version=4.0.0.0, Culture=neutral, PublicKeyToken=b77a5c561934e089".
   8:8>Done building target "InitializeSourceRootMappedPaths" in project "KChief.DataAccess.csproj".
   4:7>Done building target "_InitializeAzureReposGitSourceLinkUrl" in project "KChief.Protocols.Modbus.csproj".
   5:7>ResolveAssemblyReferences:
             Resolved file path is "/usr/share/dotnet/packs/Microsoft.NETCore.App.Ref/8.0.21/ref/net8.0/System.Xml.Linq.dll".
             Reference found at search path location "{RawFileName}".
   4:7>Target "_InitializeAzureReposGitSourceLinkUrl" in file "/usr/share/dotnet/sdk/8.0.415/Sdks/Microsoft.SourceLink.AzureRepos.Git/build/Microsoft.SourceLink.AzureRepos.Git.targets" from project "/home/saidul/Desktop/K-Chief Marine Automation Platform/src/KChief.Protocols.Modbus/KChief.Protocols.Modbus.csproj" (target "_GenerateSourceLinkFile" depends on it):
   4:7>Building target "_InitializeAzureReposGitSourceLinkUrl" completely.
   5:7>ResolveAssemblyReferences:
             This reference is not "CopyLocal" because at least one source item had "Private" set to "false" and no source items had "Private" set to "true".
   8:8>Target "_InitializeSourceRootMappedPathsOpt" in file "/usr/share/dotnet/sdk/8.0.415/Sdks/Microsoft.SourceLink.Common/build/Microsoft.SourceLink.Common.targets" from project "/home/saidul/Desktop/K-Chief Marine Automation Platform/src/KChief.DataAccess/KChief.DataAccess.csproj" (target "_GenerateSourceLinkFile" depends on it):
   8:8>Done building target "_InitializeSourceRootMappedPathsOpt" in project "KChief.DataAccess.csproj".
   4:7>_InitializeAzureReposGitSourceLinkUrl:
       No input files were specified.
   5:7>ResolveAssemblyReferences:
             The ImageRuntimeVersion for this reference is "".
         Primary reference "System.Xml.ReaderWriter, Version=8.0.0.0, Culture=neutral, PublicKeyToken=b03f5f7f11d50a3a".
   4:7>Task "Microsoft.SourceLink.AzureRepos.Git.GetSourceLinkUrl"
   8:8>Target "_InitializeGitHubSourceLinkUrl" in file "/usr/share/dotnet/sdk/8.0.415/Sdks/Microsoft.SourceLink.GitHub/build/Microsoft.SourceLink.GitHub.targets" from project "/home/saidul/Desktop/K-Chief Marine Automation Platform/src/KChief.DataAccess/KChief.DataAccess.csproj" (target "_GenerateSourceLinkFile" depends on it):
   8:8>Building target "_InitializeGitHubSourceLinkUrl" completely.
   5:7>ResolveAssemblyReferences:
             Resolved file path is "/usr/share/dotnet/packs/Microsoft.NETCore.App.Ref/8.0.21/ref/net8.0/System.Xml.ReaderWriter.dll".
   4:7>Done executing task "Microsoft.SourceLink.AzureRepos.Git.GetSourceLinkUrl".
   8:8>_InitializeGitHubSourceLinkUrl:
       No input files were specified.
   5:7>ResolveAssemblyReferences:
             Reference found at search path location "{RawFileName}".
   8:8>_InitializeGitHubSourceLinkUrl:
       Using "Microsoft.SourceLink.GitHub.GetSourceLinkUrl" task from assembly "/usr/share/dotnet/sdk/8.0.415/Sdks/Microsoft.SourceLink.GitHub/build/../tools/core/Microsoft.SourceLink.GitHub.dll".
   4:7>Done building target "_InitializeAzureReposGitSourceLinkUrl" in project "KChief.Protocols.Modbus.csproj".
   5:7>ResolveAssemblyReferences:
             This reference is not "CopyLocal" because at least one source item had "Private" set to "false" and no source items had "Private" set to "true".
   8:8>Task "Microsoft.SourceLink.GitHub.GetSourceLinkUrl"
   5:7>ResolveAssemblyReferences:
             The ImageRuntimeVersion for this reference is "".
   4:7>Target "_InitializeBitbucketGitSourceLinkUrl" in file "/usr/share/dotnet/sdk/8.0.415/Sdks/Microsoft.SourceLink.Bitbucket.Git/build/Microsoft.SourceLink.Bitbucket.Git.targets" from project "/home/saidul/Desktop/K-Chief Marine Automation Platform/src/KChief.Protocols.Modbus/KChief.Protocols.Modbus.csproj" (target "_GenerateSourceLinkFile" depends on it):
   4:7>Building target "_InitializeBitbucketGitSourceLinkUrl" completely.
   8:8>Done executing task "Microsoft.SourceLink.GitHub.GetSourceLinkUrl".
   5:7>ResolveAssemblyReferences:
         Primary reference "System.Xml.Serialization, Version=4.0.0.0, Culture=neutral, PublicKeyToken=b77a5c561934e089".
   4:7>_InitializeBitbucketGitSourceLinkUrl:
       No input files were specified.
   8:8>Done building target "_InitializeGitHubSourceLinkUrl" in project "KChief.DataAccess.csproj".
   5:7>ResolveAssemblyReferences:
             Resolved file path is "/usr/share/dotnet/packs/Microsoft.NETCore.App.Ref/8.0.21/ref/net8.0/System.Xml.Serialization.dll".
   4:7>_InitializeBitbucketGitSourceLinkUrl:
       Using "Microsoft.SourceLink.Bitbucket.Git.GetSourceLinkUrl" task from assembly "/usr/share/dotnet/sdk/8.0.415/Sdks/Microsoft.SourceLink.Bitbucket.Git/build/../tools/core/Microsoft.SourceLink.Bitbucket.Git.dll".
   5:7>ResolveAssemblyReferences:
             Reference found at search path location "{RawFileName}".
             This reference is not "CopyLocal" because at least one source item had "Private" set to "false" and no source items had "Private" set to "true".
   8:8>Target "_InitializeGitHubSourceLinkUrl" in file "/usr/share/dotnet/sdk/8.0.415/Sdks/Microsoft.SourceLink.GitHub/build/Microsoft.SourceLink.GitHub.targets" from project "/home/saidul/Desktop/K-Chief Marine Automation Platform/src/KChief.DataAccess/KChief.DataAccess.csproj" (target "_GenerateSourceLinkFile" depends on it):
   8:8>Building target "_InitializeGitHubSourceLinkUrl" completely.
   4:7>Task "Microsoft.SourceLink.Bitbucket.Git.GetSourceLinkUrl"
   5:7>ResolveAssemblyReferences:
             The ImageRuntimeVersion for this reference is "".
   8:8>_InitializeGitHubSourceLinkUrl:
       No input files were specified.
   4:7>Done executing task "Microsoft.SourceLink.Bitbucket.Git.GetSourceLinkUrl".
   8:8>Task "Microsoft.SourceLink.GitHub.GetSourceLinkUrl"
   4:7>Done building target "_InitializeBitbucketGitSourceLinkUrl" in project "KChief.Protocols.Modbus.csproj".
   5:7>ResolveAssemblyReferences:
         Primary reference "System.Xml.XDocument, Version=8.0.0.0, Culture=neutral, PublicKeyToken=b03f5f7f11d50a3a".
             Resolved file path is "/usr/share/dotnet/packs/Microsoft.NETCore.App.Ref/8.0.21/ref/net8.0/System.Xml.XDocument.dll".
             Reference found at search path location "{RawFileName}".
             This reference is not "CopyLocal" because at least one source item had "Private" set to "false" and no source items had "Private" set to "true".
             The ImageRuntimeVersion for this reference is "".
         Primary reference "System.Xml.XPath.XDocument, Version=8.0.0.0, Culture=neutral, PublicKeyToken=b03f5f7f11d50a3a".
             Resolved file path is "/usr/share/dotnet/packs/Microsoft.NETCore.App.Ref/8.0.21/ref/net8.0/System.Xml.XPath.XDocument.dll".
             Reference found at search path location "{RawFileName}".
             This reference is not "CopyLocal" because at least one source item had "Private" set to "false" and no source items had "Private" set to "true".
             The ImageRuntimeVersion for this reference is "".
         Primary reference "System.Xml.XPath, Version=8.0.0.0, Culture=neutral, PublicKeyToken=b03f5f7f11d50a3a".
             Resolved file path is "/usr/share/dotnet/packs/Microsoft.NETCore.App.Ref/8.0.21/ref/net8.0/System.Xml.XPath.dll".
             Reference found at search path location "{RawFileName}".
             This reference is not "CopyLocal" because at least one source item had "Private" set to "false" and no source items had "Private" set to "true".
             The ImageRuntimeVersion for this reference is "".
         Primary reference "System.Xml.XmlDocument, Version=8.0.0.0, Culture=neutral, PublicKeyToken=b03f5f7f11d50a3a".
             Resolved file path is "/usr/share/dotnet/packs/Microsoft.NETCore.App.Ref/8.0.21/ref/net8.0/System.Xml.XmlDocument.dll".
             Reference found at search path location "{RawFileName}".
   4:7>Target "_InitializeBitbucketGitSourceLinkUrl" in file "/usr/share/dotnet/sdk/8.0.415/Sdks/Microsoft.SourceLink.Bitbucket.Git/build/Microsoft.SourceLink.Bitbucket.Git.targets" from project "/home/saidul/Desktop/K-Chief Marine Automation Platform/src/KChief.Protocols.Modbus/KChief.Protocols.Modbus.csproj" (target "_GenerateSourceLinkFile" depends on it):
   4:7>Building target "_InitializeBitbucketGitSourceLinkUrl" completely.
   5:7>ResolveAssemblyReferences:
             This reference is not "CopyLocal" because at least one source item had "Private" set to "false" and no source items had "Private" set to "true".
             The ImageRuntimeVersion for this reference is "".
         Primary reference "System.Xml.XmlSerializer, Version=8.0.0.0, Culture=neutral, PublicKeyToken=b03f5f7f11d50a3a".
             Resolved file path is "/usr/share/dotnet/packs/Microsoft.NETCore.App.Ref/8.0.21/ref/net8.0/System.Xml.XmlSerializer.dll".
             Reference found at search path location "{RawFileName}".
             This reference is not "CopyLocal" because at least one source item had "Private" set to "false" and no source items had "Private" set to "true".
             The ImageRuntimeVersion for this reference is "".
   4:7>_InitializeBitbucketGitSourceLinkUrl:
       No input files were specified.
   5:7>ResolveAssemblyReferences:
         Primary reference "System.Xml, Version=4.0.0.0, Culture=neutral, PublicKeyToken=b77a5c561934e089".
             Resolved file path is "/usr/share/dotnet/packs/Microsoft.NETCore.App.Ref/8.0.21/ref/net8.0/System.Xml.dll".
             Reference found at search path location "{RawFileName}".
             This reference is not "CopyLocal" because at least one source item had "Private" set to "false" and no source items had "Private" set to "true".
             The ImageRuntimeVersion for this reference is "".
         Primary reference "System, Version=4.0.0.0, Culture=neutral, PublicKeyToken=b77a5c561934e089".
             Resolved file path is "/usr/share/dotnet/packs/Microsoft.NETCore.App.Ref/8.0.21/ref/net8.0/System.dll".
             Reference found at search path location "{RawFileName}".
             This reference is not "CopyLocal" because at least one source item had "Private" set to "false" and no source items had "Private" set to "true".
             The ImageRuntimeVersion for this reference is "".
         Primary reference "WindowsBase, Version=4.0.0.0, Culture=neutral, PublicKeyToken=31bf3856ad364e35".
   8:8>Done executing task "Microsoft.SourceLink.GitHub.GetSourceLinkUrl".
   5:7>ResolveAssemblyReferences:
             Resolved file path is "/usr/share/dotnet/packs/Microsoft.NETCore.App.Ref/8.0.21/ref/net8.0/WindowsBase.dll".
             Reference found at search path location "{RawFileName}".
             This reference is not "CopyLocal" because at least one source item had "Private" set to "false" and no source items had "Private" set to "true".
             The ImageRuntimeVersion for this reference is "".
   8:8>Done building target "_InitializeGitHubSourceLinkUrl" in project "KChief.DataAccess.csproj".
   5:7>ResolveAssemblyReferences:
         Primary reference "mscorlib, Version=4.0.0.0, Culture=neutral, PublicKeyToken=b77a5c561934e089".
             Resolved file path is "/usr/share/dotnet/packs/Microsoft.NETCore.App.Ref/8.0.21/ref/net8.0/mscorlib.dll".
             Reference found at search path location "{RawFileName}".
             This reference is not "CopyLocal" because at least one source item had "Private" set to "false" and no source items had "Private" set to "true".
             The ImageRuntimeVersion for this reference is "".
         Primary reference "netstandard, Version=2.1.0.0, Culture=neutral, PublicKeyToken=cc7b13ffcd2ddd51".
             Resolved file path is "/usr/share/dotnet/packs/Microsoft.NETCore.App.Ref/8.0.21/ref/net8.0/netstandard.dll".
   8:8>Target "_InitializeGitLabSourceLinkUrl" in file "/usr/share/dotnet/sdk/8.0.415/Sdks/Microsoft.SourceLink.GitLab/build/Microsoft.SourceLink.GitLab.targets" from project "/home/saidul/Desktop/K-Chief Marine Automation Platform/src/KChief.DataAccess/KChief.DataAccess.csproj" (target "_GenerateSourceLinkFile" depends on it):
   8:8>Building target "_InitializeGitLabSourceLinkUrl" completely.
   5:7>ResolveAssemblyReferences:
             Reference found at search path location "{RawFileName}".
             This reference is not "CopyLocal" because at least one source item had "Private" set to "false" and no source items had "Private" set to "true".
   4:7>Task "Microsoft.SourceLink.Bitbucket.Git.GetSourceLinkUrl"
   5:7>ResolveAssemblyReferences:
             The ImageRuntimeVersion for this reference is "".
   8:8>_InitializeGitLabSourceLinkUrl:
       No input files were specified.
   4:7>Done executing task "Microsoft.SourceLink.Bitbucket.Git.GetSourceLinkUrl".
   5:7>ResolveAssemblyReferences:
         Primary reference "Microsoft.AspNetCore.Antiforgery, Version=8.0.0.0, Culture=neutral, PublicKeyToken=adb9793829ddae60".
   4:7>Done building target "_InitializeBitbucketGitSourceLinkUrl" in project "KChief.Protocols.Modbus.csproj".
   5:7>ResolveAssemblyReferences:
             Resolved file path is "/usr/share/dotnet/packs/Microsoft.AspNetCore.App.Ref/8.0.21/ref/net8.0/Microsoft.AspNetCore.Antiforgery.dll".
             Reference found at search path location "{RawFileName}".
             This reference is not "CopyLocal" because at least one source item had "Private" set to "false" and no source items had "Private" set to "true".
   4:7>Target "_GenerateSourceLinkFile" in file "/usr/share/dotnet/sdk/8.0.415/Sdks/Microsoft.SourceLink.Common/build/Microsoft.SourceLink.Common.targets" from project "/home/saidul/Desktop/K-Chief Marine Automation Platform/src/KChief.Protocols.Modbus/KChief.Protocols.Modbus.csproj" (target "GenerateSourceLinkFile" depends on it):
   4:7>Building target "_GenerateSourceLinkFile" completely.
   5:7>ResolveAssemblyReferences:
             The ImageRuntimeVersion for this reference is "".
   4:7>_GenerateSourceLinkFile:
       No input files were specified.
   5:7>ResolveAssemblyReferences:
         Primary reference "Microsoft.AspNetCore.Authentication.Abstractions, Version=8.0.0.0, Culture=neutral, PublicKeyToken=adb9793829ddae60".
   4:7>_GenerateSourceLinkFile:
       Using "Microsoft.SourceLink.Common.GenerateSourceLinkFile" task from assembly "/usr/share/dotnet/sdk/8.0.415/Sdks/Microsoft.SourceLink.Common/build/../tools/core/Microsoft.SourceLink.Common.dll".
   5:7>ResolveAssemblyReferences:
             Resolved file path is "/usr/share/dotnet/packs/Microsoft.AspNetCore.App.Ref/8.0.21/ref/net8.0/Microsoft.AspNetCore.Authentication.Abstractions.dll".
   4:7>Task "Microsoft.SourceLink.Common.GenerateSourceLinkFile"
   5:7>ResolveAssemblyReferences:
             Reference found at search path location "{RawFileName}".
             This reference is not "CopyLocal" because at least one source item had "Private" set to "false" and no source items had "Private" set to "true".
             The ImageRuntimeVersion for this reference is "".
         Primary reference "Microsoft.AspNetCore.Authentication.BearerToken, Version=8.0.0.0, Culture=neutral, PublicKeyToken=adb9793829ddae60".
             Resolved file path is "/usr/share/dotnet/packs/Microsoft.AspNetCore.App.Ref/8.0.21/ref/net8.0/Microsoft.AspNetCore.Authentication.BearerToken.dll".
             Reference found at search path location "{RawFileName}".
   8:8>_InitializeGitLabSourceLinkUrl:
       Using "Microsoft.SourceLink.GitLab.GetSourceLinkUrl" task from assembly "/usr/share/dotnet/sdk/8.0.415/Sdks/Microsoft.SourceLink.GitLab/build/../tools/core/Microsoft.SourceLink.GitLab.dll".
   5:7>ResolveAssemblyReferences:
             This reference is not "CopyLocal" because at least one source item had "Private" set to "false" and no source items had "Private" set to "true".
             The ImageRuntimeVersion for this reference is "".
   8:8>Task "Microsoft.SourceLink.GitLab.GetSourceLinkUrl"
   5:7>ResolveAssemblyReferences:
         Primary reference "Microsoft.AspNetCore.Authentication.Cookies, Version=8.0.0.0, Culture=neutral, PublicKeyToken=adb9793829ddae60".
             Resolved file path is "/usr/share/dotnet/packs/Microsoft.AspNetCore.App.Ref/8.0.21/ref/net8.0/Microsoft.AspNetCore.Authentication.Cookies.dll".
             Reference found at search path location "{RawFileName}".
             This reference is not "CopyLocal" because at least one source item had "Private" set to "false" and no source items had "Private" set to "true".
             The ImageRuntimeVersion for this reference is "".
         Primary reference "Microsoft.AspNetCore.Authentication.Core, Version=8.0.0.0, Culture=neutral, PublicKeyToken=adb9793829ddae60".
             Resolved file path is "/usr/share/dotnet/packs/Microsoft.AspNetCore.App.Ref/8.0.21/ref/net8.0/Microsoft.AspNetCore.Authentication.Core.dll".
   8:8>Done executing task "Microsoft.SourceLink.GitLab.GetSourceLinkUrl".
   5:7>ResolveAssemblyReferences:
             Reference found at search path location "{RawFileName}".
   8:8>Done building target "_InitializeGitLabSourceLinkUrl" in project "KChief.DataAccess.csproj".
   5:7>ResolveAssemblyReferences:
             This reference is not "CopyLocal" because at least one source item had "Private" set to "false" and no source items had "Private" set to "true".
             The ImageRuntimeVersion for this reference is "".
   8:8>Target "_InitializeGitLabSourceLinkUrl" in file "/usr/share/dotnet/sdk/8.0.415/Sdks/Microsoft.SourceLink.GitLab/build/Microsoft.SourceLink.GitLab.targets" from project "/home/saidul/Desktop/K-Chief Marine Automation Platform/src/KChief.DataAccess/KChief.DataAccess.csproj" (target "_GenerateSourceLinkFile" depends on it):
   8:8>Building target "_InitializeGitLabSourceLinkUrl" completely.
   5:7>ResolveAssemblyReferences:
         Primary reference "Microsoft.AspNetCore.Authentication.OAuth, Version=8.0.0.0, Culture=neutral, PublicKeyToken=adb9793829ddae60".
   8:8>_InitializeGitLabSourceLinkUrl:
       No input files were specified.
   5:7>ResolveAssemblyReferences:
             Resolved file path is "/usr/share/dotnet/packs/Microsoft.AspNetCore.App.Ref/8.0.21/ref/net8.0/Microsoft.AspNetCore.Authentication.OAuth.dll".
   8:8>Task "Microsoft.SourceLink.GitLab.GetSourceLinkUrl"
   4:7>_GenerateSourceLinkFile:
         Updating Source Link file 'obj/Release/net8.0/KChief.Protocols.Modbus.sourcelink.json'.
   5:7>ResolveAssemblyReferences:
             Reference found at search path location "{RawFileName}".
             This reference is not "CopyLocal" because at least one source item had "Private" set to "false" and no source items had "Private" set to "true".
             The ImageRuntimeVersion for this reference is "".
         Primary reference "Microsoft.AspNetCore.Authentication, Version=8.0.0.0, Culture=neutral, PublicKeyToken=adb9793829ddae60".
             Resolved file path is "/usr/share/dotnet/packs/Microsoft.AspNetCore.App.Ref/8.0.21/ref/net8.0/Microsoft.AspNetCore.Authentication.dll".
             Reference found at search path location "{RawFileName}".
             This reference is not "CopyLocal" because at least one source item had "Private" set to "false" and no source items had "Private" set to "true".
             The ImageRuntimeVersion for this reference is "".
         Primary reference "Microsoft.AspNetCore.Authorization.Policy, Version=8.0.0.0, Culture=neutral, PublicKeyToken=adb9793829ddae60".
             Resolved file path is "/usr/share/dotnet/packs/Microsoft.AspNetCore.App.Ref/8.0.21/ref/net8.0/Microsoft.AspNetCore.Authorization.Policy.dll".
             Reference found at search path location "{RawFileName}".
             This reference is not "CopyLocal" because at least one source item had "Private" set to "false" and no source items had "Private" set to "true".
             The ImageRuntimeVersion for this reference is "".
   4:7>Done executing task "Microsoft.SourceLink.Common.GenerateSourceLinkFile".
   5:7>ResolveAssemblyReferences:
         Primary reference "Microsoft.AspNetCore.Authorization, Version=8.0.0.0, Culture=neutral, PublicKeyToken=adb9793829ddae60".
             Resolved file path is "/usr/share/dotnet/packs/Microsoft.AspNetCore.App.Ref/8.0.21/ref/net8.0/Microsoft.AspNetCore.Authorization.dll".
             Reference found at search path location "{RawFileName}".
             This reference is not "CopyLocal" because at least one source item had "Private" set to "false" and no source items had "Private" set to "true".
             The ImageRuntimeVersion for this reference is "".
   4:7>Done building target "_GenerateSourceLinkFile" in project "KChief.Protocols.Modbus.csproj".
   5:7>ResolveAssemblyReferences:
         Primary reference "Microsoft.AspNetCore.Components.Authorization, Version=8.0.0.0, Culture=neutral, PublicKeyToken=adb9793829ddae60".
             Resolved file path is "/usr/share/dotnet/packs/Microsoft.AspNetCore.App.Ref/8.0.21/ref/net8.0/Microsoft.AspNetCore.Components.Authorization.dll".
   4:7>Target "GenerateSourceLinkFile" in file "/usr/share/dotnet/sdk/8.0.415/Sdks/Microsoft.SourceLink.Common/build/Microsoft.SourceLink.Common.targets" from project "/home/saidul/Desktop/K-Chief Marine Automation Platform/src/KChief.Protocols.Modbus/KChief.Protocols.Modbus.csproj" (target "CoreCompile" depends on it):
   4:7>Done building target "GenerateSourceLinkFile" in project "KChief.Protocols.Modbus.csproj".
   5:7>ResolveAssemblyReferences:
             Reference found at search path location "{RawFileName}".
             This reference is not "CopyLocal" because at least one source item had "Private" set to "false" and no source items had "Private" set to "true".
             The ImageRuntimeVersion for this reference is "".
         Primary reference "Microsoft.AspNetCore.Components.Endpoints, Version=8.0.0.0, Culture=neutral, PublicKeyToken=adb9793829ddae60".
             Resolved file path is "/usr/share/dotnet/packs/Microsoft.AspNetCore.App.Ref/8.0.21/ref/net8.0/Microsoft.AspNetCore.Components.Endpoints.dll".
             Reference found at search path location "{RawFileName}".
             This reference is not "CopyLocal" because at least one source item had "Private" set to "false" and no source items had "Private" set to "true".
             The ImageRuntimeVersion for this reference is "".
         Primary reference "Microsoft.AspNetCore.Components.Forms, Version=8.0.0.0, Culture=neutral, PublicKeyToken=adb9793829ddae60".
             Resolved file path is "/usr/share/dotnet/packs/Microsoft.AspNetCore.App.Ref/8.0.21/ref/net8.0/Microsoft.AspNetCore.Components.Forms.dll".
             Reference found at search path location "{RawFileName}".
             This reference is not "CopyLocal" because at least one source item had "Private" set to "false" and no source items had "Private" set to "true".
             The ImageRuntimeVersion for this reference is "".
         Primary reference "Microsoft.AspNetCore.Components.Server, Version=8.0.0.0, Culture=neutral, PublicKeyToken=adb9793829ddae60".
   8:8>Done executing task "Microsoft.SourceLink.GitLab.GetSourceLinkUrl".
   5:7>ResolveAssemblyReferences:
             Resolved file path is "/usr/share/dotnet/packs/Microsoft.AspNetCore.App.Ref/8.0.21/ref/net8.0/Microsoft.AspNetCore.Components.Server.dll".
             Reference found at search path location "{RawFileName}".
             This reference is not "CopyLocal" because at least one source item had "Private" set to "false" and no source items had "Private" set to "true".
   8:8>Done building target "_InitializeGitLabSourceLinkUrl" in project "KChief.DataAccess.csproj".
   5:7>ResolveAssemblyReferences:
             The ImageRuntimeVersion for this reference is "".
         Primary reference "Microsoft.AspNetCore.Components.Web, Version=8.0.0.0, Culture=neutral, PublicKeyToken=adb9793829ddae60".
             Resolved file path is "/usr/share/dotnet/packs/Microsoft.AspNetCore.App.Ref/8.0.21/ref/net8.0/Microsoft.AspNetCore.Components.Web.dll".
   8:8>Target "_InitializeAzureReposGitSourceLinkUrl" in file "/usr/share/dotnet/sdk/8.0.415/Sdks/Microsoft.SourceLink.AzureRepos.Git/build/Microsoft.SourceLink.AzureRepos.Git.targets" from project "/home/saidul/Desktop/K-Chief Marine Automation Platform/src/KChief.DataAccess/KChief.DataAccess.csproj" (target "_GenerateSourceLinkFile" depends on it):
   8:8>Building target "_InitializeAzureReposGitSourceLinkUrl" completely.
   5:7>ResolveAssemblyReferences:
             Reference found at search path location "{RawFileName}".
   8:8>_InitializeAzureReposGitSourceLinkUrl:
       No input files were specified.
   5:7>ResolveAssemblyReferences:
             This reference is not "CopyLocal" because at least one source item had "Private" set to "false" and no source items had "Private" set to "true".
             The ImageRuntimeVersion for this reference is "".
         Primary reference "Microsoft.AspNetCore.Components, Version=8.0.0.0, Culture=neutral, PublicKeyToken=adb9793829ddae60".
             Resolved file path is "/usr/share/dotnet/packs/Microsoft.AspNetCore.App.Ref/8.0.21/ref/net8.0/Microsoft.AspNetCore.Components.dll".
             Reference found at search path location "{RawFileName}".
             This reference is not "CopyLocal" because at least one source item had "Private" set to "false" and no source items had "Private" set to "true".
             The ImageRuntimeVersion for this reference is "".
         Primary reference "Microsoft.AspNetCore.Connections.Abstractions, Version=8.0.0.0, Culture=neutral, PublicKeyToken=adb9793829ddae60".
             Resolved file path is "/usr/share/dotnet/packs/Microsoft.AspNetCore.App.Ref/8.0.21/ref/net8.0/Microsoft.AspNetCore.Connections.Abstractions.dll".
             Reference found at search path location "{RawFileName}".
             This reference is not "CopyLocal" because at least one source item had "Private" set to "false" and no source items had "Private" set to "true".
             The ImageRuntimeVersion for this reference is "".
         Primary reference "Microsoft.AspNetCore.CookiePolicy, Version=8.0.0.0, Culture=neutral, PublicKeyToken=adb9793829ddae60".
             Resolved file path is "/usr/share/dotnet/packs/Microsoft.AspNetCore.App.Ref/8.0.21/ref/net8.0/Microsoft.AspNetCore.CookiePolicy.dll".
             Reference found at search path location "{RawFileName}".
             This reference is not "CopyLocal" because at least one source item had "Private" set to "false" and no source items had "Private" set to "true".
   4:7>Target "AddGlobalAnalyzerConfigForPackage_MicrosoftCodeAnalysisNetAnalyzers" in file "/usr/share/dotnet/sdk/8.0.415/Sdks/Microsoft.NET.Sdk/analyzers/build/Microsoft.CodeAnalysis.NetAnalyzers.targets" from project "/home/saidul/Desktop/K-Chief Marine Automation Platform/src/KChief.Protocols.Modbus/KChief.Protocols.Modbus.csproj" (target "CoreCompile" depends on it):
   4:7>Done building target "AddGlobalAnalyzerConfigForPackage_MicrosoftCodeAnalysisNetAnalyzers" in project "KChief.Protocols.Modbus.csproj".
   5:7>ResolveAssemblyReferences:
             The ImageRuntimeVersion for this reference is "".
         Primary reference "Microsoft.AspNetCore.Cors, Version=8.0.0.0, Culture=neutral, PublicKeyToken=adb9793829ddae60".
   4:7>Target "AddGlobalAnalyzerConfigForPackage_MicrosoftCodeAnalysisNetAnalyzersDesign" skipped, due to false condition; ('$(SkipGlobalAnalyzerConfigForPackage)' != 'true' and ('$(AnalysisLevelDesign)' != '' or '$(AnalysisModeDesign)' != '')) was evaluated as ('' != 'true' and ('' != '' or '' != '')).
   5:7>ResolveAssemblyReferences:
             Resolved file path is "/usr/share/dotnet/packs/Microsoft.AspNetCore.App.Ref/8.0.21/ref/net8.0/Microsoft.AspNetCore.Cors.dll".
   4:7>Target "AddGlobalAnalyzerConfigForPackage_MicrosoftCodeAnalysisNetAnalyzersDocumentation" skipped, due to false condition; ('$(SkipGlobalAnalyzerConfigForPackage)' != 'true' and ('$(AnalysisLevelDocumentation)' != '' or '$(AnalysisModeDocumentation)' != '')) was evaluated as ('' != 'true' and ('' != '' or '' != '')).
   8:8>_InitializeAzureReposGitSourceLinkUrl:
       Using "Microsoft.SourceLink.AzureRepos.Git.GetSourceLinkUrl" task from assembly "/usr/share/dotnet/sdk/8.0.415/Sdks/Microsoft.SourceLink.AzureRepos.Git/build/../tools/core/Microsoft.SourceLink.AzureRepos.Git.dll".
   5:7>ResolveAssemblyReferences:
             Reference found at search path location "{RawFileName}".
   4:7>Target "AddGlobalAnalyzerConfigForPackage_MicrosoftCodeAnalysisNetAnalyzersGlobalization" skipped, due to false condition; ('$(SkipGlobalAnalyzerConfigForPackage)' != 'true' and ('$(AnalysisLevelGlobalization)' != '' or '$(AnalysisModeGlobalization)' != '')) was evaluated as ('' != 'true' and ('' != '' or '' != '')).
   5:7>ResolveAssemblyReferences:
             This reference is not "CopyLocal" because at least one source item had "Private" set to "false" and no source items had "Private" set to "true".
             The ImageRuntimeVersion for this reference is "".
         Primary reference "Microsoft.AspNetCore.Cryptography.Internal, Version=8.0.0.0, Culture=neutral, PublicKeyToken=adb9793829ddae60".
   8:8>Task "Microsoft.SourceLink.AzureRepos.Git.GetSourceLinkUrl"
   5:7>ResolveAssemblyReferences:
             Resolved file path is "/usr/share/dotnet/packs/Microsoft.AspNetCore.App.Ref/8.0.21/ref/net8.0/Microsoft.AspNetCore.Cryptography.Internal.dll".
             Reference found at search path location "{RawFileName}".
             This reference is not "CopyLocal" because at least one source item had "Private" set to "false" and no source items had "Private" set to "true".
             The ImageRuntimeVersion for this reference is "".
         Primary reference "Microsoft.AspNetCore.Cryptography.KeyDerivation, Version=8.0.0.0, Culture=neutral, PublicKeyToken=adb9793829ddae60".
             Resolved file path is "/usr/share/dotnet/packs/Microsoft.AspNetCore.App.Ref/8.0.21/ref/net8.0/Microsoft.AspNetCore.Cryptography.KeyDerivation.dll".
             Reference found at search path location "{RawFileName}".
             This reference is not "CopyLocal" because at least one source item had "Private" set to "false" and no source items had "Private" set to "true".
             The ImageRuntimeVersion for this reference is "".
         Primary reference "Microsoft.AspNetCore.DataProtection.Abstractions, Version=8.0.0.0, Culture=neutral, PublicKeyToken=adb9793829ddae60".
             Resolved file path is "/usr/share/dotnet/packs/Microsoft.AspNetCore.App.Ref/8.0.21/ref/net8.0/Microsoft.AspNetCore.DataProtection.Abstractions.dll".
             Reference found at search path location "{RawFileName}".
             This reference is not "CopyLocal" because at least one source item had "Private" set to "false" and no source items had "Private" set to "true".
             The ImageRuntimeVersion for this reference is "".
         Primary reference "Microsoft.AspNetCore.DataProtection.Extensions, Version=8.0.0.0, Culture=neutral, PublicKeyToken=adb9793829ddae60".
             Resolved file path is "/usr/share/dotnet/packs/Microsoft.AspNetCore.App.Ref/8.0.21/ref/net8.0/Microsoft.AspNetCore.DataProtection.Extensions.dll".
             Reference found at search path location "{RawFileName}".
             This reference is not "CopyLocal" because at least one source item had "Private" set to "false" and no source items had "Private" set to "true".
             The ImageRuntimeVersion for this reference is "".
         Primary reference "Microsoft.AspNetCore.DataProtection, Version=8.0.0.0, Culture=neutral, PublicKeyToken=adb9793829ddae60".
             Resolved file path is "/usr/share/dotnet/packs/Microsoft.AspNetCore.App.Ref/8.0.21/ref/net8.0/Microsoft.AspNetCore.DataProtection.dll".
             Reference found at search path location "{RawFileName}".
             This reference is not "CopyLocal" because at least one source item had "Private" set to "false" and no source items had "Private" set to "true".
             The ImageRuntimeVersion for this reference is "".
         Primary reference "Microsoft.AspNetCore.Diagnostics.Abstractions, Version=8.0.0.0, Culture=neutral, PublicKeyToken=adb9793829ddae60".
   4:7>Target "AddGlobalAnalyzerConfigForPackage_MicrosoftCodeAnalysisNetAnalyzersInteroperability" skipped, due to false condition; ('$(SkipGlobalAnalyzerConfigForPackage)' != 'true' and ('$(AnalysisLevelInteroperability)' != '' or '$(AnalysisModeInteroperability)' != '')) was evaluated as ('' != 'true' and ('' != '' or '' != '')).
   5:7>ResolveAssemblyReferences:
             Resolved file path is "/usr/share/dotnet/packs/Microsoft.AspNetCore.App.Ref/8.0.21/ref/net8.0/Microsoft.AspNetCore.Diagnostics.Abstractions.dll".
             Reference found at search path location "{RawFileName}".
   4:7>Target "AddGlobalAnalyzerConfigForPackage_MicrosoftCodeAnalysisNetAnalyzersMaintainability" skipped, due to false condition; ('$(SkipGlobalAnalyzerConfigForPackage)' != 'true' and ('$(AnalysisLevelMaintainability)' != '' or '$(AnalysisModeMaintainability)' != '')) was evaluated as ('' != 'true' and ('' != '' or '' != '')).
   5:7>ResolveAssemblyReferences:
             This reference is not "CopyLocal" because at least one source item had "Private" set to "false" and no source items had "Private" set to "true".
   4:7>Target "AddGlobalAnalyzerConfigForPackage_MicrosoftCodeAnalysisNetAnalyzersNaming" skipped, due to false condition; ('$(SkipGlobalAnalyzerConfigForPackage)' != 'true' and ('$(AnalysisLevelNaming)' != '' or '$(AnalysisModeNaming)' != '')) was evaluated as ('' != 'true' and ('' != '' or '' != '')).
   5:7>ResolveAssemblyReferences:
             The ImageRuntimeVersion for this reference is "".
   8:8>Done executing task "Microsoft.SourceLink.AzureRepos.Git.GetSourceLinkUrl".
   4:7>Target "AddGlobalAnalyzerConfigForPackage_MicrosoftCodeAnalysisNetAnalyzersPerformance" skipped, due to false condition; ('$(SkipGlobalAnalyzerConfigForPackage)' != 'true' and ('$(AnalysisLevelPerformance)' != '' or '$(AnalysisModePerformance)' != '')) was evaluated as ('' != 'true' and ('' != '' or '' != '')).
   5:7>ResolveAssemblyReferences:
         Primary reference "Microsoft.AspNetCore.Diagnostics.HealthChecks, Version=8.0.0.0, Culture=neutral, PublicKeyToken=adb9793829ddae60".
   8:8>Done building target "_InitializeAzureReposGitSourceLinkUrl" in project "KChief.DataAccess.csproj".
   4:7>Target "AddGlobalAnalyzerConfigForPackage_MicrosoftCodeAnalysisNetAnalyzersReliability" skipped, due to false condition; ('$(SkipGlobalAnalyzerConfigForPackage)' != 'true' and ('$(AnalysisLevelReliability)' != '' or '$(AnalysisModeReliability)' != '')) was evaluated as ('' != 'true' and ('' != '' or '' != '')).
   5:7>ResolveAssemblyReferences:
             Resolved file path is "/usr/share/dotnet/packs/Microsoft.AspNetCore.App.Ref/8.0.21/ref/net8.0/Microsoft.AspNetCore.Diagnostics.HealthChecks.dll".
   4:7>Target "AddGlobalAnalyzerConfigForPackage_MicrosoftCodeAnalysisNetAnalyzersSecurity" skipped, due to false condition; ('$(SkipGlobalAnalyzerConfigForPackage)' != 'true' and ('$(AnalysisLevelSecurity)' != '' or '$(AnalysisModeSecurity)' != '')) was evaluated as ('' != 'true' and ('' != '' or '' != '')).
   5:7>ResolveAssemblyReferences:
             Reference found at search path location "{RawFileName}".
   8:8>Target "_InitializeAzureReposGitSourceLinkUrl" in file "/usr/share/dotnet/sdk/8.0.415/Sdks/Microsoft.SourceLink.AzureRepos.Git/build/Microsoft.SourceLink.AzureRepos.Git.targets" from project "/home/saidul/Desktop/K-Chief Marine Automation Platform/src/KChief.DataAccess/KChief.DataAccess.csproj" (target "_GenerateSourceLinkFile" depends on it):
   8:8>Building target "_InitializeAzureReposGitSourceLinkUrl" completely.
   5:7>ResolveAssemblyReferences:
             This reference is not "CopyLocal" because at least one source item had "Private" set to "false" and no source items had "Private" set to "true".
   4:7>Target "AddGlobalAnalyzerConfigForPackage_MicrosoftCodeAnalysisNetAnalyzersUsage" skipped, due to false condition; ('$(SkipGlobalAnalyzerConfigForPackage)' != 'true' and ('$(AnalysisLevelUsage)' != '' or '$(AnalysisModeUsage)' != '')) was evaluated as ('' != 'true' and ('' != '' or '' != '')).
   8:8>_InitializeAzureReposGitSourceLinkUrl:
       No input files were specified.
   5:7>ResolveAssemblyReferences:
             The ImageRuntimeVersion for this reference is "".
   4:7>Target "_CodeAnalysisTreatWarningsAsErrors" skipped, due to false condition; ('$(DesignTimeBuild)' == 'true' OR '$(BuildingProject)' != 'true') was evaluated as ('' == 'true' OR 'true' != 'true').
   8:8>Task "Microsoft.SourceLink.AzureRepos.Git.GetSourceLinkUrl"
   5:7>ResolveAssemblyReferences:
         Primary reference "Microsoft.AspNetCore.Diagnostics, Version=8.0.0.0, Culture=neutral, PublicKeyToken=adb9793829ddae60".
             Resolved file path is "/usr/share/dotnet/packs/Microsoft.AspNetCore.App.Ref/8.0.21/ref/net8.0/Microsoft.AspNetCore.Diagnostics.dll".
             Reference found at search path location "{RawFileName}".
   4:7>Target "_ReportUpgradeNetAnalyzersNuGetWarning" in file "/usr/share/dotnet/sdk/8.0.415/Sdks/Microsoft.NET.Sdk/analyzers/build/Microsoft.CodeAnalysis.NetAnalyzers.targets" from project "/home/saidul/Desktop/K-Chief Marine Automation Platform/src/KChief.Protocols.Modbus/KChief.Protocols.Modbus.csproj" (target "CoreCompile" depends on it):
   4:7>Task "Warning" skipped, due to false condition; ('$(_NETAnalyzersNuGetAssemblyVersion)' != '' AND
                         '$(_NETAnalyzersSDKAssemblyVersion)' != '' AND
                          $(_NETAnalyzersNuGetAssemblyVersion) < $(_NETAnalyzersSDKAssemblyVersion)) was evaluated as ('' != '' AND
                         '8.0.0' != '' AND
                           < 8.0.0).
   5:7>ResolveAssemblyReferences:
             This reference is not "CopyLocal" because at least one source item had "Private" set to "false" and no source items had "Private" set to "true".
   4:7>Done building target "_ReportUpgradeNetAnalyzersNuGetWarning" in project "KChief.Protocols.Modbus.csproj".
   5:7>ResolveAssemblyReferences:
             The ImageRuntimeVersion for this reference is "".
         Primary reference "Microsoft.AspNetCore.HostFiltering, Version=8.0.0.0, Culture=neutral, PublicKeyToken=adb9793829ddae60".
   4:7>Target "CoreCompile" in file "/usr/share/dotnet/sdk/8.0.415/Roslyn/Microsoft.CSharp.Core.targets" from project "/home/saidul/Desktop/K-Chief Marine Automation Platform/src/KChief.Protocols.Modbus/KChief.Protocols.Modbus.csproj" (target "Compile" depends on it):
   4:7>Building target "CoreCompile" completely.
   5:7>ResolveAssemblyReferences:
             Resolved file path is "/usr/share/dotnet/packs/Microsoft.AspNetCore.App.Ref/8.0.21/ref/net8.0/Microsoft.AspNetCore.HostFiltering.dll".
             Reference found at search path location "{RawFileName}".
   4:7>CoreCompile:
       Input file "obj/Release/net8.0/KChief.Protocols.Modbus.AssemblyInfo.cs" is newer than output file "obj/Release/net8.0/KChief.Protocols.Modbus.pdb".
   5:7>ResolveAssemblyReferences:
             This reference is not "CopyLocal" because at least one source item had "Private" set to "false" and no source items had "Private" set to "true".
             The ImageRuntimeVersion for this reference is "".
   8:8>Done executing task "Microsoft.SourceLink.AzureRepos.Git.GetSourceLinkUrl".
   5:7>ResolveAssemblyReferences:
         Primary reference "Microsoft.AspNetCore.Hosting.Abstractions, Version=8.0.0.0, Culture=neutral, PublicKeyToken=adb9793829ddae60".
   8:8>Done building target "_InitializeAzureReposGitSourceLinkUrl" in project "KChief.DataAccess.csproj".
   5:7>ResolveAssemblyReferences:
             Resolved file path is "/usr/share/dotnet/packs/Microsoft.AspNetCore.App.Ref/8.0.21/ref/net8.0/Microsoft.AspNetCore.Hosting.Abstractions.dll".
             Reference found at search path location "{RawFileName}".
   8:8>Target "_InitializeBitbucketGitSourceLinkUrl" in file "/usr/share/dotnet/sdk/8.0.415/Sdks/Microsoft.SourceLink.Bitbucket.Git/build/Microsoft.SourceLink.Bitbucket.Git.targets" from project "/home/saidul/Desktop/K-Chief Marine Automation Platform/src/KChief.DataAccess/KChief.DataAccess.csproj" (target "_GenerateSourceLinkFile" depends on it):
   8:8>Building target "_InitializeBitbucketGitSourceLinkUrl" completely.
   5:7>ResolveAssemblyReferences:
             This reference is not "CopyLocal" because at least one source item had "Private" set to "false" and no source items had "Private" set to "true".
   8:8>_InitializeBitbucketGitSourceLinkUrl:
       No input files were specified.
   5:7>ResolveAssemblyReferences:
             The ImageRuntimeVersion for this reference is "".
         Primary reference "Microsoft.AspNetCore.Hosting.Server.Abstractions, Version=8.0.0.0, Culture=neutral, PublicKeyToken=adb9793829ddae60".
             Resolved file path is "/usr/share/dotnet/packs/Microsoft.AspNetCore.App.Ref/8.0.21/ref/net8.0/Microsoft.AspNetCore.Hosting.Server.Abstractions.dll".
             Reference found at search path location "{RawFileName}".
             This reference is not "CopyLocal" because at least one source item had "Private" set to "false" and no source items had "Private" set to "true".
             The ImageRuntimeVersion for this reference is "".
         Primary reference "Microsoft.AspNetCore.Hosting, Version=8.0.0.0, Culture=neutral, PublicKeyToken=adb9793829ddae60".
             Resolved file path is "/usr/share/dotnet/packs/Microsoft.AspNetCore.App.Ref/8.0.21/ref/net8.0/Microsoft.AspNetCore.Hosting.dll".
             Reference found at search path location "{RawFileName}".
             This reference is not "CopyLocal" because at least one source item had "Private" set to "false" and no source items had "Private" set to "true".
             The ImageRuntimeVersion for this reference is "".
   8:8>_InitializeBitbucketGitSourceLinkUrl:
       Using "Microsoft.SourceLink.Bitbucket.Git.GetSourceLinkUrl" task from assembly "/usr/share/dotnet/sdk/8.0.415/Sdks/Microsoft.SourceLink.Bitbucket.Git/build/../tools/core/Microsoft.SourceLink.Bitbucket.Git.dll".
   5:7>ResolveAssemblyReferences:
         Primary reference "Microsoft.AspNetCore.Html.Abstractions, Version=8.0.0.0, Culture=neutral, PublicKeyToken=adb9793829ddae60".
             Resolved file path is "/usr/share/dotnet/packs/Microsoft.AspNetCore.App.Ref/8.0.21/ref/net8.0/Microsoft.AspNetCore.Html.Abstractions.dll".
   8:8>Task "Microsoft.SourceLink.Bitbucket.Git.GetSourceLinkUrl"
   5:7>ResolveAssemblyReferences:
             Reference found at search path location "{RawFileName}".
             This reference is not "CopyLocal" because at least one source item had "Private" set to "false" and no source items had "Private" set to "true".
             The ImageRuntimeVersion for this reference is "".
         Unified primary reference "Microsoft.AspNetCore.Http.Abstractions, Version=8.0.0.0, Culture=neutral, PublicKeyToken=adb9793829ddae60".
             Using this version instead of original version "2.2.0.0" in "/home/saidul/Desktop/K-Chief Marine Automation Platform/src/KChief.Platform.Core/bin/Release/net8.0/KChief.Platform.Core.dll" because AutoUnify is 'true'.
   8:8>Done executing task "Microsoft.SourceLink.Bitbucket.Git.GetSourceLinkUrl".
   5:7>ResolveAssemblyReferences:
             Resolved file path is "/usr/share/dotnet/packs/Microsoft.AspNetCore.App.Ref/8.0.21/ref/net8.0/Microsoft.AspNetCore.Http.Abstractions.dll".
   8:8>Done building target "_InitializeBitbucketGitSourceLinkUrl" in project "KChief.DataAccess.csproj".
   5:7>ResolveAssemblyReferences:
             Reference found at search path location "{RawFileName}".
             This reference is not "CopyLocal" because at least one source item had "Private" set to "false" and no source items had "Private" set to "true".
             The ImageRuntimeVersion for this reference is "".
   8:8>Target "_InitializeBitbucketGitSourceLinkUrl" in file "/usr/share/dotnet/sdk/8.0.415/Sdks/Microsoft.SourceLink.Bitbucket.Git/build/Microsoft.SourceLink.Bitbucket.Git.targets" from project "/home/saidul/Desktop/K-Chief Marine Automation Platform/src/KChief.DataAccess/KChief.DataAccess.csproj" (target "_GenerateSourceLinkFile" depends on it):
   8:8>Building target "_InitializeBitbucketGitSourceLinkUrl" completely.
       No input files were specified.
   5:7>ResolveAssemblyReferences:
         Primary reference "Microsoft.AspNetCore.Http.Connections.Common, Version=8.0.0.0, Culture=neutral, PublicKeyToken=adb9793829ddae60".
             Resolved file path is "/usr/share/dotnet/packs/Microsoft.AspNetCore.App.Ref/8.0.21/ref/net8.0/Microsoft.AspNetCore.Http.Connections.Common.dll".
   8:8>Task "Microsoft.SourceLink.Bitbucket.Git.GetSourceLinkUrl"
   5:7>ResolveAssemblyReferences:
             Reference found at search path location "{RawFileName}".
             This reference is not "CopyLocal" because at least one source item had "Private" set to "false" and no source items had "Private" set to "true".
             The ImageRuntimeVersion for this reference is "".
         Primary reference "Microsoft.AspNetCore.Http.Connections, Version=8.0.0.0, Culture=neutral, PublicKeyToken=adb9793829ddae60".
             Resolved file path is "/usr/share/dotnet/packs/Microsoft.AspNetCore.App.Ref/8.0.21/ref/net8.0/Microsoft.AspNetCore.Http.Connections.dll".
             Reference found at search path location "{RawFileName}".
             This reference is not "CopyLocal" because at least one source item had "Private" set to "false" and no source items had "Private" set to "true".
             The ImageRuntimeVersion for this reference is "".
         Primary reference "Microsoft.AspNetCore.Http.Extensions, Version=8.0.0.0, Culture=neutral, PublicKeyToken=adb9793829ddae60".
             Resolved file path is "/usr/share/dotnet/packs/Microsoft.AspNetCore.App.Ref/8.0.21/ref/net8.0/Microsoft.AspNetCore.Http.Extensions.dll".
             Reference found at search path location "{RawFileName}".
             This reference is not "CopyLocal" because at least one source item had "Private" set to "false" and no source items had "Private" set to "true".
             The ImageRuntimeVersion for this reference is "".
         Unified primary reference "Microsoft.AspNetCore.Http.Features, Version=8.0.0.0, Culture=neutral, PublicKeyToken=adb9793829ddae60".
             Using this version instead of original version "2.2.0.0" in "/home/saidul/Desktop/K-Chief Marine Automation Platform/src/KChief.Platform.Core/bin/Release/net8.0/KChief.Platform.Core.dll" because AutoUnify is 'true'.
             Resolved file path is "/usr/share/dotnet/packs/Microsoft.AspNetCore.App.Ref/8.0.21/ref/net8.0/Microsoft.AspNetCore.Http.Features.dll".
             Reference found at search path location "{RawFileName}".
             This reference is not "CopyLocal" because at least one source item had "Private" set to "false" and no source items had "Private" set to "true".
             The ImageRuntimeVersion for this reference is "".
         Primary reference "Microsoft.AspNetCore.Http.Results, Version=8.0.0.0, Culture=neutral, PublicKeyToken=adb9793829ddae60".
             Resolved file path is "/usr/share/dotnet/packs/Microsoft.AspNetCore.App.Ref/8.0.21/ref/net8.0/Microsoft.AspNetCore.Http.Results.dll".
             Reference found at search path location "{RawFileName}".
             This reference is not "CopyLocal" because at least one source item had "Private" set to "false" and no source items had "Private" set to "true".
             The ImageRuntimeVersion for this reference is "".
         Primary reference "Microsoft.AspNetCore.Http, Version=8.0.0.0, Culture=neutral, PublicKeyToken=adb9793829ddae60".
             Resolved file path is "/usr/share/dotnet/packs/Microsoft.AspNetCore.App.Ref/8.0.21/ref/net8.0/Microsoft.AspNetCore.Http.dll".
             Reference found at search path location "{RawFileName}".
   8:8>Done executing task "Microsoft.SourceLink.Bitbucket.Git.GetSourceLinkUrl".
   5:7>ResolveAssemblyReferences:
             This reference is not "CopyLocal" because at least one source item had "Private" set to "false" and no source items had "Private" set to "true".
             The ImageRuntimeVersion for this reference is "".
         Primary reference "Microsoft.AspNetCore.HttpLogging, Version=8.0.0.0, Culture=neutral, PublicKeyToken=adb9793829ddae60".
             Resolved file path is "/usr/share/dotnet/packs/Microsoft.AspNetCore.App.Ref/8.0.21/ref/net8.0/Microsoft.AspNetCore.HttpLogging.dll".
             Reference found at search path location "{RawFileName}".
             This reference is not "CopyLocal" because at least one source item had "Private" set to "false" and no source items had "Private" set to "true".
             The ImageRuntimeVersion for this reference is "".
         Primary reference "Microsoft.AspNetCore.HttpOverrides, Version=8.0.0.0, Culture=neutral, PublicKeyToken=adb9793829ddae60".
             Resolved file path is "/usr/share/dotnet/packs/Microsoft.AspNetCore.App.Ref/8.0.21/ref/net8.0/Microsoft.AspNetCore.HttpOverrides.dll".
             Reference found at search path location "{RawFileName}".
             This reference is not "CopyLocal" because at least one source item had "Private" set to "false" and no source items had "Private" set to "true".
             The ImageRuntimeVersion for this reference is "".
         Primary reference "Microsoft.AspNetCore.HttpsPolicy, Version=8.0.0.0, Culture=neutral, PublicKeyToken=adb9793829ddae60".
             Resolved file path is "/usr/share/dotnet/packs/Microsoft.AspNetCore.App.Ref/8.0.21/ref/net8.0/Microsoft.AspNetCore.HttpsPolicy.dll".
             Reference found at search path location "{RawFileName}".
             This reference is not "CopyLocal" because at least one source item had "Private" set to "false" and no source items had "Private" set to "true".
             The ImageRuntimeVersion for this reference is "".
         Primary reference "Microsoft.AspNetCore.Identity, Version=8.0.0.0, Culture=neutral, PublicKeyToken=adb9793829ddae60".
             Resolved file path is "/usr/share/dotnet/packs/Microsoft.AspNetCore.App.Ref/8.0.21/ref/net8.0/Microsoft.AspNetCore.Identity.dll".
             Reference found at search path location "{RawFileName}".
             This reference is not "CopyLocal" because at least one source item had "Private" set to "false" and no source items had "Private" set to "true".
             The ImageRuntimeVersion for this reference is "".
         Primary reference "Microsoft.AspNetCore.Localization.Routing, Version=8.0.0.0, Culture=neutral, PublicKeyToken=adb9793829ddae60".
             Resolved file path is "/usr/share/dotnet/packs/Microsoft.AspNetCore.App.Ref/8.0.21/ref/net8.0/Microsoft.AspNetCore.Localization.Routing.dll".
             Reference found at search path location "{RawFileName}".
             This reference is not "CopyLocal" because at least one source item had "Private" set to "false" and no source items had "Private" set to "true".
             The ImageRuntimeVersion for this reference is "".
         Primary reference "Microsoft.AspNetCore.Localization, Version=8.0.0.0, Culture=neutral, PublicKeyToken=adb9793829ddae60".
             Resolved file path is "/usr/share/dotnet/packs/Microsoft.AspNetCore.App.Ref/8.0.21/ref/net8.0/Microsoft.AspNetCore.Localization.dll".
             Reference found at search path location "{RawFileName}".
             This reference is not "CopyLocal" because at least one source item had "Private" set to "false" and no source items had "Private" set to "true".
             The ImageRuntimeVersion for this reference is "".
         Primary reference "Microsoft.AspNetCore.Metadata, Version=8.0.0.0, Culture=neutral, PublicKeyToken=adb9793829ddae60".
             Resolved file path is "/usr/share/dotnet/packs/Microsoft.AspNetCore.App.Ref/8.0.21/ref/net8.0/Microsoft.AspNetCore.Metadata.dll".
             Reference found at search path location "{RawFileName}".
             This reference is not "CopyLocal" because at least one source item had "Private" set to "false" and no source items had "Private" set to "true".
             The ImageRuntimeVersion for this reference is "".
         Primary reference "Microsoft.AspNetCore.Mvc.Abstractions, Version=8.0.0.0, Culture=neutral, PublicKeyToken=adb9793829ddae60".
   8:8>Done building target "_InitializeBitbucketGitSourceLinkUrl" in project "KChief.DataAccess.csproj".
   5:7>ResolveAssemblyReferences:
             Resolved file path is "/usr/share/dotnet/packs/Microsoft.AspNetCore.App.Ref/8.0.21/ref/net8.0/Microsoft.AspNetCore.Mvc.Abstractions.dll".
             Reference found at search path location "{RawFileName}".
             This reference is not "CopyLocal" because at least one source item had "Private" set to "false" and no source items had "Private" set to "true".
   8:8>Target "_GenerateSourceLinkFile" in file "/usr/share/dotnet/sdk/8.0.415/Sdks/Microsoft.SourceLink.Common/build/Microsoft.SourceLink.Common.targets" from project "/home/saidul/Desktop/K-Chief Marine Automation Platform/src/KChief.DataAccess/KChief.DataAccess.csproj" (target "GenerateSourceLinkFile" depends on it):
   8:8>Building target "_GenerateSourceLinkFile" completely.
   5:7>ResolveAssemblyReferences:
             The ImageRuntimeVersion for this reference is "".
   8:8>_GenerateSourceLinkFile:
       No input files were specified.
   5:7>ResolveAssemblyReferences:
         Primary reference "Microsoft.AspNetCore.Mvc.ApiExplorer, Version=8.0.0.0, Culture=neutral, PublicKeyToken=adb9793829ddae60".
             Resolved file path is "/usr/share/dotnet/packs/Microsoft.AspNetCore.App.Ref/8.0.21/ref/net8.0/Microsoft.AspNetCore.Mvc.ApiExplorer.dll".
   8:8>_GenerateSourceLinkFile:
       Using "Microsoft.SourceLink.Common.GenerateSourceLinkFile" task from assembly "/usr/share/dotnet/sdk/8.0.415/Sdks/Microsoft.SourceLink.Common/build/../tools/core/Microsoft.SourceLink.Common.dll".
   5:7>ResolveAssemblyReferences:
             Reference found at search path location "{RawFileName}".
   8:8>Task "Microsoft.SourceLink.Common.GenerateSourceLinkFile"
   5:7>ResolveAssemblyReferences:
             This reference is not "CopyLocal" because at least one source item had "Private" set to "false" and no source items had "Private" set to "true".
             The ImageRuntimeVersion for this reference is "".
   8:8>_GenerateSourceLinkFile:
         Updating Source Link file 'obj/Release/net8.0/KChief.DataAccess.sourcelink.json'.
   5:7>ResolveAssemblyReferences:
         Primary reference "Microsoft.AspNetCore.Mvc.Core, Version=8.0.0.0, Culture=neutral, PublicKeyToken=adb9793829ddae60".
             Resolved file path is "/usr/share/dotnet/packs/Microsoft.AspNetCore.App.Ref/8.0.21/ref/net8.0/Microsoft.AspNetCore.Mvc.Core.dll".
             Reference found at search path location "{RawFileName}".
             This reference is not "CopyLocal" because at least one source item had "Private" set to "false" and no source items had "Private" set to "true".
             The ImageRuntimeVersion for this reference is "".
         Primary reference "Microsoft.AspNetCore.Mvc.Cors, Version=8.0.0.0, Culture=neutral, PublicKeyToken=adb9793829ddae60".
   8:8>Done executing task "Microsoft.SourceLink.Common.GenerateSourceLinkFile".
   5:7>ResolveAssemblyReferences:
             Resolved file path is "/usr/share/dotnet/packs/Microsoft.AspNetCore.App.Ref/8.0.21/ref/net8.0/Microsoft.AspNetCore.Mvc.Cors.dll".
             Reference found at search path location "{RawFileName}".
             This reference is not "CopyLocal" because at least one source item had "Private" set to "false" and no source items had "Private" set to "true".
             The ImageRuntimeVersion for this reference is "".
         Primary reference "Microsoft.AspNetCore.Mvc.DataAnnotations, Version=8.0.0.0, Culture=neutral, PublicKeyToken=adb9793829ddae60".
             Resolved file path is "/usr/share/dotnet/packs/Microsoft.AspNetCore.App.Ref/8.0.21/ref/net8.0/Microsoft.AspNetCore.Mvc.DataAnnotations.dll".
             Reference found at search path location "{RawFileName}".
             This reference is not "CopyLocal" because at least one source item had "Private" set to "false" and no source items had "Private" set to "true".
             The ImageRuntimeVersion for this reference is "".
   8:8>Done building target "_GenerateSourceLinkFile" in project "KChief.DataAccess.csproj".
   5:7>ResolveAssemblyReferences:
         Primary reference "Microsoft.AspNetCore.Mvc.Formatters.Json, Version=8.0.0.0, Culture=neutral, PublicKeyToken=adb9793829ddae60".
             Resolved file path is "/usr/share/dotnet/packs/Microsoft.AspNetCore.App.Ref/8.0.21/ref/net8.0/Microsoft.AspNetCore.Mvc.Formatters.Json.dll".
   8:8>Target "GenerateSourceLinkFile" in file "/usr/share/dotnet/sdk/8.0.415/Sdks/Microsoft.SourceLink.Common/build/Microsoft.SourceLink.Common.targets" from project "/home/saidul/Desktop/K-Chief Marine Automation Platform/src/KChief.DataAccess/KChief.DataAccess.csproj" (target "CoreCompile" depends on it):
   8:8>Done building target "GenerateSourceLinkFile" in project "KChief.DataAccess.csproj".
   5:7>ResolveAssemblyReferences:
             Reference found at search path location "{RawFileName}".
             This reference is not "CopyLocal" because at least one source item had "Private" set to "false" and no source items had "Private" set to "true".
             The ImageRuntimeVersion for this reference is "".
         Primary reference "Microsoft.AspNetCore.Mvc.Formatters.Xml, Version=8.0.0.0, Culture=neutral, PublicKeyToken=adb9793829ddae60".
             Resolved file path is "/usr/share/dotnet/packs/Microsoft.AspNetCore.App.Ref/8.0.21/ref/net8.0/Microsoft.AspNetCore.Mvc.Formatters.Xml.dll".
   4:7>CoreCompile:
       Using "Csc" task from assembly "/usr/share/dotnet/sdk/8.0.415/Roslyn/Microsoft.Build.Tasks.CodeAnalysis.dll".
   5:7>ResolveAssemblyReferences:
             Reference found at search path location "{RawFileName}".
             This reference is not "CopyLocal" because at least one source item had "Private" set to "false" and no source items had "Private" set to "true".
   4:7>Task "Csc"
   5:7>ResolveAssemblyReferences:
             The ImageRuntimeVersion for this reference is "".
         Primary reference "Microsoft.AspNetCore.Mvc.Localization, Version=8.0.0.0, Culture=neutral, PublicKeyToken=adb9793829ddae60".
             Resolved file path is "/usr/share/dotnet/packs/Microsoft.AspNetCore.App.Ref/8.0.21/ref/net8.0/Microsoft.AspNetCore.Mvc.Localization.dll".
             Reference found at search path location "{RawFileName}".
             This reference is not "CopyLocal" because at least one source item had "Private" set to "false" and no source items had "Private" set to "true".
             The ImageRuntimeVersion for this reference is "".
         Primary reference "Microsoft.AspNetCore.Mvc.Razor, Version=8.0.0.0, Culture=neutral, PublicKeyToken=adb9793829ddae60".
             Resolved file path is "/usr/share/dotnet/packs/Microsoft.AspNetCore.App.Ref/8.0.21/ref/net8.0/Microsoft.AspNetCore.Mvc.Razor.dll".
             Reference found at search path location "{RawFileName}".
             This reference is not "CopyLocal" because at least one source item had "Private" set to "false" and no source items had "Private" set to "true".
             The ImageRuntimeVersion for this reference is "".
         Primary reference "Microsoft.AspNetCore.Mvc.RazorPages, Version=8.0.0.0, Culture=neutral, PublicKeyToken=adb9793829ddae60".
             Resolved file path is "/usr/share/dotnet/packs/Microsoft.AspNetCore.App.Ref/8.0.21/ref/net8.0/Microsoft.AspNetCore.Mvc.RazorPages.dll".
   8:8>Target "AddGlobalAnalyzerConfigForPackage_MicrosoftCodeAnalysisNetAnalyzers" in file "/usr/share/dotnet/sdk/8.0.415/Sdks/Microsoft.NET.Sdk/analyzers/build/Microsoft.CodeAnalysis.NetAnalyzers.targets" from project "/home/saidul/Desktop/K-Chief Marine Automation Platform/src/KChief.DataAccess/KChief.DataAccess.csproj" (target "CoreCompile" depends on it):
   8:8>Done building target "AddGlobalAnalyzerConfigForPackage_MicrosoftCodeAnalysisNetAnalyzers" in project "KChief.DataAccess.csproj".
   5:7>ResolveAssemblyReferences:
             Reference found at search path location "{RawFileName}".
             This reference is not "CopyLocal" because at least one source item had "Private" set to "false" and no source items had "Private" set to "true".
   8:8>Target "AddGlobalAnalyzerConfigForPackage_MicrosoftCodeAnalysisNetAnalyzersDesign" skipped, due to false condition; ('$(SkipGlobalAnalyzerConfigForPackage)' != 'true' and ('$(AnalysisLevelDesign)' != '' or '$(AnalysisModeDesign)' != '')) was evaluated as ('' != 'true' and ('' != '' or '' != '')).
   5:7>ResolveAssemblyReferences:
             The ImageRuntimeVersion for this reference is "".
         Primary reference "Microsoft.AspNetCore.Mvc.TagHelpers, Version=8.0.0.0, Culture=neutral, PublicKeyToken=adb9793829ddae60".
   8:8>Target "AddGlobalAnalyzerConfigForPackage_MicrosoftCodeAnalysisNetAnalyzersDocumentation" skipped, due to false condition; ('$(SkipGlobalAnalyzerConfigForPackage)' != 'true' and ('$(AnalysisLevelDocumentation)' != '' or '$(AnalysisModeDocumentation)' != '')) was evaluated as ('' != 'true' and ('' != '' or '' != '')).
   5:7>ResolveAssemblyReferences:
             Resolved file path is "/usr/share/dotnet/packs/Microsoft.AspNetCore.App.Ref/8.0.21/ref/net8.0/Microsoft.AspNetCore.Mvc.TagHelpers.dll".
   8:8>Target "AddGlobalAnalyzerConfigForPackage_MicrosoftCodeAnalysisNetAnalyzersGlobalization" skipped, due to false condition; ('$(SkipGlobalAnalyzerConfigForPackage)' != 'true' and ('$(AnalysisLevelGlobalization)' != '' or '$(AnalysisModeGlobalization)' != '')) was evaluated as ('' != 'true' and ('' != '' or '' != '')).
   5:7>ResolveAssemblyReferences:
             Reference found at search path location "{RawFileName}".
   8:8>Target "AddGlobalAnalyzerConfigForPackage_MicrosoftCodeAnalysisNetAnalyzersInteroperability" skipped, due to false condition; ('$(SkipGlobalAnalyzerConfigForPackage)' != 'true' and ('$(AnalysisLevelInteroperability)' != '' or '$(AnalysisModeInteroperability)' != '')) was evaluated as ('' != 'true' and ('' != '' or '' != '')).
   5:7>ResolveAssemblyReferences:
             This reference is not "CopyLocal" because at least one source item had "Private" set to "false" and no source items had "Private" set to "true".
   8:8>Target "AddGlobalAnalyzerConfigForPackage_MicrosoftCodeAnalysisNetAnalyzersMaintainability" skipped, due to false condition; ('$(SkipGlobalAnalyzerConfigForPackage)' != 'true' and ('$(AnalysisLevelMaintainability)' != '' or '$(AnalysisModeMaintainability)' != '')) was evaluated as ('' != 'true' and ('' != '' or '' != '')).
   5:7>ResolveAssemblyReferences:
             The ImageRuntimeVersion for this reference is "".
   8:8>Target "AddGlobalAnalyzerConfigForPackage_MicrosoftCodeAnalysisNetAnalyzersNaming" skipped, due to false condition; ('$(SkipGlobalAnalyzerConfigForPackage)' != 'true' and ('$(AnalysisLevelNaming)' != '' or '$(AnalysisModeNaming)' != '')) was evaluated as ('' != 'true' and ('' != '' or '' != '')).
   5:7>ResolveAssemblyReferences:
         Primary reference "Microsoft.AspNetCore.Mvc.ViewFeatures, Version=8.0.0.0, Culture=neutral, PublicKeyToken=adb9793829ddae60".
   8:8>Target "AddGlobalAnalyzerConfigForPackage_MicrosoftCodeAnalysisNetAnalyzersPerformance" skipped, due to false condition; ('$(SkipGlobalAnalyzerConfigForPackage)' != 'true' and ('$(AnalysisLevelPerformance)' != '' or '$(AnalysisModePerformance)' != '')) was evaluated as ('' != 'true' and ('' != '' or '' != '')).
   5:7>ResolveAssemblyReferences:
             Resolved file path is "/usr/share/dotnet/packs/Microsoft.AspNetCore.App.Ref/8.0.21/ref/net8.0/Microsoft.AspNetCore.Mvc.ViewFeatures.dll".
   8:8>Target "AddGlobalAnalyzerConfigForPackage_MicrosoftCodeAnalysisNetAnalyzersReliability" skipped, due to false condition; ('$(SkipGlobalAnalyzerConfigForPackage)' != 'true' and ('$(AnalysisLevelReliability)' != '' or '$(AnalysisModeReliability)' != '')) was evaluated as ('' != 'true' and ('' != '' or '' != '')).
   5:7>ResolveAssemblyReferences:
             Reference found at search path location "{RawFileName}".
             This reference is not "CopyLocal" because at least one source item had "Private" set to "false" and no source items had "Private" set to "true".
   8:8>Target "AddGlobalAnalyzerConfigForPackage_MicrosoftCodeAnalysisNetAnalyzersSecurity" skipped, due to false condition; ('$(SkipGlobalAnalyzerConfigForPackage)' != 'true' and ('$(AnalysisLevelSecurity)' != '' or '$(AnalysisModeSecurity)' != '')) was evaluated as ('' != 'true' and ('' != '' or '' != '')).
   5:7>ResolveAssemblyReferences:
             The ImageRuntimeVersion for this reference is "".
   8:8>Target "AddGlobalAnalyzerConfigForPackage_MicrosoftCodeAnalysisNetAnalyzersUsage" skipped, due to false condition; ('$(SkipGlobalAnalyzerConfigForPackage)' != 'true' and ('$(AnalysisLevelUsage)' != '' or '$(AnalysisModeUsage)' != '')) was evaluated as ('' != 'true' and ('' != '' or '' != '')).
   5:7>ResolveAssemblyReferences:
         Primary reference "Microsoft.AspNetCore.Mvc, Version=8.0.0.0, Culture=neutral, PublicKeyToken=adb9793829ddae60".
             Resolved file path is "/usr/share/dotnet/packs/Microsoft.AspNetCore.App.Ref/8.0.21/ref/net8.0/Microsoft.AspNetCore.Mvc.dll".
   8:8>Target "_CodeAnalysisTreatWarningsAsErrors" skipped, due to false condition; ('$(DesignTimeBuild)' == 'true' OR '$(BuildingProject)' != 'true') was evaluated as ('' == 'true' OR 'true' != 'true').
   5:7>ResolveAssemblyReferences:
             Reference found at search path location "{RawFileName}".
             This reference is not "CopyLocal" because at least one source item had "Private" set to "false" and no source items had "Private" set to "true".
             The ImageRuntimeVersion for this reference is "".
         Primary reference "Microsoft.AspNetCore.OutputCaching, Version=8.0.0.0, Culture=neutral, PublicKeyToken=adb9793829ddae60".
   8:8>Target "_ReportUpgradeNetAnalyzersNuGetWarning" in file "/usr/share/dotnet/sdk/8.0.415/Sdks/Microsoft.NET.Sdk/analyzers/build/Microsoft.CodeAnalysis.NetAnalyzers.targets" from project "/home/saidul/Desktop/K-Chief Marine Automation Platform/src/KChief.DataAccess/KChief.DataAccess.csproj" (target "CoreCompile" depends on it):
   8:8>Task "Warning" skipped, due to false condition; ('$(_NETAnalyzersNuGetAssemblyVersion)' != '' AND
                         '$(_NETAnalyzersSDKAssemblyVersion)' != '' AND
                          $(_NETAnalyzersNuGetAssemblyVersion) < $(_NETAnalyzersSDKAssemblyVersion)) was evaluated as ('' != '' AND
                         '8.0.0' != '' AND
                           < 8.0.0).
   5:7>ResolveAssemblyReferences:
             Resolved file path is "/usr/share/dotnet/packs/Microsoft.AspNetCore.App.Ref/8.0.21/ref/net8.0/Microsoft.AspNetCore.OutputCaching.dll".
             Reference found at search path location "{RawFileName}".
   8:8>Done building target "_ReportUpgradeNetAnalyzersNuGetWarning" in project "KChief.DataAccess.csproj".
   5:7>ResolveAssemblyReferences:
             This reference is not "CopyLocal" because at least one source item had "Private" set to "false" and no source items had "Private" set to "true".
             The ImageRuntimeVersion for this reference is "".
         Primary reference "Microsoft.AspNetCore.RateLimiting, Version=8.0.0.0, Culture=neutral, PublicKeyToken=adb9793829ddae60".
             Resolved file path is "/usr/share/dotnet/packs/Microsoft.AspNetCore.App.Ref/8.0.21/ref/net8.0/Microsoft.AspNetCore.RateLimiting.dll".
             Reference found at search path location "{RawFileName}".
             This reference is not "CopyLocal" because at least one source item had "Private" set to "false" and no source items had "Private" set to "true".
             The ImageRuntimeVersion for this reference is "".
         Primary reference "Microsoft.AspNetCore.Razor.Runtime, Version=8.0.0.0, Culture=neutral, PublicKeyToken=adb9793829ddae60".
             Resolved file path is "/usr/share/dotnet/packs/Microsoft.AspNetCore.App.Ref/8.0.21/ref/net8.0/Microsoft.AspNetCore.Razor.Runtime.dll".
             Reference found at search path location "{RawFileName}".
             This reference is not "CopyLocal" because at least one source item had "Private" set to "false" and no source items had "Private" set to "true".
             The ImageRuntimeVersion for this reference is "".
         Primary reference "Microsoft.AspNetCore.Razor, Version=8.0.0.0, Culture=neutral, PublicKeyToken=adb9793829ddae60".
             Resolved file path is "/usr/share/dotnet/packs/Microsoft.AspNetCore.App.Ref/8.0.21/ref/net8.0/Microsoft.AspNetCore.Razor.dll".
             Reference found at search path location "{RawFileName}".
             This reference is not "CopyLocal" because at least one source item had "Private" set to "false" and no source items had "Private" set to "true".
             The ImageRuntimeVersion for this reference is "".
         Primary reference "Microsoft.AspNetCore.RequestDecompression, Version=8.0.0.0, Culture=neutral, PublicKeyToken=adb9793829ddae60".
             Resolved file path is "/usr/share/dotnet/packs/Microsoft.AspNetCore.App.Ref/8.0.21/ref/net8.0/Microsoft.AspNetCore.RequestDecompression.dll".
             Reference found at search path location "{RawFileName}".
             This reference is not "CopyLocal" because at least one source item had "Private" set to "false" and no source items had "Private" set to "true".
             The ImageRuntimeVersion for this reference is "".
         Primary reference "Microsoft.AspNetCore.ResponseCaching.Abstractions, Version=8.0.0.0, Culture=neutral, PublicKeyToken=adb9793829ddae60".
             Resolved file path is "/usr/share/dotnet/packs/Microsoft.AspNetCore.App.Ref/8.0.21/ref/net8.0/Microsoft.AspNetCore.ResponseCaching.Abstractions.dll".
             Reference found at search path location "{RawFileName}".
             This reference is not "CopyLocal" because at least one source item had "Private" set to "false" and no source items had "Private" set to "true".
             The ImageRuntimeVersion for this reference is "".
         Primary reference "Microsoft.AspNetCore.ResponseCaching, Version=8.0.0.0, Culture=neutral, PublicKeyToken=adb9793829ddae60".
             Resolved file path is "/usr/share/dotnet/packs/Microsoft.AspNetCore.App.Ref/8.0.21/ref/net8.0/Microsoft.AspNetCore.ResponseCaching.dll".
             Reference found at search path location "{RawFileName}".
             This reference is not "CopyLocal" because at least one source item had "Private" set to "false" and no source items had "Private" set to "true".
             The ImageRuntimeVersion for this reference is "".
         Primary reference "Microsoft.AspNetCore.ResponseCompression, Version=8.0.0.0, Culture=neutral, PublicKeyToken=adb9793829ddae60".
             Resolved file path is "/usr/share/dotnet/packs/Microsoft.AspNetCore.App.Ref/8.0.21/ref/net8.0/Microsoft.AspNetCore.ResponseCompression.dll".
             Reference found at search path location "{RawFileName}".
             This reference is not "CopyLocal" because at least one source item had "Private" set to "false" and no source items had "Private" set to "true".
             The ImageRuntimeVersion for this reference is "".
         Primary reference "Microsoft.AspNetCore.Rewrite, Version=8.0.0.0, Culture=neutral, PublicKeyToken=adb9793829ddae60".
             Resolved file path is "/usr/share/dotnet/packs/Microsoft.AspNetCore.App.Ref/8.0.21/ref/net8.0/Microsoft.AspNetCore.Rewrite.dll".
             Reference found at search path location "{RawFileName}".
             This reference is not "CopyLocal" because at least one source item had "Private" set to "false" and no source items had "Private" set to "true".
             The ImageRuntimeVersion for this reference is "".
         Primary reference "Microsoft.AspNetCore.Routing.Abstractions, Version=8.0.0.0, Culture=neutral, PublicKeyToken=adb9793829ddae60".
             Resolved file path is "/usr/share/dotnet/packs/Microsoft.AspNetCore.App.Ref/8.0.21/ref/net8.0/Microsoft.AspNetCore.Routing.Abstractions.dll".
             Reference found at search path location "{RawFileName}".
             This reference is not "CopyLocal" because at least one source item had "Private" set to "false" and no source items had "Private" set to "true".
             The ImageRuntimeVersion for this reference is "".
         Primary reference "Microsoft.AspNetCore.Routing, Version=8.0.0.0, Culture=neutral, PublicKeyToken=adb9793829ddae60".
             Resolved file path is "/usr/share/dotnet/packs/Microsoft.AspNetCore.App.Ref/8.0.21/ref/net8.0/Microsoft.AspNetCore.Routing.dll".
             Reference found at search path location "{RawFileName}".
             This reference is not "CopyLocal" because at least one source item had "Private" set to "false" and no source items had "Private" set to "true".
             The ImageRuntimeVersion for this reference is "".
         Primary reference "Microsoft.AspNetCore.Server.HttpSys, Version=8.0.0.0, Culture=neutral, PublicKeyToken=adb9793829ddae60".
             Resolved file path is "/usr/share/dotnet/packs/Microsoft.AspNetCore.App.Ref/8.0.21/ref/net8.0/Microsoft.AspNetCore.Server.HttpSys.dll".
             Reference found at search path location "{RawFileName}".
             This reference is not "CopyLocal" because at least one source item had "Private" set to "false" and no source items had "Private" set to "true".
             The ImageRuntimeVersion for this reference is "".
         Primary reference "Microsoft.AspNetCore.Server.IIS, Version=8.0.0.0, Culture=neutral, PublicKeyToken=adb9793829ddae60".
             Resolved file path is "/usr/share/dotnet/packs/Microsoft.AspNetCore.App.Ref/8.0.21/ref/net8.0/Microsoft.AspNetCore.Server.IIS.dll".
   8:8>Target "CoreCompile" in file "/usr/share/dotnet/sdk/8.0.415/Roslyn/Microsoft.CSharp.Core.targets" from project "/home/saidul/Desktop/K-Chief Marine Automation Platform/src/KChief.DataAccess/KChief.DataAccess.csproj" (target "Compile" depends on it):
   8:8>Building target "CoreCompile" completely.
   5:7>ResolveAssemblyReferences:
             Reference found at search path location "{RawFileName}".
             This reference is not "CopyLocal" because at least one source item had "Private" set to "false" and no source items had "Private" set to "true".
   8:8>CoreCompile:
       Input file "obj/Release/net8.0/KChief.DataAccess.AssemblyInfo.cs" is newer than output file "obj/Release/net8.0/KChief.DataAccess.pdb".
   5:7>ResolveAssemblyReferences:
             The ImageRuntimeVersion for this reference is "".
         Primary reference "Microsoft.AspNetCore.Server.IISIntegration, Version=8.0.0.0, Culture=neutral, PublicKeyToken=adb9793829ddae60".
             Resolved file path is "/usr/share/dotnet/packs/Microsoft.AspNetCore.App.Ref/8.0.21/ref/net8.0/Microsoft.AspNetCore.Server.IISIntegration.dll".
             Reference found at search path location "{RawFileName}".
             This reference is not "CopyLocal" because at least one source item had "Private" set to "false" and no source items had "Private" set to "true".
             The ImageRuntimeVersion for this reference is "".
         Primary reference "Microsoft.AspNetCore.Server.Kestrel.Core, Version=8.0.0.0, Culture=neutral, PublicKeyToken=adb9793829ddae60".
             Resolved file path is "/usr/share/dotnet/packs/Microsoft.AspNetCore.App.Ref/8.0.21/ref/net8.0/Microsoft.AspNetCore.Server.Kestrel.Core.dll".
             Reference found at search path location "{RawFileName}".
             This reference is not "CopyLocal" because at least one source item had "Private" set to "false" and no source items had "Private" set to "true".
             The ImageRuntimeVersion for this reference is "".
         Primary reference "Microsoft.AspNetCore.Server.Kestrel.Transport.NamedPipes, Version=8.0.0.0, Culture=neutral, PublicKeyToken=adb9793829ddae60".
             Resolved file path is "/usr/share/dotnet/packs/Microsoft.AspNetCore.App.Ref/8.0.21/ref/net8.0/Microsoft.AspNetCore.Server.Kestrel.Transport.NamedPipes.dll".
             Reference found at search path location "{RawFileName}".
             This reference is not "CopyLocal" because at least one source item had "Private" set to "false" and no source items had "Private" set to "true".
             The ImageRuntimeVersion for this reference is "".
         Primary reference "Microsoft.AspNetCore.Server.Kestrel.Transport.Quic, Version=8.0.0.0, Culture=neutral, PublicKeyToken=adb9793829ddae60".
             Resolved file path is "/usr/share/dotnet/packs/Microsoft.AspNetCore.App.Ref/8.0.21/ref/net8.0/Microsoft.AspNetCore.Server.Kestrel.Transport.Quic.dll".
             Reference found at search path location "{RawFileName}".
             This reference is not "CopyLocal" because at least one source item had "Private" set to "false" and no source items had "Private" set to "true".
             The ImageRuntimeVersion for this reference is "".
         Primary reference "Microsoft.AspNetCore.Server.Kestrel.Transport.Sockets, Version=8.0.0.0, Culture=neutral, PublicKeyToken=adb9793829ddae60".
             Resolved file path is "/usr/share/dotnet/packs/Microsoft.AspNetCore.App.Ref/8.0.21/ref/net8.0/Microsoft.AspNetCore.Server.Kestrel.Transport.Sockets.dll".
             Reference found at search path location "{RawFileName}".
             This reference is not "CopyLocal" because at least one source item had "Private" set to "false" and no source items had "Private" set to "true".
             The ImageRuntimeVersion for this reference is "".
         Primary reference "Microsoft.AspNetCore.Server.Kestrel, Version=8.0.0.0, Culture=neutral, PublicKeyToken=adb9793829ddae60".
             Resolved file path is "/usr/share/dotnet/packs/Microsoft.AspNetCore.App.Ref/8.0.21/ref/net8.0/Microsoft.AspNetCore.Server.Kestrel.dll".
             Reference found at search path location "{RawFileName}".
             This reference is not "CopyLocal" because at least one source item had "Private" set to "false" and no source items had "Private" set to "true".
             The ImageRuntimeVersion for this reference is "".
         Primary reference "Microsoft.AspNetCore.Session, Version=8.0.0.0, Culture=neutral, PublicKeyToken=adb9793829ddae60".
             Resolved file path is "/usr/share/dotnet/packs/Microsoft.AspNetCore.App.Ref/8.0.21/ref/net8.0/Microsoft.AspNetCore.Session.dll".
             Reference found at search path location "{RawFileName}".
             This reference is not "CopyLocal" because at least one source item had "Private" set to "false" and no source items had "Private" set to "true".
             The ImageRuntimeVersion for this reference is "".
         Primary reference "Microsoft.AspNetCore.SignalR.Common, Version=8.0.0.0, Culture=neutral, PublicKeyToken=adb9793829ddae60".
             Resolved file path is "/usr/share/dotnet/packs/Microsoft.AspNetCore.App.Ref/8.0.21/ref/net8.0/Microsoft.AspNetCore.SignalR.Common.dll".
             Reference found at search path location "{RawFileName}".
             This reference is not "CopyLocal" because at least one source item had "Private" set to "false" and no source items had "Private" set to "true".
             The ImageRuntimeVersion for this reference is "".
         Primary reference "Microsoft.AspNetCore.SignalR.Core, Version=8.0.0.0, Culture=neutral, PublicKeyToken=adb9793829ddae60".
             Resolved file path is "/usr/share/dotnet/packs/Microsoft.AspNetCore.App.Ref/8.0.21/ref/net8.0/Microsoft.AspNetCore.SignalR.Core.dll".
             Reference found at search path location "{RawFileName}".
             This reference is not "CopyLocal" because at least one source item had "Private" set to "false" and no source items had "Private" set to "true".
             The ImageRuntimeVersion for this reference is "".
         Primary reference "Microsoft.AspNetCore.SignalR.Protocols.Json, Version=8.0.0.0, Culture=neutral, PublicKeyToken=adb9793829ddae60".
             Resolved file path is "/usr/share/dotnet/packs/Microsoft.AspNetCore.App.Ref/8.0.21/ref/net8.0/Microsoft.AspNetCore.SignalR.Protocols.Json.dll".
             Reference found at search path location "{RawFileName}".
             This reference is not "CopyLocal" because at least one source item had "Private" set to "false" and no source items had "Private" set to "true".
             The ImageRuntimeVersion for this reference is "".
         Primary reference "Microsoft.AspNetCore.SignalR, Version=8.0.0.0, Culture=neutral, PublicKeyToken=adb9793829ddae60".
             Resolved file path is "/usr/share/dotnet/packs/Microsoft.AspNetCore.App.Ref/8.0.21/ref/net8.0/Microsoft.AspNetCore.SignalR.dll".
             Reference found at search path location "{RawFileName}".
   8:8>CoreCompile:
       Using "Csc" task from assembly "/usr/share/dotnet/sdk/8.0.415/Roslyn/Microsoft.Build.Tasks.CodeAnalysis.dll".
   5:7>ResolveAssemblyReferences:
             This reference is not "CopyLocal" because at least one source item had "Private" set to "false" and no source items had "Private" set to "true".
             The ImageRuntimeVersion for this reference is "".
   8:8>Task "Csc"
   5:7>ResolveAssemblyReferences:
         Primary reference "Microsoft.AspNetCore.StaticFiles, Version=8.0.0.0, Culture=neutral, PublicKeyToken=adb9793829ddae60".
             Resolved file path is "/usr/share/dotnet/packs/Microsoft.AspNetCore.App.Ref/8.0.21/ref/net8.0/Microsoft.AspNetCore.StaticFiles.dll".
             Reference found at search path location "{RawFileName}".
             This reference is not "CopyLocal" because at least one source item had "Private" set to "false" and no source items had "Private" set to "true".
             The ImageRuntimeVersion for this reference is "".
         Primary reference "Microsoft.AspNetCore.WebSockets, Version=8.0.0.0, Culture=neutral, PublicKeyToken=adb9793829ddae60".
             Resolved file path is "/usr/share/dotnet/packs/Microsoft.AspNetCore.App.Ref/8.0.21/ref/net8.0/Microsoft.AspNetCore.WebSockets.dll".
             Reference found at search path location "{RawFileName}".
             This reference is not "CopyLocal" because at least one source item had "Private" set to "false" and no source items had "Private" set to "true".
             The ImageRuntimeVersion for this reference is "".
         Primary reference "Microsoft.AspNetCore.WebUtilities, Version=8.0.0.0, Culture=neutral, PublicKeyToken=adb9793829ddae60".
             Resolved file path is "/usr/share/dotnet/packs/Microsoft.AspNetCore.App.Ref/8.0.21/ref/net8.0/Microsoft.AspNetCore.WebUtilities.dll".
             Reference found at search path location "{RawFileName}".
             This reference is not "CopyLocal" because at least one source item had "Private" set to "false" and no source items had "Private" set to "true".
             The ImageRuntimeVersion for this reference is "".
         Primary reference "Microsoft.AspNetCore, Version=8.0.0.0, Culture=neutral, PublicKeyToken=adb9793829ddae60".
             Resolved file path is "/usr/share/dotnet/packs/Microsoft.AspNetCore.App.Ref/8.0.21/ref/net8.0/Microsoft.AspNetCore.dll".
             Reference found at search path location "{RawFileName}".
             This reference is not "CopyLocal" because at least one source item had "Private" set to "false" and no source items had "Private" set to "true".
             The ImageRuntimeVersion for this reference is "".
         Primary reference "Microsoft.Extensions.Caching.Abstractions, Version=8.0.0.0, Culture=neutral, PublicKeyToken=adb9793829ddae60".
   4:7>CoreCompile:
         /usr/share/dotnet/dotnet exec "/usr/share/dotnet/sdk/8.0.415/Roslyn/bincore/csc.dll" /noconfig /unsafe- /checked- /nowarn:1701,1702,1701,1702 /fullpaths /nostdlib+ /errorreport:prompt /warn:8 /define:TRACE;RELEASE;NET;NET8_0;NETCOREAPP;NET5_0_OR_GREATER;NET6_0_OR_GREATER;NET7_0_OR_GREATER;NET8_0_OR_GREATER;NETCOREAPP1_0_OR_GREATER;NETCOREAPP1_1_OR_GREATER;NETCOREAPP2_0_OR_GREATER;NETCOREAPP2_1_OR_GREATER;NETCOREAPP2_2_OR_GREATER;NETCOREAPP3_0_OR_GREATER;NETCOREAPP3_1_OR_GREATER /highentropyva+ /nullable:enable /reference:/home/saidul/.nuget/packages/fluentvalidation/11.9.0/lib/net8.0/FluentValidation.dll /reference:"/home/saidul/Desktop/K-Chief Marine Automation Platform/src/KChief.Platform.Core/obj/Release/net8.0/ref/KChief.Platform.Core.dll" /reference:/home/saidul/.nuget/packages/microsoft.aspnetcore.http.abstractions/2.2.0/lib/netstandard2.0/Microsoft.AspNetCore.Http.Abstractions.dll /reference:/home/saidul/.nuget/packages/microsoft.aspnetcore.http.features/2.2.0/lib/netstandard2.0/Microsoft.AspNetCore.Http.Features.dll /reference:/usr/share/dotnet/packs/Microsoft.NETCore.App.Ref/8.0.21/ref/net8.0/Microsoft.CSharp.dll /reference:/home/saidul/.nuget/packages/microsoft.extensions.configuration.abstractions/8.0.0/lib/net8.0/Microsoft.Extensions.Configuration.Abstractions.dll /reference:/home/saidul/.nuget/packages/microsoft.extensions.dependencyinjection.abstractions/8.0.0/lib/net8.0/Microsoft.Extensions.DependencyInjection.Abstractions.dll /reference:/home/saidul/.nuget/packages/microsoft.extensions.diagnostics.abstractions/8.0.0/lib/net8.0/Microsoft.Extensions.Diagnostics.Abstractions.dll /reference:/home/saidul/.nuget/packages/microsoft.extensions.fileproviders.abstractions/8.0.0/lib/net8.0/Microsoft.Extensions.FileProviders.Abstractions.dll /reference:/home/saidul/.nuget/packages/microsoft.extensions.hosting.abstractions/8.0.0/lib/net8.0/Microsoft.Extensions.Hosting.Abstractions.dll /reference:/home/saidul/.nuget/packages/microsoft.extensions.logging.abstractions/8.0.0/lib/net8.0/Microsoft.Extensions.Logging.Abstractions.dll /reference:/home/saidul/.nuget/packages/microsoft.extensions.options/8.0.0/lib/net8.0/Microsoft.Extensions.Options.dll /reference:/home/saidul/.nuget/packages/microsoft.extensions.primitives/8.0.0/lib/net8.0/Microsoft.Extensions.Primitives.dll /reference:/usr/share/dotnet/packs/Microsoft.NETCore.App.Ref/8.0.21/ref/net8.0/Microsoft.VisualBasic.Core.dll /reference:/usr/share/dotnet/packs/Microsoft.NETCore.App.Ref/8.0.21/ref/net8.0/Microsoft.VisualBasic.dll /reference:/usr/share/dotnet/packs/Microsoft.NETCore.App.Ref/8.0.21/ref/net8.0/Microsoft.Win32.Primitives.dll /reference:/usr/share/dotnet/packs/Microsoft.NETCore.App.Ref/8.0.21/ref/net8.0/Microsoft.Win32.Registry.dll /reference:/usr/share/dotnet/packs/Microsoft.NETCore.App.Ref/8.0.21/ref/net8.0/mscorlib.dll /reference:/usr/share/dotnet/packs/Microsoft.NETCore.App.Ref/8.0.21/ref/net8.0/netstandard.dll /reference:/home/saidul/.nuget/packages/nmodbus/3.0.72/lib/net6.0/NModbus.dll /reference:/home/saidul/.nuget/packages/polly.core/8.2.0/lib/net8.0/Polly.Core.dll /reference:/home/saidul/.nuget/packages/polly/8.2.0/lib/net6.0/Polly.dll /reference:/home/saidul/.nuget/packages/serilog/3.1.1/lib/net7.0/Serilog.dll /reference:/usr/share/dotnet/packs/Microsoft.NETCore.App.Ref/8.0.21/ref/net8.0/System.AppContext.dll /reference:/usr/share/dotnet/packs/Microsoft.NETCore.App.Ref/8.0.21/ref/net8.0/System.Buffers.dll /reference:/usr/share/dotnet/packs/Microsoft.NETCore.App.Ref/8.0.21/ref/net8.0/System.Collections.Concurrent.dll /reference:/usr/share/dotnet/packs/Microsoft.NETCore.App.Ref/8.0.21/ref/net8.0/System.Collections.dll /reference:/usr/share/dotnet/packs/Microsoft.NETCore.App.Ref/8.0.21/ref/net8.0/System.Collections.Immutable.dll /reference:/usr/share/dotnet/packs/Microsoft.NETCore.App.Ref/8.0.21/ref/net8.0/System.Collections.NonGeneric.dll /reference:/usr/share/dotnet/packs/Microsoft.NETCore.App.Ref/8.0.21/ref/net8.0/System.Collections.Specialized.dll /reference:/usr/share/dotnet/packs/Microsoft.NETCore.App.Ref/8.0.21/ref/net8.0/System.ComponentModel.Annotations.dll /reference:/usr/share/dotnet/packs/Microsoft.NETCore.App.Ref/8.0.21/ref/net8.0/System.ComponentModel.DataAnnotations.dll /reference:/usr/share/dotnet/packs/Microsoft.NETCore.App.Ref/8.0.21/ref/net8.0/System.ComponentModel.dll /reference:/usr/share/dotnet/packs/Microsoft.NETCore.App.Ref/8.0.21/ref/net8.0/System.ComponentModel.EventBasedAsync.dll /reference:/usr/share/dotnet/packs/Microsoft.NETCore.App.Ref/8.0.21/ref/net8.0/System.ComponentModel.Primitives.dll /reference:/usr/share/dotnet/packs/Microsoft.NETCore.App.Ref/8.0.21/ref/net8.0/System.ComponentModel.TypeConverter.dll /reference:/usr/share/dotnet/packs/Microsoft.NETCore.App.Ref/8.0.21/ref/net8.0/System.Configuration.dll /reference:/usr/share/dotnet/packs/Microsoft.NETCore.App.Ref/8.0.21/ref/net8.0/System.Console.dll /reference:/usr/share/dotnet/packs/Microsoft.NETCore.App.Ref/8.0.21/ref/net8.0/System.Core.dll /reference:/usr/share/dotnet/packs/Microsoft.NETCore.App.Ref/8.0.21/ref/net8.0/System.Data.Common.dll /reference:/usr/share/dotnet/packs/Microsoft.NETCore.App.Ref/8.0.21/ref/net8.0/System.Data.DataSetExtensions.dll /reference:/usr/share/dotnet/packs/Microsoft.NETCore.App.Ref/8.0.21/ref/net8.0/System.Data.dll /reference:/usr/share/dotnet/packs/Microsoft.NETCore.App.Ref/8.0.21/ref/net8.0/System.Diagnostics.Contracts.dll /reference:/usr/share/dotnet/packs/Microsoft.NETCore.App.Ref/8.0.21/ref/net8.0/System.Diagnostics.Debug.dll /reference:/usr/share/dotnet/packs/Microsoft.NETCore.App.Ref/8.0.21/ref/net8.0/System.Diagnostics.DiagnosticSource.dll /reference:/usr/share/dotnet/packs/Microsoft.NETCore.App.Ref/8.0.21/ref/net8.0/System.Diagnostics.FileVersionInfo.dll /reference:/usr/share/dotnet/packs/Microsoft.NETCore.App.Ref/8.0.21/ref/net8.0/System.Diagnostics.Process.dll /reference:/usr/share/dotnet/packs/Microsoft.NETCore.App.Ref/8.0.21/ref/net8.0/System.Diagnostics.StackTrace.dll /reference:/usr/share/dotnet/packs/Microsoft.NETCore.App.Ref/8.0.21/ref/net8.0/System.Diagnostics.TextWriterTraceListener.dll /reference:/usr/share/dotnet/packs/Microsoft.NETCore.App.Ref/8.0.21/ref/net8.0/System.Diagnostics.Tools.dll /reference:/usr/share/dotnet/packs/Microsoft.NETCore.App.Ref/8.0.21/ref/net8.0/System.Diagnostics.TraceSource.dll /reference:/usr/share/dotnet/packs/Microsoft.NETCore.App.Ref/8.0.21/ref/net8.0/System.Diagnostics.Tracing.dll /reference:/usr/share/dotnet/packs/Microsoft.NETCore.App.Ref/8.0.21/ref/net8.0/System.dll /reference:/usr/share/dotnet/packs/Microsoft.NETCore.App.Ref/8.0.21/ref/net8.0/System.Drawing.dll /reference:/usr/share/dotnet/packs/Microsoft.NETCore.App.Ref/8.0.21/ref/net8.0/System.Drawing.Primitives.dll /reference:/usr/share/dotnet/packs/Microsoft.NETCore.App.Ref/8.0.21/ref/net8.0/System.Dynamic.Runtime.dll /reference:/usr/share/dotnet/packs/Microsoft.NETCore.App.Ref/8.0.21/ref/net8.0/System.Formats.Asn1.dll /reference:/usr/share/dotnet/packs/Microsoft.NETCore.App.Ref/8.0.21/ref/net8.0/System.Formats.Tar.dll /reference:/usr/share/dotnet/packs/Microsoft.NETCore.App.Ref/8.0.21/ref/net8.0/System.Globalization.Calendars.dll /reference:/usr/share/dotnet/packs/Microsoft.NETCore.App.Ref/8.0.21/ref/net8.0/System.Globalization.dll /reference:/usr/share/dotnet/packs/Microsoft.NETCore.App.Ref/8.0.21/ref/net8.0/System.Globalization.Extensions.dll /reference:/usr/share/dotnet/packs/Microsoft.NETCore.App.Ref/8.0.21/ref/net8.0/System.IO.Compression.Brotli.dll /reference:/usr/share/dotnet/packs/Microsoft.NETCore.App.Ref/8.0.21/ref/net8.0/System.IO.Compression.dll /reference:/usr/share/dotnet/packs/Microsoft.NETCore.App.Ref/8.0.21/ref/net8.0/System.IO.Compression.FileSystem.dll /reference:/usr/share/dotnet/packs/Microsoft.NETCore.App.Ref/8.0.21/ref/net8.0/System.IO.Compression.ZipFile.dll /reference:/usr/share/dotnet/packs/Microsoft.NETCore.App.Ref/8.0.21/ref/net8.0/System.IO.dll /reference:/usr/share/dotnet/packs/Microsoft.NETCore.App.Ref/8.0.21/ref/net8.0/System.IO.FileSystem.AccessControl.dll /reference:/usr/share/dotnet/packs/Microsoft.NETCore.App.Ref/8.0.21/ref/net8.0/System.IO.FileSystem.dll /reference:/usr/share/dotnet/packs/Microsoft.NETCore.App.Ref/8.0.21/ref/net8.0/System.IO.FileSystem.DriveInfo.dll /reference:/usr/share/dotnet/packs/Microsoft.NETCore.App.Ref/8.0.21/ref/net8.0/System.IO.FileSystem.Primitives.dll /reference:/usr/share/dotnet/packs/Microsoft.NETCore.App.Ref/8.0.21/ref/net8.0/System.IO.FileSystem.Watcher.dll /reference:/usr/share/dotnet/packs/Microsoft.NETCore.App.Ref/8.0.21/ref/net8.0/System.IO.IsolatedStorage.dll /reference:/usr/share/dotnet/packs/Microsoft.NETCore.App.Ref/8.0.21/ref/net8.0/System.IO.MemoryMappedFiles.dll /reference:/usr/share/dotnet/packs/Microsoft.NETCore.App.Ref/8.0.21/ref/net8.0/System.IO.Pipes.AccessControl.dll /reference:/usr/share/dotnet/packs/Microsoft.NETCore.App.Ref/8.0.21/ref/net8.0/System.IO.Pipes.dll /reference:/usr/share/dotnet/packs/Microsoft.NETCore.App.Ref/8.0.21/ref/net8.0/System.IO.UnmanagedMemoryStream.dll /reference:/usr/share/dotnet/packs/Microsoft.NETCore.App.Ref/8.0.21/ref/net8.0/System.Linq.dll /reference:/usr/share/dotnet/packs/Microsoft.NETCore.App.Ref/8.0.21/ref/net8.0/System.Linq.Expressions.dll /reference:/usr/share/dotnet/packs/Microsoft.NETCore.App.Ref/8.0.21/ref/net8.0/System.Linq.Parallel.dll /reference:/usr/share/dotnet/packs/Microsoft.NETCore.App.Ref/8.0.21/ref/net8.0/System.Linq.Queryable.dll /reference:/usr/share/dotnet/packs/Microsoft.NETCore.App.Ref/8.0.21/ref/net8.0/System.Memory.dll /reference:/usr/share/dotnet/packs/Microsoft.NETCore.App.Ref/8.0.21/ref/net8.0/System.Net.dll /reference:/usr/share/dotnet/packs/Microsoft.NETCore.App.Ref/8.0.21/ref/net8.0/System.Net.Http.dll /reference:/usr/share/dotnet/packs/Microsoft.NETCore.App.Ref/8.0.21/ref/net8.0/System.Net.Http.Json.dll /reference:/usr/share/dotnet/packs/Microsoft.NETCore.App.Ref/8.0.21/ref/net8.0/System.Net.HttpListener.dll /reference:/usr/share/dotnet/packs/Microsoft.NETCore.App.Ref/8.0.21/ref/net8.0/System.Net.Mail.dll /reference:/usr/share/dotnet/packs/Microsoft.NETCore.App.Ref/8.0.21/ref/net8.0/System.Net.NameResolution.dll /reference:/usr/share/dotnet/packs/Microsoft.NETCore.App.Ref/8.0.21/ref/net8.0/System.Net.NetworkInformation.dll /reference:/usr/share/dotnet/packs/Microsoft.NETCore.App.Ref/8.0.21/ref/net8.0/System.Net.Ping.dll /reference:/usr/share/dotnet/packs/Microsoft.NETCore.App.Ref/8.0.21/ref/net8.0/System.Net.Primitives.dll /reference:/usr/share/dotnet/packs/Microsoft.NETCore.App.Ref/8.0.21/ref/net8.0/System.Net.Quic.dll /reference:/usr/share/dotnet/packs/Microsoft.NETCore.App.Ref/8.0.21/ref/net8.0/System.Net.Requests.dll /reference:/usr/share/dotnet/packs/Microsoft.NETCore.App.Ref/8.0.21/ref/net8.0/System.Net.Security.dll /reference:/usr/share/dotnet/packs/Microsoft.NETCore.App.Ref/8.0.21/ref/net8.0/System.Net.ServicePoint.dll /reference:/usr/share/dotnet/packs/Microsoft.NETCore.App.Ref/8.0.21/ref/net8.0/System.Net.Sockets.dll /reference:/usr/share/dotnet/packs/Microsoft.NETCore.App.Ref/8.0.21/ref/net8.0/System.Net.WebClient.dll /reference:/usr/share/dotnet/packs/Microsoft.NETCore.App.Ref/8.0.21/ref/net8.0/System.Net.WebHeaderCollection.dll /reference:/usr/share/dotnet/packs/Microsoft.NETCore.App.Ref/8.0.21/ref/net8.0/System.Net.WebProxy.dll /reference:/usr/share/dotnet/packs/Microsoft.NETCore.App.Ref/8.0.21/ref/net8.0/System.Net.WebSockets.Client.dll /reference:/usr/share/dotnet/packs/Microsoft.NETCore.App.Ref/8.0.21/ref/net8.0/System.Net.WebSockets.dll /reference:/usr/share/dotnet/packs/Microsoft.NETCore.App.Ref/8.0.21/ref/net8.0/System.Numerics.dll /reference:/usr/share/dotnet/packs/Microsoft.NETCore.App.Ref/8.0.21/ref/net8.0/System.Numerics.Vectors.dll /reference:/usr/share/dotnet/packs/Microsoft.NETCore.App.Ref/8.0.21/ref/net8.0/System.ObjectModel.dll /reference:/usr/share/dotnet/packs/Microsoft.NETCore.App.Ref/8.0.21/ref/net8.0/System.Reflection.DispatchProxy.dll /reference:/usr/share/dotnet/packs/Microsoft.NETCore.App.Ref/8.0.21/ref/net8.0/System.Reflection.dll /reference:/usr/share/dotnet/packs/Microsoft.NETCore.App.Ref/8.0.21/ref/net8.0/System.Reflection.Emit.dll /reference:/usr/share/dotnet/packs/Microsoft.NETCore.App.Ref/8.0.21/ref/net8.0/System.Reflection.Emit.ILGeneration.dll /reference:/usr/share/dotnet/packs/Microsoft.NETCore.App.Ref/8.0.21/ref/net8.0/System.Reflection.Emit.Lightweight.dll /reference:/usr/share/dotnet/packs/Microsoft.NETCore.App.Ref/8.0.21/ref/net8.0/System.Reflection.Extensions.dll /reference:/usr/share/dotnet/packs/Microsoft.NETCore.App.Ref/8.0.21/ref/net8.0/System.Reflection.Metadata.dll /reference:/usr/share/dotnet/packs/Microsoft.NETCore.App.Ref/8.0.21/ref/net8.0/System.Reflection.Primitives.dll /reference:/usr/share/dotnet/packs/Microsoft.NETCore.App.Ref/8.0.21/ref/net8.0/System.Reflection.TypeExtensions.dll /reference:/usr/share/dotnet/packs/Microsoft.NETCore.App.Ref/8.0.21/ref/net8.0/System.Resources.Reader.dll /reference:/usr/share/dotnet/packs/Microsoft.NETCore.App.Ref/8.0.21/ref/net8.0/System.Resources.ResourceManager.dll /reference:/usr/share/dotnet/packs/Microsoft.NETCore.App.Ref/8.0.21/ref/net8.0/System.Resources.Writer.dll /reference:/usr/share/dotnet/packs/Microsoft.NETCore.App.Ref/8.0.21/ref/net8.0/System.Runtime.CompilerServices.Unsafe.dll /reference:/usr/share/dotnet/packs/Microsoft.NETCore.App.Ref/8.0.21/ref/net8.0/System.Runtime.CompilerServices.VisualC.dll /reference:/usr/share/dotnet/packs/Microsoft.NETCore.App.Ref/8.0.21/ref/net8.0/System.Runtime.dll /reference:/usr/share/dotnet/packs/Microsoft.NETCore.App.Ref/8.0.21/ref/net8.0/System.Runtime.Extensions.dll /reference:/usr/share/dotnet/packs/Microsoft.NETCore.App.Ref/8.0.21/ref/net8.0/System.Runtime.Handles.dll /reference:/usr/share/dotnet/packs/Microsoft.NETCore.App.Ref/8.0.21/ref/net8.0/System.Runtime.InteropServices.dll /reference:/usr/share/dotnet/packs/Microsoft.NETCore.App.Ref/8.0.21/ref/net8.0/System.Runtime.InteropServices.JavaScript.dll /reference:/usr/share/dotnet/packs/Microsoft.NETCore.App.Ref/8.0.21/ref/net8.0/System.Runtime.InteropServices.RuntimeInformation.dll /reference:/usr/share/dotnet/packs/Microsoft.NETCore.App.Ref/8.0.21/ref/net8.0/System.Runtime.Intrinsics.dll /reference:/usr/share/dotnet/packs/Microsoft.NETCore.App.Ref/8.0.21/ref/net8.0/System.Runtime.Loader.dll /reference:/usr/share/dotnet/packs/Microsoft.NETCore.App.Ref/8.0.21/ref/net8.0/System.Runtime.Numerics.dll /reference:/usr/share/dotnet/packs/Microsoft.NETCore.App.Ref/8.0.21/ref/net8.0/System.Runtime.Serialization.dll /reference:/usr/share/dotnet/packs/Microsoft.NETCore.App.Ref/8.0.21/ref/net8.0/System.Runtime.Serialization.Formatters.dll /reference:/usr/share/dotnet/packs/Microsoft.NETCore.App.Ref/8.0.21/ref/net8.0/System.Runtime.Serialization.Json.dll /reference:/usr/share/dotnet/packs/Microsoft.NETCore.App.Ref/8.0.21/ref/net8.0/System.Runtime.Serialization.Primitives.dll /reference:/usr/share/dotnet/packs/Microsoft.NETCore.App.Ref/8.0.21/ref/net8.0/System.Runtime.Serialization.Xml.dll /reference:/usr/share/dotnet/packs/Microsoft.NETCore.App.Ref/8.0.21/ref/net8.0/System.Security.AccessControl.dll /reference:/usr/share/dotnet/packs/Microsoft.NETCore.App.Ref/8.0.21/ref/net8.0/System.Security.Claims.dll /reference:/usr/share/dotnet/packs/Microsoft.NETCore.App.Ref/8.0.21/ref/net8.0/System.Security.Cryptography.Algorithms.dll /reference:/usr/share/dotnet/packs/Microsoft.NETCore.App.Ref/8.0.21/ref/net8.0/System.Security.Cryptography.Cng.dll /reference:/usr/share/dotnet/packs/Microsoft.NETCore.App.Ref/8.0.21/ref/net8.0/System.Security.Cryptography.Csp.dll /reference:/usr/share/dotnet/packs/Microsoft.NETCore.App.Ref/8.0.21/ref/net8.0/System.Security.Cryptography.dll /reference:/usr/share/dotnet/packs/Microsoft.NETCore.App.Ref/8.0.21/ref/net8.0/System.Security.Cryptography.Encoding.dll /reference:/usr/share/dotnet/packs/Microsoft.NETCore.App.Ref/8.0.21/ref/net8.0/System.Security.Cryptography.OpenSsl.dll /reference:/usr/share/dotnet/packs/Microsoft.NETCore.App.Ref/8.0.21/ref/net8.0/System.Security.Cryptography.Primitives.dll /reference:/usr/share/dotnet/packs/Microsoft.NETCore.App.Ref/8.0.21/ref/net8.0/System.Security.Cryptography.X509Certificates.dll /reference:/usr/share/dotnet/packs/Microsoft.NETCore.App.Ref/8.0.21/ref/net8.0/System.Security.dll /reference:/usr/share/dotnet/packs/Microsoft.NETCore.App.Ref/8.0.21/ref/net8.0/System.Security.Principal.dll /reference:/usr/share/dotnet/packs/Microsoft.NETCore.App.Ref/8.0.21/ref/net8.0/System.Security.Principal.Windows.dll /reference:/usr/share/dotnet/packs/Microsoft.NETCore.App.Ref/8.0.21/ref/net8.0/System.Security.SecureString.dll /reference:/usr/share/dotnet/packs/Microsoft.NETCore.App.Ref/8.0.21/ref/net8.0/System.ServiceModel.Web.dll /reference:/usr/share/dotnet/packs/Microsoft.NETCore.App.Ref/8.0.21/ref/net8.0/System.ServiceProcess.dll /reference:/usr/share/dotnet/packs/Microsoft.NETCore.App.Ref/8.0.21/ref/net8.0/System.Text.Encoding.CodePages.dll /reference:/usr/share/dotnet/packs/Microsoft.NETCore.App.Ref/8.0.21/ref/net8.0/System.Text.Encoding.dll /reference:/usr/share/dotnet/packs/Microsoft.NETCore.App.Ref/8.0.21/ref/net8.0/System.Text.Encoding.Extensions.dll /reference:/usr/share/dotnet/packs/Microsoft.NETCore.App.Ref/8.0.21/ref/net8.0/System.Text.Encodings.Web.dll /reference:/usr/share/dotnet/packs/Microsoft.NETCore.App.Ref/8.0.21/ref/net8.0/System.Text.Json.dll /reference:/usr/share/dotnet/packs/Microsoft.NETCore.App.Ref/8.0.21/ref/net8.0/System.Text.RegularExpressions.dll /reference:/usr/share/dotnet/packs/Microsoft.NETCore.App.Ref/8.0.21/ref/net8.0/System.Threading.Channels.dll /reference:/usr/share/dotnet/packs/Microsoft.NETCore.App.Ref/8.0.21/ref/net8.0/System.Threading.dll /reference:/usr/share/dotnet/packs/Microsoft.NETCore.App.Ref/8.0.21/ref/net8.0/System.Threading.Overlapped.dll /reference:/usr/share/dotnet/packs/Microsoft.NETCore.App.Ref/8.0.21/ref/net8.0/System.Threading.Tasks.Dataflow.dll /reference:/usr/share/dotnet/packs/Microsoft.NETCore.App.Ref/8.0.21/ref/net8.0/System.Threading.Tasks.dll /reference:/usr/share/dotnet/packs/Microsoft.NETCore.App.Ref/8.0.21/ref/net8.0/System.Threading.Tasks.Extensions.dll /reference:/usr/share/dotnet/packs/Microsoft.NETCore.App.Ref/8.0.21/ref/net8.0/System.Threading.Tasks.Parallel.dll /reference:/usr/share/dotnet/packs/Microsoft.NETCore.App.Ref/8.0.21/ref/net8.0/System.Threading.Thread.dll /reference:/usr/share/dotnet/packs/Microsoft.NETCore.App.Ref/8.0.21/ref/net8.0/System.Threading.ThreadPool.dll /reference:/usr/share/dotnet/packs/Microsoft.NETCore.App.Ref/8.0.21/ref/net8.0/System.Threading.Timer.dll /reference:/usr/share/dotnet/packs/Microsoft.NETCore.App.Ref/8.0.21/ref/net8.0/System.Transactions.dll /reference:/usr/share/dotnet/packs/Microsoft.NETCore.App.Ref/8.0.21/ref/net8.0/System.Transactions.Local.dll /reference:/usr/share/dotnet/packs/Microsoft.NETCore.App.Ref/8.0.21/ref/net8.0/System.ValueTuple.dll /reference:/usr/share/dotnet/packs/Microsoft.NETCore.App.Ref/8.0.21/ref/net8.0/System.Web.dll /reference:/usr/share/dotnet/packs/Microsoft.NETCore.App.Ref/8.0.21/ref/net8.0/System.Web.HttpUtility.dll /reference:/usr/share/dotnet/packs/Microsoft.NETCore.App.Ref/8.0.21/ref/net8.0/System.Windows.dll /reference:/usr/share/dotnet/packs/Microsoft.NETCore.App.Ref/8.0.21/ref/net8.0/System.Xml.dll /reference:/usr/share/dotnet/packs/Microsoft.NETCore.App.Ref/8.0.21/ref/net8.0/System.Xml.Linq.dll /reference:/usr/share/dotnet/packs/Microsoft.NETCore.App.Ref/8.0.21/ref/net8.0/System.Xml.ReaderWriter.dll /reference:/usr/share/dotnet/packs/Microsoft.NETCore.App.Ref/8.0.21/ref/net8.0/System.Xml.Serialization.dll /reference:/usr/share/dotnet/packs/Microsoft.NETCore.App.Ref/8.0.21/ref/net8.0/System.Xml.XDocument.dll /reference:/usr/share/dotnet/packs/Microsoft.NETCore.App.Ref/8.0.21/ref/net8.0/System.Xml.XmlDocument.dll /reference:/usr/share/dotnet/packs/Microsoft.NETCore.App.Ref/8.0.21/ref/net8.0/System.Xml.XmlSerializer.dll /reference:/usr/share/dotnet/packs/Microsoft.NETCore.App.Ref/8.0.21/ref/net8.0/System.Xml.XPath.dll /reference:/usr/share/dotnet/packs/Microsoft.NETCore.App.Ref/8.0.21/ref/net8.0/System.Xml.XPath.XDocument.dll /reference:/usr/share/dotnet/packs/Microsoft.NETCore.App.Ref/8.0.21/ref/net8.0/WindowsBase.dll /debug- /debug:portable /filealign:512 /optimize+ /out:obj/Release/net8.0/KChief.Protocols.Modbus.dll /refout:obj/Release/net8.0/refint/KChief.Protocols.Modbus.dll /target:library /warnaserror- /utf8output /deterministic+ /sourcelink:obj/Release/net8.0/KChief.Protocols.Modbus.sourcelink.json /langversion:12.0 /embed:obj/Release/net8.0/KChief.Protocols.Modbus.GlobalUsings.g.cs /embed:"obj/Release/net8.0/.NETCoreApp,Version=v8.0.AssemblyAttributes.cs" /embed:obj/Release/net8.0/KChief.Protocols.Modbus.AssemblyInfo.cs /analyzerconfig:obj/Release/net8.0/KChief.Protocols.Modbus.GeneratedMSBuildEditorConfig.editorconfig /analyzerconfig:/usr/share/dotnet/sdk/8.0.415/Sdks/Microsoft.NET.Sdk/analyzers/build/config/analysislevel_8_default.globalconfig /analyzer:/usr/share/dotnet/sdk/8.0.415/Sdks/Microsoft.NET.Sdk/targets/../analyzers/Microsoft.CodeAnalysis.CSharp.NetAnalyzers.dll /analyzer:/usr/share/dotnet/sdk/8.0.415/Sdks/Microsoft.NET.Sdk/targets/../analyzers/Microsoft.CodeAnalysis.NetAnalyzers.dll /analyzer:/home/saidul/.nuget/packages/microsoft.extensions.logging.abstractions/8.0.0/analyzers/dotnet/roslyn4.4/cs/Microsoft.Extensions.Logging.Generators.dll /analyzer:/home/saidul/.nuget/packages/microsoft.extensions.options/8.0.0/analyzers/dotnet/roslyn4.4/cs/Microsoft.Extensions.Options.SourceGeneration.dll /analyzer:/usr/share/dotnet/packs/Microsoft.NETCore.App.Ref/8.0.21/analyzers/dotnet/cs/Microsoft.Interop.ComInterfaceGenerator.dll /analyzer:/usr/share/dotnet/packs/Microsoft.NETCore.App.Ref/8.0.21/analyzers/dotnet/cs/Microsoft.Interop.JavaScript.JSImportGenerator.dll /analyzer:/usr/share/dotnet/packs/Microsoft.NETCore.App.Ref/8.0.21/analyzers/dotnet/cs/Microsoft.Interop.LibraryImportGenerator.dll /analyzer:/usr/share/dotnet/packs/Microsoft.NETCore.App.Ref/8.0.21/analyzers/dotnet/cs/Microsoft.Interop.SourceGeneration.dll /analyzer:/usr/share/dotnet/packs/Microsoft.NETCore.App.Ref/8.0.21/analyzers/dotnet/cs/System.Text.Json.SourceGeneration.dll /analyzer:/usr/share/dotnet/packs/Microsoft.NETCore.App.Ref/8.0.21/analyzers/dotnet/cs/System.Text.RegularExpressions.Generator.dll Services/ModbusClientService.cs Services/ModbusConnectionPool.cs obj/Release/net8.0/KChief.Protocols.Modbus.GlobalUsings.g.cs "obj/Release/net8.0/.NETCoreApp,Version=v8.0.AssemblyAttributes.cs" obj/Release/net8.0/KChief.Protocols.Modbus.AssemblyInfo.cs /warnaserror+:NU1605,SYSLIB0011
   5:7>ResolveAssemblyReferences:
             Resolved file path is "/usr/share/dotnet/packs/Microsoft.AspNetCore.App.Ref/8.0.21/ref/net8.0/Microsoft.Extensions.Caching.Abstractions.dll".
             Reference found at search path location "{RawFileName}".
             This reference is not "CopyLocal" because at least one source item had "Private" set to "false" and no source items had "Private" set to "true".
             The ImageRuntimeVersion for this reference is "".
         Primary reference "Microsoft.Extensions.Caching.Memory, Version=8.0.0.0, Culture=neutral, PublicKeyToken=adb9793829ddae60".
             Resolved file path is "/usr/share/dotnet/packs/Microsoft.AspNetCore.App.Ref/8.0.21/ref/net8.0/Microsoft.Extensions.Caching.Memory.dll".
             Reference found at search path location "{RawFileName}".
             This reference is not "CopyLocal" because at least one source item had "Private" set to "false" and no source items had "Private" set to "true".
             The ImageRuntimeVersion for this reference is "".
         Primary reference "Microsoft.Extensions.Configuration.Abstractions, Version=8.0.0.0, Culture=neutral, PublicKeyToken=adb9793829ddae60".
             Resolved file path is "/usr/share/dotnet/packs/Microsoft.AspNetCore.App.Ref/8.0.21/ref/net8.0/Microsoft.Extensions.Configuration.Abstractions.dll".
             Reference found at search path location "{RawFileName}".
             This reference is not "CopyLocal" because at least one source item had "Private" set to "false" and no source items had "Private" set to "true".
             The ImageRuntimeVersion for this reference is "".
         Primary reference "Microsoft.Extensions.Configuration.Binder, Version=8.0.0.0, Culture=neutral, PublicKeyToken=adb9793829ddae60".
             Resolved file path is "/usr/share/dotnet/packs/Microsoft.AspNetCore.App.Ref/8.0.21/ref/net8.0/Microsoft.Extensions.Configuration.Binder.dll".
             Reference found at search path location "{RawFileName}".
             This reference is not "CopyLocal" because at least one source item had "Private" set to "false" and no source items had "Private" set to "true".
             The ImageRuntimeVersion for this reference is "".
         Primary reference "Microsoft.Extensions.Configuration.CommandLine, Version=8.0.0.0, Culture=neutral, PublicKeyToken=adb9793829ddae60".
             Resolved file path is "/usr/share/dotnet/packs/Microsoft.AspNetCore.App.Ref/8.0.21/ref/net8.0/Microsoft.Extensions.Configuration.CommandLine.dll".
             Reference found at search path location "{RawFileName}".
             This reference is not "CopyLocal" because at least one source item had "Private" set to "false" and no source items had "Private" set to "true".
             The ImageRuntimeVersion for this reference is "".
         Primary reference "Microsoft.Extensions.Configuration.EnvironmentVariables, Version=8.0.0.0, Culture=neutral, PublicKeyToken=adb9793829ddae60".
             Resolved file path is "/usr/share/dotnet/packs/Microsoft.AspNetCore.App.Ref/8.0.21/ref/net8.0/Microsoft.Extensions.Configuration.EnvironmentVariables.dll".
             Reference found at search path location "{RawFileName}".
             This reference is not "CopyLocal" because at least one source item had "Private" set to "false" and no source items had "Private" set to "true".
             The ImageRuntimeVersion for this reference is "".
         Primary reference "Microsoft.Extensions.Configuration.FileExtensions, Version=8.0.0.0, Culture=neutral, PublicKeyToken=adb9793829ddae60".
             Resolved file path is "/usr/share/dotnet/packs/Microsoft.AspNetCore.App.Ref/8.0.21/ref/net8.0/Microsoft.Extensions.Configuration.FileExtensions.dll".
             Reference found at search path location "{RawFileName}".
             This reference is not "CopyLocal" because at least one source item had "Private" set to "false" and no source items had "Private" set to "true".
             The ImageRuntimeVersion for this reference is "".
         Primary reference "Microsoft.Extensions.Configuration.Ini, Version=8.0.0.0, Culture=neutral, PublicKeyToken=adb9793829ddae60".
             Resolved file path is "/usr/share/dotnet/packs/Microsoft.AspNetCore.App.Ref/8.0.21/ref/net8.0/Microsoft.Extensions.Configuration.Ini.dll".
             Reference found at search path location "{RawFileName}".
             This reference is not "CopyLocal" because at least one source item had "Private" set to "false" and no source items had "Private" set to "true".
             The ImageRuntimeVersion for this reference is "".
         Primary reference "Microsoft.Extensions.Configuration.Json, Version=8.0.0.0, Culture=neutral, PublicKeyToken=adb9793829ddae60".
             Resolved file path is "/usr/share/dotnet/packs/Microsoft.AspNetCore.App.Ref/8.0.21/ref/net8.0/Microsoft.Extensions.Configuration.Json.dll".
             Reference found at search path location "{RawFileName}".
             This reference is not "CopyLocal" because at least one source item had "Private" set to "false" and no source items had "Private" set to "true".
             The ImageRuntimeVersion for this reference is "".
         Primary reference "Microsoft.Extensions.Configuration.KeyPerFile, Version=8.0.0.0, Culture=neutral, PublicKeyToken=adb9793829ddae60".
             Resolved file path is "/usr/share/dotnet/packs/Microsoft.AspNetCore.App.Ref/8.0.21/ref/net8.0/Microsoft.Extensions.Configuration.KeyPerFile.dll".
             Reference found at search path location "{RawFileName}".
             This reference is not "CopyLocal" because at least one source item had "Private" set to "false" and no source items had "Private" set to "true".
             The ImageRuntimeVersion for this reference is "".
         Primary reference "Microsoft.Extensions.Configuration.UserSecrets, Version=8.0.0.0, Culture=neutral, PublicKeyToken=adb9793829ddae60".
             Resolved file path is "/usr/share/dotnet/packs/Microsoft.AspNetCore.App.Ref/8.0.21/ref/net8.0/Microsoft.Extensions.Configuration.UserSecrets.dll".
             Reference found at search path location "{RawFileName}".
             This reference is not "CopyLocal" because at least one source item had "Private" set to "false" and no source items had "Private" set to "true".
             The ImageRuntimeVersion for this reference is "".
         Primary reference "Microsoft.Extensions.Configuration.Xml, Version=8.0.0.0, Culture=neutral, PublicKeyToken=adb9793829ddae60".
             Resolved file path is "/usr/share/dotnet/packs/Microsoft.AspNetCore.App.Ref/8.0.21/ref/net8.0/Microsoft.Extensions.Configuration.Xml.dll".
             Reference found at search path location "{RawFileName}".
             This reference is not "CopyLocal" because at least one source item had "Private" set to "false" and no source items had "Private" set to "true".
             The ImageRuntimeVersion for this reference is "".
         Primary reference "Microsoft.Extensions.Configuration, Version=8.0.0.0, Culture=neutral, PublicKeyToken=adb9793829ddae60".
             Resolved file path is "/usr/share/dotnet/packs/Microsoft.AspNetCore.App.Ref/8.0.21/ref/net8.0/Microsoft.Extensions.Configuration.dll".
             Reference found at search path location "{RawFileName}".
             This reference is not "CopyLocal" because at least one source item had "Private" set to "false" and no source items had "Private" set to "true".
             The ImageRuntimeVersion for this reference is "".
         Primary reference "Microsoft.Extensions.DependencyInjection.Abstractions, Version=8.0.0.0, Culture=neutral, PublicKeyToken=adb9793829ddae60".
             Resolved file path is "/usr/share/dotnet/packs/Microsoft.AspNetCore.App.Ref/8.0.21/ref/net8.0/Microsoft.Extensions.DependencyInjection.Abstractions.dll".
             Reference found at search path location "{RawFileName}".
             This reference is not "CopyLocal" because at least one source item had "Private" set to "false" and no source items had "Private" set to "true".
             The ImageRuntimeVersion for this reference is "".
         Primary reference "Microsoft.Extensions.DependencyInjection, Version=8.0.0.0, Culture=neutral, PublicKeyToken=adb9793829ddae60".
             Resolved file path is "/usr/share/dotnet/packs/Microsoft.AspNetCore.App.Ref/8.0.21/ref/net8.0/Microsoft.Extensions.DependencyInjection.dll".
             Reference found at search path location "{RawFileName}".
             This reference is not "CopyLocal" because at least one source item had "Private" set to "false" and no source items had "Private" set to "true".
             The ImageRuntimeVersion for this reference is "".
         Primary reference "Microsoft.Extensions.Diagnostics.Abstractions, Version=8.0.0.0, Culture=neutral, PublicKeyToken=adb9793829ddae60".
             Resolved file path is "/usr/share/dotnet/packs/Microsoft.AspNetCore.App.Ref/8.0.21/ref/net8.0/Microsoft.Extensions.Diagnostics.Abstractions.dll".
             Reference found at search path location "{RawFileName}".
             This reference is not "CopyLocal" because at least one source item had "Private" set to "false" and no source items had "Private" set to "true".
             The ImageRuntimeVersion for this reference is "".
         Primary reference "Microsoft.Extensions.Diagnostics.HealthChecks.Abstractions, Version=8.0.0.0, Culture=neutral, PublicKeyToken=adb9793829ddae60".
             Resolved file path is "/usr/share/dotnet/packs/Microsoft.AspNetCore.App.Ref/8.0.21/ref/net8.0/Microsoft.Extensions.Diagnostics.HealthChecks.Abstractions.dll".
             Reference found at search path location "{RawFileName}".
             This reference is not "CopyLocal" because at least one source item had "Private" set to "false" and no source items had "Private" set to "true".
             The ImageRuntimeVersion for this reference is "".
         Primary reference "Microsoft.Extensions.Diagnostics.HealthChecks, Version=8.0.0.0, Culture=neutral, PublicKeyToken=adb9793829ddae60".
             Resolved file path is "/usr/share/dotnet/packs/Microsoft.AspNetCore.App.Ref/8.0.21/ref/net8.0/Microsoft.Extensions.Diagnostics.HealthChecks.dll".
             Reference found at search path location "{RawFileName}".
             This reference is not "CopyLocal" because at least one source item had "Private" set to "false" and no source items had "Private" set to "true".
             The ImageRuntimeVersion for this reference is "".
         Primary reference "Microsoft.Extensions.Diagnostics, Version=8.0.0.0, Culture=neutral, PublicKeyToken=adb9793829ddae60".
             Resolved file path is "/usr/share/dotnet/packs/Microsoft.AspNetCore.App.Ref/8.0.21/ref/net8.0/Microsoft.Extensions.Diagnostics.dll".
             Reference found at search path location "{RawFileName}".
             This reference is not "CopyLocal" because at least one source item had "Private" set to "false" and no source items had "Private" set to "true".
             The ImageRuntimeVersion for this reference is "".
         Primary reference "Microsoft.Extensions.Features, Version=8.0.0.0, Culture=neutral, PublicKeyToken=adb9793829ddae60".
             Resolved file path is "/usr/share/dotnet/packs/Microsoft.AspNetCore.App.Ref/8.0.21/ref/net8.0/Microsoft.Extensions.Features.dll".
             Reference found at search path location "{RawFileName}".
             This reference is not "CopyLocal" because at least one source item had "Private" set to "false" and no source items had "Private" set to "true".
             The ImageRuntimeVersion for this reference is "".
         Primary reference "Microsoft.Extensions.FileProviders.Abstractions, Version=8.0.0.0, Culture=neutral, PublicKeyToken=adb9793829ddae60".
             Resolved file path is "/usr/share/dotnet/packs/Microsoft.AspNetCore.App.Ref/8.0.21/ref/net8.0/Microsoft.Extensions.FileProviders.Abstractions.dll".
             Reference found at search path location "{RawFileName}".
             This reference is not "CopyLocal" because at least one source item had "Private" set to "false" and no source items had "Private" set to "true".
             The ImageRuntimeVersion for this reference is "".
         Primary reference "Microsoft.Extensions.FileProviders.Composite, Version=8.0.0.0, Culture=neutral, PublicKeyToken=adb9793829ddae60".
             Resolved file path is "/usr/share/dotnet/packs/Microsoft.AspNetCore.App.Ref/8.0.21/ref/net8.0/Microsoft.Extensions.FileProviders.Composite.dll".
             Reference found at search path location "{RawFileName}".
             This reference is not "CopyLocal" because at least one source item had "Private" set to "false" and no source items had "Private" set to "true".
             The ImageRuntimeVersion for this reference is "".
         Primary reference "Microsoft.Extensions.FileProviders.Embedded, Version=8.0.0.0, Culture=neutral, PublicKeyToken=adb9793829ddae60".
   8:8>CoreCompile:
         /usr/share/dotnet/dotnet exec "/usr/share/dotnet/sdk/8.0.415/Roslyn/bincore/csc.dll" /noconfig /unsafe- /checked- /nowarn:1701,1702,1701,1702 /fullpaths /nostdlib+ /errorreport:prompt /warn:8 /define:TRACE;RELEASE;NET;NET8_0;NETCOREAPP;NET5_0_OR_GREATER;NET6_0_OR_GREATER;NET7_0_OR_GREATER;NET8_0_OR_GREATER;NETCOREAPP1_0_OR_GREATER;NETCOREAPP1_1_OR_GREATER;NETCOREAPP2_0_OR_GREATER;NETCOREAPP2_1_OR_GREATER;NETCOREAPP2_2_OR_GREATER;NETCOREAPP3_0_OR_GREATER;NETCOREAPP3_1_OR_GREATER /highentropyva+ /nullable:enable /reference:/home/saidul/.nuget/packages/azure.core/1.25.0/lib/net5.0/Azure.Core.dll /reference:/home/saidul/.nuget/packages/azure.identity/1.7.0/lib/netstandard2.0/Azure.Identity.dll /reference:/home/saidul/.nuget/packages/fluentvalidation/11.9.0/lib/net8.0/FluentValidation.dll /reference:/home/saidul/.nuget/packages/humanizer.core/2.14.1/lib/net6.0/Humanizer.dll /reference:"/home/saidul/Desktop/K-Chief Marine Automation Platform/src/KChief.Platform.Core/obj/Release/net8.0/ref/KChief.Platform.Core.dll" /reference:/home/saidul/.nuget/packages/microsoft.aspnetcore.http.abstractions/2.2.0/lib/netstandard2.0/Microsoft.AspNetCore.Http.Abstractions.dll /reference:/home/saidul/.nuget/packages/microsoft.aspnetcore.http.features/2.2.0/lib/netstandard2.0/Microsoft.AspNetCore.Http.Features.dll /reference:/home/saidul/.nuget/packages/microsoft.bcl.asyncinterfaces/6.0.0/lib/netstandard2.1/Microsoft.Bcl.AsyncInterfaces.dll /reference:/home/saidul/.nuget/packages/microsoft.codeanalysis.csharp/4.5.0/lib/netcoreapp3.1/Microsoft.CodeAnalysis.CSharp.dll /reference:/home/saidul/.nuget/packages/microsoft.codeanalysis.csharp.workspaces/4.5.0/lib/netcoreapp3.1/Microsoft.CodeAnalysis.CSharp.Workspaces.dll /reference:/home/saidul/.nuget/packages/microsoft.codeanalysis.common/4.5.0/lib/netcoreapp3.1/Microsoft.CodeAnalysis.dll /reference:/home/saidul/.nuget/packages/microsoft.codeanalysis.workspaces.common/4.5.0/lib/netcoreapp3.1/Microsoft.CodeAnalysis.Workspaces.dll /reference:/usr/share/dotnet/packs/Microsoft.NETCore.App.Ref/8.0.21/ref/net8.0/Microsoft.CSharp.dll /reference:/home/saidul/.nuget/packages/microsoft.data.sqlclient/5.1.1/ref/net6.0/Microsoft.Data.SqlClient.dll /reference:/home/saidul/.nuget/packages/microsoft.data.sqlite.core/8.0.0/lib/net8.0/Microsoft.Data.Sqlite.dll /reference:/home/saidul/.nuget/packages/microsoft.entityframeworkcore.abstractions/8.0.0/lib/net8.0/Microsoft.EntityFrameworkCore.Abstractions.dll /reference:/home/saidul/.nuget/packages/microsoft.entityframeworkcore.design/8.0.0/lib/net8.0/Microsoft.EntityFrameworkCore.Design.dll /reference:/home/saidul/.nuget/packages/microsoft.entityframeworkcore/8.0.0/lib/net8.0/Microsoft.EntityFrameworkCore.dll /reference:/home/saidul/.nuget/packages/microsoft.entityframeworkcore.relational/8.0.0/lib/net8.0/Microsoft.EntityFrameworkCore.Relational.dll /reference:/home/saidul/.nuget/packages/microsoft.entityframeworkcore.sqlite.core/8.0.0/lib/net8.0/Microsoft.EntityFrameworkCore.Sqlite.dll /reference:/home/saidul/.nuget/packages/microsoft.entityframeworkcore.sqlserver/8.0.0/lib/net8.0/Microsoft.EntityFrameworkCore.SqlServer.dll /reference:/home/saidul/.nuget/packages/microsoft.extensions.caching.abstractions/8.0.0/lib/net8.0/Microsoft.Extensions.Caching.Abstractions.dll /reference:/home/saidul/.nuget/packages/microsoft.extensions.caching.memory/8.0.0/lib/net8.0/Microsoft.Extensions.Caching.Memory.dll /reference:/home/saidul/.nuget/packages/microsoft.extensions.configuration.abstractions/8.0.0/lib/net8.0/Microsoft.Extensions.Configuration.Abstractions.dll /reference:/home/saidul/.nuget/packages/microsoft.extensions.dependencyinjection.abstractions/8.0.1/lib/net8.0/Microsoft.Extensions.DependencyInjection.Abstractions.dll /reference:/home/saidul/.nuget/packages/microsoft.extensions.dependencyinjection/8.0.0/lib/net8.0/Microsoft.Extensions.DependencyInjection.dll /reference:/home/saidul/.nuget/packages/microsoft.extensions.dependencymodel/8.0.0/lib/net8.0/Microsoft.Extensions.DependencyModel.dll /reference:/home/saidul/.nuget/packages/microsoft.extensions.diagnostics.abstractions/8.0.0/lib/net8.0/Microsoft.Extensions.Diagnostics.Abstractions.dll /reference:/home/saidul/.nuget/packages/microsoft.extensions.fileproviders.abstractions/8.0.0/lib/net8.0/Microsoft.Extensions.FileProviders.Abstractions.dll /reference:/home/saidul/.nuget/packages/microsoft.extensions.hosting.abstractions/8.0.0/lib/net8.0/Microsoft.Extensions.Hosting.Abstractions.dll /reference:/home/saidul/.nuget/packages/microsoft.extensions.logging.abstractions/8.0.1/lib/net8.0/Microsoft.Extensions.Logging.Abstractions.dll /reference:/home/saidul/.nuget/packages/microsoft.extensions.logging/8.0.0/lib/net8.0/Microsoft.Extensions.Logging.dll /reference:/home/saidul/.nuget/packages/microsoft.extensions.options/8.0.0/lib/net8.0/Microsoft.Extensions.Options.dll /reference:/home/saidul/.nuget/packages/microsoft.extensions.primitives/8.0.0/lib/net8.0/Microsoft.Extensions.Primitives.dll /reference:/home/saidul/.nuget/packages/microsoft.identity.client/4.47.2/lib/netcoreapp2.1/Microsoft.Identity.Client.dll /reference:/home/saidul/.nuget/packages/microsoft.identity.client.extensions.msal/2.19.3/lib/netcoreapp2.1/Microsoft.Identity.Client.Extensions.Msal.dll /reference:/home/saidul/.nuget/packages/microsoft.identitymodel.abstractions/6.24.0/lib/net6.0/Microsoft.IdentityModel.Abstractions.dll /reference:/home/saidul/.nuget/packages/microsoft.identitymodel.jsonwebtokens/6.24.0/lib/net6.0/Microsoft.IdentityModel.JsonWebTokens.dll /reference:/home/saidul/.nuget/packages/microsoft.identitymodel.logging/6.24.0/lib/net6.0/Microsoft.IdentityModel.Logging.dll /reference:/home/saidul/.nuget/packages/microsoft.identitymodel.protocols/6.24.0/lib/net6.0/Microsoft.IdentityModel.Protocols.dll /reference:/home/saidul/.nuget/packages/microsoft.identitymodel.protocols.openidconnect/6.24.0/lib/net6.0/Microsoft.IdentityModel.Protocols.OpenIdConnect.dll /reference:/home/saidul/.nuget/packages/microsoft.identitymodel.tokens/6.24.0/lib/net6.0/Microsoft.IdentityModel.Tokens.dll /reference:/home/saidul/.nuget/packages/microsoft.sqlserver.server/1.0.0/lib/netstandard2.0/Microsoft.SqlServer.Server.dll /reference:/usr/share/dotnet/packs/Microsoft.NETCore.App.Ref/8.0.21/ref/net8.0/Microsoft.VisualBasic.Core.dll /reference:/usr/share/dotnet/packs/Microsoft.NETCore.App.Ref/8.0.21/ref/net8.0/Microsoft.VisualBasic.dll /reference:/usr/share/dotnet/packs/Microsoft.NETCore.App.Ref/8.0.21/ref/net8.0/Microsoft.Win32.Primitives.dll /reference:/usr/share/dotnet/packs/Microsoft.NETCore.App.Ref/8.0.21/ref/net8.0/Microsoft.Win32.Registry.dll /reference:/home/saidul/.nuget/packages/mono.texttemplating/2.2.1/lib/netstandard2.0/Mono.TextTemplating.dll /reference:/usr/share/dotnet/packs/Microsoft.NETCore.App.Ref/8.0.21/ref/net8.0/mscorlib.dll /reference:/usr/share/dotnet/packs/Microsoft.NETCore.App.Ref/8.0.21/ref/net8.0/netstandard.dll /reference:/home/saidul/.nuget/packages/polly.core/8.2.0/lib/net8.0/Polly.Core.dll /reference:/home/saidul/.nuget/packages/polly/8.2.0/lib/net6.0/Polly.dll /reference:/home/saidul/.nuget/packages/rabbitmq.client/6.8.1/lib/netstandard2.0/RabbitMQ.Client.dll /reference:/home/saidul/.nuget/packages/serilog/3.1.1/lib/net7.0/Serilog.dll /reference:/home/saidul/.nuget/packages/sqlitepclraw.bundle_e_sqlite3/2.1.6/lib/netstandard2.0/SQLitePCLRaw.batteries_v2.dll /reference:/home/saidul/.nuget/packages/sqlitepclraw.core/2.1.6/lib/netstandard2.0/SQLitePCLRaw.core.dll /reference:/home/saidul/.nuget/packages/sqlitepclraw.provider.e_sqlite3/2.1.6/lib/net6.0/SQLitePCLRaw.provider.e_sqlite3.dll /reference:/usr/share/dotnet/packs/Microsoft.NETCore.App.Ref/8.0.21/ref/net8.0/System.AppContext.dll /reference:/usr/share/dotnet/packs/Microsoft.NETCore.App.Ref/8.0.21/ref/net8.0/System.Buffers.dll /reference:/home/saidul/.nuget/packages/system.codedom/4.4.0/ref/netstandard2.0/System.CodeDom.dll /reference:/usr/share/dotnet/packs/Microsoft.NETCore.App.Ref/8.0.21/ref/net8.0/System.Collections.Concurrent.dll /reference:/usr/share/dotnet/packs/Microsoft.NETCore.App.Ref/8.0.21/ref/net8.0/System.Collections.dll /reference:/usr/share/dotnet/packs/Microsoft.NETCore.App.Ref/8.0.21/ref/net8.0/System.Collections.Immutable.dll /reference:/usr/share/dotnet/packs/Microsoft.NETCore.App.Ref/8.0.21/ref/net8.0/System.Collections.NonGeneric.dll /reference:/usr/share/dotnet/packs/Microsoft.NETCore.App.Ref/8.0.21/ref/net8.0/System.Collections.Specialized.dll /reference:/usr/share/dotnet/packs/Microsoft.NETCore.App.Ref/8.0.21/ref/net8.0/System.ComponentModel.Annotations.dll /reference:/usr/share/dotnet/packs/Microsoft.NETCore.App.Ref/8.0.21/ref/net8.0/System.ComponentModel.DataAnnotations.dll /reference:/usr/share/dotnet/packs/Microsoft.NETCore.App.Ref/8.0.21/ref/net8.0/System.ComponentModel.dll /reference:/usr/share/dotnet/packs/Microsoft.NETCore.App.Ref/8.0.21/ref/net8.0/System.ComponentModel.EventBasedAsync.dll /reference:/usr/share/dotnet/packs/Microsoft.NETCore.App.Ref/8.0.21/ref/net8.0/System.ComponentModel.Primitives.dll /reference:/usr/share/dotnet/packs/Microsoft.NETCore.App.Ref/8.0.21/ref/net8.0/System.ComponentModel.TypeConverter.dll /reference:/home/saidul/.nuget/packages/system.composition.attributedmodel/6.0.0/lib/net6.0/System.Composition.AttributedModel.dll /reference:/home/saidul/.nuget/packages/system.composition.convention/6.0.0/lib/net6.0/System.Composition.Convention.dll /reference:/home/saidul/.nuget/packages/system.composition.hosting/6.0.0/lib/net6.0/System.Composition.Hosting.dll /reference:/home/saidul/.nuget/packages/system.composition.runtime/6.0.0/lib/net6.0/System.Composition.Runtime.dll /reference:/home/saidul/.nuget/packages/system.composition.typedparts/6.0.0/lib/net6.0/System.Composition.TypedParts.dll /reference:/usr/share/dotnet/packs/Microsoft.NETCore.App.Ref/8.0.21/ref/net8.0/System.Configuration.dll /reference:/usr/share/dotnet/packs/Microsoft.NETCore.App.Ref/8.0.21/ref/net8.0/System.Console.dll /reference:/usr/share/dotnet/packs/Microsoft.NETCore.App.Ref/8.0.21/ref/net8.0/System.Core.dll /reference:/usr/share/dotnet/packs/Microsoft.NETCore.App.Ref/8.0.21/ref/net8.0/System.Data.Common.dll /reference:/usr/share/dotnet/packs/Microsoft.NETCore.App.Ref/8.0.21/ref/net8.0/System.Data.DataSetExtensions.dll /reference:/usr/share/dotnet/packs/Microsoft.NETCore.App.Ref/8.0.21/ref/net8.0/System.Data.dll /reference:/usr/share/dotnet/packs/Microsoft.NETCore.App.Ref/8.0.21/ref/net8.0/System.Diagnostics.Contracts.dll /reference:/usr/share/dotnet/packs/Microsoft.NETCore.App.Ref/8.0.21/ref/net8.0/System.Diagnostics.Debug.dll /reference:/usr/share/dotnet/packs/Microsoft.NETCore.App.Ref/8.0.21/ref/net8.0/System.Diagnostics.DiagnosticSource.dll /reference:/usr/share/dotnet/packs/Microsoft.NETCore.App.Ref/8.0.21/ref/net8.0/System.Diagnostics.FileVersionInfo.dll /reference:/usr/share/dotnet/packs/Microsoft.NETCore.App.Ref/8.0.21/ref/net8.0/System.Diagnostics.Process.dll /reference:/usr/share/dotnet/packs/Microsoft.NETCore.App.Ref/8.0.21/ref/net8.0/System.Diagnostics.StackTrace.dll /reference:/usr/share/dotnet/packs/Microsoft.NETCore.App.Ref/8.0.21/ref/net8.0/System.Diagnostics.TextWriterTraceListener.dll /reference:/usr/share/dotnet/packs/Microsoft.NETCore.App.Ref/8.0.21/ref/net8.0/System.Diagnostics.Tools.dll /reference:/usr/share/dotnet/packs/Microsoft.NETCore.App.Ref/8.0.21/ref/net8.0/System.Diagnostics.TraceSource.dll /reference:/usr/share/dotnet/packs/Microsoft.NETCore.App.Ref/8.0.21/ref/net8.0/System.Diagnostics.Tracing.dll /reference:/usr/share/dotnet/packs/Microsoft.NETCore.App.Ref/8.0.21/ref/net8.0/System.dll /reference:/usr/share/dotnet/packs/Microsoft.NETCore.App.Ref/8.0.21/ref/net8.0/System.Drawing.dll /reference:/usr/share/dotnet/packs/Microsoft.NETCore.App.Ref/8.0.21/ref/net8.0/System.Drawing.Primitives.dll /reference:/usr/share/dotnet/packs/Microsoft.NETCore.App.Ref/8.0.21/ref/net8.0/System.Dynamic.Runtime.dll /reference:/usr/share/dotnet/packs/Microsoft.NETCore.App.Ref/8.0.21/ref/net8.0/System.Formats.Asn1.dll /reference:/usr/share/dotnet/packs/Microsoft.NETCore.App.Ref/8.0.21/ref/net8.0/System.Formats.Tar.dll /reference:/usr/share/dotnet/packs/Microsoft.NETCore.App.Ref/8.0.21/ref/net8.0/System.Globalization.Calendars.dll /reference:/usr/share/dotnet/packs/Microsoft.NETCore.App.Ref/8.0.21/ref/net8.0/System.Globalization.dll /reference:/usr/share/dotnet/packs/Microsoft.NETCore.App.Ref/8.0.21/ref/net8.0/System.Globalization.Extensions.dll /reference:/home/saidul/.nuget/packages/system.identitymodel.tokens.jwt/6.24.0/lib/net6.0/System.IdentityModel.Tokens.Jwt.dll /reference:/usr/share/dotnet/packs/Microsoft.NETCore.App.Ref/8.0.21/ref/net8.0/System.IO.Compression.Brotli.dll /reference:/usr/share/dotnet/packs/Microsoft.NETCore.App.Ref/8.0.21/ref/net8.0/System.IO.Compression.dll /reference:/usr/share/dotnet/packs/Microsoft.NETCore.App.Ref/8.0.21/ref/net8.0/System.IO.Compression.FileSystem.dll /reference:/usr/share/dotnet/packs/Microsoft.NETCore.App.Ref/8.0.21/ref/net8.0/System.IO.Compression.ZipFile.dll /reference:/usr/share/dotnet/packs/Microsoft.NETCore.App.Ref/8.0.21/ref/net8.0/System.IO.dll /reference:/usr/share/dotnet/packs/Microsoft.NETCore.App.Ref/8.0.21/ref/net8.0/System.IO.FileSystem.AccessControl.dll /reference:/usr/share/dotnet/packs/Microsoft.NETCore.App.Ref/8.0.21/ref/net8.0/System.IO.FileSystem.dll /reference:/usr/share/dotnet/packs/Microsoft.NETCore.App.Ref/8.0.21/ref/net8.0/System.IO.FileSystem.DriveInfo.dll /reference:/usr/share/dotnet/packs/Microsoft.NETCore.App.Ref/8.0.21/ref/net8.0/System.IO.FileSystem.Primitives.dll /reference:/usr/share/dotnet/packs/Microsoft.NETCore.App.Ref/8.0.21/ref/net8.0/System.IO.FileSystem.Watcher.dll /reference:/usr/share/dotnet/packs/Microsoft.NETCore.App.Ref/8.0.21/ref/net8.0/System.IO.IsolatedStorage.dll /reference:/usr/share/dotnet/packs/Microsoft.NETCore.App.Ref/8.0.21/ref/net8.0/System.IO.MemoryMappedFiles.dll /reference:/home/saidul/.nuget/packages/system.io.pipelines/6.0.3/lib/net6.0/System.IO.Pipelines.dll /reference:/usr/share/dotnet/packs/Microsoft.NETCore.App.Ref/8.0.21/ref/net8.0/System.IO.Pipes.AccessControl.dll /reference:/usr/share/dotnet/packs/Microsoft.NETCore.App.Ref/8.0.21/ref/net8.0/System.IO.Pipes.dll /reference:/usr/share/dotnet/packs/Microsoft.NETCore.App.Ref/8.0.21/ref/net8.0/System.IO.UnmanagedMemoryStream.dll /reference:/usr/share/dotnet/packs/Microsoft.NETCore.App.Ref/8.0.21/ref/net8.0/System.Linq.dll /reference:/usr/share/dotnet/packs/Microsoft.NETCore.App.Ref/8.0.21/ref/net8.0/System.Linq.Expressions.dll /reference:/usr/share/dotnet/packs/Microsoft.NETCore.App.Ref/8.0.21/ref/net8.0/System.Linq.Parallel.dll /reference:/usr/share/dotnet/packs/Microsoft.NETCore.App.Ref/8.0.21/ref/net8.0/System.Linq.Queryable.dll /reference:/home/saidul/.nuget/packages/system.memory.data/1.0.2/lib/netstandard2.0/System.Memory.Data.dll /reference:/usr/share/dotnet/packs/Microsoft.NETCore.App.Ref/8.0.21/ref/net8.0/System.Memory.dll /reference:/usr/share/dotnet/packs/Microsoft.NETCore.App.Ref/8.0.21/ref/net8.0/System.Net.dll /reference:/usr/share/dotnet/packs/Microsoft.NETCore.App.Ref/8.0.21/ref/net8.0/System.Net.Http.dll /reference:/usr/share/dotnet/packs/Microsoft.NETCore.App.Ref/8.0.21/ref/net8.0/System.Net.Http.Json.dll /reference:/usr/share/dotnet/packs/Microsoft.NETCore.App.Ref/8.0.21/ref/net8.0/System.Net.HttpListener.dll /reference:/usr/share/dotnet/packs/Microsoft.NETCore.App.Ref/8.0.21/ref/net8.0/System.Net.Mail.dll /reference:/usr/share/dotnet/packs/Microsoft.NETCore.App.Ref/8.0.21/ref/net8.0/System.Net.NameResolution.dll /reference:/usr/share/dotnet/packs/Microsoft.NETCore.App.Ref/8.0.21/ref/net8.0/System.Net.NetworkInformation.dll /reference:/usr/share/dotnet/packs/Microsoft.NETCore.App.Ref/8.0.21/ref/net8.0/System.Net.Ping.dll /reference:/usr/share/dotnet/packs/Microsoft.NETCore.App.Ref/8.0.21/ref/net8.0/System.Net.Primitives.dll /reference:/usr/share/dotnet/packs/Microsoft.NETCore.App.Ref/8.0.21/ref/net8.0/System.Net.Quic.dll /reference:/usr/share/dotnet/packs/Microsoft.NETCore.App.Ref/8.0.21/ref/net8.0/System.Net.Requests.dll /reference:/usr/share/dotnet/packs/Microsoft.NETCore.App.Ref/8.0.21/ref/net8.0/System.Net.Security.dll /reference:/usr/share/dotnet/packs/Microsoft.NETCore.App.Ref/8.0.21/ref/net8.0/System.Net.ServicePoint.dll /reference:/usr/share/dotnet/packs/Microsoft.NETCore.App.Ref/8.0.21/ref/net8.0/System.Net.Sockets.dll /reference:/usr/share/dotnet/packs/Microsoft.NETCore.App.Ref/8.0.21/ref/net8.0/System.Net.WebClient.dll /reference:/usr/share/dotnet/packs/Microsoft.NETCore.App.Ref/8.0.21/ref/net8.0/System.Net.WebHeaderCollection.dll /reference:/usr/share/dotnet/packs/Microsoft.NETCore.App.Ref/8.0.21/ref/net8.0/System.Net.WebProxy.dll /reference:/usr/share/dotnet/packs/Microsoft.NETCore.App.Ref/8.0.21/ref/net8.0/System.Net.WebSockets.Client.dll /reference:/usr/share/dotnet/packs/Microsoft.NETCore.App.Ref/8.0.21/ref/net8.0/System.Net.WebSockets.dll /reference:/usr/share/dotnet/packs/Microsoft.NETCore.App.Ref/8.0.21/ref/net8.0/System.Numerics.dll /reference:/usr/share/dotnet/packs/Microsoft.NETCore.App.Ref/8.0.21/ref/net8.0/System.Numerics.Vectors.dll /reference:/usr/share/dotnet/packs/Microsoft.NETCore.App.Ref/8.0.21/ref/net8.0/System.ObjectModel.dll /reference:/usr/share/dotnet/packs/Microsoft.NETCore.App.Ref/8.0.21/ref/net8.0/System.Reflection.DispatchProxy.dll /reference:/usr/share/dotnet/packs/Microsoft.NETCore.App.Ref/8.0.21/ref/net8.0/System.Reflection.dll /reference:/usr/share/dotnet/packs/Microsoft.NETCore.App.Ref/8.0.21/ref/net8.0/System.Reflection.Emit.dll /reference:/usr/share/dotnet/packs/Microsoft.NETCore.App.Ref/8.0.21/ref/net8.0/System.Reflection.Emit.ILGeneration.dll /reference:/usr/share/dotnet/packs/Microsoft.NETCore.App.Ref/8.0.21/ref/net8.0/System.Reflection.Emit.Lightweight.dll /reference:/usr/share/dotnet/packs/Microsoft.NETCore.App.Ref/8.0.21/ref/net8.0/System.Reflection.Extensions.dll /reference:/usr/share/dotnet/packs/Microsoft.NETCore.App.Ref/8.0.21/ref/net8.0/System.Reflection.Metadata.dll /reference:/usr/share/dotnet/packs/Microsoft.NETCore.App.Ref/8.0.21/ref/net8.0/System.Reflection.Primitives.dll /reference:/usr/share/dotnet/packs/Microsoft.NETCore.App.Ref/8.0.21/ref/net8.0/System.Reflection.TypeExtensions.dll /reference:/usr/share/dotnet/packs/Microsoft.NETCore.App.Ref/8.0.21/ref/net8.0/System.Resources.Reader.dll /reference:/usr/share/dotnet/packs/Microsoft.NETCore.App.Ref/8.0.21/ref/net8.0/System.Resources.ResourceManager.dll /reference:/usr/share/dotnet/packs/Microsoft.NETCore.App.Ref/8.0.21/ref/net8.0/System.Resources.Writer.dll /reference:/usr/share/dotnet/packs/Microsoft.NETCore.App.Ref/8.0.21/ref/net8.0/System.Runtime.CompilerServices.Unsafe.dll /reference:/usr/share/dotnet/packs/Microsoft.NETCore.App.Ref/8.0.21/ref/net8.0/System.Runtime.CompilerServices.VisualC.dll /reference:/usr/share/dotnet/packs/Microsoft.NETCore.App.Ref/8.0.21/ref/net8.0/System.Runtime.dll /reference:/usr/share/dotnet/packs/Microsoft.NETCore.App.Ref/8.0.21/ref/net8.0/System.Runtime.Extensions.dll /reference:/usr/share/dotnet/packs/Microsoft.NETCore.App.Ref/8.0.21/ref/net8.0/System.Runtime.Handles.dll /reference:/usr/share/dotnet/packs/Microsoft.NETCore.App.Ref/8.0.21/ref/net8.0/System.Runtime.InteropServices.dll /reference:/usr/share/dotnet/packs/Microsoft.NETCore.App.Ref/8.0.21/ref/net8.0/System.Runtime.InteropServices.JavaScript.dll /reference:/usr/share/dotnet/packs/Microsoft.NETCore.App.Ref/8.0.21/ref/net8.0/System.Runtime.InteropServices.RuntimeInformation.dll /reference:/usr/share/dotnet/packs/Microsoft.NETCore.App.Ref/8.0.21/ref/net8.0/System.Runtime.Intrinsics.dll /reference:/usr/share/dotnet/packs/Microsoft.NETCore.App.Ref/8.0.21/ref/net8.0/System.Runtime.Loader.dll /reference:/usr/share/dotnet/packs/Microsoft.NETCore.App.Ref/8.0.21/ref/net8.0/System.Runtime.Numerics.dll /reference:/usr/share/dotnet/packs/Microsoft.NETCore.App.Ref/8.0.21/ref/net8.0/System.Runtime.Serialization.dll /reference:/usr/share/dotnet/packs/Microsoft.NETCore.App.Ref/8.0.21/ref/net8.0/System.Runtime.Serialization.Formatters.dll /reference:/usr/share/dotnet/packs/Microsoft.NETCore.App.Ref/8.0.21/ref/net8.0/System.Runtime.Serialization.Json.dll /reference:/usr/share/dotnet/packs/Microsoft.NETCore.App.Ref/8.0.21/ref/net8.0/System.Runtime.Serialization.Primitives.dll /reference:/usr/share/dotnet/packs/Microsoft.NETCore.App.Ref/8.0.21/ref/net8.0/System.Runtime.Serialization.Xml.dll /reference:/usr/share/dotnet/packs/Microsoft.NETCore.App.Ref/8.0.21/ref/net8.0/System.Security.AccessControl.dll /reference:/usr/share/dotnet/packs/Microsoft.NETCore.App.Ref/8.0.21/ref/net8.0/System.Security.Claims.dll /reference:/usr/share/dotnet/packs/Microsoft.NETCore.App.Ref/8.0.21/ref/net8.0/System.Security.Cryptography.Algorithms.dll /reference:/usr/share/dotnet/packs/Microsoft.NETCore.App.Ref/8.0.21/ref/net8.0/System.Security.Cryptography.Cng.dll /reference:/usr/share/dotnet/packs/Microsoft.NETCore.App.Ref/8.0.21/ref/net8.0/System.Security.Cryptography.Csp.dll /reference:/usr/share/dotnet/packs/Microsoft.NETCore.App.Ref/8.0.21/ref/net8.0/System.Security.Cryptography.dll /reference:/usr/share/dotnet/packs/Microsoft.NETCore.App.Ref/8.0.21/ref/net8.0/System.Security.Cryptography.Encoding.dll /reference:/usr/share/dotnet/packs/Microsoft.NETCore.App.Ref/8.0.21/ref/net8.0/System.Security.Cryptography.OpenSsl.dll /reference:/usr/share/dotnet/packs/Microsoft.NETCore.App.Ref/8.0.21/ref/net8.0/System.Security.Cryptography.Primitives.dll /reference:/home/saidul/.nuget/packages/system.security.cryptography.protecteddata/6.0.0/lib/net6.0/System.Security.Cryptography.ProtectedData.dll /reference:/usr/share/dotnet/packs/Microsoft.NETCore.App.Ref/8.0.21/ref/net8.0/System.Security.Cryptography.X509Certificates.dll /reference:/usr/share/dotnet/packs/Microsoft.NETCore.App.Ref/8.0.21/ref/net8.0/System.Security.dll /reference:/usr/share/dotnet/packs/Microsoft.NETCore.App.Ref/8.0.21/ref/net8.0/System.Security.Principal.dll /reference:/usr/share/dotnet/packs/Microsoft.NETCore.App.Ref/8.0.21/ref/net8.0/System.Security.Principal.Windows.dll /reference:/usr/share/dotnet/packs/Microsoft.NETCore.App.Ref/8.0.21/ref/net8.0/System.Security.SecureString.dll /reference:/usr/share/dotnet/packs/Microsoft.NETCore.App.Ref/8.0.21/ref/net8.0/System.ServiceModel.Web.dll /reference:/usr/share/dotnet/packs/Microsoft.NETCore.App.Ref/8.0.21/ref/net8.0/System.ServiceProcess.dll /reference:/usr/share/dotnet/packs/Microsoft.NETCore.App.Ref/8.0.21/ref/net8.0/System.Text.Encoding.CodePages.dll /reference:/usr/share/dotnet/packs/Microsoft.NETCore.App.Ref/8.0.21/ref/net8.0/System.Text.Encoding.dll /reference:/usr/share/dotnet/packs/Microsoft.NETCore.App.Ref/8.0.21/ref/net8.0/System.Text.Encoding.Extensions.dll /reference:/usr/share/dotnet/packs/Microsoft.NETCore.App.Ref/8.0.21/ref/net8.0/System.Text.Encodings.Web.dll /reference:/usr/share/dotnet/packs/Microsoft.NETCore.App.Ref/8.0.21/ref/net8.0/System.Text.Json.dll /reference:/usr/share/dotnet/packs/Microsoft.NETCore.App.Ref/8.0.21/ref/net8.0/System.Text.RegularExpressions.dll /reference:/usr/share/dotnet/packs/Microsoft.NETCore.App.Ref/8.0.21/ref/net8.0/System.Threading.Channels.dll /reference:/usr/share/dotnet/packs/Microsoft.NETCore.App.Ref/8.0.21/ref/net8.0/System.Threading.dll /reference:/usr/share/dotnet/packs/Microsoft.NETCore.App.Ref/8.0.21/ref/net8.0/System.Threading.Overlapped.dll /reference:/usr/share/dotnet/packs/Microsoft.NETCore.App.Ref/8.0.21/ref/net8.0/System.Threading.Tasks.Dataflow.dll /reference:/usr/share/dotnet/packs/Microsoft.NETCore.App.Ref/8.0.21/ref/net8.0/System.Threading.Tasks.dll /reference:/usr/share/dotnet/packs/Microsoft.NETCore.App.Ref/8.0.21/ref/net8.0/System.Threading.Tasks.Extensions.dll /reference:/usr/share/dotnet/packs/Microsoft.NETCore.App.Ref/8.0.21/ref/net8.0/System.Threading.Tasks.Parallel.dll /reference:/usr/share/dotnet/packs/Microsoft.NETCore.App.Ref/8.0.21/ref/net8.0/System.Threading.Thread.dll /reference:/usr/share/dotnet/packs/Microsoft.NETCore.App.Ref/8.0.21/ref/net8.0/System.Threading.ThreadPool.dll /reference:/usr/share/dotnet/packs/Microsoft.NETCore.App.Ref/8.0.21/ref/net8.0/System.Threading.Timer.dll /reference:/usr/share/dotnet/packs/Microsoft.NETCore.App.Ref/8.0.21/ref/net8.0/System.Transactions.dll /reference:/usr/share/dotnet/packs/Microsoft.NETCore.App.Ref/8.0.21/ref/net8.0/System.Transactions.Local.dll /reference:/usr/share/dotnet/packs/Microsoft.NETCore.App.Ref/8.0.21/ref/net8.0/System.ValueTuple.dll /reference:/usr/share/dotnet/packs/Microsoft.NETCore.App.Ref/8.0.21/ref/net8.0/System.Web.dll /reference:/usr/share/dotnet/packs/Microsoft.NETCore.App.Ref/8.0.21/ref/net8.0/System.Web.HttpUtility.dll /reference:/usr/share/dotnet/packs/Microsoft.NETCore.App.Ref/8.0.21/ref/net8.0/System.Windows.dll /reference:/usr/share/dotnet/packs/Microsoft.NETCore.App.Ref/8.0.21/ref/net8.0/System.Xml.dll /reference:/usr/share/dotnet/packs/Microsoft.NETCore.App.Ref/8.0.21/ref/net8.0/System.Xml.Linq.dll /reference:/usr/share/dotnet/packs/Microsoft.NETCore.App.Ref/8.0.21/ref/net8.0/System.Xml.ReaderWriter.dll /reference:/usr/share/dotnet/packs/Microsoft.NETCore.App.Ref/8.0.21/ref/net8.0/System.Xml.Serialization.dll /reference:/usr/share/dotnet/packs/Microsoft.NETCore.App.Ref/8.0.21/ref/net8.0/System.Xml.XDocument.dll /reference:/usr/share/dotnet/packs/Microsoft.NETCore.App.Ref/8.0.21/ref/net8.0/System.Xml.XmlDocument.dll /reference:/usr/share/dotnet/packs/Microsoft.NETCore.App.Ref/8.0.21/ref/net8.0/System.Xml.XmlSerializer.dll /reference:/usr/share/dotnet/packs/Microsoft.NETCore.App.Ref/8.0.21/ref/net8.0/System.Xml.XPath.dll /reference:/usr/share/dotnet/packs/Microsoft.NETCore.App.Ref/8.0.21/ref/net8.0/System.Xml.XPath.XDocument.dll /reference:/usr/share/dotnet/packs/Microsoft.NETCore.App.Ref/8.0.21/ref/net8.0/WindowsBase.dll /debug- /debug:portable /filealign:512 /optimize+ /out:obj/Release/net8.0/KChief.DataAccess.dll /refout:obj/Release/net8.0/refint/KChief.DataAccess.dll /target:library /warnaserror- /utf8output /deterministic+ /sourcelink:obj/Release/net8.0/KChief.DataAccess.sourcelink.json /langversion:12.0 /embed:obj/Release/net8.0/KChief.DataAccess.GlobalUsings.g.cs /embed:"obj/Release/net8.0/.NETCoreApp,Version=v8.0.AssemblyAttributes.cs" /embed:obj/Release/net8.0/KChief.DataAccess.AssemblyInfo.cs /analyzerconfig:obj/Release/net8.0/KChief.DataAccess.GeneratedMSBuildEditorConfig.editorconfig /analyzerconfig:/usr/share/dotnet/sdk/8.0.415/Sdks/Microsoft.NET.Sdk/analyzers/build/config/analysislevel_8_default.globalconfig /analyzer:/usr/share/dotnet/sdk/8.0.415/Sdks/Microsoft.NET.Sdk/targets/../analyzers/Microsoft.CodeAnalysis.CSharp.NetAnalyzers.dll /analyzer:/usr/share/dotnet/sdk/8.0.415/Sdks/Microsoft.NET.Sdk/targets/../analyzers/Microsoft.CodeAnalysis.NetAnalyzers.dll /analyzer:/home/saidul/.nuget/packages/microsoft.codeanalysis.analyzers/3.3.3/analyzers/dotnet/cs/Microsoft.CodeAnalysis.Analyzers.dll /analyzer:/home/saidul/.nuget/packages/microsoft.codeanalysis.analyzers/3.3.3/analyzers/dotnet/cs/Microsoft.CodeAnalysis.CSharp.Analyzers.dll /analyzer:/home/saidul/.nuget/packages/microsoft.entityframeworkcore.analyzers/8.0.0/analyzers/dotnet/cs/Microsoft.EntityFrameworkCore.Analyzers.dll /analyzer:/home/saidul/.nuget/packages/microsoft.extensions.logging.abstractions/8.0.1/analyzers/dotnet/roslyn4.4/cs/Microsoft.Extensions.Logging.Generators.dll /analyzer:/home/saidul/.nuget/packages/microsoft.extensions.options/8.0.0/analyzers/dotnet/roslyn4.4/cs/Microsoft.Extensions.Options.SourceGeneration.dll /analyzer:/usr/share/dotnet/packs/Microsoft.NETCore.App.Ref/8.0.21/analyzers/dotnet/cs/Microsoft.Interop.ComInterfaceGenerator.dll /analyzer:/usr/share/dotnet/packs/Microsoft.NETCore.App.Ref/8.0.21/analyzers/dotnet/cs/Microsoft.Interop.JavaScript.JSImportGenerator.dll /analyzer:/usr/share/dotnet/packs/Microsoft.NETCore.App.Ref/8.0.21/analyzers/dotnet/cs/Microsoft.Interop.LibraryImportGenerator.dll /analyzer:/usr/share/dotnet/packs/Microsoft.NETCore.App.Ref/8.0.21/analyzers/dotnet/cs/Microsoft.Interop.SourceGeneration.dll /analyzer:/usr/share/dotnet/packs/Microsoft.NETCore.App.Ref/8.0.21/analyzers/dotnet/cs/System.Text.Json.SourceGeneration.dll /analyzer:/usr/share/dotnet/packs/Microsoft.NETCore.App.Ref/8.0.21/analyzers/dotnet/cs/System.Text.RegularExpressions.Generator.dll Data/ApplicationDbContext.cs Interfaces/IRepository.cs Interfaces/IUnitOfWork.cs Interfaces/IVesselRepository.cs Migrations/20251106140613_InitialCreate.cs Migrations/20251106140613_InitialCreate.Designer.cs Migrations/ApplicationDbContextModelSnapshot.cs Repositories/CachedVesselRepository.cs Repositories/Repository.cs Repositories/VesselRepository.cs Services/MessageBusService.cs Services/UnitOfWork.cs obj/Release/net8.0/KChief.DataAccess.GlobalUsings.g.cs "obj/Release/net8.0/.NETCoreApp,Version=v8.0.AssemblyAttributes.cs" obj/Release/net8.0/KChief.DataAccess.AssemblyInfo.cs /warnaserror+:NU1605,SYSLIB0011
   5:7>ResolveAssemblyReferences:
             Resolved file path is "/usr/share/dotnet/packs/Microsoft.AspNetCore.App.Ref/8.0.21/ref/net8.0/Microsoft.Extensions.FileProviders.Embedded.dll".
             Reference found at search path location "{RawFileName}".
             This reference is not "CopyLocal" because at least one source item had "Private" set to "false" and no source items had "Private" set to "true".
             The ImageRuntimeVersion for this reference is "".
         Primary reference "Microsoft.Extensions.FileProviders.Physical, Version=8.0.0.0, Culture=neutral, PublicKeyToken=adb9793829ddae60".
             Resolved file path is "/usr/share/dotnet/packs/Microsoft.AspNetCore.App.Ref/8.0.21/ref/net8.0/Microsoft.Extensions.FileProviders.Physical.dll".
             Reference found at search path location "{RawFileName}".
             This reference is not "CopyLocal" because at least one source item had "Private" set to "false" and no source items had "Private" set to "true".
             The ImageRuntimeVersion for this reference is "".
         Primary reference "Microsoft.Extensions.FileSystemGlobbing, Version=8.0.0.0, Culture=neutral, PublicKeyToken=adb9793829ddae60".
             Resolved file path is "/usr/share/dotnet/packs/Microsoft.AspNetCore.App.Ref/8.0.21/ref/net8.0/Microsoft.Extensions.FileSystemGlobbing.dll".
             Reference found at search path location "{RawFileName}".
             This reference is not "CopyLocal" because at least one source item had "Private" set to "false" and no source items had "Private" set to "true".
             The ImageRuntimeVersion for this reference is "".
         Primary reference "Microsoft.Extensions.Hosting.Abstractions, Version=8.0.0.0, Culture=neutral, PublicKeyToken=adb9793829ddae60".
             Resolved file path is "/usr/share/dotnet/packs/Microsoft.AspNetCore.App.Ref/8.0.21/ref/net8.0/Microsoft.Extensions.Hosting.Abstractions.dll".
             Reference found at search path location "{RawFileName}".
             This reference is not "CopyLocal" because at least one source item had "Private" set to "false" and no source items had "Private" set to "true".
             The ImageRuntimeVersion for this reference is "".
         Primary reference "Microsoft.Extensions.Hosting, Version=8.0.0.0, Culture=neutral, PublicKeyToken=adb9793829ddae60".
             Resolved file path is "/usr/share/dotnet/packs/Microsoft.AspNetCore.App.Ref/8.0.21/ref/net8.0/Microsoft.Extensions.Hosting.dll".
             Reference found at search path location "{RawFileName}".
             This reference is not "CopyLocal" because at least one source item had "Private" set to "false" and no source items had "Private" set to "true".
             The ImageRuntimeVersion for this reference is "".
         Primary reference "Microsoft.Extensions.Http, Version=8.0.0.0, Culture=neutral, PublicKeyToken=adb9793829ddae60".
             Resolved file path is "/usr/share/dotnet/packs/Microsoft.AspNetCore.App.Ref/8.0.21/ref/net8.0/Microsoft.Extensions.Http.dll".
             Reference found at search path location "{RawFileName}".
             This reference is not "CopyLocal" because at least one source item had "Private" set to "false" and no source items had "Private" set to "true".
             The ImageRuntimeVersion for this reference is "".
         Primary reference "Microsoft.Extensions.Identity.Core, Version=8.0.0.0, Culture=neutral, PublicKeyToken=adb9793829ddae60".
             Resolved file path is "/usr/share/dotnet/packs/Microsoft.AspNetCore.App.Ref/8.0.21/ref/net8.0/Microsoft.Extensions.Identity.Core.dll".
             Reference found at search path location "{RawFileName}".
             This reference is not "CopyLocal" because at least one source item had "Private" set to "false" and no source items had "Private" set to "true".
             The ImageRuntimeVersion for this reference is "".
         Primary reference "Microsoft.Extensions.Identity.Stores, Version=8.0.0.0, Culture=neutral, PublicKeyToken=adb9793829ddae60".
             Resolved file path is "/usr/share/dotnet/packs/Microsoft.AspNetCore.App.Ref/8.0.21/ref/net8.0/Microsoft.Extensions.Identity.Stores.dll".
             Reference found at search path location "{RawFileName}".
             This reference is not "CopyLocal" because at least one source item had "Private" set to "false" and no source items had "Private" set to "true".
             The ImageRuntimeVersion for this reference is "".
         Primary reference "Microsoft.Extensions.Localization.Abstractions, Version=8.0.0.0, Culture=neutral, PublicKeyToken=adb9793829ddae60".
             Resolved file path is "/usr/share/dotnet/packs/Microsoft.AspNetCore.App.Ref/8.0.21/ref/net8.0/Microsoft.Extensions.Localization.Abstractions.dll".
             Reference found at search path location "{RawFileName}".
             This reference is not "CopyLocal" because at least one source item had "Private" set to "false" and no source items had "Private" set to "true".
             The ImageRuntimeVersion for this reference is "".
         Primary reference "Microsoft.Extensions.Localization, Version=8.0.0.0, Culture=neutral, PublicKeyToken=adb9793829ddae60".
             Resolved file path is "/usr/share/dotnet/packs/Microsoft.AspNetCore.App.Ref/8.0.21/ref/net8.0/Microsoft.Extensions.Localization.dll".
             Reference found at search path location "{RawFileName}".
             This reference is not "CopyLocal" because at least one source item had "Private" set to "false" and no source items had "Private" set to "true".
             The ImageRuntimeVersion for this reference is "".
         Primary reference "Microsoft.Extensions.Logging.Abstractions, Version=8.0.0.0, Culture=neutral, PublicKeyToken=adb9793829ddae60".
             Resolved file path is "/usr/share/dotnet/packs/Microsoft.AspNetCore.App.Ref/8.0.21/ref/net8.0/Microsoft.Extensions.Logging.Abstractions.dll".
             Reference found at search path location "{RawFileName}".
             This reference is not "CopyLocal" because at least one source item had "Private" set to "false" and no source items had "Private" set to "true".
             The ImageRuntimeVersion for this reference is "".
         Primary reference "Microsoft.Extensions.Logging.Configuration, Version=8.0.0.0, Culture=neutral, PublicKeyToken=adb9793829ddae60".
             Resolved file path is "/usr/share/dotnet/packs/Microsoft.AspNetCore.App.Ref/8.0.21/ref/net8.0/Microsoft.Extensions.Logging.Configuration.dll".
             Reference found at search path location "{RawFileName}".
             This reference is not "CopyLocal" because at least one source item had "Private" set to "false" and no source items had "Private" set to "true".
             The ImageRuntimeVersion for this reference is "".
         Primary reference "Microsoft.Extensions.Logging.Console, Version=8.0.0.0, Culture=neutral, PublicKeyToken=adb9793829ddae60".
             Resolved file path is "/usr/share/dotnet/packs/Microsoft.AspNetCore.App.Ref/8.0.21/ref/net8.0/Microsoft.Extensions.Logging.Console.dll".
             Reference found at search path location "{RawFileName}".
             This reference is not "CopyLocal" because at least one source item had "Private" set to "false" and no source items had "Private" set to "true".
             The ImageRuntimeVersion for this reference is "".
         Primary reference "Microsoft.Extensions.Logging.Debug, Version=8.0.0.0, Culture=neutral, PublicKeyToken=adb9793829ddae60".
             Resolved file path is "/usr/share/dotnet/packs/Microsoft.AspNetCore.App.Ref/8.0.21/ref/net8.0/Microsoft.Extensions.Logging.Debug.dll".
             Reference found at search path location "{RawFileName}".
             This reference is not "CopyLocal" because at least one source item had "Private" set to "false" and no source items had "Private" set to "true".
             The ImageRuntimeVersion for this reference is "".
         Primary reference "Microsoft.Extensions.Logging.EventLog, Version=8.0.0.0, Culture=neutral, PublicKeyToken=adb9793829ddae60".
             Resolved file path is "/usr/share/dotnet/packs/Microsoft.AspNetCore.App.Ref/8.0.21/ref/net8.0/Microsoft.Extensions.Logging.EventLog.dll".
             Reference found at search path location "{RawFileName}".
             This reference is not "CopyLocal" because at least one source item had "Private" set to "false" and no source items had "Private" set to "true".
             The ImageRuntimeVersion for this reference is "".
         Primary reference "Microsoft.Extensions.Logging.EventSource, Version=8.0.0.0, Culture=neutral, PublicKeyToken=adb9793829ddae60".
             Resolved file path is "/usr/share/dotnet/packs/Microsoft.AspNetCore.App.Ref/8.0.21/ref/net8.0/Microsoft.Extensions.Logging.EventSource.dll".
             Reference found at search path location "{RawFileName}".
             This reference is not "CopyLocal" because at least one source item had "Private" set to "false" and no source items had "Private" set to "true".
             The ImageRuntimeVersion for this reference is "".
         Primary reference "Microsoft.Extensions.Logging.TraceSource, Version=8.0.0.0, Culture=neutral, PublicKeyToken=adb9793829ddae60".
             Resolved file path is "/usr/share/dotnet/packs/Microsoft.AspNetCore.App.Ref/8.0.21/ref/net8.0/Microsoft.Extensions.Logging.TraceSource.dll".
             Reference found at search path location "{RawFileName}".
             This reference is not "CopyLocal" because at least one source item had "Private" set to "false" and no source items had "Private" set to "true".
             The ImageRuntimeVersion for this reference is "".
         Primary reference "Microsoft.Extensions.Logging, Version=8.0.0.0, Culture=neutral, PublicKeyToken=adb9793829ddae60".
             Resolved file path is "/usr/share/dotnet/packs/Microsoft.AspNetCore.App.Ref/8.0.21/ref/net8.0/Microsoft.Extensions.Logging.dll".
             Reference found at search path location "{RawFileName}".
             This reference is not "CopyLocal" because at least one source item had "Private" set to "false" and no source items had "Private" set to "true".
             The ImageRuntimeVersion for this reference is "".
         Primary reference "Microsoft.Extensions.ObjectPool, Version=8.0.0.0, Culture=neutral, PublicKeyToken=adb9793829ddae60".
             Resolved file path is "/usr/share/dotnet/packs/Microsoft.AspNetCore.App.Ref/8.0.21/ref/net8.0/Microsoft.Extensions.ObjectPool.dll".
             Reference found at search path location "{RawFileName}".
             This reference is not "CopyLocal" because at least one source item had "Private" set to "false" and no source items had "Private" set to "true".
             The ImageRuntimeVersion for this reference is "".
         Primary reference "Microsoft.Extensions.Options.ConfigurationExtensions, Version=8.0.0.0, Culture=neutral, PublicKeyToken=adb9793829ddae60".
             Resolved file path is "/usr/share/dotnet/packs/Microsoft.AspNetCore.App.Ref/8.0.21/ref/net8.0/Microsoft.Extensions.Options.ConfigurationExtensions.dll".
             Reference found at search path location "{RawFileName}".
             This reference is not "CopyLocal" because at least one source item had "Private" set to "false" and no source items had "Private" set to "true".
             The ImageRuntimeVersion for this reference is "".
         Primary reference "Microsoft.Extensions.Options.DataAnnotations, Version=8.0.0.0, Culture=neutral, PublicKeyToken=adb9793829ddae60".
             Resolved file path is "/usr/share/dotnet/packs/Microsoft.AspNetCore.App.Ref/8.0.21/ref/net8.0/Microsoft.Extensions.Options.DataAnnotations.dll".
             Reference found at search path location "{RawFileName}".
             This reference is not "CopyLocal" because at least one source item had "Private" set to "false" and no source items had "Private" set to "true".
             The ImageRuntimeVersion for this reference is "".
         Primary reference "Microsoft.Extensions.Options, Version=8.0.0.0, Culture=neutral, PublicKeyToken=adb9793829ddae60".
             Resolved file path is "/usr/share/dotnet/packs/Microsoft.AspNetCore.App.Ref/8.0.21/ref/net8.0/Microsoft.Extensions.Options.dll".
             Reference found at search path location "{RawFileName}".
             This reference is not "CopyLocal" because at least one source item had "Private" set to "false" and no source items had "Private" set to "true".
             The ImageRuntimeVersion for this reference is "".
         Primary reference "Microsoft.Extensions.Primitives, Version=8.0.0.0, Culture=neutral, PublicKeyToken=adb9793829ddae60".
             Resolved file path is "/usr/share/dotnet/packs/Microsoft.AspNetCore.App.Ref/8.0.21/ref/net8.0/Microsoft.Extensions.Primitives.dll".
             Reference found at search path location "{RawFileName}".
             This reference is not "CopyLocal" because at least one source item had "Private" set to "false" and no source items had "Private" set to "true".
             The ImageRuntimeVersion for this reference is "".
         Primary reference "Microsoft.Extensions.WebEncoders, Version=8.0.0.0, Culture=neutral, PublicKeyToken=adb9793829ddae60".
             Resolved file path is "/usr/share/dotnet/packs/Microsoft.AspNetCore.App.Ref/8.0.21/ref/net8.0/Microsoft.Extensions.WebEncoders.dll".
             Reference found at search path location "{RawFileName}".
             This reference is not "CopyLocal" because at least one source item had "Private" set to "false" and no source items had "Private" set to "true".
             The ImageRuntimeVersion for this reference is "".
         Primary reference "Microsoft.JSInterop, Version=8.0.0.0, Culture=neutral, PublicKeyToken=adb9793829ddae60".
             Resolved file path is "/usr/share/dotnet/packs/Microsoft.AspNetCore.App.Ref/8.0.21/ref/net8.0/Microsoft.JSInterop.dll".
             Reference found at search path location "{RawFileName}".
             This reference is not "CopyLocal" because at least one source item had "Private" set to "false" and no source items had "Private" set to "true".
             The ImageRuntimeVersion for this reference is "".
         Primary reference "Microsoft.Net.Http.Headers, Version=8.0.0.0, Culture=neutral, PublicKeyToken=adb9793829ddae60".
             Resolved file path is "/usr/share/dotnet/packs/Microsoft.AspNetCore.App.Ref/8.0.21/ref/net8.0/Microsoft.Net.Http.Headers.dll".
             Reference found at search path location "{RawFileName}".
             This reference is not "CopyLocal" because at least one source item had "Private" set to "false" and no source items had "Private" set to "true".
             The ImageRuntimeVersion for this reference is "".
         Primary reference "System.Diagnostics.EventLog, Version=8.0.0.0, Culture=neutral, PublicKeyToken=cc7b13ffcd2ddd51".
             Resolved file path is "/usr/share/dotnet/packs/Microsoft.AspNetCore.App.Ref/8.0.21/ref/net8.0/System.Diagnostics.EventLog.dll".
             Reference found at search path location "{RawFileName}".
             This reference is not "CopyLocal" because at least one source item had "Private" set to "false" and no source items had "Private" set to "true".
             The ImageRuntimeVersion for this reference is "".
         Primary reference "System.IO.Pipelines, Version=8.0.0.0, Culture=neutral, PublicKeyToken=cc7b13ffcd2ddd51".
             Resolved file path is "/usr/share/dotnet/packs/Microsoft.AspNetCore.App.Ref/8.0.21/ref/net8.0/System.IO.Pipelines.dll".
             Reference found at search path location "{RawFileName}".
             This reference is not "CopyLocal" because at least one source item had "Private" set to "false" and no source items had "Private" set to "true".
             The ImageRuntimeVersion for this reference is "".
         Primary reference "System.Security.Cryptography.Xml, Version=8.0.0.0, Culture=neutral, PublicKeyToken=cc7b13ffcd2ddd51".
             Resolved file path is "/usr/share/dotnet/packs/Microsoft.AspNetCore.App.Ref/8.0.21/ref/net8.0/System.Security.Cryptography.Xml.dll".
             Reference found at search path location "{RawFileName}".
             This reference is not "CopyLocal" because at least one source item had "Private" set to "false" and no source items had "Private" set to "true".
             The ImageRuntimeVersion for this reference is "".
         Primary reference "System.Threading.RateLimiting, Version=8.0.0.0, Culture=neutral, PublicKeyToken=cc7b13ffcd2ddd51".
             Resolved file path is "/usr/share/dotnet/packs/Microsoft.AspNetCore.App.Ref/8.0.21/ref/net8.0/System.Threading.RateLimiting.dll".
             Reference found at search path location "{RawFileName}".
             This reference is not "CopyLocal" because at least one source item had "Private" set to "false" and no source items had "Private" set to "true".
             The ImageRuntimeVersion for this reference is "".
       Done executing task "ResolveAssemblyReference".
   5:7>Done building target "ResolveAssemblyReferences" in project "KChief.Protocols.OPC.csproj".
       Target "GenerateBindingRedirects" skipped, due to false condition; ('$(AutoGenerateBindingRedirects)' == 'true' and '$(GenerateBindingRedirectsOutputType)' == 'true' and '@(SuggestedBindingRedirects)' != '' and '$(DesignTimeBuild)' != 'true' and '$(BuildingProject)' == 'true') was evaluated as ('' == 'true' and '' == 'true' and 'Microsoft.AspNetCore.Http.Abstractions, Culture=neutral, PublicKeyToken=adb9793829ddae60;Microsoft.AspNetCore.Http.Features, Culture=neutral, PublicKeyToken=adb9793829ddae60' != '' and '' != 'true' and 'true' == 'true').
       Target "GenerateSupportedRuntime" skipped, due to false condition; ('$(GenerateSupportedRuntime)' != 'false' and '$(TargetFrameworkIdentifier)' == '.NETFramework' and '$(HasRuntimeOutput)' == 'true') was evaluated as ('' != 'false' and '.NETCoreApp' == '.NETFramework' and '' == 'true').
       Target "GenerateBindingRedirectsUpdateAppConfig" skipped, due to false condition; ('$(AutoGenerateBindingRedirects)' == 'true' and '$(GenerateBindingRedirectsOutputType)' == 'true') was evaluated as ('' == 'true' and '' == 'true').
       Target "ResolveComReferences" skipped, due to false condition; ('@(COMReference)'!='' or '@(COMFileReference)'!='') was evaluated as (''!='' or ''!='').
   5:7>Target "AfterResolveReferences" in file "/usr/share/dotnet/sdk/8.0.415/Microsoft.Common.CurrentVersion.targets" from project "/home/saidul/Desktop/K-Chief Marine Automation Platform/src/KChief.Protocols.OPC/KChief.Protocols.OPC.csproj" (target "ResolveReferences" depends on it):
   5:7>Done building target "AfterResolveReferences" in project "KChief.Protocols.OPC.csproj".
   5:7>Target "ResolveReferences" in file "/usr/share/dotnet/sdk/8.0.415/Microsoft.Common.CurrentVersion.targets" from project "/home/saidul/Desktop/K-Chief Marine Automation Platform/src/KChief.Protocols.OPC/KChief.Protocols.OPC.csproj" (target "_BlockWinMDsOnUnsupportedTFMs" depends on it):
   5:7>Done building target "ResolveReferences" in project "KChief.Protocols.OPC.csproj".
   5:7>Target "_BlockWinMDsOnUnsupportedTFMs" in file "/usr/share/dotnet/sdk/8.0.415/Sdks/Microsoft.NET.Sdk/targets/Microsoft.NET.Sdk.targets" from project "/home/saidul/Desktop/K-Chief Marine Automation Platform/src/KChief.Protocols.OPC/KChief.Protocols.OPC.csproj" (target "CoreBuild" depends on it):
       Using "CheckForUnsupportedWinMDReferences" task from assembly "/usr/share/dotnet/sdk/8.0.415/Sdks/Microsoft.NET.Sdk/targets/../tools/net8.0/Microsoft.NET.Build.Tasks.dll".
       Task "CheckForUnsupportedWinMDReferences"
       Done executing task "CheckForUnsupportedWinMDReferences".
       Task "NETSdkError" skipped, due to false condition; ('$(OutputType)' == 'winmdobj') was evaluated as ('Library' == 'winmdobj').
   5:7>Done building target "_BlockWinMDsOnUnsupportedTFMs" in project "KChief.Protocols.OPC.csproj".
       Target "ResolveReferences" skipped. Previously built successfully.
       Target "ResolvePackageDependenciesForBuild" skipped. Previously built successfully.
       Target "_HandlePackageFileConflicts" skipped. Previously built successfully.
   5:7>Target "CopyAdditionalFiles" in file "/usr/share/dotnet/sdk/8.0.415/Roslyn/Microsoft.Managed.Core.targets" from project "/home/saidul/Desktop/K-Chief Marine Automation Platform/src/KChief.Protocols.OPC/KChief.Protocols.OPC.csproj" (target "AssignTargetPaths" depends on it):
   5:7>Done building target "CopyAdditionalFiles" in project "KChief.Protocols.OPC.csproj".
       Target "_ChooseAppHost" skipped, due to false condition; ('$(UseAppHost)' == 'true' and '$(_IsExecutable)' == 'true') was evaluated as ('' == 'true' and '' == 'true').
       Target "_GetComHostPaths" skipped, due to false condition; ('$(EnableComHosting)' == 'true' and '$(_IsExecutable)' != 'true') was evaluated as ('' == 'true' and '' != 'true').
       Target "_GetIjwHostPaths" skipped, due to false condition; ('$(UseIJWHost)' == 'true') was evaluated as ('' == 'true').
   5:7>Target "_ComputeNETCoreBuildOutputFiles" in file "/usr/share/dotnet/sdk/8.0.415/Sdks/Microsoft.NET.Sdk/targets/Microsoft.NET.Sdk.targets" from project "/home/saidul/Desktop/K-Chief Marine Automation Platform/src/KChief.Protocols.OPC/KChief.Protocols.OPC.csproj" (target "AssignTargetPaths" depends on it):
   5:7>Done building target "_ComputeNETCoreBuildOutputFiles" in project "KChief.Protocols.OPC.csproj".
   5:7>Target "AssignTargetPaths" in file "/usr/share/dotnet/sdk/8.0.415/Microsoft.Common.CurrentVersion.targets" from project "/home/saidul/Desktop/K-Chief Marine Automation Platform/src/KChief.Protocols.OPC/KChief.Protocols.OPC.csproj" (target "PrepareResourceNames" depends on it):
       Using "AssignTargetPath" task from assembly "Microsoft.Build.Tasks.Core, Version=15.1.0.0, Culture=neutral, PublicKeyToken=b03f5f7f11d50a3a".
       Task "AssignTargetPath"
       Done executing task "AssignTargetPath".
       Task "AssignTargetPath"
       Done executing task "AssignTargetPath".
       Task "AssignTargetPath"
       Done executing task "AssignTargetPath".
       Task "AssignTargetPath"
       Done executing task "AssignTargetPath".
       Task "AssignTargetPath" skipped, due to false condition; ('@(_DeploymentBaseManifestWithTargetPath)'=='' and '%(None.Extension)'=='.manifest') was evaluated as (''=='' and ''=='.manifest').
   5:7>Done building target "AssignTargetPaths" in project "KChief.Protocols.OPC.csproj".
       Target "AssignTargetPaths" skipped. Previously built successfully.
   5:7>Target "SplitResourcesByCulture" in file "/usr/share/dotnet/sdk/8.0.415/Microsoft.Common.CurrentVersion.targets" from project "/home/saidul/Desktop/K-Chief Marine Automation Platform/src/KChief.Protocols.OPC/KChief.Protocols.OPC.csproj" (target "PrepareResourceNames" depends on it):
       Task "Warning" skipped, due to false condition; ('@(ResxWithNoCulture)'!='') was evaluated as (''!='').
       Task "Warning" skipped, due to false condition; ('@(ResxWithCulture)'!='') was evaluated as (''!='').
       Task "Warning" skipped, due to false condition; ('@(NonResxWithCulture)'!='') was evaluated as (''!='').
       Task "Warning" skipped, due to false condition; ('@(NonResxWithNoCulture)'!='') was evaluated as (''!='').
       Using "AssignCulture" task from assembly "Microsoft.Build.Tasks.Core, Version=15.1.0.0, Culture=neutral, PublicKeyToken=b03f5f7f11d50a3a".
       Task "AssignCulture"
       Done executing task "AssignCulture".
   5:7>Done building target "SplitResourcesByCulture" in project "KChief.Protocols.OPC.csproj".
       Target "CreateManifestResourceNames" skipped, due to false condition; ('@(EmbeddedResource)' != '') was evaluated as ('' != '').
   5:7>Target "CreateCustomManifestResourceNames" in file "/usr/share/dotnet/sdk/8.0.415/Microsoft.Common.CurrentVersion.targets" from project "/home/saidul/Desktop/K-Chief Marine Automation Platform/src/KChief.Protocols.OPC/KChief.Protocols.OPC.csproj" (target "PrepareResourceNames" depends on it):
   5:7>Done building target "CreateCustomManifestResourceNames" in project "KChief.Protocols.OPC.csproj".
   5:7>Target "PrepareResourceNames" in file "/usr/share/dotnet/sdk/8.0.415/Microsoft.Common.CurrentVersion.targets" from project "/home/saidul/Desktop/K-Chief Marine Automation Platform/src/KChief.Protocols.OPC/KChief.Protocols.OPC.csproj" (target "PrepareResources" depends on it):
   5:7>Done building target "PrepareResourceNames" in project "KChief.Protocols.OPC.csproj".
       Target "ResolveAssemblyReferences" skipped. Previously built successfully.
       Target "SplitResourcesByCulture" skipped. Previously built successfully.
   5:7>Target "BeforeResGen" in file "/usr/share/dotnet/sdk/8.0.415/Microsoft.Common.CurrentVersion.targets" from project "/home/saidul/Desktop/K-Chief Marine Automation Platform/src/KChief.Protocols.OPC/KChief.Protocols.OPC.csproj" (target "ResGen" depends on it):
   5:7>Done building target "BeforeResGen" in project "KChief.Protocols.OPC.csproj".
       Target "ResolveReferences" skipped. Previously built successfully.
   5:7>Target "FindReferenceAssembliesForReferences" in file "/usr/share/dotnet/sdk/8.0.415/Microsoft.Common.CurrentVersion.targets" from project "/home/saidul/Desktop/K-Chief Marine Automation Platform/src/KChief.Protocols.OPC/KChief.Protocols.OPC.csproj" (target "CoreResGen" depends on it):
   5:7>Done building target "FindReferenceAssembliesForReferences" in project "KChief.Protocols.OPC.csproj".
   5:7>Target "CoreResGen" in file "/usr/share/dotnet/sdk/8.0.415/Microsoft.Common.CurrentVersion.targets" from project "/home/saidul/Desktop/K-Chief Marine Automation Platform/src/KChief.Protocols.OPC/KChief.Protocols.OPC.csproj" (target "ResGen" depends on it):
       Task "GenerateResource" skipped, due to false condition; ('%(EmbeddedResource.Type)' == 'Resx' and '%(EmbeddedResource.GenerateResource)' != 'false' and '$(GenerateResourceMSBuildRuntime)' != 'CLR2') was evaluated as ('' == 'Resx' and '' != 'false' and 'CurrentRuntime' != 'CLR2').
       Task "GenerateResource" skipped, due to false condition; ('%(EmbeddedResource.Type)' == 'Resx' and '%(EmbeddedResource.GenerateResource)' != 'false' and '$(GenerateResourceMSBuildRuntime)' == 'CLR2') was evaluated as ('' == 'Resx' and '' != 'false' and 'CurrentRuntime' == 'CLR2').
   5:7>Done building target "CoreResGen" in project "KChief.Protocols.OPC.csproj".
   5:7>Target "AfterResGen" in file "/usr/share/dotnet/sdk/8.0.415/Microsoft.Common.CurrentVersion.targets" from project "/home/saidul/Desktop/K-Chief Marine Automation Platform/src/KChief.Protocols.OPC/KChief.Protocols.OPC.csproj" (target "ResGen" depends on it):
   5:7>Done building target "AfterResGen" in project "KChief.Protocols.OPC.csproj".
   5:7>Target "ResGen" in file "/usr/share/dotnet/sdk/8.0.415/Microsoft.Common.CurrentVersion.targets" from project "/home/saidul/Desktop/K-Chief Marine Automation Platform/src/KChief.Protocols.OPC/KChief.Protocols.OPC.csproj" (target "PrepareResources" depends on it):
   5:7>Done building target "ResGen" in project "KChief.Protocols.OPC.csproj".
       Target "CompileLicxFiles" skipped, due to false condition; ('@(_LicxFile)'!='') was evaluated as (''!='').
   5:7>Target "PrepareResources" in file "/usr/share/dotnet/sdk/8.0.415/Microsoft.Common.CurrentVersion.targets" from project "/home/saidul/Desktop/K-Chief Marine Automation Platform/src/KChief.Protocols.OPC/KChief.Protocols.OPC.csproj" (target "CoreBuild" depends on it):
   5:7>Done building target "PrepareResources" in project "KChief.Protocols.OPC.csproj".
       Target "ResolveKeySource" skipped, due to false condition; ($(SignManifests) == 'true' or $(SignAssembly) == 'true') was evaluated as ( == 'true' or false == 'true').
       Target "ResolveReferences" skipped. Previously built successfully.
       Target "ResolveKeySource" skipped, due to false condition; ($(SignManifests) == 'true' or $(SignAssembly) == 'true') was evaluated as ( == 'true' or false == 'true').
       Target "ResolveComReferences" skipped, due to false condition; ('@(COMReference)'!='' or '@(COMFileReference)'!='') was evaluated as (''!='' or ''!='').
       Target "ResolveNativeReferences" skipped, due to false condition; ('@(NativeReference)'!='') was evaluated as (''!='').
       Target "_SetExternalWin32ManifestProperties" skipped, due to false condition; ('$(GenerateClickOnceManifests)'=='true' or '@(NativeReference)'!='' or '@(ResolvedIsolatedComModules)'!='') was evaluated as (''=='true' or ''!='' or ''!='').
   5:7>Target "_SetEmbeddedWin32ManifestProperties" in file "/usr/share/dotnet/sdk/8.0.415/Microsoft.Common.CurrentVersion.targets" from project "/home/saidul/Desktop/K-Chief Marine Automation Platform/src/KChief.Protocols.OPC/KChief.Protocols.OPC.csproj" (target "SetWin32ManifestProperties" depends on it):
       Using "GetFrameworkPath" task from assembly "Microsoft.Build.Tasks.Core, Version=15.1.0.0, Culture=neutral, PublicKeyToken=b03f5f7f11d50a3a".
       Task "GetFrameworkPath"
       Done executing task "GetFrameworkPath".
   5:7>Done building target "_SetEmbeddedWin32ManifestProperties" in project "KChief.Protocols.OPC.csproj".
   5:7>Target "SetWin32ManifestProperties" in file "/usr/share/dotnet/sdk/8.0.415/Microsoft.Common.CurrentVersion.targets" from project "/home/saidul/Desktop/K-Chief Marine Automation Platform/src/KChief.Protocols.OPC/KChief.Protocols.OPC.csproj" (target "Compile" depends on it):
   5:7>Done building target "SetWin32ManifestProperties" in project "KChief.Protocols.OPC.csproj".
       Target "_SetPreferNativeArm64Win32ManifestProperties" skipped, due to false condition; ( '$(PreferNativeArm64)'=='true' and '$(NoWin32Manifest)'!='true') was evaluated as ( ''=='true' and ''!='true').
       Target "FindReferenceAssembliesForReferences" skipped. Previously built successfully.
   5:7>Target "_GenerateCompileInputs" in file "/usr/share/dotnet/sdk/8.0.415/Microsoft.Common.CurrentVersion.targets" from project "/home/saidul/Desktop/K-Chief Marine Automation Platform/src/KChief.Protocols.OPC/KChief.Protocols.OPC.csproj" (target "Compile" depends on it):
       Task "Warning" skipped, due to false condition; ('@(ManifestResourceWithNoCulture)'!='' and '%(ManifestResourceWithNoCulture.EmittedForCompatibilityOnly)'=='') was evaluated as (''!='' and ''=='').
       Task "Warning" skipped, due to false condition; ('@(ManifestNonResxWithNoCultureOnDisk)'!='' and '%(ManifestNonResxWithNoCultureOnDisk.EmittedForCompatibilityOnly)'=='') was evaluated as (''!='' and ''=='').
   5:7>Done building target "_GenerateCompileInputs" in project "KChief.Protocols.OPC.csproj".
       Target "PrepareForBuild" skipped. Previously built successfully.
   5:7>Target "GenerateMSBuildEditorConfigFileShouldRun" in file "/usr/share/dotnet/sdk/8.0.415/Roslyn/Microsoft.Managed.Core.targets" from project "/home/saidul/Desktop/K-Chief Marine Automation Platform/src/KChief.Protocols.OPC/KChief.Protocols.OPC.csproj" (target "GenerateMSBuildEditorConfigFile" depends on it):
   5:7>Done building target "GenerateMSBuildEditorConfigFileShouldRun" in project "KChief.Protocols.OPC.csproj".
   5:7>Target "GenerateMSBuildEditorConfigFileCore" in file "/usr/share/dotnet/sdk/8.0.415/Roslyn/Microsoft.Managed.Core.targets" from project "/home/saidul/Desktop/K-Chief Marine Automation Platform/src/KChief.Protocols.OPC/KChief.Protocols.OPC.csproj" (target "GenerateMSBuildEditorConfigFile" depends on it):
       Building target "GenerateMSBuildEditorConfigFileCore" completely.
       No input files were specified.
       Using "GenerateMSBuildEditorConfig" task from assembly "/usr/share/dotnet/sdk/8.0.415/Roslyn/Microsoft.Build.Tasks.CodeAnalysis.dll".
       Task "GenerateMSBuildEditorConfig"
       Done executing task "GenerateMSBuildEditorConfig".
   5:7>Done building target "GenerateMSBuildEditorConfigFileCore" in project "KChief.Protocols.OPC.csproj".
   5:7>Target "GenerateMSBuildEditorConfigFile" in file "/usr/share/dotnet/sdk/8.0.415/Roslyn/Microsoft.Managed.Core.targets" from project "/home/saidul/Desktop/K-Chief Marine Automation Platform/src/KChief.Protocols.OPC/KChief.Protocols.OPC.csproj" (target "BeforeCompile" depends on it):
   5:7>Done building target "GenerateMSBuildEditorConfigFile" in project "KChief.Protocols.OPC.csproj".
       Target "PrepareForBuild" skipped. Previously built successfully.
       Target "GetReferenceAssemblyPaths" skipped. Previously built successfully.
   5:7>Target "_SetTargetFrameworkMonikerAttribute" in file "/usr/share/dotnet/sdk/8.0.415/Microsoft.CSharp.CurrentVersion.targets" from project "/home/saidul/Desktop/K-Chief Marine Automation Platform/src/KChief.Protocols.OPC/KChief.Protocols.OPC.csproj" (target "GenerateTargetFrameworkMonikerAttribute" depends on it):
   5:7>Done building target "_SetTargetFrameworkMonikerAttribute" in project "KChief.Protocols.OPC.csproj".
   5:7>Target "GenerateTargetFrameworkMonikerAttribute" in file "/usr/share/dotnet/sdk/8.0.415/Microsoft.Common.CurrentVersion.targets" from project "/home/saidul/Desktop/K-Chief Marine Automation Platform/src/KChief.Protocols.OPC/KChief.Protocols.OPC.csproj" (target "BeforeCompile" depends on it):
       Skipping target "GenerateTargetFrameworkMonikerAttribute" because all output files are up-to-date with respect to the input files.
       Input files: /usr/share/dotnet/sdk/8.0.415/Microsoft.Common.targets
       Output files: obj/Release/net8.0/.NETCoreApp,Version=v8.0.AssemblyAttributes.cs
   5:7>Done building target "GenerateTargetFrameworkMonikerAttribute" in project "KChief.Protocols.OPC.csproj".
       Target "GenerateAdditionalSources" skipped, due to false condition; ('@(AssemblyAttributes)' != '' and '$(GenerateAdditionalSources)' == 'true') was evaluated as ('' != '' and '' == 'true').
       Target "PrepareForBuild" skipped. Previously built successfully.
   5:7>Target "GetAssemblyVersion" in file "/usr/share/dotnet/sdk/8.0.415/Sdks/Microsoft.NET.Sdk/targets/Microsoft.NET.GenerateAssemblyInfo.targets" from project "/home/saidul/Desktop/K-Chief Marine Automation Platform/src/KChief.Protocols.OPC/KChief.Protocols.OPC.csproj" (target "GetAssemblyAttributes" depends on it):
       Using "GetAssemblyVersion" task from assembly "/usr/share/dotnet/sdk/8.0.415/Sdks/Microsoft.NET.Sdk/targets/../tools/net8.0/Microsoft.NET.Build.Tasks.dll".
       Task "GetAssemblyVersion"
       Done executing task "GetAssemblyVersion".
   5:7>Done building target "GetAssemblyVersion" in project "KChief.Protocols.OPC.csproj".
       Target "GetAssemblyVersion" skipped. Previously built successfully.
   5:7>Target "InitializeSourceControlInformationFromSourceControlManager" in file "/usr/share/dotnet/sdk/8.0.415/Sdks/Microsoft.Build.Tasks.Git/build/Microsoft.Build.Tasks.Git.targets" from project "/home/saidul/Desktop/K-Chief Marine Automation Platform/src/KChief.Protocols.OPC/KChief.Protocols.OPC.csproj" (target "_InitializeSourceControlInformationFromSourceControlManager" depends on it):
       Using "Microsoft.Build.Tasks.Git.LocateRepository" task from assembly "/usr/share/dotnet/sdk/8.0.415/Sdks/Microsoft.Build.Tasks.Git/build/../tools/core/Microsoft.Build.Tasks.Git.dll".
       Task "Microsoft.Build.Tasks.Git.LocateRepository"
         SourceLink: Repository instance not found in cache: '*:/home/saidul/Desktop/K-Chief Marine Automation Platform/.git'
       Done executing task "Microsoft.Build.Tasks.Git.LocateRepository".
   5:7>Done building target "InitializeSourceControlInformationFromSourceControlManager" in project "KChief.Protocols.OPC.csproj".
   5:7>Target "_SourceLinkHasSingleProvider" in file "/usr/share/dotnet/sdk/8.0.415/Sdks/Microsoft.SourceLink.Common/build/InitializeSourceControlInformation.targets" from project "/home/saidul/Desktop/K-Chief Marine Automation Platform/src/KChief.Protocols.OPC/KChief.Protocols.OPC.csproj" (target "_InitializeSourceControlInformationFromSourceControlManager" depends on it):
       Using "Microsoft.SourceLink.Common.SourceLinkHasSingleProvider" task from assembly "/usr/share/dotnet/sdk/8.0.415/Sdks/Microsoft.SourceLink.Common/build/../tools/core/Microsoft.SourceLink.Common.dll".
       Task "Microsoft.SourceLink.Common.SourceLinkHasSingleProvider"
       Done executing task "Microsoft.SourceLink.Common.SourceLinkHasSingleProvider".
   5:7>Done building target "_SourceLinkHasSingleProvider" in project "KChief.Protocols.OPC.csproj".
   5:7>Target "TranslateGitHubUrlsInSourceControlInformation" in file "/usr/share/dotnet/sdk/8.0.415/Sdks/Microsoft.SourceLink.GitHub/build/Microsoft.SourceLink.GitHub.targets" from project "/home/saidul/Desktop/K-Chief Marine Automation Platform/src/KChief.Protocols.OPC/KChief.Protocols.OPC.csproj" (target "_InitializeSourceControlInformationFromSourceControlManager" depends on it):
       Using "Microsoft.SourceLink.GitHub.TranslateRepositoryUrls" task from assembly "/usr/share/dotnet/sdk/8.0.415/Sdks/Microsoft.SourceLink.GitHub/build/../tools/core/Microsoft.SourceLink.GitHub.dll".
       Task "Microsoft.SourceLink.GitHub.TranslateRepositoryUrls"
       Done executing task "Microsoft.SourceLink.GitHub.TranslateRepositoryUrls".
   5:7>Done building target "TranslateGitHubUrlsInSourceControlInformation" in project "KChief.Protocols.OPC.csproj".
   5:7>Target "TranslateGitLabUrlsInSourceControlInformation" in file "/usr/share/dotnet/sdk/8.0.415/Sdks/Microsoft.SourceLink.GitLab/build/Microsoft.SourceLink.GitLab.targets" from project "/home/saidul/Desktop/K-Chief Marine Automation Platform/src/KChief.Protocols.OPC/KChief.Protocols.OPC.csproj" (target "_InitializeSourceControlInformationFromSourceControlManager" depends on it):
       Using "Microsoft.SourceLink.GitLab.TranslateRepositoryUrls" task from assembly "/usr/share/dotnet/sdk/8.0.415/Sdks/Microsoft.SourceLink.GitLab/build/../tools/core/Microsoft.SourceLink.GitLab.dll".
       Task "Microsoft.SourceLink.GitLab.TranslateRepositoryUrls"
       Done executing task "Microsoft.SourceLink.GitLab.TranslateRepositoryUrls".
   5:7>Done building target "TranslateGitLabUrlsInSourceControlInformation" in project "KChief.Protocols.OPC.csproj".
   5:7>Target "TranslateAzureReposGitUrlsInSourceControlInformation" in file "/usr/share/dotnet/sdk/8.0.415/Sdks/Microsoft.SourceLink.AzureRepos.Git/build/Microsoft.SourceLink.AzureRepos.Git.targets" from project "/home/saidul/Desktop/K-Chief Marine Automation Platform/src/KChief.Protocols.OPC/KChief.Protocols.OPC.csproj" (target "_InitializeSourceControlInformationFromSourceControlManager" depends on it):
       Using "Microsoft.SourceLink.AzureRepos.Git.TranslateRepositoryUrls" task from assembly "/usr/share/dotnet/sdk/8.0.415/Sdks/Microsoft.SourceLink.AzureRepos.Git/build/../tools/core/Microsoft.SourceLink.AzureRepos.Git.dll".
       Task "Microsoft.SourceLink.AzureRepos.Git.TranslateRepositoryUrls"
       Done executing task "Microsoft.SourceLink.AzureRepos.Git.TranslateRepositoryUrls".
   5:7>Done building target "TranslateAzureReposGitUrlsInSourceControlInformation" in project "KChief.Protocols.OPC.csproj".
   5:7>Target "TranslateBitbucketGitUrlsInSourceControlInformation" in file "/usr/share/dotnet/sdk/8.0.415/Sdks/Microsoft.SourceLink.Bitbucket.Git/build/Microsoft.SourceLink.Bitbucket.Git.targets" from project "/home/saidul/Desktop/K-Chief Marine Automation Platform/src/KChief.Protocols.OPC/KChief.Protocols.OPC.csproj" (target "_InitializeSourceControlInformationFromSourceControlManager" depends on it):
       Using "Microsoft.SourceLink.Bitbucket.Git.TranslateRepositoryUrls" task from assembly "/usr/share/dotnet/sdk/8.0.415/Sdks/Microsoft.SourceLink.Bitbucket.Git/build/../tools/core/Microsoft.SourceLink.Bitbucket.Git.dll".
       Task "Microsoft.SourceLink.Bitbucket.Git.TranslateRepositoryUrls"
       Done executing task "Microsoft.SourceLink.Bitbucket.Git.TranslateRepositoryUrls".
   5:7>Done building target "TranslateBitbucketGitUrlsInSourceControlInformation" in project "KChief.Protocols.OPC.csproj".
   5:7>Target "SourceControlManagerPublishTranslatedUrls" in file "/usr/share/dotnet/sdk/8.0.415/Sdks/Microsoft.SourceLink.Common/build/InitializeSourceControlInformation.targets" from project "/home/saidul/Desktop/K-Chief Marine Automation Platform/src/KChief.Protocols.OPC/KChief.Protocols.OPC.csproj" (target "_InitializeSourceControlInformationFromSourceControlManager" depends on it):
   5:7>Done building target "SourceControlManagerPublishTranslatedUrls" in project "KChief.Protocols.OPC.csproj".
   5:7>Target "_InitializeSourceControlInformationFromSourceControlManager" in file "/usr/share/dotnet/sdk/8.0.415/Sdks/Microsoft.SourceLink.Common/build/InitializeSourceControlInformation.targets" from project "/home/saidul/Desktop/K-Chief Marine Automation Platform/src/KChief.Protocols.OPC/KChief.Protocols.OPC.csproj" (target "InitializeSourceControlInformation" depends on it):
   5:7>Done building target "_InitializeSourceControlInformationFromSourceControlManager" in project "KChief.Protocols.OPC.csproj".
   5:7>Target "InitializeSourceControlInformation" in file "/usr/share/dotnet/sdk/8.0.415/Microsoft.Common.CurrentVersion.targets" from project "/home/saidul/Desktop/K-Chief Marine Automation Platform/src/KChief.Protocols.OPC/KChief.Protocols.OPC.csproj" (target "AddSourceRevisionToInformationalVersion" depends on it):
   5:7>Done building target "InitializeSourceControlInformation" in project "KChief.Protocols.OPC.csproj".
   5:7>Target "AddSourceRevisionToInformationalVersion" in file "/usr/share/dotnet/sdk/8.0.415/Sdks/Microsoft.NET.Sdk/targets/Microsoft.NET.GenerateAssemblyInfo.targets" from project "/home/saidul/Desktop/K-Chief Marine Automation Platform/src/KChief.Protocols.OPC/KChief.Protocols.OPC.csproj" (target "GetAssemblyAttributes" depends on it):
   5:7>Done building target "AddSourceRevisionToInformationalVersion" in project "KChief.Protocols.OPC.csproj".
       Target "_GetUserSecretsAssemblyAttribute" skipped, due to false condition; ( '$(UserSecretsId)' != '' AND '$(GenerateUserSecretsAttribute)' != 'false' AND '$(GeneratedUserSecretsAttributeFile)' == '' ) was evaluated as ( '' != '' AND '' != 'false' AND '' == '' ).
   5:7>Target "GetAssemblyAttributes" in file "/usr/share/dotnet/sdk/8.0.415/Sdks/Microsoft.NET.Sdk/targets/Microsoft.NET.GenerateAssemblyInfo.targets" from project "/home/saidul/Desktop/K-Chief Marine Automation Platform/src/KChief.Protocols.OPC/KChief.Protocols.OPC.csproj" (target "CreateGeneratedAssemblyInfoInputsCacheFile" depends on it):
   5:7>Done building target "GetAssemblyAttributes" in project "KChief.Protocols.OPC.csproj".
   5:7>Target "CreateGeneratedAssemblyInfoInputsCacheFile" in file "/usr/share/dotnet/sdk/8.0.415/Sdks/Microsoft.NET.Sdk/targets/Microsoft.NET.GenerateAssemblyInfo.targets" from project "/home/saidul/Desktop/K-Chief Marine Automation Platform/src/KChief.Protocols.OPC/KChief.Protocols.OPC.csproj" (target "CoreGenerateAssemblyInfo" depends on it):
       Using "Hash" task from assembly "Microsoft.Build.Tasks.Core, Version=15.1.0.0, Culture=neutral, PublicKeyToken=b03f5f7f11d50a3a".
       Task "Hash"
       Done executing task "Hash".
       Task "WriteLinesToFile"
       Done executing task "WriteLinesToFile".
   5:7>Done building target "CreateGeneratedAssemblyInfoInputsCacheFile" in project "KChief.Protocols.OPC.csproj".
   5:7>Target "CoreGenerateAssemblyInfo" in file "/usr/share/dotnet/sdk/8.0.415/Sdks/Microsoft.NET.Sdk/targets/Microsoft.NET.GenerateAssemblyInfo.targets" from project "/home/saidul/Desktop/K-Chief Marine Automation Platform/src/KChief.Protocols.OPC/KChief.Protocols.OPC.csproj" (target "GenerateAssemblyInfo" depends on it):
       Building target "CoreGenerateAssemblyInfo" completely.
       Input file "obj/Release/net8.0/KChief.Protocols.OPC.AssemblyInfoInputs.cache" is newer than output file "obj/Release/net8.0/KChief.Protocols.OPC.AssemblyInfo.cs".
       Using "WriteCodeFragment" task from assembly "Microsoft.Build.Tasks.Core, Version=15.1.0.0, Culture=neutral, PublicKeyToken=b03f5f7f11d50a3a".
       Task "WriteCodeFragment"
         Emitted specified code into "obj/Release/net8.0/KChief.Protocols.OPC.AssemblyInfo.cs".
       Done executing task "WriteCodeFragment".
   5:7>Done building target "CoreGenerateAssemblyInfo" in project "KChief.Protocols.OPC.csproj".
   5:7>Target "GenerateAssemblyInfo" in file "/usr/share/dotnet/sdk/8.0.415/Sdks/Microsoft.NET.Sdk/targets/Microsoft.NET.GenerateAssemblyInfo.targets" from project "/home/saidul/Desktop/K-Chief Marine Automation Platform/src/KChief.Protocols.OPC/KChief.Protocols.OPC.csproj" (target "BeforeCompile" depends on it):
   5:7>Done building target "GenerateAssemblyInfo" in project "KChief.Protocols.OPC.csproj".
   5:7>Target "BeforeCompile" in file "/usr/share/dotnet/sdk/8.0.415/Microsoft.Common.CurrentVersion.targets" from project "/home/saidul/Desktop/K-Chief Marine Automation Platform/src/KChief.Protocols.OPC/KChief.Protocols.OPC.csproj" (target "Compile" depends on it):
   5:7>Done building target "BeforeCompile" in project "KChief.Protocols.OPC.csproj".
       Target "_TimeStampBeforeCompile" skipped, due to false condition; ('$(RunPostBuildEvent)'=='OnOutputUpdated' or ('$(RegisterForComInterop)'=='true' and '$(OutputType)'=='library')) was evaluated as (''=='OnOutputUpdated' or (''=='true' and 'Library'=='library')).
       Target "ResolveAssemblyReferences" skipped. Previously built successfully.
   5:7>Target "_GenerateCompileDependencyCache" in file "/usr/share/dotnet/sdk/8.0.415/Microsoft.Common.CurrentVersion.targets" from project "/home/saidul/Desktop/K-Chief Marine Automation Platform/src/KChief.Protocols.OPC/KChief.Protocols.OPC.csproj" (target "Compile" depends on it):
       Task "Hash"
       Done executing task "Hash".
       Task "WriteLinesToFile"
       Done executing task "WriteLinesToFile".
   5:7>Done building target "_GenerateCompileDependencyCache" in project "KChief.Protocols.OPC.csproj".
       Target "_ComputeNonExistentFileProperty" skipped, due to false condition; (('$(BuildingInsideVisualStudio)' == 'true') and ('$(BuildingOutOfProcess)' != 'true') and (('$(BuildingProject)' == 'false') or ('$(UseHostCompilerIfAvailable)' == 'true'))) was evaluated as (('' == 'true') and ('' != 'true') and (('true' == 'false') or ('true' == 'true'))).
       Target "ResolveCodeAnalysisRuleSet" skipped, due to false condition; ('$(CodeAnalysisRuleSet)' != '') was evaluated as ('' != '').
       Target "ShimReferencePathsWhenCommonTargetsDoesNotUnderstandReferenceAssemblies" skipped, due to false condition; ('@(ReferencePathWithRefAssemblies)' == '') was evaluated as ('/home/saidul/.nuget/packages/bouncycastle.cryptography/2.3.1/lib/net6.0/BouncyCastle.Cryptography.dll;/home/saidul/.nuget/packages/fluentvalidation/11.9.0/lib/net8.0/FluentValidation.dll;/home/saidul/Desktop/K-Chief Marine Automation Platform/src/KChief.Platform.Core/obj/Release/net8.0/ref/KChief.Platform.Core.dll;...' == '').
   5:7>Target "_BeforeVBCSCoreCompile" in file "/usr/share/dotnet/sdk/8.0.415/Roslyn/Microsoft.Managed.Core.targets" from project "/home/saidul/Desktop/K-Chief Marine Automation Platform/src/KChief.Protocols.OPC/KChief.Protocols.OPC.csproj" (target "CoreCompile" depends on it):
   5:7>Done building target "_BeforeVBCSCoreCompile" in project "KChief.Protocols.OPC.csproj".
       Target "AdjustDefaultPlatformTargetForNetFrameworkExeWithNoNativeCopyLocalItems" skipped, due to false condition; ('$(_UsingDefaultPlatformTarget)' == 'true' and
                            '$(_UsingDefaultRuntimeIdentifier)' == 'true') was evaluated as ('true' == 'true' and
                            '' == 'true').
       Target "_DisableDiagnosticTracing" skipped, due to false condition; ('$(DisableDiagnosticTracing)' == 'true') was evaluated as ('' == 'true').
       Target "GenerateTargetPlatformDefineConstants" skipped, due to false condition; ( '$(DisableImplicitFrameworkDefines)' != 'true' and '$(TargetPlatformIdentifier)' != '' and '$(TargetFrameworkIdentifier)' == '.NETCoreApp' and $([MSBuild]::VersionGreaterThanOrEquals($(TargetFrameworkVersion), 5.0)) ) was evaluated as ( '' != 'true' and '' != '' and '.NETCoreApp' == '.NETCoreApp' and True ).
   5:7>Target "GenerateNETCompatibleDefineConstants" in file "/usr/share/dotnet/sdk/8.0.415/Sdks/Microsoft.NET.Sdk/targets/Microsoft.NET.Sdk.BeforeCommon.targets" from project "/home/saidul/Desktop/K-Chief Marine Automation Platform/src/KChief.Protocols.OPC/KChief.Protocols.OPC.csproj" (target "AddImplicitDefineConstants" depends on it):
   5:7>Done building target "GenerateNETCompatibleDefineConstants" in project "KChief.Protocols.OPC.csproj".
       Target "GeneratePlatformCompatibleDefineConstants" skipped, due to false condition; ( '$(DisableImplicitFrameworkDefines)' != 'true' and '$(TargetPlatformIdentifier)' != '' and '$(TargetFrameworkIdentifier)' == '.NETCoreApp' and $([MSBuild]::VersionGreaterThanOrEquals($(TargetFrameworkVersion), 5.0)) ) was evaluated as ( '' != 'true' and '' != '' and '.NETCoreApp' == '.NETCoreApp' and True ).
       Target "_DisableDiagnosticTracing" skipped, due to false condition; ('$(DisableDiagnosticTracing)' == 'true') was evaluated as ('' == 'true').
   5:7>Target "AddImplicitDefineConstants" in file "/usr/share/dotnet/sdk/8.0.415/Sdks/Microsoft.NET.Sdk/targets/Microsoft.NET.Sdk.BeforeCommon.targets" from project "/home/saidul/Desktop/K-Chief Marine Automation Platform/src/KChief.Protocols.OPC/KChief.Protocols.OPC.csproj" (target "CoreCompile" depends on it):
   5:7>Done building target "AddImplicitDefineConstants" in project "KChief.Protocols.OPC.csproj".
       Target "ShimReferencePathsWhenCommonTargetsDoesNotUnderstandReferenceAssemblies" skipped, due to false condition; ('@(ReferencePathWithRefAssemblies)' == '') was evaluated as ('/home/saidul/.nuget/packages/bouncycastle.cryptography/2.3.1/lib/net6.0/BouncyCastle.Cryptography.dll;/home/saidul/.nuget/packages/fluentvalidation/11.9.0/lib/net8.0/FluentValidation.dll;/home/saidul/Desktop/K-Chief Marine Automation Platform/src/KChief.Platform.Core/obj/Release/net8.0/ref/KChief.Platform.Core.dll;...' == '').
   5:7>Target "_ComputeSkipAnalyzers" in file "/usr/share/dotnet/sdk/8.0.415/Roslyn/Microsoft.Managed.Core.targets" from project "/home/saidul/Desktop/K-Chief Marine Automation Platform/src/KChief.Protocols.OPC/KChief.Protocols.OPC.csproj" (target "CoreCompile" depends on it):
       Task "ShowMessageForImplicitlySkipAnalyzers" skipped, due to false condition; ('$(_ImplicitlySkipAnalyzers)' == 'true') was evaluated as ('' == 'true').
   5:7>Done building target "_ComputeSkipAnalyzers" in project "KChief.Protocols.OPC.csproj".
       Target "_SetPathMapFromSourceRoots" skipped, due to false condition; ('$(DeterministicSourcePaths)' == 'true') was evaluated as ('' == 'true').
       Target "CreateCompilerGeneratedFilesOutputPath" skipped, due to false condition; ('$(EmitCompilerGeneratedFiles)' == 'true' and !('$(DesignTimeBuild)' == 'true' OR '$(BuildingProject)' != 'true')) was evaluated as ('false' == 'true' and !('' == 'true' OR 'true' != 'true')).
       Target "BeforeCompile" skipped. Previously built successfully.
       Target "InitializeSourceControlInformationFromSourceControlManager" skipped. Previously built successfully.
   5:7>Target "SetEmbeddedFilesFromSourceControlManagerUntrackedFiles" in file "/usr/share/dotnet/sdk/8.0.415/Sdks/Microsoft.Build.Tasks.Git/build/Microsoft.Build.Tasks.Git.targets" from project "/home/saidul/Desktop/K-Chief Marine Automation Platform/src/KChief.Protocols.OPC/KChief.Protocols.OPC.csproj" (target "_SetEmbeddedFilesFromSourceControlManagerUntrackedFiles" depends on it):
       Using "Microsoft.Build.Tasks.Git.GetUntrackedFiles" task from assembly "/usr/share/dotnet/sdk/8.0.415/Sdks/Microsoft.Build.Tasks.Git/build/../tools/core/Microsoft.Build.Tasks.Git.dll".
       Task "Microsoft.Build.Tasks.Git.GetUntrackedFiles"
         SourceLink: Reusing cached git repository information.
       Done executing task "Microsoft.Build.Tasks.Git.GetUntrackedFiles".
   5:7>Done building target "SetEmbeddedFilesFromSourceControlManagerUntrackedFiles" in project "KChief.Protocols.OPC.csproj".
   5:7>Target "_SetEmbeddedFilesFromSourceControlManagerUntrackedFiles" in file "/usr/share/dotnet/sdk/8.0.415/Sdks/Microsoft.SourceLink.Common/build/Microsoft.SourceLink.Common.targets" from project "/home/saidul/Desktop/K-Chief Marine Automation Platform/src/KChief.Protocols.OPC/KChief.Protocols.OPC.csproj" (target "CoreCompile" depends on it):
   5:7>Done building target "_SetEmbeddedFilesFromSourceControlManagerUntrackedFiles" in project "KChief.Protocols.OPC.csproj".
       Target "InitializeSourceControlInformation" skipped. Previously built successfully.
   5:7>Target "_SetSourceLinkFilePath" in file "/usr/share/dotnet/sdk/8.0.415/Sdks/Microsoft.SourceLink.Common/build/Microsoft.SourceLink.Common.targets" from project "/home/saidul/Desktop/K-Chief Marine Automation Platform/src/KChief.Protocols.OPC/KChief.Protocols.OPC.csproj" (target "_GenerateSourceLinkFile" depends on it):
   5:7>Done building target "_SetSourceLinkFilePath" in project "KChief.Protocols.OPC.csproj".
       Target "InitializeSourceControlInformation" skipped. Previously built successfully.
   5:7>Target "_InitializeSourceRootMappedPathsFromSourceControl" in file "/usr/share/dotnet/sdk/8.0.415/Roslyn/Microsoft.Managed.Core.targets" from project "/home/saidul/Desktop/K-Chief Marine Automation Platform/src/KChief.Protocols.OPC/KChief.Protocols.OPC.csproj" (target "InitializeSourceRootMappedPaths" depends on it):
   5:7>Done building target "_InitializeSourceRootMappedPathsFromSourceControl" in project "KChief.Protocols.OPC.csproj".
   5:7>Target "InitializeSourceRootMappedPaths" in file "/usr/share/dotnet/sdk/8.0.415/Roslyn/Microsoft.Managed.Core.targets" from project "/home/saidul/Desktop/K-Chief Marine Automation Platform/src/KChief.Protocols.OPC/KChief.Protocols.OPC.csproj" (target "_InitializeSourceRootMappedPathsOpt" depends on it):
       Using "Microsoft.CodeAnalysis.BuildTasks.MapSourceRoots" task from assembly "/usr/share/dotnet/sdk/8.0.415/Roslyn/Microsoft.Build.Tasks.CodeAnalysis.dll".
       Task "Microsoft.CodeAnalysis.BuildTasks.MapSourceRoots"
       Done executing task "Microsoft.CodeAnalysis.BuildTasks.MapSourceRoots".
   5:7>Done building target "InitializeSourceRootMappedPaths" in project "KChief.Protocols.OPC.csproj".
   5:7>Target "_InitializeSourceRootMappedPathsOpt" in file "/usr/share/dotnet/sdk/8.0.415/Sdks/Microsoft.SourceLink.Common/build/Microsoft.SourceLink.Common.targets" from project "/home/saidul/Desktop/K-Chief Marine Automation Platform/src/KChief.Protocols.OPC/KChief.Protocols.OPC.csproj" (target "_GenerateSourceLinkFile" depends on it):
   5:7>Done building target "_InitializeSourceRootMappedPathsOpt" in project "KChief.Protocols.OPC.csproj".
   5:7>Target "_InitializeGitHubSourceLinkUrl" in file "/usr/share/dotnet/sdk/8.0.415/Sdks/Microsoft.SourceLink.GitHub/build/Microsoft.SourceLink.GitHub.targets" from project "/home/saidul/Desktop/K-Chief Marine Automation Platform/src/KChief.Protocols.OPC/KChief.Protocols.OPC.csproj" (target "_GenerateSourceLinkFile" depends on it):
       Building target "_InitializeGitHubSourceLinkUrl" completely.
       No input files were specified.
       Using "Microsoft.SourceLink.GitHub.GetSourceLinkUrl" task from assembly "/usr/share/dotnet/sdk/8.0.415/Sdks/Microsoft.SourceLink.GitHub/build/../tools/core/Microsoft.SourceLink.GitHub.dll".
       Task "Microsoft.SourceLink.GitHub.GetSourceLinkUrl"
       Done executing task "Microsoft.SourceLink.GitHub.GetSourceLinkUrl".
   5:7>Done building target "_InitializeGitHubSourceLinkUrl" in project "KChief.Protocols.OPC.csproj".
   5:7>Target "_InitializeGitHubSourceLinkUrl" in file "/usr/share/dotnet/sdk/8.0.415/Sdks/Microsoft.SourceLink.GitHub/build/Microsoft.SourceLink.GitHub.targets" from project "/home/saidul/Desktop/K-Chief Marine Automation Platform/src/KChief.Protocols.OPC/KChief.Protocols.OPC.csproj" (target "_GenerateSourceLinkFile" depends on it):
       Building target "_InitializeGitHubSourceLinkUrl" completely.
       No input files were specified.
       Task "Microsoft.SourceLink.GitHub.GetSourceLinkUrl"
       Done executing task "Microsoft.SourceLink.GitHub.GetSourceLinkUrl".
   5:7>Done building target "_InitializeGitHubSourceLinkUrl" in project "KChief.Protocols.OPC.csproj".
   5:7>Target "_InitializeGitLabSourceLinkUrl" in file "/usr/share/dotnet/sdk/8.0.415/Sdks/Microsoft.SourceLink.GitLab/build/Microsoft.SourceLink.GitLab.targets" from project "/home/saidul/Desktop/K-Chief Marine Automation Platform/src/KChief.Protocols.OPC/KChief.Protocols.OPC.csproj" (target "_GenerateSourceLinkFile" depends on it):
       Building target "_InitializeGitLabSourceLinkUrl" completely.
       No input files were specified.
       Using "Microsoft.SourceLink.GitLab.GetSourceLinkUrl" task from assembly "/usr/share/dotnet/sdk/8.0.415/Sdks/Microsoft.SourceLink.GitLab/build/../tools/core/Microsoft.SourceLink.GitLab.dll".
       Task "Microsoft.SourceLink.GitLab.GetSourceLinkUrl"
       Done executing task "Microsoft.SourceLink.GitLab.GetSourceLinkUrl".
   5:7>Done building target "_InitializeGitLabSourceLinkUrl" in project "KChief.Protocols.OPC.csproj".
   5:7>Target "_InitializeGitLabSourceLinkUrl" in file "/usr/share/dotnet/sdk/8.0.415/Sdks/Microsoft.SourceLink.GitLab/build/Microsoft.SourceLink.GitLab.targets" from project "/home/saidul/Desktop/K-Chief Marine Automation Platform/src/KChief.Protocols.OPC/KChief.Protocols.OPC.csproj" (target "_GenerateSourceLinkFile" depends on it):
       Building target "_InitializeGitLabSourceLinkUrl" completely.
       No input files were specified.
       Task "Microsoft.SourceLink.GitLab.GetSourceLinkUrl"
       Done executing task "Microsoft.SourceLink.GitLab.GetSourceLinkUrl".
   5:7>Done building target "_InitializeGitLabSourceLinkUrl" in project "KChief.Protocols.OPC.csproj".
   5:7>Target "_InitializeAzureReposGitSourceLinkUrl" in file "/usr/share/dotnet/sdk/8.0.415/Sdks/Microsoft.SourceLink.AzureRepos.Git/build/Microsoft.SourceLink.AzureRepos.Git.targets" from project "/home/saidul/Desktop/K-Chief Marine Automation Platform/src/KChief.Protocols.OPC/KChief.Protocols.OPC.csproj" (target "_GenerateSourceLinkFile" depends on it):
       Building target "_InitializeAzureReposGitSourceLinkUrl" completely.
       No input files were specified.
       Using "Microsoft.SourceLink.AzureRepos.Git.GetSourceLinkUrl" task from assembly "/usr/share/dotnet/sdk/8.0.415/Sdks/Microsoft.SourceLink.AzureRepos.Git/build/../tools/core/Microsoft.SourceLink.AzureRepos.Git.dll".
       Task "Microsoft.SourceLink.AzureRepos.Git.GetSourceLinkUrl"
       Done executing task "Microsoft.SourceLink.AzureRepos.Git.GetSourceLinkUrl".
   5:7>Done building target "_InitializeAzureReposGitSourceLinkUrl" in project "KChief.Protocols.OPC.csproj".
   5:7>Target "_InitializeAzureReposGitSourceLinkUrl" in file "/usr/share/dotnet/sdk/8.0.415/Sdks/Microsoft.SourceLink.AzureRepos.Git/build/Microsoft.SourceLink.AzureRepos.Git.targets" from project "/home/saidul/Desktop/K-Chief Marine Automation Platform/src/KChief.Protocols.OPC/KChief.Protocols.OPC.csproj" (target "_GenerateSourceLinkFile" depends on it):
       Building target "_InitializeAzureReposGitSourceLinkUrl" completely.
       No input files were specified.
       Task "Microsoft.SourceLink.AzureRepos.Git.GetSourceLinkUrl"
       Done executing task "Microsoft.SourceLink.AzureRepos.Git.GetSourceLinkUrl".
   5:7>Done building target "_InitializeAzureReposGitSourceLinkUrl" in project "KChief.Protocols.OPC.csproj".
   5:7>Target "_InitializeBitbucketGitSourceLinkUrl" in file "/usr/share/dotnet/sdk/8.0.415/Sdks/Microsoft.SourceLink.Bitbucket.Git/build/Microsoft.SourceLink.Bitbucket.Git.targets" from project "/home/saidul/Desktop/K-Chief Marine Automation Platform/src/KChief.Protocols.OPC/KChief.Protocols.OPC.csproj" (target "_GenerateSourceLinkFile" depends on it):
       Building target "_InitializeBitbucketGitSourceLinkUrl" completely.
       No input files were specified.
       Using "Microsoft.SourceLink.Bitbucket.Git.GetSourceLinkUrl" task from assembly "/usr/share/dotnet/sdk/8.0.415/Sdks/Microsoft.SourceLink.Bitbucket.Git/build/../tools/core/Microsoft.SourceLink.Bitbucket.Git.dll".
       Task "Microsoft.SourceLink.Bitbucket.Git.GetSourceLinkUrl"
       Done executing task "Microsoft.SourceLink.Bitbucket.Git.GetSourceLinkUrl".
   5:7>Done building target "_InitializeBitbucketGitSourceLinkUrl" in project "KChief.Protocols.OPC.csproj".
   5:7>Target "_InitializeBitbucketGitSourceLinkUrl" in file "/usr/share/dotnet/sdk/8.0.415/Sdks/Microsoft.SourceLink.Bitbucket.Git/build/Microsoft.SourceLink.Bitbucket.Git.targets" from project "/home/saidul/Desktop/K-Chief Marine Automation Platform/src/KChief.Protocols.OPC/KChief.Protocols.OPC.csproj" (target "_GenerateSourceLinkFile" depends on it):
       Building target "_InitializeBitbucketGitSourceLinkUrl" completely.
       No input files were specified.
       Task "Microsoft.SourceLink.Bitbucket.Git.GetSourceLinkUrl"
       Done executing task "Microsoft.SourceLink.Bitbucket.Git.GetSourceLinkUrl".
   5:7>Done building target "_InitializeBitbucketGitSourceLinkUrl" in project "KChief.Protocols.OPC.csproj".
   5:7>Target "_GenerateSourceLinkFile" in file "/usr/share/dotnet/sdk/8.0.415/Sdks/Microsoft.SourceLink.Common/build/Microsoft.SourceLink.Common.targets" from project "/home/saidul/Desktop/K-Chief Marine Automation Platform/src/KChief.Protocols.OPC/KChief.Protocols.OPC.csproj" (target "GenerateSourceLinkFile" depends on it):
       Building target "_GenerateSourceLinkFile" completely.
       No input files were specified.
       Using "Microsoft.SourceLink.Common.GenerateSourceLinkFile" task from assembly "/usr/share/dotnet/sdk/8.0.415/Sdks/Microsoft.SourceLink.Common/build/../tools/core/Microsoft.SourceLink.Common.dll".
       Task "Microsoft.SourceLink.Common.GenerateSourceLinkFile"
         Updating Source Link file 'obj/Release/net8.0/KChief.Protocols.OPC.sourcelink.json'.
       Done executing task "Microsoft.SourceLink.Common.GenerateSourceLinkFile".
   5:7>Done building target "_GenerateSourceLinkFile" in project "KChief.Protocols.OPC.csproj".
   5:7>Target "GenerateSourceLinkFile" in file "/usr/share/dotnet/sdk/8.0.415/Sdks/Microsoft.SourceLink.Common/build/Microsoft.SourceLink.Common.targets" from project "/home/saidul/Desktop/K-Chief Marine Automation Platform/src/KChief.Protocols.OPC/KChief.Protocols.OPC.csproj" (target "CoreCompile" depends on it):
   5:7>Done building target "GenerateSourceLinkFile" in project "KChief.Protocols.OPC.csproj".
   5:7>Target "AddGlobalAnalyzerConfigForPackage_MicrosoftCodeAnalysisNetAnalyzers" in file "/usr/share/dotnet/sdk/8.0.415/Sdks/Microsoft.NET.Sdk/analyzers/build/Microsoft.CodeAnalysis.NetAnalyzers.targets" from project "/home/saidul/Desktop/K-Chief Marine Automation Platform/src/KChief.Protocols.OPC/KChief.Protocols.OPC.csproj" (target "CoreCompile" depends on it):
   5:7>Done building target "AddGlobalAnalyzerConfigForPackage_MicrosoftCodeAnalysisNetAnalyzers" in project "KChief.Protocols.OPC.csproj".
       Target "AddGlobalAnalyzerConfigForPackage_MicrosoftCodeAnalysisNetAnalyzersDesign" skipped, due to false condition; ('$(SkipGlobalAnalyzerConfigForPackage)' != 'true' and ('$(AnalysisLevelDesign)' != '' or '$(AnalysisModeDesign)' != '')) was evaluated as ('' != 'true' and ('' != '' or '' != '')).
       Target "AddGlobalAnalyzerConfigForPackage_MicrosoftCodeAnalysisNetAnalyzersDocumentation" skipped, due to false condition; ('$(SkipGlobalAnalyzerConfigForPackage)' != 'true' and ('$(AnalysisLevelDocumentation)' != '' or '$(AnalysisModeDocumentation)' != '')) was evaluated as ('' != 'true' and ('' != '' or '' != '')).
       Target "AddGlobalAnalyzerConfigForPackage_MicrosoftCodeAnalysisNetAnalyzersGlobalization" skipped, due to false condition; ('$(SkipGlobalAnalyzerConfigForPackage)' != 'true' and ('$(AnalysisLevelGlobalization)' != '' or '$(AnalysisModeGlobalization)' != '')) was evaluated as ('' != 'true' and ('' != '' or '' != '')).
       Target "AddGlobalAnalyzerConfigForPackage_MicrosoftCodeAnalysisNetAnalyzersInteroperability" skipped, due to false condition; ('$(SkipGlobalAnalyzerConfigForPackage)' != 'true' and ('$(AnalysisLevelInteroperability)' != '' or '$(AnalysisModeInteroperability)' != '')) was evaluated as ('' != 'true' and ('' != '' or '' != '')).
       Target "AddGlobalAnalyzerConfigForPackage_MicrosoftCodeAnalysisNetAnalyzersMaintainability" skipped, due to false condition; ('$(SkipGlobalAnalyzerConfigForPackage)' != 'true' and ('$(AnalysisLevelMaintainability)' != '' or '$(AnalysisModeMaintainability)' != '')) was evaluated as ('' != 'true' and ('' != '' or '' != '')).
       Target "AddGlobalAnalyzerConfigForPackage_MicrosoftCodeAnalysisNetAnalyzersNaming" skipped, due to false condition; ('$(SkipGlobalAnalyzerConfigForPackage)' != 'true' and ('$(AnalysisLevelNaming)' != '' or '$(AnalysisModeNaming)' != '')) was evaluated as ('' != 'true' and ('' != '' or '' != '')).
       Target "AddGlobalAnalyzerConfigForPackage_MicrosoftCodeAnalysisNetAnalyzersPerformance" skipped, due to false condition; ('$(SkipGlobalAnalyzerConfigForPackage)' != 'true' and ('$(AnalysisLevelPerformance)' != '' or '$(AnalysisModePerformance)' != '')) was evaluated as ('' != 'true' and ('' != '' or '' != '')).
       Target "AddGlobalAnalyzerConfigForPackage_MicrosoftCodeAnalysisNetAnalyzersReliability" skipped, due to false condition; ('$(SkipGlobalAnalyzerConfigForPackage)' != 'true' and ('$(AnalysisLevelReliability)' != '' or '$(AnalysisModeReliability)' != '')) was evaluated as ('' != 'true' and ('' != '' or '' != '')).
       Target "AddGlobalAnalyzerConfigForPackage_MicrosoftCodeAnalysisNetAnalyzersSecurity" skipped, due to false condition; ('$(SkipGlobalAnalyzerConfigForPackage)' != 'true' and ('$(AnalysisLevelSecurity)' != '' or '$(AnalysisModeSecurity)' != '')) was evaluated as ('' != 'true' and ('' != '' or '' != '')).
       Target "AddGlobalAnalyzerConfigForPackage_MicrosoftCodeAnalysisNetAnalyzersUsage" skipped, due to false condition; ('$(SkipGlobalAnalyzerConfigForPackage)' != 'true' and ('$(AnalysisLevelUsage)' != '' or '$(AnalysisModeUsage)' != '')) was evaluated as ('' != 'true' and ('' != '' or '' != '')).
       Target "_CodeAnalysisTreatWarningsAsErrors" skipped, due to false condition; ('$(DesignTimeBuild)' == 'true' OR '$(BuildingProject)' != 'true') was evaluated as ('' == 'true' OR 'true' != 'true').
   5:7>Target "_ReportUpgradeNetAnalyzersNuGetWarning" in file "/usr/share/dotnet/sdk/8.0.415/Sdks/Microsoft.NET.Sdk/analyzers/build/Microsoft.CodeAnalysis.NetAnalyzers.targets" from project "/home/saidul/Desktop/K-Chief Marine Automation Platform/src/KChief.Protocols.OPC/KChief.Protocols.OPC.csproj" (target "CoreCompile" depends on it):
       Task "Warning" skipped, due to false condition; ('$(_NETAnalyzersNuGetAssemblyVersion)' != '' AND
                                '$(_NETAnalyzersSDKAssemblyVersion)' != '' AND
                                 $(_NETAnalyzersNuGetAssemblyVersion) < $(_NETAnalyzersSDKAssemblyVersion)) was evaluated as ('' != '' AND
                                '8.0.0' != '' AND
                                  < 8.0.0).
   5:7>Done building target "_ReportUpgradeNetAnalyzersNuGetWarning" in project "KChief.Protocols.OPC.csproj".
   5:7>Target "CoreCompile" in file "/usr/share/dotnet/sdk/8.0.415/Roslyn/Microsoft.CSharp.Core.targets" from project "/home/saidul/Desktop/K-Chief Marine Automation Platform/src/KChief.Protocols.OPC/KChief.Protocols.OPC.csproj" (target "Compile" depends on it):
       Building target "CoreCompile" completely.
       Input file "obj/Release/net8.0/KChief.Protocols.OPC.AssemblyInfo.cs" is newer than output file "obj/Release/net8.0/KChief.Protocols.OPC.pdb".
       Using "Csc" task from assembly "/usr/share/dotnet/sdk/8.0.415/Roslyn/Microsoft.Build.Tasks.CodeAnalysis.dll".
       Task "Csc"
         /usr/share/dotnet/dotnet exec "/usr/share/dotnet/sdk/8.0.415/Roslyn/bincore/csc.dll" /noconfig /unsafe- /checked- /nowarn:1701,1702,1701,1702 /fullpaths /nostdlib+ /errorreport:prompt /warn:8 /define:TRACE;RELEASE;NET;NET8_0;NETCOREAPP;NET5_0_OR_GREATER;NET6_0_OR_GREATER;NET7_0_OR_GREATER;NET8_0_OR_GREATER;NETCOREAPP1_0_OR_GREATER;NETCOREAPP1_1_OR_GREATER;NETCOREAPP2_0_OR_GREATER;NETCOREAPP2_1_OR_GREATER;NETCOREAPP2_2_OR_GREATER;NETCOREAPP3_0_OR_GREATER;NETCOREAPP3_1_OR_GREATER /highentropyva+ /nullable:enable /reference:/home/saidul/.nuget/packages/bouncycastle.cryptography/2.3.1/lib/net6.0/BouncyCastle.Cryptography.dll /reference:/home/saidul/.nuget/packages/fluentvalidation/11.9.0/lib/net8.0/FluentValidation.dll /reference:"/home/saidul/Desktop/K-Chief Marine Automation Platform/src/KChief.Platform.Core/obj/Release/net8.0/ref/KChief.Platform.Core.dll" /reference:/usr/share/dotnet/packs/Microsoft.AspNetCore.App.Ref/8.0.21/ref/net8.0/Microsoft.AspNetCore.Antiforgery.dll /reference:/usr/share/dotnet/packs/Microsoft.AspNetCore.App.Ref/8.0.21/ref/net8.0/Microsoft.AspNetCore.Authentication.Abstractions.dll /reference:/usr/share/dotnet/packs/Microsoft.AspNetCore.App.Ref/8.0.21/ref/net8.0/Microsoft.AspNetCore.Authentication.BearerToken.dll /reference:/usr/share/dotnet/packs/Microsoft.AspNetCore.App.Ref/8.0.21/ref/net8.0/Microsoft.AspNetCore.Authentication.Cookies.dll /reference:/usr/share/dotnet/packs/Microsoft.AspNetCore.App.Ref/8.0.21/ref/net8.0/Microsoft.AspNetCore.Authentication.Core.dll /reference:/usr/share/dotnet/packs/Microsoft.AspNetCore.App.Ref/8.0.21/ref/net8.0/Microsoft.AspNetCore.Authentication.dll /reference:/usr/share/dotnet/packs/Microsoft.AspNetCore.App.Ref/8.0.21/ref/net8.0/Microsoft.AspNetCore.Authentication.OAuth.dll /reference:/usr/share/dotnet/packs/Microsoft.AspNetCore.App.Ref/8.0.21/ref/net8.0/Microsoft.AspNetCore.Authorization.dll /reference:/usr/share/dotnet/packs/Microsoft.AspNetCore.App.Ref/8.0.21/ref/net8.0/Microsoft.AspNetCore.Authorization.Policy.dll /reference:/usr/share/dotnet/packs/Microsoft.AspNetCore.App.Ref/8.0.21/ref/net8.0/Microsoft.AspNetCore.Components.Authorization.dll /reference:/usr/share/dotnet/packs/Microsoft.AspNetCore.App.Ref/8.0.21/ref/net8.0/Microsoft.AspNetCore.Components.dll /reference:/usr/share/dotnet/packs/Microsoft.AspNetCore.App.Ref/8.0.21/ref/net8.0/Microsoft.AspNetCore.Components.Endpoints.dll /reference:/usr/share/dotnet/packs/Microsoft.AspNetCore.App.Ref/8.0.21/ref/net8.0/Microsoft.AspNetCore.Components.Forms.dll /reference:/usr/share/dotnet/packs/Microsoft.AspNetCore.App.Ref/8.0.21/ref/net8.0/Microsoft.AspNetCore.Components.Server.dll /reference:/usr/share/dotnet/packs/Microsoft.AspNetCore.App.Ref/8.0.21/ref/net8.0/Microsoft.AspNetCore.Components.Web.dll /reference:/usr/share/dotnet/packs/Microsoft.AspNetCore.App.Ref/8.0.21/ref/net8.0/Microsoft.AspNetCore.Connections.Abstractions.dll /reference:/usr/share/dotnet/packs/Microsoft.AspNetCore.App.Ref/8.0.21/ref/net8.0/Microsoft.AspNetCore.CookiePolicy.dll /reference:/usr/share/dotnet/packs/Microsoft.AspNetCore.App.Ref/8.0.21/ref/net8.0/Microsoft.AspNetCore.Cors.dll /reference:/usr/share/dotnet/packs/Microsoft.AspNetCore.App.Ref/8.0.21/ref/net8.0/Microsoft.AspNetCore.Cryptography.Internal.dll /reference:/usr/share/dotnet/packs/Microsoft.AspNetCore.App.Ref/8.0.21/ref/net8.0/Microsoft.AspNetCore.Cryptography.KeyDerivation.dll /reference:/usr/share/dotnet/packs/Microsoft.AspNetCore.App.Ref/8.0.21/ref/net8.0/Microsoft.AspNetCore.DataProtection.Abstractions.dll /reference:/usr/share/dotnet/packs/Microsoft.AspNetCore.App.Ref/8.0.21/ref/net8.0/Microsoft.AspNetCore.DataProtection.dll /reference:/usr/share/dotnet/packs/Microsoft.AspNetCore.App.Ref/8.0.21/ref/net8.0/Microsoft.AspNetCore.DataProtection.Extensions.dll /reference:/usr/share/dotnet/packs/Microsoft.AspNetCore.App.Ref/8.0.21/ref/net8.0/Microsoft.AspNetCore.Diagnostics.Abstractions.dll /reference:/usr/share/dotnet/packs/Microsoft.AspNetCore.App.Ref/8.0.21/ref/net8.0/Microsoft.AspNetCore.Diagnostics.dll /reference:/usr/share/dotnet/packs/Microsoft.AspNetCore.App.Ref/8.0.21/ref/net8.0/Microsoft.AspNetCore.Diagnostics.HealthChecks.dll /reference:/usr/share/dotnet/packs/Microsoft.AspNetCore.App.Ref/8.0.21/ref/net8.0/Microsoft.AspNetCore.dll /reference:/usr/share/dotnet/packs/Microsoft.AspNetCore.App.Ref/8.0.21/ref/net8.0/Microsoft.AspNetCore.HostFiltering.dll /reference:/usr/share/dotnet/packs/Microsoft.AspNetCore.App.Ref/8.0.21/ref/net8.0/Microsoft.AspNetCore.Hosting.Abstractions.dll /reference:/usr/share/dotnet/packs/Microsoft.AspNetCore.App.Ref/8.0.21/ref/net8.0/Microsoft.AspNetCore.Hosting.dll /reference:/usr/share/dotnet/packs/Microsoft.AspNetCore.App.Ref/8.0.21/ref/net8.0/Microsoft.AspNetCore.Hosting.Server.Abstractions.dll /reference:/usr/share/dotnet/packs/Microsoft.AspNetCore.App.Ref/8.0.21/ref/net8.0/Microsoft.AspNetCore.Html.Abstractions.dll /reference:/usr/share/dotnet/packs/Microsoft.AspNetCore.App.Ref/8.0.21/ref/net8.0/Microsoft.AspNetCore.Http.Abstractions.dll /reference:/usr/share/dotnet/packs/Microsoft.AspNetCore.App.Ref/8.0.21/ref/net8.0/Microsoft.AspNetCore.Http.Connections.Common.dll /reference:/usr/share/dotnet/packs/Microsoft.AspNetCore.App.Ref/8.0.21/ref/net8.0/Microsoft.AspNetCore.Http.Connections.dll /reference:/usr/share/dotnet/packs/Microsoft.AspNetCore.App.Ref/8.0.21/ref/net8.0/Microsoft.AspNetCore.Http.dll /reference:/usr/share/dotnet/packs/Microsoft.AspNetCore.App.Ref/8.0.21/ref/net8.0/Microsoft.AspNetCore.Http.Extensions.dll /reference:/usr/share/dotnet/packs/Microsoft.AspNetCore.App.Ref/8.0.21/ref/net8.0/Microsoft.AspNetCore.Http.Features.dll /reference:/usr/share/dotnet/packs/Microsoft.AspNetCore.App.Ref/8.0.21/ref/net8.0/Microsoft.AspNetCore.Http.Results.dll /reference:/usr/share/dotnet/packs/Microsoft.AspNetCore.App.Ref/8.0.21/ref/net8.0/Microsoft.AspNetCore.HttpLogging.dll /reference:/usr/share/dotnet/packs/Microsoft.AspNetCore.App.Ref/8.0.21/ref/net8.0/Microsoft.AspNetCore.HttpOverrides.dll /reference:/usr/share/dotnet/packs/Microsoft.AspNetCore.App.Ref/8.0.21/ref/net8.0/Microsoft.AspNetCore.HttpsPolicy.dll /reference:/usr/share/dotnet/packs/Microsoft.AspNetCore.App.Ref/8.0.21/ref/net8.0/Microsoft.AspNetCore.Identity.dll /reference:/usr/share/dotnet/packs/Microsoft.AspNetCore.App.Ref/8.0.21/ref/net8.0/Microsoft.AspNetCore.Localization.dll /reference:/usr/share/dotnet/packs/Microsoft.AspNetCore.App.Ref/8.0.21/ref/net8.0/Microsoft.AspNetCore.Localization.Routing.dll /reference:/usr/share/dotnet/packs/Microsoft.AspNetCore.App.Ref/8.0.21/ref/net8.0/Microsoft.AspNetCore.Metadata.dll /reference:/usr/share/dotnet/packs/Microsoft.AspNetCore.App.Ref/8.0.21/ref/net8.0/Microsoft.AspNetCore.Mvc.Abstractions.dll /reference:/usr/share/dotnet/packs/Microsoft.AspNetCore.App.Ref/8.0.21/ref/net8.0/Microsoft.AspNetCore.Mvc.ApiExplorer.dll /reference:/usr/share/dotnet/packs/Microsoft.AspNetCore.App.Ref/8.0.21/ref/net8.0/Microsoft.AspNetCore.Mvc.Core.dll /reference:/usr/share/dotnet/packs/Microsoft.AspNetCore.App.Ref/8.0.21/ref/net8.0/Microsoft.AspNetCore.Mvc.Cors.dll /reference:/usr/share/dotnet/packs/Microsoft.AspNetCore.App.Ref/8.0.21/ref/net8.0/Microsoft.AspNetCore.Mvc.DataAnnotations.dll /reference:/usr/share/dotnet/packs/Microsoft.AspNetCore.App.Ref/8.0.21/ref/net8.0/Microsoft.AspNetCore.Mvc.dll /reference:/usr/share/dotnet/packs/Microsoft.AspNetCore.App.Ref/8.0.21/ref/net8.0/Microsoft.AspNetCore.Mvc.Formatters.Json.dll /reference:/usr/share/dotnet/packs/Microsoft.AspNetCore.App.Ref/8.0.21/ref/net8.0/Microsoft.AspNetCore.Mvc.Formatters.Xml.dll /reference:/usr/share/dotnet/packs/Microsoft.AspNetCore.App.Ref/8.0.21/ref/net8.0/Microsoft.AspNetCore.Mvc.Localization.dll /reference:/usr/share/dotnet/packs/Microsoft.AspNetCore.App.Ref/8.0.21/ref/net8.0/Microsoft.AspNetCore.Mvc.Razor.dll /reference:/usr/share/dotnet/packs/Microsoft.AspNetCore.App.Ref/8.0.21/ref/net8.0/Microsoft.AspNetCore.Mvc.RazorPages.dll /reference:/usr/share/dotnet/packs/Microsoft.AspNetCore.App.Ref/8.0.21/ref/net8.0/Microsoft.AspNetCore.Mvc.TagHelpers.dll /reference:/usr/share/dotnet/packs/Microsoft.AspNetCore.App.Ref/8.0.21/ref/net8.0/Microsoft.AspNetCore.Mvc.ViewFeatures.dll /reference:/usr/share/dotnet/packs/Microsoft.AspNetCore.App.Ref/8.0.21/ref/net8.0/Microsoft.AspNetCore.OutputCaching.dll /reference:/usr/share/dotnet/packs/Microsoft.AspNetCore.App.Ref/8.0.21/ref/net8.0/Microsoft.AspNetCore.RateLimiting.dll /reference:/usr/share/dotnet/packs/Microsoft.AspNetCore.App.Ref/8.0.21/ref/net8.0/Microsoft.AspNetCore.Razor.dll /reference:/usr/share/dotnet/packs/Microsoft.AspNetCore.App.Ref/8.0.21/ref/net8.0/Microsoft.AspNetCore.Razor.Runtime.dll /reference:/usr/share/dotnet/packs/Microsoft.AspNetCore.App.Ref/8.0.21/ref/net8.0/Microsoft.AspNetCore.RequestDecompression.dll /reference:/usr/share/dotnet/packs/Microsoft.AspNetCore.App.Ref/8.0.21/ref/net8.0/Microsoft.AspNetCore.ResponseCaching.Abstractions.dll /reference:/usr/share/dotnet/packs/Microsoft.AspNetCore.App.Ref/8.0.21/ref/net8.0/Microsoft.AspNetCore.ResponseCaching.dll /reference:/usr/share/dotnet/packs/Microsoft.AspNetCore.App.Ref/8.0.21/ref/net8.0/Microsoft.AspNetCore.ResponseCompression.dll /reference:/usr/share/dotnet/packs/Microsoft.AspNetCore.App.Ref/8.0.21/ref/net8.0/Microsoft.AspNetCore.Rewrite.dll /reference:/usr/share/dotnet/packs/Microsoft.AspNetCore.App.Ref/8.0.21/ref/net8.0/Microsoft.AspNetCore.Routing.Abstractions.dll /reference:/usr/share/dotnet/packs/Microsoft.AspNetCore.App.Ref/8.0.21/ref/net8.0/Microsoft.AspNetCore.Routing.dll /reference:/usr/share/dotnet/packs/Microsoft.AspNetCore.App.Ref/8.0.21/ref/net8.0/Microsoft.AspNetCore.Server.HttpSys.dll /reference:/usr/share/dotnet/packs/Microsoft.AspNetCore.App.Ref/8.0.21/ref/net8.0/Microsoft.AspNetCore.Server.IIS.dll /reference:/usr/share/dotnet/packs/Microsoft.AspNetCore.App.Ref/8.0.21/ref/net8.0/Microsoft.AspNetCore.Server.IISIntegration.dll /reference:/usr/share/dotnet/packs/Microsoft.AspNetCore.App.Ref/8.0.21/ref/net8.0/Microsoft.AspNetCore.Server.Kestrel.Core.dll /reference:/usr/share/dotnet/packs/Microsoft.AspNetCore.App.Ref/8.0.21/ref/net8.0/Microsoft.AspNetCore.Server.Kestrel.dll /reference:/usr/share/dotnet/packs/Microsoft.AspNetCore.App.Ref/8.0.21/ref/net8.0/Microsoft.AspNetCore.Server.Kestrel.Transport.NamedPipes.dll /reference:/usr/share/dotnet/packs/Microsoft.AspNetCore.App.Ref/8.0.21/ref/net8.0/Microsoft.AspNetCore.Server.Kestrel.Transport.Quic.dll /reference:/usr/share/dotnet/packs/Microsoft.AspNetCore.App.Ref/8.0.21/ref/net8.0/Microsoft.AspNetCore.Server.Kestrel.Transport.Sockets.dll /reference:/usr/share/dotnet/packs/Microsoft.AspNetCore.App.Ref/8.0.21/ref/net8.0/Microsoft.AspNetCore.Session.dll /reference:/usr/share/dotnet/packs/Microsoft.AspNetCore.App.Ref/8.0.21/ref/net8.0/Microsoft.AspNetCore.SignalR.Common.dll /reference:/usr/share/dotnet/packs/Microsoft.AspNetCore.App.Ref/8.0.21/ref/net8.0/Microsoft.AspNetCore.SignalR.Core.dll /reference:/usr/share/dotnet/packs/Microsoft.AspNetCore.App.Ref/8.0.21/ref/net8.0/Microsoft.AspNetCore.SignalR.dll /reference:/usr/share/dotnet/packs/Microsoft.AspNetCore.App.Ref/8.0.21/ref/net8.0/Microsoft.AspNetCore.SignalR.Protocols.Json.dll /reference:/usr/share/dotnet/packs/Microsoft.AspNetCore.App.Ref/8.0.21/ref/net8.0/Microsoft.AspNetCore.StaticFiles.dll /reference:/usr/share/dotnet/packs/Microsoft.AspNetCore.App.Ref/8.0.21/ref/net8.0/Microsoft.AspNetCore.WebSockets.dll /reference:/usr/share/dotnet/packs/Microsoft.AspNetCore.App.Ref/8.0.21/ref/net8.0/Microsoft.AspNetCore.WebUtilities.dll /reference:/usr/share/dotnet/packs/Microsoft.NETCore.App.Ref/8.0.21/ref/net8.0/Microsoft.CSharp.dll /reference:/usr/share/dotnet/packs/Microsoft.AspNetCore.App.Ref/8.0.21/ref/net8.0/Microsoft.Extensions.Caching.Abstractions.dll /reference:/usr/share/dotnet/packs/Microsoft.AspNetCore.App.Ref/8.0.21/ref/net8.0/Microsoft.Extensions.Caching.Memory.dll /reference:/usr/share/dotnet/packs/Microsoft.AspNetCore.App.Ref/8.0.21/ref/net8.0/Microsoft.Extensions.Configuration.Abstractions.dll /reference:/usr/share/dotnet/packs/Microsoft.AspNetCore.App.Ref/8.0.21/ref/net8.0/Microsoft.Extensions.Configuration.Binder.dll /reference:/usr/share/dotnet/packs/Microsoft.AspNetCore.App.Ref/8.0.21/ref/net8.0/Microsoft.Extensions.Configuration.CommandLine.dll /reference:/usr/share/dotnet/packs/Microsoft.AspNetCore.App.Ref/8.0.21/ref/net8.0/Microsoft.Extensions.Configuration.dll /reference:/usr/share/dotnet/packs/Microsoft.AspNetCore.App.Ref/8.0.21/ref/net8.0/Microsoft.Extensions.Configuration.EnvironmentVariables.dll /reference:/usr/share/dotnet/packs/Microsoft.AspNetCore.App.Ref/8.0.21/ref/net8.0/Microsoft.Extensions.Configuration.FileExtensions.dll /reference:/usr/share/dotnet/packs/Microsoft.AspNetCore.App.Ref/8.0.21/ref/net8.0/Microsoft.Extensions.Configuration.Ini.dll /reference:/usr/share/dotnet/packs/Microsoft.AspNetCore.App.Ref/8.0.21/ref/net8.0/Microsoft.Extensions.Configuration.Json.dll /reference:/usr/share/dotnet/packs/Microsoft.AspNetCore.App.Ref/8.0.21/ref/net8.0/Microsoft.Extensions.Configuration.KeyPerFile.dll /reference:/usr/share/dotnet/packs/Microsoft.AspNetCore.App.Ref/8.0.21/ref/net8.0/Microsoft.Extensions.Configuration.UserSecrets.dll /reference:/usr/share/dotnet/packs/Microsoft.AspNetCore.App.Ref/8.0.21/ref/net8.0/Microsoft.Extensions.Configuration.Xml.dll /reference:/usr/share/dotnet/packs/Microsoft.AspNetCore.App.Ref/8.0.21/ref/net8.0/Microsoft.Extensions.DependencyInjection.Abstractions.dll /reference:/usr/share/dotnet/packs/Microsoft.AspNetCore.App.Ref/8.0.21/ref/net8.0/Microsoft.Extensions.DependencyInjection.dll /reference:/usr/share/dotnet/packs/Microsoft.AspNetCore.App.Ref/8.0.21/ref/net8.0/Microsoft.Extensions.Diagnostics.Abstractions.dll /reference:/usr/share/dotnet/packs/Microsoft.AspNetCore.App.Ref/8.0.21/ref/net8.0/Microsoft.Extensions.Diagnostics.dll /reference:/usr/share/dotnet/packs/Microsoft.AspNetCore.App.Ref/8.0.21/ref/net8.0/Microsoft.Extensions.Diagnostics.HealthChecks.Abstractions.dll /reference:/usr/share/dotnet/packs/Microsoft.AspNetCore.App.Ref/8.0.21/ref/net8.0/Microsoft.Extensions.Diagnostics.HealthChecks.dll /reference:/usr/share/dotnet/packs/Microsoft.AspNetCore.App.Ref/8.0.21/ref/net8.0/Microsoft.Extensions.Features.dll /reference:/usr/share/dotnet/packs/Microsoft.AspNetCore.App.Ref/8.0.21/ref/net8.0/Microsoft.Extensions.FileProviders.Abstractions.dll /reference:/usr/share/dotnet/packs/Microsoft.AspNetCore.App.Ref/8.0.21/ref/net8.0/Microsoft.Extensions.FileProviders.Composite.dll /reference:/usr/share/dotnet/packs/Microsoft.AspNetCore.App.Ref/8.0.21/ref/net8.0/Microsoft.Extensions.FileProviders.Embedded.dll /reference:/usr/share/dotnet/packs/Microsoft.AspNetCore.App.Ref/8.0.21/ref/net8.0/Microsoft.Extensions.FileProviders.Physical.dll /reference:/usr/share/dotnet/packs/Microsoft.AspNetCore.App.Ref/8.0.21/ref/net8.0/Microsoft.Extensions.FileSystemGlobbing.dll /reference:/usr/share/dotnet/packs/Microsoft.AspNetCore.App.Ref/8.0.21/ref/net8.0/Microsoft.Extensions.Hosting.Abstractions.dll /reference:/usr/share/dotnet/packs/Microsoft.AspNetCore.App.Ref/8.0.21/ref/net8.0/Microsoft.Extensions.Hosting.dll /reference:/usr/share/dotnet/packs/Microsoft.AspNetCore.App.Ref/8.0.21/ref/net8.0/Microsoft.Extensions.Http.dll /reference:/usr/share/dotnet/packs/Microsoft.AspNetCore.App.Ref/8.0.21/ref/net8.0/Microsoft.Extensions.Identity.Core.dll /reference:/usr/share/dotnet/packs/Microsoft.AspNetCore.App.Ref/8.0.21/ref/net8.0/Microsoft.Extensions.Identity.Stores.dll /reference:/usr/share/dotnet/packs/Microsoft.AspNetCore.App.Ref/8.0.21/ref/net8.0/Microsoft.Extensions.Localization.Abstractions.dll /reference:/usr/share/dotnet/packs/Microsoft.AspNetCore.App.Ref/8.0.21/ref/net8.0/Microsoft.Extensions.Localization.dll /reference:/usr/share/dotnet/packs/Microsoft.AspNetCore.App.Ref/8.0.21/ref/net8.0/Microsoft.Extensions.Logging.Abstractions.dll /reference:/usr/share/dotnet/packs/Microsoft.AspNetCore.App.Ref/8.0.21/ref/net8.0/Microsoft.Extensions.Logging.Configuration.dll /reference:/usr/share/dotnet/packs/Microsoft.AspNetCore.App.Ref/8.0.21/ref/net8.0/Microsoft.Extensions.Logging.Console.dll /reference:/usr/share/dotnet/packs/Microsoft.AspNetCore.App.Ref/8.0.21/ref/net8.0/Microsoft.Extensions.Logging.Debug.dll /reference:/usr/share/dotnet/packs/Microsoft.AspNetCore.App.Ref/8.0.21/ref/net8.0/Microsoft.Extensions.Logging.dll /reference:/usr/share/dotnet/packs/Microsoft.AspNetCore.App.Ref/8.0.21/ref/net8.0/Microsoft.Extensions.Logging.EventLog.dll /reference:/usr/share/dotnet/packs/Microsoft.AspNetCore.App.Ref/8.0.21/ref/net8.0/Microsoft.Extensions.Logging.EventSource.dll /reference:/usr/share/dotnet/packs/Microsoft.AspNetCore.App.Ref/8.0.21/ref/net8.0/Microsoft.Extensions.Logging.TraceSource.dll /reference:/usr/share/dotnet/packs/Microsoft.AspNetCore.App.Ref/8.0.21/ref/net8.0/Microsoft.Extensions.ObjectPool.dll /reference:/usr/share/dotnet/packs/Microsoft.AspNetCore.App.Ref/8.0.21/ref/net8.0/Microsoft.Extensions.Options.ConfigurationExtensions.dll /reference:/usr/share/dotnet/packs/Microsoft.AspNetCore.App.Ref/8.0.21/ref/net8.0/Microsoft.Extensions.Options.DataAnnotations.dll /reference:/usr/share/dotnet/packs/Microsoft.AspNetCore.App.Ref/8.0.21/ref/net8.0/Microsoft.Extensions.Options.dll /reference:/usr/share/dotnet/packs/Microsoft.AspNetCore.App.Ref/8.0.21/ref/net8.0/Microsoft.Extensions.Primitives.dll /reference:/usr/share/dotnet/packs/Microsoft.AspNetCore.App.Ref/8.0.21/ref/net8.0/Microsoft.Extensions.WebEncoders.dll /reference:/usr/share/dotnet/packs/Microsoft.AspNetCore.App.Ref/8.0.21/ref/net8.0/Microsoft.JSInterop.dll /reference:/usr/share/dotnet/packs/Microsoft.AspNetCore.App.Ref/8.0.21/ref/net8.0/Microsoft.Net.Http.Headers.dll /reference:/usr/share/dotnet/packs/Microsoft.NETCore.App.Ref/8.0.21/ref/net8.0/Microsoft.VisualBasic.Core.dll /reference:/usr/share/dotnet/packs/Microsoft.NETCore.App.Ref/8.0.21/ref/net8.0/Microsoft.VisualBasic.dll /reference:/usr/share/dotnet/packs/Microsoft.NETCore.App.Ref/8.0.21/ref/net8.0/Microsoft.Win32.Primitives.dll /reference:/usr/share/dotnet/packs/Microsoft.NETCore.App.Ref/8.0.21/ref/net8.0/Microsoft.Win32.Registry.dll /reference:/usr/share/dotnet/packs/Microsoft.NETCore.App.Ref/8.0.21/ref/net8.0/mscorlib.dll /reference:/usr/share/dotnet/packs/Microsoft.NETCore.App.Ref/8.0.21/ref/net8.0/netstandard.dll /reference:/home/saidul/.nuget/packages/newtonsoft.json/13.0.3/lib/net6.0/Newtonsoft.Json.dll /reference:/home/saidul/.nuget/packages/opcfoundation.netstandard.opc.ua.bindings.https/1.5.374.54/lib/net8.0/Opc.Ua.Bindings.Https.dll /reference:/home/saidul/.nuget/packages/opcfoundation.netstandard.opc.ua.client/1.5.374.54/lib/net8.0/Opc.Ua.Client.dll /reference:/home/saidul/.nuget/packages/opcfoundation.netstandard.opc.ua.configuration/1.5.374.54/lib/net8.0/Opc.Ua.Configuration.dll /reference:/home/saidul/.nuget/packages/opcfoundation.netstandard.opc.ua.core/1.5.374.54/lib/net8.0/Opc.Ua.Core.dll /reference:/home/saidul/.nuget/packages/opcfoundation.netstandard.opc.ua.gds.client.common/1.5.374.54/lib/net8.0/Opc.Ua.Gds.Client.Common.dll /reference:/home/saidul/.nuget/packages/opcfoundation.netstandard.opc.ua.gds.server.common/1.5.374.54/lib/net8.0/Opc.Ua.Gds.Server.Common.dll /reference:/home/saidul/.nuget/packages/opcfoundation.netstandard.opc.ua.security.certificates/1.5.374.54/lib/net8.0/Opc.Ua.Security.Certificates.dll /reference:/home/saidul/.nuget/packages/opcfoundation.netstandard.opc.ua.server/1.5.374.54/lib/net8.0/Opc.Ua.Server.dll /reference:/home/saidul/.nuget/packages/polly.core/8.2.0/lib/net8.0/Polly.Core.dll /reference:/home/saidul/.nuget/packages/polly/8.2.0/lib/net6.0/Polly.dll /reference:/home/saidul/.nuget/packages/serilog/3.1.1/lib/net7.0/Serilog.dll /reference:/usr/share/dotnet/packs/Microsoft.NETCore.App.Ref/8.0.21/ref/net8.0/System.AppContext.dll /reference:/usr/share/dotnet/packs/Microsoft.NETCore.App.Ref/8.0.21/ref/net8.0/System.Buffers.dll /reference:/usr/share/dotnet/packs/Microsoft.NETCore.App.Ref/8.0.21/ref/net8.0/System.Collections.Concurrent.dll /reference:/usr/share/dotnet/packs/Microsoft.NETCore.App.Ref/8.0.21/ref/net8.0/System.Collections.dll /reference:/usr/share/dotnet/packs/Microsoft.NETCore.App.Ref/8.0.21/ref/net8.0/System.Collections.Immutable.dll /reference:/usr/share/dotnet/packs/Microsoft.NETCore.App.Ref/8.0.21/ref/net8.0/System.Collections.NonGeneric.dll /reference:/usr/share/dotnet/packs/Microsoft.NETCore.App.Ref/8.0.21/ref/net8.0/System.Collections.Specialized.dll /reference:/usr/share/dotnet/packs/Microsoft.NETCore.App.Ref/8.0.21/ref/net8.0/System.ComponentModel.Annotations.dll /reference:/usr/share/dotnet/packs/Microsoft.NETCore.App.Ref/8.0.21/ref/net8.0/System.ComponentModel.DataAnnotations.dll /reference:/usr/share/dotnet/packs/Microsoft.NETCore.App.Ref/8.0.21/ref/net8.0/System.ComponentModel.dll /reference:/usr/share/dotnet/packs/Microsoft.NETCore.App.Ref/8.0.21/ref/net8.0/System.ComponentModel.EventBasedAsync.dll /reference:/usr/share/dotnet/packs/Microsoft.NETCore.App.Ref/8.0.21/ref/net8.0/System.ComponentModel.Primitives.dll /reference:/usr/share/dotnet/packs/Microsoft.NETCore.App.Ref/8.0.21/ref/net8.0/System.ComponentModel.TypeConverter.dll /reference:/usr/share/dotnet/packs/Microsoft.NETCore.App.Ref/8.0.21/ref/net8.0/System.Configuration.dll /reference:/usr/share/dotnet/packs/Microsoft.NETCore.App.Ref/8.0.21/ref/net8.0/System.Console.dll /reference:/usr/share/dotnet/packs/Microsoft.NETCore.App.Ref/8.0.21/ref/net8.0/System.Core.dll /reference:/usr/share/dotnet/packs/Microsoft.NETCore.App.Ref/8.0.21/ref/net8.0/System.Data.Common.dll /reference:/usr/share/dotnet/packs/Microsoft.NETCore.App.Ref/8.0.21/ref/net8.0/System.Data.DataSetExtensions.dll /reference:/usr/share/dotnet/packs/Microsoft.NETCore.App.Ref/8.0.21/ref/net8.0/System.Data.dll /reference:/usr/share/dotnet/packs/Microsoft.NETCore.App.Ref/8.0.21/ref/net8.0/System.Diagnostics.Contracts.dll /reference:/usr/share/dotnet/packs/Microsoft.NETCore.App.Ref/8.0.21/ref/net8.0/System.Diagnostics.Debug.dll /reference:/usr/share/dotnet/packs/Microsoft.NETCore.App.Ref/8.0.21/ref/net8.0/System.Diagnostics.DiagnosticSource.dll /reference:/usr/share/dotnet/packs/Microsoft.AspNetCore.App.Ref/8.0.21/ref/net8.0/System.Diagnostics.EventLog.dll /reference:/usr/share/dotnet/packs/Microsoft.NETCore.App.Ref/8.0.21/ref/net8.0/System.Diagnostics.FileVersionInfo.dll /reference:/usr/share/dotnet/packs/Microsoft.NETCore.App.Ref/8.0.21/ref/net8.0/System.Diagnostics.Process.dll /reference:/usr/share/dotnet/packs/Microsoft.NETCore.App.Ref/8.0.21/ref/net8.0/System.Diagnostics.StackTrace.dll /reference:/usr/share/dotnet/packs/Microsoft.NETCore.App.Ref/8.0.21/ref/net8.0/System.Diagnostics.TextWriterTraceListener.dll /reference:/usr/share/dotnet/packs/Microsoft.NETCore.App.Ref/8.0.21/ref/net8.0/System.Diagnostics.Tools.dll /reference:/usr/share/dotnet/packs/Microsoft.NETCore.App.Ref/8.0.21/ref/net8.0/System.Diagnostics.TraceSource.dll /reference:/usr/share/dotnet/packs/Microsoft.NETCore.App.Ref/8.0.21/ref/net8.0/System.Diagnostics.Tracing.dll /reference:/usr/share/dotnet/packs/Microsoft.NETCore.App.Ref/8.0.21/ref/net8.0/System.dll /reference:/usr/share/dotnet/packs/Microsoft.NETCore.App.Ref/8.0.21/ref/net8.0/System.Drawing.dll /reference:/usr/share/dotnet/packs/Microsoft.NETCore.App.Ref/8.0.21/ref/net8.0/System.Drawing.Primitives.dll /reference:/usr/share/dotnet/packs/Microsoft.NETCore.App.Ref/8.0.21/ref/net8.0/System.Dynamic.Runtime.dll /reference:/usr/share/dotnet/packs/Microsoft.NETCore.App.Ref/8.0.21/ref/net8.0/System.Formats.Asn1.dll /reference:/usr/share/dotnet/packs/Microsoft.NETCore.App.Ref/8.0.21/ref/net8.0/System.Formats.Tar.dll /reference:/usr/share/dotnet/packs/Microsoft.NETCore.App.Ref/8.0.21/ref/net8.0/System.Globalization.Calendars.dll /reference:/usr/share/dotnet/packs/Microsoft.NETCore.App.Ref/8.0.21/ref/net8.0/System.Globalization.dll /reference:/usr/share/dotnet/packs/Microsoft.NETCore.App.Ref/8.0.21/ref/net8.0/System.Globalization.Extensions.dll /reference:/usr/share/dotnet/packs/Microsoft.NETCore.App.Ref/8.0.21/ref/net8.0/System.IO.Compression.Brotli.dll /reference:/usr/share/dotnet/packs/Microsoft.NETCore.App.Ref/8.0.21/ref/net8.0/System.IO.Compression.dll /reference:/usr/share/dotnet/packs/Microsoft.NETCore.App.Ref/8.0.21/ref/net8.0/System.IO.Compression.FileSystem.dll /reference:/usr/share/dotnet/packs/Microsoft.NETCore.App.Ref/8.0.21/ref/net8.0/System.IO.Compression.ZipFile.dll /reference:/usr/share/dotnet/packs/Microsoft.NETCore.App.Ref/8.0.21/ref/net8.0/System.IO.dll /reference:/usr/share/dotnet/packs/Microsoft.NETCore.App.Ref/8.0.21/ref/net8.0/System.IO.FileSystem.AccessControl.dll /reference:/usr/share/dotnet/packs/Microsoft.NETCore.App.Ref/8.0.21/ref/net8.0/System.IO.FileSystem.dll /reference:/usr/share/dotnet/packs/Microsoft.NETCore.App.Ref/8.0.21/ref/net8.0/System.IO.FileSystem.DriveInfo.dll /reference:/usr/share/dotnet/packs/Microsoft.NETCore.App.Ref/8.0.21/ref/net8.0/System.IO.FileSystem.Primitives.dll /reference:/usr/share/dotnet/packs/Microsoft.NETCore.App.Ref/8.0.21/ref/net8.0/System.IO.FileSystem.Watcher.dll /reference:/usr/share/dotnet/packs/Microsoft.NETCore.App.Ref/8.0.21/ref/net8.0/System.IO.IsolatedStorage.dll /reference:/usr/share/dotnet/packs/Microsoft.NETCore.App.Ref/8.0.21/ref/net8.0/System.IO.MemoryMappedFiles.dll /reference:/usr/share/dotnet/packs/Microsoft.AspNetCore.App.Ref/8.0.21/ref/net8.0/System.IO.Pipelines.dll /reference:/usr/share/dotnet/packs/Microsoft.NETCore.App.Ref/8.0.21/ref/net8.0/System.IO.Pipes.AccessControl.dll /reference:/usr/share/dotnet/packs/Microsoft.NETCore.App.Ref/8.0.21/ref/net8.0/System.IO.Pipes.dll /reference:/usr/share/dotnet/packs/Microsoft.NETCore.App.Ref/8.0.21/ref/net8.0/System.IO.UnmanagedMemoryStream.dll /reference:/usr/share/dotnet/packs/Microsoft.NETCore.App.Ref/8.0.21/ref/net8.0/System.Linq.dll /reference:/usr/share/dotnet/packs/Microsoft.NETCore.App.Ref/8.0.21/ref/net8.0/System.Linq.Expressions.dll /reference:/usr/share/dotnet/packs/Microsoft.NETCore.App.Ref/8.0.21/ref/net8.0/System.Linq.Parallel.dll /reference:/usr/share/dotnet/packs/Microsoft.NETCore.App.Ref/8.0.21/ref/net8.0/System.Linq.Queryable.dll /reference:/usr/share/dotnet/packs/Microsoft.NETCore.App.Ref/8.0.21/ref/net8.0/System.Memory.dll /reference:/usr/share/dotnet/packs/Microsoft.NETCore.App.Ref/8.0.21/ref/net8.0/System.Net.dll /reference:/usr/share/dotnet/packs/Microsoft.NETCore.App.Ref/8.0.21/ref/net8.0/System.Net.Http.dll /reference:/usr/share/dotnet/packs/Microsoft.NETCore.App.Ref/8.0.21/ref/net8.0/System.Net.Http.Json.dll /reference:/usr/share/dotnet/packs/Microsoft.NETCore.App.Ref/8.0.21/ref/net8.0/System.Net.HttpListener.dll /reference:/usr/share/dotnet/packs/Microsoft.NETCore.App.Ref/8.0.21/ref/net8.0/System.Net.Mail.dll /reference:/usr/share/dotnet/packs/Microsoft.NETCore.App.Ref/8.0.21/ref/net8.0/System.Net.NameResolution.dll /reference:/usr/share/dotnet/packs/Microsoft.NETCore.App.Ref/8.0.21/ref/net8.0/System.Net.NetworkInformation.dll /reference:/usr/share/dotnet/packs/Microsoft.NETCore.App.Ref/8.0.21/ref/net8.0/System.Net.Ping.dll /reference:/usr/share/dotnet/packs/Microsoft.NETCore.App.Ref/8.0.21/ref/net8.0/System.Net.Primitives.dll /reference:/usr/share/dotnet/packs/Microsoft.NETCore.App.Ref/8.0.21/ref/net8.0/System.Net.Quic.dll /reference:/usr/share/dotnet/packs/Microsoft.NETCore.App.Ref/8.0.21/ref/net8.0/System.Net.Requests.dll /reference:/usr/share/dotnet/packs/Microsoft.NETCore.App.Ref/8.0.21/ref/net8.0/System.Net.Security.dll /reference:/usr/share/dotnet/packs/Microsoft.NETCore.App.Ref/8.0.21/ref/net8.0/System.Net.ServicePoint.dll /reference:/usr/share/dotnet/packs/Microsoft.NETCore.App.Ref/8.0.21/ref/net8.0/System.Net.Sockets.dll /reference:/usr/share/dotnet/packs/Microsoft.NETCore.App.Ref/8.0.21/ref/net8.0/System.Net.WebClient.dll /reference:/usr/share/dotnet/packs/Microsoft.NETCore.App.Ref/8.0.21/ref/net8.0/System.Net.WebHeaderCollection.dll /reference:/usr/share/dotnet/packs/Microsoft.NETCore.App.Ref/8.0.21/ref/net8.0/System.Net.WebProxy.dll /reference:/usr/share/dotnet/packs/Microsoft.NETCore.App.Ref/8.0.21/ref/net8.0/System.Net.WebSockets.Client.dll /reference:/usr/share/dotnet/packs/Microsoft.NETCore.App.Ref/8.0.21/ref/net8.0/System.Net.WebSockets.dll /reference:/usr/share/dotnet/packs/Microsoft.NETCore.App.Ref/8.0.21/ref/net8.0/System.Numerics.dll /reference:/usr/share/dotnet/packs/Microsoft.NETCore.App.Ref/8.0.21/ref/net8.0/System.Numerics.Vectors.dll /reference:/usr/share/dotnet/packs/Microsoft.NETCore.App.Ref/8.0.21/ref/net8.0/System.ObjectModel.dll /reference:/usr/share/dotnet/packs/Microsoft.NETCore.App.Ref/8.0.21/ref/net8.0/System.Reflection.DispatchProxy.dll /reference:/usr/share/dotnet/packs/Microsoft.NETCore.App.Ref/8.0.21/ref/net8.0/System.Reflection.dll /reference:/usr/share/dotnet/packs/Microsoft.NETCore.App.Ref/8.0.21/ref/net8.0/System.Reflection.Emit.dll /reference:/usr/share/dotnet/packs/Microsoft.NETCore.App.Ref/8.0.21/ref/net8.0/System.Reflection.Emit.ILGeneration.dll /reference:/usr/share/dotnet/packs/Microsoft.NETCore.App.Ref/8.0.21/ref/net8.0/System.Reflection.Emit.Lightweight.dll /reference:/usr/share/dotnet/packs/Microsoft.NETCore.App.Ref/8.0.21/ref/net8.0/System.Reflection.Extensions.dll /reference:/usr/share/dotnet/packs/Microsoft.NETCore.App.Ref/8.0.21/ref/net8.0/System.Reflection.Metadata.dll /reference:/usr/share/dotnet/packs/Microsoft.NETCore.App.Ref/8.0.21/ref/net8.0/System.Reflection.Primitives.dll /reference:/usr/share/dotnet/packs/Microsoft.NETCore.App.Ref/8.0.21/ref/net8.0/System.Reflection.TypeExtensions.dll /reference:/usr/share/dotnet/packs/Microsoft.NETCore.App.Ref/8.0.21/ref/net8.0/System.Resources.Reader.dll /reference:/usr/share/dotnet/packs/Microsoft.NETCore.App.Ref/8.0.21/ref/net8.0/System.Resources.ResourceManager.dll /reference:/usr/share/dotnet/packs/Microsoft.NETCore.App.Ref/8.0.21/ref/net8.0/System.Resources.Writer.dll /reference:/usr/share/dotnet/packs/Microsoft.NETCore.App.Ref/8.0.21/ref/net8.0/System.Runtime.CompilerServices.Unsafe.dll /reference:/usr/share/dotnet/packs/Microsoft.NETCore.App.Ref/8.0.21/ref/net8.0/System.Runtime.CompilerServices.VisualC.dll /reference:/usr/share/dotnet/packs/Microsoft.NETCore.App.Ref/8.0.21/ref/net8.0/System.Runtime.dll /reference:/usr/share/dotnet/packs/Microsoft.NETCore.App.Ref/8.0.21/ref/net8.0/System.Runtime.Extensions.dll /reference:/usr/share/dotnet/packs/Microsoft.NETCore.App.Ref/8.0.21/ref/net8.0/System.Runtime.Handles.dll /reference:/usr/share/dotnet/packs/Microsoft.NETCore.App.Ref/8.0.21/ref/net8.0/System.Runtime.InteropServices.dll /reference:/usr/share/dotnet/packs/Microsoft.NETCore.App.Ref/8.0.21/ref/net8.0/System.Runtime.InteropServices.JavaScript.dll /reference:/usr/share/dotnet/packs/Microsoft.NETCore.App.Ref/8.0.21/ref/net8.0/System.Runtime.InteropServices.RuntimeInformation.dll /reference:/usr/share/dotnet/packs/Microsoft.NETCore.App.Ref/8.0.21/ref/net8.0/System.Runtime.Intrinsics.dll /reference:/usr/share/dotnet/packs/Microsoft.NETCore.App.Ref/8.0.21/ref/net8.0/System.Runtime.Loader.dll /reference:/usr/share/dotnet/packs/Microsoft.NETCore.App.Ref/8.0.21/ref/net8.0/System.Runtime.Numerics.dll /reference:/usr/share/dotnet/packs/Microsoft.NETCore.App.Ref/8.0.21/ref/net8.0/System.Runtime.Serialization.dll /reference:/usr/share/dotnet/packs/Microsoft.NETCore.App.Ref/8.0.21/ref/net8.0/System.Runtime.Serialization.Formatters.dll /reference:/usr/share/dotnet/packs/Microsoft.NETCore.App.Ref/8.0.21/ref/net8.0/System.Runtime.Serialization.Json.dll /reference:/usr/share/dotnet/packs/Microsoft.NETCore.App.Ref/8.0.21/ref/net8.0/System.Runtime.Serialization.Primitives.dll /reference:/usr/share/dotnet/packs/Microsoft.NETCore.App.Ref/8.0.21/ref/net8.0/System.Runtime.Serialization.Xml.dll /reference:/usr/share/dotnet/packs/Microsoft.NETCore.App.Ref/8.0.21/ref/net8.0/System.Security.AccessControl.dll /reference:/usr/share/dotnet/packs/Microsoft.NETCore.App.Ref/8.0.21/ref/net8.0/System.Security.Claims.dll /reference:/usr/share/dotnet/packs/Microsoft.NETCore.App.Ref/8.0.21/ref/net8.0/System.Security.Cryptography.Algorithms.dll /reference:/usr/share/dotnet/packs/Microsoft.NETCore.App.Ref/8.0.21/ref/net8.0/System.Security.Cryptography.Cng.dll /reference:/usr/share/dotnet/packs/Microsoft.NETCore.App.Ref/8.0.21/ref/net8.0/System.Security.Cryptography.Csp.dll /reference:/usr/share/dotnet/packs/Microsoft.NETCore.App.Ref/8.0.21/ref/net8.0/System.Security.Cryptography.dll /reference:/usr/share/dotnet/packs/Microsoft.NETCore.App.Ref/8.0.21/ref/net8.0/System.Security.Cryptography.Encoding.dll /reference:/usr/share/dotnet/packs/Microsoft.NETCore.App.Ref/8.0.21/ref/net8.0/System.Security.Cryptography.OpenSsl.dll /reference:/usr/share/dotnet/packs/Microsoft.NETCore.App.Ref/8.0.21/ref/net8.0/System.Security.Cryptography.Primitives.dll /reference:/usr/share/dotnet/packs/Microsoft.NETCore.App.Ref/8.0.21/ref/net8.0/System.Security.Cryptography.X509Certificates.dll /reference:/usr/share/dotnet/packs/Microsoft.AspNetCore.App.Ref/8.0.21/ref/net8.0/System.Security.Cryptography.Xml.dll /reference:/usr/share/dotnet/packs/Microsoft.NETCore.App.Ref/8.0.21/ref/net8.0/System.Security.dll /reference:/usr/share/dotnet/packs/Microsoft.NETCore.App.Ref/8.0.21/ref/net8.0/System.Security.Principal.dll /reference:/usr/share/dotnet/packs/Microsoft.NETCore.App.Ref/8.0.21/ref/net8.0/System.Security.Principal.Windows.dll /reference:/usr/share/dotnet/packs/Microsoft.NETCore.App.Ref/8.0.21/ref/net8.0/System.Security.SecureString.dll /reference:/usr/share/dotnet/packs/Microsoft.NETCore.App.Ref/8.0.21/ref/net8.0/System.ServiceModel.Web.dll /reference:/usr/share/dotnet/packs/Microsoft.NETCore.App.Ref/8.0.21/ref/net8.0/System.ServiceProcess.dll /reference:/usr/share/dotnet/packs/Microsoft.NETCore.App.Ref/8.0.21/ref/net8.0/System.Text.Encoding.CodePages.dll /reference:/usr/share/dotnet/packs/Microsoft.NETCore.App.Ref/8.0.21/ref/net8.0/System.Text.Encoding.dll /reference:/usr/share/dotnet/packs/Microsoft.NETCore.App.Ref/8.0.21/ref/net8.0/System.Text.Encoding.Extensions.dll /reference:/usr/share/dotnet/packs/Microsoft.NETCore.App.Ref/8.0.21/ref/net8.0/System.Text.Encodings.Web.dll /reference:/usr/share/dotnet/packs/Microsoft.NETCore.App.Ref/8.0.21/ref/net8.0/System.Text.Json.dll /reference:/usr/share/dotnet/packs/Microsoft.NETCore.App.Ref/8.0.21/ref/net8.0/System.Text.RegularExpressions.dll /reference:/usr/share/dotnet/packs/Microsoft.NETCore.App.Ref/8.0.21/ref/net8.0/System.Threading.Channels.dll /reference:/usr/share/dotnet/packs/Microsoft.NETCore.App.Ref/8.0.21/ref/net8.0/System.Threading.dll /reference:/usr/share/dotnet/packs/Microsoft.NETCore.App.Ref/8.0.21/ref/net8.0/System.Threading.Overlapped.dll /reference:/usr/share/dotnet/packs/Microsoft.AspNetCore.App.Ref/8.0.21/ref/net8.0/System.Threading.RateLimiting.dll /reference:/usr/share/dotnet/packs/Microsoft.NETCore.App.Ref/8.0.21/ref/net8.0/System.Threading.Tasks.Dataflow.dll /reference:/usr/share/dotnet/packs/Microsoft.NETCore.App.Ref/8.0.21/ref/net8.0/System.Threading.Tasks.dll /reference:/usr/share/dotnet/packs/Microsoft.NETCore.App.Ref/8.0.21/ref/net8.0/System.Threading.Tasks.Extensions.dll /reference:/usr/share/dotnet/packs/Microsoft.NETCore.App.Ref/8.0.21/ref/net8.0/System.Threading.Tasks.Parallel.dll /reference:/usr/share/dotnet/packs/Microsoft.NETCore.App.Ref/8.0.21/ref/net8.0/System.Threading.Thread.dll /reference:/usr/share/dotnet/packs/Microsoft.NETCore.App.Ref/8.0.21/ref/net8.0/System.Threading.ThreadPool.dll /reference:/usr/share/dotnet/packs/Microsoft.NETCore.App.Ref/8.0.21/ref/net8.0/System.Threading.Timer.dll /reference:/usr/share/dotnet/packs/Microsoft.NETCore.App.Ref/8.0.21/ref/net8.0/System.Transactions.dll /reference:/usr/share/dotnet/packs/Microsoft.NETCore.App.Ref/8.0.21/ref/net8.0/System.Transactions.Local.dll /reference:/usr/share/dotnet/packs/Microsoft.NETCore.App.Ref/8.0.21/ref/net8.0/System.ValueTuple.dll /reference:/usr/share/dotnet/packs/Microsoft.NETCore.App.Ref/8.0.21/ref/net8.0/System.Web.dll /reference:/usr/share/dotnet/packs/Microsoft.NETCore.App.Ref/8.0.21/ref/net8.0/System.Web.HttpUtility.dll /reference:/usr/share/dotnet/packs/Microsoft.NETCore.App.Ref/8.0.21/ref/net8.0/System.Windows.dll /reference:/usr/share/dotnet/packs/Microsoft.NETCore.App.Ref/8.0.21/ref/net8.0/System.Xml.dll /reference:/usr/share/dotnet/packs/Microsoft.NETCore.App.Ref/8.0.21/ref/net8.0/System.Xml.Linq.dll /reference:/usr/share/dotnet/packs/Microsoft.NETCore.App.Ref/8.0.21/ref/net8.0/System.Xml.ReaderWriter.dll /reference:/usr/share/dotnet/packs/Microsoft.NETCore.App.Ref/8.0.21/ref/net8.0/System.Xml.Serialization.dll /reference:/usr/share/dotnet/packs/Microsoft.NETCore.App.Ref/8.0.21/ref/net8.0/System.Xml.XDocument.dll /reference:/usr/share/dotnet/packs/Microsoft.NETCore.App.Ref/8.0.21/ref/net8.0/System.Xml.XmlDocument.dll /reference:/usr/share/dotnet/packs/Microsoft.NETCore.App.Ref/8.0.21/ref/net8.0/System.Xml.XmlSerializer.dll /reference:/usr/share/dotnet/packs/Microsoft.NETCore.App.Ref/8.0.21/ref/net8.0/System.Xml.XPath.dll /reference:/usr/share/dotnet/packs/Microsoft.NETCore.App.Ref/8.0.21/ref/net8.0/System.Xml.XPath.XDocument.dll /reference:/usr/share/dotnet/packs/Microsoft.NETCore.App.Ref/8.0.21/ref/net8.0/WindowsBase.dll /debug- /debug:portable /filealign:512 /optimize+ /out:obj/Release/net8.0/KChief.Protocols.OPC.dll /refout:obj/Release/net8.0/refint/KChief.Protocols.OPC.dll /target:library /warnaserror- /utf8output /deterministic+ /sourcelink:obj/Release/net8.0/KChief.Protocols.OPC.sourcelink.json /langversion:12.0 /embed:obj/Release/net8.0/KChief.Protocols.OPC.GlobalUsings.g.cs /embed:"obj/Release/net8.0/.NETCoreApp,Version=v8.0.AssemblyAttributes.cs" /embed:obj/Release/net8.0/KChief.Protocols.OPC.AssemblyInfo.cs /analyzerconfig:obj/Release/net8.0/KChief.Protocols.OPC.GeneratedMSBuildEditorConfig.editorconfig /analyzerconfig:/usr/share/dotnet/sdk/8.0.415/Sdks/Microsoft.NET.Sdk/analyzers/build/config/analysislevel_8_default.globalconfig /analyzer:/usr/share/dotnet/sdk/8.0.415/Sdks/Microsoft.NET.Sdk/targets/../analyzers/Microsoft.CodeAnalysis.CSharp.NetAnalyzers.dll /analyzer:/usr/share/dotnet/sdk/8.0.415/Sdks/Microsoft.NET.Sdk/targets/../analyzers/Microsoft.CodeAnalysis.NetAnalyzers.dll /analyzer:/usr/share/dotnet/packs/Microsoft.NETCore.App.Ref/8.0.21/analyzers/dotnet/cs/Microsoft.Interop.ComInterfaceGenerator.dll /analyzer:/usr/share/dotnet/packs/Microsoft.NETCore.App.Ref/8.0.21/analyzers/dotnet/cs/Microsoft.Interop.JavaScript.JSImportGenerator.dll /analyzer:/usr/share/dotnet/packs/Microsoft.NETCore.App.Ref/8.0.21/analyzers/dotnet/cs/Microsoft.Interop.LibraryImportGenerator.dll /analyzer:/usr/share/dotnet/packs/Microsoft.NETCore.App.Ref/8.0.21/analyzers/dotnet/cs/Microsoft.Interop.SourceGeneration.dll /analyzer:/usr/share/dotnet/packs/Microsoft.NETCore.App.Ref/8.0.21/analyzers/dotnet/cs/System.Text.Json.SourceGeneration.dll /analyzer:/usr/share/dotnet/packs/Microsoft.NETCore.App.Ref/8.0.21/analyzers/dotnet/cs/System.Text.RegularExpressions.Generator.dll /analyzer:/usr/share/dotnet/packs/Microsoft.AspNetCore.App.Ref/8.0.21/analyzers/dotnet/cs/Microsoft.AspNetCore.App.Analyzers.dll /analyzer:/usr/share/dotnet/packs/Microsoft.AspNetCore.App.Ref/8.0.21/analyzers/dotnet/cs/Microsoft.AspNetCore.App.CodeFixes.dll /analyzer:/usr/share/dotnet/packs/Microsoft.AspNetCore.App.Ref/8.0.21/analyzers/dotnet/cs/Microsoft.AspNetCore.Components.Analyzers.dll /analyzer:/usr/share/dotnet/packs/Microsoft.AspNetCore.App.Ref/8.0.21/analyzers/dotnet/roslyn4.4/cs/Microsoft.Extensions.Logging.Generators.dll /analyzer:/usr/share/dotnet/packs/Microsoft.AspNetCore.App.Ref/8.0.21/analyzers/dotnet/roslyn4.4/cs/Microsoft.Extensions.Options.SourceGeneration.dll Services/OPCUaClientService.cs Services/OPCUaConnectionPool.cs obj/Release/net8.0/KChief.Protocols.OPC.GlobalUsings.g.cs "obj/Release/net8.0/.NETCoreApp,Version=v8.0.AssemblyAttributes.cs" obj/Release/net8.0/KChief.Protocols.OPC.AssemblyInfo.cs /warnaserror+:NU1605,SYSLIB0011
   7:7>CoreCompile:
         Microsoft (R) Visual C# Compiler version 4.11.0-3.24554.2 (bc1c3011)
         Copyright (C) Microsoft Corporation. All rights reserved.
         CompilerServer: server - server processed compilation - KChief.AlarmSystem (net8.0)
       Done executing task "Csc".
       Task "CallTarget" skipped, due to false condition; ('$(TargetsTriggeredByCompilation)' != '') was evaluated as ('' != '').
   7:7>Done building target "CoreCompile" in project "KChief.AlarmSystem.csproj".
       Target "_TouchLastBuildWithSkipAnalyzers" skipped, due to false condition; ('$(_SkipAnalyzers)' == 'true') was evaluated as ('' == 'true').
       Target "_TimeStampAfterCompile" skipped, due to false condition; ('$(RunPostBuildEvent)'=='OnOutputUpdated' or ('$(RegisterForComInterop)'=='true' and '$(OutputType)'=='library')) was evaluated as (''=='OnOutputUpdated' or (''=='true' and 'Library'=='library')).
   7:7>Target "AfterCompile" in file "/usr/share/dotnet/sdk/8.0.415/Microsoft.Common.CurrentVersion.targets" from project "/home/saidul/Desktop/K-Chief Marine Automation Platform/src/KChief.AlarmSystem/KChief.AlarmSystem.csproj" (target "Compile" depends on it):
   7:7>Done building target "AfterCompile" in project "KChief.AlarmSystem.csproj".
       Target "_CreateAppHost" skipped, due to false condition; ('$(ComputeNETCoreBuildOutputFiles)' == 'true' and
                            '$(AppHostSourcePath)' != '' and
                            Exists('@(IntermediateAssembly)') and
                            Exists('$(AppHostSourcePath)')) was evaluated as ('true' == 'true' and
                            '' != '' and
                            Exists('obj/Release/net8.0/KChief.AlarmSystem.dll') and
                            Exists('')).
       Target "_CreateComHost" skipped, due to false condition; ('$(ComputeNETCoreBuildOutputFiles)' == 'true' and
                            '$(ComHostIntermediatePath)' != '' and
                            Exists('@(IntermediateAssembly)') and
                            Exists('$(ComHostSourcePath)')) was evaluated as ('true' == 'true' and
                            '' != '' and
                            Exists('obj/Release/net8.0/KChief.AlarmSystem.dll') and
                            Exists('')).
       Target "_GetIjwHostPaths" skipped, due to false condition; ('$(UseIJWHost)' == 'true') was evaluated as ('' == 'true').
   7:7>Target "Compile" in file "/usr/share/dotnet/sdk/8.0.415/Microsoft.Common.CurrentVersion.targets" from project "/home/saidul/Desktop/K-Chief Marine Automation Platform/src/KChief.AlarmSystem/KChief.AlarmSystem.csproj" (target "CoreBuild" depends on it):
   7:7>Done building target "Compile" in project "KChief.AlarmSystem.csproj".
       Target "ExportWindowsMDFile" skipped, due to false condition; ('$(ExportWinMDFile)' == 'true') was evaluated as ('' == 'true').
       Target "UnmanagedUnregistration" skipped, due to false condition; ((('$(_AssemblyTimestampBeforeCompile)' != '$(_AssemblyTimestampAfterCompile)' or '$(RegisterForComInterop)' != 'true' or '$(OutputType)' != 'library') or
                           ('$(_AssemblyTimestampBeforeCompile)' == '')) and
                          Exists('@(_UnmanagedRegistrationCache)')) was evaluated as ((('' != '' or '' != 'true' or 'Library' != 'library') or
                           ('' == '')) and
                          Exists('obj/KChief.AlarmSystem.csproj.UnmanagedRegistration.cache')).
       Target "GenerateSerializationAssemblies" skipped, due to false condition; ('$(_SGenGenerateSerializationAssembliesConfig)' == 'On' or ('@(WebReferenceUrl)'!='' and '$(_SGenGenerateSerializationAssembliesConfig)' == 'Auto')) was evaluated as ('Auto' == 'On' or (''!='' and 'Auto' == 'Auto')).
   7:7>Target "_GenerateSatelliteAssemblyInputs" in file "/usr/share/dotnet/sdk/8.0.415/Microsoft.Common.CurrentVersion.targets" from project "/home/saidul/Desktop/K-Chief Marine Automation Platform/src/KChief.AlarmSystem/KChief.AlarmSystem.csproj" (target "CreateSatelliteAssemblies" depends on it):
       Task "Warning" skipped, due to false condition; ('@(ManifestResourceWithCulture)'!='' and '%(ManifestResourceWithCulture.EmittedForCompatibilityOnly)'=='') was evaluated as (''!='' and ''=='').
       Task "Warning" skipped, due to false condition; ('@(ManifestNonResxWithCultureOnDisk)'!='' and '%(ManifestNonResxWithCultureOnDisk.EmittedForCompatibilityOnly)'=='') was evaluated as (''!='' and ''=='').
   7:7>Done building target "_GenerateSatelliteAssemblyInputs" in project "KChief.AlarmSystem.csproj".
       Target "ComputeIntermediateSatelliteAssemblies" skipped, due to false condition; (@(EmbeddedResource->'%(WithCulture)') != '') was evaluated as ( != '').
       Target "GenerateSatelliteAssemblies" skipped, due to false condition; ('@(_SatelliteAssemblyResourceInputs)' != '' and '$(GenerateSatelliteAssembliesForCore)' != 'true') was evaluated as ('' != '' and 'true' != 'true').
       Target "CoreGenerateSatelliteAssemblies" skipped, due to false condition; ('@(_SatelliteAssemblyResourceInputs)' != ''  and '$(GenerateSatelliteAssembliesForCore)' == 'true' ) was evaluated as ('' != ''  and 'true' == 'true' ).
   7:7>Target "CreateSatelliteAssemblies" in file "/usr/share/dotnet/sdk/8.0.415/Microsoft.Common.CurrentVersion.targets" from project "/home/saidul/Desktop/K-Chief Marine Automation Platform/src/KChief.AlarmSystem/KChief.AlarmSystem.csproj" (target "CoreBuild" depends on it):
   7:7>Done building target "CreateSatelliteAssemblies" in project "KChief.AlarmSystem.csproj".
       Target "GenerateManifests" skipped, due to false condition; ('$(GenerateClickOnceManifests)'=='true' or '@(NativeReference)'!='' or '@(ResolvedIsolatedComModules)'!='' or '$(GenerateAppxManifest)' == 'true') was evaluated as (''=='true' or ''!='' or ''!='' or '' == 'true').
   7:7>Target "GetTargetPathWithTargetPlatformMoniker" in file "/usr/share/dotnet/sdk/8.0.415/Microsoft.Common.CurrentVersion.targets" from project "/home/saidul/Desktop/K-Chief Marine Automation Platform/src/KChief.AlarmSystem/KChief.AlarmSystem.csproj" (target "GetTargetPath" depends on it):
   7:7>Done building target "GetTargetPathWithTargetPlatformMoniker" in project "KChief.AlarmSystem.csproj".
   7:7>Target "GetTargetPath" in file "/usr/share/dotnet/sdk/8.0.415/Microsoft.Common.CurrentVersion.targets" from project "/home/saidul/Desktop/K-Chief Marine Automation Platform/src/KChief.AlarmSystem/KChief.AlarmSystem.csproj" (target "CoreBuild" depends on it):
   7:7>Done building target "GetTargetPath" in project "KChief.AlarmSystem.csproj".
       Target "ComputeIntermediateSatelliteAssemblies" skipped, due to false condition; (@(EmbeddedResource->'%(WithCulture)') != '') was evaluated as ( != '').
   7:7>Target "_CopyFilesMarkedCopyLocal" in file "/usr/share/dotnet/sdk/8.0.415/Microsoft.Common.CurrentVersion.targets" from project "/home/saidul/Desktop/K-Chief Marine Automation Platform/src/KChief.AlarmSystem/KChief.AlarmSystem.csproj" (target "CopyFilesToOutputDirectory" depends on it):
       Using "Copy" task from assembly "Microsoft.Build.Tasks.Core, Version=15.1.0.0, Culture=neutral, PublicKeyToken=b03f5f7f11d50a3a".
       Task "Copy"
         Copying file from "/home/saidul/Desktop/K-Chief Marine Automation Platform/src/KChief.Platform.Core/bin/Release/net8.0/KChief.Platform.Core.pdb" to "/home/saidul/Desktop/K-Chief Marine Automation Platform/src/KChief.AlarmSystem/bin/Release/net8.0/KChief.Platform.Core.pdb".
         Copying file from "/home/saidul/Desktop/K-Chief Marine Automation Platform/src/KChief.Platform.Core/bin/Release/net8.0/KChief.Platform.Core.dll" to "/home/saidul/Desktop/K-Chief Marine Automation Platform/src/KChief.AlarmSystem/bin/Release/net8.0/KChief.Platform.Core.dll".
   4:7>CoreCompile:
         Microsoft (R) Visual C# Compiler version 4.11.0-3.24554.2 (bc1c3011)
         Copyright (C) Microsoft Corporation. All rights reserved.
         CompilerServer: server - server processed compilation - KChief.Protocols.Modbus (net8.0)
       Done executing task "Csc".
       Task "CallTarget" skipped, due to false condition; ('$(TargetsTriggeredByCompilation)' != '') was evaluated as ('' != '').
   4:7>Done building target "CoreCompile" in project "KChief.Protocols.Modbus.csproj".
       Target "_TouchLastBuildWithSkipAnalyzers" skipped, due to false condition; ('$(_SkipAnalyzers)' == 'true') was evaluated as ('' == 'true').
       Target "_TimeStampAfterCompile" skipped, due to false condition; ('$(RunPostBuildEvent)'=='OnOutputUpdated' or ('$(RegisterForComInterop)'=='true' and '$(OutputType)'=='library')) was evaluated as (''=='OnOutputUpdated' or (''=='true' and 'Library'=='library')).
   4:7>Target "AfterCompile" in file "/usr/share/dotnet/sdk/8.0.415/Microsoft.Common.CurrentVersion.targets" from project "/home/saidul/Desktop/K-Chief Marine Automation Platform/src/KChief.Protocols.Modbus/KChief.Protocols.Modbus.csproj" (target "Compile" depends on it):
   4:7>Done building target "AfterCompile" in project "KChief.Protocols.Modbus.csproj".
       Target "_CreateAppHost" skipped, due to false condition; ('$(ComputeNETCoreBuildOutputFiles)' == 'true' and
                            '$(AppHostSourcePath)' != '' and
                            Exists('@(IntermediateAssembly)') and
                            Exists('$(AppHostSourcePath)')) was evaluated as ('true' == 'true' and
                            '' != '' and
                            Exists('obj/Release/net8.0/KChief.Protocols.Modbus.dll') and
                            Exists('')).
       Target "_CreateComHost" skipped, due to false condition; ('$(ComputeNETCoreBuildOutputFiles)' == 'true' and
                            '$(ComHostIntermediatePath)' != '' and
                            Exists('@(IntermediateAssembly)') and
                            Exists('$(ComHostSourcePath)')) was evaluated as ('true' == 'true' and
                            '' != '' and
                            Exists('obj/Release/net8.0/KChief.Protocols.Modbus.dll') and
                            Exists('')).
       Target "_GetIjwHostPaths" skipped, due to false condition; ('$(UseIJWHost)' == 'true') was evaluated as ('' == 'true').
   4:7>Target "Compile" in file "/usr/share/dotnet/sdk/8.0.415/Microsoft.Common.CurrentVersion.targets" from project "/home/saidul/Desktop/K-Chief Marine Automation Platform/src/KChief.Protocols.Modbus/KChief.Protocols.Modbus.csproj" (target "CoreBuild" depends on it):
   4:7>Done building target "Compile" in project "KChief.Protocols.Modbus.csproj".
       Target "ExportWindowsMDFile" skipped, due to false condition; ('$(ExportWinMDFile)' == 'true') was evaluated as ('' == 'true').
       Target "UnmanagedUnregistration" skipped, due to false condition; ((('$(_AssemblyTimestampBeforeCompile)' != '$(_AssemblyTimestampAfterCompile)' or '$(RegisterForComInterop)' != 'true' or '$(OutputType)' != 'library') or
                           ('$(_AssemblyTimestampBeforeCompile)' == '')) and
                          Exists('@(_UnmanagedRegistrationCache)')) was evaluated as ((('' != '' or '' != 'true' or 'Library' != 'library') or
                           ('' == '')) and
                          Exists('obj/KChief.Protocols.Modbus.csproj.UnmanagedRegistration.cache')).
       Target "GenerateSerializationAssemblies" skipped, due to false condition; ('$(_SGenGenerateSerializationAssembliesConfig)' == 'On' or ('@(WebReferenceUrl)'!='' and '$(_SGenGenerateSerializationAssembliesConfig)' == 'Auto')) was evaluated as ('Auto' == 'On' or (''!='' and 'Auto' == 'Auto')).
   4:7>Target "_GenerateSatelliteAssemblyInputs" in file "/usr/share/dotnet/sdk/8.0.415/Microsoft.Common.CurrentVersion.targets" from project "/home/saidul/Desktop/K-Chief Marine Automation Platform/src/KChief.Protocols.Modbus/KChief.Protocols.Modbus.csproj" (target "CreateSatelliteAssemblies" depends on it):
       Task "Warning" skipped, due to false condition; ('@(ManifestResourceWithCulture)'!='' and '%(ManifestResourceWithCulture.EmittedForCompatibilityOnly)'=='') was evaluated as (''!='' and ''=='').
       Task "Warning" skipped, due to false condition; ('@(ManifestNonResxWithCultureOnDisk)'!='' and '%(ManifestNonResxWithCultureOnDisk.EmittedForCompatibilityOnly)'=='') was evaluated as (''!='' and ''=='').
   4:7>Done building target "_GenerateSatelliteAssemblyInputs" in project "KChief.Protocols.Modbus.csproj".
       Target "ComputeIntermediateSatelliteAssemblies" skipped, due to false condition; (@(EmbeddedResource->'%(WithCulture)') != '') was evaluated as ( != '').
       Target "GenerateSatelliteAssemblies" skipped, due to false condition; ('@(_SatelliteAssemblyResourceInputs)' != '' and '$(GenerateSatelliteAssembliesForCore)' != 'true') was evaluated as ('' != '' and 'true' != 'true').
       Target "CoreGenerateSatelliteAssemblies" skipped, due to false condition; ('@(_SatelliteAssemblyResourceInputs)' != ''  and '$(GenerateSatelliteAssembliesForCore)' == 'true' ) was evaluated as ('' != ''  and 'true' == 'true' ).
   4:7>Target "CreateSatelliteAssemblies" in file "/usr/share/dotnet/sdk/8.0.415/Microsoft.Common.CurrentVersion.targets" from project "/home/saidul/Desktop/K-Chief Marine Automation Platform/src/KChief.Protocols.Modbus/KChief.Protocols.Modbus.csproj" (target "CoreBuild" depends on it):
   4:7>Done building target "CreateSatelliteAssemblies" in project "KChief.Protocols.Modbus.csproj".
       Target "GenerateManifests" skipped, due to false condition; ('$(GenerateClickOnceManifests)'=='true' or '@(NativeReference)'!='' or '@(ResolvedIsolatedComModules)'!='' or '$(GenerateAppxManifest)' == 'true') was evaluated as (''=='true' or ''!='' or ''!='' or '' == 'true').
   4:7>Target "GetTargetPathWithTargetPlatformMoniker" in file "/usr/share/dotnet/sdk/8.0.415/Microsoft.Common.CurrentVersion.targets" from project "/home/saidul/Desktop/K-Chief Marine Automation Platform/src/KChief.Protocols.Modbus/KChief.Protocols.Modbus.csproj" (target "GetTargetPath" depends on it):
   4:7>Done building target "GetTargetPathWithTargetPlatformMoniker" in project "KChief.Protocols.Modbus.csproj".
   4:7>Target "GetTargetPath" in file "/usr/share/dotnet/sdk/8.0.415/Microsoft.Common.CurrentVersion.targets" from project "/home/saidul/Desktop/K-Chief Marine Automation Platform/src/KChief.Protocols.Modbus/KChief.Protocols.Modbus.csproj" (target "CoreBuild" depends on it):
   4:7>Done building target "GetTargetPath" in project "KChief.Protocols.Modbus.csproj".
       Target "ComputeIntermediateSatelliteAssemblies" skipped, due to false condition; (@(EmbeddedResource->'%(WithCulture)') != '') was evaluated as ( != '').
   4:7>Target "_CopyFilesMarkedCopyLocal" in file "/usr/share/dotnet/sdk/8.0.415/Microsoft.Common.CurrentVersion.targets" from project "/home/saidul/Desktop/K-Chief Marine Automation Platform/src/KChief.Protocols.Modbus/KChief.Protocols.Modbus.csproj" (target "CopyFilesToOutputDirectory" depends on it):
       Using "Copy" task from assembly "Microsoft.Build.Tasks.Core, Version=15.1.0.0, Culture=neutral, PublicKeyToken=b03f5f7f11d50a3a".
       Task "Copy"
   7:7>Done executing task "Copy".
       Using "Touch" task from assembly "Microsoft.Build.Tasks.Core, Version=15.1.0.0, Culture=neutral, PublicKeyToken=b03f5f7f11d50a3a".
       Task "Touch"
         Touching "/home/saidul/Desktop/K-Chief Marine Automation Platform/src/KChief.AlarmSystem/obj/Release/net8.0/KChief.A.29E9782D.Up2Date".
       Done executing task "Touch".
   7:7>Done building target "_CopyFilesMarkedCopyLocal" in project "KChief.AlarmSystem.csproj".
       Target "AssignTargetPaths" skipped. Previously built successfully.
       Target "AssignProjectConfiguration" skipped. Previously built successfully.
       Target "_SplitProjectReferencesByFileExistence" skipped. Previously built successfully.
       Target "_GetProjectReferenceTargetFrameworkProperties" skipped. Previously built successfully.
   7:7>Target "_PopulateCommonStateForGetCopyToOutputDirectoryItems" in file "/usr/share/dotnet/sdk/8.0.415/Microsoft.Common.CurrentVersion.targets" from project "/home/saidul/Desktop/K-Chief Marine Automation Platform/src/KChief.AlarmSystem/KChief.AlarmSystem.csproj" (target "GetCopyToOutputDirectoryItems" depends on it):
   7:7>Done building target "_PopulateCommonStateForGetCopyToOutputDirectoryItems" in project "KChief.AlarmSystem.csproj".
       Target "AddDepsJsonAndRuntimeConfigToCopyItemsForReferencingProjects" skipped, due to false condition; ('$(HasRuntimeOutput)' == 'true') was evaluated as ('' == 'true').
   7:7>Target "GetCopyToOutputDirectoryItems" in file "/usr/share/dotnet/sdk/8.0.415/Microsoft.Common.CurrentVersion.targets" from project "/home/saidul/Desktop/K-Chief Marine Automation Platform/src/KChief.AlarmSystem/KChief.AlarmSystem.csproj" (target "_CopySourceItemsToOutputDirectory" depends on it):
       Using "CallTarget" task from assembly "Microsoft.Build.Tasks.Core, Version=15.1.0.0, Culture=neutral, PublicKeyToken=b03f5f7f11d50a3a".
       Task "CallTarget"
       Target "_PopulateCommonStateForGetCopyToOutputDirectoryItems" skipped. Previously built successfully.
       Target "_AddOutputPathToGlobalPropertiesToRemove" skipped. Previously built successfully.
   7:7>Target "_GetCopyToOutputDirectoryItemsFromTransitiveProjectReferences" in file "/usr/share/dotnet/sdk/8.0.415/Microsoft.Common.CurrentVersion.targets" from project "/home/saidul/Desktop/K-Chief Marine Automation Platform/src/KChief.AlarmSystem/KChief.AlarmSystem.csproj" (target "GetCopyToOutputDirectoryItems" depends on it):
       Task "MSBuild"
         Global Properties:
           Configuration=Release
           Platform=AnyCPU
         Removing Properties for project "../KChief.Platform.Core/KChief.Platform.Core.csproj":
           TargetFramework
           RuntimeIdentifier
           SelfContained
   7:7>Project "/home/saidul/Desktop/K-Chief Marine Automation Platform/src/KChief.AlarmSystem/KChief.AlarmSystem.csproj" (7:7) is building "/home/saidul/Desktop/K-Chief Marine Automation Platform/src/KChief.Platform.Core/KChief.Platform.Core.csproj" (10:34) on node 1 (GetCopyToOutputDirectoryItems target(s)).
 10:34>Target "GetCopyToOutputDirectoryItems" skipped. Previously built successfully.
 10:34>Done Building Project "/home/saidul/Desktop/K-Chief Marine Automation Platform/src/KChief.Platform.Core/KChief.Platform.Core.csproj" (GetCopyToOutputDirectoryItems target(s)).
   7:7>Done executing task "MSBuild".
       Task "AssignTargetPath"
       Done executing task "AssignTargetPath".
   7:7>Done building target "_GetCopyToOutputDirectoryItemsFromTransitiveProjectReferences" in project "KChief.AlarmSystem.csproj".
       Done executing task "CallTarget".
       Task "CallTarget"
   4:7>_CopyFilesMarkedCopyLocal:
         Copying file from "/home/saidul/Desktop/K-Chief Marine Automation Platform/src/KChief.Platform.Core/bin/Release/net8.0/KChief.Platform.Core.dll" to "/home/saidul/Desktop/K-Chief Marine Automation Platform/src/KChief.Protocols.Modbus/bin/Release/net8.0/KChief.Platform.Core.dll".
         Copying file from "/home/saidul/Desktop/K-Chief Marine Automation Platform/src/KChief.Platform.Core/bin/Release/net8.0/KChief.Platform.Core.pdb" to "/home/saidul/Desktop/K-Chief Marine Automation Platform/src/KChief.Protocols.Modbus/bin/Release/net8.0/KChief.Platform.Core.pdb".
   7:7>Target "AssignTargetPaths" skipped. Previously built successfully.
       Target "_PopulateCommonStateForGetCopyToOutputDirectoryItems" skipped. Previously built successfully.
       Target "AddDepsJsonAndRuntimeConfigToCopyItemsForReferencingProjects" skipped, due to false condition; ('$(HasRuntimeOutput)' == 'true') was evaluated as ('' == 'true').
   7:7>Target "_GetCopyToOutputDirectoryItemsFromThisProject" in file "/usr/share/dotnet/sdk/8.0.415/Microsoft.Common.CurrentVersion.targets" from project "/home/saidul/Desktop/K-Chief Marine Automation Platform/src/KChief.AlarmSystem/KChief.AlarmSystem.csproj" (target "GetCopyToOutputDirectoryItems" depends on it):
       Task "AssignTargetPath"
       Done executing task "AssignTargetPath".
   7:7>Done building target "_GetCopyToOutputDirectoryItemsFromThisProject" in project "KChief.AlarmSystem.csproj".
       Done executing task "CallTarget".
   4:7>Done executing task "Copy".
   7:7>Done building target "GetCopyToOutputDirectoryItems" in project "KChief.AlarmSystem.csproj".
       Target "_CopyOutOfDateSourceItemsToOutputDirectory" skipped, due to false condition; ( '@(_SourceItemsToCopyToOutputDirectory)' != '' ) was evaluated as ( '' != '' ).
       Target "_CopyOutOfDateSourceItemsToOutputDirectoryAlways" skipped, due to false condition; ( '@(_SourceItemsToCopyToOutputDirectoryAlways)' != '' ) was evaluated as ( '' != '' ).
   7:7>Target "_CopySourceItemsToOutputDirectory" in file "/usr/share/dotnet/sdk/8.0.415/Microsoft.Common.CurrentVersion.targets" from project "/home/saidul/Desktop/K-Chief Marine Automation Platform/src/KChief.AlarmSystem/KChief.AlarmSystem.csproj" (target "CopyFilesToOutputDirectory" depends on it):
   7:7>Done building target "_CopySourceItemsToOutputDirectory" in project "KChief.AlarmSystem.csproj".
       Target "_CopyAppConfigFile" skipped, due to false condition; ( '@(AppConfigWithTargetPath)' != '' ) was evaluated as ( '' != '' ).
       Target "_CopyManifestFiles" skipped, due to false condition; ( '$(_DeploymentCopyApplicationManifest)'=='true' or '$(GenerateClickOnceManifests)'=='true' ) was evaluated as ( ''=='true' or ''=='true' ).
   7:7>Target "_CheckForCompileOutputs" in file "/usr/share/dotnet/sdk/8.0.415/Microsoft.Common.CurrentVersion.targets" from project "/home/saidul/Desktop/K-Chief Marine Automation Platform/src/KChief.AlarmSystem/KChief.AlarmSystem.csproj" (target "CopyFilesToOutputDirectory" depends on it):
   7:7>Done building target "_CheckForCompileOutputs" in project "KChief.AlarmSystem.csproj".
       Target "_SGenCheckForOutputs" skipped, due to false condition; ('$(_SGenGenerateSerializationAssembliesConfig)' == 'On' or ('@(WebReferenceUrl)'!='' and '$(_SGenGenerateSerializationAssembliesConfig)' == 'Auto')) was evaluated as ('Auto' == 'On' or (''!='' and 'Auto' == 'Auto')).
   4:7>_CopyFilesMarkedCopyLocal:
       Using "Touch" task from assembly "Microsoft.Build.Tasks.Core, Version=15.1.0.0, Culture=neutral, PublicKeyToken=b03f5f7f11d50a3a".
       Task "Touch"
         Touching "/home/saidul/Desktop/K-Chief Marine Automation Platform/src/KChief.Protocols.Modbus/obj/Release/net8.0/KChief.P.BA84CE94.Up2Date".
   7:7>Target "_DefaultMicrosoftNETPlatformLibrary" skipped. Previously built successfully.
   4:7>Done executing task "Touch".
   4:7>Done building target "_CopyFilesMarkedCopyLocal" in project "KChief.Protocols.Modbus.csproj".
       Target "AssignTargetPaths" skipped. Previously built successfully.
   7:7>Target "_HandlePackageFileConflicts" skipped. Previously built successfully.
   4:7>Target "AssignProjectConfiguration" skipped. Previously built successfully.
   7:7>Target "ResolveAssemblyReferences" skipped. Previously built successfully.
   4:7>Target "_SplitProjectReferencesByFileExistence" skipped. Previously built successfully.
       Target "_GetProjectReferenceTargetFrameworkProperties" skipped. Previously built successfully.
   4:7>Target "_PopulateCommonStateForGetCopyToOutputDirectoryItems" in file "/usr/share/dotnet/sdk/8.0.415/Microsoft.Common.CurrentVersion.targets" from project "/home/saidul/Desktop/K-Chief Marine Automation Platform/src/KChief.Protocols.Modbus/KChief.Protocols.Modbus.csproj" (target "GetCopyToOutputDirectoryItems" depends on it):
   4:7>Done building target "_PopulateCommonStateForGetCopyToOutputDirectoryItems" in project "KChief.Protocols.Modbus.csproj".
       Target "AddDepsJsonAndRuntimeConfigToCopyItemsForReferencingProjects" skipped, due to false condition; ('$(HasRuntimeOutput)' == 'true') was evaluated as ('' == 'true').
   4:7>Target "GetCopyToOutputDirectoryItems" in file "/usr/share/dotnet/sdk/8.0.415/Microsoft.Common.CurrentVersion.targets" from project "/home/saidul/Desktop/K-Chief Marine Automation Platform/src/KChief.Protocols.Modbus/KChief.Protocols.Modbus.csproj" (target "_CopySourceItemsToOutputDirectory" depends on it):
       Using "CallTarget" task from assembly "Microsoft.Build.Tasks.Core, Version=15.1.0.0, Culture=neutral, PublicKeyToken=b03f5f7f11d50a3a".
       Task "CallTarget"
       Target "_PopulateCommonStateForGetCopyToOutputDirectoryItems" skipped. Previously built successfully.
       Target "_AddOutputPathToGlobalPropertiesToRemove" skipped. Previously built successfully.
   4:7>Target "_GetCopyToOutputDirectoryItemsFromTransitiveProjectReferences" in file "/usr/share/dotnet/sdk/8.0.415/Microsoft.Common.CurrentVersion.targets" from project "/home/saidul/Desktop/K-Chief Marine Automation Platform/src/KChief.Protocols.Modbus/KChief.Protocols.Modbus.csproj" (target "GetCopyToOutputDirectoryItems" depends on it):
       Task "MSBuild"
         Global Properties:
           Configuration=Release
           Platform=AnyCPU
   7:7>Target "_ComputeReferenceAssemblies" in file "/usr/share/dotnet/sdk/8.0.415/Sdks/Microsoft.NET.Sdk/targets/Microsoft.NET.Sdk.targets" from project "/home/saidul/Desktop/K-Chief Marine Automation Platform/src/KChief.AlarmSystem/KChief.AlarmSystem.csproj" (target "GenerateBuildDependencyFile" depends on it):
   7:7>Done building target "_ComputeReferenceAssemblies" in project "KChief.AlarmSystem.csproj".
   4:7>_GetCopyToOutputDirectoryItemsFromTransitiveProjectReferences:
         Removing Properties for project "../KChief.Platform.Core/KChief.Platform.Core.csproj":
           TargetFramework
           RuntimeIdentifier
           SelfContained
   7:7>Target "_ComputeUserRuntimeAssemblies" in file "/usr/share/dotnet/sdk/8.0.415/Sdks/Microsoft.NET.Sdk/targets/Microsoft.NET.Sdk.targets" from project "/home/saidul/Desktop/K-Chief Marine Automation Platform/src/KChief.AlarmSystem/KChief.AlarmSystem.csproj" (target "GenerateBuildDependencyFile" depends on it):
   7:7>Done building target "_ComputeUserRuntimeAssemblies" in project "KChief.AlarmSystem.csproj".
   4:7>Project "/home/saidul/Desktop/K-Chief Marine Automation Platform/src/KChief.Protocols.Modbus/KChief.Protocols.Modbus.csproj" (4:7) is building "/home/saidul/Desktop/K-Chief Marine Automation Platform/src/KChief.Platform.Core/KChief.Platform.Core.csproj" (10:35) on node 1 (GetCopyToOutputDirectoryItems target(s)).
 10:35>Target "GetCopyToOutputDirectoryItems" skipped. Previously built successfully.
 10:35>Done Building Project "/home/saidul/Desktop/K-Chief Marine Automation Platform/src/KChief.Platform.Core/KChief.Platform.Core.csproj" (GetCopyToOutputDirectoryItems target(s)).
   7:7>Target "ResolveRuntimePackAssets" skipped, due to false condition; ('@(RuntimePack)' != '') was evaluated as ('' != '').
       Target "_ComputePackageReferencePublish" skipped. Previously built successfully.
       Target "ComputeDependencyFileCompilerOptions" skipped, due to false condition; ('$(PreserveCompilationContext)' == 'true') was evaluated as ('' == 'true').
   7:7>Target "GenerateBuildDependencyFile" in file "/usr/share/dotnet/sdk/8.0.415/Sdks/Microsoft.NET.Sdk/targets/Microsoft.NET.Sdk.targets" from project "/home/saidul/Desktop/K-Chief Marine Automation Platform/src/KChief.AlarmSystem/KChief.AlarmSystem.csproj" (target "CopyFilesToOutputDirectory" depends on it):
       Building target "GenerateBuildDependencyFile" completely.
       Input file "/home/saidul/Desktop/K-Chief Marine Automation Platform/src/KChief.AlarmSystem/obj/project.assets.json" is newer than output file "/home/saidul/Desktop/K-Chief Marine Automation Platform/src/KChief.AlarmSystem/bin/Release/net8.0/KChief.AlarmSystem.deps.json".
   4:7>Done executing task "MSBuild".
       Task "AssignTargetPath"
       Done executing task "AssignTargetPath".
   4:7>Done building target "_GetCopyToOutputDirectoryItemsFromTransitiveProjectReferences" in project "KChief.Protocols.Modbus.csproj".
       Done executing task "CallTarget".
       Task "CallTarget"
   7:7>GenerateBuildDependencyFile:
       Using "GenerateDepsFile" task from assembly "/usr/share/dotnet/sdk/8.0.415/Sdks/Microsoft.NET.Sdk/targets/../tools/net8.0/Microsoft.NET.Build.Tasks.dll".
       Task "GenerateDepsFile"
   4:7>Target "AssignTargetPaths" skipped. Previously built successfully.
       Target "_PopulateCommonStateForGetCopyToOutputDirectoryItems" skipped. Previously built successfully.
       Target "AddDepsJsonAndRuntimeConfigToCopyItemsForReferencingProjects" skipped, due to false condition; ('$(HasRuntimeOutput)' == 'true') was evaluated as ('' == 'true').
   4:7>Target "_GetCopyToOutputDirectoryItemsFromThisProject" in file "/usr/share/dotnet/sdk/8.0.415/Microsoft.Common.CurrentVersion.targets" from project "/home/saidul/Desktop/K-Chief Marine Automation Platform/src/KChief.Protocols.Modbus/KChief.Protocols.Modbus.csproj" (target "GetCopyToOutputDirectoryItems" depends on it):
       Task "AssignTargetPath"
       Done executing task "AssignTargetPath".
   4:7>Done building target "_GetCopyToOutputDirectoryItemsFromThisProject" in project "KChief.Protocols.Modbus.csproj".
       Done executing task "CallTarget".
   4:7>Done building target "GetCopyToOutputDirectoryItems" in project "KChief.Protocols.Modbus.csproj".
       Target "_CopyOutOfDateSourceItemsToOutputDirectory" skipped, due to false condition; ( '@(_SourceItemsToCopyToOutputDirectory)' != '' ) was evaluated as ( '' != '' ).
       Target "_CopyOutOfDateSourceItemsToOutputDirectoryAlways" skipped, due to false condition; ( '@(_SourceItemsToCopyToOutputDirectoryAlways)' != '' ) was evaluated as ( '' != '' ).
   4:7>Target "_CopySourceItemsToOutputDirectory" in file "/usr/share/dotnet/sdk/8.0.415/Microsoft.Common.CurrentVersion.targets" from project "/home/saidul/Desktop/K-Chief Marine Automation Platform/src/KChief.Protocols.Modbus/KChief.Protocols.Modbus.csproj" (target "CopyFilesToOutputDirectory" depends on it):
   4:7>Done building target "_CopySourceItemsToOutputDirectory" in project "KChief.Protocols.Modbus.csproj".
       Target "_CopyAppConfigFile" skipped, due to false condition; ( '@(AppConfigWithTargetPath)' != '' ) was evaluated as ( '' != '' ).
       Target "_CopyManifestFiles" skipped, due to false condition; ( '$(_DeploymentCopyApplicationManifest)'=='true' or '$(GenerateClickOnceManifests)'=='true' ) was evaluated as ( ''=='true' or ''=='true' ).
   4:7>Target "_CheckForCompileOutputs" in file "/usr/share/dotnet/sdk/8.0.415/Microsoft.Common.CurrentVersion.targets" from project "/home/saidul/Desktop/K-Chief Marine Automation Platform/src/KChief.Protocols.Modbus/KChief.Protocols.Modbus.csproj" (target "CopyFilesToOutputDirectory" depends on it):
   4:7>Done building target "_CheckForCompileOutputs" in project "KChief.Protocols.Modbus.csproj".
       Target "_SGenCheckForOutputs" skipped, due to false condition; ('$(_SGenGenerateSerializationAssembliesConfig)' == 'On' or ('@(WebReferenceUrl)'!='' and '$(_SGenGenerateSerializationAssembliesConfig)' == 'Auto')) was evaluated as ('Auto' == 'On' or (''!='' and 'Auto' == 'Auto')).
       Target "_DefaultMicrosoftNETPlatformLibrary" skipped. Previously built successfully.
       Target "_HandlePackageFileConflicts" skipped. Previously built successfully.
       Target "ResolveAssemblyReferences" skipped. Previously built successfully.
   4:7>Target "_ComputeReferenceAssemblies" in file "/usr/share/dotnet/sdk/8.0.415/Sdks/Microsoft.NET.Sdk/targets/Microsoft.NET.Sdk.targets" from project "/home/saidul/Desktop/K-Chief Marine Automation Platform/src/KChief.Protocols.Modbus/KChief.Protocols.Modbus.csproj" (target "GenerateBuildDependencyFile" depends on it):
   4:7>Done building target "_ComputeReferenceAssemblies" in project "KChief.Protocols.Modbus.csproj".
   4:7>Target "_ComputeUserRuntimeAssemblies" in file "/usr/share/dotnet/sdk/8.0.415/Sdks/Microsoft.NET.Sdk/targets/Microsoft.NET.Sdk.targets" from project "/home/saidul/Desktop/K-Chief Marine Automation Platform/src/KChief.Protocols.Modbus/KChief.Protocols.Modbus.csproj" (target "GenerateBuildDependencyFile" depends on it):
   4:7>Done building target "_ComputeUserRuntimeAssemblies" in project "KChief.Protocols.Modbus.csproj".
       Target "ResolveRuntimePackAssets" skipped, due to false condition; ('@(RuntimePack)' != '') was evaluated as ('' != '').
       Target "_ComputePackageReferencePublish" skipped. Previously built successfully.
       Target "ComputeDependencyFileCompilerOptions" skipped, due to false condition; ('$(PreserveCompilationContext)' == 'true') was evaluated as ('' == 'true').
   4:7>Target "GenerateBuildDependencyFile" in file "/usr/share/dotnet/sdk/8.0.415/Sdks/Microsoft.NET.Sdk/targets/Microsoft.NET.Sdk.targets" from project "/home/saidul/Desktop/K-Chief Marine Automation Platform/src/KChief.Protocols.Modbus/KChief.Protocols.Modbus.csproj" (target "CopyFilesToOutputDirectory" depends on it):
       Building target "GenerateBuildDependencyFile" completely.
       Input file "/home/saidul/Desktop/K-Chief Marine Automation Platform/src/KChief.Protocols.Modbus/obj/project.assets.json" is newer than output file "/home/saidul/Desktop/K-Chief Marine Automation Platform/src/KChief.Protocols.Modbus/bin/Release/net8.0/KChief.Protocols.Modbus.deps.json".
       Using "GenerateDepsFile" task from assembly "/usr/share/dotnet/sdk/8.0.415/Sdks/Microsoft.NET.Sdk/targets/../tools/net8.0/Microsoft.NET.Build.Tasks.dll".
       Task "GenerateDepsFile"
   5:7>CoreCompile:
         Microsoft (R) Visual C# Compiler version 4.11.0-3.24554.2 (bc1c3011)
         Copyright (C) Microsoft Corporation. All rights reserved.
         CompilerServer: server - server processed compilation - KChief.Protocols.OPC (net8.0)
       Done executing task "Csc".
       Task "CallTarget" skipped, due to false condition; ('$(TargetsTriggeredByCompilation)' != '') was evaluated as ('' != '').
   5:7>Done building target "CoreCompile" in project "KChief.Protocols.OPC.csproj".
       Target "_TouchLastBuildWithSkipAnalyzers" skipped, due to false condition; ('$(_SkipAnalyzers)' == 'true') was evaluated as ('' == 'true').
       Target "_TimeStampAfterCompile" skipped, due to false condition; ('$(RunPostBuildEvent)'=='OnOutputUpdated' or ('$(RegisterForComInterop)'=='true' and '$(OutputType)'=='library')) was evaluated as (''=='OnOutputUpdated' or (''=='true' and 'Library'=='library')).
   5:7>Target "AfterCompile" in file "/usr/share/dotnet/sdk/8.0.415/Microsoft.Common.CurrentVersion.targets" from project "/home/saidul/Desktop/K-Chief Marine Automation Platform/src/KChief.Protocols.OPC/KChief.Protocols.OPC.csproj" (target "Compile" depends on it):
   5:7>Done building target "AfterCompile" in project "KChief.Protocols.OPC.csproj".
       Target "_CreateAppHost" skipped, due to false condition; ('$(ComputeNETCoreBuildOutputFiles)' == 'true' and
                            '$(AppHostSourcePath)' != '' and
                            Exists('@(IntermediateAssembly)') and
                            Exists('$(AppHostSourcePath)')) was evaluated as ('true' == 'true' and
                            '' != '' and
                            Exists('obj/Release/net8.0/KChief.Protocols.OPC.dll') and
                            Exists('')).
       Target "_CreateComHost" skipped, due to false condition; ('$(ComputeNETCoreBuildOutputFiles)' == 'true' and
                            '$(ComHostIntermediatePath)' != '' and
                            Exists('@(IntermediateAssembly)') and
                            Exists('$(ComHostSourcePath)')) was evaluated as ('true' == 'true' and
                            '' != '' and
                            Exists('obj/Release/net8.0/KChief.Protocols.OPC.dll') and
                            Exists('')).
       Target "_GetIjwHostPaths" skipped, due to false condition; ('$(UseIJWHost)' == 'true') was evaluated as ('' == 'true').
   5:7>Target "Compile" in file "/usr/share/dotnet/sdk/8.0.415/Microsoft.Common.CurrentVersion.targets" from project "/home/saidul/Desktop/K-Chief Marine Automation Platform/src/KChief.Protocols.OPC/KChief.Protocols.OPC.csproj" (target "CoreBuild" depends on it):
   5:7>Done building target "Compile" in project "KChief.Protocols.OPC.csproj".
       Target "ExportWindowsMDFile" skipped, due to false condition; ('$(ExportWinMDFile)' == 'true') was evaluated as ('' == 'true').
       Target "UnmanagedUnregistration" skipped, due to false condition; ((('$(_AssemblyTimestampBeforeCompile)' != '$(_AssemblyTimestampAfterCompile)' or '$(RegisterForComInterop)' != 'true' or '$(OutputType)' != 'library') or
                           ('$(_AssemblyTimestampBeforeCompile)' == '')) and
                          Exists('@(_UnmanagedRegistrationCache)')) was evaluated as ((('' != '' or '' != 'true' or 'Library' != 'library') or
                           ('' == '')) and
                          Exists('obj/KChief.Protocols.OPC.csproj.UnmanagedRegistration.cache')).
       Target "GenerateSerializationAssemblies" skipped, due to false condition; ('$(_SGenGenerateSerializationAssembliesConfig)' == 'On' or ('@(WebReferenceUrl)'!='' and '$(_SGenGenerateSerializationAssembliesConfig)' == 'Auto')) was evaluated as ('Auto' == 'On' or (''!='' and 'Auto' == 'Auto')).
   5:7>Target "_GenerateSatelliteAssemblyInputs" in file "/usr/share/dotnet/sdk/8.0.415/Microsoft.Common.CurrentVersion.targets" from project "/home/saidul/Desktop/K-Chief Marine Automation Platform/src/KChief.Protocols.OPC/KChief.Protocols.OPC.csproj" (target "CreateSatelliteAssemblies" depends on it):
       Task "Warning" skipped, due to false condition; ('@(ManifestResourceWithCulture)'!='' and '%(ManifestResourceWithCulture.EmittedForCompatibilityOnly)'=='') was evaluated as (''!='' and ''=='').
       Task "Warning" skipped, due to false condition; ('@(ManifestNonResxWithCultureOnDisk)'!='' and '%(ManifestNonResxWithCultureOnDisk.EmittedForCompatibilityOnly)'=='') was evaluated as (''!='' and ''=='').
   5:7>Done building target "_GenerateSatelliteAssemblyInputs" in project "KChief.Protocols.OPC.csproj".
       Target "ComputeIntermediateSatelliteAssemblies" skipped, due to false condition; (@(EmbeddedResource->'%(WithCulture)') != '') was evaluated as ( != '').
       Target "GenerateSatelliteAssemblies" skipped, due to false condition; ('@(_SatelliteAssemblyResourceInputs)' != '' and '$(GenerateSatelliteAssembliesForCore)' != 'true') was evaluated as ('' != '' and 'true' != 'true').
       Target "CoreGenerateSatelliteAssemblies" skipped, due to false condition; ('@(_SatelliteAssemblyResourceInputs)' != ''  and '$(GenerateSatelliteAssembliesForCore)' == 'true' ) was evaluated as ('' != ''  and 'true' == 'true' ).
   5:7>Target "CreateSatelliteAssemblies" in file "/usr/share/dotnet/sdk/8.0.415/Microsoft.Common.CurrentVersion.targets" from project "/home/saidul/Desktop/K-Chief Marine Automation Platform/src/KChief.Protocols.OPC/KChief.Protocols.OPC.csproj" (target "CoreBuild" depends on it):
   5:7>Done building target "CreateSatelliteAssemblies" in project "KChief.Protocols.OPC.csproj".
       Target "GenerateManifests" skipped, due to false condition; ('$(GenerateClickOnceManifests)'=='true' or '@(NativeReference)'!='' or '@(ResolvedIsolatedComModules)'!='' or '$(GenerateAppxManifest)' == 'true') was evaluated as (''=='true' or ''!='' or ''!='' or '' == 'true').
   5:7>Target "GetTargetPathWithTargetPlatformMoniker" in file "/usr/share/dotnet/sdk/8.0.415/Microsoft.Common.CurrentVersion.targets" from project "/home/saidul/Desktop/K-Chief Marine Automation Platform/src/KChief.Protocols.OPC/KChief.Protocols.OPC.csproj" (target "GetTargetPath" depends on it):
   5:7>Done building target "GetTargetPathWithTargetPlatformMoniker" in project "KChief.Protocols.OPC.csproj".
   5:7>Target "GetTargetPath" in file "/usr/share/dotnet/sdk/8.0.415/Microsoft.Common.CurrentVersion.targets" from project "/home/saidul/Desktop/K-Chief Marine Automation Platform/src/KChief.Protocols.OPC/KChief.Protocols.OPC.csproj" (target "CoreBuild" depends on it):
   5:7>Done building target "GetTargetPath" in project "KChief.Protocols.OPC.csproj".
       Target "ComputeIntermediateSatelliteAssemblies" skipped, due to false condition; (@(EmbeddedResource->'%(WithCulture)') != '') was evaluated as ( != '').
   5:7>Target "_CopyFilesMarkedCopyLocal" in file "/usr/share/dotnet/sdk/8.0.415/Microsoft.Common.CurrentVersion.targets" from project "/home/saidul/Desktop/K-Chief Marine Automation Platform/src/KChief.Protocols.OPC/KChief.Protocols.OPC.csproj" (target "CopyFilesToOutputDirectory" depends on it):
       Using "Copy" task from assembly "Microsoft.Build.Tasks.Core, Version=15.1.0.0, Culture=neutral, PublicKeyToken=b03f5f7f11d50a3a".
       Task "Copy"
         Copying file from "/home/saidul/Desktop/K-Chief Marine Automation Platform/src/KChief.Platform.Core/bin/Release/net8.0/KChief.Platform.Core.dll" to "/home/saidul/Desktop/K-Chief Marine Automation Platform/src/KChief.Protocols.OPC/bin/Release/net8.0/KChief.Platform.Core.dll".
         Copying file from "/home/saidul/Desktop/K-Chief Marine Automation Platform/src/KChief.Platform.Core/bin/Release/net8.0/KChief.Platform.Core.pdb" to "/home/saidul/Desktop/K-Chief Marine Automation Platform/src/KChief.Protocols.OPC/bin/Release/net8.0/KChief.Platform.Core.pdb".
       Done executing task "Copy".
       Using "Touch" task from assembly "Microsoft.Build.Tasks.Core, Version=15.1.0.0, Culture=neutral, PublicKeyToken=b03f5f7f11d50a3a".
       Task "Touch"
         Touching "/home/saidul/Desktop/K-Chief Marine Automation Platform/src/KChief.Protocols.OPC/obj/Release/net8.0/KChief.P.D5C893B4.Up2Date".
       Done executing task "Touch".
   5:7>Done building target "_CopyFilesMarkedCopyLocal" in project "KChief.Protocols.OPC.csproj".
       Target "AssignTargetPaths" skipped. Previously built successfully.
       Target "AssignProjectConfiguration" skipped. Previously built successfully.
       Target "_SplitProjectReferencesByFileExistence" skipped. Previously built successfully.
       Target "_GetProjectReferenceTargetFrameworkProperties" skipped. Previously built successfully.
   5:7>Target "_PopulateCommonStateForGetCopyToOutputDirectoryItems" in file "/usr/share/dotnet/sdk/8.0.415/Microsoft.Common.CurrentVersion.targets" from project "/home/saidul/Desktop/K-Chief Marine Automation Platform/src/KChief.Protocols.OPC/KChief.Protocols.OPC.csproj" (target "GetCopyToOutputDirectoryItems" depends on it):
   5:7>Done building target "_PopulateCommonStateForGetCopyToOutputDirectoryItems" in project "KChief.Protocols.OPC.csproj".
       Target "AddDepsJsonAndRuntimeConfigToCopyItemsForReferencingProjects" skipped, due to false condition; ('$(HasRuntimeOutput)' == 'true') was evaluated as ('' == 'true').
   5:7>Target "GetCopyToOutputDirectoryItems" in file "/usr/share/dotnet/sdk/8.0.415/Microsoft.Common.CurrentVersion.targets" from project "/home/saidul/Desktop/K-Chief Marine Automation Platform/src/KChief.Protocols.OPC/KChief.Protocols.OPC.csproj" (target "_CopySourceItemsToOutputDirectory" depends on it):
       Using "CallTarget" task from assembly "Microsoft.Build.Tasks.Core, Version=15.1.0.0, Culture=neutral, PublicKeyToken=b03f5f7f11d50a3a".
       Task "CallTarget"
       Target "_PopulateCommonStateForGetCopyToOutputDirectoryItems" skipped. Previously built successfully.
       Target "_AddOutputPathToGlobalPropertiesToRemove" skipped. Previously built successfully.
   5:7>Target "_GetCopyToOutputDirectoryItemsFromTransitiveProjectReferences" in file "/usr/share/dotnet/sdk/8.0.415/Microsoft.Common.CurrentVersion.targets" from project "/home/saidul/Desktop/K-Chief Marine Automation Platform/src/KChief.Protocols.OPC/KChief.Protocols.OPC.csproj" (target "GetCopyToOutputDirectoryItems" depends on it):
       Task "MSBuild"
         Global Properties:
           Configuration=Release
           Platform=AnyCPU
         Removing Properties for project "../KChief.Platform.Core/KChief.Platform.Core.csproj":
           TargetFramework
           RuntimeIdentifier
           SelfContained
   5:7>Project "/home/saidul/Desktop/K-Chief Marine Automation Platform/src/KChief.Protocols.OPC/KChief.Protocols.OPC.csproj" (5:7) is building "/home/saidul/Desktop/K-Chief Marine Automation Platform/src/KChief.Platform.Core/KChief.Platform.Core.csproj" (10:36) on node 1 (GetCopyToOutputDirectoryItems target(s)).
 10:36>Target "GetCopyToOutputDirectoryItems" skipped. Previously built successfully.
 10:36>Done Building Project "/home/saidul/Desktop/K-Chief Marine Automation Platform/src/KChief.Platform.Core/KChief.Platform.Core.csproj" (GetCopyToOutputDirectoryItems target(s)).
   7:7>Done executing task "GenerateDepsFile".
   7:7>Done building target "GenerateBuildDependencyFile" in project "KChief.AlarmSystem.csproj".
       Target "GenerateBuildRuntimeConfigurationFiles" skipped, due to false condition; ( '$(GenerateRuntimeConfigurationFiles)' == 'true') was evaluated as ( '' == 'true').
       Target "GenerateShimsAssets" skipped, due to false condition; ('$(PackAsTool)' == 'true' and $(PackAsToolShimRuntimeIdentifiers) != '' ) was evaluated as ('' == 'true' and  != '' ).
   5:7>Done executing task "MSBuild".
   7:7>Target "CopyFilesToOutputDirectory" in file "/usr/share/dotnet/sdk/8.0.415/Microsoft.Common.CurrentVersion.targets" from project "/home/saidul/Desktop/K-Chief Marine Automation Platform/src/KChief.AlarmSystem/KChief.AlarmSystem.csproj" (target "PrepareForRun" depends on it):
   7:7>Task "Copy"
   5:7>Task "AssignTargetPath"
       Done executing task "AssignTargetPath".
   5:7>Done building target "_GetCopyToOutputDirectoryItemsFromTransitiveProjectReferences" in project "KChief.Protocols.OPC.csproj".
       Done executing task "CallTarget".
       Task "CallTarget"
       Target "AssignTargetPaths" skipped. Previously built successfully.
       Target "_PopulateCommonStateForGetCopyToOutputDirectoryItems" skipped. Previously built successfully.
       Target "AddDepsJsonAndRuntimeConfigToCopyItemsForReferencingProjects" skipped, due to false condition; ('$(HasRuntimeOutput)' == 'true') was evaluated as ('' == 'true').
   5:7>Target "_GetCopyToOutputDirectoryItemsFromThisProject" in file "/usr/share/dotnet/sdk/8.0.415/Microsoft.Common.CurrentVersion.targets" from project "/home/saidul/Desktop/K-Chief Marine Automation Platform/src/KChief.Protocols.OPC/KChief.Protocols.OPC.csproj" (target "GetCopyToOutputDirectoryItems" depends on it):
       Task "AssignTargetPath"
       Done executing task "AssignTargetPath".
   7:7>CopyFilesToOutputDirectory:
         Copying file from "/home/saidul/Desktop/K-Chief Marine Automation Platform/src/KChief.AlarmSystem/obj/Release/net8.0/KChief.AlarmSystem.dll" to "/home/saidul/Desktop/K-Chief Marine Automation Platform/src/KChief.AlarmSystem/bin/Release/net8.0/KChief.AlarmSystem.dll".
   5:7>Done building target "_GetCopyToOutputDirectoryItemsFromThisProject" in project "KChief.Protocols.OPC.csproj".
       Done executing task "CallTarget".
   5:7>Done building target "GetCopyToOutputDirectoryItems" in project "KChief.Protocols.OPC.csproj".
       Target "_CopyOutOfDateSourceItemsToOutputDirectory" skipped, due to false condition; ( '@(_SourceItemsToCopyToOutputDirectory)' != '' ) was evaluated as ( '' != '' ).
       Target "_CopyOutOfDateSourceItemsToOutputDirectoryAlways" skipped, due to false condition; ( '@(_SourceItemsToCopyToOutputDirectoryAlways)' != '' ) was evaluated as ( '' != '' ).
   5:7>Target "_CopySourceItemsToOutputDirectory" in file "/usr/share/dotnet/sdk/8.0.415/Microsoft.Common.CurrentVersion.targets" from project "/home/saidul/Desktop/K-Chief Marine Automation Platform/src/KChief.Protocols.OPC/KChief.Protocols.OPC.csproj" (target "CopyFilesToOutputDirectory" depends on it):
   5:7>Done building target "_CopySourceItemsToOutputDirectory" in project "KChief.Protocols.OPC.csproj".
       Target "_CopyAppConfigFile" skipped, due to false condition; ( '@(AppConfigWithTargetPath)' != '' ) was evaluated as ( '' != '' ).
       Target "_CopyManifestFiles" skipped, due to false condition; ( '$(_DeploymentCopyApplicationManifest)'=='true' or '$(GenerateClickOnceManifests)'=='true' ) was evaluated as ( ''=='true' or ''=='true' ).
   5:7>Target "_CheckForCompileOutputs" in file "/usr/share/dotnet/sdk/8.0.415/Microsoft.Common.CurrentVersion.targets" from project "/home/saidul/Desktop/K-Chief Marine Automation Platform/src/KChief.Protocols.OPC/KChief.Protocols.OPC.csproj" (target "CopyFilesToOutputDirectory" depends on it):
   5:7>Done building target "_CheckForCompileOutputs" in project "KChief.Protocols.OPC.csproj".
       Target "_SGenCheckForOutputs" skipped, due to false condition; ('$(_SGenGenerateSerializationAssembliesConfig)' == 'On' or ('@(WebReferenceUrl)'!='' and '$(_SGenGenerateSerializationAssembliesConfig)' == 'Auto')) was evaluated as ('Auto' == 'On' or (''!='' and 'Auto' == 'Auto')).
       Target "_DefaultMicrosoftNETPlatformLibrary" skipped. Previously built successfully.
       Target "_HandlePackageFileConflicts" skipped. Previously built successfully.
       Target "ResolveAssemblyReferences" skipped. Previously built successfully.
   7:7>Done executing task "Copy".
       Using "CopyRefAssembly" task from assembly "/usr/share/dotnet/sdk/8.0.415/Roslyn/Microsoft.Build.Tasks.CodeAnalysis.dll".
       Task "CopyRefAssembly"
         Source reference assembly "obj/Release/net8.0/refint/KChief.AlarmSystem.dll" (timestamp "2025-11-06T19:46:51.9553385Z", MVID "756a8d63-5bd8-480d-8fa1-6caba556c7df") differs from destination "/home/saidul/Desktop/K-Chief Marine Automation Platform/src/KChief.AlarmSystem/obj/Release/net8.0/ref/KChief.AlarmSystem.dll" (timestamp "2025-11-06T19:40:57.3113342Z", MVID "061b5ab5-6bf1-497e-a92b-992f25faf4ce").
         Copying reference assembly from "obj/Release/net8.0/refint/KChief.AlarmSystem.dll" to "/home/saidul/Desktop/K-Chief Marine Automation Platform/src/KChief.AlarmSystem/obj/Release/net8.0/ref/KChief.AlarmSystem.dll".
       Done executing task "CopyRefAssembly".
       Task "Message"
   8:8>CoreCompile:
         Microsoft (R) Visual C# Compiler version 4.11.0-3.24554.2 (bc1c3011)
         Copyright (C) Microsoft Corporation. All rights reserved.
   7:7>CopyFilesToOutputDirectory:
         KChief.AlarmSystem -> /home/saidul/Desktop/K-Chief Marine Automation Platform/src/KChief.AlarmSystem/bin/Release/net8.0/KChief.AlarmSystem.dll
       Done executing task "Message".
   8:8>CoreCompile:
         /home/saidul/Desktop/K-Chief Marine Automation Platform/src/KChief.DataAccess/Data/ApplicationDbContext.cs(11,12): info SP0001: Diagnostic 'CS8618: Non-nullable property 'Vessels' must contain a non-null value when exiting constructor. Consider adding the 'required' modifier or declaring the property as nullable.' was programmatically suppressed by a DiagnosticSuppressor with suppression ID 'EFSPR1001' and justification 'DbSet properties on DbContext subclasses are automatically populated by the DbContext constructor.'
   7:7>CopyFilesToOutputDirectory:
       Task "Copy" skipped, due to false condition; ('@(AddModules)' != '') was evaluated as ('' != '').
       Task "Copy" skipped, due to false condition; ('$(_SGenDllCreated)'=='true') was evaluated as ('false'=='true').
       Task "Copy"
   8:8>CoreCompile:
         /home/saidul/Desktop/K-Chief Marine Automation Platform/src/KChief.DataAccess/Data/ApplicationDbContext.cs(11,12): info SP0001: Diagnostic 'CS8618: Non-nullable property 'Engines' must contain a non-null value when exiting constructor. Consider adding the 'required' modifier or declaring the property as nullable.' was programmatically suppressed by a DiagnosticSuppressor with suppression ID 'EFSPR1001' and justification 'DbSet properties on DbContext subclasses are automatically populated by the DbContext constructor.'
         /home/saidul/Desktop/K-Chief Marine Automation Platform/src/KChief.DataAccess/Data/ApplicationDbContext.cs(11,12): info SP0001: Diagnostic 'CS8618: Non-nullable property 'Sensors' must contain a non-null value when exiting constructor. Consider adding the 'required' modifier or declaring the property as nullable.' was programmatically suppressed by a DiagnosticSuppressor with suppression ID 'EFSPR1001' and justification 'DbSet properties on DbContext subclasses are automatically populated by the DbContext constructor.'
         /home/saidul/Desktop/K-Chief Marine Automation Platform/src/KChief.DataAccess/Data/ApplicationDbContext.cs(11,12): info SP0001: Diagnostic 'CS8618: Non-nullable property 'Alarms' must contain a non-null value when exiting constructor. Consider adding the 'required' modifier or declaring the property as nullable.' was programmatically suppressed by a DiagnosticSuppressor with suppression ID 'EFSPR1001' and justification 'DbSet properties on DbContext subclasses are automatically populated by the DbContext constructor.'
         /home/saidul/Desktop/K-Chief Marine Automation Platform/src/KChief.DataAccess/Data/ApplicationDbContext.cs(11,12): info SP0001: Diagnostic 'CS8618: Non-nullable property 'MessageBusEvents' must contain a non-null value when exiting constructor. Consider adding the 'required' modifier or declaring the property as nullable.' was programmatically suppressed by a DiagnosticSuppressor with suppression ID 'EFSPR1001' and justification 'DbSet properties on DbContext subclasses are automatically populated by the DbContext constructor.'
         CompilerServer: server - server processed compilation - KChief.DataAccess (net8.0)
       Done executing task "Csc".
       Task "CallTarget" skipped, due to false condition; ('$(TargetsTriggeredByCompilation)' != '') was evaluated as ('' != '').
   8:8>Done building target "CoreCompile" in project "KChief.DataAccess.csproj".
       Target "_TouchLastBuildWithSkipAnalyzers" skipped, due to false condition; ('$(_SkipAnalyzers)' == 'true') was evaluated as ('' == 'true').
       Target "_TimeStampAfterCompile" skipped, due to false condition; ('$(RunPostBuildEvent)'=='OnOutputUpdated' or ('$(RegisterForComInterop)'=='true' and '$(OutputType)'=='library')) was evaluated as (''=='OnOutputUpdated' or (''=='true' and 'Library'=='library')).
   5:7>Target "_ComputeReferenceAssemblies" in file "/usr/share/dotnet/sdk/8.0.415/Sdks/Microsoft.NET.Sdk/targets/Microsoft.NET.Sdk.targets" from project "/home/saidul/Desktop/K-Chief Marine Automation Platform/src/KChief.Protocols.OPC/KChief.Protocols.OPC.csproj" (target "GenerateBuildDependencyFile" depends on it):
   5:7>Done building target "_ComputeReferenceAssemblies" in project "KChief.Protocols.OPC.csproj".
   8:8>Target "AfterCompile" in file "/usr/share/dotnet/sdk/8.0.415/Microsoft.Common.CurrentVersion.targets" from project "/home/saidul/Desktop/K-Chief Marine Automation Platform/src/KChief.DataAccess/KChief.DataAccess.csproj" (target "Compile" depends on it):
   8:8>Done building target "AfterCompile" in project "KChief.DataAccess.csproj".
       Target "_CreateAppHost" skipped, due to false condition; ('$(ComputeNETCoreBuildOutputFiles)' == 'true' and
                            '$(AppHostSourcePath)' != '' and
                            Exists('@(IntermediateAssembly)') and
                            Exists('$(AppHostSourcePath)')) was evaluated as ('true' == 'true' and
                            '' != '' and
                            Exists('obj/Release/net8.0/KChief.DataAccess.dll') and
                            Exists('')).
       Target "_CreateComHost" skipped, due to false condition; ('$(ComputeNETCoreBuildOutputFiles)' == 'true' and
                            '$(ComHostIntermediatePath)' != '' and
                            Exists('@(IntermediateAssembly)') and
                            Exists('$(ComHostSourcePath)')) was evaluated as ('true' == 'true' and
                            '' != '' and
                            Exists('obj/Release/net8.0/KChief.DataAccess.dll') and
                            Exists('')).
       Target "_GetIjwHostPaths" skipped, due to false condition; ('$(UseIJWHost)' == 'true') was evaluated as ('' == 'true').
   8:8>Target "Compile" in file "/usr/share/dotnet/sdk/8.0.415/Microsoft.Common.CurrentVersion.targets" from project "/home/saidul/Desktop/K-Chief Marine Automation Platform/src/KChief.DataAccess/KChief.DataAccess.csproj" (target "CoreBuild" depends on it):
   8:8>Done building target "Compile" in project "KChief.DataAccess.csproj".
       Target "ExportWindowsMDFile" skipped, due to false condition; ('$(ExportWinMDFile)' == 'true') was evaluated as ('' == 'true').
       Target "UnmanagedUnregistration" skipped, due to false condition; ((('$(_AssemblyTimestampBeforeCompile)' != '$(_AssemblyTimestampAfterCompile)' or '$(RegisterForComInterop)' != 'true' or '$(OutputType)' != 'library') or
                           ('$(_AssemblyTimestampBeforeCompile)' == '')) and
                          Exists('@(_UnmanagedRegistrationCache)')) was evaluated as ((('' != '' or '' != 'true' or 'Library' != 'library') or
                           ('' == '')) and
                          Exists('obj/KChief.DataAccess.csproj.UnmanagedRegistration.cache')).
       Target "GenerateSerializationAssemblies" skipped, due to false condition; ('$(_SGenGenerateSerializationAssembliesConfig)' == 'On' or ('@(WebReferenceUrl)'!='' and '$(_SGenGenerateSerializationAssembliesConfig)' == 'Auto')) was evaluated as ('Auto' == 'On' or (''!='' and 'Auto' == 'Auto')).
   5:7>Target "_ComputeUserRuntimeAssemblies" in file "/usr/share/dotnet/sdk/8.0.415/Sdks/Microsoft.NET.Sdk/targets/Microsoft.NET.Sdk.targets" from project "/home/saidul/Desktop/K-Chief Marine Automation Platform/src/KChief.Protocols.OPC/KChief.Protocols.OPC.csproj" (target "GenerateBuildDependencyFile" depends on it):
   5:7>Done building target "_ComputeUserRuntimeAssemblies" in project "KChief.Protocols.OPC.csproj".
       Target "ResolveRuntimePackAssets" skipped, due to false condition; ('@(RuntimePack)' != '') was evaluated as ('' != '').
   7:7>CopyFilesToOutputDirectory:
         Copying file from "/home/saidul/Desktop/K-Chief Marine Automation Platform/src/KChief.AlarmSystem/obj/Release/net8.0/KChief.AlarmSystem.pdb" to "/home/saidul/Desktop/K-Chief Marine Automation Platform/src/KChief.AlarmSystem/bin/Release/net8.0/KChief.AlarmSystem.pdb".
   8:8>Target "_GenerateSatelliteAssemblyInputs" in file "/usr/share/dotnet/sdk/8.0.415/Microsoft.Common.CurrentVersion.targets" from project "/home/saidul/Desktop/K-Chief Marine Automation Platform/src/KChief.DataAccess/KChief.DataAccess.csproj" (target "CreateSatelliteAssemblies" depends on it):
   8:8>Task "Warning" skipped, due to false condition; ('@(ManifestResourceWithCulture)'!='' and '%(ManifestResourceWithCulture.EmittedForCompatibilityOnly)'=='') was evaluated as (''!='' and ''=='').
   5:7>Target "_ComputePackageReferencePublish" skipped. Previously built successfully.
       Target "ComputeDependencyFileCompilerOptions" skipped, due to false condition; ('$(PreserveCompilationContext)' == 'true') was evaluated as ('' == 'true').
   8:8>_GenerateSatelliteAssemblyInputs:
       Task "Warning" skipped, due to false condition; ('@(ManifestNonResxWithCultureOnDisk)'!='' and '%(ManifestNonResxWithCultureOnDisk.EmittedForCompatibilityOnly)'=='') was evaluated as (''!='' and ''=='').
   5:7>Target "GenerateBuildDependencyFile" in file "/usr/share/dotnet/sdk/8.0.415/Sdks/Microsoft.NET.Sdk/targets/Microsoft.NET.Sdk.targets" from project "/home/saidul/Desktop/K-Chief Marine Automation Platform/src/KChief.Protocols.OPC/KChief.Protocols.OPC.csproj" (target "CopyFilesToOutputDirectory" depends on it):
   5:7>Building target "GenerateBuildDependencyFile" completely.
       Input file "/home/saidul/Desktop/K-Chief Marine Automation Platform/src/KChief.Protocols.OPC/obj/project.assets.json" is newer than output file "/home/saidul/Desktop/K-Chief Marine Automation Platform/src/KChief.Protocols.OPC/bin/Release/net8.0/KChief.Protocols.OPC.deps.json".
   8:8>Done building target "_GenerateSatelliteAssemblyInputs" in project "KChief.DataAccess.csproj".
   7:7>Done executing task "Copy".
   8:8>Target "ComputeIntermediateSatelliteAssemblies" skipped, due to false condition; (@(EmbeddedResource->'%(WithCulture)') != '') was evaluated as ( != '').
   7:7>CopyFilesToOutputDirectory:
       Task "Copy" skipped, due to false condition; ('$(_DocumentationFileProduced)'=='true' and '$(CopyDocumentationFileToOutputDirectory)'=='true') was evaluated as ('false'=='true' and 'true'=='true').
   8:8>Target "GenerateSatelliteAssemblies" skipped, due to false condition; ('@(_SatelliteAssemblyResourceInputs)' != '' and '$(GenerateSatelliteAssembliesForCore)' != 'true') was evaluated as ('' != '' and 'true' != 'true').
   7:7>CopyFilesToOutputDirectory:
       Task "Copy" skipped, due to false condition; ('@(IntermediateSatelliteAssembliesWithTargetPath)' != '') was evaluated as ('' != '').
       Task "Copy" skipped, due to false condition; ('@(ReferenceComWrappersToCopyLocal)' != '' or '@(ResolvedIsolatedComModules)' != '' or '@(_DeploymentLooseManifestFile)' != '' or '@(NativeReferenceFile)' != '' ) was evaluated as ('' != '' or '' != '' or '' != '' or '' != '' ).
   8:8>Target "CoreGenerateSatelliteAssemblies" skipped, due to false condition; ('@(_SatelliteAssemblyResourceInputs)' != ''  and '$(GenerateSatelliteAssembliesForCore)' == 'true' ) was evaluated as ('' != ''  and 'true' == 'true' ).
   7:7>CopyFilesToOutputDirectory:
       Task "Copy" skipped, due to false condition; ('$(SkipCopyWinMDArtifact)' != 'true' and '@(WinMDExpArtifacts)' != '') was evaluated as ('' != 'true' and '' != '').
       Task "Message" skipped, due to false condition; ('$(SkipCopyWinMDArtifact)' != 'true' and '$(_WindowsMetadataOutputPath)' != '') was evaluated as ('' != 'true' and '' != '').
   8:8>Target "CreateSatelliteAssemblies" in file "/usr/share/dotnet/sdk/8.0.415/Microsoft.Common.CurrentVersion.targets" from project "/home/saidul/Desktop/K-Chief Marine Automation Platform/src/KChief.DataAccess/KChief.DataAccess.csproj" (target "CoreBuild" depends on it):
   8:8>Done building target "CreateSatelliteAssemblies" in project "KChief.DataAccess.csproj".
   7:7>Done building target "CopyFilesToOutputDirectory" in project "KChief.AlarmSystem.csproj".
   8:8>Target "GenerateManifests" skipped, due to false condition; ('$(GenerateClickOnceManifests)'=='true' or '@(NativeReference)'!='' or '@(ResolvedIsolatedComModules)'!='' or '$(GenerateAppxManifest)' == 'true') was evaluated as (''=='true' or ''!='' or ''!='' or '' == 'true').
   7:7>Target "_CopyReferenceOnlyAssembliesForBuild" skipped, due to false condition; ('$(PreserveCompilationReferences)' == 'true') was evaluated as ('' == 'true').
   7:7>Target "PrepareForRun" in file "/usr/share/dotnet/sdk/8.0.415/Microsoft.Common.CurrentVersion.targets" from project "/home/saidul/Desktop/K-Chief Marine Automation Platform/src/KChief.AlarmSystem/KChief.AlarmSystem.csproj" (target "CoreBuild" depends on it):
   7:7>Done building target "PrepareForRun" in project "KChief.AlarmSystem.csproj".
   8:8>Target "GetTargetPathWithTargetPlatformMoniker" in file "/usr/share/dotnet/sdk/8.0.415/Microsoft.Common.CurrentVersion.targets" from project "/home/saidul/Desktop/K-Chief Marine Automation Platform/src/KChief.DataAccess/KChief.DataAccess.csproj" (target "GetTargetPath" depends on it):
   8:8>Done building target "GetTargetPathWithTargetPlatformMoniker" in project "KChief.DataAccess.csproj".
   7:7>Target "UnmanagedRegistration" skipped, due to false condition; ('$(RegisterForComInterop)'=='true' and '$(OutputType)'=='library') was evaluated as (''=='true' and 'Library'=='library').
       Target "_CheckForCompileOutputs" skipped. Previously built successfully.
       Target "_SGenCheckForOutputs" skipped, due to false condition; ('$(_SGenGenerateSerializationAssembliesConfig)' == 'On' or ('@(WebReferenceUrl)'!='' and '$(_SGenGenerateSerializationAssembliesConfig)' == 'Auto')) was evaluated as ('Auto' == 'On' or (''!='' and 'Auto' == 'Auto')).
   8:8>Target "GetTargetPath" in file "/usr/share/dotnet/sdk/8.0.415/Microsoft.Common.CurrentVersion.targets" from project "/home/saidul/Desktop/K-Chief Marine Automation Platform/src/KChief.DataAccess/KChief.DataAccess.csproj" (target "CoreBuild" depends on it):
   8:8>Done building target "GetTargetPath" in project "KChief.DataAccess.csproj".
   7:7>Target "_CleanGetCurrentAndPriorFileWrites" in file "/usr/share/dotnet/sdk/8.0.415/Microsoft.Common.CurrentVersion.targets" from project "/home/saidul/Desktop/K-Chief Marine Automation Platform/src/KChief.AlarmSystem/KChief.AlarmSystem.csproj" (target "IncrementalClean" depends on it):
   7:7>Using "ReadLinesFromFile" task from assembly "Microsoft.Build.Tasks.Core, Version=15.1.0.0, Culture=neutral, PublicKeyToken=b03f5f7f11d50a3a".
   8:8>Target "ComputeIntermediateSatelliteAssemblies" skipped, due to false condition; (@(EmbeddedResource->'%(WithCulture)') != '') was evaluated as ( != '').
   8:8>Target "_CopyFilesMarkedCopyLocal" in file "/usr/share/dotnet/sdk/8.0.415/Microsoft.Common.CurrentVersion.targets" from project "/home/saidul/Desktop/K-Chief Marine Automation Platform/src/KChief.DataAccess/KChief.DataAccess.csproj" (target "CopyFilesToOutputDirectory" depends on it):
       Using "Copy" task from assembly "Microsoft.Build.Tasks.Core, Version=15.1.0.0, Culture=neutral, PublicKeyToken=b03f5f7f11d50a3a".
   7:7>Task "ReadLinesFromFile"
   8:8>Task "Copy"
         Copying file from "/home/saidul/Desktop/K-Chief Marine Automation Platform/src/KChief.Platform.Core/bin/Release/net8.0/KChief.Platform.Core.dll" to "/home/saidul/Desktop/K-Chief Marine Automation Platform/src/KChief.DataAccess/bin/Release/net8.0/KChief.Platform.Core.dll".
   7:7>Done executing task "ReadLinesFromFile".
   8:8>_CopyFilesMarkedCopyLocal:
         Copying file from "/home/saidul/Desktop/K-Chief Marine Automation Platform/src/KChief.Platform.Core/bin/Release/net8.0/KChief.Platform.Core.pdb" to "/home/saidul/Desktop/K-Chief Marine Automation Platform/src/KChief.DataAccess/bin/Release/net8.0/KChief.Platform.Core.pdb".
   7:7>Task "ConvertToAbsolutePath"
   5:7>GenerateBuildDependencyFile:
       Using "GenerateDepsFile" task from assembly "/usr/share/dotnet/sdk/8.0.415/Sdks/Microsoft.NET.Sdk/targets/../tools/net8.0/Microsoft.NET.Build.Tasks.dll".
       Task "GenerateDepsFile"
   8:8>Done executing task "Copy".
   7:7>Done executing task "ConvertToAbsolutePath".
   8:8>_CopyFilesMarkedCopyLocal:
       Using "Touch" task from assembly "Microsoft.Build.Tasks.Core, Version=15.1.0.0, Culture=neutral, PublicKeyToken=b03f5f7f11d50a3a".
       Task "Touch"
         Touching "/home/saidul/Desktop/K-Chief Marine Automation Platform/src/KChief.DataAccess/obj/Release/net8.0/KChief.D.3F2D3CA3.Up2Date".
   7:7>_CleanGetCurrentAndPriorFileWrites:
       Using "FindUnderPath" task from assembly "Microsoft.Build.Tasks.Core, Version=15.1.0.0, Culture=neutral, PublicKeyToken=b03f5f7f11d50a3a".
       Task "FindUnderPath"
   8:8>Done executing task "Touch".
   7:7>_CleanGetCurrentAndPriorFileWrites:
         Comparison path is "/home/saidul/Desktop/K-Chief Marine Automation Platform/src/KChief.AlarmSystem".
   8:8>Done building target "_CopyFilesMarkedCopyLocal" in project "KChief.DataAccess.csproj".
       Target "AssignTargetPaths" skipped. Previously built successfully.
   7:7>Done executing task "FindUnderPath".
   8:8>Target "AssignProjectConfiguration" skipped. Previously built successfully.
   7:7>Task "FindUnderPath"
   8:8>Target "_SplitProjectReferencesByFileExistence" skipped. Previously built successfully.
       Target "_GetProjectReferenceTargetFrameworkProperties" skipped. Previously built successfully.
   8:8>Target "_PopulateCommonStateForGetCopyToOutputDirectoryItems" in file "/usr/share/dotnet/sdk/8.0.415/Microsoft.Common.CurrentVersion.targets" from project "/home/saidul/Desktop/K-Chief Marine Automation Platform/src/KChief.DataAccess/KChief.DataAccess.csproj" (target "GetCopyToOutputDirectoryItems" depends on it):
   8:8>Done building target "_PopulateCommonStateForGetCopyToOutputDirectoryItems" in project "KChief.DataAccess.csproj".
       Target "AddDepsJsonAndRuntimeConfigToCopyItemsForReferencingProjects" skipped, due to false condition; ('$(HasRuntimeOutput)' == 'true') was evaluated as ('' == 'true').
   7:7>_CleanGetCurrentAndPriorFileWrites:
         Comparison path is "bin/Release/net8.0/".
   8:8>Target "GetCopyToOutputDirectoryItems" in file "/usr/share/dotnet/sdk/8.0.415/Microsoft.Common.CurrentVersion.targets" from project "/home/saidul/Desktop/K-Chief Marine Automation Platform/src/KChief.DataAccess/KChief.DataAccess.csproj" (target "_CopySourceItemsToOutputDirectory" depends on it):
   8:8>Using "CallTarget" task from assembly "Microsoft.Build.Tasks.Core, Version=15.1.0.0, Culture=neutral, PublicKeyToken=b03f5f7f11d50a3a".
   7:7>Done executing task "FindUnderPath".
       Task "FindUnderPath"
   8:8>Task "CallTarget"
   7:7>_CleanGetCurrentAndPriorFileWrites:
         Comparison path is "obj/Release/net8.0/".
   8:8>Target "_PopulateCommonStateForGetCopyToOutputDirectoryItems" skipped. Previously built successfully.
       Target "_AddOutputPathToGlobalPropertiesToRemove" skipped. Previously built successfully.
   7:7>Done executing task "FindUnderPath".
   8:8>Target "_GetCopyToOutputDirectoryItemsFromTransitiveProjectReferences" in file "/usr/share/dotnet/sdk/8.0.415/Microsoft.Common.CurrentVersion.targets" from project "/home/saidul/Desktop/K-Chief Marine Automation Platform/src/KChief.DataAccess/KChief.DataAccess.csproj" (target "GetCopyToOutputDirectoryItems" depends on it):
   8:8>Task "MSBuild"
   7:7>Task "RemoveDuplicates"
   8:8>_GetCopyToOutputDirectoryItemsFromTransitiveProjectReferences:
         Global Properties:
           Configuration=Release
   7:7>Done executing task "RemoveDuplicates".
   8:8>_GetCopyToOutputDirectoryItemsFromTransitiveProjectReferences:
           Platform=AnyCPU
         Removing Properties for project "../KChief.Platform.Core/KChief.Platform.Core.csproj":
           TargetFramework
           RuntimeIdentifier
           SelfContained
   7:7>Done building target "_CleanGetCurrentAndPriorFileWrites" in project "KChief.AlarmSystem.csproj".
   7:7>Target "IncrementalClean" in file "/usr/share/dotnet/sdk/8.0.415/Microsoft.Common.CurrentVersion.targets" from project "/home/saidul/Desktop/K-Chief Marine Automation Platform/src/KChief.AlarmSystem/KChief.AlarmSystem.csproj" (target "CoreBuild" depends on it):
       Task "FindUnderPath"
         Comparison path is "bin/Release/net8.0/".
       Done executing task "FindUnderPath".
       Task "FindUnderPath"
         Comparison path is "obj/Release/net8.0/".
   8:8>Project "/home/saidul/Desktop/K-Chief Marine Automation Platform/src/KChief.DataAccess/KChief.DataAccess.csproj" (8:8) is building "/home/saidul/Desktop/K-Chief Marine Automation Platform/src/KChief.Platform.Core/KChief.Platform.Core.csproj" (10:37) on node 1 (GetCopyToOutputDirectoryItems target(s)).
 10:37>Target "GetCopyToOutputDirectoryItems" skipped. Previously built successfully.
 10:37>Done Building Project "/home/saidul/Desktop/K-Chief Marine Automation Platform/src/KChief.Platform.Core/KChief.Platform.Core.csproj" (GetCopyToOutputDirectoryItems target(s)).
   7:7>Done executing task "FindUnderPath".
       Using "Delete" task from assembly "Microsoft.Build.Tasks.Core, Version=15.1.0.0, Culture=neutral, PublicKeyToken=b03f5f7f11d50a3a".
       Task "Delete"
       Done executing task "Delete".
       Task "RemoveDuplicates"
       Done executing task "RemoveDuplicates".
       Task "WriteLinesToFile" skipped, due to false condition; ('@(_CleanUnfilteredPriorFileWrites)'!='@(_CleanUniqueRemainingFileWritesAfterIncrementalClean)') was evaluated as ('/home/saidul/Desktop/K-Chief Marine Automation Platform/src/KChief.AlarmSystem/bin/Release/net8.0/KChief.AlarmSystem.deps.json;/home/saidul/Desktop/K-Chief Marine Automation Platform/src/KChief.AlarmSystem/bin/Release/net8.0/KChief.AlarmSystem.dll;/home/saidul/Desktop/K-Chief Marine Automation Platform/src/KChief.AlarmSystem/bin/Release/net8.0/KChief.AlarmSystem.pdb;...'!='/home/saidul/Desktop/K-Chief Marine Automation Platform/src/KChief.AlarmSystem/bin/Release/net8.0/KChief.AlarmSystem.deps.json;/home/saidul/Desktop/K-Chief Marine Automation Platform/src/KChief.AlarmSystem/bin/Release/net8.0/KChief.AlarmSystem.dll;/home/saidul/Desktop/K-Chief Marine Automation Platform/src/KChief.AlarmSystem/bin/Release/net8.0/KChief.AlarmSystem.pdb;...').
   7:7>Done building target "IncrementalClean" in project "KChief.AlarmSystem.csproj".
   8:8>Done executing task "MSBuild".
   7:7>Target "PostBuildEvent" skipped, due to false condition; ('$(PostBuildEvent)' != '' and ('$(RunPostBuildEvent)' != 'OnOutputUpdated' or '$(_AssemblyTimestampBeforeCompile)' != '$(_AssemblyTimestampAfterCompile)')) was evaluated as ('' != '' and ('' != 'OnOutputUpdated' or '' != '')).
       Target "GenerateBuildDependencyFile" skipped. Previously built successfully.
   8:8>Task "AssignTargetPath"
   7:7>Target "GenerateBuildRuntimeConfigurationFiles" skipped, due to false condition; ( '$(GenerateRuntimeConfigurationFiles)' == 'true') was evaluated as ( '' == 'true').
   7:7>Target "CoreBuild" in file "/usr/share/dotnet/sdk/8.0.415/Microsoft.Common.CurrentVersion.targets" from project "/home/saidul/Desktop/K-Chief Marine Automation Platform/src/KChief.AlarmSystem/KChief.AlarmSystem.csproj" (target "Build" depends on it):
   7:7>Done building target "CoreBuild" in project "KChief.AlarmSystem.csproj".
   8:8>Done executing task "AssignTargetPath".
   8:8>Done building target "_GetCopyToOutputDirectoryItemsFromTransitiveProjectReferences" in project "KChief.DataAccess.csproj".
       Done executing task "CallTarget".
   7:7>Target "AfterBuild" in file "/usr/share/dotnet/sdk/8.0.415/Microsoft.Common.CurrentVersion.targets" from project "/home/saidul/Desktop/K-Chief Marine Automation Platform/src/KChief.AlarmSystem/KChief.AlarmSystem.csproj" (target "Build" depends on it):
   7:7>Done building target "AfterBuild" in project "KChief.AlarmSystem.csproj".
   8:8>Task "CallTarget"
   7:7>Target "_CheckBrowserWorkloadNeededButNotAvailable" skipped, due to false condition; ('$(RuntimeIdentifier)' == 'browser-wasm' and '$(_BrowserWorkloadDisabled)' != 'true' and '$(WasmNativeWorkloadAvailable)' != 'true') was evaluated as ('' == 'browser-wasm' and '' != 'true' and '' != 'true').
       Target "_ErrorWorkloadDisabledForTFMLessThan6" skipped, due to false condition; ('$(_BrowserWorkloadNotSupportedForTFM)' == 'true') was evaluated as ('' == 'true').
       Target "_ErrorDualWasmThreadPropsOn7" skipped, due to false condition; ('$(TargetsNet7)' == 'true' and '$(RuntimeIdentifier)' == 'browser-wasm' and
           '$(BrowserWorkloadDisabled)' != 'true' and '$(WasmEnableThreads)' == 'true' and '$(WasmEnablePerfTrace)' == 'true') was evaluated as ('' == 'true' and '' == 'browser-wasm' and
           '' != 'true' and '' == 'true' and '' == 'true').
       Target "_CheckForInvalidConfigurationAndPlatform" skipped. Previously built successfully.
       Target "_CheckForInvalidConfigurationAndPlatform" skipped. Previously built successfully.
   7:7>Target "Build" in file "/usr/share/dotnet/sdk/8.0.415/Microsoft.Common.CurrentVersion.targets" from project "/home/saidul/Desktop/K-Chief Marine Automation Platform/src/KChief.AlarmSystem/KChief.AlarmSystem.csproj" (entry point):
   7:7>Done building target "Build" in project "KChief.AlarmSystem.csproj".
   8:8>Target "AssignTargetPaths" skipped. Previously built successfully.
       Target "_PopulateCommonStateForGetCopyToOutputDirectoryItems" skipped. Previously built successfully.
   7:7>Target "_PackAsBuildAfterTarget" skipped, due to false condition; ('$(GeneratePackageOnBuild)' == 'true' AND '$(IsInnerBuild)' != 'true') was evaluated as ('false' == 'true' AND '' != 'true').
   8:8>Target "AddDepsJsonAndRuntimeConfigToCopyItemsForReferencingProjects" skipped, due to false condition; ('$(HasRuntimeOutput)' == 'true') was evaluated as ('' == 'true').
   8:8>Target "_GetCopyToOutputDirectoryItemsFromThisProject" in file "/usr/share/dotnet/sdk/8.0.415/Microsoft.Common.CurrentVersion.targets" from project "/home/saidul/Desktop/K-Chief Marine Automation Platform/src/KChief.DataAccess/KChief.DataAccess.csproj" (target "GetCopyToOutputDirectoryItems" depends on it):
       Task "AssignTargetPath"
   7:7>Target "_CheckContainersPackage" in file "/usr/share/dotnet/sdk/8.0.415/Containers/build/Microsoft.NET.Build.Containers.targets" from project "/home/saidul/Desktop/K-Chief Marine Automation Platform/src/KChief.AlarmSystem/KChief.AlarmSystem.csproj" (entry point):
   7:7>Task "Warning" skipped, due to false condition; ($(_ContainerPackageIsPresent)
        and (
          ($(_SdkCanPublishWeb) and $(_IsWebProject)) or
          ($(_SdkCanPublishWorker) and $(_IsWorkerProject)) or
          ($(_SdkCanPublishConsole) and '$(EnableSdkContainerSupport)' == 'true')
        )) was evaluated as (false
        and (
          (True and false) or
          (True and false) or
          (True and '' == 'true')
        )).
   7:7>Done building target "_CheckContainersPackage" in project "KChief.AlarmSystem.csproj".
   8:8>Done executing task "AssignTargetPath".
   7:7>Done Building Project "/home/saidul/Desktop/K-Chief Marine Automation Platform/src/KChief.AlarmSystem/KChief.AlarmSystem.csproj" (default targets).
   8:8>Done building target "_GetCopyToOutputDirectoryItemsFromThisProject" in project "KChief.DataAccess.csproj".
       Done executing task "CallTarget".
   5:7>Done executing task "GenerateDepsFile".
   8:8>Done building target "GetCopyToOutputDirectoryItems" in project "KChief.DataAccess.csproj".
       Target "_CopyOutOfDateSourceItemsToOutputDirectory" skipped, due to false condition; ( '@(_SourceItemsToCopyToOutputDirectory)' != '' ) was evaluated as ( '' != '' ).
   5:7>Done building target "GenerateBuildDependencyFile" in project "KChief.Protocols.OPC.csproj".
   8:8>Target "_CopyOutOfDateSourceItemsToOutputDirectoryAlways" skipped, due to false condition; ( '@(_SourceItemsToCopyToOutputDirectoryAlways)' != '' ) was evaluated as ( '' != '' ).
   5:7>Target "GenerateBuildRuntimeConfigurationFiles" skipped, due to false condition; ( '$(GenerateRuntimeConfigurationFiles)' == 'true') was evaluated as ( '' == 'true').
   8:8>Target "_CopySourceItemsToOutputDirectory" in file "/usr/share/dotnet/sdk/8.0.415/Microsoft.Common.CurrentVersion.targets" from project "/home/saidul/Desktop/K-Chief Marine Automation Platform/src/KChief.DataAccess/KChief.DataAccess.csproj" (target "CopyFilesToOutputDirectory" depends on it):
   8:8>Done building target "_CopySourceItemsToOutputDirectory" in project "KChief.DataAccess.csproj".
   5:7>Target "GenerateShimsAssets" skipped, due to false condition; ('$(PackAsTool)' == 'true' and $(PackAsToolShimRuntimeIdentifiers) != '' ) was evaluated as ('' == 'true' and  != '' ).
   8:8>Target "_CopyAppConfigFile" skipped, due to false condition; ( '@(AppConfigWithTargetPath)' != '' ) was evaluated as ( '' != '' ).
   5:7>Target "CopyFilesToOutputDirectory" in file "/usr/share/dotnet/sdk/8.0.415/Microsoft.Common.CurrentVersion.targets" from project "/home/saidul/Desktop/K-Chief Marine Automation Platform/src/KChief.Protocols.OPC/KChief.Protocols.OPC.csproj" (target "PrepareForRun" depends on it):
   5:7>Task "Copy"
   8:8>Target "_CopyManifestFiles" skipped, due to false condition; ( '$(_DeploymentCopyApplicationManifest)'=='true' or '$(GenerateClickOnceManifests)'=='true' ) was evaluated as ( ''=='true' or ''=='true' ).
   8:8>Target "_CheckForCompileOutputs" in file "/usr/share/dotnet/sdk/8.0.415/Microsoft.Common.CurrentVersion.targets" from project "/home/saidul/Desktop/K-Chief Marine Automation Platform/src/KChief.DataAccess/KChief.DataAccess.csproj" (target "CopyFilesToOutputDirectory" depends on it):
   8:8>Done building target "_CheckForCompileOutputs" in project "KChief.DataAccess.csproj".
       Target "_SGenCheckForOutputs" skipped, due to false condition; ('$(_SGenGenerateSerializationAssembliesConfig)' == 'On' or ('@(WebReferenceUrl)'!='' and '$(_SGenGenerateSerializationAssembliesConfig)' == 'Auto')) was evaluated as ('Auto' == 'On' or (''!='' and 'Auto' == 'Auto')).
       Target "_DefaultMicrosoftNETPlatformLibrary" skipped. Previously built successfully.
       Target "_HandlePackageFileConflicts" skipped. Previously built successfully.
       Target "ResolveAssemblyReferences" skipped. Previously built successfully.
   9:8>Project "/home/saidul/Desktop/K-Chief Marine Automation Platform/src/KChief.Platform.API/KChief.Platform.API.csproj" (9:8) is building "/home/saidul/Desktop/K-Chief Marine Automation Platform/src/KChief.AlarmSystem/KChief.AlarmSystem.csproj" (7:11) on node 5 (default targets).
  7:11>Target "Build" skipped. Previously built successfully.
  7:11>Done Building Project "/home/saidul/Desktop/K-Chief Marine Automation Platform/src/KChief.AlarmSystem/KChief.AlarmSystem.csproj" (default targets).
   6:6>Project "/home/saidul/Desktop/K-Chief Marine Automation Platform/tests/KChief.Integration.Tests/KChief.Integration.Tests.csproj" (6:6) is building "/home/saidul/Desktop/K-Chief Marine Automation Platform/src/KChief.AlarmSystem/KChief.AlarmSystem.csproj" (7:12) on node 5 (default targets).
  7:12>Target "Build" skipped. Previously built successfully.
  7:12>Done Building Project "/home/saidul/Desktop/K-Chief Marine Automation Platform/src/KChief.AlarmSystem/KChief.AlarmSystem.csproj" (default targets).
   5:7>CopyFilesToOutputDirectory:
         Copying file from "/home/saidul/Desktop/K-Chief Marine Automation Platform/src/KChief.Protocols.OPC/obj/Release/net8.0/KChief.Protocols.OPC.dll" to "/home/saidul/Desktop/K-Chief Marine Automation Platform/src/KChief.Protocols.OPC/bin/Release/net8.0/KChief.Protocols.OPC.dll".
   3:6>Project "/home/saidul/Desktop/K-Chief Marine Automation Platform/tests/KChief.Platform.Tests/KChief.Platform.Tests.csproj" (3:6) is building "/home/saidul/Desktop/K-Chief Marine Automation Platform/src/KChief.AlarmSystem/KChief.AlarmSystem.csproj" (7:13) on node 5 (default targets).
  7:13>Target "Build" skipped. Previously built successfully.
  7:13>Done Building Project "/home/saidul/Desktop/K-Chief Marine Automation Platform/src/KChief.AlarmSystem/KChief.AlarmSystem.csproj" (default targets).
   8:8>Target "_ComputeReferenceAssemblies" in file "/usr/share/dotnet/sdk/8.0.415/Sdks/Microsoft.NET.Sdk/targets/Microsoft.NET.Sdk.targets" from project "/home/saidul/Desktop/K-Chief Marine Automation Platform/src/KChief.DataAccess/KChief.DataAccess.csproj" (target "GenerateBuildDependencyFile" depends on it):
   8:8>Done building target "_ComputeReferenceAssemblies" in project "KChief.DataAccess.csproj".
   8:8>Target "_ComputeUserRuntimeAssemblies" in file "/usr/share/dotnet/sdk/8.0.415/Sdks/Microsoft.NET.Sdk/targets/Microsoft.NET.Sdk.targets" from project "/home/saidul/Desktop/K-Chief Marine Automation Platform/src/KChief.DataAccess/KChief.DataAccess.csproj" (target "GenerateBuildDependencyFile" depends on it):
   8:8>Done building target "_ComputeUserRuntimeAssemblies" in project "KChief.DataAccess.csproj".
       Target "ResolveRuntimePackAssets" skipped, due to false condition; ('@(RuntimePack)' != '') was evaluated as ('' != '').
       Target "_ComputePackageReferencePublish" skipped. Previously built successfully.
       Target "ComputeDependencyFileCompilerOptions" skipped, due to false condition; ('$(PreserveCompilationContext)' == 'true') was evaluated as ('' == 'true').
   8:8>Target "GenerateBuildDependencyFile" in file "/usr/share/dotnet/sdk/8.0.415/Sdks/Microsoft.NET.Sdk/targets/Microsoft.NET.Sdk.targets" from project "/home/saidul/Desktop/K-Chief Marine Automation Platform/src/KChief.DataAccess/KChief.DataAccess.csproj" (target "CopyFilesToOutputDirectory" depends on it):
       Skipping target "GenerateBuildDependencyFile" because all output files are up-to-date with respect to the input files.
       Input files: 
           /home/saidul/Desktop/K-Chief Marine Automation Platform/src/KChief.DataAccess/obj/project.assets.json
           /home/saidul/Desktop/K-Chief Marine Automation Platform/src/KChief.DataAccess/obj/Release/net8.0/KChief.DataAccess.assets.cache
           /home/saidul/Desktop/K-Chief Marine Automation Platform/src/KChief.DataAccess/KChief.DataAccess.csproj
           /usr/share/dotnet/sdk/8.0.415/Current/Microsoft.Common.targets/ImportAfter/Microsoft.TestPlatform.ImportAfter.targets
       Output files: /home/saidul/Desktop/K-Chief Marine Automation Platform/src/KChief.DataAccess/bin/Release/net8.0/KChief.DataAccess.deps.json
   8:8>Done building target "GenerateBuildDependencyFile" in project "KChief.DataAccess.csproj".
       Target "_DefaultMicrosoftNETPlatformLibrary" skipped. Previously built successfully.
   5:7>Done executing task "Copy".
   8:8>Target "_GenerateRuntimeConfigurationFilesInputCache" in file "/usr/share/dotnet/sdk/8.0.415/Sdks/Microsoft.NET.Sdk/targets/Microsoft.NET.Sdk.targets" from project "/home/saidul/Desktop/K-Chief Marine Automation Platform/src/KChief.DataAccess/KChief.DataAccess.csproj" (target "GenerateBuildRuntimeConfigurationFiles" depends on it):
   8:8>Task "Hash"
   5:7>CopyFilesToOutputDirectory:
       Using "CopyRefAssembly" task from assembly "/usr/share/dotnet/sdk/8.0.415/Roslyn/Microsoft.Build.Tasks.CodeAnalysis.dll".
       Task "CopyRefAssembly"
         Source reference assembly "obj/Release/net8.0/refint/KChief.Protocols.OPC.dll" (timestamp "2025-11-06T19:46:51.9893385Z", MVID "bc162037-243d-4e20-ab86-5c05ca572c1d") differs from destination "/home/saidul/Desktop/K-Chief Marine Automation Platform/src/KChief.Protocols.OPC/obj/Release/net8.0/ref/KChief.Protocols.OPC.dll" (timestamp "2025-11-06T19:40:57.3313342Z", MVID "eb4cd05a-32ac-4e40-8deb-3108424bb8f0").
         Copying reference assembly from "obj/Release/net8.0/refint/KChief.Protocols.OPC.dll" to "/home/saidul/Desktop/K-Chief Marine Automation Platform/src/KChief.Protocols.OPC/obj/Release/net8.0/ref/KChief.Protocols.OPC.dll".
       Done executing task "CopyRefAssembly".
       Task "Message"
         KChief.Protocols.OPC -> /home/saidul/Desktop/K-Chief Marine Automation Platform/src/KChief.Protocols.OPC/bin/Release/net8.0/KChief.Protocols.OPC.dll
       Done executing task "Message".
   8:8>Done executing task "Hash".
       Task "WriteLinesToFile"
   5:7>CopyFilesToOutputDirectory:
       Task "Copy" skipped, due to false condition; ('@(AddModules)' != '') was evaluated as ('' != '').
       Task "Copy" skipped, due to false condition; ('$(_SGenDllCreated)'=='true') was evaluated as ('false'=='true').
       Task "Copy"
   8:8>_GenerateRuntimeConfigurationFilesInputCache:
         Skipping write to file "/home/saidul/Desktop/K-Chief Marine Automation Platform/src/KChief.DataAccess/obj/Release/net8.0/KChief.DataAccess.genruntimeconfig.cache" because content would not change.
       Done executing task "WriteLinesToFile".
   8:8>Done building target "_GenerateRuntimeConfigurationFilesInputCache" in project "KChief.DataAccess.csproj".
   5:7>CopyFilesToOutputDirectory:
         Copying file from "/home/saidul/Desktop/K-Chief Marine Automation Platform/src/KChief.Protocols.OPC/obj/Release/net8.0/KChief.Protocols.OPC.pdb" to "/home/saidul/Desktop/K-Chief Marine Automation Platform/src/KChief.Protocols.OPC/bin/Release/net8.0/KChief.Protocols.OPC.pdb".
   8:8>Target "GenerateBuildRuntimeConfigurationFiles" in file "/usr/share/dotnet/sdk/8.0.415/Sdks/Microsoft.NET.Sdk/targets/Microsoft.NET.Sdk.targets" from project "/home/saidul/Desktop/K-Chief Marine Automation Platform/src/KChief.DataAccess/KChief.DataAccess.csproj" (target "CopyFilesToOutputDirectory" depends on it):
   8:8>Skipping target "GenerateBuildRuntimeConfigurationFiles" because all output files are up-to-date with respect to the input files.
       Input files: 
           /home/saidul/Desktop/K-Chief Marine Automation Platform/src/KChief.DataAccess/obj/project.assets.json
           /home/saidul/Desktop/K-Chief Marine Automation Platform/src/KChief.DataAccess/obj/Release/net8.0/KChief.DataAccess.assets.cache
           /home/saidul/Desktop/K-Chief Marine Automation Platform/src/KChief.DataAccess/obj/Release/net8.0/KChief.DataAccess.genruntimeconfig.cache
       Output files: /home/saidul/Desktop/K-Chief Marine Automation Platform/src/KChief.DataAccess/bin/Release/net8.0/KChief.DataAccess.runtimeconfig.json
   5:7>Done executing task "Copy".
       Task "Copy" skipped, due to false condition; ('$(_DocumentationFileProduced)'=='true' and '$(CopyDocumentationFileToOutputDirectory)'=='true') was evaluated as ('false'=='true' and 'true'=='true').
       Task "Copy" skipped, due to false condition; ('@(IntermediateSatelliteAssembliesWithTargetPath)' != '') was evaluated as ('' != '').
       Task "Copy" skipped, due to false condition; ('@(ReferenceComWrappersToCopyLocal)' != '' or '@(ResolvedIsolatedComModules)' != '' or '@(_DeploymentLooseManifestFile)' != '' or '@(NativeReferenceFile)' != '' ) was evaluated as ('' != '' or '' != '' or '' != '' or '' != '' ).
       Task "Copy" skipped, due to false condition; ('$(SkipCopyWinMDArtifact)' != 'true' and '@(WinMDExpArtifacts)' != '') was evaluated as ('' != 'true' and '' != '').
       Task "Message" skipped, due to false condition; ('$(SkipCopyWinMDArtifact)' != 'true' and '$(_WindowsMetadataOutputPath)' != '') was evaluated as ('' != 'true' and '' != '').
   5:7>Done building target "CopyFilesToOutputDirectory" in project "KChief.Protocols.OPC.csproj".
       Target "_CopyReferenceOnlyAssembliesForBuild" skipped, due to false condition; ('$(PreserveCompilationReferences)' == 'true') was evaluated as ('' == 'true').
   5:7>Target "PrepareForRun" in file "/usr/share/dotnet/sdk/8.0.415/Microsoft.Common.CurrentVersion.targets" from project "/home/saidul/Desktop/K-Chief Marine Automation Platform/src/KChief.Protocols.OPC/KChief.Protocols.OPC.csproj" (target "CoreBuild" depends on it):
   5:7>Done building target "PrepareForRun" in project "KChief.Protocols.OPC.csproj".
       Target "UnmanagedRegistration" skipped, due to false condition; ('$(RegisterForComInterop)'=='true' and '$(OutputType)'=='library') was evaluated as (''=='true' and 'Library'=='library').
       Target "_CheckForCompileOutputs" skipped. Previously built successfully.
       Target "_SGenCheckForOutputs" skipped, due to false condition; ('$(_SGenGenerateSerializationAssembliesConfig)' == 'On' or ('@(WebReferenceUrl)'!='' and '$(_SGenGenerateSerializationAssembliesConfig)' == 'Auto')) was evaluated as ('Auto' == 'On' or (''!='' and 'Auto' == 'Auto')).
   5:7>Target "_CleanGetCurrentAndPriorFileWrites" in file "/usr/share/dotnet/sdk/8.0.415/Microsoft.Common.CurrentVersion.targets" from project "/home/saidul/Desktop/K-Chief Marine Automation Platform/src/KChief.Protocols.OPC/KChief.Protocols.OPC.csproj" (target "IncrementalClean" depends on it):
       Using "ReadLinesFromFile" task from assembly "Microsoft.Build.Tasks.Core, Version=15.1.0.0, Culture=neutral, PublicKeyToken=b03f5f7f11d50a3a".
       Task "ReadLinesFromFile"
   8:8>Done building target "GenerateBuildRuntimeConfigurationFiles" in project "KChief.DataAccess.csproj".
       Target "GenerateShimsAssets" skipped, due to false condition; ('$(PackAsTool)' == 'true' and $(PackAsToolShimRuntimeIdentifiers) != '' ) was evaluated as ('' == 'true' and  != '' ).
   8:8>Target "CopyFilesToOutputDirectory" in file "/usr/share/dotnet/sdk/8.0.415/Microsoft.Common.CurrentVersion.targets" from project "/home/saidul/Desktop/K-Chief Marine Automation Platform/src/KChief.DataAccess/KChief.DataAccess.csproj" (target "PrepareForRun" depends on it):
       Task "Copy"
   5:7>Done executing task "ReadLinesFromFile".
       Task "ConvertToAbsolutePath"
       Done executing task "ConvertToAbsolutePath".
   8:8>CopyFilesToOutputDirectory:
         Copying file from "/home/saidul/Desktop/K-Chief Marine Automation Platform/src/KChief.DataAccess/obj/Release/net8.0/KChief.DataAccess.dll" to "/home/saidul/Desktop/K-Chief Marine Automation Platform/src/KChief.DataAccess/bin/Release/net8.0/KChief.DataAccess.dll".
   4:7>Done executing task "GenerateDepsFile".
   5:7>_CleanGetCurrentAndPriorFileWrites:
       Using "FindUnderPath" task from assembly "Microsoft.Build.Tasks.Core, Version=15.1.0.0, Culture=neutral, PublicKeyToken=b03f5f7f11d50a3a".
       Task "FindUnderPath"
   4:7>Done building target "GenerateBuildDependencyFile" in project "KChief.Protocols.Modbus.csproj".
       Target "GenerateBuildRuntimeConfigurationFiles" skipped, due to false condition; ( '$(GenerateRuntimeConfigurationFiles)' == 'true') was evaluated as ( '' == 'true').
       Target "GenerateShimsAssets" skipped, due to false condition; ('$(PackAsTool)' == 'true' and $(PackAsToolShimRuntimeIdentifiers) != '' ) was evaluated as ('' == 'true' and  != '' ).
   5:7>_CleanGetCurrentAndPriorFileWrites:
         Comparison path is "/home/saidul/Desktop/K-Chief Marine Automation Platform/src/KChief.Protocols.OPC".
       Done executing task "FindUnderPath".
   4:7>Target "CopyFilesToOutputDirectory" in file "/usr/share/dotnet/sdk/8.0.415/Microsoft.Common.CurrentVersion.targets" from project "/home/saidul/Desktop/K-Chief Marine Automation Platform/src/KChief.Protocols.Modbus/KChief.Protocols.Modbus.csproj" (target "PrepareForRun" depends on it):
   4:7>Task "Copy"
   5:7>Task "FindUnderPath"
         Comparison path is "bin/Release/net8.0/".
       Done executing task "FindUnderPath".
   8:8>Done executing task "Copy".
   5:7>Task "FindUnderPath"
   8:8>CopyFilesToOutputDirectory:
       Using "CopyRefAssembly" task from assembly "/usr/share/dotnet/sdk/8.0.415/Roslyn/Microsoft.Build.Tasks.CodeAnalysis.dll".
       Task "CopyRefAssembly"
   4:7>CopyFilesToOutputDirectory:
         Copying file from "/home/saidul/Desktop/K-Chief Marine Automation Platform/src/KChief.Protocols.Modbus/obj/Release/net8.0/KChief.Protocols.Modbus.dll" to "/home/saidul/Desktop/K-Chief Marine Automation Platform/src/KChief.Protocols.Modbus/bin/Release/net8.0/KChief.Protocols.Modbus.dll".
   5:7>_CleanGetCurrentAndPriorFileWrites:
         Comparison path is "obj/Release/net8.0/".
       Done executing task "FindUnderPath".
   8:8>CopyFilesToOutputDirectory:
         Source reference assembly "obj/Release/net8.0/refint/KChief.DataAccess.dll" (timestamp "2025-11-06T19:46:51.9933385Z", MVID "8d46a8e2-1939-4439-b60d-98ed80a02c04") differs from destination "/home/saidul/Desktop/K-Chief Marine Automation Platform/src/KChief.DataAccess/obj/Release/net8.0/ref/KChief.DataAccess.dll" (timestamp "2025-11-06T19:40:57.3383342Z", MVID "290aaf09-bd39-4929-9b6a-548426e72e9c").
         Copying reference assembly from "obj/Release/net8.0/refint/KChief.DataAccess.dll" to "/home/saidul/Desktop/K-Chief Marine Automation Platform/src/KChief.DataAccess/obj/Release/net8.0/ref/KChief.DataAccess.dll".
       Done executing task "CopyRefAssembly".
       Task "Message"
   4:7>Done executing task "Copy".
   8:8>CopyFilesToOutputDirectory:
         KChief.DataAccess -> /home/saidul/Desktop/K-Chief Marine Automation Platform/src/KChief.DataAccess/bin/Release/net8.0/KChief.DataAccess.dll
       Done executing task "Message".
       Task "Copy" skipped, due to false condition; ('@(AddModules)' != '') was evaluated as ('' != '').
       Task "Copy" skipped, due to false condition; ('$(_SGenDllCreated)'=='true') was evaluated as ('false'=='true').
       Task "Copy"
   5:7>Task "RemoveDuplicates"
       Done executing task "RemoveDuplicates".
   5:7>Done building target "_CleanGetCurrentAndPriorFileWrites" in project "KChief.Protocols.OPC.csproj".
   4:7>CopyFilesToOutputDirectory:
       Using "CopyRefAssembly" task from assembly "/usr/share/dotnet/sdk/8.0.415/Roslyn/Microsoft.Build.Tasks.CodeAnalysis.dll".
       Task "CopyRefAssembly"
   5:7>Target "IncrementalClean" in file "/usr/share/dotnet/sdk/8.0.415/Microsoft.Common.CurrentVersion.targets" from project "/home/saidul/Desktop/K-Chief Marine Automation Platform/src/KChief.Protocols.OPC/KChief.Protocols.OPC.csproj" (target "CoreBuild" depends on it):
   5:7>Task "FindUnderPath"
         Comparison path is "bin/Release/net8.0/".
       Done executing task "FindUnderPath".
       Task "FindUnderPath"
         Comparison path is "obj/Release/net8.0/".
       Done executing task "FindUnderPath".
       Using "Delete" task from assembly "Microsoft.Build.Tasks.Core, Version=15.1.0.0, Culture=neutral, PublicKeyToken=b03f5f7f11d50a3a".
       Task "Delete"
       Done executing task "Delete".
   4:7>CopyFilesToOutputDirectory:
         Source reference assembly "obj/Release/net8.0/refint/KChief.Protocols.Modbus.dll" (timestamp "2025-11-06T19:46:51.9593385Z", MVID "3a76c090-5d5a-4117-98bf-7d84e154aa01") differs from destination "/home/saidul/Desktop/K-Chief Marine Automation Platform/src/KChief.Protocols.Modbus/obj/Release/net8.0/ref/KChief.Protocols.Modbus.dll" (timestamp "2025-11-06T19:40:57.3143342Z", MVID "03f63d73-de31-49f3-817a-c5fc4e68521d").
   5:7>Task "RemoveDuplicates"
   4:7>CopyFilesToOutputDirectory:
         Copying reference assembly from "obj/Release/net8.0/refint/KChief.Protocols.Modbus.dll" to "/home/saidul/Desktop/K-Chief Marine Automation Platform/src/KChief.Protocols.Modbus/obj/Release/net8.0/ref/KChief.Protocols.Modbus.dll".
   5:7>Done executing task "RemoveDuplicates".
       Task "WriteLinesToFile" skipped, due to false condition; ('@(_CleanUnfilteredPriorFileWrites)'!='@(_CleanUniqueRemainingFileWritesAfterIncrementalClean)') was evaluated as ('/home/saidul/Desktop/K-Chief Marine Automation Platform/src/KChief.Protocols.OPC/bin/Release/net8.0/KChief.Protocols.OPC.deps.json;/home/saidul/Desktop/K-Chief Marine Automation Platform/src/KChief.Protocols.OPC/bin/Release/net8.0/KChief.Protocols.OPC.dll;/home/saidul/Desktop/K-Chief Marine Automation Platform/src/KChief.Protocols.OPC/bin/Release/net8.0/KChief.Protocols.OPC.pdb;...'!='/home/saidul/Desktop/K-Chief Marine Automation Platform/src/KChief.Protocols.OPC/bin/Release/net8.0/KChief.Protocols.OPC.deps.json;/home/saidul/Desktop/K-Chief Marine Automation Platform/src/KChief.Protocols.OPC/bin/Release/net8.0/KChief.Protocols.OPC.dll;/home/saidul/Desktop/K-Chief Marine Automation Platform/src/KChief.Protocols.OPC/bin/Release/net8.0/KChief.Protocols.OPC.pdb;...').
   5:7>Done building target "IncrementalClean" in project "KChief.Protocols.OPC.csproj".
       Target "PostBuildEvent" skipped, due to false condition; ('$(PostBuildEvent)' != '' and ('$(RunPostBuildEvent)' != 'OnOutputUpdated' or '$(_AssemblyTimestampBeforeCompile)' != '$(_AssemblyTimestampAfterCompile)')) was evaluated as ('' != '' and ('' != 'OnOutputUpdated' or '' != '')).
   8:8>CopyFilesToOutputDirectory:
         Copying file from "/home/saidul/Desktop/K-Chief Marine Automation Platform/src/KChief.DataAccess/obj/Release/net8.0/KChief.DataAccess.pdb" to "/home/saidul/Desktop/K-Chief Marine Automation Platform/src/KChief.DataAccess/bin/Release/net8.0/KChief.DataAccess.pdb".
   5:7>Target "GenerateBuildDependencyFile" skipped. Previously built successfully.
       Target "GenerateBuildRuntimeConfigurationFiles" skipped, due to false condition; ( '$(GenerateRuntimeConfigurationFiles)' == 'true') was evaluated as ( '' == 'true').
   4:7>Done executing task "CopyRefAssembly".
       Task "Message"
   5:7>Target "CoreBuild" in file "/usr/share/dotnet/sdk/8.0.415/Microsoft.Common.CurrentVersion.targets" from project "/home/saidul/Desktop/K-Chief Marine Automation Platform/src/KChief.Protocols.OPC/KChief.Protocols.OPC.csproj" (target "Build" depends on it):
   5:7>Done building target "CoreBuild" in project "KChief.Protocols.OPC.csproj".
   8:8>Done executing task "Copy".
       Task "Copy" skipped, due to false condition; ('$(_DocumentationFileProduced)'=='true' and '$(CopyDocumentationFileToOutputDirectory)'=='true') was evaluated as ('false'=='true' and 'true'=='true').
       Task "Copy" skipped, due to false condition; ('@(IntermediateSatelliteAssembliesWithTargetPath)' != '') was evaluated as ('' != '').
   5:7>Target "AfterBuild" in file "/usr/share/dotnet/sdk/8.0.415/Microsoft.Common.CurrentVersion.targets" from project "/home/saidul/Desktop/K-Chief Marine Automation Platform/src/KChief.Protocols.OPC/KChief.Protocols.OPC.csproj" (target "Build" depends on it):
   5:7>Done building target "AfterBuild" in project "KChief.Protocols.OPC.csproj".
   8:8>CopyFilesToOutputDirectory:
       Task "Copy" skipped, due to false condition; ('@(ReferenceComWrappersToCopyLocal)' != '' or '@(ResolvedIsolatedComModules)' != '' or '@(_DeploymentLooseManifestFile)' != '' or '@(NativeReferenceFile)' != '' ) was evaluated as ('' != '' or '' != '' or '' != '' or '' != '' ).
       Task "Copy" skipped, due to false condition; ('$(SkipCopyWinMDArtifact)' != 'true' and '@(WinMDExpArtifacts)' != '') was evaluated as ('' != 'true' and '' != '').
       Task "Message" skipped, due to false condition; ('$(SkipCopyWinMDArtifact)' != 'true' and '$(_WindowsMetadataOutputPath)' != '') was evaluated as ('' != 'true' and '' != '').
   5:7>Target "_CheckBrowserWorkloadNeededButNotAvailable" skipped, due to false condition; ('$(RuntimeIdentifier)' == 'browser-wasm' and '$(_BrowserWorkloadDisabled)' != 'true' and '$(WasmNativeWorkloadAvailable)' != 'true') was evaluated as ('' == 'browser-wasm' and '' != 'true' and '' != 'true').
   8:8>Done building target "CopyFilesToOutputDirectory" in project "KChief.DataAccess.csproj".
   5:7>Target "_ErrorWorkloadDisabledForTFMLessThan6" skipped, due to false condition; ('$(_BrowserWorkloadNotSupportedForTFM)' == 'true') was evaluated as ('' == 'true').
   4:7>CopyFilesToOutputDirectory:
         KChief.Protocols.Modbus -> /home/saidul/Desktop/K-Chief Marine Automation Platform/src/KChief.Protocols.Modbus/bin/Release/net8.0/KChief.Protocols.Modbus.dll
       Done executing task "Message".
   8:8>Target "_CopyReferenceOnlyAssembliesForBuild" skipped, due to false condition; ('$(PreserveCompilationReferences)' == 'true') was evaluated as ('' == 'true').
   4:7>CopyFilesToOutputDirectory:
       Task "Copy" skipped, due to false condition; ('@(AddModules)' != '') was evaluated as ('' != '').
   5:7>Target "_ErrorDualWasmThreadPropsOn7" skipped, due to false condition; ('$(TargetsNet7)' == 'true' and '$(RuntimeIdentifier)' == 'browser-wasm' and
    '$(BrowserWorkloadDisabled)' != 'true' and '$(WasmEnableThreads)' == 'true' and '$(WasmEnablePerfTrace)' == 'true') was evaluated as ('' == 'true' and '' == 'browser-wasm' and
    '' != 'true' and '' == 'true' and '' == 'true').
   8:8>Target "PrepareForRun" in file "/usr/share/dotnet/sdk/8.0.415/Microsoft.Common.CurrentVersion.targets" from project "/home/saidul/Desktop/K-Chief Marine Automation Platform/src/KChief.DataAccess/KChief.DataAccess.csproj" (target "CoreBuild" depends on it):
   8:8>Done building target "PrepareForRun" in project "KChief.DataAccess.csproj".
   5:7>Target "_CheckForInvalidConfigurationAndPlatform" skipped. Previously built successfully.
   8:8>Target "UnmanagedRegistration" skipped, due to false condition; ('$(RegisterForComInterop)'=='true' and '$(OutputType)'=='library') was evaluated as (''=='true' and 'Library'=='library').
   4:7>CopyFilesToOutputDirectory:
       Task "Copy" skipped, due to false condition; ('$(_SGenDllCreated)'=='true') was evaluated as ('false'=='true').
   8:8>Target "_CheckForCompileOutputs" skipped. Previously built successfully.
   5:7>Target "_CheckForInvalidConfigurationAndPlatform" skipped. Previously built successfully.
   8:8>Target "_SGenCheckForOutputs" skipped, due to false condition; ('$(_SGenGenerateSerializationAssembliesConfig)' == 'On' or ('@(WebReferenceUrl)'!='' and '$(_SGenGenerateSerializationAssembliesConfig)' == 'Auto')) was evaluated as ('Auto' == 'On' or (''!='' and 'Auto' == 'Auto')).
   5:7>Target "Build" in file "/usr/share/dotnet/sdk/8.0.415/Microsoft.Common.CurrentVersion.targets" from project "/home/saidul/Desktop/K-Chief Marine Automation Platform/src/KChief.Protocols.OPC/KChief.Protocols.OPC.csproj" (entry point):
   5:7>Done building target "Build" in project "KChief.Protocols.OPC.csproj".
   8:8>Target "_CleanGetCurrentAndPriorFileWrites" in file "/usr/share/dotnet/sdk/8.0.415/Microsoft.Common.CurrentVersion.targets" from project "/home/saidul/Desktop/K-Chief Marine Automation Platform/src/KChief.DataAccess/KChief.DataAccess.csproj" (target "IncrementalClean" depends on it):
   8:8>Using "ReadLinesFromFile" task from assembly "Microsoft.Build.Tasks.Core, Version=15.1.0.0, Culture=neutral, PublicKeyToken=b03f5f7f11d50a3a".
   5:7>Target "_PackAsBuildAfterTarget" skipped, due to false condition; ('$(GeneratePackageOnBuild)' == 'true' AND '$(IsInnerBuild)' != 'true') was evaluated as ('false' == 'true' AND '' != 'true').
   8:8>Task "ReadLinesFromFile"
   5:7>Target "_CheckContainersPackage" in file "/usr/share/dotnet/sdk/8.0.415/Containers/build/Microsoft.NET.Build.Containers.targets" from project "/home/saidul/Desktop/K-Chief Marine Automation Platform/src/KChief.Protocols.OPC/KChief.Protocols.OPC.csproj" (entry point):
   5:7>Task "Warning" skipped, due to false condition; ($(_ContainerPackageIsPresent)
        and (
          ($(_SdkCanPublishWeb) and $(_IsWebProject)) or
          ($(_SdkCanPublishWorker) and $(_IsWorkerProject)) or
          ($(_SdkCanPublishConsole) and '$(EnableSdkContainerSupport)' == 'true')
        )) was evaluated as (false
        and (
          (True and false) or
          (True and false) or
          (True and '' == 'true')
        )).
   8:8>Done executing task "ReadLinesFromFile".
   5:7>Done building target "_CheckContainersPackage" in project "KChief.Protocols.OPC.csproj".
   4:7>Task "Copy"
   8:8>Task "ConvertToAbsolutePath"
   5:7>Done Building Project "/home/saidul/Desktop/K-Chief Marine Automation Platform/src/KChief.Protocols.OPC/KChief.Protocols.OPC.csproj" (default targets).
   8:8>Done executing task "ConvertToAbsolutePath".
   4:7>CopyFilesToOutputDirectory:
         Copying file from "/home/saidul/Desktop/K-Chief Marine Automation Platform/src/KChief.Protocols.Modbus/obj/Release/net8.0/KChief.Protocols.Modbus.pdb" to "/home/saidul/Desktop/K-Chief Marine Automation Platform/src/KChief.Protocols.Modbus/bin/Release/net8.0/KChief.Protocols.Modbus.pdb".
   8:8>_CleanGetCurrentAndPriorFileWrites:
       Using "FindUnderPath" task from assembly "Microsoft.Build.Tasks.Core, Version=15.1.0.0, Culture=neutral, PublicKeyToken=b03f5f7f11d50a3a".
       Task "FindUnderPath"
         Comparison path is "/home/saidul/Desktop/K-Chief Marine Automation Platform/src/KChief.DataAccess".
       Done executing task "FindUnderPath".
   9:8>Project "/home/saidul/Desktop/K-Chief Marine Automation Platform/src/KChief.Platform.API/KChief.Platform.API.csproj" (9:8) is building "/home/saidul/Desktop/K-Chief Marine Automation Platform/src/KChief.Protocols.OPC/KChief.Protocols.OPC.csproj" (5:11) on node 3 (default targets).
  5:11>Target "Build" skipped. Previously built successfully.
   8:8>Task "FindUnderPath"
   4:7>Done executing task "Copy".
  5:11>Done Building Project "/home/saidul/Desktop/K-Chief Marine Automation Platform/src/KChief.Protocols.OPC/KChief.Protocols.OPC.csproj" (default targets).
   4:7>CopyFilesToOutputDirectory:
       Task "Copy" skipped, due to false condition; ('$(_DocumentationFileProduced)'=='true' and '$(CopyDocumentationFileToOutputDirectory)'=='true') was evaluated as ('false'=='true' and 'true'=='true').
       Task "Copy" skipped, due to false condition; ('@(IntermediateSatelliteAssembliesWithTargetPath)' != '') was evaluated as ('' != '').
   6:6>Project "/home/saidul/Desktop/K-Chief Marine Automation Platform/tests/KChief.Integration.Tests/KChief.Integration.Tests.csproj" (6:6) is building "/home/saidul/Desktop/K-Chief Marine Automation Platform/src/KChief.Protocols.OPC/KChief.Protocols.OPC.csproj" (5:12) on node 3 (default targets).
  5:12>Target "Build" skipped. Previously built successfully.
  5:12>Done Building Project "/home/saidul/Desktop/K-Chief Marine Automation Platform/src/KChief.Protocols.OPC/KChief.Protocols.OPC.csproj" (default targets).
   4:7>CopyFilesToOutputDirectory:
       Task "Copy" skipped, due to false condition; ('@(ReferenceComWrappersToCopyLocal)' != '' or '@(ResolvedIsolatedComModules)' != '' or '@(_DeploymentLooseManifestFile)' != '' or '@(NativeReferenceFile)' != '' ) was evaluated as ('' != '' or '' != '' or '' != '' or '' != '' ).
   3:6>Project "/home/saidul/Desktop/K-Chief Marine Automation Platform/tests/KChief.Platform.Tests/KChief.Platform.Tests.csproj" (3:6) is building "/home/saidul/Desktop/K-Chief Marine Automation Platform/src/KChief.Protocols.OPC/KChief.Protocols.OPC.csproj" (5:13) on node 3 (default targets).
  5:13>Target "Build" skipped. Previously built successfully.
  5:13>Done Building Project "/home/saidul/Desktop/K-Chief Marine Automation Platform/src/KChief.Protocols.OPC/KChief.Protocols.OPC.csproj" (default targets).
   4:7>CopyFilesToOutputDirectory:
       Task "Copy" skipped, due to false condition; ('$(SkipCopyWinMDArtifact)' != 'true' and '@(WinMDExpArtifacts)' != '') was evaluated as ('' != 'true' and '' != '').
       Task "Message" skipped, due to false condition; ('$(SkipCopyWinMDArtifact)' != 'true' and '$(_WindowsMetadataOutputPath)' != '') was evaluated as ('' != 'true' and '' != '').
   4:7>Done building target "CopyFilesToOutputDirectory" in project "KChief.Protocols.Modbus.csproj".
   8:8>_CleanGetCurrentAndPriorFileWrites:
         Comparison path is "bin/Release/net8.0/".
   4:7>Target "_CopyReferenceOnlyAssembliesForBuild" skipped, due to false condition; ('$(PreserveCompilationReferences)' == 'true') was evaluated as ('' == 'true').
   4:7>Target "PrepareForRun" in file "/usr/share/dotnet/sdk/8.0.415/Microsoft.Common.CurrentVersion.targets" from project "/home/saidul/Desktop/K-Chief Marine Automation Platform/src/KChief.Protocols.Modbus/KChief.Protocols.Modbus.csproj" (target "CoreBuild" depends on it):
   4:7>Done building target "PrepareForRun" in project "KChief.Protocols.Modbus.csproj".
   8:8>Done executing task "FindUnderPath".
       Task "FindUnderPath"
   4:7>Target "UnmanagedRegistration" skipped, due to false condition; ('$(RegisterForComInterop)'=='true' and '$(OutputType)'=='library') was evaluated as (''=='true' and 'Library'=='library').
       Target "_CheckForCompileOutputs" skipped. Previously built successfully.
       Target "_SGenCheckForOutputs" skipped, due to false condition; ('$(_SGenGenerateSerializationAssembliesConfig)' == 'On' or ('@(WebReferenceUrl)'!='' and '$(_SGenGenerateSerializationAssembliesConfig)' == 'Auto')) was evaluated as ('Auto' == 'On' or (''!='' and 'Auto' == 'Auto')).
   4:7>Target "_CleanGetCurrentAndPriorFileWrites" in file "/usr/share/dotnet/sdk/8.0.415/Microsoft.Common.CurrentVersion.targets" from project "/home/saidul/Desktop/K-Chief Marine Automation Platform/src/KChief.Protocols.Modbus/KChief.Protocols.Modbus.csproj" (target "IncrementalClean" depends on it):
       Using "ReadLinesFromFile" task from assembly "Microsoft.Build.Tasks.Core, Version=15.1.0.0, Culture=neutral, PublicKeyToken=b03f5f7f11d50a3a".
       Task "ReadLinesFromFile"
       Done executing task "ReadLinesFromFile".
       Task "ConvertToAbsolutePath"
       Done executing task "ConvertToAbsolutePath".
   8:8>_CleanGetCurrentAndPriorFileWrites:
         Comparison path is "obj/Release/net8.0/".
       Done executing task "FindUnderPath".
   4:7>_CleanGetCurrentAndPriorFileWrites:
       Using "FindUnderPath" task from assembly "Microsoft.Build.Tasks.Core, Version=15.1.0.0, Culture=neutral, PublicKeyToken=b03f5f7f11d50a3a".
       Task "FindUnderPath"
   8:8>Task "RemoveDuplicates"
   4:7>_CleanGetCurrentAndPriorFileWrites:
         Comparison path is "/home/saidul/Desktop/K-Chief Marine Automation Platform/src/KChief.Protocols.Modbus".
       Done executing task "FindUnderPath".
   8:8>Done executing task "RemoveDuplicates".
   8:8>Done building target "_CleanGetCurrentAndPriorFileWrites" in project "KChief.DataAccess.csproj".
   4:7>Task "FindUnderPath"
   8:8>Target "IncrementalClean" in file "/usr/share/dotnet/sdk/8.0.415/Microsoft.Common.CurrentVersion.targets" from project "/home/saidul/Desktop/K-Chief Marine Automation Platform/src/KChief.DataAccess/KChief.DataAccess.csproj" (target "CoreBuild" depends on it):
   8:8>Task "FindUnderPath"
   4:7>_CleanGetCurrentAndPriorFileWrites:
         Comparison path is "bin/Release/net8.0/".
   8:8>IncrementalClean:
         Comparison path is "bin/Release/net8.0/".
       Done executing task "FindUnderPath".
       Task "FindUnderPath"
         Comparison path is "obj/Release/net8.0/".
       Done executing task "FindUnderPath".
       Using "Delete" task from assembly "Microsoft.Build.Tasks.Core, Version=15.1.0.0, Culture=neutral, PublicKeyToken=b03f5f7f11d50a3a".
       Task "Delete"
       Done executing task "Delete".
       Task "RemoveDuplicates"
       Done executing task "RemoveDuplicates".
       Task "WriteLinesToFile" skipped, due to false condition; ('@(_CleanUnfilteredPriorFileWrites)'!='@(_CleanUniqueRemainingFileWritesAfterIncrementalClean)') was evaluated as ('/home/saidul/Desktop/K-Chief Marine Automation Platform/src/KChief.DataAccess/bin/Release/net8.0/KChief.DataAccess.deps.json;/home/saidul/Desktop/K-Chief Marine Automation Platform/src/KChief.DataAccess/bin/Release/net8.0/KChief.DataAccess.dll;/home/saidul/Desktop/K-Chief Marine Automation Platform/src/KChief.DataAccess/bin/Release/net8.0/KChief.DataAccess.pdb;...'!='/home/saidul/Desktop/K-Chief Marine Automation Platform/src/KChief.DataAccess/bin/Release/net8.0/KChief.DataAccess.deps.json;/home/saidul/Desktop/K-Chief Marine Automation Platform/src/KChief.DataAccess/bin/Release/net8.0/KChief.DataAccess.dll;/home/saidul/Desktop/K-Chief Marine Automation Platform/src/KChief.DataAccess/bin/Release/net8.0/KChief.DataAccess.pdb;...').
   8:8>Done building target "IncrementalClean" in project "KChief.DataAccess.csproj".
       Target "PostBuildEvent" skipped, due to false condition; ('$(PostBuildEvent)' != '' and ('$(RunPostBuildEvent)' != 'OnOutputUpdated' or '$(_AssemblyTimestampBeforeCompile)' != '$(_AssemblyTimestampAfterCompile)')) was evaluated as ('' != '' and ('' != 'OnOutputUpdated' or '' != '')).
       Target "GenerateBuildDependencyFile" skipped. Previously built successfully.
       Target "GenerateBuildRuntimeConfigurationFiles" skipped. Previously built successfully.
   8:8>Target "CoreBuild" in file "/usr/share/dotnet/sdk/8.0.415/Microsoft.Common.CurrentVersion.targets" from project "/home/saidul/Desktop/K-Chief Marine Automation Platform/src/KChief.DataAccess/KChief.DataAccess.csproj" (target "Build" depends on it):
   8:8>Done building target "CoreBuild" in project "KChief.DataAccess.csproj".
   8:8>Target "AfterBuild" in file "/usr/share/dotnet/sdk/8.0.415/Microsoft.Common.CurrentVersion.targets" from project "/home/saidul/Desktop/K-Chief Marine Automation Platform/src/KChief.DataAccess/KChief.DataAccess.csproj" (target "Build" depends on it):
   8:8>Done building target "AfterBuild" in project "KChief.DataAccess.csproj".
       Target "_CheckBrowserWorkloadNeededButNotAvailable" skipped, due to false condition; ('$(RuntimeIdentifier)' == 'browser-wasm' and '$(_BrowserWorkloadDisabled)' != 'true' and '$(WasmNativeWorkloadAvailable)' != 'true') was evaluated as ('' == 'browser-wasm' and '' != 'true' and '' != 'true').
       Target "_ErrorWorkloadDisabledForTFMLessThan6" skipped, due to false condition; ('$(_BrowserWorkloadNotSupportedForTFM)' == 'true') was evaluated as ('' == 'true').
       Target "_ErrorDualWasmThreadPropsOn7" skipped, due to false condition; ('$(TargetsNet7)' == 'true' and '$(RuntimeIdentifier)' == 'browser-wasm' and
           '$(BrowserWorkloadDisabled)' != 'true' and '$(WasmEnableThreads)' == 'true' and '$(WasmEnablePerfTrace)' == 'true') was evaluated as ('' == 'true' and '' == 'browser-wasm' and
           '' != 'true' and '' == 'true' and '' == 'true').
   4:7>Done executing task "FindUnderPath".
   8:8>Target "_CheckForInvalidConfigurationAndPlatform" skipped. Previously built successfully.
   4:7>Task "FindUnderPath"
   8:8>Target "_CheckForInvalidConfigurationAndPlatform" skipped. Previously built successfully.
   8:8>Target "Build" in file "/usr/share/dotnet/sdk/8.0.415/Microsoft.Common.CurrentVersion.targets" from project "/home/saidul/Desktop/K-Chief Marine Automation Platform/src/KChief.DataAccess/KChief.DataAccess.csproj" (entry point):
   8:8>Done building target "Build" in project "KChief.DataAccess.csproj".
       Target "_PackAsBuildAfterTarget" skipped, due to false condition; ('$(GeneratePackageOnBuild)' == 'true' AND '$(IsInnerBuild)' != 'true') was evaluated as ('false' == 'true' AND '' != 'true').
   8:8>Target "_CheckContainersPackage" in file "/usr/share/dotnet/sdk/8.0.415/Containers/build/Microsoft.NET.Build.Containers.targets" from project "/home/saidul/Desktop/K-Chief Marine Automation Platform/src/KChief.DataAccess/KChief.DataAccess.csproj" (entry point):
       Task "Warning" skipped, due to false condition; ($(_ContainerPackageIsPresent)
               and (
                 ($(_SdkCanPublishWeb) and $(_IsWebProject)) or
                 ($(_SdkCanPublishWorker) and $(_IsWorkerProject)) or
                 ($(_SdkCanPublishConsole) and '$(EnableSdkContainerSupport)' == 'true')
               )) was evaluated as (false
               and (
                 (True and false) or
                 (True and false) or
                 (True and '' == 'true')
               )).
   8:8>Done building target "_CheckContainersPackage" in project "KChief.DataAccess.csproj".
   4:7>_CleanGetCurrentAndPriorFileWrites:
         Comparison path is "obj/Release/net8.0/".
   8:8>Done Building Project "/home/saidul/Desktop/K-Chief Marine Automation Platform/src/KChief.DataAccess/KChief.DataAccess.csproj" (default targets).
   4:7>Done executing task "FindUnderPath".
       Task "RemoveDuplicates"
       Done executing task "RemoveDuplicates".
   4:7>Done building target "_CleanGetCurrentAndPriorFileWrites" in project "KChief.Protocols.Modbus.csproj".
   4:7>Target "IncrementalClean" in file "/usr/share/dotnet/sdk/8.0.415/Microsoft.Common.CurrentVersion.targets" from project "/home/saidul/Desktop/K-Chief Marine Automation Platform/src/KChief.Protocols.Modbus/KChief.Protocols.Modbus.csproj" (target "CoreBuild" depends on it):
       Task "FindUnderPath"
         Comparison path is "bin/Release/net8.0/".
       Done executing task "FindUnderPath".
       Task "FindUnderPath"
         Comparison path is "obj/Release/net8.0/".
       Done executing task "FindUnderPath".
       Using "Delete" task from assembly "Microsoft.Build.Tasks.Core, Version=15.1.0.0, Culture=neutral, PublicKeyToken=b03f5f7f11d50a3a".
       Task "Delete"
   9:8>Project "/home/saidul/Desktop/K-Chief Marine Automation Platform/src/KChief.Platform.API/KChief.Platform.API.csproj" (9:8) is building "/home/saidul/Desktop/K-Chief Marine Automation Platform/src/KChief.DataAccess/KChief.DataAccess.csproj" (8:13) on node 6 (default targets).
  8:13>Target "Build" skipped. Previously built successfully.
  8:13>Done Building Project "/home/saidul/Desktop/K-Chief Marine Automation Platform/src/KChief.DataAccess/KChief.DataAccess.csproj" (default targets).
   6:6>Project "/home/saidul/Desktop/K-Chief Marine Automation Platform/tests/KChief.Integration.Tests/KChief.Integration.Tests.csproj" (6:6) is building "/home/saidul/Desktop/K-Chief Marine Automation Platform/src/KChief.DataAccess/KChief.DataAccess.csproj" (8:14) on node 6 (default targets).
  8:14>Target "Build" skipped. Previously built successfully.
  8:14>Done Building Project "/home/saidul/Desktop/K-Chief Marine Automation Platform/src/KChief.DataAccess/KChief.DataAccess.csproj" (default targets).
   4:7>Done executing task "Delete".
   2:8>Project "/home/saidul/Desktop/K-Chief Marine Automation Platform/src/KChief.VesselControl/KChief.VesselControl.csproj" (2:8) is building "/home/saidul/Desktop/K-Chief Marine Automation Platform/src/KChief.DataAccess/KChief.DataAccess.csproj" (8:15) on node 6 (default targets).
  8:15>Target "Build" skipped. Previously built successfully.
  8:15>Done Building Project "/home/saidul/Desktop/K-Chief Marine Automation Platform/src/KChief.DataAccess/KChief.DataAccess.csproj" (default targets).
   3:6>Project "/home/saidul/Desktop/K-Chief Marine Automation Platform/tests/KChief.Platform.Tests/KChief.Platform.Tests.csproj" (3:6) is building "/home/saidul/Desktop/K-Chief Marine Automation Platform/src/KChief.DataAccess/KChief.DataAccess.csproj" (8:16) on node 6 (default targets).
  8:16>Target "Build" skipped. Previously built successfully.
  8:16>Done Building Project "/home/saidul/Desktop/K-Chief Marine Automation Platform/src/KChief.DataAccess/KChief.DataAccess.csproj" (default targets).
   4:7>Task "RemoveDuplicates"
       Done executing task "RemoveDuplicates".
       Task "WriteLinesToFile" skipped, due to false condition; ('@(_CleanUnfilteredPriorFileWrites)'!='@(_CleanUniqueRemainingFileWritesAfterIncrementalClean)') was evaluated as ('/home/saidul/Desktop/K-Chief Marine Automation Platform/src/KChief.Protocols.Modbus/bin/Release/net8.0/KChief.Protocols.Modbus.deps.json;/home/saidul/Desktop/K-Chief Marine Automation Platform/src/KChief.Protocols.Modbus/bin/Release/net8.0/KChief.Protocols.Modbus.dll;/home/saidul/Desktop/K-Chief Marine Automation Platform/src/KChief.Protocols.Modbus/bin/Release/net8.0/KChief.Protocols.Modbus.pdb;...'!='/home/saidul/Desktop/K-Chief Marine Automation Platform/src/KChief.Protocols.Modbus/bin/Release/net8.0/KChief.Protocols.Modbus.deps.json;/home/saidul/Desktop/K-Chief Marine Automation Platform/src/KChief.Protocols.Modbus/bin/Release/net8.0/KChief.Protocols.Modbus.dll;/home/saidul/Desktop/K-Chief Marine Automation Platform/src/KChief.Protocols.Modbus/bin/Release/net8.0/KChief.Protocols.Modbus.pdb;...').
   4:7>Done building target "IncrementalClean" in project "KChief.Protocols.Modbus.csproj".
       Target "PostBuildEvent" skipped, due to false condition; ('$(PostBuildEvent)' != '' and ('$(RunPostBuildEvent)' != 'OnOutputUpdated' or '$(_AssemblyTimestampBeforeCompile)' != '$(_AssemblyTimestampAfterCompile)')) was evaluated as ('' != '' and ('' != 'OnOutputUpdated' or '' != '')).
       Target "GenerateBuildDependencyFile" skipped. Previously built successfully.
       Target "GenerateBuildRuntimeConfigurationFiles" skipped, due to false condition; ( '$(GenerateRuntimeConfigurationFiles)' == 'true') was evaluated as ( '' == 'true').
   4:7>Target "CoreBuild" in file "/usr/share/dotnet/sdk/8.0.415/Microsoft.Common.CurrentVersion.targets" from project "/home/saidul/Desktop/K-Chief Marine Automation Platform/src/KChief.Protocols.Modbus/KChief.Protocols.Modbus.csproj" (target "Build" depends on it):
   4:7>Done building target "CoreBuild" in project "KChief.Protocols.Modbus.csproj".
   4:7>Target "AfterBuild" in file "/usr/share/dotnet/sdk/8.0.415/Microsoft.Common.CurrentVersion.targets" from project "/home/saidul/Desktop/K-Chief Marine Automation Platform/src/KChief.Protocols.Modbus/KChief.Protocols.Modbus.csproj" (target "Build" depends on it):
   4:7>Done building target "AfterBuild" in project "KChief.Protocols.Modbus.csproj".
       Target "_CheckBrowserWorkloadNeededButNotAvailable" skipped, due to false condition; ('$(RuntimeIdentifier)' == 'browser-wasm' and '$(_BrowserWorkloadDisabled)' != 'true' and '$(WasmNativeWorkloadAvailable)' != 'true') was evaluated as ('' == 'browser-wasm' and '' != 'true' and '' != 'true').
       Target "_ErrorWorkloadDisabledForTFMLessThan6" skipped, due to false condition; ('$(_BrowserWorkloadNotSupportedForTFM)' == 'true') was evaluated as ('' == 'true').
       Target "_ErrorDualWasmThreadPropsOn7" skipped, due to false condition; ('$(TargetsNet7)' == 'true' and '$(RuntimeIdentifier)' == 'browser-wasm' and
           '$(BrowserWorkloadDisabled)' != 'true' and '$(WasmEnableThreads)' == 'true' and '$(WasmEnablePerfTrace)' == 'true') was evaluated as ('' == 'true' and '' == 'browser-wasm' and
           '' != 'true' and '' == 'true' and '' == 'true').
       Target "_CheckForInvalidConfigurationAndPlatform" skipped. Previously built successfully.
       Target "_CheckForInvalidConfigurationAndPlatform" skipped. Previously built successfully.
   4:7>Target "Build" in file "/usr/share/dotnet/sdk/8.0.415/Microsoft.Common.CurrentVersion.targets" from project "/home/saidul/Desktop/K-Chief Marine Automation Platform/src/KChief.Protocols.Modbus/KChief.Protocols.Modbus.csproj" (entry point):
   4:7>Done building target "Build" in project "KChief.Protocols.Modbus.csproj".
       Target "_PackAsBuildAfterTarget" skipped, due to false condition; ('$(GeneratePackageOnBuild)' == 'true' AND '$(IsInnerBuild)' != 'true') was evaluated as ('false' == 'true' AND '' != 'true').
   4:7>Target "_CheckContainersPackage" in file "/usr/share/dotnet/sdk/8.0.415/Containers/build/Microsoft.NET.Build.Containers.targets" from project "/home/saidul/Desktop/K-Chief Marine Automation Platform/src/KChief.Protocols.Modbus/KChief.Protocols.Modbus.csproj" (entry point):
       Task "Warning" skipped, due to false condition; ($(_ContainerPackageIsPresent)
               and (
                 ($(_SdkCanPublishWeb) and $(_IsWebProject)) or
                 ($(_SdkCanPublishWorker) and $(_IsWorkerProject)) or
                 ($(_SdkCanPublishConsole) and '$(EnableSdkContainerSupport)' == 'true')
               )) was evaluated as (false
               and (
                 (True and false) or
                 (True and false) or
                 (True and '' == 'true')
               )).
   4:7>Done building target "_CheckContainersPackage" in project "KChief.Protocols.Modbus.csproj".
   4:7>Done Building Project "/home/saidul/Desktop/K-Chief Marine Automation Platform/src/KChief.Protocols.Modbus/KChief.Protocols.Modbus.csproj" (default targets).
   2:8>Done executing task "MSBuild".
   9:8>Project "/home/saidul/Desktop/K-Chief Marine Automation Platform/src/KChief.Platform.API/KChief.Platform.API.csproj" (9:8) is building "/home/saidul/Desktop/K-Chief Marine Automation Platform/src/KChief.Protocols.Modbus/KChief.Protocols.Modbus.csproj" (4:11) on node 8 (default targets).
  4:11>Target "Build" skipped. Previously built successfully.
  4:11>Done Building Project "/home/saidul/Desktop/K-Chief Marine Automation Platform/src/KChief.Protocols.Modbus/KChief.Protocols.Modbus.csproj" (default targets).
   2:8>Task "MSBuild"
   6:6>Project "/home/saidul/Desktop/K-Chief Marine Automation Platform/tests/KChief.Integration.Tests/KChief.Integration.Tests.csproj" (6:6) is building "/home/saidul/Desktop/K-Chief Marine Automation Platform/src/KChief.Protocols.Modbus/KChief.Protocols.Modbus.csproj" (4:12) on node 8 (default targets).
  4:12>Target "Build" skipped. Previously built successfully.
  4:12>Done Building Project "/home/saidul/Desktop/K-Chief Marine Automation Platform/src/KChief.Protocols.Modbus/KChief.Protocols.Modbus.csproj" (default targets).
   3:6>Project "/home/saidul/Desktop/K-Chief Marine Automation Platform/tests/KChief.Platform.Tests/KChief.Platform.Tests.csproj" (3:6) is building "/home/saidul/Desktop/K-Chief Marine Automation Platform/src/KChief.Protocols.Modbus/KChief.Protocols.Modbus.csproj" (4:13) on node 8 (default targets).
  4:13>Target "Build" skipped. Previously built successfully.
  4:13>Done Building Project "/home/saidul/Desktop/K-Chief Marine Automation Platform/src/KChief.Protocols.Modbus/KChief.Protocols.Modbus.csproj" (default targets).
   2:8>ResolveProjectReferences:
         Global Properties:
           Configuration=Release
           Platform=AnyCPU
         Removing Properties for project "../KChief.Platform.Core/KChief.Platform.Core.csproj":
           TargetFramework
           RuntimeIdentifier
           SelfContained
         Removing Properties for project "../KChief.DataAccess/KChief.DataAccess.csproj":
           TargetFramework
           RuntimeIdentifier
           SelfContained
   2:8>Project "/home/saidul/Desktop/K-Chief Marine Automation Platform/src/KChief.VesselControl/KChief.VesselControl.csproj" (2:8) is building "/home/saidul/Desktop/K-Chief Marine Automation Platform/src/KChief.Platform.Core/KChief.Platform.Core.csproj" (10:38) on node 1 (GetNativeManifest target(s)).
 10:38>Target "GetNativeManifest" skipped. Previously built successfully.
 10:38>Done Building Project "/home/saidul/Desktop/K-Chief Marine Automation Platform/src/KChief.Platform.Core/KChief.Platform.Core.csproj" (GetNativeManifest target(s)).
   2:8>Project "/home/saidul/Desktop/K-Chief Marine Automation Platform/src/KChief.VesselControl/KChief.VesselControl.csproj" (2:8) is building "/home/saidul/Desktop/K-Chief Marine Automation Platform/src/KChief.DataAccess/KChief.DataAccess.csproj" (8:17) on node 6 (GetNativeManifest target(s)).
  8:17>Target "GetNativeManifest" in file "/usr/share/dotnet/sdk/8.0.415/Microsoft.Common.CurrentVersion.targets" from project "/home/saidul/Desktop/K-Chief Marine Automation Platform/src/KChief.DataAccess/KChief.DataAccess.csproj" (entry point):
  8:17>Done building target "GetNativeManifest" in project "KChief.DataAccess.csproj".
  8:17>Done Building Project "/home/saidul/Desktop/K-Chief Marine Automation Platform/src/KChief.DataAccess/KChief.DataAccess.csproj" (GetNativeManifest target(s)).
   2:8>Done executing task "MSBuild".
       Task "Warning" skipped, due to false condition; ('@(ProjectReferenceWithConfiguration)' != '' and '@(_MSBuildProjectReferenceNonexistent)' != '') was evaluated as ('../KChief.Platform.Core/KChief.Platform.Core.csproj;../KChief.DataAccess/KChief.DataAccess.csproj' != '' and '' != '').
   2:8>Done building target "ResolveProjectReferences" in project "KChief.VesselControl.csproj".
       Target "FindInvalidProjectReferences" skipped, due to false condition; ('$(FindInvalidProjectReferences)' == 'true') was evaluated as ('' == 'true').
       Target "ResolveNativeReferences" skipped, due to false condition; ('@(NativeReference)'!='') was evaluated as (''!='').
       Target "ResolveProjectReferences" skipped. Previously built successfully.
       Target "FindInvalidProjectReferences" skipped, due to false condition; ('$(FindInvalidProjectReferences)' == 'true') was evaluated as ('' == 'true').
       Target "GetFrameworkPaths" skipped. Previously built successfully.
       Target "GetReferenceAssemblyPaths" skipped. Previously built successfully.
       Target "PrepareForBuild" skipped. Previously built successfully.
       Target "GetInstalledSDKLocations" skipped, due to false condition; ('@(SDKReference)' != '') was evaluated as ('' != '').
   2:8>Target "ResolveSDKReferences" in file "/usr/share/dotnet/sdk/8.0.415/Microsoft.Common.CurrentVersion.targets" from project "/home/saidul/Desktop/K-Chief Marine Automation Platform/src/KChief.VesselControl/KChief.VesselControl.csproj" (target "ResolveAssemblyReferences" depends on it):
       Task "ResolveSDKReference" skipped, due to false condition; ('@(SDKReference)'!='') was evaluated as (''!='').
   2:8>Done building target "ResolveSDKReferences" in project "KChief.VesselControl.csproj".
       Target "ResolveSDKReferences" skipped. Previously built successfully.
   2:8>Target "ExpandSDKReferences" in file "/usr/share/dotnet/sdk/8.0.415/Microsoft.Common.CurrentVersion.targets" from project "/home/saidul/Desktop/K-Chief Marine Automation Platform/src/KChief.VesselControl/KChief.VesselControl.csproj" (target "ResolveAssemblyReferences" depends on it):
       Task "GetSDKReferenceFiles" skipped, due to false condition; ('@(ResolvedSDKReference)'!='') was evaluated as (''!='').
   2:8>Done building target "ExpandSDKReferences" in project "KChief.VesselControl.csproj".
       Target "ResolvePackageDependenciesForBuild" skipped. Previously built successfully.
       Target "GetFrameworkPaths" skipped. Previously built successfully.
       Target "GetReferenceAssemblyPaths" skipped. Previously built successfully.
       Target "ProcessFrameworkReferences" skipped. Previously built successfully.
       Target "ResolvePackageAssets" skipped. Previously built successfully.
   2:8>Target "ResolveFrameworkReferences" in file "/usr/share/dotnet/sdk/8.0.415/Sdks/Microsoft.NET.Sdk/targets/Microsoft.NET.Sdk.FrameworkReferenceResolution.targets" from project "/home/saidul/Desktop/K-Chief Marine Automation Platform/src/KChief.VesselControl/KChief.VesselControl.csproj" (target "ResolveTargetingPackAssets" depends on it):
       Using "GetPackageDirectory" task from assembly "/usr/share/dotnet/sdk/8.0.415/Sdks/Microsoft.NET.Sdk/targets/../tools/net8.0/Microsoft.NET.Build.Tasks.dll".
       Task "GetPackageDirectory"
       Done executing task "GetPackageDirectory".
       Task "GetPackageDirectory"
       Done executing task "GetPackageDirectory".
       Task "GetPackageDirectory"
       Done executing task "GetPackageDirectory".
       Task "GetPackageDirectory"
       Done executing task "GetPackageDirectory".
       Task "GetPackageDirectory"
       Done executing task "GetPackageDirectory".
       Task "GetPackageDirectory"
       Done executing task "GetPackageDirectory".
       Task "GetPackageDirectory"
       Done executing task "GetPackageDirectory".
       Task "GetPackageDirectory"
       Done executing task "GetPackageDirectory".
       Task "GetPackageDirectory"
       Done executing task "GetPackageDirectory".
       Task "GetPackageDirectory"
       Done executing task "GetPackageDirectory".
       Using "ResolveFrameworkReferences" task from assembly "/usr/share/dotnet/sdk/8.0.415/Sdks/Microsoft.NET.Sdk/targets/../tools/net8.0/Microsoft.NET.Build.Tasks.dll".
       Task "ResolveFrameworkReferences"
       Done executing task "ResolveFrameworkReferences".
   2:8>Done building target "ResolveFrameworkReferences" in project "KChief.VesselControl.csproj".
   2:8>Target "ResolveTargetingPackAssets" in file "/usr/share/dotnet/sdk/8.0.415/Sdks/Microsoft.NET.Sdk/targets/Microsoft.NET.Sdk.FrameworkReferenceResolution.targets" from project "/home/saidul/Desktop/K-Chief Marine Automation Platform/src/KChief.VesselControl/KChief.VesselControl.csproj" (target "_HandlePackageFileConflicts" depends on it):
       Using "ResolveTargetingPackAssets" task from assembly "/usr/share/dotnet/sdk/8.0.415/Sdks/Microsoft.NET.Sdk/targets/../tools/net8.0/Microsoft.NET.Build.Tasks.dll".
       Task "ResolveTargetingPackAssets"
       Done executing task "ResolveTargetingPackAssets".
   2:8>Done building target "ResolveTargetingPackAssets" in project "KChief.VesselControl.csproj".
   2:8>Target "ResolveOffByDefaultAnalyzers" in file "/usr/share/dotnet/sdk/8.0.415/Sdks/Microsoft.NET.Sdk/targets/Microsoft.NET.Sdk.FrameworkReferenceResolution.targets" from project "/home/saidul/Desktop/K-Chief Marine Automation Platform/src/KChief.VesselControl/KChief.VesselControl.csproj" (target "_HandlePackageFileConflicts" depends on it):
   2:8>Done building target "ResolveOffByDefaultAnalyzers" in project "KChief.VesselControl.csproj".
   2:8>Target "_HandlePackageFileConflicts" in file "/usr/share/dotnet/sdk/8.0.415/Sdks/Microsoft.NET.Sdk/targets/Microsoft.NET.ConflictResolution.targets" from project "/home/saidul/Desktop/K-Chief Marine Automation Platform/src/KChief.VesselControl/KChief.VesselControl.csproj" (target "ResolveAssemblyReferences" depends on it):
       Using "ResolvePackageFileConflicts" task from assembly "/usr/share/dotnet/sdk/8.0.415/Sdks/Microsoft.NET.Sdk/targets/../tools/net8.0/Microsoft.NET.Build.Tasks.dll".
       Task "ResolvePackageFileConflicts"
         Encountered conflict between 'Reference:/home/saidul/.nuget/packages/system.collections.immutable/6.0.0/lib/net6.0/System.Collections.Immutable.dll' and 'Reference:/usr/share/dotnet/packs/Microsoft.NETCore.App.Ref/8.0.21/ref/net8.0/System.Collections.Immutable.dll'. Choosing 'Reference:/usr/share/dotnet/packs/Microsoft.NETCore.App.Ref/8.0.21/ref/net8.0/System.Collections.Immutable.dll' because AssemblyVersion '8.0.0.0' is greater than '6.0.0.0'.
         Encountered conflict between 'Reference:/home/saidul/.nuget/packages/system.diagnostics.diagnosticsource/8.0.0/lib/net8.0/System.Diagnostics.DiagnosticSource.dll' and 'Reference:/usr/share/dotnet/packs/Microsoft.NETCore.App.Ref/8.0.21/ref/net8.0/System.Diagnostics.DiagnosticSource.dll'. Choosing 'Reference:/usr/share/dotnet/packs/Microsoft.NETCore.App.Ref/8.0.21/ref/net8.0/System.Diagnostics.DiagnosticSource.dll' because file version '8.0.2125.47513' is greater than '8.0.23.53103'.
         Encountered conflict between 'Reference:/home/saidul/.nuget/packages/system.reflection.metadata/6.0.1/lib/net6.0/System.Reflection.Metadata.dll' and 'Reference:/usr/share/dotnet/packs/Microsoft.NETCore.App.Ref/8.0.21/ref/net8.0/System.Reflection.Metadata.dll'. Choosing 'Reference:/usr/share/dotnet/packs/Microsoft.NETCore.App.Ref/8.0.21/ref/net8.0/System.Reflection.Metadata.dll' because AssemblyVersion '8.0.0.0' is greater than '6.0.0.0'.
         Encountered conflict between 'Reference:/home/saidul/.nuget/packages/system.runtime.compilerservices.unsafe/6.0.0/lib/net6.0/System.Runtime.CompilerServices.Unsafe.dll' and 'Reference:/usr/share/dotnet/packs/Microsoft.NETCore.App.Ref/8.0.21/ref/net8.0/System.Runtime.CompilerServices.Unsafe.dll'. Choosing 'Reference:/usr/share/dotnet/packs/Microsoft.NETCore.App.Ref/8.0.21/ref/net8.0/System.Runtime.CompilerServices.Unsafe.dll' because AssemblyVersion '8.0.0.0' is greater than '6.0.0.0'.
         Encountered conflict between 'Reference:/home/saidul/.nuget/packages/system.security.cryptography.cng/5.0.0/ref/netcoreapp3.0/System.Security.Cryptography.Cng.dll' and 'Reference:/usr/share/dotnet/packs/Microsoft.NETCore.App.Ref/8.0.21/ref/net8.0/System.Security.Cryptography.Cng.dll'. Choosing 'Reference:/usr/share/dotnet/packs/Microsoft.NETCore.App.Ref/8.0.21/ref/net8.0/System.Security.Cryptography.Cng.dll' because AssemblyVersion '8.0.0.0' is greater than '5.0.0.0'.
         Encountered conflict between 'Reference:/home/saidul/.nuget/packages/system.text.encoding.codepages/6.0.0/lib/net6.0/System.Text.Encoding.CodePages.dll' and 'Reference:/usr/share/dotnet/packs/Microsoft.NETCore.App.Ref/8.0.21/ref/net8.0/System.Text.Encoding.CodePages.dll'. Choosing 'Reference:/usr/share/dotnet/packs/Microsoft.NETCore.App.Ref/8.0.21/ref/net8.0/System.Text.Encoding.CodePages.dll' because AssemblyVersion '8.0.0.0' is greater than '6.0.0.0'.
         Encountered conflict between 'Reference:/home/saidul/.nuget/packages/system.text.encodings.web/8.0.0/lib/net8.0/System.Text.Encodings.Web.dll' and 'Reference:/usr/share/dotnet/packs/Microsoft.NETCore.App.Ref/8.0.21/ref/net8.0/System.Text.Encodings.Web.dll'. Choosing 'Reference:/usr/share/dotnet/packs/Microsoft.NETCore.App.Ref/8.0.21/ref/net8.0/System.Text.Encodings.Web.dll' because file version '8.0.2125.47513' is greater than '8.0.23.53103'.
         Encountered conflict between 'Reference:/home/saidul/.nuget/packages/system.text.json/8.0.0/lib/net8.0/System.Text.Json.dll' and 'Reference:/usr/share/dotnet/packs/Microsoft.NETCore.App.Ref/8.0.21/ref/net8.0/System.Text.Json.dll'. Choosing 'Reference:/usr/share/dotnet/packs/Microsoft.NETCore.App.Ref/8.0.21/ref/net8.0/System.Text.Json.dll' because file version '8.0.2125.47513' is greater than '8.0.23.53103'.
         Encountered conflict between 'Reference:/home/saidul/.nuget/packages/system.threading.channels/7.0.0/lib/net7.0/System.Threading.Channels.dll' and 'Reference:/usr/share/dotnet/packs/Microsoft.NETCore.App.Ref/8.0.21/ref/net8.0/System.Threading.Channels.dll'. Choosing 'Reference:/usr/share/dotnet/packs/Microsoft.NETCore.App.Ref/8.0.21/ref/net8.0/System.Threading.Channels.dll' because AssemblyVersion '8.0.0.0' is greater than '7.0.0.0'.
         Encountered conflict between 'Analyzer:/home/saidul/.nuget/packages/system.text.json/8.0.0/analyzers/dotnet/roslyn4.4/cs/System.Text.Json.SourceGeneration.dll' and 'Analyzer:/usr/share/dotnet/packs/Microsoft.NETCore.App.Ref/8.0.21/analyzers/dotnet/cs/System.Text.Json.SourceGeneration.dll'. Choosing 'Analyzer:/usr/share/dotnet/packs/Microsoft.NETCore.App.Ref/8.0.21/analyzers/dotnet/cs/System.Text.Json.SourceGeneration.dll' because AssemblyVersion '8.0.12.47513' is greater than '8.0.9.3103'.
         Encountered conflict between 'Platform:System.Collections.Immutable.dll' and 'Runtime:/home/saidul/.nuget/packages/system.collections.immutable/6.0.0/lib/net6.0/System.Collections.Immutable.dll'. Choosing 'Platform:System.Collections.Immutable.dll' because AssemblyVersion '8.0.0.0' is greater than '6.0.0.0'.
         Encountered conflict between 'Platform:System.Diagnostics.DiagnosticSource.dll' and 'Runtime:/home/saidul/.nuget/packages/system.diagnostics.diagnosticsource/8.0.0/lib/net8.0/System.Diagnostics.DiagnosticSource.dll'. Choosing 'Platform:System.Diagnostics.DiagnosticSource.dll' because file version '8.0.2125.47513' is greater than '8.0.23.53103'.
         Encountered conflict between 'Platform:System.Formats.Asn1.dll' and 'Runtime:/home/saidul/.nuget/packages/system.formats.asn1/5.0.0/lib/netstandard2.0/System.Formats.Asn1.dll'. Choosing 'Platform:System.Formats.Asn1.dll' because AssemblyVersion '8.0.0.0' is greater than '5.0.0.0'.
         Encountered conflict between 'Platform:System.Reflection.Metadata.dll' and 'Runtime:/home/saidul/.nuget/packages/system.reflection.metadata/6.0.1/lib/net6.0/System.Reflection.Metadata.dll'. Choosing 'Platform:System.Reflection.Metadata.dll' because AssemblyVersion '8.0.0.0' is greater than '6.0.0.0'.
         Encountered conflict between 'Platform:System.Runtime.CompilerServices.Unsafe.dll' and 'Runtime:/home/saidul/.nuget/packages/system.runtime.compilerservices.unsafe/6.0.0/lib/net6.0/System.Runtime.CompilerServices.Unsafe.dll'. Choosing 'Platform:System.Runtime.CompilerServices.Unsafe.dll' because AssemblyVersion '8.0.0.0' is greater than '6.0.0.0'.
         Encountered conflict between 'Platform:System.Security.AccessControl.dll' and 'Runtime:/home/saidul/.nuget/packages/system.security.accesscontrol/6.0.0/lib/net6.0/System.Security.AccessControl.dll'. Choosing 'Platform:System.Security.AccessControl.dll' because AssemblyVersion '8.0.0.0' is greater than '6.0.0.0'.
         Encountered conflict between 'Platform:System.Security.Cryptography.Cng.dll' and 'Runtime:/home/saidul/.nuget/packages/system.security.cryptography.cng/5.0.0/lib/netcoreapp3.0/System.Security.Cryptography.Cng.dll'. Choosing 'Platform:System.Security.Cryptography.Cng.dll' because AssemblyVersion '8.0.0.0' is greater than '5.0.0.0'.
         Encountered conflict between 'Platform:System.Security.Principal.Windows.dll' and 'Runtime:/home/saidul/.nuget/packages/system.security.principal.windows/5.0.0/lib/netstandard2.0/System.Security.Principal.Windows.dll'. Choosing 'Platform:System.Security.Principal.Windows.dll' because AssemblyVersion '8.0.0.0' is greater than '5.0.0.0'.
         Encountered conflict between 'Platform:System.Text.Encoding.CodePages.dll' and 'Runtime:/home/saidul/.nuget/packages/system.text.encoding.codepages/6.0.0/lib/net6.0/System.Text.Encoding.CodePages.dll'. Choosing 'Platform:System.Text.Encoding.CodePages.dll' because AssemblyVersion '8.0.0.0' is greater than '6.0.0.0'.
         Encountered conflict between 'Platform:System.Text.Encodings.Web.dll' and 'Runtime:/home/saidul/.nuget/packages/system.text.encodings.web/8.0.0/lib/net8.0/System.Text.Encodings.Web.dll'. Choosing 'Platform:System.Text.Encodings.Web.dll' because file version '8.0.2125.47513' is greater than '8.0.23.53103'.
         Encountered conflict between 'Platform:System.Text.Json.dll' and 'Runtime:/home/saidul/.nuget/packages/system.text.json/8.0.0/lib/net8.0/System.Text.Json.dll'. Choosing 'Platform:System.Text.Json.dll' because file version '8.0.2125.47513' is greater than '8.0.23.53103'.
         Encountered conflict between 'Platform:System.Threading.Channels.dll' and 'Runtime:/home/saidul/.nuget/packages/system.threading.channels/7.0.0/lib/net7.0/System.Threading.Channels.dll'. Choosing 'Platform:System.Threading.Channels.dll' because AssemblyVersion '8.0.0.0' is greater than '7.0.0.0'.
         Encountered conflict between 'Platform:System.Security.AccessControl.dll' and 'Runtime:/home/saidul/.nuget/packages/system.security.accesscontrol/6.0.0/runtimes/win/lib/net6.0/System.Security.AccessControl.dll'. Choosing 'Platform:System.Security.AccessControl.dll' because AssemblyVersion '8.0.0.0' is greater than '6.0.0.0'.
         Encountered conflict between 'Platform:System.Security.Cryptography.Cng.dll' and 'Runtime:/home/saidul/.nuget/packages/system.security.cryptography.cng/5.0.0/runtimes/win/lib/netcoreapp3.0/System.Security.Cryptography.Cng.dll'. Choosing 'Platform:System.Security.Cryptography.Cng.dll' because AssemblyVersion '8.0.0.0' is greater than '5.0.0.0'.
         Encountered conflict between 'Platform:System.Security.Principal.Windows.dll' and 'Runtime:/home/saidul/.nuget/packages/system.security.principal.windows/5.0.0/runtimes/unix/lib/netcoreapp2.1/System.Security.Principal.Windows.dll'. Choosing 'Platform:System.Security.Principal.Windows.dll' because AssemblyVersion '8.0.0.0' is greater than '5.0.0.0'.
         Encountered conflict between 'Platform:System.Security.Principal.Windows.dll' and 'Runtime:/home/saidul/.nuget/packages/system.security.principal.windows/5.0.0/runtimes/win/lib/netcoreapp2.1/System.Security.Principal.Windows.dll'. Choosing 'Platform:System.Security.Principal.Windows.dll' because AssemblyVersion '8.0.0.0' is greater than '5.0.0.0'.
         Encountered conflict between 'Platform:System.Text.Encoding.CodePages.dll' and 'Runtime:/home/saidul/.nuget/packages/system.text.encoding.codepages/6.0.0/runtimes/win/lib/net6.0/System.Text.Encoding.CodePages.dll'. Choosing 'Platform:System.Text.Encoding.CodePages.dll' because AssemblyVersion '8.0.0.0' is greater than '6.0.0.0'.
         Encountered conflict between 'Platform:System.Text.Encodings.Web.dll' and 'Runtime:/home/saidul/.nuget/packages/system.text.encodings.web/8.0.0/runtimes/browser/lib/net8.0/System.Text.Encodings.Web.dll'. Choosing 'Platform:System.Text.Encodings.Web.dll' because file version '8.0.2125.47513' is greater than '8.0.23.53103'.
         Encountered conflict between 'Platform:mscorlib.dll' and 'Platform:mscorlib.dll'. Could not determine winner due to equal file and assembly versions.
         Encountered conflict between 'Platform:Microsoft.VisualBasic.dll' and 'Platform:Microsoft.VisualBasic.dll'. Could not determine winner due to equal file and assembly versions.
         Encountered conflict between 'Platform:System.dll' and 'Platform:System.dll'. Could not determine winner due to equal file and assembly versions.
         Encountered conflict between 'Platform:System.ComponentModel.DataAnnotations.dll' and 'Platform:System.ComponentModel.DataAnnotations.dll'. Could not determine winner due to equal file and assembly versions.
         Encountered conflict between 'Platform:System.Configuration.dll' and 'Platform:System.Configuration.dll'. Could not determine winner due to equal file and assembly versions.
         Encountered conflict between 'Platform:System.Core.dll' and 'Platform:System.Core.dll'. Could not determine winner due to equal file and assembly versions.
         Encountered conflict between 'Platform:System.Data.dll' and 'Platform:System.Data.dll'. Could not determine winner due to equal file and assembly versions.
         Encountered conflict between 'Platform:System.Drawing.dll' and 'Platform:System.Drawing.dll'. Could not determine winner due to equal file and assembly versions.
         Encountered conflict between 'Platform:System.IO.Compression.FileSystem.dll' and 'Platform:System.IO.Compression.FileSystem.dll'. Could not determine winner due to equal file and assembly versions.
         Encountered conflict between 'Platform:System.Net.dll' and 'Platform:System.Net.dll'. Could not determine winner due to equal file and assembly versions.
         Encountered conflict between 'Platform:System.Numerics.dll' and 'Platform:System.Numerics.dll'. Could not determine winner due to equal file and assembly versions.
         Encountered conflict between 'Platform:System.Runtime.Serialization.dll' and 'Platform:System.Runtime.Serialization.dll'. Could not determine winner due to equal file and assembly versions.
         Encountered conflict between 'Platform:System.Security.dll' and 'Platform:System.Security.dll'. Could not determine winner due to equal file and assembly versions.
         Encountered conflict between 'Platform:System.ServiceProcess.dll' and 'Platform:System.ServiceProcess.dll'. Could not determine winner due to equal file and assembly versions.
         Encountered conflict between 'Platform:System.ServiceModel.Web.dll' and 'Platform:System.ServiceModel.Web.dll'. Could not determine winner due to equal file and assembly versions.
         Encountered conflict between 'Platform:System.Transactions.dll' and 'Platform:System.Transactions.dll'. Could not determine winner due to equal file and assembly versions.
         Encountered conflict between 'Platform:System.Web.dll' and 'Platform:System.Web.dll'. Could not determine winner due to equal file and assembly versions.
         Encountered conflict between 'Platform:System.Windows.dll' and 'Platform:System.Windows.dll'. Could not determine winner due to equal file and assembly versions.
         Encountered conflict between 'Platform:System.Xml.dll' and 'Platform:System.Xml.dll'. Could not determine winner due to equal file and assembly versions.
         Encountered conflict between 'Platform:System.Xml.Serialization.dll' and 'Platform:System.Xml.Serialization.dll'. Could not determine winner due to equal file and assembly versions.
         Encountered conflict between 'Platform:System.Xml.Linq.dll' and 'Platform:System.Xml.Linq.dll'. Could not determine winner due to equal file and assembly versions.
         Encountered conflict between 'Platform:WindowsBase.dll' and 'Platform:WindowsBase.dll'. Could not determine winner due to equal file and assembly versions.
         Encountered conflict between 'Platform:netstandard.dll' and 'Platform:netstandard.dll'. Could not determine winner due to equal file and assembly versions.
         Encountered conflict between 'Platform:System.Private.CoreLib.dll' and 'Platform:System.Private.CoreLib.dll'. Could not determine winner due to equal file and assembly versions.
         Encountered conflict between 'Platform:System.Private.DataContractSerialization.dll' and 'Platform:System.Private.DataContractSerialization.dll'. Could not determine winner due to equal file and assembly versions.
         Encountered conflict between 'Platform:System.Private.Uri.dll' and 'Platform:System.Private.Uri.dll'. Could not determine winner due to equal file and assembly versions.
         Encountered conflict between 'Platform:System.Private.Xml.dll' and 'Platform:System.Private.Xml.dll'. Could not determine winner due to equal file and assembly versions.
         Encountered conflict between 'Platform:System.Private.Xml.Linq.dll' and 'Platform:System.Private.Xml.Linq.dll'. Could not determine winner due to equal file and assembly versions.
         Encountered conflict between 'Platform:mscordaccore_amd64_amd64_8.0.2125.47513.dll' and 'Platform:mscordaccore_amd64_amd64_8.0.2125.47513.dll'. Could not determine winner due to equal file and assembly versions.
       Done executing task "ResolvePackageFileConflicts".
   2:8>Done building target "_HandlePackageFileConflicts" in project "KChief.VesselControl.csproj".
       Target "ResolveTargetingPackAssets" skipped. Previously built successfully.
   2:8>Target "ResolveAssemblyReferences" in file "/usr/share/dotnet/sdk/8.0.415/Microsoft.Common.CurrentVersion.targets" from project "/home/saidul/Desktop/K-Chief Marine Automation Platform/src/KChief.VesselControl/KChief.VesselControl.csproj" (target "ResolveReferences" depends on it):
       Using "ResolveAssemblyReference" task from assembly "Microsoft.Build.Tasks.Core, Version=15.1.0.0, Culture=neutral, PublicKeyToken=b03f5f7f11d50a3a".
       Task "ResolveAssemblyReference"
         TargetFrameworkMoniker:
             .NETCoreApp,Version=v8.0
         TargetFrameworkMonikerDisplayName:
             .NET 8.0
         TargetedRuntimeVersion:
             
         Assemblies:
             /home/saidul/.nuget/packages/azure.core/1.25.0/lib/net5.0/Azure.Core.dll
                 Private = 'false'
                 HintPath = '/home/saidul/.nuget/packages/azure.core/1.25.0/lib/net5.0/Azure.Core.dll'
             /home/saidul/.nuget/packages/azure.identity/1.7.0/lib/netstandard2.0/Azure.Identity.dll
                 Private = 'false'
                 HintPath = '/home/saidul/.nuget/packages/azure.identity/1.7.0/lib/netstandard2.0/Azure.Identity.dll'
             /home/saidul/.nuget/packages/fluentvalidation/11.9.0/lib/net8.0/FluentValidation.dll
                 Private = 'false'
                 HintPath = '/home/saidul/.nuget/packages/fluentvalidation/11.9.0/lib/net8.0/FluentValidation.dll'
             /home/saidul/.nuget/packages/humanizer.core/2.14.1/lib/net6.0/Humanizer.dll
                 Private = 'false'
                 HintPath = '/home/saidul/.nuget/packages/humanizer.core/2.14.1/lib/net6.0/Humanizer.dll'
             /home/saidul/.nuget/packages/microsoft.aspnetcore.http.abstractions/2.2.0/lib/netstandard2.0/Microsoft.AspNetCore.Http.Abstractions.dll
                 Private = 'false'
                 HintPath = '/home/saidul/.nuget/packages/microsoft.aspnetcore.http.abstractions/2.2.0/lib/netstandard2.0/Microsoft.AspNetCore.Http.Abstractions.dll'
             /home/saidul/.nuget/packages/microsoft.aspnetcore.http.features/2.2.0/lib/netstandard2.0/Microsoft.AspNetCore.Http.Features.dll
                 Private = 'false'
                 HintPath = '/home/saidul/.nuget/packages/microsoft.aspnetcore.http.features/2.2.0/lib/netstandard2.0/Microsoft.AspNetCore.Http.Features.dll'
             /home/saidul/.nuget/packages/microsoft.bcl.asyncinterfaces/6.0.0/lib/netstandard2.1/Microsoft.Bcl.AsyncInterfaces.dll
                 Private = 'false'
                 HintPath = '/home/saidul/.nuget/packages/microsoft.bcl.asyncinterfaces/6.0.0/lib/netstandard2.1/Microsoft.Bcl.AsyncInterfaces.dll'
             /home/saidul/.nuget/packages/microsoft.codeanalysis.common/4.5.0/lib/netcoreapp3.1/Microsoft.CodeAnalysis.dll
                 Private = 'false'
                 HintPath = '/home/saidul/.nuget/packages/microsoft.codeanalysis.common/4.5.0/lib/netcoreapp3.1/Microsoft.CodeAnalysis.dll'
             /home/saidul/.nuget/packages/microsoft.codeanalysis.csharp/4.5.0/lib/netcoreapp3.1/Microsoft.CodeAnalysis.CSharp.dll
                 Private = 'false'
                 HintPath = '/home/saidul/.nuget/packages/microsoft.codeanalysis.csharp/4.5.0/lib/netcoreapp3.1/Microsoft.CodeAnalysis.CSharp.dll'
             /home/saidul/.nuget/packages/microsoft.codeanalysis.csharp.workspaces/4.5.0/lib/netcoreapp3.1/Microsoft.CodeAnalysis.CSharp.Workspaces.dll
                 Private = 'false'
                 HintPath = '/home/saidul/.nuget/packages/microsoft.codeanalysis.csharp.workspaces/4.5.0/lib/netcoreapp3.1/Microsoft.CodeAnalysis.CSharp.Workspaces.dll'
             /home/saidul/.nuget/packages/microsoft.codeanalysis.workspaces.common/4.5.0/lib/netcoreapp3.1/Microsoft.CodeAnalysis.Workspaces.dll
                 Private = 'false'
                 HintPath = '/home/saidul/.nuget/packages/microsoft.codeanalysis.workspaces.common/4.5.0/lib/netcoreapp3.1/Microsoft.CodeAnalysis.Workspaces.dll'
             /home/saidul/.nuget/packages/microsoft.data.sqlclient/5.1.1/ref/net6.0/Microsoft.Data.SqlClient.dll
                 Private = 'false'
                 HintPath = '/home/saidul/.nuget/packages/microsoft.data.sqlclient/5.1.1/ref/net6.0/Microsoft.Data.SqlClient.dll'
             /home/saidul/.nuget/packages/microsoft.data.sqlite.core/8.0.0/lib/net8.0/Microsoft.Data.Sqlite.dll
                 Private = 'false'
                 HintPath = '/home/saidul/.nuget/packages/microsoft.data.sqlite.core/8.0.0/lib/net8.0/Microsoft.Data.Sqlite.dll'
             /home/saidul/.nuget/packages/microsoft.entityframeworkcore/8.0.0/lib/net8.0/Microsoft.EntityFrameworkCore.dll
                 Private = 'false'
                 HintPath = '/home/saidul/.nuget/packages/microsoft.entityframeworkcore/8.0.0/lib/net8.0/Microsoft.EntityFrameworkCore.dll'
             /home/saidul/.nuget/packages/microsoft.entityframeworkcore.abstractions/8.0.0/lib/net8.0/Microsoft.EntityFrameworkCore.Abstractions.dll
                 Private = 'false'
                 HintPath = '/home/saidul/.nuget/packages/microsoft.entityframeworkcore.abstractions/8.0.0/lib/net8.0/Microsoft.EntityFrameworkCore.Abstractions.dll'
             /home/saidul/.nuget/packages/microsoft.entityframeworkcore.design/8.0.0/lib/net8.0/Microsoft.EntityFrameworkCore.Design.dll
                 Private = 'false'
                 HintPath = '/home/saidul/.nuget/packages/microsoft.entityframeworkcore.design/8.0.0/lib/net8.0/Microsoft.EntityFrameworkCore.Design.dll'
             /home/saidul/.nuget/packages/microsoft.entityframeworkcore.relational/8.0.0/lib/net8.0/Microsoft.EntityFrameworkCore.Relational.dll
                 Private = 'false'
                 HintPath = '/home/saidul/.nuget/packages/microsoft.entityframeworkcore.relational/8.0.0/lib/net8.0/Microsoft.EntityFrameworkCore.Relational.dll'
             /home/saidul/.nuget/packages/microsoft.entityframeworkcore.sqlite.core/8.0.0/lib/net8.0/Microsoft.EntityFrameworkCore.Sqlite.dll
                 Private = 'false'
                 HintPath = '/home/saidul/.nuget/packages/microsoft.entityframeworkcore.sqlite.core/8.0.0/lib/net8.0/Microsoft.EntityFrameworkCore.Sqlite.dll'
             /home/saidul/.nuget/packages/microsoft.entityframeworkcore.sqlserver/8.0.0/lib/net8.0/Microsoft.EntityFrameworkCore.SqlServer.dll
                 Private = 'false'
                 HintPath = '/home/saidul/.nuget/packages/microsoft.entityframeworkcore.sqlserver/8.0.0/lib/net8.0/Microsoft.EntityFrameworkCore.SqlServer.dll'
             /home/saidul/.nuget/packages/microsoft.extensions.caching.abstractions/8.0.0/lib/net8.0/Microsoft.Extensions.Caching.Abstractions.dll
                 Private = 'false'
                 HintPath = '/home/saidul/.nuget/packages/microsoft.extensions.caching.abstractions/8.0.0/lib/net8.0/Microsoft.Extensions.Caching.Abstractions.dll'
             /home/saidul/.nuget/packages/microsoft.extensions.caching.memory/8.0.0/lib/net8.0/Microsoft.Extensions.Caching.Memory.dll
                 Private = 'false'
                 HintPath = '/home/saidul/.nuget/packages/microsoft.extensions.caching.memory/8.0.0/lib/net8.0/Microsoft.Extensions.Caching.Memory.dll'
             /home/saidul/.nuget/packages/microsoft.extensions.configuration.abstractions/8.0.0/lib/net8.0/Microsoft.Extensions.Configuration.Abstractions.dll
                 Private = 'false'
                 HintPath = '/home/saidul/.nuget/packages/microsoft.extensions.configuration.abstractions/8.0.0/lib/net8.0/Microsoft.Extensions.Configuration.Abstractions.dll'
             /home/saidul/.nuget/packages/microsoft.extensions.dependencyinjection/8.0.0/lib/net8.0/Microsoft.Extensions.DependencyInjection.dll
                 Private = 'false'
                 HintPath = '/home/saidul/.nuget/packages/microsoft.extensions.dependencyinjection/8.0.0/lib/net8.0/Microsoft.Extensions.DependencyInjection.dll'
             /home/saidul/.nuget/packages/microsoft.extensions.dependencyinjection.abstractions/8.0.1/lib/net8.0/Microsoft.Extensions.DependencyInjection.Abstractions.dll
                 Private = 'false'
                 HintPath = '/home/saidul/.nuget/packages/microsoft.extensions.dependencyinjection.abstractions/8.0.1/lib/net8.0/Microsoft.Extensions.DependencyInjection.Abstractions.dll'
             /home/saidul/.nuget/packages/microsoft.extensions.dependencymodel/8.0.0/lib/net8.0/Microsoft.Extensions.DependencyModel.dll
                 Private = 'false'
                 HintPath = '/home/saidul/.nuget/packages/microsoft.extensions.dependencymodel/8.0.0/lib/net8.0/Microsoft.Extensions.DependencyModel.dll'
             /home/saidul/.nuget/packages/microsoft.extensions.diagnostics.abstractions/8.0.0/lib/net8.0/Microsoft.Extensions.Diagnostics.Abstractions.dll
                 Private = 'false'
                 HintPath = '/home/saidul/.nuget/packages/microsoft.extensions.diagnostics.abstractions/8.0.0/lib/net8.0/Microsoft.Extensions.Diagnostics.Abstractions.dll'
             /home/saidul/.nuget/packages/microsoft.extensions.fileproviders.abstractions/8.0.0/lib/net8.0/Microsoft.Extensions.FileProviders.Abstractions.dll
                 Private = 'false'
                 HintPath = '/home/saidul/.nuget/packages/microsoft.extensions.fileproviders.abstractions/8.0.0/lib/net8.0/Microsoft.Extensions.FileProviders.Abstractions.dll'
             /home/saidul/.nuget/packages/microsoft.extensions.hosting.abstractions/8.0.0/lib/net8.0/Microsoft.Extensions.Hosting.Abstractions.dll
                 Private = 'false'
                 HintPath = '/home/saidul/.nuget/packages/microsoft.extensions.hosting.abstractions/8.0.0/lib/net8.0/Microsoft.Extensions.Hosting.Abstractions.dll'
             /home/saidul/.nuget/packages/microsoft.extensions.logging/8.0.0/lib/net8.0/Microsoft.Extensions.Logging.dll
                 Private = 'false'
                 HintPath = '/home/saidul/.nuget/packages/microsoft.extensions.logging/8.0.0/lib/net8.0/Microsoft.Extensions.Logging.dll'
             /home/saidul/.nuget/packages/microsoft.extensions.logging.abstractions/8.0.1/lib/net8.0/Microsoft.Extensions.Logging.Abstractions.dll
                 Private = 'false'
                 HintPath = '/home/saidul/.nuget/packages/microsoft.extensions.logging.abstractions/8.0.1/lib/net8.0/Microsoft.Extensions.Logging.Abstractions.dll'
             /home/saidul/.nuget/packages/microsoft.extensions.options/8.0.0/lib/net8.0/Microsoft.Extensions.Options.dll
                 Private = 'false'
                 HintPath = '/home/saidul/.nuget/packages/microsoft.extensions.options/8.0.0/lib/net8.0/Microsoft.Extensions.Options.dll'
             /home/saidul/.nuget/packages/microsoft.extensions.primitives/8.0.0/lib/net8.0/Microsoft.Extensions.Primitives.dll
                 Private = 'false'
                 HintPath = '/home/saidul/.nuget/packages/microsoft.extensions.primitives/8.0.0/lib/net8.0/Microsoft.Extensions.Primitives.dll'
             /home/saidul/.nuget/packages/microsoft.identity.client/4.47.2/lib/netcoreapp2.1/Microsoft.Identity.Client.dll
                 Private = 'false'
                 HintPath = '/home/saidul/.nuget/packages/microsoft.identity.client/4.47.2/lib/netcoreapp2.1/Microsoft.Identity.Client.dll'
             /home/saidul/.nuget/packages/microsoft.identity.client.extensions.msal/2.19.3/lib/netcoreapp2.1/Microsoft.Identity.Client.Extensions.Msal.dll
                 Private = 'false'
                 HintPath = '/home/saidul/.nuget/packages/microsoft.identity.client.extensions.msal/2.19.3/lib/netcoreapp2.1/Microsoft.Identity.Client.Extensions.Msal.dll'
             /home/saidul/.nuget/packages/microsoft.identitymodel.abstractions/6.24.0/lib/net6.0/Microsoft.IdentityModel.Abstractions.dll
                 Private = 'false'
                 HintPath = '/home/saidul/.nuget/packages/microsoft.identitymodel.abstractions/6.24.0/lib/net6.0/Microsoft.IdentityModel.Abstractions.dll'
             /home/saidul/.nuget/packages/microsoft.identitymodel.jsonwebtokens/6.24.0/lib/net6.0/Microsoft.IdentityModel.JsonWebTokens.dll
                 Private = 'false'
                 HintPath = '/home/saidul/.nuget/packages/microsoft.identitymodel.jsonwebtokens/6.24.0/lib/net6.0/Microsoft.IdentityModel.JsonWebTokens.dll'
             /home/saidul/.nuget/packages/microsoft.identitymodel.logging/6.24.0/lib/net6.0/Microsoft.IdentityModel.Logging.dll
                 Private = 'false'
                 HintPath = '/home/saidul/.nuget/packages/microsoft.identitymodel.logging/6.24.0/lib/net6.0/Microsoft.IdentityModel.Logging.dll'
             /home/saidul/.nuget/packages/microsoft.identitymodel.protocols/6.24.0/lib/net6.0/Microsoft.IdentityModel.Protocols.dll
                 Private = 'false'
                 HintPath = '/home/saidul/.nuget/packages/microsoft.identitymodel.protocols/6.24.0/lib/net6.0/Microsoft.IdentityModel.Protocols.dll'
             /home/saidul/.nuget/packages/microsoft.identitymodel.protocols.openidconnect/6.24.0/lib/net6.0/Microsoft.IdentityModel.Protocols.OpenIdConnect.dll
                 Private = 'false'
                 HintPath = '/home/saidul/.nuget/packages/microsoft.identitymodel.protocols.openidconnect/6.24.0/lib/net6.0/Microsoft.IdentityModel.Protocols.OpenIdConnect.dll'
             /home/saidul/.nuget/packages/microsoft.identitymodel.tokens/6.24.0/lib/net6.0/Microsoft.IdentityModel.Tokens.dll
                 Private = 'false'
                 HintPath = '/home/saidul/.nuget/packages/microsoft.identitymodel.tokens/6.24.0/lib/net6.0/Microsoft.IdentityModel.Tokens.dll'
             /home/saidul/.nuget/packages/microsoft.sqlserver.server/1.0.0/lib/netstandard2.0/Microsoft.SqlServer.Server.dll
                 Private = 'false'
                 HintPath = '/home/saidul/.nuget/packages/microsoft.sqlserver.server/1.0.0/lib/netstandard2.0/Microsoft.SqlServer.Server.dll'
             /home/saidul/.nuget/packages/mono.texttemplating/2.2.1/lib/netstandard2.0/Mono.TextTemplating.dll
                 Private = 'false'
                 HintPath = '/home/saidul/.nuget/packages/mono.texttemplating/2.2.1/lib/netstandard2.0/Mono.TextTemplating.dll'
             /home/saidul/.nuget/packages/polly/8.2.0/lib/net6.0/Polly.dll
                 Private = 'false'
                 HintPath = '/home/saidul/.nuget/packages/polly/8.2.0/lib/net6.0/Polly.dll'
             /home/saidul/.nuget/packages/polly.core/8.2.0/lib/net8.0/Polly.Core.dll
                 Private = 'false'
                 HintPath = '/home/saidul/.nuget/packages/polly.core/8.2.0/lib/net8.0/Polly.Core.dll'
             /home/saidul/.nuget/packages/rabbitmq.client/6.8.1/lib/netstandard2.0/RabbitMQ.Client.dll
                 Private = 'false'
                 HintPath = '/home/saidul/.nuget/packages/rabbitmq.client/6.8.1/lib/netstandard2.0/RabbitMQ.Client.dll'
             /home/saidul/.nuget/packages/serilog/3.1.1/lib/net7.0/Serilog.dll
                 Private = 'false'
                 HintPath = '/home/saidul/.nuget/packages/serilog/3.1.1/lib/net7.0/Serilog.dll'
             /home/saidul/.nuget/packages/sqlitepclraw.bundle_e_sqlite3/2.1.6/lib/netstandard2.0/SQLitePCLRaw.batteries_v2.dll
                 Private = 'false'
                 HintPath = '/home/saidul/.nuget/packages/sqlitepclraw.bundle_e_sqlite3/2.1.6/lib/netstandard2.0/SQLitePCLRaw.batteries_v2.dll'
             /home/saidul/.nuget/packages/sqlitepclraw.core/2.1.6/lib/netstandard2.0/SQLitePCLRaw.core.dll
                 Private = 'false'
                 HintPath = '/home/saidul/.nuget/packages/sqlitepclraw.core/2.1.6/lib/netstandard2.0/SQLitePCLRaw.core.dll'
             /home/saidul/.nuget/packages/sqlitepclraw.provider.e_sqlite3/2.1.6/lib/net6.0/SQLitePCLRaw.provider.e_sqlite3.dll
                 Private = 'false'
                 HintPath = '/home/saidul/.nuget/packages/sqlitepclraw.provider.e_sqlite3/2.1.6/lib/net6.0/SQLitePCLRaw.provider.e_sqlite3.dll'
             /home/saidul/.nuget/packages/system.codedom/4.4.0/ref/netstandard2.0/System.CodeDom.dll
                 Private = 'false'
                 HintPath = '/home/saidul/.nuget/packages/system.codedom/4.4.0/ref/netstandard2.0/System.CodeDom.dll'
             /home/saidul/.nuget/packages/system.composition.attributedmodel/6.0.0/lib/net6.0/System.Composition.AttributedModel.dll
                 Private = 'false'
                 HintPath = '/home/saidul/.nuget/packages/system.composition.attributedmodel/6.0.0/lib/net6.0/System.Composition.AttributedModel.dll'
             /home/saidul/.nuget/packages/system.composition.convention/6.0.0/lib/net6.0/System.Composition.Convention.dll
                 Private = 'false'
                 HintPath = '/home/saidul/.nuget/packages/system.composition.convention/6.0.0/lib/net6.0/System.Composition.Convention.dll'
             /home/saidul/.nuget/packages/system.composition.hosting/6.0.0/lib/net6.0/System.Composition.Hosting.dll
                 Private = 'false'
                 HintPath = '/home/saidul/.nuget/packages/system.composition.hosting/6.0.0/lib/net6.0/System.Composition.Hosting.dll'
             /home/saidul/.nuget/packages/system.composition.runtime/6.0.0/lib/net6.0/System.Composition.Runtime.dll
                 Private = 'false'
                 HintPath = '/home/saidul/.nuget/packages/system.composition.runtime/6.0.0/lib/net6.0/System.Composition.Runtime.dll'
             /home/saidul/.nuget/packages/system.composition.typedparts/6.0.0/lib/net6.0/System.Composition.TypedParts.dll
                 Private = 'false'
                 HintPath = '/home/saidul/.nuget/packages/system.composition.typedparts/6.0.0/lib/net6.0/System.Composition.TypedParts.dll'
             /home/saidul/.nuget/packages/system.identitymodel.tokens.jwt/6.24.0/lib/net6.0/System.IdentityModel.Tokens.Jwt.dll
                 Private = 'false'
                 HintPath = '/home/saidul/.nuget/packages/system.identitymodel.tokens.jwt/6.24.0/lib/net6.0/System.IdentityModel.Tokens.Jwt.dll'
             /home/saidul/.nuget/packages/system.io.pipelines/6.0.3/lib/net6.0/System.IO.Pipelines.dll
                 Private = 'false'
                 HintPath = '/home/saidul/.nuget/packages/system.io.pipelines/6.0.3/lib/net6.0/System.IO.Pipelines.dll'
             /home/saidul/.nuget/packages/system.memory.data/1.0.2/lib/netstandard2.0/System.Memory.Data.dll
                 Private = 'false'
                 HintPath = '/home/saidul/.nuget/packages/system.memory.data/1.0.2/lib/netstandard2.0/System.Memory.Data.dll'
             /home/saidul/.nuget/packages/system.security.cryptography.protecteddata/6.0.0/lib/net6.0/System.Security.Cryptography.ProtectedData.dll
                 Private = 'false'
                 HintPath = '/home/saidul/.nuget/packages/system.security.cryptography.protecteddata/6.0.0/lib/net6.0/System.Security.Cryptography.ProtectedData.dll'
             /usr/share/dotnet/packs/Microsoft.NETCore.App.Ref/8.0.21/ref/net8.0/Microsoft.CSharp.dll
                 Private = 'false'
             /usr/share/dotnet/packs/Microsoft.NETCore.App.Ref/8.0.21/ref/net8.0/Microsoft.VisualBasic.Core.dll
                 Private = 'false'
             /usr/share/dotnet/packs/Microsoft.NETCore.App.Ref/8.0.21/ref/net8.0/Microsoft.VisualBasic.dll
                 Private = 'false'
             /usr/share/dotnet/packs/Microsoft.NETCore.App.Ref/8.0.21/ref/net8.0/Microsoft.Win32.Primitives.dll
                 Private = 'false'
             /usr/share/dotnet/packs/Microsoft.NETCore.App.Ref/8.0.21/ref/net8.0/Microsoft.Win32.Registry.dll
                 Private = 'false'
             /usr/share/dotnet/packs/Microsoft.NETCore.App.Ref/8.0.21/ref/net8.0/System.AppContext.dll
                 Private = 'false'
             /usr/share/dotnet/packs/Microsoft.NETCore.App.Ref/8.0.21/ref/net8.0/System.Buffers.dll
                 Private = 'false'
             /usr/share/dotnet/packs/Microsoft.NETCore.App.Ref/8.0.21/ref/net8.0/System.Collections.Concurrent.dll
                 Private = 'false'
             /usr/share/dotnet/packs/Microsoft.NETCore.App.Ref/8.0.21/ref/net8.0/System.Collections.Immutable.dll
                 Private = 'false'
             /usr/share/dotnet/packs/Microsoft.NETCore.App.Ref/8.0.21/ref/net8.0/System.Collections.NonGeneric.dll
                 Private = 'false'
             /usr/share/dotnet/packs/Microsoft.NETCore.App.Ref/8.0.21/ref/net8.0/System.Collections.Specialized.dll
                 Private = 'false'
             /usr/share/dotnet/packs/Microsoft.NETCore.App.Ref/8.0.21/ref/net8.0/System.Collections.dll
                 Private = 'false'
             /usr/share/dotnet/packs/Microsoft.NETCore.App.Ref/8.0.21/ref/net8.0/System.ComponentModel.Annotations.dll
                 Private = 'false'
             /usr/share/dotnet/packs/Microsoft.NETCore.App.Ref/8.0.21/ref/net8.0/System.ComponentModel.DataAnnotations.dll
                 Private = 'false'
             /usr/share/dotnet/packs/Microsoft.NETCore.App.Ref/8.0.21/ref/net8.0/System.ComponentModel.EventBasedAsync.dll
                 Private = 'false'
             /usr/share/dotnet/packs/Microsoft.NETCore.App.Ref/8.0.21/ref/net8.0/System.ComponentModel.Primitives.dll
                 Private = 'false'
             /usr/share/dotnet/packs/Microsoft.NETCore.App.Ref/8.0.21/ref/net8.0/System.ComponentModel.TypeConverter.dll
                 Private = 'false'
             /usr/share/dotnet/packs/Microsoft.NETCore.App.Ref/8.0.21/ref/net8.0/System.ComponentModel.dll
                 Private = 'false'
             /usr/share/dotnet/packs/Microsoft.NETCore.App.Ref/8.0.21/ref/net8.0/System.Configuration.dll
                 Private = 'false'
             /usr/share/dotnet/packs/Microsoft.NETCore.App.Ref/8.0.21/ref/net8.0/System.Console.dll
                 Private = 'false'
             /usr/share/dotnet/packs/Microsoft.NETCore.App.Ref/8.0.21/ref/net8.0/System.Core.dll
                 Private = 'false'
             /usr/share/dotnet/packs/Microsoft.NETCore.App.Ref/8.0.21/ref/net8.0/System.Data.Common.dll
                 Private = 'false'
             /usr/share/dotnet/packs/Microsoft.NETCore.App.Ref/8.0.21/ref/net8.0/System.Data.DataSetExtensions.dll
                 Private = 'false'
             /usr/share/dotnet/packs/Microsoft.NETCore.App.Ref/8.0.21/ref/net8.0/System.Data.dll
                 Private = 'false'
             /usr/share/dotnet/packs/Microsoft.NETCore.App.Ref/8.0.21/ref/net8.0/System.Diagnostics.Contracts.dll
                 Private = 'false'
             /usr/share/dotnet/packs/Microsoft.NETCore.App.Ref/8.0.21/ref/net8.0/System.Diagnostics.Debug.dll
                 Private = 'false'
             /usr/share/dotnet/packs/Microsoft.NETCore.App.Ref/8.0.21/ref/net8.0/System.Diagnostics.DiagnosticSource.dll
                 Private = 'false'
             /usr/share/dotnet/packs/Microsoft.NETCore.App.Ref/8.0.21/ref/net8.0/System.Diagnostics.FileVersionInfo.dll
                 Private = 'false'
             /usr/share/dotnet/packs/Microsoft.NETCore.App.Ref/8.0.21/ref/net8.0/System.Diagnostics.Process.dll
                 Private = 'false'
             /usr/share/dotnet/packs/Microsoft.NETCore.App.Ref/8.0.21/ref/net8.0/System.Diagnostics.StackTrace.dll
                 Private = 'false'
             /usr/share/dotnet/packs/Microsoft.NETCore.App.Ref/8.0.21/ref/net8.0/System.Diagnostics.TextWriterTraceListener.dll
                 Private = 'false'
             /usr/share/dotnet/packs/Microsoft.NETCore.App.Ref/8.0.21/ref/net8.0/System.Diagnostics.Tools.dll
                 Private = 'false'
             /usr/share/dotnet/packs/Microsoft.NETCore.App.Ref/8.0.21/ref/net8.0/System.Diagnostics.TraceSource.dll
                 Private = 'false'
             /usr/share/dotnet/packs/Microsoft.NETCore.App.Ref/8.0.21/ref/net8.0/System.Diagnostics.Tracing.dll
                 Private = 'false'
             /usr/share/dotnet/packs/Microsoft.NETCore.App.Ref/8.0.21/ref/net8.0/System.Drawing.Primitives.dll
                 Private = 'false'
             /usr/share/dotnet/packs/Microsoft.NETCore.App.Ref/8.0.21/ref/net8.0/System.Drawing.dll
                 Private = 'false'
             /usr/share/dotnet/packs/Microsoft.NETCore.App.Ref/8.0.21/ref/net8.0/System.Dynamic.Runtime.dll
                 Private = 'false'
             /usr/share/dotnet/packs/Microsoft.NETCore.App.Ref/8.0.21/ref/net8.0/System.Formats.Asn1.dll
                 Private = 'false'
             /usr/share/dotnet/packs/Microsoft.NETCore.App.Ref/8.0.21/ref/net8.0/System.Formats.Tar.dll
                 Private = 'false'
             /usr/share/dotnet/packs/Microsoft.NETCore.App.Ref/8.0.21/ref/net8.0/System.Globalization.Calendars.dll
                 Private = 'false'
             /usr/share/dotnet/packs/Microsoft.NETCore.App.Ref/8.0.21/ref/net8.0/System.Globalization.Extensions.dll
                 Private = 'false'
             /usr/share/dotnet/packs/Microsoft.NETCore.App.Ref/8.0.21/ref/net8.0/System.Globalization.dll
                 Private = 'false'
             /usr/share/dotnet/packs/Microsoft.NETCore.App.Ref/8.0.21/ref/net8.0/System.IO.Compression.Brotli.dll
                 Private = 'false'
             /usr/share/dotnet/packs/Microsoft.NETCore.App.Ref/8.0.21/ref/net8.0/System.IO.Compression.FileSystem.dll
                 Private = 'false'
             /usr/share/dotnet/packs/Microsoft.NETCore.App.Ref/8.0.21/ref/net8.0/System.IO.Compression.ZipFile.dll
                 Private = 'false'
             /usr/share/dotnet/packs/Microsoft.NETCore.App.Ref/8.0.21/ref/net8.0/System.IO.Compression.dll
                 Private = 'false'
             /usr/share/dotnet/packs/Microsoft.NETCore.App.Ref/8.0.21/ref/net8.0/System.IO.FileSystem.AccessControl.dll
                 Private = 'false'
             /usr/share/dotnet/packs/Microsoft.NETCore.App.Ref/8.0.21/ref/net8.0/System.IO.FileSystem.DriveInfo.dll
                 Private = 'false'
             /usr/share/dotnet/packs/Microsoft.NETCore.App.Ref/8.0.21/ref/net8.0/System.IO.FileSystem.Primitives.dll
                 Private = 'false'
             /usr/share/dotnet/packs/Microsoft.NETCore.App.Ref/8.0.21/ref/net8.0/System.IO.FileSystem.Watcher.dll
                 Private = 'false'
             /usr/share/dotnet/packs/Microsoft.NETCore.App.Ref/8.0.21/ref/net8.0/System.IO.FileSystem.dll
                 Private = 'false'
             /usr/share/dotnet/packs/Microsoft.NETCore.App.Ref/8.0.21/ref/net8.0/System.IO.IsolatedStorage.dll
                 Private = 'false'
             /usr/share/dotnet/packs/Microsoft.NETCore.App.Ref/8.0.21/ref/net8.0/System.IO.MemoryMappedFiles.dll
                 Private = 'false'
             /usr/share/dotnet/packs/Microsoft.NETCore.App.Ref/8.0.21/ref/net8.0/System.IO.Pipes.AccessControl.dll
                 Private = 'false'
             /usr/share/dotnet/packs/Microsoft.NETCore.App.Ref/8.0.21/ref/net8.0/System.IO.Pipes.dll
                 Private = 'false'
             /usr/share/dotnet/packs/Microsoft.NETCore.App.Ref/8.0.21/ref/net8.0/System.IO.UnmanagedMemoryStream.dll
                 Private = 'false'
             /usr/share/dotnet/packs/Microsoft.NETCore.App.Ref/8.0.21/ref/net8.0/System.IO.dll
                 Private = 'false'
             /usr/share/dotnet/packs/Microsoft.NETCore.App.Ref/8.0.21/ref/net8.0/System.Linq.Expressions.dll
                 Private = 'false'
             /usr/share/dotnet/packs/Microsoft.NETCore.App.Ref/8.0.21/ref/net8.0/System.Linq.Parallel.dll
                 Private = 'false'
             /usr/share/dotnet/packs/Microsoft.NETCore.App.Ref/8.0.21/ref/net8.0/System.Linq.Queryable.dll
                 Private = 'false'
             /usr/share/dotnet/packs/Microsoft.NETCore.App.Ref/8.0.21/ref/net8.0/System.Linq.dll
                 Private = 'false'
             /usr/share/dotnet/packs/Microsoft.NETCore.App.Ref/8.0.21/ref/net8.0/System.Memory.dll
                 Private = 'false'
             /usr/share/dotnet/packs/Microsoft.NETCore.App.Ref/8.0.21/ref/net8.0/System.Net.Http.Json.dll
                 Private = 'false'
             /usr/share/dotnet/packs/Microsoft.NETCore.App.Ref/8.0.21/ref/net8.0/System.Net.Http.dll
                 Private = 'false'
             /usr/share/dotnet/packs/Microsoft.NETCore.App.Ref/8.0.21/ref/net8.0/System.Net.HttpListener.dll
                 Private = 'false'
             /usr/share/dotnet/packs/Microsoft.NETCore.App.Ref/8.0.21/ref/net8.0/System.Net.Mail.dll
                 Private = 'false'
             /usr/share/dotnet/packs/Microsoft.NETCore.App.Ref/8.0.21/ref/net8.0/System.Net.NameResolution.dll
                 Private = 'false'
             /usr/share/dotnet/packs/Microsoft.NETCore.App.Ref/8.0.21/ref/net8.0/System.Net.NetworkInformation.dll
                 Private = 'false'
             /usr/share/dotnet/packs/Microsoft.NETCore.App.Ref/8.0.21/ref/net8.0/System.Net.Ping.dll
                 Private = 'false'
             /usr/share/dotnet/packs/Microsoft.NETCore.App.Ref/8.0.21/ref/net8.0/System.Net.Primitives.dll
                 Private = 'false'
             /usr/share/dotnet/packs/Microsoft.NETCore.App.Ref/8.0.21/ref/net8.0/System.Net.Quic.dll
                 Private = 'false'
             /usr/share/dotnet/packs/Microsoft.NETCore.App.Ref/8.0.21/ref/net8.0/System.Net.Requests.dll
                 Private = 'false'
             /usr/share/dotnet/packs/Microsoft.NETCore.App.Ref/8.0.21/ref/net8.0/System.Net.Security.dll
                 Private = 'false'
             /usr/share/dotnet/packs/Microsoft.NETCore.App.Ref/8.0.21/ref/net8.0/System.Net.ServicePoint.dll
                 Private = 'false'
             /usr/share/dotnet/packs/Microsoft.NETCore.App.Ref/8.0.21/ref/net8.0/System.Net.Sockets.dll
                 Private = 'false'
             /usr/share/dotnet/packs/Microsoft.NETCore.App.Ref/8.0.21/ref/net8.0/System.Net.WebClient.dll
                 Private = 'false'
             /usr/share/dotnet/packs/Microsoft.NETCore.App.Ref/8.0.21/ref/net8.0/System.Net.WebHeaderCollection.dll
                 Private = 'false'
             /usr/share/dotnet/packs/Microsoft.NETCore.App.Ref/8.0.21/ref/net8.0/System.Net.WebProxy.dll
                 Private = 'false'
             /usr/share/dotnet/packs/Microsoft.NETCore.App.Ref/8.0.21/ref/net8.0/System.Net.WebSockets.Client.dll
                 Private = 'false'
             /usr/share/dotnet/packs/Microsoft.NETCore.App.Ref/8.0.21/ref/net8.0/System.Net.WebSockets.dll
                 Private = 'false'
             /usr/share/dotnet/packs/Microsoft.NETCore.App.Ref/8.0.21/ref/net8.0/System.Net.dll
                 Private = 'false'
             /usr/share/dotnet/packs/Microsoft.NETCore.App.Ref/8.0.21/ref/net8.0/System.Numerics.Vectors.dll
                 Private = 'false'
             /usr/share/dotnet/packs/Microsoft.NETCore.App.Ref/8.0.21/ref/net8.0/System.Numerics.dll
                 Private = 'false'
             /usr/share/dotnet/packs/Microsoft.NETCore.App.Ref/8.0.21/ref/net8.0/System.ObjectModel.dll
                 Private = 'false'
             /usr/share/dotnet/packs/Microsoft.NETCore.App.Ref/8.0.21/ref/net8.0/System.Reflection.DispatchProxy.dll
                 Private = 'false'
             /usr/share/dotnet/packs/Microsoft.NETCore.App.Ref/8.0.21/ref/net8.0/System.Reflection.Emit.ILGeneration.dll
                 Private = 'false'
             /usr/share/dotnet/packs/Microsoft.NETCore.App.Ref/8.0.21/ref/net8.0/System.Reflection.Emit.Lightweight.dll
                 Private = 'false'
             /usr/share/dotnet/packs/Microsoft.NETCore.App.Ref/8.0.21/ref/net8.0/System.Reflection.Emit.dll
                 Private = 'false'
             /usr/share/dotnet/packs/Microsoft.NETCore.App.Ref/8.0.21/ref/net8.0/System.Reflection.Extensions.dll
                 Private = 'false'
             /usr/share/dotnet/packs/Microsoft.NETCore.App.Ref/8.0.21/ref/net8.0/System.Reflection.Metadata.dll
                 Private = 'false'
             /usr/share/dotnet/packs/Microsoft.NETCore.App.Ref/8.0.21/ref/net8.0/System.Reflection.Primitives.dll
                 Private = 'false'
             /usr/share/dotnet/packs/Microsoft.NETCore.App.Ref/8.0.21/ref/net8.0/System.Reflection.TypeExtensions.dll
                 Private = 'false'
             /usr/share/dotnet/packs/Microsoft.NETCore.App.Ref/8.0.21/ref/net8.0/System.Reflection.dll
                 Private = 'false'
             /usr/share/dotnet/packs/Microsoft.NETCore.App.Ref/8.0.21/ref/net8.0/System.Resources.Reader.dll
                 Private = 'false'
             /usr/share/dotnet/packs/Microsoft.NETCore.App.Ref/8.0.21/ref/net8.0/System.Resources.ResourceManager.dll
                 Private = 'false'
             /usr/share/dotnet/packs/Microsoft.NETCore.App.Ref/8.0.21/ref/net8.0/System.Resources.Writer.dll
                 Private = 'false'
             /usr/share/dotnet/packs/Microsoft.NETCore.App.Ref/8.0.21/ref/net8.0/System.Runtime.CompilerServices.Unsafe.dll
                 Private = 'false'
             /usr/share/dotnet/packs/Microsoft.NETCore.App.Ref/8.0.21/ref/net8.0/System.Runtime.CompilerServices.VisualC.dll
                 Private = 'false'
             /usr/share/dotnet/packs/Microsoft.NETCore.App.Ref/8.0.21/ref/net8.0/System.Runtime.Extensions.dll
                 Private = 'false'
             /usr/share/dotnet/packs/Microsoft.NETCore.App.Ref/8.0.21/ref/net8.0/System.Runtime.Handles.dll
                 Private = 'false'
             /usr/share/dotnet/packs/Microsoft.NETCore.App.Ref/8.0.21/ref/net8.0/System.Runtime.InteropServices.JavaScript.dll
                 Private = 'false'
             /usr/share/dotnet/packs/Microsoft.NETCore.App.Ref/8.0.21/ref/net8.0/System.Runtime.InteropServices.RuntimeInformation.dll
                 Private = 'false'
             /usr/share/dotnet/packs/Microsoft.NETCore.App.Ref/8.0.21/ref/net8.0/System.Runtime.InteropServices.dll
                 Private = 'false'
             /usr/share/dotnet/packs/Microsoft.NETCore.App.Ref/8.0.21/ref/net8.0/System.Runtime.Intrinsics.dll
                 Private = 'false'
             /usr/share/dotnet/packs/Microsoft.NETCore.App.Ref/8.0.21/ref/net8.0/System.Runtime.Loader.dll
                 Private = 'false'
             /usr/share/dotnet/packs/Microsoft.NETCore.App.Ref/8.0.21/ref/net8.0/System.Runtime.Numerics.dll
                 Private = 'false'
             /usr/share/dotnet/packs/Microsoft.NETCore.App.Ref/8.0.21/ref/net8.0/System.Runtime.Serialization.Formatters.dll
                 Private = 'false'
             /usr/share/dotnet/packs/Microsoft.NETCore.App.Ref/8.0.21/ref/net8.0/System.Runtime.Serialization.Json.dll
                 Private = 'false'
             /usr/share/dotnet/packs/Microsoft.NETCore.App.Ref/8.0.21/ref/net8.0/System.Runtime.Serialization.Primitives.dll
                 Private = 'false'
             /usr/share/dotnet/packs/Microsoft.NETCore.App.Ref/8.0.21/ref/net8.0/System.Runtime.Serialization.Xml.dll
                 Private = 'false'
             /usr/share/dotnet/packs/Microsoft.NETCore.App.Ref/8.0.21/ref/net8.0/System.Runtime.Serialization.dll
                 Private = 'false'
             /usr/share/dotnet/packs/Microsoft.NETCore.App.Ref/8.0.21/ref/net8.0/System.Runtime.dll
                 Private = 'false'
             /usr/share/dotnet/packs/Microsoft.NETCore.App.Ref/8.0.21/ref/net8.0/System.Security.AccessControl.dll
                 Private = 'false'
             /usr/share/dotnet/packs/Microsoft.NETCore.App.Ref/8.0.21/ref/net8.0/System.Security.Claims.dll
                 Private = 'false'
             /usr/share/dotnet/packs/Microsoft.NETCore.App.Ref/8.0.21/ref/net8.0/System.Security.Cryptography.Algorithms.dll
                 Private = 'false'
             /usr/share/dotnet/packs/Microsoft.NETCore.App.Ref/8.0.21/ref/net8.0/System.Security.Cryptography.Cng.dll
                 Private = 'false'
             /usr/share/dotnet/packs/Microsoft.NETCore.App.Ref/8.0.21/ref/net8.0/System.Security.Cryptography.Csp.dll
                 Private = 'false'
             /usr/share/dotnet/packs/Microsoft.NETCore.App.Ref/8.0.21/ref/net8.0/System.Security.Cryptography.Encoding.dll
                 Private = 'false'
             /usr/share/dotnet/packs/Microsoft.NETCore.App.Ref/8.0.21/ref/net8.0/System.Security.Cryptography.OpenSsl.dll
                 Private = 'false'
             /usr/share/dotnet/packs/Microsoft.NETCore.App.Ref/8.0.21/ref/net8.0/System.Security.Cryptography.Primitives.dll
                 Private = 'false'
             /usr/share/dotnet/packs/Microsoft.NETCore.App.Ref/8.0.21/ref/net8.0/System.Security.Cryptography.X509Certificates.dll
                 Private = 'false'
             /usr/share/dotnet/packs/Microsoft.NETCore.App.Ref/8.0.21/ref/net8.0/System.Security.Cryptography.dll
                 Private = 'false'
             /usr/share/dotnet/packs/Microsoft.NETCore.App.Ref/8.0.21/ref/net8.0/System.Security.Principal.Windows.dll
                 Private = 'false'
             /usr/share/dotnet/packs/Microsoft.NETCore.App.Ref/8.0.21/ref/net8.0/System.Security.Principal.dll
                 Private = 'false'
             /usr/share/dotnet/packs/Microsoft.NETCore.App.Ref/8.0.21/ref/net8.0/System.Security.SecureString.dll
                 Private = 'false'
             /usr/share/dotnet/packs/Microsoft.NETCore.App.Ref/8.0.21/ref/net8.0/System.Security.dll
                 Private = 'false'
             /usr/share/dotnet/packs/Microsoft.NETCore.App.Ref/8.0.21/ref/net8.0/System.ServiceModel.Web.dll
                 Private = 'false'
             /usr/share/dotnet/packs/Microsoft.NETCore.App.Ref/8.0.21/ref/net8.0/System.ServiceProcess.dll
                 Private = 'false'
             /usr/share/dotnet/packs/Microsoft.NETCore.App.Ref/8.0.21/ref/net8.0/System.Text.Encoding.CodePages.dll
                 Private = 'false'
             /usr/share/dotnet/packs/Microsoft.NETCore.App.Ref/8.0.21/ref/net8.0/System.Text.Encoding.Extensions.dll
                 Private = 'false'
             /usr/share/dotnet/packs/Microsoft.NETCore.App.Ref/8.0.21/ref/net8.0/System.Text.Encoding.dll
                 Private = 'false'
             /usr/share/dotnet/packs/Microsoft.NETCore.App.Ref/8.0.21/ref/net8.0/System.Text.Encodings.Web.dll
                 Private = 'false'
             /usr/share/dotnet/packs/Microsoft.NETCore.App.Ref/8.0.21/ref/net8.0/System.Text.Json.dll
                 Private = 'false'
             /usr/share/dotnet/packs/Microsoft.NETCore.App.Ref/8.0.21/ref/net8.0/System.Text.RegularExpressions.dll
                 Private = 'false'
             /usr/share/dotnet/packs/Microsoft.NETCore.App.Ref/8.0.21/ref/net8.0/System.Threading.Channels.dll
                 Private = 'false'
             /usr/share/dotnet/packs/Microsoft.NETCore.App.Ref/8.0.21/ref/net8.0/System.Threading.Overlapped.dll
                 Private = 'false'
             /usr/share/dotnet/packs/Microsoft.NETCore.App.Ref/8.0.21/ref/net8.0/System.Threading.Tasks.Dataflow.dll
                 Private = 'false'
             /usr/share/dotnet/packs/Microsoft.NETCore.App.Ref/8.0.21/ref/net8.0/System.Threading.Tasks.Extensions.dll
                 Private = 'false'
             /usr/share/dotnet/packs/Microsoft.NETCore.App.Ref/8.0.21/ref/net8.0/System.Threading.Tasks.Parallel.dll
                 Private = 'false'
             /usr/share/dotnet/packs/Microsoft.NETCore.App.Ref/8.0.21/ref/net8.0/System.Threading.Tasks.dll
                 Private = 'false'
             /usr/share/dotnet/packs/Microsoft.NETCore.App.Ref/8.0.21/ref/net8.0/System.Threading.Thread.dll
                 Private = 'false'
             /usr/share/dotnet/packs/Microsoft.NETCore.App.Ref/8.0.21/ref/net8.0/System.Threading.ThreadPool.dll
                 Private = 'false'
             /usr/share/dotnet/packs/Microsoft.NETCore.App.Ref/8.0.21/ref/net8.0/System.Threading.Timer.dll
                 Private = 'false'
             /usr/share/dotnet/packs/Microsoft.NETCore.App.Ref/8.0.21/ref/net8.0/System.Threading.dll
                 Private = 'false'
             /usr/share/dotnet/packs/Microsoft.NETCore.App.Ref/8.0.21/ref/net8.0/System.Transactions.Local.dll
                 Private = 'false'
             /usr/share/dotnet/packs/Microsoft.NETCore.App.Ref/8.0.21/ref/net8.0/System.Transactions.dll
                 Private = 'false'
             /usr/share/dotnet/packs/Microsoft.NETCore.App.Ref/8.0.21/ref/net8.0/System.ValueTuple.dll
                 Private = 'false'
             /usr/share/dotnet/packs/Microsoft.NETCore.App.Ref/8.0.21/ref/net8.0/System.Web.HttpUtility.dll
                 Private = 'false'
             /usr/share/dotnet/packs/Microsoft.NETCore.App.Ref/8.0.21/ref/net8.0/System.Web.dll
                 Private = 'false'
             /usr/share/dotnet/packs/Microsoft.NETCore.App.Ref/8.0.21/ref/net8.0/System.Windows.dll
                 Private = 'false'
             /usr/share/dotnet/packs/Microsoft.NETCore.App.Ref/8.0.21/ref/net8.0/System.Xml.Linq.dll
                 Private = 'false'
             /usr/share/dotnet/packs/Microsoft.NETCore.App.Ref/8.0.21/ref/net8.0/System.Xml.ReaderWriter.dll
                 Private = 'false'
             /usr/share/dotnet/packs/Microsoft.NETCore.App.Ref/8.0.21/ref/net8.0/System.Xml.Serialization.dll
                 Private = 'false'
             /usr/share/dotnet/packs/Microsoft.NETCore.App.Ref/8.0.21/ref/net8.0/System.Xml.XDocument.dll
                 Private = 'false'
             /usr/share/dotnet/packs/Microsoft.NETCore.App.Ref/8.0.21/ref/net8.0/System.Xml.XPath.XDocument.dll
                 Private = 'false'
             /usr/share/dotnet/packs/Microsoft.NETCore.App.Ref/8.0.21/ref/net8.0/System.Xml.XPath.dll
                 Private = 'false'
             /usr/share/dotnet/packs/Microsoft.NETCore.App.Ref/8.0.21/ref/net8.0/System.Xml.XmlDocument.dll
                 Private = 'false'
             /usr/share/dotnet/packs/Microsoft.NETCore.App.Ref/8.0.21/ref/net8.0/System.Xml.XmlSerializer.dll
                 Private = 'false'
             /usr/share/dotnet/packs/Microsoft.NETCore.App.Ref/8.0.21/ref/net8.0/System.Xml.dll
                 Private = 'false'
             /usr/share/dotnet/packs/Microsoft.NETCore.App.Ref/8.0.21/ref/net8.0/System.dll
                 Private = 'false'
             /usr/share/dotnet/packs/Microsoft.NETCore.App.Ref/8.0.21/ref/net8.0/WindowsBase.dll
                 Private = 'false'
             /usr/share/dotnet/packs/Microsoft.NETCore.App.Ref/8.0.21/ref/net8.0/mscorlib.dll
                 Private = 'false'
             /usr/share/dotnet/packs/Microsoft.NETCore.App.Ref/8.0.21/ref/net8.0/netstandard.dll
                 Private = 'false'
         AssemblyFiles:
             /home/saidul/Desktop/K-Chief Marine Automation Platform/src/KChief.Platform.Core/bin/Release/net8.0/KChief.Platform.Core.dll
             /home/saidul/Desktop/K-Chief Marine Automation Platform/src/KChief.DataAccess/bin/Release/net8.0/KChief.DataAccess.dll
         CandidateAssemblyFiles:
         TargetFrameworkDirectories:
             
         InstalledAssemblyTables:
         IgnoreInstalledAssemblyTable:
             False
         SearchPaths:
             {CandidateAssemblyFiles}
             {HintPathFromItem}
             {TargetFrameworkDirectory}
             {RawFileName}
         AllowedAssemblyExtensions:
             .winmd
             .dll
             .exe
         AllowedRelatedFileExtensions:
             .pdb
             .xml
             .pri
             .dll.config
             .exe.config
         AppConfigFile:
             
         AutoUnify:
             True
         CopyLocalDependenciesWhenParentReferenceInGac:
             True
         FindDependencies:
             True
         TargetProcessorArchitecture:
             msil
         StateFile:
             obj/Release/net8.0/KChief.VesselControl.csproj.AssemblyReference.cache
         InstalledAssemblySubsetTables:
         IgnoreInstalledAssemblySubsetTable:
             False
         TargetFrameworkSubsets:
         FullTargetFrameworkSubsetNames:
             Full
         ProfileName:
             
         FullFrameworkFolders:
         LatestTargetFrameworkDirectories:
         ProfileTablesLocation:
         Primary reference "KChief.Platform.Core, Version=1.0.0.0, Culture=neutral, PublicKeyToken=null".
             Resolved file path is "/home/saidul/Desktop/K-Chief Marine Automation Platform/src/KChief.Platform.Core/bin/Release/net8.0/KChief.Platform.Core.dll".
             Reference found at search path location "/home/saidul/Desktop/K-Chief Marine Automation Platform/src/KChief.Platform.Core/bin/Release/net8.0/KChief.Platform.Core.dll".
             Found related file "/home/saidul/Desktop/K-Chief Marine Automation Platform/src/KChief.Platform.Core/bin/Release/net8.0/KChief.Platform.Core.pdb".
             The ImageRuntimeVersion for this reference is "".
         Primary reference "KChief.DataAccess, Version=1.0.0.0, Culture=neutral, PublicKeyToken=null".
             Resolved file path is "/home/saidul/Desktop/K-Chief Marine Automation Platform/src/KChief.DataAccess/bin/Release/net8.0/KChief.DataAccess.dll".
             Reference found at search path location "/home/saidul/Desktop/K-Chief Marine Automation Platform/src/KChief.DataAccess/bin/Release/net8.0/KChief.DataAccess.dll".
             Found related file "/home/saidul/Desktop/K-Chief Marine Automation Platform/src/KChief.DataAccess/bin/Release/net8.0/KChief.DataAccess.pdb".
             The ImageRuntimeVersion for this reference is "".
         Primary reference "Azure.Core, Version=1.25.0.0, Culture=neutral, PublicKeyToken=92742159e12e44c8".
             Resolved file path is "/home/saidul/.nuget/packages/azure.core/1.25.0/lib/net5.0/Azure.Core.dll".
             Reference found at search path location "{HintPathFromItem}".
             This reference is not "CopyLocal" because at least one source item had "Private" set to "false" and no source items had "Private" set to "true".
             The ImageRuntimeVersion for this reference is "".
         Primary reference "Azure.Identity, Version=1.7.0.0, Culture=neutral, PublicKeyToken=92742159e12e44c8".
             Resolved file path is "/home/saidul/.nuget/packages/azure.identity/1.7.0/lib/netstandard2.0/Azure.Identity.dll".
             Reference found at search path location "{HintPathFromItem}".
             This reference is not "CopyLocal" because at least one source item had "Private" set to "false" and no source items had "Private" set to "true".
             The ImageRuntimeVersion for this reference is "".
         Primary reference "FluentValidation, Version=11.0.0.0, Culture=neutral, PublicKeyToken=7de548da2fbae0f0".
             Resolved file path is "/home/saidul/.nuget/packages/fluentvalidation/11.9.0/lib/net8.0/FluentValidation.dll".
             Reference found at search path location "{HintPathFromItem}".
             This reference is not "CopyLocal" because at least one source item had "Private" set to "false" and no source items had "Private" set to "true".
             The ImageRuntimeVersion for this reference is "".
         Primary reference "Humanizer, Version=2.14.0.0, Culture=neutral, PublicKeyToken=979442b78dfc278e".
             Resolved file path is "/home/saidul/.nuget/packages/humanizer.core/2.14.1/lib/net6.0/Humanizer.dll".
             Reference found at search path location "{HintPathFromItem}".
             This reference is not "CopyLocal" because at least one source item had "Private" set to "false" and no source items had "Private" set to "true".
             The ImageRuntimeVersion for this reference is "".
         Primary reference "Microsoft.AspNetCore.Http.Abstractions, Version=2.2.0.0, Culture=neutral, PublicKeyToken=adb9793829ddae60".
             Resolved file path is "/home/saidul/.nuget/packages/microsoft.aspnetcore.http.abstractions/2.2.0/lib/netstandard2.0/Microsoft.AspNetCore.Http.Abstractions.dll".
             Reference found at search path location "{HintPathFromItem}".
             This reference is not "CopyLocal" because at least one source item had "Private" set to "false" and no source items had "Private" set to "true".
             The ImageRuntimeVersion for this reference is "".
         Primary reference "Microsoft.AspNetCore.Http.Features, Version=2.2.0.0, Culture=neutral, PublicKeyToken=adb9793829ddae60".
             Resolved file path is "/home/saidul/.nuget/packages/microsoft.aspnetcore.http.features/2.2.0/lib/netstandard2.0/Microsoft.AspNetCore.Http.Features.dll".
             Reference found at search path location "{HintPathFromItem}".
             This reference is not "CopyLocal" because at least one source item had "Private" set to "false" and no source items had "Private" set to "true".
             The ImageRuntimeVersion for this reference is "".
         Primary reference "Microsoft.Bcl.AsyncInterfaces, Version=6.0.0.0, Culture=neutral, PublicKeyToken=cc7b13ffcd2ddd51".
             Resolved file path is "/home/saidul/.nuget/packages/microsoft.bcl.asyncinterfaces/6.0.0/lib/netstandard2.1/Microsoft.Bcl.AsyncInterfaces.dll".
             Reference found at search path location "{HintPathFromItem}".
             This reference is not "CopyLocal" because at least one source item had "Private" set to "false" and no source items had "Private" set to "true".
             The ImageRuntimeVersion for this reference is "".
         Primary reference "Microsoft.CodeAnalysis, Version=4.5.0.0, Culture=neutral, PublicKeyToken=31bf3856ad364e35".
             Resolved file path is "/home/saidul/.nuget/packages/microsoft.codeanalysis.common/4.5.0/lib/netcoreapp3.1/Microsoft.CodeAnalysis.dll".
             Reference found at search path location "{HintPathFromItem}".
             This reference is not "CopyLocal" because at least one source item had "Private" set to "false" and no source items had "Private" set to "true".
             The ImageRuntimeVersion for this reference is "".
         Primary reference "Microsoft.CodeAnalysis.CSharp, Version=4.5.0.0, Culture=neutral, PublicKeyToken=31bf3856ad364e35".
             Resolved file path is "/home/saidul/.nuget/packages/microsoft.codeanalysis.csharp/4.5.0/lib/netcoreapp3.1/Microsoft.CodeAnalysis.CSharp.dll".
             Reference found at search path location "{HintPathFromItem}".
             This reference is not "CopyLocal" because at least one source item had "Private" set to "false" and no source items had "Private" set to "true".
             The ImageRuntimeVersion for this reference is "".
         Primary reference "Microsoft.CodeAnalysis.CSharp.Workspaces, Version=4.5.0.0, Culture=neutral, PublicKeyToken=31bf3856ad364e35".
             Resolved file path is "/home/saidul/.nuget/packages/microsoft.codeanalysis.csharp.workspaces/4.5.0/lib/netcoreapp3.1/Microsoft.CodeAnalysis.CSharp.Workspaces.dll".
             Reference found at search path location "{HintPathFromItem}".
             This reference is not "CopyLocal" because at least one source item had "Private" set to "false" and no source items had "Private" set to "true".
             The ImageRuntimeVersion for this reference is "".
         Primary reference "Microsoft.CodeAnalysis.Workspaces, Version=4.5.0.0, Culture=neutral, PublicKeyToken=31bf3856ad364e35".
             Resolved file path is "/home/saidul/.nuget/packages/microsoft.codeanalysis.workspaces.common/4.5.0/lib/netcoreapp3.1/Microsoft.CodeAnalysis.Workspaces.dll".
             Reference found at search path location "{HintPathFromItem}".
             This reference is not "CopyLocal" because at least one source item had "Private" set to "false" and no source items had "Private" set to "true".
             The ImageRuntimeVersion for this reference is "".
         Primary reference "Microsoft.Data.SqlClient, Version=5.0.0.0, Culture=neutral, PublicKeyToken=23ec7fc2d6eaa4a5".
             Resolved file path is "/home/saidul/.nuget/packages/microsoft.data.sqlclient/5.1.1/ref/net6.0/Microsoft.Data.SqlClient.dll".
             Reference found at search path location "{HintPathFromItem}".
             This reference is not "CopyLocal" because at least one source item had "Private" set to "false" and no source items had "Private" set to "true".
             The ImageRuntimeVersion for this reference is "".
         Primary reference "Microsoft.Data.Sqlite, Version=8.0.0.0, Culture=neutral, PublicKeyToken=adb9793829ddae60".
             Resolved file path is "/home/saidul/.nuget/packages/microsoft.data.sqlite.core/8.0.0/lib/net8.0/Microsoft.Data.Sqlite.dll".
             Reference found at search path location "{HintPathFromItem}".
             This reference is not "CopyLocal" because at least one source item had "Private" set to "false" and no source items had "Private" set to "true".
             The ImageRuntimeVersion for this reference is "".
         Primary reference "Microsoft.EntityFrameworkCore, Version=8.0.0.0, Culture=neutral, PublicKeyToken=adb9793829ddae60".
             Resolved file path is "/home/saidul/.nuget/packages/microsoft.entityframeworkcore/8.0.0/lib/net8.0/Microsoft.EntityFrameworkCore.dll".
             Reference found at search path location "{HintPathFromItem}".
             This reference is not "CopyLocal" because at least one source item had "Private" set to "false" and no source items had "Private" set to "true".
             The ImageRuntimeVersion for this reference is "".
         Primary reference "Microsoft.EntityFrameworkCore.Abstractions, Version=8.0.0.0, Culture=neutral, PublicKeyToken=adb9793829ddae60".
             Resolved file path is "/home/saidul/.nuget/packages/microsoft.entityframeworkcore.abstractions/8.0.0/lib/net8.0/Microsoft.EntityFrameworkCore.Abstractions.dll".
             Reference found at search path location "{HintPathFromItem}".
             This reference is not "CopyLocal" because at least one source item had "Private" set to "false" and no source items had "Private" set to "true".
             The ImageRuntimeVersion for this reference is "".
         Primary reference "Microsoft.EntityFrameworkCore.Design, Version=8.0.0.0, Culture=neutral, PublicKeyToken=adb9793829ddae60".
             Resolved file path is "/home/saidul/.nuget/packages/microsoft.entityframeworkcore.design/8.0.0/lib/net8.0/Microsoft.EntityFrameworkCore.Design.dll".
             Reference found at search path location "{HintPathFromItem}".
             This reference is not "CopyLocal" because at least one source item had "Private" set to "false" and no source items had "Private" set to "true".
             The ImageRuntimeVersion for this reference is "".
         Primary reference "Microsoft.EntityFrameworkCore.Relational, Version=8.0.0.0, Culture=neutral, PublicKeyToken=adb9793829ddae60".
             Resolved file path is "/home/saidul/.nuget/packages/microsoft.entityframeworkcore.relational/8.0.0/lib/net8.0/Microsoft.EntityFrameworkCore.Relational.dll".
             Reference found at search path location "{HintPathFromItem}".
             This reference is not "CopyLocal" because at least one source item had "Private" set to "false" and no source items had "Private" set to "true".
             The ImageRuntimeVersion for this reference is "".
         Primary reference "Microsoft.EntityFrameworkCore.Sqlite, Version=8.0.0.0, Culture=neutral, PublicKeyToken=adb9793829ddae60".
             Resolved file path is "/home/saidul/.nuget/packages/microsoft.entityframeworkcore.sqlite.core/8.0.0/lib/net8.0/Microsoft.EntityFrameworkCore.Sqlite.dll".
             Reference found at search path location "{HintPathFromItem}".
             This reference is not "CopyLocal" because at least one source item had "Private" set to "false" and no source items had "Private" set to "true".
             The ImageRuntimeVersion for this reference is "".
         Primary reference "Microsoft.EntityFrameworkCore.SqlServer, Version=8.0.0.0, Culture=neutral, PublicKeyToken=adb9793829ddae60".
             Resolved file path is "/home/saidul/.nuget/packages/microsoft.entityframeworkcore.sqlserver/8.0.0/lib/net8.0/Microsoft.EntityFrameworkCore.SqlServer.dll".
             Reference found at search path location "{HintPathFromItem}".
             This reference is not "CopyLocal" because at least one source item had "Private" set to "false" and no source items had "Private" set to "true".
             The ImageRuntimeVersion for this reference is "".
         Primary reference "Microsoft.Extensions.Caching.Abstractions, Version=8.0.0.0, Culture=neutral, PublicKeyToken=adb9793829ddae60".
             Resolved file path is "/home/saidul/.nuget/packages/microsoft.extensions.caching.abstractions/8.0.0/lib/net8.0/Microsoft.Extensions.Caching.Abstractions.dll".
             Reference found at search path location "{HintPathFromItem}".
             This reference is not "CopyLocal" because at least one source item had "Private" set to "false" and no source items had "Private" set to "true".
             The ImageRuntimeVersion for this reference is "".
         Primary reference "Microsoft.Extensions.Caching.Memory, Version=8.0.0.0, Culture=neutral, PublicKeyToken=adb9793829ddae60".
             Resolved file path is "/home/saidul/.nuget/packages/microsoft.extensions.caching.memory/8.0.0/lib/net8.0/Microsoft.Extensions.Caching.Memory.dll".
             Reference found at search path location "{HintPathFromItem}".
             This reference is not "CopyLocal" because at least one source item had "Private" set to "false" and no source items had "Private" set to "true".
             The ImageRuntimeVersion for this reference is "".
         Primary reference "Microsoft.Extensions.Configuration.Abstractions, Version=8.0.0.0, Culture=neutral, PublicKeyToken=adb9793829ddae60".
             Resolved file path is "/home/saidul/.nuget/packages/microsoft.extensions.configuration.abstractions/8.0.0/lib/net8.0/Microsoft.Extensions.Configuration.Abstractions.dll".
             Reference found at search path location "{HintPathFromItem}".
             This reference is not "CopyLocal" because at least one source item had "Private" set to "false" and no source items had "Private" set to "true".
             The ImageRuntimeVersion for this reference is "".
         Primary reference "Microsoft.Extensions.DependencyInjection, Version=8.0.0.0, Culture=neutral, PublicKeyToken=adb9793829ddae60".
             Resolved file path is "/home/saidul/.nuget/packages/microsoft.extensions.dependencyinjection/8.0.0/lib/net8.0/Microsoft.Extensions.DependencyInjection.dll".
             Reference found at search path location "{HintPathFromItem}".
             This reference is not "CopyLocal" because at least one source item had "Private" set to "false" and no source items had "Private" set to "true".
             The ImageRuntimeVersion for this reference is "".
         Primary reference "Microsoft.Extensions.DependencyInjection.Abstractions, Version=8.0.0.0, Culture=neutral, PublicKeyToken=adb9793829ddae60".
             Resolved file path is "/home/saidul/.nuget/packages/microsoft.extensions.dependencyinjection.abstractions/8.0.1/lib/net8.0/Microsoft.Extensions.DependencyInjection.Abstractions.dll".
             Reference found at search path location "{HintPathFromItem}".
             This reference is not "CopyLocal" because at least one source item had "Private" set to "false" and no source items had "Private" set to "true".
             The ImageRuntimeVersion for this reference is "".
         Primary reference "Microsoft.Extensions.DependencyModel, Version=8.0.0.0, Culture=neutral, PublicKeyToken=adb9793829ddae60".
             Resolved file path is "/home/saidul/.nuget/packages/microsoft.extensions.dependencymodel/8.0.0/lib/net8.0/Microsoft.Extensions.DependencyModel.dll".
             Reference found at search path location "{HintPathFromItem}".
             This reference is not "CopyLocal" because at least one source item had "Private" set to "false" and no source items had "Private" set to "true".
             The ImageRuntimeVersion for this reference is "".
         Primary reference "Microsoft.Extensions.Diagnostics.Abstractions, Version=8.0.0.0, Culture=neutral, PublicKeyToken=adb9793829ddae60".
             Resolved file path is "/home/saidul/.nuget/packages/microsoft.extensions.diagnostics.abstractions/8.0.0/lib/net8.0/Microsoft.Extensions.Diagnostics.Abstractions.dll".
             Reference found at search path location "{HintPathFromItem}".
             This reference is not "CopyLocal" because at least one source item had "Private" set to "false" and no source items had "Private" set to "true".
             The ImageRuntimeVersion for this reference is "".
         Primary reference "Microsoft.Extensions.FileProviders.Abstractions, Version=8.0.0.0, Culture=neutral, PublicKeyToken=adb9793829ddae60".
             Resolved file path is "/home/saidul/.nuget/packages/microsoft.extensions.fileproviders.abstractions/8.0.0/lib/net8.0/Microsoft.Extensions.FileProviders.Abstractions.dll".
             Reference found at search path location "{HintPathFromItem}".
             This reference is not "CopyLocal" because at least one source item had "Private" set to "false" and no source items had "Private" set to "true".
             The ImageRuntimeVersion for this reference is "".
         Primary reference "Microsoft.Extensions.Hosting.Abstractions, Version=8.0.0.0, Culture=neutral, PublicKeyToken=adb9793829ddae60".
             Resolved file path is "/home/saidul/.nuget/packages/microsoft.extensions.hosting.abstractions/8.0.0/lib/net8.0/Microsoft.Extensions.Hosting.Abstractions.dll".
             Reference found at search path location "{HintPathFromItem}".
             This reference is not "CopyLocal" because at least one source item had "Private" set to "false" and no source items had "Private" set to "true".
             The ImageRuntimeVersion for this reference is "".
         Primary reference "Microsoft.Extensions.Logging, Version=8.0.0.0, Culture=neutral, PublicKeyToken=adb9793829ddae60".
             Resolved file path is "/home/saidul/.nuget/packages/microsoft.extensions.logging/8.0.0/lib/net8.0/Microsoft.Extensions.Logging.dll".
             Reference found at search path location "{HintPathFromItem}".
             This reference is not "CopyLocal" because at least one source item had "Private" set to "false" and no source items had "Private" set to "true".
             The ImageRuntimeVersion for this reference is "".
         Primary reference "Microsoft.Extensions.Logging.Abstractions, Version=8.0.0.0, Culture=neutral, PublicKeyToken=adb9793829ddae60".
             Resolved file path is "/home/saidul/.nuget/packages/microsoft.extensions.logging.abstractions/8.0.1/lib/net8.0/Microsoft.Extensions.Logging.Abstractions.dll".
             Reference found at search path location "{HintPathFromItem}".
             This reference is not "CopyLocal" because at least one source item had "Private" set to "false" and no source items had "Private" set to "true".
             The ImageRuntimeVersion for this reference is "".
         Primary reference "Microsoft.Extensions.Options, Version=8.0.0.0, Culture=neutral, PublicKeyToken=adb9793829ddae60".
             Resolved file path is "/home/saidul/.nuget/packages/microsoft.extensions.options/8.0.0/lib/net8.0/Microsoft.Extensions.Options.dll".
             Reference found at search path location "{HintPathFromItem}".
             This reference is not "CopyLocal" because at least one source item had "Private" set to "false" and no source items had "Private" set to "true".
             The ImageRuntimeVersion for this reference is "".
         Primary reference "Microsoft.Extensions.Primitives, Version=8.0.0.0, Culture=neutral, PublicKeyToken=adb9793829ddae60".
             Resolved file path is "/home/saidul/.nuget/packages/microsoft.extensions.primitives/8.0.0/lib/net8.0/Microsoft.Extensions.Primitives.dll".
             Reference found at search path location "{HintPathFromItem}".
             This reference is not "CopyLocal" because at least one source item had "Private" set to "false" and no source items had "Private" set to "true".
             The ImageRuntimeVersion for this reference is "".
         Primary reference "Microsoft.Identity.Client, Version=4.47.2.0, Culture=neutral, PublicKeyToken=0a613f4dd989e8ae".
             Resolved file path is "/home/saidul/.nuget/packages/microsoft.identity.client/4.47.2/lib/netcoreapp2.1/Microsoft.Identity.Client.dll".
             Reference found at search path location "{HintPathFromItem}".
             This reference is not "CopyLocal" because at least one source item had "Private" set to "false" and no source items had "Private" set to "true".
             The ImageRuntimeVersion for this reference is "".
         Primary reference "Microsoft.Identity.Client.Extensions.Msal, Version=2.19.3.0, Culture=neutral, PublicKeyToken=0a613f4dd989e8ae".
             Resolved file path is "/home/saidul/.nuget/packages/microsoft.identity.client.extensions.msal/2.19.3/lib/netcoreapp2.1/Microsoft.Identity.Client.Extensions.Msal.dll".
             Reference found at search path location "{HintPathFromItem}".
             This reference is not "CopyLocal" because at least one source item had "Private" set to "false" and no source items had "Private" set to "true".
             The ImageRuntimeVersion for this reference is "".
         Primary reference "Microsoft.IdentityModel.Abstractions, Version=6.24.0.0, Culture=neutral, PublicKeyToken=31bf3856ad364e35".
             Resolved file path is "/home/saidul/.nuget/packages/microsoft.identitymodel.abstractions/6.24.0/lib/net6.0/Microsoft.IdentityModel.Abstractions.dll".
             Reference found at search path location "{HintPathFromItem}".
             This reference is not "CopyLocal" because at least one source item had "Private" set to "false" and no source items had "Private" set to "true".
             The ImageRuntimeVersion for this reference is "".
         Primary reference "Microsoft.IdentityModel.JsonWebTokens, Version=6.24.0.0, Culture=neutral, PublicKeyToken=31bf3856ad364e35".
             Resolved file path is "/home/saidul/.nuget/packages/microsoft.identitymodel.jsonwebtokens/6.24.0/lib/net6.0/Microsoft.IdentityModel.JsonWebTokens.dll".
             Reference found at search path location "{HintPathFromItem}".
             This reference is not "CopyLocal" because at least one source item had "Private" set to "false" and no source items had "Private" set to "true".
             The ImageRuntimeVersion for this reference is "".
         Primary reference "Microsoft.IdentityModel.Logging, Version=6.24.0.0, Culture=neutral, PublicKeyToken=31bf3856ad364e35".
             Resolved file path is "/home/saidul/.nuget/packages/microsoft.identitymodel.logging/6.24.0/lib/net6.0/Microsoft.IdentityModel.Logging.dll".
             Reference found at search path location "{HintPathFromItem}".
             This reference is not "CopyLocal" because at least one source item had "Private" set to "false" and no source items had "Private" set to "true".
             The ImageRuntimeVersion for this reference is "".
         Primary reference "Microsoft.IdentityModel.Protocols, Version=6.24.0.0, Culture=neutral, PublicKeyToken=31bf3856ad364e35".
             Resolved file path is "/home/saidul/.nuget/packages/microsoft.identitymodel.protocols/6.24.0/lib/net6.0/Microsoft.IdentityModel.Protocols.dll".
             Reference found at search path location "{HintPathFromItem}".
             This reference is not "CopyLocal" because at least one source item had "Private" set to "false" and no source items had "Private" set to "true".
             The ImageRuntimeVersion for this reference is "".
         Primary reference "Microsoft.IdentityModel.Protocols.OpenIdConnect, Version=6.24.0.0, Culture=neutral, PublicKeyToken=31bf3856ad364e35".
             Resolved file path is "/home/saidul/.nuget/packages/microsoft.identitymodel.protocols.openidconnect/6.24.0/lib/net6.0/Microsoft.IdentityModel.Protocols.OpenIdConnect.dll".
             Reference found at search path location "{HintPathFromItem}".
             This reference is not "CopyLocal" because at least one source item had "Private" set to "false" and no source items had "Private" set to "true".
             The ImageRuntimeVersion for this reference is "".
         Primary reference "Microsoft.IdentityModel.Tokens, Version=6.24.0.0, Culture=neutral, PublicKeyToken=31bf3856ad364e35".
             Resolved file path is "/home/saidul/.nuget/packages/microsoft.identitymodel.tokens/6.24.0/lib/net6.0/Microsoft.IdentityModel.Tokens.dll".
             Reference found at search path location "{HintPathFromItem}".
             This reference is not "CopyLocal" because at least one source item had "Private" set to "false" and no source items had "Private" set to "true".
             The ImageRuntimeVersion for this reference is "".
         Primary reference "Microsoft.SqlServer.Server, Version=1.0.0.0, Culture=neutral, PublicKeyToken=23ec7fc2d6eaa4a5".
             Resolved file path is "/home/saidul/.nuget/packages/microsoft.sqlserver.server/1.0.0/lib/netstandard2.0/Microsoft.SqlServer.Server.dll".
             Reference found at search path location "{HintPathFromItem}".
             This reference is not "CopyLocal" because at least one source item had "Private" set to "false" and no source items had "Private" set to "true".
             The ImageRuntimeVersion for this reference is "".
         Primary reference "Mono.TextTemplating, Version=2.2.0.0, Culture=neutral, PublicKeyToken=4fa72d50da25cb30".
             Resolved file path is "/home/saidul/.nuget/packages/mono.texttemplating/2.2.1/lib/netstandard2.0/Mono.TextTemplating.dll".
             Reference found at search path location "{HintPathFromItem}".
             This reference is not "CopyLocal" because at least one source item had "Private" set to "false" and no source items had "Private" set to "true".
             The ImageRuntimeVersion for this reference is "".
         Primary reference "Polly, Version=8.0.0.0, Culture=neutral, PublicKeyToken=c8a3ffc3f8f825cc".
             Resolved file path is "/home/saidul/.nuget/packages/polly/8.2.0/lib/net6.0/Polly.dll".
             Reference found at search path location "{HintPathFromItem}".
             This reference is not "CopyLocal" because at least one source item had "Private" set to "false" and no source items had "Private" set to "true".
             The ImageRuntimeVersion for this reference is "".
         Primary reference "Polly.Core, Version=8.0.0.0, Culture=neutral, PublicKeyToken=c8a3ffc3f8f825cc".
             Resolved file path is "/home/saidul/.nuget/packages/polly.core/8.2.0/lib/net8.0/Polly.Core.dll".
             Reference found at search path location "{HintPathFromItem}".
             This reference is not "CopyLocal" because at least one source item had "Private" set to "false" and no source items had "Private" set to "true".
             The ImageRuntimeVersion for this reference is "".
         Primary reference "RabbitMQ.Client, Version=6.0.0.0, Culture=neutral, PublicKeyToken=89e7d7c5feba84ce".
             Resolved file path is "/home/saidul/.nuget/packages/rabbitmq.client/6.8.1/lib/netstandard2.0/RabbitMQ.Client.dll".
             Reference found at search path location "{HintPathFromItem}".
             This reference is not "CopyLocal" because at least one source item had "Private" set to "false" and no source items had "Private" set to "true".
             The ImageRuntimeVersion for this reference is "".
         Primary reference "Serilog, Version=2.0.0.0, Culture=neutral, PublicKeyToken=24c2f752a8e58a10".
             Resolved file path is "/home/saidul/.nuget/packages/serilog/3.1.1/lib/net7.0/Serilog.dll".
             Reference found at search path location "{HintPathFromItem}".
             This reference is not "CopyLocal" because at least one source item had "Private" set to "false" and no source items had "Private" set to "true".
             The ImageRuntimeVersion for this reference is "".
         Primary reference "SQLitePCLRaw.batteries_v2, Version=2.1.6.2060, Culture=neutral, PublicKeyToken=8226ea5df37bcae9".
             Resolved file path is "/home/saidul/.nuget/packages/sqlitepclraw.bundle_e_sqlite3/2.1.6/lib/netstandard2.0/SQLitePCLRaw.batteries_v2.dll".
             Reference found at search path location "{HintPathFromItem}".
             This reference is not "CopyLocal" because at least one source item had "Private" set to "false" and no source items had "Private" set to "true".
             The ImageRuntimeVersion for this reference is "".
         Primary reference "SQLitePCLRaw.core, Version=2.1.6.2060, Culture=neutral, PublicKeyToken=1488e028ca7ab535".
             Resolved file path is "/home/saidul/.nuget/packages/sqlitepclraw.core/2.1.6/lib/netstandard2.0/SQLitePCLRaw.core.dll".
             Reference found at search path location "{HintPathFromItem}".
             This reference is not "CopyLocal" because at least one source item had "Private" set to "false" and no source items had "Private" set to "true".
             The ImageRuntimeVersion for this reference is "".
         Primary reference "SQLitePCLRaw.provider.e_sqlite3, Version=2.1.6.2060, Culture=neutral, PublicKeyToken=9c301db686d0bd12".
             Resolved file path is "/home/saidul/.nuget/packages/sqlitepclraw.provider.e_sqlite3/2.1.6/lib/net6.0/SQLitePCLRaw.provider.e_sqlite3.dll".
             Reference found at search path location "{HintPathFromItem}".
             This reference is not "CopyLocal" because at least one source item had "Private" set to "false" and no source items had "Private" set to "true".
             The ImageRuntimeVersion for this reference is "".
         Primary reference "System.CodeDom, Version=4.0.0.0, Culture=neutral, PublicKeyToken=cc7b13ffcd2ddd51".
             Resolved file path is "/home/saidul/.nuget/packages/system.codedom/4.4.0/ref/netstandard2.0/System.CodeDom.dll".
             Reference found at search path location "{HintPathFromItem}".
             This reference is not "CopyLocal" because at least one source item had "Private" set to "false" and no source items had "Private" set to "true".
             The ImageRuntimeVersion for this reference is "".
         Primary reference "System.Composition.AttributedModel, Version=6.0.0.0, Culture=neutral, PublicKeyToken=b03f5f7f11d50a3a".
             Resolved file path is "/home/saidul/.nuget/packages/system.composition.attributedmodel/6.0.0/lib/net6.0/System.Composition.AttributedModel.dll".
             Reference found at search path location "{HintPathFromItem}".
             This reference is not "CopyLocal" because at least one source item had "Private" set to "false" and no source items had "Private" set to "true".
             The ImageRuntimeVersion for this reference is "".
         Primary reference "System.Composition.Convention, Version=6.0.0.0, Culture=neutral, PublicKeyToken=b03f5f7f11d50a3a".
             Resolved file path is "/home/saidul/.nuget/packages/system.composition.convention/6.0.0/lib/net6.0/System.Composition.Convention.dll".
             Reference found at search path location "{HintPathFromItem}".
             This reference is not "CopyLocal" because at least one source item had "Private" set to "false" and no source items had "Private" set to "true".
             The ImageRuntimeVersion for this reference is "".
         Primary reference "System.Composition.Hosting, Version=6.0.0.0, Culture=neutral, PublicKeyToken=b03f5f7f11d50a3a".
             Resolved file path is "/home/saidul/.nuget/packages/system.composition.hosting/6.0.0/lib/net6.0/System.Composition.Hosting.dll".
             Reference found at search path location "{HintPathFromItem}".
             This reference is not "CopyLocal" because at least one source item had "Private" set to "false" and no source items had "Private" set to "true".
             The ImageRuntimeVersion for this reference is "".
         Primary reference "System.Composition.Runtime, Version=6.0.0.0, Culture=neutral, PublicKeyToken=b03f5f7f11d50a3a".
             Resolved file path is "/home/saidul/.nuget/packages/system.composition.runtime/6.0.0/lib/net6.0/System.Composition.Runtime.dll".
             Reference found at search path location "{HintPathFromItem}".
             This reference is not "CopyLocal" because at least one source item had "Private" set to "false" and no source items had "Private" set to "true".
             The ImageRuntimeVersion for this reference is "".
         Primary reference "System.Composition.TypedParts, Version=6.0.0.0, Culture=neutral, PublicKeyToken=b03f5f7f11d50a3a".
             Resolved file path is "/home/saidul/.nuget/packages/system.composition.typedparts/6.0.0/lib/net6.0/System.Composition.TypedParts.dll".
             Reference found at search path location "{HintPathFromItem}".
             This reference is not "CopyLocal" because at least one source item had "Private" set to "false" and no source items had "Private" set to "true".
             The ImageRuntimeVersion for this reference is "".
         Primary reference "System.IdentityModel.Tokens.Jwt, Version=6.24.0.0, Culture=neutral, PublicKeyToken=31bf3856ad364e35".
             Resolved file path is "/home/saidul/.nuget/packages/system.identitymodel.tokens.jwt/6.24.0/lib/net6.0/System.IdentityModel.Tokens.Jwt.dll".
             Reference found at search path location "{HintPathFromItem}".
             This reference is not "CopyLocal" because at least one source item had "Private" set to "false" and no source items had "Private" set to "true".
             The ImageRuntimeVersion for this reference is "".
         Primary reference "System.IO.Pipelines, Version=6.0.0.0, Culture=neutral, PublicKeyToken=cc7b13ffcd2ddd51".
             Resolved file path is "/home/saidul/.nuget/packages/system.io.pipelines/6.0.3/lib/net6.0/System.IO.Pipelines.dll".
             Reference found at search path location "{HintPathFromItem}".
             This reference is not "CopyLocal" because at least one source item had "Private" set to "false" and no source items had "Private" set to "true".
             The ImageRuntimeVersion for this reference is "".
         Primary reference "System.Memory.Data, Version=1.0.2.0, Culture=neutral, PublicKeyToken=cc7b13ffcd2ddd51".
             Resolved file path is "/home/saidul/.nuget/packages/system.memory.data/1.0.2/lib/netstandard2.0/System.Memory.Data.dll".
             Reference found at search path location "{HintPathFromItem}".
             This reference is not "CopyLocal" because at least one source item had "Private" set to "false" and no source items had "Private" set to "true".
             The ImageRuntimeVersion for this reference is "".
         Primary reference "System.Security.Cryptography.ProtectedData, Version=6.0.0.0, Culture=neutral, PublicKeyToken=b03f5f7f11d50a3a".
             Resolved file path is "/home/saidul/.nuget/packages/system.security.cryptography.protecteddata/6.0.0/lib/net6.0/System.Security.Cryptography.ProtectedData.dll".
             Reference found at search path location "{HintPathFromItem}".
             This reference is not "CopyLocal" because at least one source item had "Private" set to "false" and no source items had "Private" set to "true".
             The ImageRuntimeVersion for this reference is "".
         Primary reference "Microsoft.CSharp, Version=8.0.0.0, Culture=neutral, PublicKeyToken=b03f5f7f11d50a3a".
             Resolved file path is "/usr/share/dotnet/packs/Microsoft.NETCore.App.Ref/8.0.21/ref/net8.0/Microsoft.CSharp.dll".
             Reference found at search path location "{RawFileName}".
             This reference is not "CopyLocal" because at least one source item had "Private" set to "false" and no source items had "Private" set to "true".
             The ImageRuntimeVersion for this reference is "".
         Primary reference "Microsoft.VisualBasic.Core, Version=13.0.0.0, Culture=neutral, PublicKeyToken=b03f5f7f11d50a3a".
             Resolved file path is "/usr/share/dotnet/packs/Microsoft.NETCore.App.Ref/8.0.21/ref/net8.0/Microsoft.VisualBasic.Core.dll".
             Reference found at search path location "{RawFileName}".
             This reference is not "CopyLocal" because at least one source item had "Private" set to "false" and no source items had "Private" set to "true".
             The ImageRuntimeVersion for this reference is "".
         Primary reference "Microsoft.VisualBasic, Version=10.0.0.0, Culture=neutral, PublicKeyToken=b03f5f7f11d50a3a".
             Resolved file path is "/usr/share/dotnet/packs/Microsoft.NETCore.App.Ref/8.0.21/ref/net8.0/Microsoft.VisualBasic.dll".
             Reference found at search path location "{RawFileName}".
             This reference is not "CopyLocal" because at least one source item had "Private" set to "false" and no source items had "Private" set to "true".
             The ImageRuntimeVersion for this reference is "".
         Primary reference "Microsoft.Win32.Primitives, Version=8.0.0.0, Culture=neutral, PublicKeyToken=b03f5f7f11d50a3a".
             Resolved file path is "/usr/share/dotnet/packs/Microsoft.NETCore.App.Ref/8.0.21/ref/net8.0/Microsoft.Win32.Primitives.dll".
             Reference found at search path location "{RawFileName}".
             This reference is not "CopyLocal" because at least one source item had "Private" set to "false" and no source items had "Private" set to "true".
             The ImageRuntimeVersion for this reference is "".
         Primary reference "Microsoft.Win32.Registry, Version=8.0.0.0, Culture=neutral, PublicKeyToken=b03f5f7f11d50a3a".
             Resolved file path is "/usr/share/dotnet/packs/Microsoft.NETCore.App.Ref/8.0.21/ref/net8.0/Microsoft.Win32.Registry.dll".
             Reference found at search path location "{RawFileName}".
             This reference is not "CopyLocal" because at least one source item had "Private" set to "false" and no source items had "Private" set to "true".
             The ImageRuntimeVersion for this reference is "".
         Primary reference "System.AppContext, Version=8.0.0.0, Culture=neutral, PublicKeyToken=b03f5f7f11d50a3a".
             Resolved file path is "/usr/share/dotnet/packs/Microsoft.NETCore.App.Ref/8.0.21/ref/net8.0/System.AppContext.dll".
             Reference found at search path location "{RawFileName}".
             This reference is not "CopyLocal" because at least one source item had "Private" set to "false" and no source items had "Private" set to "true".
             The ImageRuntimeVersion for this reference is "".
         Primary reference "System.Buffers, Version=8.0.0.0, Culture=neutral, PublicKeyToken=cc7b13ffcd2ddd51".
             Resolved file path is "/usr/share/dotnet/packs/Microsoft.NETCore.App.Ref/8.0.21/ref/net8.0/System.Buffers.dll".
             Reference found at search path location "{RawFileName}".
             This reference is not "CopyLocal" because at least one source item had "Private" set to "false" and no source items had "Private" set to "true".
             The ImageRuntimeVersion for this reference is "".
         Primary reference "System.Collections.Concurrent, Version=8.0.0.0, Culture=neutral, PublicKeyToken=b03f5f7f11d50a3a".
             Resolved file path is "/usr/share/dotnet/packs/Microsoft.NETCore.App.Ref/8.0.21/ref/net8.0/System.Collections.Concurrent.dll".
             Reference found at search path location "{RawFileName}".
             This reference is not "CopyLocal" because at least one source item had "Private" set to "false" and no source items had "Private" set to "true".
             The ImageRuntimeVersion for this reference is "".
         Primary reference "System.Collections.Immutable, Version=8.0.0.0, Culture=neutral, PublicKeyToken=b03f5f7f11d50a3a".
             Resolved file path is "/usr/share/dotnet/packs/Microsoft.NETCore.App.Ref/8.0.21/ref/net8.0/System.Collections.Immutable.dll".
             Reference found at search path location "{RawFileName}".
             This reference is not "CopyLocal" because at least one source item had "Private" set to "false" and no source items had "Private" set to "true".
             The ImageRuntimeVersion for this reference is "".
         Primary reference "System.Collections.NonGeneric, Version=8.0.0.0, Culture=neutral, PublicKeyToken=b03f5f7f11d50a3a".
             Resolved file path is "/usr/share/dotnet/packs/Microsoft.NETCore.App.Ref/8.0.21/ref/net8.0/System.Collections.NonGeneric.dll".
             Reference found at search path location "{RawFileName}".
             This reference is not "CopyLocal" because at least one source item had "Private" set to "false" and no source items had "Private" set to "true".
             The ImageRuntimeVersion for this reference is "".
         Primary reference "System.Collections.Specialized, Version=8.0.0.0, Culture=neutral, PublicKeyToken=b03f5f7f11d50a3a".
             Resolved file path is "/usr/share/dotnet/packs/Microsoft.NETCore.App.Ref/8.0.21/ref/net8.0/System.Collections.Specialized.dll".
             Reference found at search path location "{RawFileName}".
             This reference is not "CopyLocal" because at least one source item had "Private" set to "false" and no source items had "Private" set to "true".
             The ImageRuntimeVersion for this reference is "".
         Primary reference "System.Collections, Version=8.0.0.0, Culture=neutral, PublicKeyToken=b03f5f7f11d50a3a".
             Resolved file path is "/usr/share/dotnet/packs/Microsoft.NETCore.App.Ref/8.0.21/ref/net8.0/System.Collections.dll".
             Reference found at search path location "{RawFileName}".
             This reference is not "CopyLocal" because at least one source item had "Private" set to "false" and no source items had "Private" set to "true".
             The ImageRuntimeVersion for this reference is "".
         Primary reference "System.ComponentModel.Annotations, Version=8.0.0.0, Culture=neutral, PublicKeyToken=b03f5f7f11d50a3a".
             Resolved file path is "/usr/share/dotnet/packs/Microsoft.NETCore.App.Ref/8.0.21/ref/net8.0/System.ComponentModel.Annotations.dll".
             Reference found at search path location "{RawFileName}".
             This reference is not "CopyLocal" because at least one source item had "Private" set to "false" and no source items had "Private" set to "true".
             The ImageRuntimeVersion for this reference is "".
         Primary reference "System.ComponentModel.DataAnnotations, Version=4.0.0.0, Culture=neutral, PublicKeyToken=31bf3856ad364e35".
             Resolved file path is "/usr/share/dotnet/packs/Microsoft.NETCore.App.Ref/8.0.21/ref/net8.0/System.ComponentModel.DataAnnotations.dll".
             Reference found at search path location "{RawFileName}".
             This reference is not "CopyLocal" because at least one source item had "Private" set to "false" and no source items had "Private" set to "true".
             The ImageRuntimeVersion for this reference is "".
         Primary reference "System.ComponentModel.EventBasedAsync, Version=8.0.0.0, Culture=neutral, PublicKeyToken=b03f5f7f11d50a3a".
             Resolved file path is "/usr/share/dotnet/packs/Microsoft.NETCore.App.Ref/8.0.21/ref/net8.0/System.ComponentModel.EventBasedAsync.dll".
             Reference found at search path location "{RawFileName}".
             This reference is not "CopyLocal" because at least one source item had "Private" set to "false" and no source items had "Private" set to "true".
             The ImageRuntimeVersion for this reference is "".
         Primary reference "System.ComponentModel.Primitives, Version=8.0.0.0, Culture=neutral, PublicKeyToken=b03f5f7f11d50a3a".
             Resolved file path is "/usr/share/dotnet/packs/Microsoft.NETCore.App.Ref/8.0.21/ref/net8.0/System.ComponentModel.Primitives.dll".
             Reference found at search path location "{RawFileName}".
             This reference is not "CopyLocal" because at least one source item had "Private" set to "false" and no source items had "Private" set to "true".
             The ImageRuntimeVersion for this reference is "".
         Primary reference "System.ComponentModel.TypeConverter, Version=8.0.0.0, Culture=neutral, PublicKeyToken=b03f5f7f11d50a3a".
             Resolved file path is "/usr/share/dotnet/packs/Microsoft.NETCore.App.Ref/8.0.21/ref/net8.0/System.ComponentModel.TypeConverter.dll".
             Reference found at search path location "{RawFileName}".
             This reference is not "CopyLocal" because at least one source item had "Private" set to "false" and no source items had "Private" set to "true".
             The ImageRuntimeVersion for this reference is "".
         Primary reference "System.ComponentModel, Version=8.0.0.0, Culture=neutral, PublicKeyToken=b03f5f7f11d50a3a".
             Resolved file path is "/usr/share/dotnet/packs/Microsoft.NETCore.App.Ref/8.0.21/ref/net8.0/System.ComponentModel.dll".
             Reference found at search path location "{RawFileName}".
             This reference is not "CopyLocal" because at least one source item had "Private" set to "false" and no source items had "Private" set to "true".
             The ImageRuntimeVersion for this reference is "".
         Primary reference "System.Configuration, Version=4.0.0.0, Culture=neutral, PublicKeyToken=b03f5f7f11d50a3a".
             Resolved file path is "/usr/share/dotnet/packs/Microsoft.NETCore.App.Ref/8.0.21/ref/net8.0/System.Configuration.dll".
             Reference found at search path location "{RawFileName}".
             This reference is not "CopyLocal" because at least one source item had "Private" set to "false" and no source items had "Private" set to "true".
             The ImageRuntimeVersion for this reference is "".
         Primary reference "System.Console, Version=8.0.0.0, Culture=neutral, PublicKeyToken=b03f5f7f11d50a3a".
             Resolved file path is "/usr/share/dotnet/packs/Microsoft.NETCore.App.Ref/8.0.21/ref/net8.0/System.Console.dll".
             Reference found at search path location "{RawFileName}".
             This reference is not "CopyLocal" because at least one source item had "Private" set to "false" and no source items had "Private" set to "true".
             The ImageRuntimeVersion for this reference is "".
         Primary reference "System.Core, Version=4.0.0.0, Culture=neutral, PublicKeyToken=b77a5c561934e089".
             Resolved file path is "/usr/share/dotnet/packs/Microsoft.NETCore.App.Ref/8.0.21/ref/net8.0/System.Core.dll".
             Reference found at search path location "{RawFileName}".
             This reference is not "CopyLocal" because at least one source item had "Private" set to "false" and no source items had "Private" set to "true".
             The ImageRuntimeVersion for this reference is "".
         Primary reference "System.Data.Common, Version=8.0.0.0, Culture=neutral, PublicKeyToken=b03f5f7f11d50a3a".
             Resolved file path is "/usr/share/dotnet/packs/Microsoft.NETCore.App.Ref/8.0.21/ref/net8.0/System.Data.Common.dll".
             Reference found at search path location "{RawFileName}".
             This reference is not "CopyLocal" because at least one source item had "Private" set to "false" and no source items had "Private" set to "true".
             The ImageRuntimeVersion for this reference is "".
         Primary reference "System.Data.DataSetExtensions, Version=8.0.0.0, Culture=neutral, PublicKeyToken=b77a5c561934e089".
             Resolved file path is "/usr/share/dotnet/packs/Microsoft.NETCore.App.Ref/8.0.21/ref/net8.0/System.Data.DataSetExtensions.dll".
             Reference found at search path location "{RawFileName}".
             This reference is not "CopyLocal" because at least one source item had "Private" set to "false" and no source items had "Private" set to "true".
             The ImageRuntimeVersion for this reference is "".
         Primary reference "System.Data, Version=4.0.0.0, Culture=neutral, PublicKeyToken=b77a5c561934e089".
             Resolved file path is "/usr/share/dotnet/packs/Microsoft.NETCore.App.Ref/8.0.21/ref/net8.0/System.Data.dll".
             Reference found at search path location "{RawFileName}".
             This reference is not "CopyLocal" because at least one source item had "Private" set to "false" and no source items had "Private" set to "true".
             The ImageRuntimeVersion for this reference is "".
         Primary reference "System.Diagnostics.Contracts, Version=8.0.0.0, Culture=neutral, PublicKeyToken=b03f5f7f11d50a3a".
             Resolved file path is "/usr/share/dotnet/packs/Microsoft.NETCore.App.Ref/8.0.21/ref/net8.0/System.Diagnostics.Contracts.dll".
             Reference found at search path location "{RawFileName}".
             This reference is not "CopyLocal" because at least one source item had "Private" set to "false" and no source items had "Private" set to "true".
             The ImageRuntimeVersion for this reference is "".
         Primary reference "System.Diagnostics.Debug, Version=8.0.0.0, Culture=neutral, PublicKeyToken=b03f5f7f11d50a3a".
             Resolved file path is "/usr/share/dotnet/packs/Microsoft.NETCore.App.Ref/8.0.21/ref/net8.0/System.Diagnostics.Debug.dll".
             Reference found at search path location "{RawFileName}".
             This reference is not "CopyLocal" because at least one source item had "Private" set to "false" and no source items had "Private" set to "true".
             The ImageRuntimeVersion for this reference is "".
         Primary reference "System.Diagnostics.DiagnosticSource, Version=8.0.0.0, Culture=neutral, PublicKeyToken=cc7b13ffcd2ddd51".
             Resolved file path is "/usr/share/dotnet/packs/Microsoft.NETCore.App.Ref/8.0.21/ref/net8.0/System.Diagnostics.DiagnosticSource.dll".
             Reference found at search path location "{RawFileName}".
             This reference is not "CopyLocal" because at least one source item had "Private" set to "false" and no source items had "Private" set to "true".
             The ImageRuntimeVersion for this reference is "".
         Primary reference "System.Diagnostics.FileVersionInfo, Version=8.0.0.0, Culture=neutral, PublicKeyToken=b03f5f7f11d50a3a".
             Resolved file path is "/usr/share/dotnet/packs/Microsoft.NETCore.App.Ref/8.0.21/ref/net8.0/System.Diagnostics.FileVersionInfo.dll".
             Reference found at search path location "{RawFileName}".
             This reference is not "CopyLocal" because at least one source item had "Private" set to "false" and no source items had "Private" set to "true".
             The ImageRuntimeVersion for this reference is "".
         Primary reference "System.Diagnostics.Process, Version=8.0.0.0, Culture=neutral, PublicKeyToken=b03f5f7f11d50a3a".
             Resolved file path is "/usr/share/dotnet/packs/Microsoft.NETCore.App.Ref/8.0.21/ref/net8.0/System.Diagnostics.Process.dll".
             Reference found at search path location "{RawFileName}".
             This reference is not "CopyLocal" because at least one source item had "Private" set to "false" and no source items had "Private" set to "true".
             The ImageRuntimeVersion for this reference is "".
         Primary reference "System.Diagnostics.StackTrace, Version=8.0.0.0, Culture=neutral, PublicKeyToken=b03f5f7f11d50a3a".
             Resolved file path is "/usr/share/dotnet/packs/Microsoft.NETCore.App.Ref/8.0.21/ref/net8.0/System.Diagnostics.StackTrace.dll".
             Reference found at search path location "{RawFileName}".
             This reference is not "CopyLocal" because at least one source item had "Private" set to "false" and no source items had "Private" set to "true".
             The ImageRuntimeVersion for this reference is "".
         Primary reference "System.Diagnostics.TextWriterTraceListener, Version=8.0.0.0, Culture=neutral, PublicKeyToken=b03f5f7f11d50a3a".
             Resolved file path is "/usr/share/dotnet/packs/Microsoft.NETCore.App.Ref/8.0.21/ref/net8.0/System.Diagnostics.TextWriterTraceListener.dll".
             Reference found at search path location "{RawFileName}".
             This reference is not "CopyLocal" because at least one source item had "Private" set to "false" and no source items had "Private" set to "true".
             The ImageRuntimeVersion for this reference is "".
         Primary reference "System.Diagnostics.Tools, Version=8.0.0.0, Culture=neutral, PublicKeyToken=b03f5f7f11d50a3a".
             Resolved file path is "/usr/share/dotnet/packs/Microsoft.NETCore.App.Ref/8.0.21/ref/net8.0/System.Diagnostics.Tools.dll".
             Reference found at search path location "{RawFileName}".
             This reference is not "CopyLocal" because at least one source item had "Private" set to "false" and no source items had "Private" set to "true".
             The ImageRuntimeVersion for this reference is "".
         Primary reference "System.Diagnostics.TraceSource, Version=8.0.0.0, Culture=neutral, PublicKeyToken=b03f5f7f11d50a3a".
             Resolved file path is "/usr/share/dotnet/packs/Microsoft.NETCore.App.Ref/8.0.21/ref/net8.0/System.Diagnostics.TraceSource.dll".
             Reference found at search path location "{RawFileName}".
             This reference is not "CopyLocal" because at least one source item had "Private" set to "false" and no source items had "Private" set to "true".
             The ImageRuntimeVersion for this reference is "".
         Primary reference "System.Diagnostics.Tracing, Version=8.0.0.0, Culture=neutral, PublicKeyToken=b03f5f7f11d50a3a".
             Resolved file path is "/usr/share/dotnet/packs/Microsoft.NETCore.App.Ref/8.0.21/ref/net8.0/System.Diagnostics.Tracing.dll".
             Reference found at search path location "{RawFileName}".
             This reference is not "CopyLocal" because at least one source item had "Private" set to "false" and no source items had "Private" set to "true".
             The ImageRuntimeVersion for this reference is "".
         Primary reference "System.Drawing.Primitives, Version=8.0.0.0, Culture=neutral, PublicKeyToken=b03f5f7f11d50a3a".
             Resolved file path is "/usr/share/dotnet/packs/Microsoft.NETCore.App.Ref/8.0.21/ref/net8.0/System.Drawing.Primitives.dll".
             Reference found at search path location "{RawFileName}".
             This reference is not "CopyLocal" because at least one source item had "Private" set to "false" and no source items had "Private" set to "true".
             The ImageRuntimeVersion for this reference is "".
         Primary reference "System.Drawing, Version=4.0.0.0, Culture=neutral, PublicKeyToken=b03f5f7f11d50a3a".
             Resolved file path is "/usr/share/dotnet/packs/Microsoft.NETCore.App.Ref/8.0.21/ref/net8.0/System.Drawing.dll".
             Reference found at search path location "{RawFileName}".
             This reference is not "CopyLocal" because at least one source item had "Private" set to "false" and no source items had "Private" set to "true".
             The ImageRuntimeVersion for this reference is "".
         Primary reference "System.Dynamic.Runtime, Version=8.0.0.0, Culture=neutral, PublicKeyToken=b03f5f7f11d50a3a".
             Resolved file path is "/usr/share/dotnet/packs/Microsoft.NETCore.App.Ref/8.0.21/ref/net8.0/System.Dynamic.Runtime.dll".
             Reference found at search path location "{RawFileName}".
             This reference is not "CopyLocal" because at least one source item had "Private" set to "false" and no source items had "Private" set to "true".
             The ImageRuntimeVersion for this reference is "".
         Primary reference "System.Formats.Asn1, Version=8.0.0.0, Culture=neutral, PublicKeyToken=cc7b13ffcd2ddd51".
             Resolved file path is "/usr/share/dotnet/packs/Microsoft.NETCore.App.Ref/8.0.21/ref/net8.0/System.Formats.Asn1.dll".
             Reference found at search path location "{RawFileName}".
             This reference is not "CopyLocal" because at least one source item had "Private" set to "false" and no source items had "Private" set to "true".
             The ImageRuntimeVersion for this reference is "".
         Primary reference "System.Formats.Tar, Version=8.0.0.0, Culture=neutral, PublicKeyToken=cc7b13ffcd2ddd51".
             Resolved file path is "/usr/share/dotnet/packs/Microsoft.NETCore.App.Ref/8.0.21/ref/net8.0/System.Formats.Tar.dll".
             Reference found at search path location "{RawFileName}".
             This reference is not "CopyLocal" because at least one source item had "Private" set to "false" and no source items had "Private" set to "true".
             The ImageRuntimeVersion for this reference is "".
         Primary reference "System.Globalization.Calendars, Version=8.0.0.0, Culture=neutral, PublicKeyToken=b03f5f7f11d50a3a".
             Resolved file path is "/usr/share/dotnet/packs/Microsoft.NETCore.App.Ref/8.0.21/ref/net8.0/System.Globalization.Calendars.dll".
             Reference found at search path location "{RawFileName}".
             This reference is not "CopyLocal" because at least one source item had "Private" set to "false" and no source items had "Private" set to "true".
             The ImageRuntimeVersion for this reference is "".
         Primary reference "System.Globalization.Extensions, Version=8.0.0.0, Culture=neutral, PublicKeyToken=b03f5f7f11d50a3a".
             Resolved file path is "/usr/share/dotnet/packs/Microsoft.NETCore.App.Ref/8.0.21/ref/net8.0/System.Globalization.Extensions.dll".
             Reference found at search path location "{RawFileName}".
             This reference is not "CopyLocal" because at least one source item had "Private" set to "false" and no source items had "Private" set to "true".
             The ImageRuntimeVersion for this reference is "".
         Primary reference "System.Globalization, Version=8.0.0.0, Culture=neutral, PublicKeyToken=b03f5f7f11d50a3a".
             Resolved file path is "/usr/share/dotnet/packs/Microsoft.NETCore.App.Ref/8.0.21/ref/net8.0/System.Globalization.dll".
             Reference found at search path location "{RawFileName}".
             This reference is not "CopyLocal" because at least one source item had "Private" set to "false" and no source items had "Private" set to "true".
             The ImageRuntimeVersion for this reference is "".
         Primary reference "System.IO.Compression.Brotli, Version=8.0.0.0, Culture=neutral, PublicKeyToken=b77a5c561934e089".
             Resolved file path is "/usr/share/dotnet/packs/Microsoft.NETCore.App.Ref/8.0.21/ref/net8.0/System.IO.Compression.Brotli.dll".
             Reference found at search path location "{RawFileName}".
             This reference is not "CopyLocal" because at least one source item had "Private" set to "false" and no source items had "Private" set to "true".
             The ImageRuntimeVersion for this reference is "".
         Primary reference "System.IO.Compression.FileSystem, Version=4.0.0.0, Culture=neutral, PublicKeyToken=b77a5c561934e089".
             Resolved file path is "/usr/share/dotnet/packs/Microsoft.NETCore.App.Ref/8.0.21/ref/net8.0/System.IO.Compression.FileSystem.dll".
             Reference found at search path location "{RawFileName}".
             This reference is not "CopyLocal" because at least one source item had "Private" set to "false" and no source items had "Private" set to "true".
             The ImageRuntimeVersion for this reference is "".
         Primary reference "System.IO.Compression.ZipFile, Version=8.0.0.0, Culture=neutral, PublicKeyToken=b77a5c561934e089".
             Resolved file path is "/usr/share/dotnet/packs/Microsoft.NETCore.App.Ref/8.0.21/ref/net8.0/System.IO.Compression.ZipFile.dll".
             Reference found at search path location "{RawFileName}".
             This reference is not "CopyLocal" because at least one source item had "Private" set to "false" and no source items had "Private" set to "true".
             The ImageRuntimeVersion for this reference is "".
         Primary reference "System.IO.Compression, Version=8.0.0.0, Culture=neutral, PublicKeyToken=b77a5c561934e089".
             Resolved file path is "/usr/share/dotnet/packs/Microsoft.NETCore.App.Ref/8.0.21/ref/net8.0/System.IO.Compression.dll".
             Reference found at search path location "{RawFileName}".
             This reference is not "CopyLocal" because at least one source item had "Private" set to "false" and no source items had "Private" set to "true".
             The ImageRuntimeVersion for this reference is "".
         Primary reference "System.IO.FileSystem.AccessControl, Version=8.0.0.0, Culture=neutral, PublicKeyToken=b03f5f7f11d50a3a".
             Resolved file path is "/usr/share/dotnet/packs/Microsoft.NETCore.App.Ref/8.0.21/ref/net8.0/System.IO.FileSystem.AccessControl.dll".
             Reference found at search path location "{RawFileName}".
             This reference is not "CopyLocal" because at least one source item had "Private" set to "false" and no source items had "Private" set to "true".
             The ImageRuntimeVersion for this reference is "".
         Primary reference "System.IO.FileSystem.DriveInfo, Version=8.0.0.0, Culture=neutral, PublicKeyToken=b03f5f7f11d50a3a".
             Resolved file path is "/usr/share/dotnet/packs/Microsoft.NETCore.App.Ref/8.0.21/ref/net8.0/System.IO.FileSystem.DriveInfo.dll".
             Reference found at search path location "{RawFileName}".
             This reference is not "CopyLocal" because at least one source item had "Private" set to "false" and no source items had "Private" set to "true".
             The ImageRuntimeVersion for this reference is "".
         Primary reference "System.IO.FileSystem.Primitives, Version=8.0.0.0, Culture=neutral, PublicKeyToken=b03f5f7f11d50a3a".
             Resolved file path is "/usr/share/dotnet/packs/Microsoft.NETCore.App.Ref/8.0.21/ref/net8.0/System.IO.FileSystem.Primitives.dll".
             Reference found at search path location "{RawFileName}".
             This reference is not "CopyLocal" because at least one source item had "Private" set to "false" and no source items had "Private" set to "true".
             The ImageRuntimeVersion for this reference is "".
         Primary reference "System.IO.FileSystem.Watcher, Version=8.0.0.0, Culture=neutral, PublicKeyToken=b03f5f7f11d50a3a".
             Resolved file path is "/usr/share/dotnet/packs/Microsoft.NETCore.App.Ref/8.0.21/ref/net8.0/System.IO.FileSystem.Watcher.dll".
             Reference found at search path location "{RawFileName}".
             This reference is not "CopyLocal" because at least one source item had "Private" set to "false" and no source items had "Private" set to "true".
             The ImageRuntimeVersion for this reference is "".
         Primary reference "System.IO.FileSystem, Version=8.0.0.0, Culture=neutral, PublicKeyToken=b03f5f7f11d50a3a".
             Resolved file path is "/usr/share/dotnet/packs/Microsoft.NETCore.App.Ref/8.0.21/ref/net8.0/System.IO.FileSystem.dll".
             Reference found at search path location "{RawFileName}".
             This reference is not "CopyLocal" because at least one source item had "Private" set to "false" and no source items had "Private" set to "true".
             The ImageRuntimeVersion for this reference is "".
         Primary reference "System.IO.IsolatedStorage, Version=8.0.0.0, Culture=neutral, PublicKeyToken=b03f5f7f11d50a3a".
             Resolved file path is "/usr/share/dotnet/packs/Microsoft.NETCore.App.Ref/8.0.21/ref/net8.0/System.IO.IsolatedStorage.dll".
             Reference found at search path location "{RawFileName}".
             This reference is not "CopyLocal" because at least one source item had "Private" set to "false" and no source items had "Private" set to "true".
             The ImageRuntimeVersion for this reference is "".
         Primary reference "System.IO.MemoryMappedFiles, Version=8.0.0.0, Culture=neutral, PublicKeyToken=b03f5f7f11d50a3a".
             Resolved file path is "/usr/share/dotnet/packs/Microsoft.NETCore.App.Ref/8.0.21/ref/net8.0/System.IO.MemoryMappedFiles.dll".
             Reference found at search path location "{RawFileName}".
             This reference is not "CopyLocal" because at least one source item had "Private" set to "false" and no source items had "Private" set to "true".
             The ImageRuntimeVersion for this reference is "".
         Primary reference "System.IO.Pipes.AccessControl, Version=8.0.0.0, Culture=neutral, PublicKeyToken=b03f5f7f11d50a3a".
             Resolved file path is "/usr/share/dotnet/packs/Microsoft.NETCore.App.Ref/8.0.21/ref/net8.0/System.IO.Pipes.AccessControl.dll".
             Reference found at search path location "{RawFileName}".
             This reference is not "CopyLocal" because at least one source item had "Private" set to "false" and no source items had "Private" set to "true".
             The ImageRuntimeVersion for this reference is "".
         Primary reference "System.IO.Pipes, Version=8.0.0.0, Culture=neutral, PublicKeyToken=b03f5f7f11d50a3a".
             Resolved file path is "/usr/share/dotnet/packs/Microsoft.NETCore.App.Ref/8.0.21/ref/net8.0/System.IO.Pipes.dll".
             Reference found at search path location "{RawFileName}".
             This reference is not "CopyLocal" because at least one source item had "Private" set to "false" and no source items had "Private" set to "true".
             The ImageRuntimeVersion for this reference is "".
         Primary reference "System.IO.UnmanagedMemoryStream, Version=8.0.0.0, Culture=neutral, PublicKeyToken=b03f5f7f11d50a3a".
             Resolved file path is "/usr/share/dotnet/packs/Microsoft.NETCore.App.Ref/8.0.21/ref/net8.0/System.IO.UnmanagedMemoryStream.dll".
             Reference found at search path location "{RawFileName}".
             This reference is not "CopyLocal" because at least one source item had "Private" set to "false" and no source items had "Private" set to "true".
             The ImageRuntimeVersion for this reference is "".
         Primary reference "System.IO, Version=8.0.0.0, Culture=neutral, PublicKeyToken=b03f5f7f11d50a3a".
             Resolved file path is "/usr/share/dotnet/packs/Microsoft.NETCore.App.Ref/8.0.21/ref/net8.0/System.IO.dll".
             Reference found at search path location "{RawFileName}".
             This reference is not "CopyLocal" because at least one source item had "Private" set to "false" and no source items had "Private" set to "true".
             The ImageRuntimeVersion for this reference is "".
         Primary reference "System.Linq.Expressions, Version=8.0.0.0, Culture=neutral, PublicKeyToken=b03f5f7f11d50a3a".
             Resolved file path is "/usr/share/dotnet/packs/Microsoft.NETCore.App.Ref/8.0.21/ref/net8.0/System.Linq.Expressions.dll".
             Reference found at search path location "{RawFileName}".
             This reference is not "CopyLocal" because at least one source item had "Private" set to "false" and no source items had "Private" set to "true".
             The ImageRuntimeVersion for this reference is "".
         Primary reference "System.Linq.Parallel, Version=8.0.0.0, Culture=neutral, PublicKeyToken=b03f5f7f11d50a3a".
             Resolved file path is "/usr/share/dotnet/packs/Microsoft.NETCore.App.Ref/8.0.21/ref/net8.0/System.Linq.Parallel.dll".
             Reference found at search path location "{RawFileName}".
             This reference is not "CopyLocal" because at least one source item had "Private" set to "false" and no source items had "Private" set to "true".
             The ImageRuntimeVersion for this reference is "".
         Primary reference "System.Linq.Queryable, Version=8.0.0.0, Culture=neutral, PublicKeyToken=b03f5f7f11d50a3a".
             Resolved file path is "/usr/share/dotnet/packs/Microsoft.NETCore.App.Ref/8.0.21/ref/net8.0/System.Linq.Queryable.dll".
             Reference found at search path location "{RawFileName}".
             This reference is not "CopyLocal" because at least one source item had "Private" set to "false" and no source items had "Private" set to "true".
             The ImageRuntimeVersion for this reference is "".
         Primary reference "System.Linq, Version=8.0.0.0, Culture=neutral, PublicKeyToken=b03f5f7f11d50a3a".
             Resolved file path is "/usr/share/dotnet/packs/Microsoft.NETCore.App.Ref/8.0.21/ref/net8.0/System.Linq.dll".
             Reference found at search path location "{RawFileName}".
             This reference is not "CopyLocal" because at least one source item had "Private" set to "false" and no source items had "Private" set to "true".
             The ImageRuntimeVersion for this reference is "".
         Primary reference "System.Memory, Version=8.0.0.0, Culture=neutral, PublicKeyToken=cc7b13ffcd2ddd51".
             Resolved file path is "/usr/share/dotnet/packs/Microsoft.NETCore.App.Ref/8.0.21/ref/net8.0/System.Memory.dll".
             Reference found at search path location "{RawFileName}".
             This reference is not "CopyLocal" because at least one source item had "Private" set to "false" and no source items had "Private" set to "true".
             The ImageRuntimeVersion for this reference is "".
         Primary reference "System.Net.Http.Json, Version=8.0.0.0, Culture=neutral, PublicKeyToken=cc7b13ffcd2ddd51".
             Resolved file path is "/usr/share/dotnet/packs/Microsoft.NETCore.App.Ref/8.0.21/ref/net8.0/System.Net.Http.Json.dll".
             Reference found at search path location "{RawFileName}".
             This reference is not "CopyLocal" because at least one source item had "Private" set to "false" and no source items had "Private" set to "true".
             The ImageRuntimeVersion for this reference is "".
         Primary reference "System.Net.Http, Version=8.0.0.0, Culture=neutral, PublicKeyToken=b03f5f7f11d50a3a".
             Resolved file path is "/usr/share/dotnet/packs/Microsoft.NETCore.App.Ref/8.0.21/ref/net8.0/System.Net.Http.dll".
             Reference found at search path location "{RawFileName}".
             This reference is not "CopyLocal" because at least one source item had "Private" set to "false" and no source items had "Private" set to "true".
             The ImageRuntimeVersion for this reference is "".
         Primary reference "System.Net.HttpListener, Version=8.0.0.0, Culture=neutral, PublicKeyToken=cc7b13ffcd2ddd51".
             Resolved file path is "/usr/share/dotnet/packs/Microsoft.NETCore.App.Ref/8.0.21/ref/net8.0/System.Net.HttpListener.dll".
             Reference found at search path location "{RawFileName}".
             This reference is not "CopyLocal" because at least one source item had "Private" set to "false" and no source items had "Private" set to "true".
             The ImageRuntimeVersion for this reference is "".
         Primary reference "System.Net.Mail, Version=8.0.0.0, Culture=neutral, PublicKeyToken=cc7b13ffcd2ddd51".
             Resolved file path is "/usr/share/dotnet/packs/Microsoft.NETCore.App.Ref/8.0.21/ref/net8.0/System.Net.Mail.dll".
             Reference found at search path location "{RawFileName}".
             This reference is not "CopyLocal" because at least one source item had "Private" set to "false" and no source items had "Private" set to "true".
             The ImageRuntimeVersion for this reference is "".
         Primary reference "System.Net.NameResolution, Version=8.0.0.0, Culture=neutral, PublicKeyToken=b03f5f7f11d50a3a".
             Resolved file path is "/usr/share/dotnet/packs/Microsoft.NETCore.App.Ref/8.0.21/ref/net8.0/System.Net.NameResolution.dll".
             Reference found at search path location "{RawFileName}".
             This reference is not "CopyLocal" because at least one source item had "Private" set to "false" and no source items had "Private" set to "true".
             The ImageRuntimeVersion for this reference is "".
         Primary reference "System.Net.NetworkInformation, Version=8.0.0.0, Culture=neutral, PublicKeyToken=b03f5f7f11d50a3a".
             Resolved file path is "/usr/share/dotnet/packs/Microsoft.NETCore.App.Ref/8.0.21/ref/net8.0/System.Net.NetworkInformation.dll".
             Reference found at search path location "{RawFileName}".
             This reference is not "CopyLocal" because at least one source item had "Private" set to "false" and no source items had "Private" set to "true".
             The ImageRuntimeVersion for this reference is "".
         Primary reference "System.Net.Ping, Version=8.0.0.0, Culture=neutral, PublicKeyToken=b03f5f7f11d50a3a".
             Resolved file path is "/usr/share/dotnet/packs/Microsoft.NETCore.App.Ref/8.0.21/ref/net8.0/System.Net.Ping.dll".
             Reference found at search path location "{RawFileName}".
             This reference is not "CopyLocal" because at least one source item had "Private" set to "false" and no source items had "Private" set to "true".
             The ImageRuntimeVersion for this reference is "".
         Primary reference "System.Net.Primitives, Version=8.0.0.0, Culture=neutral, PublicKeyToken=b03f5f7f11d50a3a".
             Resolved file path is "/usr/share/dotnet/packs/Microsoft.NETCore.App.Ref/8.0.21/ref/net8.0/System.Net.Primitives.dll".
             Reference found at search path location "{RawFileName}".
             This reference is not "CopyLocal" because at least one source item had "Private" set to "false" and no source items had "Private" set to "true".
             The ImageRuntimeVersion for this reference is "".
         Primary reference "System.Net.Quic, Version=8.0.0.0, Culture=neutral, PublicKeyToken=b03f5f7f11d50a3a".
             Resolved file path is "/usr/share/dotnet/packs/Microsoft.NETCore.App.Ref/8.0.21/ref/net8.0/System.Net.Quic.dll".
             Reference found at search path location "{RawFileName}".
             This reference is not "CopyLocal" because at least one source item had "Private" set to "false" and no source items had "Private" set to "true".
             The ImageRuntimeVersion for this reference is "".
         Primary reference "System.Net.Requests, Version=8.0.0.0, Culture=neutral, PublicKeyToken=b03f5f7f11d50a3a".
             Resolved file path is "/usr/share/dotnet/packs/Microsoft.NETCore.App.Ref/8.0.21/ref/net8.0/System.Net.Requests.dll".
             Reference found at search path location "{RawFileName}".
             This reference is not "CopyLocal" because at least one source item had "Private" set to "false" and no source items had "Private" set to "true".
             The ImageRuntimeVersion for this reference is "".
         Primary reference "System.Net.Security, Version=8.0.0.0, Culture=neutral, PublicKeyToken=b03f5f7f11d50a3a".
             Resolved file path is "/usr/share/dotnet/packs/Microsoft.NETCore.App.Ref/8.0.21/ref/net8.0/System.Net.Security.dll".
             Reference found at search path location "{RawFileName}".
             This reference is not "CopyLocal" because at least one source item had "Private" set to "false" and no source items had "Private" set to "true".
             The ImageRuntimeVersion for this reference is "".
         Primary reference "System.Net.ServicePoint, Version=8.0.0.0, Culture=neutral, PublicKeyToken=cc7b13ffcd2ddd51".
             Resolved file path is "/usr/share/dotnet/packs/Microsoft.NETCore.App.Ref/8.0.21/ref/net8.0/System.Net.ServicePoint.dll".
             Reference found at search path location "{RawFileName}".
             This reference is not "CopyLocal" because at least one source item had "Private" set to "false" and no source items had "Private" set to "true".
             The ImageRuntimeVersion for this reference is "".
         Primary reference "System.Net.Sockets, Version=8.0.0.0, Culture=neutral, PublicKeyToken=b03f5f7f11d50a3a".
             Resolved file path is "/usr/share/dotnet/packs/Microsoft.NETCore.App.Ref/8.0.21/ref/net8.0/System.Net.Sockets.dll".
             Reference found at search path location "{RawFileName}".
             This reference is not "CopyLocal" because at least one source item had "Private" set to "false" and no source items had "Private" set to "true".
             The ImageRuntimeVersion for this reference is "".
         Primary reference "System.Net.WebClient, Version=8.0.0.0, Culture=neutral, PublicKeyToken=cc7b13ffcd2ddd51".
             Resolved file path is "/usr/share/dotnet/packs/Microsoft.NETCore.App.Ref/8.0.21/ref/net8.0/System.Net.WebClient.dll".
             Reference found at search path location "{RawFileName}".
             This reference is not "CopyLocal" because at least one source item had "Private" set to "false" and no source items had "Private" set to "true".
             The ImageRuntimeVersion for this reference is "".
         Primary reference "System.Net.WebHeaderCollection, Version=8.0.0.0, Culture=neutral, PublicKeyToken=b03f5f7f11d50a3a".
             Resolved file path is "/usr/share/dotnet/packs/Microsoft.NETCore.App.Ref/8.0.21/ref/net8.0/System.Net.WebHeaderCollection.dll".
             Reference found at search path location "{RawFileName}".
             This reference is not "CopyLocal" because at least one source item had "Private" set to "false" and no source items had "Private" set to "true".
             The ImageRuntimeVersion for this reference is "".
         Primary reference "System.Net.WebProxy, Version=8.0.0.0, Culture=neutral, PublicKeyToken=cc7b13ffcd2ddd51".
             Resolved file path is "/usr/share/dotnet/packs/Microsoft.NETCore.App.Ref/8.0.21/ref/net8.0/System.Net.WebProxy.dll".
             Reference found at search path location "{RawFileName}".
             This reference is not "CopyLocal" because at least one source item had "Private" set to "false" and no source items had "Private" set to "true".
             The ImageRuntimeVersion for this reference is "".
         Primary reference "System.Net.WebSockets.Client, Version=8.0.0.0, Culture=neutral, PublicKeyToken=b03f5f7f11d50a3a".
             Resolved file path is "/usr/share/dotnet/packs/Microsoft.NETCore.App.Ref/8.0.21/ref/net8.0/System.Net.WebSockets.Client.dll".
             Reference found at search path location "{RawFileName}".
             This reference is not "CopyLocal" because at least one source item had "Private" set to "false" and no source items had "Private" set to "true".
             The ImageRuntimeVersion for this reference is "".
         Primary reference "System.Net.WebSockets, Version=8.0.0.0, Culture=neutral, PublicKeyToken=b03f5f7f11d50a3a".
             Resolved file path is "/usr/share/dotnet/packs/Microsoft.NETCore.App.Ref/8.0.21/ref/net8.0/System.Net.WebSockets.dll".
             Reference found at search path location "{RawFileName}".
             This reference is not "CopyLocal" because at least one source item had "Private" set to "false" and no source items had "Private" set to "true".
             The ImageRuntimeVersion for this reference is "".
         Primary reference "System.Net, Version=4.0.0.0, Culture=neutral, PublicKeyToken=b03f5f7f11d50a3a".
             Resolved file path is "/usr/share/dotnet/packs/Microsoft.NETCore.App.Ref/8.0.21/ref/net8.0/System.Net.dll".
             Reference found at search path location "{RawFileName}".
             This reference is not "CopyLocal" because at least one source item had "Private" set to "false" and no source items had "Private" set to "true".
             The ImageRuntimeVersion for this reference is "".
         Primary reference "System.Numerics.Vectors, Version=8.0.0.0, Culture=neutral, PublicKeyToken=b03f5f7f11d50a3a".
             Resolved file path is "/usr/share/dotnet/packs/Microsoft.NETCore.App.Ref/8.0.21/ref/net8.0/System.Numerics.Vectors.dll".
             Reference found at search path location "{RawFileName}".
             This reference is not "CopyLocal" because at least one source item had "Private" set to "false" and no source items had "Private" set to "true".
             The ImageRuntimeVersion for this reference is "".
         Primary reference "System.Numerics, Version=4.0.0.0, Culture=neutral, PublicKeyToken=b77a5c561934e089".
             Resolved file path is "/usr/share/dotnet/packs/Microsoft.NETCore.App.Ref/8.0.21/ref/net8.0/System.Numerics.dll".
             Reference found at search path location "{RawFileName}".
             This reference is not "CopyLocal" because at least one source item had "Private" set to "false" and no source items had "Private" set to "true".
             The ImageRuntimeVersion for this reference is "".
         Primary reference "System.ObjectModel, Version=8.0.0.0, Culture=neutral, PublicKeyToken=b03f5f7f11d50a3a".
             Resolved file path is "/usr/share/dotnet/packs/Microsoft.NETCore.App.Ref/8.0.21/ref/net8.0/System.ObjectModel.dll".
             Reference found at search path location "{RawFileName}".
             This reference is not "CopyLocal" because at least one source item had "Private" set to "false" and no source items had "Private" set to "true".
             The ImageRuntimeVersion for this reference is "".
         Primary reference "System.Reflection.DispatchProxy, Version=8.0.0.0, Culture=neutral, PublicKeyToken=b03f5f7f11d50a3a".
             Resolved file path is "/usr/share/dotnet/packs/Microsoft.NETCore.App.Ref/8.0.21/ref/net8.0/System.Reflection.DispatchProxy.dll".
             Reference found at search path location "{RawFileName}".
             This reference is not "CopyLocal" because at least one source item had "Private" set to "false" and no source items had "Private" set to "true".
             The ImageRuntimeVersion for this reference is "".
         Primary reference "System.Reflection.Emit.ILGeneration, Version=8.0.0.0, Culture=neutral, PublicKeyToken=b03f5f7f11d50a3a".
             Resolved file path is "/usr/share/dotnet/packs/Microsoft.NETCore.App.Ref/8.0.21/ref/net8.0/System.Reflection.Emit.ILGeneration.dll".
             Reference found at search path location "{RawFileName}".
             This reference is not "CopyLocal" because at least one source item had "Private" set to "false" and no source items had "Private" set to "true".
             The ImageRuntimeVersion for this reference is "".
         Primary reference "System.Reflection.Emit.Lightweight, Version=8.0.0.0, Culture=neutral, PublicKeyToken=b03f5f7f11d50a3a".
             Resolved file path is "/usr/share/dotnet/packs/Microsoft.NETCore.App.Ref/8.0.21/ref/net8.0/System.Reflection.Emit.Lightweight.dll".
             Reference found at search path location "{RawFileName}".
             This reference is not "CopyLocal" because at least one source item had "Private" set to "false" and no source items had "Private" set to "true".
             The ImageRuntimeVersion for this reference is "".
         Primary reference "System.Reflection.Emit, Version=8.0.0.0, Culture=neutral, PublicKeyToken=b03f5f7f11d50a3a".
             Resolved file path is "/usr/share/dotnet/packs/Microsoft.NETCore.App.Ref/8.0.21/ref/net8.0/System.Reflection.Emit.dll".
             Reference found at search path location "{RawFileName}".
             This reference is not "CopyLocal" because at least one source item had "Private" set to "false" and no source items had "Private" set to "true".
             The ImageRuntimeVersion for this reference is "".
         Primary reference "System.Reflection.Extensions, Version=8.0.0.0, Culture=neutral, PublicKeyToken=b03f5f7f11d50a3a".
             Resolved file path is "/usr/share/dotnet/packs/Microsoft.NETCore.App.Ref/8.0.21/ref/net8.0/System.Reflection.Extensions.dll".
             Reference found at search path location "{RawFileName}".
             This reference is not "CopyLocal" because at least one source item had "Private" set to "false" and no source items had "Private" set to "true".
             The ImageRuntimeVersion for this reference is "".
         Primary reference "System.Reflection.Metadata, Version=8.0.0.0, Culture=neutral, PublicKeyToken=b03f5f7f11d50a3a".
             Resolved file path is "/usr/share/dotnet/packs/Microsoft.NETCore.App.Ref/8.0.21/ref/net8.0/System.Reflection.Metadata.dll".
             Reference found at search path location "{RawFileName}".
             This reference is not "CopyLocal" because at least one source item had "Private" set to "false" and no source items had "Private" set to "true".
             The ImageRuntimeVersion for this reference is "".
         Primary reference "System.Reflection.Primitives, Version=8.0.0.0, Culture=neutral, PublicKeyToken=b03f5f7f11d50a3a".
             Resolved file path is "/usr/share/dotnet/packs/Microsoft.NETCore.App.Ref/8.0.21/ref/net8.0/System.Reflection.Primitives.dll".
             Reference found at search path location "{RawFileName}".
             This reference is not "CopyLocal" because at least one source item had "Private" set to "false" and no source items had "Private" set to "true".
             The ImageRuntimeVersion for this reference is "".
         Primary reference "System.Reflection.TypeExtensions, Version=8.0.0.0, Culture=neutral, PublicKeyToken=b03f5f7f11d50a3a".
             Resolved file path is "/usr/share/dotnet/packs/Microsoft.NETCore.App.Ref/8.0.21/ref/net8.0/System.Reflection.TypeExtensions.dll".
             Reference found at search path location "{RawFileName}".
             This reference is not "CopyLocal" because at least one source item had "Private" set to "false" and no source items had "Private" set to "true".
             The ImageRuntimeVersion for this reference is "".
         Primary reference "System.Reflection, Version=8.0.0.0, Culture=neutral, PublicKeyToken=b03f5f7f11d50a3a".
             Resolved file path is "/usr/share/dotnet/packs/Microsoft.NETCore.App.Ref/8.0.21/ref/net8.0/System.Reflection.dll".
             Reference found at search path location "{RawFileName}".
             This reference is not "CopyLocal" because at least one source item had "Private" set to "false" and no source items had "Private" set to "true".
             The ImageRuntimeVersion for this reference is "".
         Primary reference "System.Resources.Reader, Version=8.0.0.0, Culture=neutral, PublicKeyToken=b03f5f7f11d50a3a".
             Resolved file path is "/usr/share/dotnet/packs/Microsoft.NETCore.App.Ref/8.0.21/ref/net8.0/System.Resources.Reader.dll".
             Reference found at search path location "{RawFileName}".
             This reference is not "CopyLocal" because at least one source item had "Private" set to "false" and no source items had "Private" set to "true".
             The ImageRuntimeVersion for this reference is "".
         Primary reference "System.Resources.ResourceManager, Version=8.0.0.0, Culture=neutral, PublicKeyToken=b03f5f7f11d50a3a".
             Resolved file path is "/usr/share/dotnet/packs/Microsoft.NETCore.App.Ref/8.0.21/ref/net8.0/System.Resources.ResourceManager.dll".
             Reference found at search path location "{RawFileName}".
             This reference is not "CopyLocal" because at least one source item had "Private" set to "false" and no source items had "Private" set to "true".
             The ImageRuntimeVersion for this reference is "".
         Primary reference "System.Resources.Writer, Version=8.0.0.0, Culture=neutral, PublicKeyToken=b03f5f7f11d50a3a".
             Resolved file path is "/usr/share/dotnet/packs/Microsoft.NETCore.App.Ref/8.0.21/ref/net8.0/System.Resources.Writer.dll".
             Reference found at search path location "{RawFileName}".
             This reference is not "CopyLocal" because at least one source item had "Private" set to "false" and no source items had "Private" set to "true".
             The ImageRuntimeVersion for this reference is "".
         Primary reference "System.Runtime.CompilerServices.Unsafe, Version=8.0.0.0, Culture=neutral, PublicKeyToken=b03f5f7f11d50a3a".
             Resolved file path is "/usr/share/dotnet/packs/Microsoft.NETCore.App.Ref/8.0.21/ref/net8.0/System.Runtime.CompilerServices.Unsafe.dll".
             Reference found at search path location "{RawFileName}".
             This reference is not "CopyLocal" because at least one source item had "Private" set to "false" and no source items had "Private" set to "true".
             The ImageRuntimeVersion for this reference is "".
         Primary reference "System.Runtime.CompilerServices.VisualC, Version=8.0.0.0, Culture=neutral, PublicKeyToken=b03f5f7f11d50a3a".
             Resolved file path is "/usr/share/dotnet/packs/Microsoft.NETCore.App.Ref/8.0.21/ref/net8.0/System.Runtime.CompilerServices.VisualC.dll".
             Reference found at search path location "{RawFileName}".
             This reference is not "CopyLocal" because at least one source item had "Private" set to "false" and no source items had "Private" set to "true".
             The ImageRuntimeVersion for this reference is "".
         Primary reference "System.Runtime.Extensions, Version=8.0.0.0, Culture=neutral, PublicKeyToken=b03f5f7f11d50a3a".
             Resolved file path is "/usr/share/dotnet/packs/Microsoft.NETCore.App.Ref/8.0.21/ref/net8.0/System.Runtime.Extensions.dll".
             Reference found at search path location "{RawFileName}".
             This reference is not "CopyLocal" because at least one source item had "Private" set to "false" and no source items had "Private" set to "true".
             The ImageRuntimeVersion for this reference is "".
         Primary reference "System.Runtime.Handles, Version=8.0.0.0, Culture=neutral, PublicKeyToken=b03f5f7f11d50a3a".
             Resolved file path is "/usr/share/dotnet/packs/Microsoft.NETCore.App.Ref/8.0.21/ref/net8.0/System.Runtime.Handles.dll".
             Reference found at search path location "{RawFileName}".
             This reference is not "CopyLocal" because at least one source item had "Private" set to "false" and no source items had "Private" set to "true".
             The ImageRuntimeVersion for this reference is "".
         Primary reference "System.Runtime.InteropServices.JavaScript, Version=8.0.0.0, Culture=neutral, PublicKeyToken=b03f5f7f11d50a3a".
             Resolved file path is "/usr/share/dotnet/packs/Microsoft.NETCore.App.Ref/8.0.21/ref/net8.0/System.Runtime.InteropServices.JavaScript.dll".
             Reference found at search path location "{RawFileName}".
             This reference is not "CopyLocal" because at least one source item had "Private" set to "false" and no source items had "Private" set to "true".
             The ImageRuntimeVersion for this reference is "".
         Primary reference "System.Runtime.InteropServices.RuntimeInformation, Version=8.0.0.0, Culture=neutral, PublicKeyToken=b03f5f7f11d50a3a".
             Resolved file path is "/usr/share/dotnet/packs/Microsoft.NETCore.App.Ref/8.0.21/ref/net8.0/System.Runtime.InteropServices.RuntimeInformation.dll".
             Reference found at search path location "{RawFileName}".
             This reference is not "CopyLocal" because at least one source item had "Private" set to "false" and no source items had "Private" set to "true".
             The ImageRuntimeVersion for this reference is "".
         Primary reference "System.Runtime.InteropServices, Version=8.0.0.0, Culture=neutral, PublicKeyToken=b03f5f7f11d50a3a".
             Resolved file path is "/usr/share/dotnet/packs/Microsoft.NETCore.App.Ref/8.0.21/ref/net8.0/System.Runtime.InteropServices.dll".
             Reference found at search path location "{RawFileName}".
             This reference is not "CopyLocal" because at least one source item had "Private" set to "false" and no source items had "Private" set to "true".
             The ImageRuntimeVersion for this reference is "".
         Primary reference "System.Runtime.Intrinsics, Version=8.0.0.0, Culture=neutral, PublicKeyToken=cc7b13ffcd2ddd51".
             Resolved file path is "/usr/share/dotnet/packs/Microsoft.NETCore.App.Ref/8.0.21/ref/net8.0/System.Runtime.Intrinsics.dll".
             Reference found at search path location "{RawFileName}".
             This reference is not "CopyLocal" because at least one source item had "Private" set to "false" and no source items had "Private" set to "true".
             The ImageRuntimeVersion for this reference is "".
         Primary reference "System.Runtime.Loader, Version=8.0.0.0, Culture=neutral, PublicKeyToken=b03f5f7f11d50a3a".
             Resolved file path is "/usr/share/dotnet/packs/Microsoft.NETCore.App.Ref/8.0.21/ref/net8.0/System.Runtime.Loader.dll".
             Reference found at search path location "{RawFileName}".
             This reference is not "CopyLocal" because at least one source item had "Private" set to "false" and no source items had "Private" set to "true".
             The ImageRuntimeVersion for this reference is "".
         Primary reference "System.Runtime.Numerics, Version=8.0.0.0, Culture=neutral, PublicKeyToken=b03f5f7f11d50a3a".
             Resolved file path is "/usr/share/dotnet/packs/Microsoft.NETCore.App.Ref/8.0.21/ref/net8.0/System.Runtime.Numerics.dll".
             Reference found at search path location "{RawFileName}".
             This reference is not "CopyLocal" because at least one source item had "Private" set to "false" and no source items had "Private" set to "true".
             The ImageRuntimeVersion for this reference is "".
         Primary reference "System.Runtime.Serialization.Formatters, Version=8.0.0.0, Culture=neutral, PublicKeyToken=b03f5f7f11d50a3a".
             Resolved file path is "/usr/share/dotnet/packs/Microsoft.NETCore.App.Ref/8.0.21/ref/net8.0/System.Runtime.Serialization.Formatters.dll".
             Reference found at search path location "{RawFileName}".
             This reference is not "CopyLocal" because at least one source item had "Private" set to "false" and no source items had "Private" set to "true".
             The ImageRuntimeVersion for this reference is "".
         Primary reference "System.Runtime.Serialization.Json, Version=8.0.0.0, Culture=neutral, PublicKeyToken=b03f5f7f11d50a3a".
             Resolved file path is "/usr/share/dotnet/packs/Microsoft.NETCore.App.Ref/8.0.21/ref/net8.0/System.Runtime.Serialization.Json.dll".
             Reference found at search path location "{RawFileName}".
             This reference is not "CopyLocal" because at least one source item had "Private" set to "false" and no source items had "Private" set to "true".
             The ImageRuntimeVersion for this reference is "".
         Primary reference "System.Runtime.Serialization.Primitives, Version=8.0.0.0, Culture=neutral, PublicKeyToken=b03f5f7f11d50a3a".
             Resolved file path is "/usr/share/dotnet/packs/Microsoft.NETCore.App.Ref/8.0.21/ref/net8.0/System.Runtime.Serialization.Primitives.dll".
             Reference found at search path location "{RawFileName}".
             This reference is not "CopyLocal" because at least one source item had "Private" set to "false" and no source items had "Private" set to "true".
             The ImageRuntimeVersion for this reference is "".
         Primary reference "System.Runtime.Serialization.Xml, Version=8.0.0.0, Culture=neutral, PublicKeyToken=b03f5f7f11d50a3a".
             Resolved file path is "/usr/share/dotnet/packs/Microsoft.NETCore.App.Ref/8.0.21/ref/net8.0/System.Runtime.Serialization.Xml.dll".
             Reference found at search path location "{RawFileName}".
             This reference is not "CopyLocal" because at least one source item had "Private" set to "false" and no source items had "Private" set to "true".
             The ImageRuntimeVersion for this reference is "".
         Primary reference "System.Runtime.Serialization, Version=4.0.0.0, Culture=neutral, PublicKeyToken=b77a5c561934e089".
             Resolved file path is "/usr/share/dotnet/packs/Microsoft.NETCore.App.Ref/8.0.21/ref/net8.0/System.Runtime.Serialization.dll".
             Reference found at search path location "{RawFileName}".
             This reference is not "CopyLocal" because at least one source item had "Private" set to "false" and no source items had "Private" set to "true".
             The ImageRuntimeVersion for this reference is "".
         Primary reference "System.Runtime, Version=8.0.0.0, Culture=neutral, PublicKeyToken=b03f5f7f11d50a3a".
             Resolved file path is "/usr/share/dotnet/packs/Microsoft.NETCore.App.Ref/8.0.21/ref/net8.0/System.Runtime.dll".
             Reference found at search path location "{RawFileName}".
             This reference is not "CopyLocal" because at least one source item had "Private" set to "false" and no source items had "Private" set to "true".
             The ImageRuntimeVersion for this reference is "".
         Primary reference "System.Security.AccessControl, Version=8.0.0.0, Culture=neutral, PublicKeyToken=b03f5f7f11d50a3a".
             Resolved file path is "/usr/share/dotnet/packs/Microsoft.NETCore.App.Ref/8.0.21/ref/net8.0/System.Security.AccessControl.dll".
             Reference found at search path location "{RawFileName}".
             This reference is not "CopyLocal" because at least one source item had "Private" set to "false" and no source items had "Private" set to "true".
             The ImageRuntimeVersion for this reference is "".
         Primary reference "System.Security.Claims, Version=8.0.0.0, Culture=neutral, PublicKeyToken=b03f5f7f11d50a3a".
             Resolved file path is "/usr/share/dotnet/packs/Microsoft.NETCore.App.Ref/8.0.21/ref/net8.0/System.Security.Claims.dll".
             Reference found at search path location "{RawFileName}".
             This reference is not "CopyLocal" because at least one source item had "Private" set to "false" and no source items had "Private" set to "true".
             The ImageRuntimeVersion for this reference is "".
         Primary reference "System.Security.Cryptography.Algorithms, Version=8.0.0.0, Culture=neutral, PublicKeyToken=b03f5f7f11d50a3a".
             Resolved file path is "/usr/share/dotnet/packs/Microsoft.NETCore.App.Ref/8.0.21/ref/net8.0/System.Security.Cryptography.Algorithms.dll".
             Reference found at search path location "{RawFileName}".
             This reference is not "CopyLocal" because at least one source item had "Private" set to "false" and no source items had "Private" set to "true".
             The ImageRuntimeVersion for this reference is "".
         Primary reference "System.Security.Cryptography.Cng, Version=8.0.0.0, Culture=neutral, PublicKeyToken=b03f5f7f11d50a3a".
             Resolved file path is "/usr/share/dotnet/packs/Microsoft.NETCore.App.Ref/8.0.21/ref/net8.0/System.Security.Cryptography.Cng.dll".
             Reference found at search path location "{RawFileName}".
             This reference is not "CopyLocal" because at least one source item had "Private" set to "false" and no source items had "Private" set to "true".
             The ImageRuntimeVersion for this reference is "".
         Primary reference "System.Security.Cryptography.Csp, Version=8.0.0.0, Culture=neutral, PublicKeyToken=b03f5f7f11d50a3a".
             Resolved file path is "/usr/share/dotnet/packs/Microsoft.NETCore.App.Ref/8.0.21/ref/net8.0/System.Security.Cryptography.Csp.dll".
             Reference found at search path location "{RawFileName}".
             This reference is not "CopyLocal" because at least one source item had "Private" set to "false" and no source items had "Private" set to "true".
             The ImageRuntimeVersion for this reference is "".
         Primary reference "System.Security.Cryptography.Encoding, Version=8.0.0.0, Culture=neutral, PublicKeyToken=b03f5f7f11d50a3a".
             Resolved file path is "/usr/share/dotnet/packs/Microsoft.NETCore.App.Ref/8.0.21/ref/net8.0/System.Security.Cryptography.Encoding.dll".
             Reference found at search path location "{RawFileName}".
             This reference is not "CopyLocal" because at least one source item had "Private" set to "false" and no source items had "Private" set to "true".
             The ImageRuntimeVersion for this reference is "".
         Primary reference "System.Security.Cryptography.OpenSsl, Version=8.0.0.0, Culture=neutral, PublicKeyToken=b03f5f7f11d50a3a".
             Resolved file path is "/usr/share/dotnet/packs/Microsoft.NETCore.App.Ref/8.0.21/ref/net8.0/System.Security.Cryptography.OpenSsl.dll".
             Reference found at search path location "{RawFileName}".
             This reference is not "CopyLocal" because at least one source item had "Private" set to "false" and no source items had "Private" set to "true".
             The ImageRuntimeVersion for this reference is "".
         Primary reference "System.Security.Cryptography.Primitives, Version=8.0.0.0, Culture=neutral, PublicKeyToken=b03f5f7f11d50a3a".
             Resolved file path is "/usr/share/dotnet/packs/Microsoft.NETCore.App.Ref/8.0.21/ref/net8.0/System.Security.Cryptography.Primitives.dll".
             Reference found at search path location "{RawFileName}".
             This reference is not "CopyLocal" because at least one source item had "Private" set to "false" and no source items had "Private" set to "true".
             The ImageRuntimeVersion for this reference is "".
         Primary reference "System.Security.Cryptography.X509Certificates, Version=8.0.0.0, Culture=neutral, PublicKeyToken=b03f5f7f11d50a3a".
             Resolved file path is "/usr/share/dotnet/packs/Microsoft.NETCore.App.Ref/8.0.21/ref/net8.0/System.Security.Cryptography.X509Certificates.dll".
             Reference found at search path location "{RawFileName}".
             This reference is not "CopyLocal" because at least one source item had "Private" set to "false" and no source items had "Private" set to "true".
             The ImageRuntimeVersion for this reference is "".
         Primary reference "System.Security.Cryptography, Version=8.0.0.0, Culture=neutral, PublicKeyToken=b03f5f7f11d50a3a".
             Resolved file path is "/usr/share/dotnet/packs/Microsoft.NETCore.App.Ref/8.0.21/ref/net8.0/System.Security.Cryptography.dll".
             Reference found at search path location "{RawFileName}".
             This reference is not "CopyLocal" because at least one source item had "Private" set to "false" and no source items had "Private" set to "true".
             The ImageRuntimeVersion for this reference is "".
         Primary reference "System.Security.Principal.Windows, Version=8.0.0.0, Culture=neutral, PublicKeyToken=b03f5f7f11d50a3a".
             Resolved file path is "/usr/share/dotnet/packs/Microsoft.NETCore.App.Ref/8.0.21/ref/net8.0/System.Security.Principal.Windows.dll".
             Reference found at search path location "{RawFileName}".
             This reference is not "CopyLocal" because at least one source item had "Private" set to "false" and no source items had "Private" set to "true".
             The ImageRuntimeVersion for this reference is "".
         Primary reference "System.Security.Principal, Version=8.0.0.0, Culture=neutral, PublicKeyToken=b03f5f7f11d50a3a".
             Resolved file path is "/usr/share/dotnet/packs/Microsoft.NETCore.App.Ref/8.0.21/ref/net8.0/System.Security.Principal.dll".
             Reference found at search path location "{RawFileName}".
             This reference is not "CopyLocal" because at least one source item had "Private" set to "false" and no source items had "Private" set to "true".
             The ImageRuntimeVersion for this reference is "".
         Primary reference "System.Security.SecureString, Version=8.0.0.0, Culture=neutral, PublicKeyToken=b03f5f7f11d50a3a".
             Resolved file path is "/usr/share/dotnet/packs/Microsoft.NETCore.App.Ref/8.0.21/ref/net8.0/System.Security.SecureString.dll".
             Reference found at search path location "{RawFileName}".
             This reference is not "CopyLocal" because at least one source item had "Private" set to "false" and no source items had "Private" set to "true".
             The ImageRuntimeVersion for this reference is "".
         Primary reference "System.Security, Version=4.0.0.0, Culture=neutral, PublicKeyToken=b03f5f7f11d50a3a".
             Resolved file path is "/usr/share/dotnet/packs/Microsoft.NETCore.App.Ref/8.0.21/ref/net8.0/System.Security.dll".
             Reference found at search path location "{RawFileName}".
             This reference is not "CopyLocal" because at least one source item had "Private" set to "false" and no source items had "Private" set to "true".
             The ImageRuntimeVersion for this reference is "".
         Primary reference "System.ServiceModel.Web, Version=4.0.0.0, Culture=neutral, PublicKeyToken=31bf3856ad364e35".
             Resolved file path is "/usr/share/dotnet/packs/Microsoft.NETCore.App.Ref/8.0.21/ref/net8.0/System.ServiceModel.Web.dll".
             Reference found at search path location "{RawFileName}".
             This reference is not "CopyLocal" because at least one source item had "Private" set to "false" and no source items had "Private" set to "true".
             The ImageRuntimeVersion for this reference is "".
         Primary reference "System.ServiceProcess, Version=4.0.0.0, Culture=neutral, PublicKeyToken=b03f5f7f11d50a3a".
             Resolved file path is "/usr/share/dotnet/packs/Microsoft.NETCore.App.Ref/8.0.21/ref/net8.0/System.ServiceProcess.dll".
             Reference found at search path location "{RawFileName}".
             This reference is not "CopyLocal" because at least one source item had "Private" set to "false" and no source items had "Private" set to "true".
             The ImageRuntimeVersion for this reference is "".
         Primary reference "System.Text.Encoding.CodePages, Version=8.0.0.0, Culture=neutral, PublicKeyToken=b03f5f7f11d50a3a".
             Resolved file path is "/usr/share/dotnet/packs/Microsoft.NETCore.App.Ref/8.0.21/ref/net8.0/System.Text.Encoding.CodePages.dll".
             Reference found at search path location "{RawFileName}".
             This reference is not "CopyLocal" because at least one source item had "Private" set to "false" and no source items had "Private" set to "true".
             The ImageRuntimeVersion for this reference is "".
         Primary reference "System.Text.Encoding.Extensions, Version=8.0.0.0, Culture=neutral, PublicKeyToken=b03f5f7f11d50a3a".
             Resolved file path is "/usr/share/dotnet/packs/Microsoft.NETCore.App.Ref/8.0.21/ref/net8.0/System.Text.Encoding.Extensions.dll".
             Reference found at search path location "{RawFileName}".
             This reference is not "CopyLocal" because at least one source item had "Private" set to "false" and no source items had "Private" set to "true".
             The ImageRuntimeVersion for this reference is "".
         Primary reference "System.Text.Encoding, Version=8.0.0.0, Culture=neutral, PublicKeyToken=b03f5f7f11d50a3a".
             Resolved file path is "/usr/share/dotnet/packs/Microsoft.NETCore.App.Ref/8.0.21/ref/net8.0/System.Text.Encoding.dll".
             Reference found at search path location "{RawFileName}".
             This reference is not "CopyLocal" because at least one source item had "Private" set to "false" and no source items had "Private" set to "true".
             The ImageRuntimeVersion for this reference is "".
         Primary reference "System.Text.Encodings.Web, Version=8.0.0.0, Culture=neutral, PublicKeyToken=cc7b13ffcd2ddd51".
             Resolved file path is "/usr/share/dotnet/packs/Microsoft.NETCore.App.Ref/8.0.21/ref/net8.0/System.Text.Encodings.Web.dll".
             Reference found at search path location "{RawFileName}".
             This reference is not "CopyLocal" because at least one source item had "Private" set to "false" and no source items had "Private" set to "true".
             The ImageRuntimeVersion for this reference is "".
         Primary reference "System.Text.Json, Version=8.0.0.0, Culture=neutral, PublicKeyToken=cc7b13ffcd2ddd51".
             Resolved file path is "/usr/share/dotnet/packs/Microsoft.NETCore.App.Ref/8.0.21/ref/net8.0/System.Text.Json.dll".
             Reference found at search path location "{RawFileName}".
             This reference is not "CopyLocal" because at least one source item had "Private" set to "false" and no source items had "Private" set to "true".
             The ImageRuntimeVersion for this reference is "".
         Primary reference "System.Text.RegularExpressions, Version=8.0.0.0, Culture=neutral, PublicKeyToken=b03f5f7f11d50a3a".
             Resolved file path is "/usr/share/dotnet/packs/Microsoft.NETCore.App.Ref/8.0.21/ref/net8.0/System.Text.RegularExpressions.dll".
             Reference found at search path location "{RawFileName}".
             This reference is not "CopyLocal" because at least one source item had "Private" set to "false" and no source items had "Private" set to "true".
             The ImageRuntimeVersion for this reference is "".
         Primary reference "System.Threading.Channels, Version=8.0.0.0, Culture=neutral, PublicKeyToken=cc7b13ffcd2ddd51".
             Resolved file path is "/usr/share/dotnet/packs/Microsoft.NETCore.App.Ref/8.0.21/ref/net8.0/System.Threading.Channels.dll".
             Reference found at search path location "{RawFileName}".
             This reference is not "CopyLocal" because at least one source item had "Private" set to "false" and no source items had "Private" set to "true".
             The ImageRuntimeVersion for this reference is "".
         Primary reference "System.Threading.Overlapped, Version=8.0.0.0, Culture=neutral, PublicKeyToken=b03f5f7f11d50a3a".
             Resolved file path is "/usr/share/dotnet/packs/Microsoft.NETCore.App.Ref/8.0.21/ref/net8.0/System.Threading.Overlapped.dll".
             Reference found at search path location "{RawFileName}".
             This reference is not "CopyLocal" because at least one source item had "Private" set to "false" and no source items had "Private" set to "true".
             The ImageRuntimeVersion for this reference is "".
         Primary reference "System.Threading.Tasks.Dataflow, Version=8.0.0.0, Culture=neutral, PublicKeyToken=b03f5f7f11d50a3a".
             Resolved file path is "/usr/share/dotnet/packs/Microsoft.NETCore.App.Ref/8.0.21/ref/net8.0/System.Threading.Tasks.Dataflow.dll".
             Reference found at search path location "{RawFileName}".
             This reference is not "CopyLocal" because at least one source item had "Private" set to "false" and no source items had "Private" set to "true".
             The ImageRuntimeVersion for this reference is "".
         Primary reference "System.Threading.Tasks.Extensions, Version=8.0.0.0, Culture=neutral, PublicKeyToken=cc7b13ffcd2ddd51".
             Resolved file path is "/usr/share/dotnet/packs/Microsoft.NETCore.App.Ref/8.0.21/ref/net8.0/System.Threading.Tasks.Extensions.dll".
             Reference found at search path location "{RawFileName}".
             This reference is not "CopyLocal" because at least one source item had "Private" set to "false" and no source items had "Private" set to "true".
             The ImageRuntimeVersion for this reference is "".
         Primary reference "System.Threading.Tasks.Parallel, Version=8.0.0.0, Culture=neutral, PublicKeyToken=b03f5f7f11d50a3a".
             Resolved file path is "/usr/share/dotnet/packs/Microsoft.NETCore.App.Ref/8.0.21/ref/net8.0/System.Threading.Tasks.Parallel.dll".
             Reference found at search path location "{RawFileName}".
             This reference is not "CopyLocal" because at least one source item had "Private" set to "false" and no source items had "Private" set to "true".
             The ImageRuntimeVersion for this reference is "".
         Primary reference "System.Threading.Tasks, Version=8.0.0.0, Culture=neutral, PublicKeyToken=b03f5f7f11d50a3a".
             Resolved file path is "/usr/share/dotnet/packs/Microsoft.NETCore.App.Ref/8.0.21/ref/net8.0/System.Threading.Tasks.dll".
             Reference found at search path location "{RawFileName}".
             This reference is not "CopyLocal" because at least one source item had "Private" set to "false" and no source items had "Private" set to "true".
             The ImageRuntimeVersion for this reference is "".
         Primary reference "System.Threading.Thread, Version=8.0.0.0, Culture=neutral, PublicKeyToken=b03f5f7f11d50a3a".
             Resolved file path is "/usr/share/dotnet/packs/Microsoft.NETCore.App.Ref/8.0.21/ref/net8.0/System.Threading.Thread.dll".
             Reference found at search path location "{RawFileName}".
             This reference is not "CopyLocal" because at least one source item had "Private" set to "false" and no source items had "Private" set to "true".
             The ImageRuntimeVersion for this reference is "".
         Primary reference "System.Threading.ThreadPool, Version=8.0.0.0, Culture=neutral, PublicKeyToken=b03f5f7f11d50a3a".
             Resolved file path is "/usr/share/dotnet/packs/Microsoft.NETCore.App.Ref/8.0.21/ref/net8.0/System.Threading.ThreadPool.dll".
             Reference found at search path location "{RawFileName}".
             This reference is not "CopyLocal" because at least one source item had "Private" set to "false" and no source items had "Private" set to "true".
             The ImageRuntimeVersion for this reference is "".
         Primary reference "System.Threading.Timer, Version=8.0.0.0, Culture=neutral, PublicKeyToken=b03f5f7f11d50a3a".
             Resolved file path is "/usr/share/dotnet/packs/Microsoft.NETCore.App.Ref/8.0.21/ref/net8.0/System.Threading.Timer.dll".
             Reference found at search path location "{RawFileName}".
             This reference is not "CopyLocal" because at least one source item had "Private" set to "false" and no source items had "Private" set to "true".
             The ImageRuntimeVersion for this reference is "".
         Primary reference "System.Threading, Version=8.0.0.0, Culture=neutral, PublicKeyToken=b03f5f7f11d50a3a".
             Resolved file path is "/usr/share/dotnet/packs/Microsoft.NETCore.App.Ref/8.0.21/ref/net8.0/System.Threading.dll".
             Reference found at search path location "{RawFileName}".
             This reference is not "CopyLocal" because at least one source item had "Private" set to "false" and no source items had "Private" set to "true".
             The ImageRuntimeVersion for this reference is "".
         Primary reference "System.Transactions.Local, Version=8.0.0.0, Culture=neutral, PublicKeyToken=cc7b13ffcd2ddd51".
             Resolved file path is "/usr/share/dotnet/packs/Microsoft.NETCore.App.Ref/8.0.21/ref/net8.0/System.Transactions.Local.dll".
             Reference found at search path location "{RawFileName}".
             This reference is not "CopyLocal" because at least one source item had "Private" set to "false" and no source items had "Private" set to "true".
             The ImageRuntimeVersion for this reference is "".
         Primary reference "System.Transactions, Version=4.0.0.0, Culture=neutral, PublicKeyToken=b77a5c561934e089".
             Resolved file path is "/usr/share/dotnet/packs/Microsoft.NETCore.App.Ref/8.0.21/ref/net8.0/System.Transactions.dll".
             Reference found at search path location "{RawFileName}".
             This reference is not "CopyLocal" because at least one source item had "Private" set to "false" and no source items had "Private" set to "true".
             The ImageRuntimeVersion for this reference is "".
         Primary reference "System.ValueTuple, Version=8.0.0.0, Culture=neutral, PublicKeyToken=cc7b13ffcd2ddd51".
             Resolved file path is "/usr/share/dotnet/packs/Microsoft.NETCore.App.Ref/8.0.21/ref/net8.0/System.ValueTuple.dll".
             Reference found at search path location "{RawFileName}".
             This reference is not "CopyLocal" because at least one source item had "Private" set to "false" and no source items had "Private" set to "true".
             The ImageRuntimeVersion for this reference is "".
         Primary reference "System.Web.HttpUtility, Version=8.0.0.0, Culture=neutral, PublicKeyToken=cc7b13ffcd2ddd51".
             Resolved file path is "/usr/share/dotnet/packs/Microsoft.NETCore.App.Ref/8.0.21/ref/net8.0/System.Web.HttpUtility.dll".
             Reference found at search path location "{RawFileName}".
             This reference is not "CopyLocal" because at least one source item had "Private" set to "false" and no source items had "Private" set to "true".
             The ImageRuntimeVersion for this reference is "".
         Primary reference "System.Web, Version=4.0.0.0, Culture=neutral, PublicKeyToken=b03f5f7f11d50a3a".
             Resolved file path is "/usr/share/dotnet/packs/Microsoft.NETCore.App.Ref/8.0.21/ref/net8.0/System.Web.dll".
             Reference found at search path location "{RawFileName}".
             This reference is not "CopyLocal" because at least one source item had "Private" set to "false" and no source items had "Private" set to "true".
             The ImageRuntimeVersion for this reference is "".
         Primary reference "System.Windows, Version=4.0.0.0, Culture=neutral, PublicKeyToken=b03f5f7f11d50a3a".
             Resolved file path is "/usr/share/dotnet/packs/Microsoft.NETCore.App.Ref/8.0.21/ref/net8.0/System.Windows.dll".
             Reference found at search path location "{RawFileName}".
             This reference is not "CopyLocal" because at least one source item had "Private" set to "false" and no source items had "Private" set to "true".
             The ImageRuntimeVersion for this reference is "".
         Primary reference "System.Xml.Linq, Version=4.0.0.0, Culture=neutral, PublicKeyToken=b77a5c561934e089".
             Resolved file path is "/usr/share/dotnet/packs/Microsoft.NETCore.App.Ref/8.0.21/ref/net8.0/System.Xml.Linq.dll".
             Reference found at search path location "{RawFileName}".
             This reference is not "CopyLocal" because at least one source item had "Private" set to "false" and no source items had "Private" set to "true".
             The ImageRuntimeVersion for this reference is "".
         Primary reference "System.Xml.ReaderWriter, Version=8.0.0.0, Culture=neutral, PublicKeyToken=b03f5f7f11d50a3a".
             Resolved file path is "/usr/share/dotnet/packs/Microsoft.NETCore.App.Ref/8.0.21/ref/net8.0/System.Xml.ReaderWriter.dll".
             Reference found at search path location "{RawFileName}".
             This reference is not "CopyLocal" because at least one source item had "Private" set to "false" and no source items had "Private" set to "true".
             The ImageRuntimeVersion for this reference is "".
         Primary reference "System.Xml.Serialization, Version=4.0.0.0, Culture=neutral, PublicKeyToken=b77a5c561934e089".
             Resolved file path is "/usr/share/dotnet/packs/Microsoft.NETCore.App.Ref/8.0.21/ref/net8.0/System.Xml.Serialization.dll".
             Reference found at search path location "{RawFileName}".
             This reference is not "CopyLocal" because at least one source item had "Private" set to "false" and no source items had "Private" set to "true".
             The ImageRuntimeVersion for this reference is "".
         Primary reference "System.Xml.XDocument, Version=8.0.0.0, Culture=neutral, PublicKeyToken=b03f5f7f11d50a3a".
             Resolved file path is "/usr/share/dotnet/packs/Microsoft.NETCore.App.Ref/8.0.21/ref/net8.0/System.Xml.XDocument.dll".
             Reference found at search path location "{RawFileName}".
             This reference is not "CopyLocal" because at least one source item had "Private" set to "false" and no source items had "Private" set to "true".
             The ImageRuntimeVersion for this reference is "".
         Primary reference "System.Xml.XPath.XDocument, Version=8.0.0.0, Culture=neutral, PublicKeyToken=b03f5f7f11d50a3a".
             Resolved file path is "/usr/share/dotnet/packs/Microsoft.NETCore.App.Ref/8.0.21/ref/net8.0/System.Xml.XPath.XDocument.dll".
             Reference found at search path location "{RawFileName}".
             This reference is not "CopyLocal" because at least one source item had "Private" set to "false" and no source items had "Private" set to "true".
             The ImageRuntimeVersion for this reference is "".
         Primary reference "System.Xml.XPath, Version=8.0.0.0, Culture=neutral, PublicKeyToken=b03f5f7f11d50a3a".
             Resolved file path is "/usr/share/dotnet/packs/Microsoft.NETCore.App.Ref/8.0.21/ref/net8.0/System.Xml.XPath.dll".
             Reference found at search path location "{RawFileName}".
             This reference is not "CopyLocal" because at least one source item had "Private" set to "false" and no source items had "Private" set to "true".
             The ImageRuntimeVersion for this reference is "".
         Primary reference "System.Xml.XmlDocument, Version=8.0.0.0, Culture=neutral, PublicKeyToken=b03f5f7f11d50a3a".
             Resolved file path is "/usr/share/dotnet/packs/Microsoft.NETCore.App.Ref/8.0.21/ref/net8.0/System.Xml.XmlDocument.dll".
             Reference found at search path location "{RawFileName}".
             This reference is not "CopyLocal" because at least one source item had "Private" set to "false" and no source items had "Private" set to "true".
             The ImageRuntimeVersion for this reference is "".
         Primary reference "System.Xml.XmlSerializer, Version=8.0.0.0, Culture=neutral, PublicKeyToken=b03f5f7f11d50a3a".
             Resolved file path is "/usr/share/dotnet/packs/Microsoft.NETCore.App.Ref/8.0.21/ref/net8.0/System.Xml.XmlSerializer.dll".
             Reference found at search path location "{RawFileName}".
             This reference is not "CopyLocal" because at least one source item had "Private" set to "false" and no source items had "Private" set to "true".
             The ImageRuntimeVersion for this reference is "".
         Primary reference "System.Xml, Version=4.0.0.0, Culture=neutral, PublicKeyToken=b77a5c561934e089".
             Resolved file path is "/usr/share/dotnet/packs/Microsoft.NETCore.App.Ref/8.0.21/ref/net8.0/System.Xml.dll".
             Reference found at search path location "{RawFileName}".
             This reference is not "CopyLocal" because at least one source item had "Private" set to "false" and no source items had "Private" set to "true".
             The ImageRuntimeVersion for this reference is "".
         Primary reference "System, Version=4.0.0.0, Culture=neutral, PublicKeyToken=b77a5c561934e089".
             Resolved file path is "/usr/share/dotnet/packs/Microsoft.NETCore.App.Ref/8.0.21/ref/net8.0/System.dll".
             Reference found at search path location "{RawFileName}".
             This reference is not "CopyLocal" because at least one source item had "Private" set to "false" and no source items had "Private" set to "true".
             The ImageRuntimeVersion for this reference is "".
         Primary reference "WindowsBase, Version=4.0.0.0, Culture=neutral, PublicKeyToken=31bf3856ad364e35".
             Resolved file path is "/usr/share/dotnet/packs/Microsoft.NETCore.App.Ref/8.0.21/ref/net8.0/WindowsBase.dll".
             Reference found at search path location "{RawFileName}".
             This reference is not "CopyLocal" because at least one source item had "Private" set to "false" and no source items had "Private" set to "true".
             The ImageRuntimeVersion for this reference is "".
         Primary reference "mscorlib, Version=4.0.0.0, Culture=neutral, PublicKeyToken=b77a5c561934e089".
             Resolved file path is "/usr/share/dotnet/packs/Microsoft.NETCore.App.Ref/8.0.21/ref/net8.0/mscorlib.dll".
             Reference found at search path location "{RawFileName}".
             This reference is not "CopyLocal" because at least one source item had "Private" set to "false" and no source items had "Private" set to "true".
             The ImageRuntimeVersion for this reference is "".
         Primary reference "netstandard, Version=2.1.0.0, Culture=neutral, PublicKeyToken=cc7b13ffcd2ddd51".
             Resolved file path is "/usr/share/dotnet/packs/Microsoft.NETCore.App.Ref/8.0.21/ref/net8.0/netstandard.dll".
             Reference found at search path location "{RawFileName}".
             This reference is not "CopyLocal" because at least one source item had "Private" set to "false" and no source items had "Private" set to "true".
             The ImageRuntimeVersion for this reference is "".
       Done executing task "ResolveAssemblyReference".
   2:8>Done building target "ResolveAssemblyReferences" in project "KChief.VesselControl.csproj".
       Target "GenerateBindingRedirects" skipped, due to false condition; ('$(AutoGenerateBindingRedirects)' == 'true' and '$(GenerateBindingRedirectsOutputType)' == 'true' and '@(SuggestedBindingRedirects)' != '' and '$(DesignTimeBuild)' != 'true' and '$(BuildingProject)' == 'true') was evaluated as ('' == 'true' and '' == 'true' and '' != '' and '' != 'true' and 'true' == 'true').
       Target "GenerateSupportedRuntime" skipped, due to false condition; ('$(GenerateSupportedRuntime)' != 'false' and '$(TargetFrameworkIdentifier)' == '.NETFramework' and '$(HasRuntimeOutput)' == 'true') was evaluated as ('' != 'false' and '.NETCoreApp' == '.NETFramework' and '' == 'true').
       Target "GenerateBindingRedirectsUpdateAppConfig" skipped, due to false condition; ('$(AutoGenerateBindingRedirects)' == 'true' and '$(GenerateBindingRedirectsOutputType)' == 'true') was evaluated as ('' == 'true' and '' == 'true').
       Target "ResolveComReferences" skipped, due to false condition; ('@(COMReference)'!='' or '@(COMFileReference)'!='') was evaluated as (''!='' or ''!='').
   2:8>Target "AfterResolveReferences" in file "/usr/share/dotnet/sdk/8.0.415/Microsoft.Common.CurrentVersion.targets" from project "/home/saidul/Desktop/K-Chief Marine Automation Platform/src/KChief.VesselControl/KChief.VesselControl.csproj" (target "ResolveReferences" depends on it):
   2:8>Done building target "AfterResolveReferences" in project "KChief.VesselControl.csproj".
   2:8>Target "ResolveReferences" in file "/usr/share/dotnet/sdk/8.0.415/Microsoft.Common.CurrentVersion.targets" from project "/home/saidul/Desktop/K-Chief Marine Automation Platform/src/KChief.VesselControl/KChief.VesselControl.csproj" (target "_BlockWinMDsOnUnsupportedTFMs" depends on it):
   2:8>Done building target "ResolveReferences" in project "KChief.VesselControl.csproj".
   2:8>Target "_BlockWinMDsOnUnsupportedTFMs" in file "/usr/share/dotnet/sdk/8.0.415/Sdks/Microsoft.NET.Sdk/targets/Microsoft.NET.Sdk.targets" from project "/home/saidul/Desktop/K-Chief Marine Automation Platform/src/KChief.VesselControl/KChief.VesselControl.csproj" (target "CoreBuild" depends on it):
       Using "CheckForUnsupportedWinMDReferences" task from assembly "/usr/share/dotnet/sdk/8.0.415/Sdks/Microsoft.NET.Sdk/targets/../tools/net8.0/Microsoft.NET.Build.Tasks.dll".
       Task "CheckForUnsupportedWinMDReferences"
       Done executing task "CheckForUnsupportedWinMDReferences".
       Task "NETSdkError" skipped, due to false condition; ('$(OutputType)' == 'winmdobj') was evaluated as ('Library' == 'winmdobj').
   2:8>Done building target "_BlockWinMDsOnUnsupportedTFMs" in project "KChief.VesselControl.csproj".
       Target "ResolveReferences" skipped. Previously built successfully.
       Target "ResolvePackageDependenciesForBuild" skipped. Previously built successfully.
       Target "_HandlePackageFileConflicts" skipped. Previously built successfully.
   2:8>Target "CopyAdditionalFiles" in file "/usr/share/dotnet/sdk/8.0.415/Roslyn/Microsoft.Managed.Core.targets" from project "/home/saidul/Desktop/K-Chief Marine Automation Platform/src/KChief.VesselControl/KChief.VesselControl.csproj" (target "AssignTargetPaths" depends on it):
   2:8>Done building target "CopyAdditionalFiles" in project "KChief.VesselControl.csproj".
       Target "_ChooseAppHost" skipped, due to false condition; ('$(UseAppHost)' == 'true' and '$(_IsExecutable)' == 'true') was evaluated as ('' == 'true' and '' == 'true').
       Target "_GetComHostPaths" skipped, due to false condition; ('$(EnableComHosting)' == 'true' and '$(_IsExecutable)' != 'true') was evaluated as ('' == 'true' and '' != 'true').
       Target "_GetIjwHostPaths" skipped, due to false condition; ('$(UseIJWHost)' == 'true') was evaluated as ('' == 'true').
   2:8>Target "_ComputeNETCoreBuildOutputFiles" in file "/usr/share/dotnet/sdk/8.0.415/Sdks/Microsoft.NET.Sdk/targets/Microsoft.NET.Sdk.targets" from project "/home/saidul/Desktop/K-Chief Marine Automation Platform/src/KChief.VesselControl/KChief.VesselControl.csproj" (target "AssignTargetPaths" depends on it):
   2:8>Done building target "_ComputeNETCoreBuildOutputFiles" in project "KChief.VesselControl.csproj".
   2:8>Target "AssignTargetPaths" in file "/usr/share/dotnet/sdk/8.0.415/Microsoft.Common.CurrentVersion.targets" from project "/home/saidul/Desktop/K-Chief Marine Automation Platform/src/KChief.VesselControl/KChief.VesselControl.csproj" (target "PrepareResourceNames" depends on it):
       Using "AssignTargetPath" task from assembly "Microsoft.Build.Tasks.Core, Version=15.1.0.0, Culture=neutral, PublicKeyToken=b03f5f7f11d50a3a".
       Task "AssignTargetPath"
       Done executing task "AssignTargetPath".
       Task "AssignTargetPath"
       Done executing task "AssignTargetPath".
       Task "AssignTargetPath"
       Done executing task "AssignTargetPath".
       Task "AssignTargetPath"
       Done executing task "AssignTargetPath".
       Task "AssignTargetPath" skipped, due to false condition; ('@(_DeploymentBaseManifestWithTargetPath)'=='' and '%(None.Extension)'=='.manifest') was evaluated as (''=='' and ''=='.manifest').
   2:8>Done building target "AssignTargetPaths" in project "KChief.VesselControl.csproj".
       Target "AssignTargetPaths" skipped. Previously built successfully.
   2:8>Target "SplitResourcesByCulture" in file "/usr/share/dotnet/sdk/8.0.415/Microsoft.Common.CurrentVersion.targets" from project "/home/saidul/Desktop/K-Chief Marine Automation Platform/src/KChief.VesselControl/KChief.VesselControl.csproj" (target "PrepareResourceNames" depends on it):
       Task "Warning" skipped, due to false condition; ('@(ResxWithNoCulture)'!='') was evaluated as (''!='').
       Task "Warning" skipped, due to false condition; ('@(ResxWithCulture)'!='') was evaluated as (''!='').
       Task "Warning" skipped, due to false condition; ('@(NonResxWithCulture)'!='') was evaluated as (''!='').
       Task "Warning" skipped, due to false condition; ('@(NonResxWithNoCulture)'!='') was evaluated as (''!='').
       Using "AssignCulture" task from assembly "Microsoft.Build.Tasks.Core, Version=15.1.0.0, Culture=neutral, PublicKeyToken=b03f5f7f11d50a3a".
       Task "AssignCulture"
       Done executing task "AssignCulture".
   2:8>Done building target "SplitResourcesByCulture" in project "KChief.VesselControl.csproj".
       Target "CreateManifestResourceNames" skipped, due to false condition; ('@(EmbeddedResource)' != '') was evaluated as ('' != '').
   2:8>Target "CreateCustomManifestResourceNames" in file "/usr/share/dotnet/sdk/8.0.415/Microsoft.Common.CurrentVersion.targets" from project "/home/saidul/Desktop/K-Chief Marine Automation Platform/src/KChief.VesselControl/KChief.VesselControl.csproj" (target "PrepareResourceNames" depends on it):
   2:8>Done building target "CreateCustomManifestResourceNames" in project "KChief.VesselControl.csproj".
   2:8>Target "PrepareResourceNames" in file "/usr/share/dotnet/sdk/8.0.415/Microsoft.Common.CurrentVersion.targets" from project "/home/saidul/Desktop/K-Chief Marine Automation Platform/src/KChief.VesselControl/KChief.VesselControl.csproj" (target "PrepareResources" depends on it):
   2:8>Done building target "PrepareResourceNames" in project "KChief.VesselControl.csproj".
       Target "ResolveAssemblyReferences" skipped. Previously built successfully.
       Target "SplitResourcesByCulture" skipped. Previously built successfully.
   2:8>Target "BeforeResGen" in file "/usr/share/dotnet/sdk/8.0.415/Microsoft.Common.CurrentVersion.targets" from project "/home/saidul/Desktop/K-Chief Marine Automation Platform/src/KChief.VesselControl/KChief.VesselControl.csproj" (target "ResGen" depends on it):
   2:8>Done building target "BeforeResGen" in project "KChief.VesselControl.csproj".
       Target "ResolveReferences" skipped. Previously built successfully.
   2:8>Target "FindReferenceAssembliesForReferences" in file "/usr/share/dotnet/sdk/8.0.415/Microsoft.Common.CurrentVersion.targets" from project "/home/saidul/Desktop/K-Chief Marine Automation Platform/src/KChief.VesselControl/KChief.VesselControl.csproj" (target "CoreResGen" depends on it):
   2:8>Done building target "FindReferenceAssembliesForReferences" in project "KChief.VesselControl.csproj".
   2:8>Target "CoreResGen" in file "/usr/share/dotnet/sdk/8.0.415/Microsoft.Common.CurrentVersion.targets" from project "/home/saidul/Desktop/K-Chief Marine Automation Platform/src/KChief.VesselControl/KChief.VesselControl.csproj" (target "ResGen" depends on it):
       Task "GenerateResource" skipped, due to false condition; ('%(EmbeddedResource.Type)' == 'Resx' and '%(EmbeddedResource.GenerateResource)' != 'false' and '$(GenerateResourceMSBuildRuntime)' != 'CLR2') was evaluated as ('' == 'Resx' and '' != 'false' and 'CurrentRuntime' != 'CLR2').
       Task "GenerateResource" skipped, due to false condition; ('%(EmbeddedResource.Type)' == 'Resx' and '%(EmbeddedResource.GenerateResource)' != 'false' and '$(GenerateResourceMSBuildRuntime)' == 'CLR2') was evaluated as ('' == 'Resx' and '' != 'false' and 'CurrentRuntime' == 'CLR2').
   2:8>Done building target "CoreResGen" in project "KChief.VesselControl.csproj".
   2:8>Target "AfterResGen" in file "/usr/share/dotnet/sdk/8.0.415/Microsoft.Common.CurrentVersion.targets" from project "/home/saidul/Desktop/K-Chief Marine Automation Platform/src/KChief.VesselControl/KChief.VesselControl.csproj" (target "ResGen" depends on it):
   2:8>Done building target "AfterResGen" in project "KChief.VesselControl.csproj".
   2:8>Target "ResGen" in file "/usr/share/dotnet/sdk/8.0.415/Microsoft.Common.CurrentVersion.targets" from project "/home/saidul/Desktop/K-Chief Marine Automation Platform/src/KChief.VesselControl/KChief.VesselControl.csproj" (target "PrepareResources" depends on it):
   2:8>Done building target "ResGen" in project "KChief.VesselControl.csproj".
       Target "CompileLicxFiles" skipped, due to false condition; ('@(_LicxFile)'!='') was evaluated as (''!='').
   2:8>Target "PrepareResources" in file "/usr/share/dotnet/sdk/8.0.415/Microsoft.Common.CurrentVersion.targets" from project "/home/saidul/Desktop/K-Chief Marine Automation Platform/src/KChief.VesselControl/KChief.VesselControl.csproj" (target "CoreBuild" depends on it):
   2:8>Done building target "PrepareResources" in project "KChief.VesselControl.csproj".
       Target "ResolveKeySource" skipped, due to false condition; ($(SignManifests) == 'true' or $(SignAssembly) == 'true') was evaluated as ( == 'true' or false == 'true').
       Target "ResolveReferences" skipped. Previously built successfully.
       Target "ResolveKeySource" skipped, due to false condition; ($(SignManifests) == 'true' or $(SignAssembly) == 'true') was evaluated as ( == 'true' or false == 'true').
       Target "ResolveComReferences" skipped, due to false condition; ('@(COMReference)'!='' or '@(COMFileReference)'!='') was evaluated as (''!='' or ''!='').
       Target "ResolveNativeReferences" skipped, due to false condition; ('@(NativeReference)'!='') was evaluated as (''!='').
       Target "_SetExternalWin32ManifestProperties" skipped, due to false condition; ('$(GenerateClickOnceManifests)'=='true' or '@(NativeReference)'!='' or '@(ResolvedIsolatedComModules)'!='') was evaluated as (''=='true' or ''!='' or ''!='').
   2:8>Target "_SetEmbeddedWin32ManifestProperties" in file "/usr/share/dotnet/sdk/8.0.415/Microsoft.Common.CurrentVersion.targets" from project "/home/saidul/Desktop/K-Chief Marine Automation Platform/src/KChief.VesselControl/KChief.VesselControl.csproj" (target "SetWin32ManifestProperties" depends on it):
       Using "GetFrameworkPath" task from assembly "Microsoft.Build.Tasks.Core, Version=15.1.0.0, Culture=neutral, PublicKeyToken=b03f5f7f11d50a3a".
       Task "GetFrameworkPath"
       Done executing task "GetFrameworkPath".
   2:8>Done building target "_SetEmbeddedWin32ManifestProperties" in project "KChief.VesselControl.csproj".
   2:8>Target "SetWin32ManifestProperties" in file "/usr/share/dotnet/sdk/8.0.415/Microsoft.Common.CurrentVersion.targets" from project "/home/saidul/Desktop/K-Chief Marine Automation Platform/src/KChief.VesselControl/KChief.VesselControl.csproj" (target "Compile" depends on it):
   2:8>Done building target "SetWin32ManifestProperties" in project "KChief.VesselControl.csproj".
       Target "_SetPreferNativeArm64Win32ManifestProperties" skipped, due to false condition; ( '$(PreferNativeArm64)'=='true' and '$(NoWin32Manifest)'!='true') was evaluated as ( ''=='true' and ''!='true').
       Target "FindReferenceAssembliesForReferences" skipped. Previously built successfully.
   2:8>Target "_GenerateCompileInputs" in file "/usr/share/dotnet/sdk/8.0.415/Microsoft.Common.CurrentVersion.targets" from project "/home/saidul/Desktop/K-Chief Marine Automation Platform/src/KChief.VesselControl/KChief.VesselControl.csproj" (target "Compile" depends on it):
       Task "Warning" skipped, due to false condition; ('@(ManifestResourceWithNoCulture)'!='' and '%(ManifestResourceWithNoCulture.EmittedForCompatibilityOnly)'=='') was evaluated as (''!='' and ''=='').
       Task "Warning" skipped, due to false condition; ('@(ManifestNonResxWithNoCultureOnDisk)'!='' and '%(ManifestNonResxWithNoCultureOnDisk.EmittedForCompatibilityOnly)'=='') was evaluated as (''!='' and ''=='').
   2:8>Done building target "_GenerateCompileInputs" in project "KChief.VesselControl.csproj".
       Target "PrepareForBuild" skipped. Previously built successfully.
   2:8>Target "GenerateMSBuildEditorConfigFileShouldRun" in file "/usr/share/dotnet/sdk/8.0.415/Roslyn/Microsoft.Managed.Core.targets" from project "/home/saidul/Desktop/K-Chief Marine Automation Platform/src/KChief.VesselControl/KChief.VesselControl.csproj" (target "GenerateMSBuildEditorConfigFile" depends on it):
   2:8>Done building target "GenerateMSBuildEditorConfigFileShouldRun" in project "KChief.VesselControl.csproj".
   2:8>Target "GenerateMSBuildEditorConfigFileCore" in file "/usr/share/dotnet/sdk/8.0.415/Roslyn/Microsoft.Managed.Core.targets" from project "/home/saidul/Desktop/K-Chief Marine Automation Platform/src/KChief.VesselControl/KChief.VesselControl.csproj" (target "GenerateMSBuildEditorConfigFile" depends on it):
       Building target "GenerateMSBuildEditorConfigFileCore" completely.
       No input files were specified.
       Using "GenerateMSBuildEditorConfig" task from assembly "/usr/share/dotnet/sdk/8.0.415/Roslyn/Microsoft.Build.Tasks.CodeAnalysis.dll".
       Task "GenerateMSBuildEditorConfig"
       Done executing task "GenerateMSBuildEditorConfig".
   2:8>Done building target "GenerateMSBuildEditorConfigFileCore" in project "KChief.VesselControl.csproj".
   2:8>Target "GenerateMSBuildEditorConfigFile" in file "/usr/share/dotnet/sdk/8.0.415/Roslyn/Microsoft.Managed.Core.targets" from project "/home/saidul/Desktop/K-Chief Marine Automation Platform/src/KChief.VesselControl/KChief.VesselControl.csproj" (target "BeforeCompile" depends on it):
   2:8>Done building target "GenerateMSBuildEditorConfigFile" in project "KChief.VesselControl.csproj".
       Target "PrepareForBuild" skipped. Previously built successfully.
       Target "GetReferenceAssemblyPaths" skipped. Previously built successfully.
   2:8>Target "_SetTargetFrameworkMonikerAttribute" in file "/usr/share/dotnet/sdk/8.0.415/Microsoft.CSharp.CurrentVersion.targets" from project "/home/saidul/Desktop/K-Chief Marine Automation Platform/src/KChief.VesselControl/KChief.VesselControl.csproj" (target "GenerateTargetFrameworkMonikerAttribute" depends on it):
   2:8>Done building target "_SetTargetFrameworkMonikerAttribute" in project "KChief.VesselControl.csproj".
   2:8>Target "GenerateTargetFrameworkMonikerAttribute" in file "/usr/share/dotnet/sdk/8.0.415/Microsoft.Common.CurrentVersion.targets" from project "/home/saidul/Desktop/K-Chief Marine Automation Platform/src/KChief.VesselControl/KChief.VesselControl.csproj" (target "BeforeCompile" depends on it):
       Skipping target "GenerateTargetFrameworkMonikerAttribute" because all output files are up-to-date with respect to the input files.
       Input files: /usr/share/dotnet/sdk/8.0.415/Microsoft.Common.targets
       Output files: obj/Release/net8.0/.NETCoreApp,Version=v8.0.AssemblyAttributes.cs
   2:8>Done building target "GenerateTargetFrameworkMonikerAttribute" in project "KChief.VesselControl.csproj".
       Target "GenerateAdditionalSources" skipped, due to false condition; ('@(AssemblyAttributes)' != '' and '$(GenerateAdditionalSources)' == 'true') was evaluated as ('' != '' and '' == 'true').
       Target "PrepareForBuild" skipped. Previously built successfully.
   2:8>Target "GetAssemblyVersion" in file "/usr/share/dotnet/sdk/8.0.415/Sdks/Microsoft.NET.Sdk/targets/Microsoft.NET.GenerateAssemblyInfo.targets" from project "/home/saidul/Desktop/K-Chief Marine Automation Platform/src/KChief.VesselControl/KChief.VesselControl.csproj" (target "GetAssemblyAttributes" depends on it):
       Using "GetAssemblyVersion" task from assembly "/usr/share/dotnet/sdk/8.0.415/Sdks/Microsoft.NET.Sdk/targets/../tools/net8.0/Microsoft.NET.Build.Tasks.dll".
       Task "GetAssemblyVersion"
       Done executing task "GetAssemblyVersion".
   2:8>Done building target "GetAssemblyVersion" in project "KChief.VesselControl.csproj".
       Target "GetAssemblyVersion" skipped. Previously built successfully.
   2:8>Target "InitializeSourceControlInformationFromSourceControlManager" in file "/usr/share/dotnet/sdk/8.0.415/Sdks/Microsoft.Build.Tasks.Git/build/Microsoft.Build.Tasks.Git.targets" from project "/home/saidul/Desktop/K-Chief Marine Automation Platform/src/KChief.VesselControl/KChief.VesselControl.csproj" (target "_InitializeSourceControlInformationFromSourceControlManager" depends on it):
       Using "Microsoft.Build.Tasks.Git.LocateRepository" task from assembly "/usr/share/dotnet/sdk/8.0.415/Sdks/Microsoft.Build.Tasks.Git/build/../tools/core/Microsoft.Build.Tasks.Git.dll".
       Task "Microsoft.Build.Tasks.Git.LocateRepository"
         SourceLink: Repository instance not found in cache: '*:/home/saidul/Desktop/K-Chief Marine Automation Platform/.git'
       Done executing task "Microsoft.Build.Tasks.Git.LocateRepository".
   2:8>Done building target "InitializeSourceControlInformationFromSourceControlManager" in project "KChief.VesselControl.csproj".
   2:8>Target "_SourceLinkHasSingleProvider" in file "/usr/share/dotnet/sdk/8.0.415/Sdks/Microsoft.SourceLink.Common/build/InitializeSourceControlInformation.targets" from project "/home/saidul/Desktop/K-Chief Marine Automation Platform/src/KChief.VesselControl/KChief.VesselControl.csproj" (target "_InitializeSourceControlInformationFromSourceControlManager" depends on it):
       Using "Microsoft.SourceLink.Common.SourceLinkHasSingleProvider" task from assembly "/usr/share/dotnet/sdk/8.0.415/Sdks/Microsoft.SourceLink.Common/build/../tools/core/Microsoft.SourceLink.Common.dll".
       Task "Microsoft.SourceLink.Common.SourceLinkHasSingleProvider"
       Done executing task "Microsoft.SourceLink.Common.SourceLinkHasSingleProvider".
   2:8>Done building target "_SourceLinkHasSingleProvider" in project "KChief.VesselControl.csproj".
   2:8>Target "TranslateGitHubUrlsInSourceControlInformation" in file "/usr/share/dotnet/sdk/8.0.415/Sdks/Microsoft.SourceLink.GitHub/build/Microsoft.SourceLink.GitHub.targets" from project "/home/saidul/Desktop/K-Chief Marine Automation Platform/src/KChief.VesselControl/KChief.VesselControl.csproj" (target "_InitializeSourceControlInformationFromSourceControlManager" depends on it):
       Using "Microsoft.SourceLink.GitHub.TranslateRepositoryUrls" task from assembly "/usr/share/dotnet/sdk/8.0.415/Sdks/Microsoft.SourceLink.GitHub/build/../tools/core/Microsoft.SourceLink.GitHub.dll".
       Task "Microsoft.SourceLink.GitHub.TranslateRepositoryUrls"
       Done executing task "Microsoft.SourceLink.GitHub.TranslateRepositoryUrls".
   2:8>Done building target "TranslateGitHubUrlsInSourceControlInformation" in project "KChief.VesselControl.csproj".
   2:8>Target "TranslateGitLabUrlsInSourceControlInformation" in file "/usr/share/dotnet/sdk/8.0.415/Sdks/Microsoft.SourceLink.GitLab/build/Microsoft.SourceLink.GitLab.targets" from project "/home/saidul/Desktop/K-Chief Marine Automation Platform/src/KChief.VesselControl/KChief.VesselControl.csproj" (target "_InitializeSourceControlInformationFromSourceControlManager" depends on it):
       Using "Microsoft.SourceLink.GitLab.TranslateRepositoryUrls" task from assembly "/usr/share/dotnet/sdk/8.0.415/Sdks/Microsoft.SourceLink.GitLab/build/../tools/core/Microsoft.SourceLink.GitLab.dll".
       Task "Microsoft.SourceLink.GitLab.TranslateRepositoryUrls"
       Done executing task "Microsoft.SourceLink.GitLab.TranslateRepositoryUrls".
   2:8>Done building target "TranslateGitLabUrlsInSourceControlInformation" in project "KChief.VesselControl.csproj".
   2:8>Target "TranslateAzureReposGitUrlsInSourceControlInformation" in file "/usr/share/dotnet/sdk/8.0.415/Sdks/Microsoft.SourceLink.AzureRepos.Git/build/Microsoft.SourceLink.AzureRepos.Git.targets" from project "/home/saidul/Desktop/K-Chief Marine Automation Platform/src/KChief.VesselControl/KChief.VesselControl.csproj" (target "_InitializeSourceControlInformationFromSourceControlManager" depends on it):
       Using "Microsoft.SourceLink.AzureRepos.Git.TranslateRepositoryUrls" task from assembly "/usr/share/dotnet/sdk/8.0.415/Sdks/Microsoft.SourceLink.AzureRepos.Git/build/../tools/core/Microsoft.SourceLink.AzureRepos.Git.dll".
       Task "Microsoft.SourceLink.AzureRepos.Git.TranslateRepositoryUrls"
       Done executing task "Microsoft.SourceLink.AzureRepos.Git.TranslateRepositoryUrls".
   2:8>Done building target "TranslateAzureReposGitUrlsInSourceControlInformation" in project "KChief.VesselControl.csproj".
   2:8>Target "TranslateBitbucketGitUrlsInSourceControlInformation" in file "/usr/share/dotnet/sdk/8.0.415/Sdks/Microsoft.SourceLink.Bitbucket.Git/build/Microsoft.SourceLink.Bitbucket.Git.targets" from project "/home/saidul/Desktop/K-Chief Marine Automation Platform/src/KChief.VesselControl/KChief.VesselControl.csproj" (target "_InitializeSourceControlInformationFromSourceControlManager" depends on it):
       Using "Microsoft.SourceLink.Bitbucket.Git.TranslateRepositoryUrls" task from assembly "/usr/share/dotnet/sdk/8.0.415/Sdks/Microsoft.SourceLink.Bitbucket.Git/build/../tools/core/Microsoft.SourceLink.Bitbucket.Git.dll".
       Task "Microsoft.SourceLink.Bitbucket.Git.TranslateRepositoryUrls"
       Done executing task "Microsoft.SourceLink.Bitbucket.Git.TranslateRepositoryUrls".
   2:8>Done building target "TranslateBitbucketGitUrlsInSourceControlInformation" in project "KChief.VesselControl.csproj".
   2:8>Target "SourceControlManagerPublishTranslatedUrls" in file "/usr/share/dotnet/sdk/8.0.415/Sdks/Microsoft.SourceLink.Common/build/InitializeSourceControlInformation.targets" from project "/home/saidul/Desktop/K-Chief Marine Automation Platform/src/KChief.VesselControl/KChief.VesselControl.csproj" (target "_InitializeSourceControlInformationFromSourceControlManager" depends on it):
   2:8>Done building target "SourceControlManagerPublishTranslatedUrls" in project "KChief.VesselControl.csproj".
   2:8>Target "_InitializeSourceControlInformationFromSourceControlManager" in file "/usr/share/dotnet/sdk/8.0.415/Sdks/Microsoft.SourceLink.Common/build/InitializeSourceControlInformation.targets" from project "/home/saidul/Desktop/K-Chief Marine Automation Platform/src/KChief.VesselControl/KChief.VesselControl.csproj" (target "InitializeSourceControlInformation" depends on it):
   2:8>Done building target "_InitializeSourceControlInformationFromSourceControlManager" in project "KChief.VesselControl.csproj".
   2:8>Target "InitializeSourceControlInformation" in file "/usr/share/dotnet/sdk/8.0.415/Microsoft.Common.CurrentVersion.targets" from project "/home/saidul/Desktop/K-Chief Marine Automation Platform/src/KChief.VesselControl/KChief.VesselControl.csproj" (target "AddSourceRevisionToInformationalVersion" depends on it):
   2:8>Done building target "InitializeSourceControlInformation" in project "KChief.VesselControl.csproj".
   2:8>Target "AddSourceRevisionToInformationalVersion" in file "/usr/share/dotnet/sdk/8.0.415/Sdks/Microsoft.NET.Sdk/targets/Microsoft.NET.GenerateAssemblyInfo.targets" from project "/home/saidul/Desktop/K-Chief Marine Automation Platform/src/KChief.VesselControl/KChief.VesselControl.csproj" (target "GetAssemblyAttributes" depends on it):
   2:8>Done building target "AddSourceRevisionToInformationalVersion" in project "KChief.VesselControl.csproj".
       Target "_GetUserSecretsAssemblyAttribute" skipped, due to false condition; ( '$(UserSecretsId)' != '' AND '$(GenerateUserSecretsAttribute)' != 'false' AND '$(GeneratedUserSecretsAttributeFile)' == '' ) was evaluated as ( '' != '' AND '' != 'false' AND '' == '' ).
   2:8>Target "GetAssemblyAttributes" in file "/usr/share/dotnet/sdk/8.0.415/Sdks/Microsoft.NET.Sdk/targets/Microsoft.NET.GenerateAssemblyInfo.targets" from project "/home/saidul/Desktop/K-Chief Marine Automation Platform/src/KChief.VesselControl/KChief.VesselControl.csproj" (target "CreateGeneratedAssemblyInfoInputsCacheFile" depends on it):
   2:8>Done building target "GetAssemblyAttributes" in project "KChief.VesselControl.csproj".
   2:8>Target "CreateGeneratedAssemblyInfoInputsCacheFile" in file "/usr/share/dotnet/sdk/8.0.415/Sdks/Microsoft.NET.Sdk/targets/Microsoft.NET.GenerateAssemblyInfo.targets" from project "/home/saidul/Desktop/K-Chief Marine Automation Platform/src/KChief.VesselControl/KChief.VesselControl.csproj" (target "CoreGenerateAssemblyInfo" depends on it):
       Using "Hash" task from assembly "Microsoft.Build.Tasks.Core, Version=15.1.0.0, Culture=neutral, PublicKeyToken=b03f5f7f11d50a3a".
       Task "Hash"
       Done executing task "Hash".
       Task "WriteLinesToFile"
       Done executing task "WriteLinesToFile".
   2:8>Done building target "CreateGeneratedAssemblyInfoInputsCacheFile" in project "KChief.VesselControl.csproj".
   2:8>Target "CoreGenerateAssemblyInfo" in file "/usr/share/dotnet/sdk/8.0.415/Sdks/Microsoft.NET.Sdk/targets/Microsoft.NET.GenerateAssemblyInfo.targets" from project "/home/saidul/Desktop/K-Chief Marine Automation Platform/src/KChief.VesselControl/KChief.VesselControl.csproj" (target "GenerateAssemblyInfo" depends on it):
       Building target "CoreGenerateAssemblyInfo" completely.
       Input file "obj/Release/net8.0/KChief.VesselControl.AssemblyInfoInputs.cache" is newer than output file "obj/Release/net8.0/KChief.VesselControl.AssemblyInfo.cs".
       Using "WriteCodeFragment" task from assembly "Microsoft.Build.Tasks.Core, Version=15.1.0.0, Culture=neutral, PublicKeyToken=b03f5f7f11d50a3a".
       Task "WriteCodeFragment"
         Emitted specified code into "obj/Release/net8.0/KChief.VesselControl.AssemblyInfo.cs".
       Done executing task "WriteCodeFragment".
   2:8>Done building target "CoreGenerateAssemblyInfo" in project "KChief.VesselControl.csproj".
   2:8>Target "GenerateAssemblyInfo" in file "/usr/share/dotnet/sdk/8.0.415/Sdks/Microsoft.NET.Sdk/targets/Microsoft.NET.GenerateAssemblyInfo.targets" from project "/home/saidul/Desktop/K-Chief Marine Automation Platform/src/KChief.VesselControl/KChief.VesselControl.csproj" (target "BeforeCompile" depends on it):
   2:8>Done building target "GenerateAssemblyInfo" in project "KChief.VesselControl.csproj".
   2:8>Target "BeforeCompile" in file "/usr/share/dotnet/sdk/8.0.415/Microsoft.Common.CurrentVersion.targets" from project "/home/saidul/Desktop/K-Chief Marine Automation Platform/src/KChief.VesselControl/KChief.VesselControl.csproj" (target "Compile" depends on it):
   2:8>Done building target "BeforeCompile" in project "KChief.VesselControl.csproj".
       Target "_TimeStampBeforeCompile" skipped, due to false condition; ('$(RunPostBuildEvent)'=='OnOutputUpdated' or ('$(RegisterForComInterop)'=='true' and '$(OutputType)'=='library')) was evaluated as (''=='OnOutputUpdated' or (''=='true' and 'Library'=='library')).
       Target "ResolveAssemblyReferences" skipped. Previously built successfully.
   2:8>Target "_GenerateCompileDependencyCache" in file "/usr/share/dotnet/sdk/8.0.415/Microsoft.Common.CurrentVersion.targets" from project "/home/saidul/Desktop/K-Chief Marine Automation Platform/src/KChief.VesselControl/KChief.VesselControl.csproj" (target "Compile" depends on it):
       Task "Hash"
       Done executing task "Hash".
       Task "WriteLinesToFile"
         Skipping write to file "obj/Release/net8.0/KChief.VesselControl.csproj.CoreCompileInputs.cache" because content would not change.
       Done executing task "WriteLinesToFile".
   2:8>Done building target "_GenerateCompileDependencyCache" in project "KChief.VesselControl.csproj".
       Target "_ComputeNonExistentFileProperty" skipped, due to false condition; (('$(BuildingInsideVisualStudio)' == 'true') and ('$(BuildingOutOfProcess)' != 'true') and (('$(BuildingProject)' == 'false') or ('$(UseHostCompilerIfAvailable)' == 'true'))) was evaluated as (('' == 'true') and ('' != 'true') and (('true' == 'false') or ('true' == 'true'))).
       Target "ResolveCodeAnalysisRuleSet" skipped, due to false condition; ('$(CodeAnalysisRuleSet)' != '') was evaluated as ('' != '').
       Target "ShimReferencePathsWhenCommonTargetsDoesNotUnderstandReferenceAssemblies" skipped, due to false condition; ('@(ReferencePathWithRefAssemblies)' == '') was evaluated as ('/home/saidul/.nuget/packages/azure.core/1.25.0/lib/net5.0/Azure.Core.dll;/home/saidul/.nuget/packages/azure.identity/1.7.0/lib/netstandard2.0/Azure.Identity.dll;/home/saidul/.nuget/packages/fluentvalidation/11.9.0/lib/net8.0/FluentValidation.dll;...' == '').
   2:8>Target "_BeforeVBCSCoreCompile" in file "/usr/share/dotnet/sdk/8.0.415/Roslyn/Microsoft.Managed.Core.targets" from project "/home/saidul/Desktop/K-Chief Marine Automation Platform/src/KChief.VesselControl/KChief.VesselControl.csproj" (target "CoreCompile" depends on it):
   2:8>Done building target "_BeforeVBCSCoreCompile" in project "KChief.VesselControl.csproj".
       Target "AdjustDefaultPlatformTargetForNetFrameworkExeWithNoNativeCopyLocalItems" skipped, due to false condition; ('$(_UsingDefaultPlatformTarget)' == 'true' and
                            '$(_UsingDefaultRuntimeIdentifier)' == 'true') was evaluated as ('true' == 'true' and
                            '' == 'true').
       Target "_DisableDiagnosticTracing" skipped, due to false condition; ('$(DisableDiagnosticTracing)' == 'true') was evaluated as ('' == 'true').
       Target "GenerateTargetPlatformDefineConstants" skipped, due to false condition; ( '$(DisableImplicitFrameworkDefines)' != 'true' and '$(TargetPlatformIdentifier)' != '' and '$(TargetFrameworkIdentifier)' == '.NETCoreApp' and $([MSBuild]::VersionGreaterThanOrEquals($(TargetFrameworkVersion), 5.0)) ) was evaluated as ( '' != 'true' and '' != '' and '.NETCoreApp' == '.NETCoreApp' and True ).
   2:8>Target "GenerateNETCompatibleDefineConstants" in file "/usr/share/dotnet/sdk/8.0.415/Sdks/Microsoft.NET.Sdk/targets/Microsoft.NET.Sdk.BeforeCommon.targets" from project "/home/saidul/Desktop/K-Chief Marine Automation Platform/src/KChief.VesselControl/KChief.VesselControl.csproj" (target "AddImplicitDefineConstants" depends on it):
   2:8>Done building target "GenerateNETCompatibleDefineConstants" in project "KChief.VesselControl.csproj".
       Target "GeneratePlatformCompatibleDefineConstants" skipped, due to false condition; ( '$(DisableImplicitFrameworkDefines)' != 'true' and '$(TargetPlatformIdentifier)' != '' and '$(TargetFrameworkIdentifier)' == '.NETCoreApp' and $([MSBuild]::VersionGreaterThanOrEquals($(TargetFrameworkVersion), 5.0)) ) was evaluated as ( '' != 'true' and '' != '' and '.NETCoreApp' == '.NETCoreApp' and True ).
       Target "_DisableDiagnosticTracing" skipped, due to false condition; ('$(DisableDiagnosticTracing)' == 'true') was evaluated as ('' == 'true').
   2:8>Target "AddImplicitDefineConstants" in file "/usr/share/dotnet/sdk/8.0.415/Sdks/Microsoft.NET.Sdk/targets/Microsoft.NET.Sdk.BeforeCommon.targets" from project "/home/saidul/Desktop/K-Chief Marine Automation Platform/src/KChief.VesselControl/KChief.VesselControl.csproj" (target "CoreCompile" depends on it):
   2:8>Done building target "AddImplicitDefineConstants" in project "KChief.VesselControl.csproj".
       Target "ShimReferencePathsWhenCommonTargetsDoesNotUnderstandReferenceAssemblies" skipped, due to false condition; ('@(ReferencePathWithRefAssemblies)' == '') was evaluated as ('/home/saidul/.nuget/packages/azure.core/1.25.0/lib/net5.0/Azure.Core.dll;/home/saidul/.nuget/packages/azure.identity/1.7.0/lib/netstandard2.0/Azure.Identity.dll;/home/saidul/.nuget/packages/fluentvalidation/11.9.0/lib/net8.0/FluentValidation.dll;...' == '').
   2:8>Target "_ComputeSkipAnalyzers" in file "/usr/share/dotnet/sdk/8.0.415/Roslyn/Microsoft.Managed.Core.targets" from project "/home/saidul/Desktop/K-Chief Marine Automation Platform/src/KChief.VesselControl/KChief.VesselControl.csproj" (target "CoreCompile" depends on it):
       Task "ShowMessageForImplicitlySkipAnalyzers" skipped, due to false condition; ('$(_ImplicitlySkipAnalyzers)' == 'true') was evaluated as ('' == 'true').
   2:8>Done building target "_ComputeSkipAnalyzers" in project "KChief.VesselControl.csproj".
       Target "_SetPathMapFromSourceRoots" skipped, due to false condition; ('$(DeterministicSourcePaths)' == 'true') was evaluated as ('' == 'true').
       Target "CreateCompilerGeneratedFilesOutputPath" skipped, due to false condition; ('$(EmitCompilerGeneratedFiles)' == 'true' and !('$(DesignTimeBuild)' == 'true' OR '$(BuildingProject)' != 'true')) was evaluated as ('false' == 'true' and !('' == 'true' OR 'true' != 'true')).
       Target "BeforeCompile" skipped. Previously built successfully.
       Target "InitializeSourceControlInformationFromSourceControlManager" skipped. Previously built successfully.
   2:8>Target "SetEmbeddedFilesFromSourceControlManagerUntrackedFiles" in file "/usr/share/dotnet/sdk/8.0.415/Sdks/Microsoft.Build.Tasks.Git/build/Microsoft.Build.Tasks.Git.targets" from project "/home/saidul/Desktop/K-Chief Marine Automation Platform/src/KChief.VesselControl/KChief.VesselControl.csproj" (target "_SetEmbeddedFilesFromSourceControlManagerUntrackedFiles" depends on it):
       Using "Microsoft.Build.Tasks.Git.GetUntrackedFiles" task from assembly "/usr/share/dotnet/sdk/8.0.415/Sdks/Microsoft.Build.Tasks.Git/build/../tools/core/Microsoft.Build.Tasks.Git.dll".
       Task "Microsoft.Build.Tasks.Git.GetUntrackedFiles"
         SourceLink: Reusing cached git repository information.
       Done executing task "Microsoft.Build.Tasks.Git.GetUntrackedFiles".
   2:8>Done building target "SetEmbeddedFilesFromSourceControlManagerUntrackedFiles" in project "KChief.VesselControl.csproj".
   2:8>Target "_SetEmbeddedFilesFromSourceControlManagerUntrackedFiles" in file "/usr/share/dotnet/sdk/8.0.415/Sdks/Microsoft.SourceLink.Common/build/Microsoft.SourceLink.Common.targets" from project "/home/saidul/Desktop/K-Chief Marine Automation Platform/src/KChief.VesselControl/KChief.VesselControl.csproj" (target "CoreCompile" depends on it):
   2:8>Done building target "_SetEmbeddedFilesFromSourceControlManagerUntrackedFiles" in project "KChief.VesselControl.csproj".
       Target "InitializeSourceControlInformation" skipped. Previously built successfully.
   2:8>Target "_SetSourceLinkFilePath" in file "/usr/share/dotnet/sdk/8.0.415/Sdks/Microsoft.SourceLink.Common/build/Microsoft.SourceLink.Common.targets" from project "/home/saidul/Desktop/K-Chief Marine Automation Platform/src/KChief.VesselControl/KChief.VesselControl.csproj" (target "_GenerateSourceLinkFile" depends on it):
   2:8>Done building target "_SetSourceLinkFilePath" in project "KChief.VesselControl.csproj".
       Target "InitializeSourceControlInformation" skipped. Previously built successfully.
   2:8>Target "_InitializeSourceRootMappedPathsFromSourceControl" in file "/usr/share/dotnet/sdk/8.0.415/Roslyn/Microsoft.Managed.Core.targets" from project "/home/saidul/Desktop/K-Chief Marine Automation Platform/src/KChief.VesselControl/KChief.VesselControl.csproj" (target "InitializeSourceRootMappedPaths" depends on it):
   2:8>Done building target "_InitializeSourceRootMappedPathsFromSourceControl" in project "KChief.VesselControl.csproj".
   2:8>Target "InitializeSourceRootMappedPaths" in file "/usr/share/dotnet/sdk/8.0.415/Roslyn/Microsoft.Managed.Core.targets" from project "/home/saidul/Desktop/K-Chief Marine Automation Platform/src/KChief.VesselControl/KChief.VesselControl.csproj" (target "_InitializeSourceRootMappedPathsOpt" depends on it):
       Using "Microsoft.CodeAnalysis.BuildTasks.MapSourceRoots" task from assembly "/usr/share/dotnet/sdk/8.0.415/Roslyn/Microsoft.Build.Tasks.CodeAnalysis.dll".
       Task "Microsoft.CodeAnalysis.BuildTasks.MapSourceRoots"
       Done executing task "Microsoft.CodeAnalysis.BuildTasks.MapSourceRoots".
   2:8>Done building target "InitializeSourceRootMappedPaths" in project "KChief.VesselControl.csproj".
   2:8>Target "_InitializeSourceRootMappedPathsOpt" in file "/usr/share/dotnet/sdk/8.0.415/Sdks/Microsoft.SourceLink.Common/build/Microsoft.SourceLink.Common.targets" from project "/home/saidul/Desktop/K-Chief Marine Automation Platform/src/KChief.VesselControl/KChief.VesselControl.csproj" (target "_GenerateSourceLinkFile" depends on it):
   2:8>Done building target "_InitializeSourceRootMappedPathsOpt" in project "KChief.VesselControl.csproj".
   2:8>Target "_InitializeGitHubSourceLinkUrl" in file "/usr/share/dotnet/sdk/8.0.415/Sdks/Microsoft.SourceLink.GitHub/build/Microsoft.SourceLink.GitHub.targets" from project "/home/saidul/Desktop/K-Chief Marine Automation Platform/src/KChief.VesselControl/KChief.VesselControl.csproj" (target "_GenerateSourceLinkFile" depends on it):
       Building target "_InitializeGitHubSourceLinkUrl" completely.
       No input files were specified.
       Using "Microsoft.SourceLink.GitHub.GetSourceLinkUrl" task from assembly "/usr/share/dotnet/sdk/8.0.415/Sdks/Microsoft.SourceLink.GitHub/build/../tools/core/Microsoft.SourceLink.GitHub.dll".
       Task "Microsoft.SourceLink.GitHub.GetSourceLinkUrl"
       Done executing task "Microsoft.SourceLink.GitHub.GetSourceLinkUrl".
   2:8>Done building target "_InitializeGitHubSourceLinkUrl" in project "KChief.VesselControl.csproj".
   2:8>Target "_InitializeGitHubSourceLinkUrl" in file "/usr/share/dotnet/sdk/8.0.415/Sdks/Microsoft.SourceLink.GitHub/build/Microsoft.SourceLink.GitHub.targets" from project "/home/saidul/Desktop/K-Chief Marine Automation Platform/src/KChief.VesselControl/KChief.VesselControl.csproj" (target "_GenerateSourceLinkFile" depends on it):
       Building target "_InitializeGitHubSourceLinkUrl" completely.
       No input files were specified.
       Task "Microsoft.SourceLink.GitHub.GetSourceLinkUrl"
       Done executing task "Microsoft.SourceLink.GitHub.GetSourceLinkUrl".
   2:8>Done building target "_InitializeGitHubSourceLinkUrl" in project "KChief.VesselControl.csproj".
   2:8>Target "_InitializeGitLabSourceLinkUrl" in file "/usr/share/dotnet/sdk/8.0.415/Sdks/Microsoft.SourceLink.GitLab/build/Microsoft.SourceLink.GitLab.targets" from project "/home/saidul/Desktop/K-Chief Marine Automation Platform/src/KChief.VesselControl/KChief.VesselControl.csproj" (target "_GenerateSourceLinkFile" depends on it):
       Building target "_InitializeGitLabSourceLinkUrl" completely.
       No input files were specified.
       Using "Microsoft.SourceLink.GitLab.GetSourceLinkUrl" task from assembly "/usr/share/dotnet/sdk/8.0.415/Sdks/Microsoft.SourceLink.GitLab/build/../tools/core/Microsoft.SourceLink.GitLab.dll".
       Task "Microsoft.SourceLink.GitLab.GetSourceLinkUrl"
       Done executing task "Microsoft.SourceLink.GitLab.GetSourceLinkUrl".
   2:8>Done building target "_InitializeGitLabSourceLinkUrl" in project "KChief.VesselControl.csproj".
   2:8>Target "_InitializeGitLabSourceLinkUrl" in file "/usr/share/dotnet/sdk/8.0.415/Sdks/Microsoft.SourceLink.GitLab/build/Microsoft.SourceLink.GitLab.targets" from project "/home/saidul/Desktop/K-Chief Marine Automation Platform/src/KChief.VesselControl/KChief.VesselControl.csproj" (target "_GenerateSourceLinkFile" depends on it):
       Building target "_InitializeGitLabSourceLinkUrl" completely.
       No input files were specified.
       Task "Microsoft.SourceLink.GitLab.GetSourceLinkUrl"
       Done executing task "Microsoft.SourceLink.GitLab.GetSourceLinkUrl".
   2:8>Done building target "_InitializeGitLabSourceLinkUrl" in project "KChief.VesselControl.csproj".
   2:8>Target "_InitializeAzureReposGitSourceLinkUrl" in file "/usr/share/dotnet/sdk/8.0.415/Sdks/Microsoft.SourceLink.AzureRepos.Git/build/Microsoft.SourceLink.AzureRepos.Git.targets" from project "/home/saidul/Desktop/K-Chief Marine Automation Platform/src/KChief.VesselControl/KChief.VesselControl.csproj" (target "_GenerateSourceLinkFile" depends on it):
       Building target "_InitializeAzureReposGitSourceLinkUrl" completely.
       No input files were specified.
       Using "Microsoft.SourceLink.AzureRepos.Git.GetSourceLinkUrl" task from assembly "/usr/share/dotnet/sdk/8.0.415/Sdks/Microsoft.SourceLink.AzureRepos.Git/build/../tools/core/Microsoft.SourceLink.AzureRepos.Git.dll".
       Task "Microsoft.SourceLink.AzureRepos.Git.GetSourceLinkUrl"
       Done executing task "Microsoft.SourceLink.AzureRepos.Git.GetSourceLinkUrl".
   2:8>Done building target "_InitializeAzureReposGitSourceLinkUrl" in project "KChief.VesselControl.csproj".
   2:8>Target "_InitializeAzureReposGitSourceLinkUrl" in file "/usr/share/dotnet/sdk/8.0.415/Sdks/Microsoft.SourceLink.AzureRepos.Git/build/Microsoft.SourceLink.AzureRepos.Git.targets" from project "/home/saidul/Desktop/K-Chief Marine Automation Platform/src/KChief.VesselControl/KChief.VesselControl.csproj" (target "_GenerateSourceLinkFile" depends on it):
       Building target "_InitializeAzureReposGitSourceLinkUrl" completely.
       No input files were specified.
       Task "Microsoft.SourceLink.AzureRepos.Git.GetSourceLinkUrl"
       Done executing task "Microsoft.SourceLink.AzureRepos.Git.GetSourceLinkUrl".
   2:8>Done building target "_InitializeAzureReposGitSourceLinkUrl" in project "KChief.VesselControl.csproj".
   2:8>Target "_InitializeBitbucketGitSourceLinkUrl" in file "/usr/share/dotnet/sdk/8.0.415/Sdks/Microsoft.SourceLink.Bitbucket.Git/build/Microsoft.SourceLink.Bitbucket.Git.targets" from project "/home/saidul/Desktop/K-Chief Marine Automation Platform/src/KChief.VesselControl/KChief.VesselControl.csproj" (target "_GenerateSourceLinkFile" depends on it):
       Building target "_InitializeBitbucketGitSourceLinkUrl" completely.
       No input files were specified.
       Using "Microsoft.SourceLink.Bitbucket.Git.GetSourceLinkUrl" task from assembly "/usr/share/dotnet/sdk/8.0.415/Sdks/Microsoft.SourceLink.Bitbucket.Git/build/../tools/core/Microsoft.SourceLink.Bitbucket.Git.dll".
       Task "Microsoft.SourceLink.Bitbucket.Git.GetSourceLinkUrl"
       Done executing task "Microsoft.SourceLink.Bitbucket.Git.GetSourceLinkUrl".
   2:8>Done building target "_InitializeBitbucketGitSourceLinkUrl" in project "KChief.VesselControl.csproj".
   2:8>Target "_InitializeBitbucketGitSourceLinkUrl" in file "/usr/share/dotnet/sdk/8.0.415/Sdks/Microsoft.SourceLink.Bitbucket.Git/build/Microsoft.SourceLink.Bitbucket.Git.targets" from project "/home/saidul/Desktop/K-Chief Marine Automation Platform/src/KChief.VesselControl/KChief.VesselControl.csproj" (target "_GenerateSourceLinkFile" depends on it):
       Building target "_InitializeBitbucketGitSourceLinkUrl" completely.
       No input files were specified.
       Task "Microsoft.SourceLink.Bitbucket.Git.GetSourceLinkUrl"
       Done executing task "Microsoft.SourceLink.Bitbucket.Git.GetSourceLinkUrl".
   2:8>Done building target "_InitializeBitbucketGitSourceLinkUrl" in project "KChief.VesselControl.csproj".
   2:8>Target "_GenerateSourceLinkFile" in file "/usr/share/dotnet/sdk/8.0.415/Sdks/Microsoft.SourceLink.Common/build/Microsoft.SourceLink.Common.targets" from project "/home/saidul/Desktop/K-Chief Marine Automation Platform/src/KChief.VesselControl/KChief.VesselControl.csproj" (target "GenerateSourceLinkFile" depends on it):
       Building target "_GenerateSourceLinkFile" completely.
       No input files were specified.
       Using "Microsoft.SourceLink.Common.GenerateSourceLinkFile" task from assembly "/usr/share/dotnet/sdk/8.0.415/Sdks/Microsoft.SourceLink.Common/build/../tools/core/Microsoft.SourceLink.Common.dll".
       Task "Microsoft.SourceLink.Common.GenerateSourceLinkFile"
         Updating Source Link file 'obj/Release/net8.0/KChief.VesselControl.sourcelink.json'.
       Done executing task "Microsoft.SourceLink.Common.GenerateSourceLinkFile".
   2:8>Done building target "_GenerateSourceLinkFile" in project "KChief.VesselControl.csproj".
   2:8>Target "GenerateSourceLinkFile" in file "/usr/share/dotnet/sdk/8.0.415/Sdks/Microsoft.SourceLink.Common/build/Microsoft.SourceLink.Common.targets" from project "/home/saidul/Desktop/K-Chief Marine Automation Platform/src/KChief.VesselControl/KChief.VesselControl.csproj" (target "CoreCompile" depends on it):
   2:8>Done building target "GenerateSourceLinkFile" in project "KChief.VesselControl.csproj".
   2:8>Target "AddGlobalAnalyzerConfigForPackage_MicrosoftCodeAnalysisNetAnalyzers" in file "/usr/share/dotnet/sdk/8.0.415/Sdks/Microsoft.NET.Sdk/analyzers/build/Microsoft.CodeAnalysis.NetAnalyzers.targets" from project "/home/saidul/Desktop/K-Chief Marine Automation Platform/src/KChief.VesselControl/KChief.VesselControl.csproj" (target "CoreCompile" depends on it):
   2:8>Done building target "AddGlobalAnalyzerConfigForPackage_MicrosoftCodeAnalysisNetAnalyzers" in project "KChief.VesselControl.csproj".
       Target "AddGlobalAnalyzerConfigForPackage_MicrosoftCodeAnalysisNetAnalyzersDesign" skipped, due to false condition; ('$(SkipGlobalAnalyzerConfigForPackage)' != 'true' and ('$(AnalysisLevelDesign)' != '' or '$(AnalysisModeDesign)' != '')) was evaluated as ('' != 'true' and ('' != '' or '' != '')).
       Target "AddGlobalAnalyzerConfigForPackage_MicrosoftCodeAnalysisNetAnalyzersDocumentation" skipped, due to false condition; ('$(SkipGlobalAnalyzerConfigForPackage)' != 'true' and ('$(AnalysisLevelDocumentation)' != '' or '$(AnalysisModeDocumentation)' != '')) was evaluated as ('' != 'true' and ('' != '' or '' != '')).
       Target "AddGlobalAnalyzerConfigForPackage_MicrosoftCodeAnalysisNetAnalyzersGlobalization" skipped, due to false condition; ('$(SkipGlobalAnalyzerConfigForPackage)' != 'true' and ('$(AnalysisLevelGlobalization)' != '' or '$(AnalysisModeGlobalization)' != '')) was evaluated as ('' != 'true' and ('' != '' or '' != '')).
       Target "AddGlobalAnalyzerConfigForPackage_MicrosoftCodeAnalysisNetAnalyzersInteroperability" skipped, due to false condition; ('$(SkipGlobalAnalyzerConfigForPackage)' != 'true' and ('$(AnalysisLevelInteroperability)' != '' or '$(AnalysisModeInteroperability)' != '')) was evaluated as ('' != 'true' and ('' != '' or '' != '')).
       Target "AddGlobalAnalyzerConfigForPackage_MicrosoftCodeAnalysisNetAnalyzersMaintainability" skipped, due to false condition; ('$(SkipGlobalAnalyzerConfigForPackage)' != 'true' and ('$(AnalysisLevelMaintainability)' != '' or '$(AnalysisModeMaintainability)' != '')) was evaluated as ('' != 'true' and ('' != '' or '' != '')).
       Target "AddGlobalAnalyzerConfigForPackage_MicrosoftCodeAnalysisNetAnalyzersNaming" skipped, due to false condition; ('$(SkipGlobalAnalyzerConfigForPackage)' != 'true' and ('$(AnalysisLevelNaming)' != '' or '$(AnalysisModeNaming)' != '')) was evaluated as ('' != 'true' and ('' != '' or '' != '')).
       Target "AddGlobalAnalyzerConfigForPackage_MicrosoftCodeAnalysisNetAnalyzersPerformance" skipped, due to false condition; ('$(SkipGlobalAnalyzerConfigForPackage)' != 'true' and ('$(AnalysisLevelPerformance)' != '' or '$(AnalysisModePerformance)' != '')) was evaluated as ('' != 'true' and ('' != '' or '' != '')).
       Target "AddGlobalAnalyzerConfigForPackage_MicrosoftCodeAnalysisNetAnalyzersReliability" skipped, due to false condition; ('$(SkipGlobalAnalyzerConfigForPackage)' != 'true' and ('$(AnalysisLevelReliability)' != '' or '$(AnalysisModeReliability)' != '')) was evaluated as ('' != 'true' and ('' != '' or '' != '')).
       Target "AddGlobalAnalyzerConfigForPackage_MicrosoftCodeAnalysisNetAnalyzersSecurity" skipped, due to false condition; ('$(SkipGlobalAnalyzerConfigForPackage)' != 'true' and ('$(AnalysisLevelSecurity)' != '' or '$(AnalysisModeSecurity)' != '')) was evaluated as ('' != 'true' and ('' != '' or '' != '')).
       Target "AddGlobalAnalyzerConfigForPackage_MicrosoftCodeAnalysisNetAnalyzersUsage" skipped, due to false condition; ('$(SkipGlobalAnalyzerConfigForPackage)' != 'true' and ('$(AnalysisLevelUsage)' != '' or '$(AnalysisModeUsage)' != '')) was evaluated as ('' != 'true' and ('' != '' or '' != '')).
       Target "_CodeAnalysisTreatWarningsAsErrors" skipped, due to false condition; ('$(DesignTimeBuild)' == 'true' OR '$(BuildingProject)' != 'true') was evaluated as ('' == 'true' OR 'true' != 'true').
   2:8>Target "_ReportUpgradeNetAnalyzersNuGetWarning" in file "/usr/share/dotnet/sdk/8.0.415/Sdks/Microsoft.NET.Sdk/analyzers/build/Microsoft.CodeAnalysis.NetAnalyzers.targets" from project "/home/saidul/Desktop/K-Chief Marine Automation Platform/src/KChief.VesselControl/KChief.VesselControl.csproj" (target "CoreCompile" depends on it):
       Task "Warning" skipped, due to false condition; ('$(_NETAnalyzersNuGetAssemblyVersion)' != '' AND
                                '$(_NETAnalyzersSDKAssemblyVersion)' != '' AND
                                 $(_NETAnalyzersNuGetAssemblyVersion) < $(_NETAnalyzersSDKAssemblyVersion)) was evaluated as ('' != '' AND
                                '8.0.0' != '' AND
                                  < 8.0.0).
   2:8>Done building target "_ReportUpgradeNetAnalyzersNuGetWarning" in project "KChief.VesselControl.csproj".
   2:8>Target "CoreCompile" in file "/usr/share/dotnet/sdk/8.0.415/Roslyn/Microsoft.CSharp.Core.targets" from project "/home/saidul/Desktop/K-Chief Marine Automation Platform/src/KChief.VesselControl/KChief.VesselControl.csproj" (target "Compile" depends on it):
       Building target "CoreCompile" completely.
       Input file "obj/Release/net8.0/KChief.VesselControl.AssemblyInfo.cs" is newer than output file "obj/Release/net8.0/KChief.VesselControl.pdb".
       Using "Csc" task from assembly "/usr/share/dotnet/sdk/8.0.415/Roslyn/Microsoft.Build.Tasks.CodeAnalysis.dll".
       Task "Csc"
         /usr/share/dotnet/dotnet exec "/usr/share/dotnet/sdk/8.0.415/Roslyn/bincore/csc.dll" /noconfig /unsafe- /checked- /nowarn:1701,1702,1701,1702 /fullpaths /nostdlib+ /errorreport:prompt /warn:8 /define:TRACE;RELEASE;NET;NET8_0;NETCOREAPP;NET5_0_OR_GREATER;NET6_0_OR_GREATER;NET7_0_OR_GREATER;NET8_0_OR_GREATER;NETCOREAPP1_0_OR_GREATER;NETCOREAPP1_1_OR_GREATER;NETCOREAPP2_0_OR_GREATER;NETCOREAPP2_1_OR_GREATER;NETCOREAPP2_2_OR_GREATER;NETCOREAPP3_0_OR_GREATER;NETCOREAPP3_1_OR_GREATER /highentropyva+ /nullable:enable /reference:/home/saidul/.nuget/packages/azure.core/1.25.0/lib/net5.0/Azure.Core.dll /reference:/home/saidul/.nuget/packages/azure.identity/1.7.0/lib/netstandard2.0/Azure.Identity.dll /reference:/home/saidul/.nuget/packages/fluentvalidation/11.9.0/lib/net8.0/FluentValidation.dll /reference:/home/saidul/.nuget/packages/humanizer.core/2.14.1/lib/net6.0/Humanizer.dll /reference:"/home/saidul/Desktop/K-Chief Marine Automation Platform/src/KChief.DataAccess/obj/Release/net8.0/ref/KChief.DataAccess.dll" /reference:"/home/saidul/Desktop/K-Chief Marine Automation Platform/src/KChief.Platform.Core/obj/Release/net8.0/ref/KChief.Platform.Core.dll" /reference:/home/saidul/.nuget/packages/microsoft.aspnetcore.http.abstractions/2.2.0/lib/netstandard2.0/Microsoft.AspNetCore.Http.Abstractions.dll /reference:/home/saidul/.nuget/packages/microsoft.aspnetcore.http.features/2.2.0/lib/netstandard2.0/Microsoft.AspNetCore.Http.Features.dll /reference:/home/saidul/.nuget/packages/microsoft.bcl.asyncinterfaces/6.0.0/lib/netstandard2.1/Microsoft.Bcl.AsyncInterfaces.dll /reference:/home/saidul/.nuget/packages/microsoft.codeanalysis.csharp/4.5.0/lib/netcoreapp3.1/Microsoft.CodeAnalysis.CSharp.dll /reference:/home/saidul/.nuget/packages/microsoft.codeanalysis.csharp.workspaces/4.5.0/lib/netcoreapp3.1/Microsoft.CodeAnalysis.CSharp.Workspaces.dll /reference:/home/saidul/.nuget/packages/microsoft.codeanalysis.common/4.5.0/lib/netcoreapp3.1/Microsoft.CodeAnalysis.dll /reference:/home/saidul/.nuget/packages/microsoft.codeanalysis.workspaces.common/4.5.0/lib/netcoreapp3.1/Microsoft.CodeAnalysis.Workspaces.dll /reference:/usr/share/dotnet/packs/Microsoft.NETCore.App.Ref/8.0.21/ref/net8.0/Microsoft.CSharp.dll /reference:/home/saidul/.nuget/packages/microsoft.data.sqlclient/5.1.1/ref/net6.0/Microsoft.Data.SqlClient.dll /reference:/home/saidul/.nuget/packages/microsoft.data.sqlite.core/8.0.0/lib/net8.0/Microsoft.Data.Sqlite.dll /reference:/home/saidul/.nuget/packages/microsoft.entityframeworkcore.abstractions/8.0.0/lib/net8.0/Microsoft.EntityFrameworkCore.Abstractions.dll /reference:/home/saidul/.nuget/packages/microsoft.entityframeworkcore.design/8.0.0/lib/net8.0/Microsoft.EntityFrameworkCore.Design.dll /reference:/home/saidul/.nuget/packages/microsoft.entityframeworkcore/8.0.0/lib/net8.0/Microsoft.EntityFrameworkCore.dll /reference:/home/saidul/.nuget/packages/microsoft.entityframeworkcore.relational/8.0.0/lib/net8.0/Microsoft.EntityFrameworkCore.Relational.dll /reference:/home/saidul/.nuget/packages/microsoft.entityframeworkcore.sqlite.core/8.0.0/lib/net8.0/Microsoft.EntityFrameworkCore.Sqlite.dll /reference:/home/saidul/.nuget/packages/microsoft.entityframeworkcore.sqlserver/8.0.0/lib/net8.0/Microsoft.EntityFrameworkCore.SqlServer.dll /reference:/home/saidul/.nuget/packages/microsoft.extensions.caching.abstractions/8.0.0/lib/net8.0/Microsoft.Extensions.Caching.Abstractions.dll /reference:/home/saidul/.nuget/packages/microsoft.extensions.caching.memory/8.0.0/lib/net8.0/Microsoft.Extensions.Caching.Memory.dll /reference:/home/saidul/.nuget/packages/microsoft.extensions.configuration.abstractions/8.0.0/lib/net8.0/Microsoft.Extensions.Configuration.Abstractions.dll /reference:/home/saidul/.nuget/packages/microsoft.extensions.dependencyinjection.abstractions/8.0.1/lib/net8.0/Microsoft.Extensions.DependencyInjection.Abstractions.dll /reference:/home/saidul/.nuget/packages/microsoft.extensions.dependencyinjection/8.0.0/lib/net8.0/Microsoft.Extensions.DependencyInjection.dll /reference:/home/saidul/.nuget/packages/microsoft.extensions.dependencymodel/8.0.0/lib/net8.0/Microsoft.Extensions.DependencyModel.dll /reference:/home/saidul/.nuget/packages/microsoft.extensions.diagnostics.abstractions/8.0.0/lib/net8.0/Microsoft.Extensions.Diagnostics.Abstractions.dll /reference:/home/saidul/.nuget/packages/microsoft.extensions.fileproviders.abstractions/8.0.0/lib/net8.0/Microsoft.Extensions.FileProviders.Abstractions.dll /reference:/home/saidul/.nuget/packages/microsoft.extensions.hosting.abstractions/8.0.0/lib/net8.0/Microsoft.Extensions.Hosting.Abstractions.dll /reference:/home/saidul/.nuget/packages/microsoft.extensions.logging.abstractions/8.0.1/lib/net8.0/Microsoft.Extensions.Logging.Abstractions.dll /reference:/home/saidul/.nuget/packages/microsoft.extensions.logging/8.0.0/lib/net8.0/Microsoft.Extensions.Logging.dll /reference:/home/saidul/.nuget/packages/microsoft.extensions.options/8.0.0/lib/net8.0/Microsoft.Extensions.Options.dll /reference:/home/saidul/.nuget/packages/microsoft.extensions.primitives/8.0.0/lib/net8.0/Microsoft.Extensions.Primitives.dll /reference:/home/saidul/.nuget/packages/microsoft.identity.client/4.47.2/lib/netcoreapp2.1/Microsoft.Identity.Client.dll /reference:/home/saidul/.nuget/packages/microsoft.identity.client.extensions.msal/2.19.3/lib/netcoreapp2.1/Microsoft.Identity.Client.Extensions.Msal.dll /reference:/home/saidul/.nuget/packages/microsoft.identitymodel.abstractions/6.24.0/lib/net6.0/Microsoft.IdentityModel.Abstractions.dll /reference:/home/saidul/.nuget/packages/microsoft.identitymodel.jsonwebtokens/6.24.0/lib/net6.0/Microsoft.IdentityModel.JsonWebTokens.dll /reference:/home/saidul/.nuget/packages/microsoft.identitymodel.logging/6.24.0/lib/net6.0/Microsoft.IdentityModel.Logging.dll /reference:/home/saidul/.nuget/packages/microsoft.identitymodel.protocols/6.24.0/lib/net6.0/Microsoft.IdentityModel.Protocols.dll /reference:/home/saidul/.nuget/packages/microsoft.identitymodel.protocols.openidconnect/6.24.0/lib/net6.0/Microsoft.IdentityModel.Protocols.OpenIdConnect.dll /reference:/home/saidul/.nuget/packages/microsoft.identitymodel.tokens/6.24.0/lib/net6.0/Microsoft.IdentityModel.Tokens.dll /reference:/home/saidul/.nuget/packages/microsoft.sqlserver.server/1.0.0/lib/netstandard2.0/Microsoft.SqlServer.Server.dll /reference:/usr/share/dotnet/packs/Microsoft.NETCore.App.Ref/8.0.21/ref/net8.0/Microsoft.VisualBasic.Core.dll /reference:/usr/share/dotnet/packs/Microsoft.NETCore.App.Ref/8.0.21/ref/net8.0/Microsoft.VisualBasic.dll /reference:/usr/share/dotnet/packs/Microsoft.NETCore.App.Ref/8.0.21/ref/net8.0/Microsoft.Win32.Primitives.dll /reference:/usr/share/dotnet/packs/Microsoft.NETCore.App.Ref/8.0.21/ref/net8.0/Microsoft.Win32.Registry.dll /reference:/home/saidul/.nuget/packages/mono.texttemplating/2.2.1/lib/netstandard2.0/Mono.TextTemplating.dll /reference:/usr/share/dotnet/packs/Microsoft.NETCore.App.Ref/8.0.21/ref/net8.0/mscorlib.dll /reference:/usr/share/dotnet/packs/Microsoft.NETCore.App.Ref/8.0.21/ref/net8.0/netstandard.dll /reference:/home/saidul/.nuget/packages/polly.core/8.2.0/lib/net8.0/Polly.Core.dll /reference:/home/saidul/.nuget/packages/polly/8.2.0/lib/net6.0/Polly.dll /reference:/home/saidul/.nuget/packages/rabbitmq.client/6.8.1/lib/netstandard2.0/RabbitMQ.Client.dll /reference:/home/saidul/.nuget/packages/serilog/3.1.1/lib/net7.0/Serilog.dll /reference:/home/saidul/.nuget/packages/sqlitepclraw.bundle_e_sqlite3/2.1.6/lib/netstandard2.0/SQLitePCLRaw.batteries_v2.dll /reference:/home/saidul/.nuget/packages/sqlitepclraw.core/2.1.6/lib/netstandard2.0/SQLitePCLRaw.core.dll /reference:/home/saidul/.nuget/packages/sqlitepclraw.provider.e_sqlite3/2.1.6/lib/net6.0/SQLitePCLRaw.provider.e_sqlite3.dll /reference:/usr/share/dotnet/packs/Microsoft.NETCore.App.Ref/8.0.21/ref/net8.0/System.AppContext.dll /reference:/usr/share/dotnet/packs/Microsoft.NETCore.App.Ref/8.0.21/ref/net8.0/System.Buffers.dll /reference:/home/saidul/.nuget/packages/system.codedom/4.4.0/ref/netstandard2.0/System.CodeDom.dll /reference:/usr/share/dotnet/packs/Microsoft.NETCore.App.Ref/8.0.21/ref/net8.0/System.Collections.Concurrent.dll /reference:/usr/share/dotnet/packs/Microsoft.NETCore.App.Ref/8.0.21/ref/net8.0/System.Collections.dll /reference:/usr/share/dotnet/packs/Microsoft.NETCore.App.Ref/8.0.21/ref/net8.0/System.Collections.Immutable.dll /reference:/usr/share/dotnet/packs/Microsoft.NETCore.App.Ref/8.0.21/ref/net8.0/System.Collections.NonGeneric.dll /reference:/usr/share/dotnet/packs/Microsoft.NETCore.App.Ref/8.0.21/ref/net8.0/System.Collections.Specialized.dll /reference:/usr/share/dotnet/packs/Microsoft.NETCore.App.Ref/8.0.21/ref/net8.0/System.ComponentModel.Annotations.dll /reference:/usr/share/dotnet/packs/Microsoft.NETCore.App.Ref/8.0.21/ref/net8.0/System.ComponentModel.DataAnnotations.dll /reference:/usr/share/dotnet/packs/Microsoft.NETCore.App.Ref/8.0.21/ref/net8.0/System.ComponentModel.dll /reference:/usr/share/dotnet/packs/Microsoft.NETCore.App.Ref/8.0.21/ref/net8.0/System.ComponentModel.EventBasedAsync.dll /reference:/usr/share/dotnet/packs/Microsoft.NETCore.App.Ref/8.0.21/ref/net8.0/System.ComponentModel.Primitives.dll /reference:/usr/share/dotnet/packs/Microsoft.NETCore.App.Ref/8.0.21/ref/net8.0/System.ComponentModel.TypeConverter.dll /reference:/home/saidul/.nuget/packages/system.composition.attributedmodel/6.0.0/lib/net6.0/System.Composition.AttributedModel.dll /reference:/home/saidul/.nuget/packages/system.composition.convention/6.0.0/lib/net6.0/System.Composition.Convention.dll /reference:/home/saidul/.nuget/packages/system.composition.hosting/6.0.0/lib/net6.0/System.Composition.Hosting.dll /reference:/home/saidul/.nuget/packages/system.composition.runtime/6.0.0/lib/net6.0/System.Composition.Runtime.dll /reference:/home/saidul/.nuget/packages/system.composition.typedparts/6.0.0/lib/net6.0/System.Composition.TypedParts.dll /reference:/usr/share/dotnet/packs/Microsoft.NETCore.App.Ref/8.0.21/ref/net8.0/System.Configuration.dll /reference:/usr/share/dotnet/packs/Microsoft.NETCore.App.Ref/8.0.21/ref/net8.0/System.Console.dll /reference:/usr/share/dotnet/packs/Microsoft.NETCore.App.Ref/8.0.21/ref/net8.0/System.Core.dll /reference:/usr/share/dotnet/packs/Microsoft.NETCore.App.Ref/8.0.21/ref/net8.0/System.Data.Common.dll /reference:/usr/share/dotnet/packs/Microsoft.NETCore.App.Ref/8.0.21/ref/net8.0/System.Data.DataSetExtensions.dll /reference:/usr/share/dotnet/packs/Microsoft.NETCore.App.Ref/8.0.21/ref/net8.0/System.Data.dll /reference:/usr/share/dotnet/packs/Microsoft.NETCore.App.Ref/8.0.21/ref/net8.0/System.Diagnostics.Contracts.dll /reference:/usr/share/dotnet/packs/Microsoft.NETCore.App.Ref/8.0.21/ref/net8.0/System.Diagnostics.Debug.dll /reference:/usr/share/dotnet/packs/Microsoft.NETCore.App.Ref/8.0.21/ref/net8.0/System.Diagnostics.DiagnosticSource.dll /reference:/usr/share/dotnet/packs/Microsoft.NETCore.App.Ref/8.0.21/ref/net8.0/System.Diagnostics.FileVersionInfo.dll /reference:/usr/share/dotnet/packs/Microsoft.NETCore.App.Ref/8.0.21/ref/net8.0/System.Diagnostics.Process.dll /reference:/usr/share/dotnet/packs/Microsoft.NETCore.App.Ref/8.0.21/ref/net8.0/System.Diagnostics.StackTrace.dll /reference:/usr/share/dotnet/packs/Microsoft.NETCore.App.Ref/8.0.21/ref/net8.0/System.Diagnostics.TextWriterTraceListener.dll /reference:/usr/share/dotnet/packs/Microsoft.NETCore.App.Ref/8.0.21/ref/net8.0/System.Diagnostics.Tools.dll /reference:/usr/share/dotnet/packs/Microsoft.NETCore.App.Ref/8.0.21/ref/net8.0/System.Diagnostics.TraceSource.dll /reference:/usr/share/dotnet/packs/Microsoft.NETCore.App.Ref/8.0.21/ref/net8.0/System.Diagnostics.Tracing.dll /reference:/usr/share/dotnet/packs/Microsoft.NETCore.App.Ref/8.0.21/ref/net8.0/System.dll /reference:/usr/share/dotnet/packs/Microsoft.NETCore.App.Ref/8.0.21/ref/net8.0/System.Drawing.dll /reference:/usr/share/dotnet/packs/Microsoft.NETCore.App.Ref/8.0.21/ref/net8.0/System.Drawing.Primitives.dll /reference:/usr/share/dotnet/packs/Microsoft.NETCore.App.Ref/8.0.21/ref/net8.0/System.Dynamic.Runtime.dll /reference:/usr/share/dotnet/packs/Microsoft.NETCore.App.Ref/8.0.21/ref/net8.0/System.Formats.Asn1.dll /reference:/usr/share/dotnet/packs/Microsoft.NETCore.App.Ref/8.0.21/ref/net8.0/System.Formats.Tar.dll /reference:/usr/share/dotnet/packs/Microsoft.NETCore.App.Ref/8.0.21/ref/net8.0/System.Globalization.Calendars.dll /reference:/usr/share/dotnet/packs/Microsoft.NETCore.App.Ref/8.0.21/ref/net8.0/System.Globalization.dll /reference:/usr/share/dotnet/packs/Microsoft.NETCore.App.Ref/8.0.21/ref/net8.0/System.Globalization.Extensions.dll /reference:/home/saidul/.nuget/packages/system.identitymodel.tokens.jwt/6.24.0/lib/net6.0/System.IdentityModel.Tokens.Jwt.dll /reference:/usr/share/dotnet/packs/Microsoft.NETCore.App.Ref/8.0.21/ref/net8.0/System.IO.Compression.Brotli.dll /reference:/usr/share/dotnet/packs/Microsoft.NETCore.App.Ref/8.0.21/ref/net8.0/System.IO.Compression.dll /reference:/usr/share/dotnet/packs/Microsoft.NETCore.App.Ref/8.0.21/ref/net8.0/System.IO.Compression.FileSystem.dll /reference:/usr/share/dotnet/packs/Microsoft.NETCore.App.Ref/8.0.21/ref/net8.0/System.IO.Compression.ZipFile.dll /reference:/usr/share/dotnet/packs/Microsoft.NETCore.App.Ref/8.0.21/ref/net8.0/System.IO.dll /reference:/usr/share/dotnet/packs/Microsoft.NETCore.App.Ref/8.0.21/ref/net8.0/System.IO.FileSystem.AccessControl.dll /reference:/usr/share/dotnet/packs/Microsoft.NETCore.App.Ref/8.0.21/ref/net8.0/System.IO.FileSystem.dll /reference:/usr/share/dotnet/packs/Microsoft.NETCore.App.Ref/8.0.21/ref/net8.0/System.IO.FileSystem.DriveInfo.dll /reference:/usr/share/dotnet/packs/Microsoft.NETCore.App.Ref/8.0.21/ref/net8.0/System.IO.FileSystem.Primitives.dll /reference:/usr/share/dotnet/packs/Microsoft.NETCore.App.Ref/8.0.21/ref/net8.0/System.IO.FileSystem.Watcher.dll /reference:/usr/share/dotnet/packs/Microsoft.NETCore.App.Ref/8.0.21/ref/net8.0/System.IO.IsolatedStorage.dll /reference:/usr/share/dotnet/packs/Microsoft.NETCore.App.Ref/8.0.21/ref/net8.0/System.IO.MemoryMappedFiles.dll /reference:/home/saidul/.nuget/packages/system.io.pipelines/6.0.3/lib/net6.0/System.IO.Pipelines.dll /reference:/usr/share/dotnet/packs/Microsoft.NETCore.App.Ref/8.0.21/ref/net8.0/System.IO.Pipes.AccessControl.dll /reference:/usr/share/dotnet/packs/Microsoft.NETCore.App.Ref/8.0.21/ref/net8.0/System.IO.Pipes.dll /reference:/usr/share/dotnet/packs/Microsoft.NETCore.App.Ref/8.0.21/ref/net8.0/System.IO.UnmanagedMemoryStream.dll /reference:/usr/share/dotnet/packs/Microsoft.NETCore.App.Ref/8.0.21/ref/net8.0/System.Linq.dll /reference:/usr/share/dotnet/packs/Microsoft.NETCore.App.Ref/8.0.21/ref/net8.0/System.Linq.Expressions.dll /reference:/usr/share/dotnet/packs/Microsoft.NETCore.App.Ref/8.0.21/ref/net8.0/System.Linq.Parallel.dll /reference:/usr/share/dotnet/packs/Microsoft.NETCore.App.Ref/8.0.21/ref/net8.0/System.Linq.Queryable.dll /reference:/home/saidul/.nuget/packages/system.memory.data/1.0.2/lib/netstandard2.0/System.Memory.Data.dll /reference:/usr/share/dotnet/packs/Microsoft.NETCore.App.Ref/8.0.21/ref/net8.0/System.Memory.dll /reference:/usr/share/dotnet/packs/Microsoft.NETCore.App.Ref/8.0.21/ref/net8.0/System.Net.dll /reference:/usr/share/dotnet/packs/Microsoft.NETCore.App.Ref/8.0.21/ref/net8.0/System.Net.Http.dll /reference:/usr/share/dotnet/packs/Microsoft.NETCore.App.Ref/8.0.21/ref/net8.0/System.Net.Http.Json.dll /reference:/usr/share/dotnet/packs/Microsoft.NETCore.App.Ref/8.0.21/ref/net8.0/System.Net.HttpListener.dll /reference:/usr/share/dotnet/packs/Microsoft.NETCore.App.Ref/8.0.21/ref/net8.0/System.Net.Mail.dll /reference:/usr/share/dotnet/packs/Microsoft.NETCore.App.Ref/8.0.21/ref/net8.0/System.Net.NameResolution.dll /reference:/usr/share/dotnet/packs/Microsoft.NETCore.App.Ref/8.0.21/ref/net8.0/System.Net.NetworkInformation.dll /reference:/usr/share/dotnet/packs/Microsoft.NETCore.App.Ref/8.0.21/ref/net8.0/System.Net.Ping.dll /reference:/usr/share/dotnet/packs/Microsoft.NETCore.App.Ref/8.0.21/ref/net8.0/System.Net.Primitives.dll /reference:/usr/share/dotnet/packs/Microsoft.NETCore.App.Ref/8.0.21/ref/net8.0/System.Net.Quic.dll /reference:/usr/share/dotnet/packs/Microsoft.NETCore.App.Ref/8.0.21/ref/net8.0/System.Net.Requests.dll /reference:/usr/share/dotnet/packs/Microsoft.NETCore.App.Ref/8.0.21/ref/net8.0/System.Net.Security.dll /reference:/usr/share/dotnet/packs/Microsoft.NETCore.App.Ref/8.0.21/ref/net8.0/System.Net.ServicePoint.dll /reference:/usr/share/dotnet/packs/Microsoft.NETCore.App.Ref/8.0.21/ref/net8.0/System.Net.Sockets.dll /reference:/usr/share/dotnet/packs/Microsoft.NETCore.App.Ref/8.0.21/ref/net8.0/System.Net.WebClient.dll /reference:/usr/share/dotnet/packs/Microsoft.NETCore.App.Ref/8.0.21/ref/net8.0/System.Net.WebHeaderCollection.dll /reference:/usr/share/dotnet/packs/Microsoft.NETCore.App.Ref/8.0.21/ref/net8.0/System.Net.WebProxy.dll /reference:/usr/share/dotnet/packs/Microsoft.NETCore.App.Ref/8.0.21/ref/net8.0/System.Net.WebSockets.Client.dll /reference:/usr/share/dotnet/packs/Microsoft.NETCore.App.Ref/8.0.21/ref/net8.0/System.Net.WebSockets.dll /reference:/usr/share/dotnet/packs/Microsoft.NETCore.App.Ref/8.0.21/ref/net8.0/System.Numerics.dll /reference:/usr/share/dotnet/packs/Microsoft.NETCore.App.Ref/8.0.21/ref/net8.0/System.Numerics.Vectors.dll /reference:/usr/share/dotnet/packs/Microsoft.NETCore.App.Ref/8.0.21/ref/net8.0/System.ObjectModel.dll /reference:/usr/share/dotnet/packs/Microsoft.NETCore.App.Ref/8.0.21/ref/net8.0/System.Reflection.DispatchProxy.dll /reference:/usr/share/dotnet/packs/Microsoft.NETCore.App.Ref/8.0.21/ref/net8.0/System.Reflection.dll /reference:/usr/share/dotnet/packs/Microsoft.NETCore.App.Ref/8.0.21/ref/net8.0/System.Reflection.Emit.dll /reference:/usr/share/dotnet/packs/Microsoft.NETCore.App.Ref/8.0.21/ref/net8.0/System.Reflection.Emit.ILGeneration.dll /reference:/usr/share/dotnet/packs/Microsoft.NETCore.App.Ref/8.0.21/ref/net8.0/System.Reflection.Emit.Lightweight.dll /reference:/usr/share/dotnet/packs/Microsoft.NETCore.App.Ref/8.0.21/ref/net8.0/System.Reflection.Extensions.dll /reference:/usr/share/dotnet/packs/Microsoft.NETCore.App.Ref/8.0.21/ref/net8.0/System.Reflection.Metadata.dll /reference:/usr/share/dotnet/packs/Microsoft.NETCore.App.Ref/8.0.21/ref/net8.0/System.Reflection.Primitives.dll /reference:/usr/share/dotnet/packs/Microsoft.NETCore.App.Ref/8.0.21/ref/net8.0/System.Reflection.TypeExtensions.dll /reference:/usr/share/dotnet/packs/Microsoft.NETCore.App.Ref/8.0.21/ref/net8.0/System.Resources.Reader.dll /reference:/usr/share/dotnet/packs/Microsoft.NETCore.App.Ref/8.0.21/ref/net8.0/System.Resources.ResourceManager.dll /reference:/usr/share/dotnet/packs/Microsoft.NETCore.App.Ref/8.0.21/ref/net8.0/System.Resources.Writer.dll /reference:/usr/share/dotnet/packs/Microsoft.NETCore.App.Ref/8.0.21/ref/net8.0/System.Runtime.CompilerServices.Unsafe.dll /reference:/usr/share/dotnet/packs/Microsoft.NETCore.App.Ref/8.0.21/ref/net8.0/System.Runtime.CompilerServices.VisualC.dll /reference:/usr/share/dotnet/packs/Microsoft.NETCore.App.Ref/8.0.21/ref/net8.0/System.Runtime.dll /reference:/usr/share/dotnet/packs/Microsoft.NETCore.App.Ref/8.0.21/ref/net8.0/System.Runtime.Extensions.dll /reference:/usr/share/dotnet/packs/Microsoft.NETCore.App.Ref/8.0.21/ref/net8.0/System.Runtime.Handles.dll /reference:/usr/share/dotnet/packs/Microsoft.NETCore.App.Ref/8.0.21/ref/net8.0/System.Runtime.InteropServices.dll /reference:/usr/share/dotnet/packs/Microsoft.NETCore.App.Ref/8.0.21/ref/net8.0/System.Runtime.InteropServices.JavaScript.dll /reference:/usr/share/dotnet/packs/Microsoft.NETCore.App.Ref/8.0.21/ref/net8.0/System.Runtime.InteropServices.RuntimeInformation.dll /reference:/usr/share/dotnet/packs/Microsoft.NETCore.App.Ref/8.0.21/ref/net8.0/System.Runtime.Intrinsics.dll /reference:/usr/share/dotnet/packs/Microsoft.NETCore.App.Ref/8.0.21/ref/net8.0/System.Runtime.Loader.dll /reference:/usr/share/dotnet/packs/Microsoft.NETCore.App.Ref/8.0.21/ref/net8.0/System.Runtime.Numerics.dll /reference:/usr/share/dotnet/packs/Microsoft.NETCore.App.Ref/8.0.21/ref/net8.0/System.Runtime.Serialization.dll /reference:/usr/share/dotnet/packs/Microsoft.NETCore.App.Ref/8.0.21/ref/net8.0/System.Runtime.Serialization.Formatters.dll /reference:/usr/share/dotnet/packs/Microsoft.NETCore.App.Ref/8.0.21/ref/net8.0/System.Runtime.Serialization.Json.dll /reference:/usr/share/dotnet/packs/Microsoft.NETCore.App.Ref/8.0.21/ref/net8.0/System.Runtime.Serialization.Primitives.dll /reference:/usr/share/dotnet/packs/Microsoft.NETCore.App.Ref/8.0.21/ref/net8.0/System.Runtime.Serialization.Xml.dll /reference:/usr/share/dotnet/packs/Microsoft.NETCore.App.Ref/8.0.21/ref/net8.0/System.Security.AccessControl.dll /reference:/usr/share/dotnet/packs/Microsoft.NETCore.App.Ref/8.0.21/ref/net8.0/System.Security.Claims.dll /reference:/usr/share/dotnet/packs/Microsoft.NETCore.App.Ref/8.0.21/ref/net8.0/System.Security.Cryptography.Algorithms.dll /reference:/usr/share/dotnet/packs/Microsoft.NETCore.App.Ref/8.0.21/ref/net8.0/System.Security.Cryptography.Cng.dll /reference:/usr/share/dotnet/packs/Microsoft.NETCore.App.Ref/8.0.21/ref/net8.0/System.Security.Cryptography.Csp.dll /reference:/usr/share/dotnet/packs/Microsoft.NETCore.App.Ref/8.0.21/ref/net8.0/System.Security.Cryptography.dll /reference:/usr/share/dotnet/packs/Microsoft.NETCore.App.Ref/8.0.21/ref/net8.0/System.Security.Cryptography.Encoding.dll /reference:/usr/share/dotnet/packs/Microsoft.NETCore.App.Ref/8.0.21/ref/net8.0/System.Security.Cryptography.OpenSsl.dll /reference:/usr/share/dotnet/packs/Microsoft.NETCore.App.Ref/8.0.21/ref/net8.0/System.Security.Cryptography.Primitives.dll /reference:/home/saidul/.nuget/packages/system.security.cryptography.protecteddata/6.0.0/lib/net6.0/System.Security.Cryptography.ProtectedData.dll /reference:/usr/share/dotnet/packs/Microsoft.NETCore.App.Ref/8.0.21/ref/net8.0/System.Security.Cryptography.X509Certificates.dll /reference:/usr/share/dotnet/packs/Microsoft.NETCore.App.Ref/8.0.21/ref/net8.0/System.Security.dll /reference:/usr/share/dotnet/packs/Microsoft.NETCore.App.Ref/8.0.21/ref/net8.0/System.Security.Principal.dll /reference:/usr/share/dotnet/packs/Microsoft.NETCore.App.Ref/8.0.21/ref/net8.0/System.Security.Principal.Windows.dll /reference:/usr/share/dotnet/packs/Microsoft.NETCore.App.Ref/8.0.21/ref/net8.0/System.Security.SecureString.dll /reference:/usr/share/dotnet/packs/Microsoft.NETCore.App.Ref/8.0.21/ref/net8.0/System.ServiceModel.Web.dll /reference:/usr/share/dotnet/packs/Microsoft.NETCore.App.Ref/8.0.21/ref/net8.0/System.ServiceProcess.dll /reference:/usr/share/dotnet/packs/Microsoft.NETCore.App.Ref/8.0.21/ref/net8.0/System.Text.Encoding.CodePages.dll /reference:/usr/share/dotnet/packs/Microsoft.NETCore.App.Ref/8.0.21/ref/net8.0/System.Text.Encoding.dll /reference:/usr/share/dotnet/packs/Microsoft.NETCore.App.Ref/8.0.21/ref/net8.0/System.Text.Encoding.Extensions.dll /reference:/usr/share/dotnet/packs/Microsoft.NETCore.App.Ref/8.0.21/ref/net8.0/System.Text.Encodings.Web.dll /reference:/usr/share/dotnet/packs/Microsoft.NETCore.App.Ref/8.0.21/ref/net8.0/System.Text.Json.dll /reference:/usr/share/dotnet/packs/Microsoft.NETCore.App.Ref/8.0.21/ref/net8.0/System.Text.RegularExpressions.dll /reference:/usr/share/dotnet/packs/Microsoft.NETCore.App.Ref/8.0.21/ref/net8.0/System.Threading.Channels.dll /reference:/usr/share/dotnet/packs/Microsoft.NETCore.App.Ref/8.0.21/ref/net8.0/System.Threading.dll /reference:/usr/share/dotnet/packs/Microsoft.NETCore.App.Ref/8.0.21/ref/net8.0/System.Threading.Overlapped.dll /reference:/usr/share/dotnet/packs/Microsoft.NETCore.App.Ref/8.0.21/ref/net8.0/System.Threading.Tasks.Dataflow.dll /reference:/usr/share/dotnet/packs/Microsoft.NETCore.App.Ref/8.0.21/ref/net8.0/System.Threading.Tasks.dll /reference:/usr/share/dotnet/packs/Microsoft.NETCore.App.Ref/8.0.21/ref/net8.0/System.Threading.Tasks.Extensions.dll /reference:/usr/share/dotnet/packs/Microsoft.NETCore.App.Ref/8.0.21/ref/net8.0/System.Threading.Tasks.Parallel.dll /reference:/usr/share/dotnet/packs/Microsoft.NETCore.App.Ref/8.0.21/ref/net8.0/System.Threading.Thread.dll /reference:/usr/share/dotnet/packs/Microsoft.NETCore.App.Ref/8.0.21/ref/net8.0/System.Threading.ThreadPool.dll /reference:/usr/share/dotnet/packs/Microsoft.NETCore.App.Ref/8.0.21/ref/net8.0/System.Threading.Timer.dll /reference:/usr/share/dotnet/packs/Microsoft.NETCore.App.Ref/8.0.21/ref/net8.0/System.Transactions.dll /reference:/usr/share/dotnet/packs/Microsoft.NETCore.App.Ref/8.0.21/ref/net8.0/System.Transactions.Local.dll /reference:/usr/share/dotnet/packs/Microsoft.NETCore.App.Ref/8.0.21/ref/net8.0/System.ValueTuple.dll /reference:/usr/share/dotnet/packs/Microsoft.NETCore.App.Ref/8.0.21/ref/net8.0/System.Web.dll /reference:/usr/share/dotnet/packs/Microsoft.NETCore.App.Ref/8.0.21/ref/net8.0/System.Web.HttpUtility.dll /reference:/usr/share/dotnet/packs/Microsoft.NETCore.App.Ref/8.0.21/ref/net8.0/System.Windows.dll /reference:/usr/share/dotnet/packs/Microsoft.NETCore.App.Ref/8.0.21/ref/net8.0/System.Xml.dll /reference:/usr/share/dotnet/packs/Microsoft.NETCore.App.Ref/8.0.21/ref/net8.0/System.Xml.Linq.dll /reference:/usr/share/dotnet/packs/Microsoft.NETCore.App.Ref/8.0.21/ref/net8.0/System.Xml.ReaderWriter.dll /reference:/usr/share/dotnet/packs/Microsoft.NETCore.App.Ref/8.0.21/ref/net8.0/System.Xml.Serialization.dll /reference:/usr/share/dotnet/packs/Microsoft.NETCore.App.Ref/8.0.21/ref/net8.0/System.Xml.XDocument.dll /reference:/usr/share/dotnet/packs/Microsoft.NETCore.App.Ref/8.0.21/ref/net8.0/System.Xml.XmlDocument.dll /reference:/usr/share/dotnet/packs/Microsoft.NETCore.App.Ref/8.0.21/ref/net8.0/System.Xml.XmlSerializer.dll /reference:/usr/share/dotnet/packs/Microsoft.NETCore.App.Ref/8.0.21/ref/net8.0/System.Xml.XPath.dll /reference:/usr/share/dotnet/packs/Microsoft.NETCore.App.Ref/8.0.21/ref/net8.0/System.Xml.XPath.XDocument.dll /reference:/usr/share/dotnet/packs/Microsoft.NETCore.App.Ref/8.0.21/ref/net8.0/WindowsBase.dll /debug- /debug:portable /filealign:512 /optimize+ /out:obj/Release/net8.0/KChief.VesselControl.dll /refout:obj/Release/net8.0/refint/KChief.VesselControl.dll /target:library /warnaserror- /utf8output /deterministic+ /sourcelink:obj/Release/net8.0/KChief.VesselControl.sourcelink.json /langversion:12.0 /embed:obj/Release/net8.0/KChief.VesselControl.GlobalUsings.g.cs /embed:"obj/Release/net8.0/.NETCoreApp,Version=v8.0.AssemblyAttributes.cs" /embed:obj/Release/net8.0/KChief.VesselControl.AssemblyInfo.cs /analyzerconfig:obj/Release/net8.0/KChief.VesselControl.GeneratedMSBuildEditorConfig.editorconfig /analyzerconfig:/usr/share/dotnet/sdk/8.0.415/Sdks/Microsoft.NET.Sdk/analyzers/build/config/analysislevel_8_default.globalconfig /analyzer:/usr/share/dotnet/sdk/8.0.415/Sdks/Microsoft.NET.Sdk/targets/../analyzers/Microsoft.CodeAnalysis.CSharp.NetAnalyzers.dll /analyzer:/usr/share/dotnet/sdk/8.0.415/Sdks/Microsoft.NET.Sdk/targets/../analyzers/Microsoft.CodeAnalysis.NetAnalyzers.dll /analyzer:/home/saidul/.nuget/packages/microsoft.codeanalysis.analyzers/3.3.3/analyzers/dotnet/cs/Microsoft.CodeAnalysis.Analyzers.dll /analyzer:/home/saidul/.nuget/packages/microsoft.codeanalysis.analyzers/3.3.3/analyzers/dotnet/cs/Microsoft.CodeAnalysis.CSharp.Analyzers.dll /analyzer:/home/saidul/.nuget/packages/microsoft.entityframeworkcore.analyzers/8.0.0/analyzers/dotnet/cs/Microsoft.EntityFrameworkCore.Analyzers.dll /analyzer:/home/saidul/.nuget/packages/microsoft.extensions.logging.abstractions/8.0.1/analyzers/dotnet/roslyn4.4/cs/Microsoft.Extensions.Logging.Generators.dll /analyzer:/home/saidul/.nuget/packages/microsoft.extensions.options/8.0.0/analyzers/dotnet/roslyn4.4/cs/Microsoft.Extensions.Options.SourceGeneration.dll /analyzer:/usr/share/dotnet/packs/Microsoft.NETCore.App.Ref/8.0.21/analyzers/dotnet/cs/Microsoft.Interop.ComInterfaceGenerator.dll /analyzer:/usr/share/dotnet/packs/Microsoft.NETCore.App.Ref/8.0.21/analyzers/dotnet/cs/Microsoft.Interop.JavaScript.JSImportGenerator.dll /analyzer:/usr/share/dotnet/packs/Microsoft.NETCore.App.Ref/8.0.21/analyzers/dotnet/cs/Microsoft.Interop.LibraryImportGenerator.dll /analyzer:/usr/share/dotnet/packs/Microsoft.NETCore.App.Ref/8.0.21/analyzers/dotnet/cs/Microsoft.Interop.SourceGeneration.dll /analyzer:/usr/share/dotnet/packs/Microsoft.NETCore.App.Ref/8.0.21/analyzers/dotnet/cs/System.Text.Json.SourceGeneration.dll /analyzer:/usr/share/dotnet/packs/Microsoft.NETCore.App.Ref/8.0.21/analyzers/dotnet/cs/System.Text.RegularExpressions.Generator.dll Legacy/LegacyVesselController.cs Services/DatabaseVesselControlService.cs Services/ModernizedVesselController.cs Services/ResilientVesselControlService.cs Services/VesselControlService.cs obj/Release/net8.0/KChief.VesselControl.GlobalUsings.g.cs "obj/Release/net8.0/.NETCoreApp,Version=v8.0.AssemblyAttributes.cs" obj/Release/net8.0/KChief.VesselControl.AssemblyInfo.cs /warnaserror+:NU1605,SYSLIB0011
         Microsoft (R) Visual C# Compiler version 4.11.0-3.24554.2 (bc1c3011)
         Copyright (C) Microsoft Corporation. All rights reserved.
         CompilerServer: server - server processed compilation - KChief.VesselControl (net8.0)
       Done executing task "Csc".
       Task "CallTarget" skipped, due to false condition; ('$(TargetsTriggeredByCompilation)' != '') was evaluated as ('' != '').
   2:8>Done building target "CoreCompile" in project "KChief.VesselControl.csproj".
       Target "_TouchLastBuildWithSkipAnalyzers" skipped, due to false condition; ('$(_SkipAnalyzers)' == 'true') was evaluated as ('' == 'true').
       Target "_TimeStampAfterCompile" skipped, due to false condition; ('$(RunPostBuildEvent)'=='OnOutputUpdated' or ('$(RegisterForComInterop)'=='true' and '$(OutputType)'=='library')) was evaluated as (''=='OnOutputUpdated' or (''=='true' and 'Library'=='library')).
   2:8>Target "AfterCompile" in file "/usr/share/dotnet/sdk/8.0.415/Microsoft.Common.CurrentVersion.targets" from project "/home/saidul/Desktop/K-Chief Marine Automation Platform/src/KChief.VesselControl/KChief.VesselControl.csproj" (target "Compile" depends on it):
   2:8>Done building target "AfterCompile" in project "KChief.VesselControl.csproj".
       Target "_CreateAppHost" skipped, due to false condition; ('$(ComputeNETCoreBuildOutputFiles)' == 'true' and
                            '$(AppHostSourcePath)' != '' and
                            Exists('@(IntermediateAssembly)') and
                            Exists('$(AppHostSourcePath)')) was evaluated as ('true' == 'true' and
                            '' != '' and
                            Exists('obj/Release/net8.0/KChief.VesselControl.dll') and
                            Exists('')).
       Target "_CreateComHost" skipped, due to false condition; ('$(ComputeNETCoreBuildOutputFiles)' == 'true' and
                            '$(ComHostIntermediatePath)' != '' and
                            Exists('@(IntermediateAssembly)') and
                            Exists('$(ComHostSourcePath)')) was evaluated as ('true' == 'true' and
                            '' != '' and
                            Exists('obj/Release/net8.0/KChief.VesselControl.dll') and
                            Exists('')).
       Target "_GetIjwHostPaths" skipped, due to false condition; ('$(UseIJWHost)' == 'true') was evaluated as ('' == 'true').
   2:8>Target "Compile" in file "/usr/share/dotnet/sdk/8.0.415/Microsoft.Common.CurrentVersion.targets" from project "/home/saidul/Desktop/K-Chief Marine Automation Platform/src/KChief.VesselControl/KChief.VesselControl.csproj" (target "CoreBuild" depends on it):
   2:8>Done building target "Compile" in project "KChief.VesselControl.csproj".
       Target "ExportWindowsMDFile" skipped, due to false condition; ('$(ExportWinMDFile)' == 'true') was evaluated as ('' == 'true').
       Target "UnmanagedUnregistration" skipped, due to false condition; ((('$(_AssemblyTimestampBeforeCompile)' != '$(_AssemblyTimestampAfterCompile)' or '$(RegisterForComInterop)' != 'true' or '$(OutputType)' != 'library') or
                           ('$(_AssemblyTimestampBeforeCompile)' == '')) and
                          Exists('@(_UnmanagedRegistrationCache)')) was evaluated as ((('' != '' or '' != 'true' or 'Library' != 'library') or
                           ('' == '')) and
                          Exists('obj/KChief.VesselControl.csproj.UnmanagedRegistration.cache')).
       Target "GenerateSerializationAssemblies" skipped, due to false condition; ('$(_SGenGenerateSerializationAssembliesConfig)' == 'On' or ('@(WebReferenceUrl)'!='' and '$(_SGenGenerateSerializationAssembliesConfig)' == 'Auto')) was evaluated as ('Auto' == 'On' or (''!='' and 'Auto' == 'Auto')).
   2:8>Target "_GenerateSatelliteAssemblyInputs" in file "/usr/share/dotnet/sdk/8.0.415/Microsoft.Common.CurrentVersion.targets" from project "/home/saidul/Desktop/K-Chief Marine Automation Platform/src/KChief.VesselControl/KChief.VesselControl.csproj" (target "CreateSatelliteAssemblies" depends on it):
       Task "Warning" skipped, due to false condition; ('@(ManifestResourceWithCulture)'!='' and '%(ManifestResourceWithCulture.EmittedForCompatibilityOnly)'=='') was evaluated as (''!='' and ''=='').
       Task "Warning" skipped, due to false condition; ('@(ManifestNonResxWithCultureOnDisk)'!='' and '%(ManifestNonResxWithCultureOnDisk.EmittedForCompatibilityOnly)'=='') was evaluated as (''!='' and ''=='').
   2:8>Done building target "_GenerateSatelliteAssemblyInputs" in project "KChief.VesselControl.csproj".
       Target "ComputeIntermediateSatelliteAssemblies" skipped, due to false condition; (@(EmbeddedResource->'%(WithCulture)') != '') was evaluated as ( != '').
       Target "GenerateSatelliteAssemblies" skipped, due to false condition; ('@(_SatelliteAssemblyResourceInputs)' != '' and '$(GenerateSatelliteAssembliesForCore)' != 'true') was evaluated as ('' != '' and 'true' != 'true').
       Target "CoreGenerateSatelliteAssemblies" skipped, due to false condition; ('@(_SatelliteAssemblyResourceInputs)' != ''  and '$(GenerateSatelliteAssembliesForCore)' == 'true' ) was evaluated as ('' != ''  and 'true' == 'true' ).
   2:8>Target "CreateSatelliteAssemblies" in file "/usr/share/dotnet/sdk/8.0.415/Microsoft.Common.CurrentVersion.targets" from project "/home/saidul/Desktop/K-Chief Marine Automation Platform/src/KChief.VesselControl/KChief.VesselControl.csproj" (target "CoreBuild" depends on it):
   2:8>Done building target "CreateSatelliteAssemblies" in project "KChief.VesselControl.csproj".
       Target "GenerateManifests" skipped, due to false condition; ('$(GenerateClickOnceManifests)'=='true' or '@(NativeReference)'!='' or '@(ResolvedIsolatedComModules)'!='' or '$(GenerateAppxManifest)' == 'true') was evaluated as (''=='true' or ''!='' or ''!='' or '' == 'true').
   2:8>Target "GetTargetPathWithTargetPlatformMoniker" in file "/usr/share/dotnet/sdk/8.0.415/Microsoft.Common.CurrentVersion.targets" from project "/home/saidul/Desktop/K-Chief Marine Automation Platform/src/KChief.VesselControl/KChief.VesselControl.csproj" (target "GetTargetPath" depends on it):
   2:8>Done building target "GetTargetPathWithTargetPlatformMoniker" in project "KChief.VesselControl.csproj".
   2:8>Target "GetTargetPath" in file "/usr/share/dotnet/sdk/8.0.415/Microsoft.Common.CurrentVersion.targets" from project "/home/saidul/Desktop/K-Chief Marine Automation Platform/src/KChief.VesselControl/KChief.VesselControl.csproj" (target "CoreBuild" depends on it):
   2:8>Done building target "GetTargetPath" in project "KChief.VesselControl.csproj".
       Target "ComputeIntermediateSatelliteAssemblies" skipped, due to false condition; (@(EmbeddedResource->'%(WithCulture)') != '') was evaluated as ( != '').
   2:8>Target "_CopyFilesMarkedCopyLocal" in file "/usr/share/dotnet/sdk/8.0.415/Microsoft.Common.CurrentVersion.targets" from project "/home/saidul/Desktop/K-Chief Marine Automation Platform/src/KChief.VesselControl/KChief.VesselControl.csproj" (target "CopyFilesToOutputDirectory" depends on it):
       Using "Copy" task from assembly "Microsoft.Build.Tasks.Core, Version=15.1.0.0, Culture=neutral, PublicKeyToken=b03f5f7f11d50a3a".
       Task "Copy"
         Copying file from "/home/saidul/Desktop/K-Chief Marine Automation Platform/src/KChief.Platform.Core/bin/Release/net8.0/KChief.Platform.Core.dll" to "/home/saidul/Desktop/K-Chief Marine Automation Platform/src/KChief.VesselControl/bin/Release/net8.0/KChief.Platform.Core.dll".
         Copying file from "/home/saidul/Desktop/K-Chief Marine Automation Platform/src/KChief.DataAccess/bin/Release/net8.0/KChief.DataAccess.pdb" to "/home/saidul/Desktop/K-Chief Marine Automation Platform/src/KChief.VesselControl/bin/Release/net8.0/KChief.DataAccess.pdb".
         Copying file from "/home/saidul/Desktop/K-Chief Marine Automation Platform/src/KChief.DataAccess/bin/Release/net8.0/KChief.DataAccess.dll" to "/home/saidul/Desktop/K-Chief Marine Automation Platform/src/KChief.VesselControl/bin/Release/net8.0/KChief.DataAccess.dll".
         Copying file from "/home/saidul/Desktop/K-Chief Marine Automation Platform/src/KChief.Platform.Core/bin/Release/net8.0/KChief.Platform.Core.pdb" to "/home/saidul/Desktop/K-Chief Marine Automation Platform/src/KChief.VesselControl/bin/Release/net8.0/KChief.Platform.Core.pdb".
       Done executing task "Copy".
       Using "Touch" task from assembly "Microsoft.Build.Tasks.Core, Version=15.1.0.0, Culture=neutral, PublicKeyToken=b03f5f7f11d50a3a".
       Task "Touch"
         Touching "/home/saidul/Desktop/K-Chief Marine Automation Platform/src/KChief.VesselControl/obj/Release/net8.0/KChief.V.56673482.Up2Date".
       Done executing task "Touch".
   2:8>Done building target "_CopyFilesMarkedCopyLocal" in project "KChief.VesselControl.csproj".
       Target "AssignTargetPaths" skipped. Previously built successfully.
       Target "AssignProjectConfiguration" skipped. Previously built successfully.
       Target "_SplitProjectReferencesByFileExistence" skipped. Previously built successfully.
       Target "_GetProjectReferenceTargetFrameworkProperties" skipped. Previously built successfully.
   2:8>Target "_PopulateCommonStateForGetCopyToOutputDirectoryItems" in file "/usr/share/dotnet/sdk/8.0.415/Microsoft.Common.CurrentVersion.targets" from project "/home/saidul/Desktop/K-Chief Marine Automation Platform/src/KChief.VesselControl/KChief.VesselControl.csproj" (target "GetCopyToOutputDirectoryItems" depends on it):
   2:8>Done building target "_PopulateCommonStateForGetCopyToOutputDirectoryItems" in project "KChief.VesselControl.csproj".
       Target "AddDepsJsonAndRuntimeConfigToCopyItemsForReferencingProjects" skipped, due to false condition; ('$(HasRuntimeOutput)' == 'true') was evaluated as ('' == 'true').
   2:8>Target "GetCopyToOutputDirectoryItems" in file "/usr/share/dotnet/sdk/8.0.415/Microsoft.Common.CurrentVersion.targets" from project "/home/saidul/Desktop/K-Chief Marine Automation Platform/src/KChief.VesselControl/KChief.VesselControl.csproj" (target "_CopySourceItemsToOutputDirectory" depends on it):
       Using "CallTarget" task from assembly "Microsoft.Build.Tasks.Core, Version=15.1.0.0, Culture=neutral, PublicKeyToken=b03f5f7f11d50a3a".
       Task "CallTarget"
       Target "_PopulateCommonStateForGetCopyToOutputDirectoryItems" skipped. Previously built successfully.
       Target "_AddOutputPathToGlobalPropertiesToRemove" skipped. Previously built successfully.
   2:8>Target "_GetCopyToOutputDirectoryItemsFromTransitiveProjectReferences" in file "/usr/share/dotnet/sdk/8.0.415/Microsoft.Common.CurrentVersion.targets" from project "/home/saidul/Desktop/K-Chief Marine Automation Platform/src/KChief.VesselControl/KChief.VesselControl.csproj" (target "GetCopyToOutputDirectoryItems" depends on it):
       Task "MSBuild"
         Global Properties:
           Configuration=Release
           Platform=AnyCPU
         Removing Properties for project "../KChief.Platform.Core/KChief.Platform.Core.csproj":
           TargetFramework
           RuntimeIdentifier
           SelfContained
         Removing Properties for project "../KChief.DataAccess/KChief.DataAccess.csproj":
           TargetFramework
           RuntimeIdentifier
           SelfContained
   2:8>Project "/home/saidul/Desktop/K-Chief Marine Automation Platform/src/KChief.VesselControl/KChief.VesselControl.csproj" (2:8) is building "/home/saidul/Desktop/K-Chief Marine Automation Platform/src/KChief.Platform.Core/KChief.Platform.Core.csproj" (10:39) on node 1 (GetCopyToOutputDirectoryItems target(s)).
 10:39>Target "GetCopyToOutputDirectoryItems" skipped. Previously built successfully.
 10:39>Done Building Project "/home/saidul/Desktop/K-Chief Marine Automation Platform/src/KChief.Platform.Core/KChief.Platform.Core.csproj" (GetCopyToOutputDirectoryItems target(s)).
   2:8>Project "/home/saidul/Desktop/K-Chief Marine Automation Platform/src/KChief.VesselControl/KChief.VesselControl.csproj" (2:8) is building "/home/saidul/Desktop/K-Chief Marine Automation Platform/src/KChief.DataAccess/KChief.DataAccess.csproj" (8:18) on node 6 (GetCopyToOutputDirectoryItems target(s)).
  8:18>Target "GetCopyToOutputDirectoryItems" skipped. Previously built successfully.
  8:18>Done Building Project "/home/saidul/Desktop/K-Chief Marine Automation Platform/src/KChief.DataAccess/KChief.DataAccess.csproj" (GetCopyToOutputDirectoryItems target(s)).
   2:8>Done executing task "MSBuild".
       Task "AssignTargetPath"
       Done executing task "AssignTargetPath".
   2:8>Done building target "_GetCopyToOutputDirectoryItemsFromTransitiveProjectReferences" in project "KChief.VesselControl.csproj".
       Done executing task "CallTarget".
       Task "CallTarget"
       Target "AssignTargetPaths" skipped. Previously built successfully.
       Target "_PopulateCommonStateForGetCopyToOutputDirectoryItems" skipped. Previously built successfully.
       Target "AddDepsJsonAndRuntimeConfigToCopyItemsForReferencingProjects" skipped, due to false condition; ('$(HasRuntimeOutput)' == 'true') was evaluated as ('' == 'true').
   2:8>Target "_GetCopyToOutputDirectoryItemsFromThisProject" in file "/usr/share/dotnet/sdk/8.0.415/Microsoft.Common.CurrentVersion.targets" from project "/home/saidul/Desktop/K-Chief Marine Automation Platform/src/KChief.VesselControl/KChief.VesselControl.csproj" (target "GetCopyToOutputDirectoryItems" depends on it):
       Task "AssignTargetPath"
       Done executing task "AssignTargetPath".
   2:8>Done building target "_GetCopyToOutputDirectoryItemsFromThisProject" in project "KChief.VesselControl.csproj".
       Done executing task "CallTarget".
   2:8>Done building target "GetCopyToOutputDirectoryItems" in project "KChief.VesselControl.csproj".
       Target "_CopyOutOfDateSourceItemsToOutputDirectory" skipped, due to false condition; ( '@(_SourceItemsToCopyToOutputDirectory)' != '' ) was evaluated as ( '' != '' ).
       Target "_CopyOutOfDateSourceItemsToOutputDirectoryAlways" skipped, due to false condition; ( '@(_SourceItemsToCopyToOutputDirectoryAlways)' != '' ) was evaluated as ( '' != '' ).
   2:8>Target "_CopySourceItemsToOutputDirectory" in file "/usr/share/dotnet/sdk/8.0.415/Microsoft.Common.CurrentVersion.targets" from project "/home/saidul/Desktop/K-Chief Marine Automation Platform/src/KChief.VesselControl/KChief.VesselControl.csproj" (target "CopyFilesToOutputDirectory" depends on it):
   2:8>Done building target "_CopySourceItemsToOutputDirectory" in project "KChief.VesselControl.csproj".
       Target "_CopyAppConfigFile" skipped, due to false condition; ( '@(AppConfigWithTargetPath)' != '' ) was evaluated as ( '' != '' ).
       Target "_CopyManifestFiles" skipped, due to false condition; ( '$(_DeploymentCopyApplicationManifest)'=='true' or '$(GenerateClickOnceManifests)'=='true' ) was evaluated as ( ''=='true' or ''=='true' ).
   2:8>Target "_CheckForCompileOutputs" in file "/usr/share/dotnet/sdk/8.0.415/Microsoft.Common.CurrentVersion.targets" from project "/home/saidul/Desktop/K-Chief Marine Automation Platform/src/KChief.VesselControl/KChief.VesselControl.csproj" (target "CopyFilesToOutputDirectory" depends on it):
   2:8>Done building target "_CheckForCompileOutputs" in project "KChief.VesselControl.csproj".
       Target "_SGenCheckForOutputs" skipped, due to false condition; ('$(_SGenGenerateSerializationAssembliesConfig)' == 'On' or ('@(WebReferenceUrl)'!='' and '$(_SGenGenerateSerializationAssembliesConfig)' == 'Auto')) was evaluated as ('Auto' == 'On' or (''!='' and 'Auto' == 'Auto')).
       Target "_DefaultMicrosoftNETPlatformLibrary" skipped. Previously built successfully.
       Target "_HandlePackageFileConflicts" skipped. Previously built successfully.
       Target "ResolveAssemblyReferences" skipped. Previously built successfully.
   2:8>Target "_ComputeReferenceAssemblies" in file "/usr/share/dotnet/sdk/8.0.415/Sdks/Microsoft.NET.Sdk/targets/Microsoft.NET.Sdk.targets" from project "/home/saidul/Desktop/K-Chief Marine Automation Platform/src/KChief.VesselControl/KChief.VesselControl.csproj" (target "GenerateBuildDependencyFile" depends on it):
   2:8>Done building target "_ComputeReferenceAssemblies" in project "KChief.VesselControl.csproj".
   2:8>Target "_ComputeUserRuntimeAssemblies" in file "/usr/share/dotnet/sdk/8.0.415/Sdks/Microsoft.NET.Sdk/targets/Microsoft.NET.Sdk.targets" from project "/home/saidul/Desktop/K-Chief Marine Automation Platform/src/KChief.VesselControl/KChief.VesselControl.csproj" (target "GenerateBuildDependencyFile" depends on it):
   2:8>Done building target "_ComputeUserRuntimeAssemblies" in project "KChief.VesselControl.csproj".
       Target "ResolveRuntimePackAssets" skipped, due to false condition; ('@(RuntimePack)' != '') was evaluated as ('' != '').
       Target "_ComputePackageReferencePublish" skipped. Previously built successfully.
       Target "ComputeDependencyFileCompilerOptions" skipped, due to false condition; ('$(PreserveCompilationContext)' == 'true') was evaluated as ('' == 'true').
   2:8>Target "GenerateBuildDependencyFile" in file "/usr/share/dotnet/sdk/8.0.415/Sdks/Microsoft.NET.Sdk/targets/Microsoft.NET.Sdk.targets" from project "/home/saidul/Desktop/K-Chief Marine Automation Platform/src/KChief.VesselControl/KChief.VesselControl.csproj" (target "CopyFilesToOutputDirectory" depends on it):
       Skipping target "GenerateBuildDependencyFile" because all output files are up-to-date with respect to the input files.
       Input files: 
           /home/saidul/Desktop/K-Chief Marine Automation Platform/src/KChief.VesselControl/obj/project.assets.json
           /home/saidul/Desktop/K-Chief Marine Automation Platform/src/KChief.VesselControl/obj/Release/net8.0/KChief.VesselControl.assets.cache
           /home/saidul/Desktop/K-Chief Marine Automation Platform/src/KChief.VesselControl/KChief.VesselControl.csproj
           /usr/share/dotnet/sdk/8.0.415/Current/Microsoft.Common.targets/ImportAfter/Microsoft.TestPlatform.ImportAfter.targets
       Output files: /home/saidul/Desktop/K-Chief Marine Automation Platform/src/KChief.VesselControl/bin/Release/net8.0/KChief.VesselControl.deps.json
   2:8>Done building target "GenerateBuildDependencyFile" in project "KChief.VesselControl.csproj".
       Target "GenerateBuildRuntimeConfigurationFiles" skipped, due to false condition; ( '$(GenerateRuntimeConfigurationFiles)' == 'true') was evaluated as ( '' == 'true').
       Target "GenerateShimsAssets" skipped, due to false condition; ('$(PackAsTool)' == 'true' and $(PackAsToolShimRuntimeIdentifiers) != '' ) was evaluated as ('' == 'true' and  != '' ).
   2:8>Target "CopyFilesToOutputDirectory" in file "/usr/share/dotnet/sdk/8.0.415/Microsoft.Common.CurrentVersion.targets" from project "/home/saidul/Desktop/K-Chief Marine Automation Platform/src/KChief.VesselControl/KChief.VesselControl.csproj" (target "PrepareForRun" depends on it):
       Task "Copy"
         Copying file from "/home/saidul/Desktop/K-Chief Marine Automation Platform/src/KChief.VesselControl/obj/Release/net8.0/KChief.VesselControl.dll" to "/home/saidul/Desktop/K-Chief Marine Automation Platform/src/KChief.VesselControl/bin/Release/net8.0/KChief.VesselControl.dll".
       Done executing task "Copy".
       Using "CopyRefAssembly" task from assembly "/usr/share/dotnet/sdk/8.0.415/Roslyn/Microsoft.Build.Tasks.CodeAnalysis.dll".
       Task "CopyRefAssembly"
         Source reference assembly "obj/Release/net8.0/refint/KChief.VesselControl.dll" (timestamp "2025-11-06T19:46:52.0773385Z", MVID "1e7a7f02-0527-4784-9f04-45621de8210c") differs from destination "/home/saidul/Desktop/K-Chief Marine Automation Platform/src/KChief.VesselControl/obj/Release/net8.0/ref/KChief.VesselControl.dll" (timestamp "2025-11-06T19:40:57.4373342Z", MVID "30689993-1dc9-4034-b0e5-9034c214e3cf").
         Copying reference assembly from "obj/Release/net8.0/refint/KChief.VesselControl.dll" to "/home/saidul/Desktop/K-Chief Marine Automation Platform/src/KChief.VesselControl/obj/Release/net8.0/ref/KChief.VesselControl.dll".
       Done executing task "CopyRefAssembly".
       Task "Message"
         KChief.VesselControl -> /home/saidul/Desktop/K-Chief Marine Automation Platform/src/KChief.VesselControl/bin/Release/net8.0/KChief.VesselControl.dll
       Done executing task "Message".
       Task "Copy" skipped, due to false condition; ('@(AddModules)' != '') was evaluated as ('' != '').
       Task "Copy" skipped, due to false condition; ('$(_SGenDllCreated)'=='true') was evaluated as ('false'=='true').
       Task "Copy"
         Copying file from "/home/saidul/Desktop/K-Chief Marine Automation Platform/src/KChief.VesselControl/obj/Release/net8.0/KChief.VesselControl.pdb" to "/home/saidul/Desktop/K-Chief Marine Automation Platform/src/KChief.VesselControl/bin/Release/net8.0/KChief.VesselControl.pdb".
       Done executing task "Copy".
       Task "Copy" skipped, due to false condition; ('$(_DocumentationFileProduced)'=='true' and '$(CopyDocumentationFileToOutputDirectory)'=='true') was evaluated as ('false'=='true' and 'true'=='true').
       Task "Copy" skipped, due to false condition; ('@(IntermediateSatelliteAssembliesWithTargetPath)' != '') was evaluated as ('' != '').
       Task "Copy" skipped, due to false condition; ('@(ReferenceComWrappersToCopyLocal)' != '' or '@(ResolvedIsolatedComModules)' != '' or '@(_DeploymentLooseManifestFile)' != '' or '@(NativeReferenceFile)' != '' ) was evaluated as ('' != '' or '' != '' or '' != '' or '' != '' ).
       Task "Copy" skipped, due to false condition; ('$(SkipCopyWinMDArtifact)' != 'true' and '@(WinMDExpArtifacts)' != '') was evaluated as ('' != 'true' and '' != '').
       Task "Message" skipped, due to false condition; ('$(SkipCopyWinMDArtifact)' != 'true' and '$(_WindowsMetadataOutputPath)' != '') was evaluated as ('' != 'true' and '' != '').
   2:8>Done building target "CopyFilesToOutputDirectory" in project "KChief.VesselControl.csproj".
       Target "_CopyReferenceOnlyAssembliesForBuild" skipped, due to false condition; ('$(PreserveCompilationReferences)' == 'true') was evaluated as ('' == 'true').
   2:8>Target "PrepareForRun" in file "/usr/share/dotnet/sdk/8.0.415/Microsoft.Common.CurrentVersion.targets" from project "/home/saidul/Desktop/K-Chief Marine Automation Platform/src/KChief.VesselControl/KChief.VesselControl.csproj" (target "CoreBuild" depends on it):
   2:8>Done building target "PrepareForRun" in project "KChief.VesselControl.csproj".
       Target "UnmanagedRegistration" skipped, due to false condition; ('$(RegisterForComInterop)'=='true' and '$(OutputType)'=='library') was evaluated as (''=='true' and 'Library'=='library').
       Target "_CheckForCompileOutputs" skipped. Previously built successfully.
       Target "_SGenCheckForOutputs" skipped, due to false condition; ('$(_SGenGenerateSerializationAssembliesConfig)' == 'On' or ('@(WebReferenceUrl)'!='' and '$(_SGenGenerateSerializationAssembliesConfig)' == 'Auto')) was evaluated as ('Auto' == 'On' or (''!='' and 'Auto' == 'Auto')).
   2:8>Target "_CleanGetCurrentAndPriorFileWrites" in file "/usr/share/dotnet/sdk/8.0.415/Microsoft.Common.CurrentVersion.targets" from project "/home/saidul/Desktop/K-Chief Marine Automation Platform/src/KChief.VesselControl/KChief.VesselControl.csproj" (target "IncrementalClean" depends on it):
       Using "ReadLinesFromFile" task from assembly "Microsoft.Build.Tasks.Core, Version=15.1.0.0, Culture=neutral, PublicKeyToken=b03f5f7f11d50a3a".
       Task "ReadLinesFromFile"
       Done executing task "ReadLinesFromFile".
       Task "ConvertToAbsolutePath"
       Done executing task "ConvertToAbsolutePath".
       Using "FindUnderPath" task from assembly "Microsoft.Build.Tasks.Core, Version=15.1.0.0, Culture=neutral, PublicKeyToken=b03f5f7f11d50a3a".
       Task "FindUnderPath"
         Comparison path is "/home/saidul/Desktop/K-Chief Marine Automation Platform/src/KChief.VesselControl".
       Done executing task "FindUnderPath".
       Task "FindUnderPath"
         Comparison path is "bin/Release/net8.0/".
       Done executing task "FindUnderPath".
       Task "FindUnderPath"
         Comparison path is "obj/Release/net8.0/".
       Done executing task "FindUnderPath".
       Task "RemoveDuplicates"
       Done executing task "RemoveDuplicates".
   2:8>Done building target "_CleanGetCurrentAndPriorFileWrites" in project "KChief.VesselControl.csproj".
   2:8>Target "IncrementalClean" in file "/usr/share/dotnet/sdk/8.0.415/Microsoft.Common.CurrentVersion.targets" from project "/home/saidul/Desktop/K-Chief Marine Automation Platform/src/KChief.VesselControl/KChief.VesselControl.csproj" (target "CoreBuild" depends on it):
       Task "FindUnderPath"
         Comparison path is "bin/Release/net8.0/".
       Done executing task "FindUnderPath".
       Task "FindUnderPath"
         Comparison path is "obj/Release/net8.0/".
       Done executing task "FindUnderPath".
       Using "Delete" task from assembly "Microsoft.Build.Tasks.Core, Version=15.1.0.0, Culture=neutral, PublicKeyToken=b03f5f7f11d50a3a".
       Task "Delete"
       Done executing task "Delete".
       Task "RemoveDuplicates"
       Done executing task "RemoveDuplicates".
       Task "WriteLinesToFile" skipped, due to false condition; ('@(_CleanUnfilteredPriorFileWrites)'!='@(_CleanUniqueRemainingFileWritesAfterIncrementalClean)') was evaluated as ('/home/saidul/Desktop/K-Chief Marine Automation Platform/src/KChief.VesselControl/bin/Release/net8.0/KChief.VesselControl.deps.json;/home/saidul/Desktop/K-Chief Marine Automation Platform/src/KChief.VesselControl/bin/Release/net8.0/KChief.VesselControl.dll;/home/saidul/Desktop/K-Chief Marine Automation Platform/src/KChief.VesselControl/bin/Release/net8.0/KChief.VesselControl.pdb;...'!='/home/saidul/Desktop/K-Chief Marine Automation Platform/src/KChief.VesselControl/bin/Release/net8.0/KChief.VesselControl.deps.json;/home/saidul/Desktop/K-Chief Marine Automation Platform/src/KChief.VesselControl/bin/Release/net8.0/KChief.VesselControl.dll;/home/saidul/Desktop/K-Chief Marine Automation Platform/src/KChief.VesselControl/bin/Release/net8.0/KChief.VesselControl.pdb;...').
   2:8>Done building target "IncrementalClean" in project "KChief.VesselControl.csproj".
       Target "PostBuildEvent" skipped, due to false condition; ('$(PostBuildEvent)' != '' and ('$(RunPostBuildEvent)' != 'OnOutputUpdated' or '$(_AssemblyTimestampBeforeCompile)' != '$(_AssemblyTimestampAfterCompile)')) was evaluated as ('' != '' and ('' != 'OnOutputUpdated' or '' != '')).
       Target "GenerateBuildDependencyFile" skipped. Previously built successfully.
       Target "GenerateBuildRuntimeConfigurationFiles" skipped, due to false condition; ( '$(GenerateRuntimeConfigurationFiles)' == 'true') was evaluated as ( '' == 'true').
   2:8>Target "CoreBuild" in file "/usr/share/dotnet/sdk/8.0.415/Microsoft.Common.CurrentVersion.targets" from project "/home/saidul/Desktop/K-Chief Marine Automation Platform/src/KChief.VesselControl/KChief.VesselControl.csproj" (target "Build" depends on it):
   2:8>Done building target "CoreBuild" in project "KChief.VesselControl.csproj".
   2:8>Target "AfterBuild" in file "/usr/share/dotnet/sdk/8.0.415/Microsoft.Common.CurrentVersion.targets" from project "/home/saidul/Desktop/K-Chief Marine Automation Platform/src/KChief.VesselControl/KChief.VesselControl.csproj" (target "Build" depends on it):
   2:8>Done building target "AfterBuild" in project "KChief.VesselControl.csproj".
       Target "_CheckBrowserWorkloadNeededButNotAvailable" skipped, due to false condition; ('$(RuntimeIdentifier)' == 'browser-wasm' and '$(_BrowserWorkloadDisabled)' != 'true' and '$(WasmNativeWorkloadAvailable)' != 'true') was evaluated as ('' == 'browser-wasm' and '' != 'true' and '' != 'true').
       Target "_ErrorWorkloadDisabledForTFMLessThan6" skipped, due to false condition; ('$(_BrowserWorkloadNotSupportedForTFM)' == 'true') was evaluated as ('' == 'true').
       Target "_ErrorDualWasmThreadPropsOn7" skipped, due to false condition; ('$(TargetsNet7)' == 'true' and '$(RuntimeIdentifier)' == 'browser-wasm' and
           '$(BrowserWorkloadDisabled)' != 'true' and '$(WasmEnableThreads)' == 'true' and '$(WasmEnablePerfTrace)' == 'true') was evaluated as ('' == 'true' and '' == 'browser-wasm' and
           '' != 'true' and '' == 'true' and '' == 'true').
       Target "_CheckForInvalidConfigurationAndPlatform" skipped. Previously built successfully.
       Target "_CheckForInvalidConfigurationAndPlatform" skipped. Previously built successfully.
   2:8>Target "Build" in file "/usr/share/dotnet/sdk/8.0.415/Microsoft.Common.CurrentVersion.targets" from project "/home/saidul/Desktop/K-Chief Marine Automation Platform/src/KChief.VesselControl/KChief.VesselControl.csproj" (entry point):
   2:8>Done building target "Build" in project "KChief.VesselControl.csproj".
       Target "_PackAsBuildAfterTarget" skipped, due to false condition; ('$(GeneratePackageOnBuild)' == 'true' AND '$(IsInnerBuild)' != 'true') was evaluated as ('false' == 'true' AND '' != 'true').
   2:8>Target "_CheckContainersPackage" in file "/usr/share/dotnet/sdk/8.0.415/Containers/build/Microsoft.NET.Build.Containers.targets" from project "/home/saidul/Desktop/K-Chief Marine Automation Platform/src/KChief.VesselControl/KChief.VesselControl.csproj" (entry point):
       Task "Warning" skipped, due to false condition; ($(_ContainerPackageIsPresent)
               and (
                 ($(_SdkCanPublishWeb) and $(_IsWebProject)) or
                 ($(_SdkCanPublishWorker) and $(_IsWorkerProject)) or
                 ($(_SdkCanPublishConsole) and '$(EnableSdkContainerSupport)' == 'true')
               )) was evaluated as (false
               and (
                 (True and false) or
                 (True and false) or
                 (True and '' == 'true')
               )).
   2:8>Done building target "_CheckContainersPackage" in project "KChief.VesselControl.csproj".
   2:8>Done Building Project "/home/saidul/Desktop/K-Chief Marine Automation Platform/src/KChief.VesselControl/KChief.VesselControl.csproj" (default targets).
   9:8>Project "/home/saidul/Desktop/K-Chief Marine Automation Platform/src/KChief.Platform.API/KChief.Platform.API.csproj" (9:8) is building "/home/saidul/Desktop/K-Chief Marine Automation Platform/src/KChief.VesselControl/KChief.VesselControl.csproj" (2:12) on node 9 (default targets).
  2:12>Target "Build" skipped. Previously built successfully.
  2:12>Done Building Project "/home/saidul/Desktop/K-Chief Marine Automation Platform/src/KChief.VesselControl/KChief.VesselControl.csproj" (default targets).
   6:6>Project "/home/saidul/Desktop/K-Chief Marine Automation Platform/tests/KChief.Integration.Tests/KChief.Integration.Tests.csproj" (6:6) is building "/home/saidul/Desktop/K-Chief Marine Automation Platform/src/KChief.VesselControl/KChief.VesselControl.csproj" (2:13) on node 9 (default targets).
  2:13>Target "Build" skipped. Previously built successfully.
  2:13>Done Building Project "/home/saidul/Desktop/K-Chief Marine Automation Platform/src/KChief.VesselControl/KChief.VesselControl.csproj" (default targets).
   3:6>Project "/home/saidul/Desktop/K-Chief Marine Automation Platform/tests/KChief.Platform.Tests/KChief.Platform.Tests.csproj" (3:6) is building "/home/saidul/Desktop/K-Chief Marine Automation Platform/src/KChief.VesselControl/KChief.VesselControl.csproj" (2:14) on node 9 (default targets).
  2:14>Target "Build" skipped. Previously built successfully.
  2:14>Done Building Project "/home/saidul/Desktop/K-Chief Marine Automation Platform/src/KChief.VesselControl/KChief.VesselControl.csproj" (default targets).
   9:8>Done executing task "MSBuild".
       Task "MSBuild"
         Global Properties:
           Configuration=Release
           Platform=AnyCPU
         Removing Properties:
           WebPublishProfileFile
         Removing Properties for project "../KChief.Platform.Core/KChief.Platform.Core.csproj":
           TargetFramework
           RuntimeIdentifier
           SelfContained
         Removing Properties for project "../KChief.DataAccess/KChief.DataAccess.csproj":
           TargetFramework
           RuntimeIdentifier
           SelfContained
         Removing Properties for project "../KChief.VesselControl/KChief.VesselControl.csproj":
           TargetFramework
           RuntimeIdentifier
           SelfContained
         Removing Properties for project "../KChief.AlarmSystem/KChief.AlarmSystem.csproj":
           TargetFramework
           RuntimeIdentifier
           SelfContained
         Removing Properties for project "../KChief.Protocols.OPC/KChief.Protocols.OPC.csproj":
           TargetFramework
           RuntimeIdentifier
           SelfContained
         Removing Properties for project "../KChief.Protocols.Modbus/KChief.Protocols.Modbus.csproj":
           TargetFramework
           RuntimeIdentifier
           SelfContained
   9:8>Project "/home/saidul/Desktop/K-Chief Marine Automation Platform/src/KChief.Platform.API/KChief.Platform.API.csproj" (9:8) is building "/home/saidul/Desktop/K-Chief Marine Automation Platform/src/KChief.Platform.Core/KChief.Platform.Core.csproj" (10:40) on node 1 (GetNativeManifest target(s)).
 10:40>Target "GetNativeManifest" skipped. Previously built successfully.
 10:40>Done Building Project "/home/saidul/Desktop/K-Chief Marine Automation Platform/src/KChief.Platform.Core/KChief.Platform.Core.csproj" (GetNativeManifest target(s)).
   9:8>Project "/home/saidul/Desktop/K-Chief Marine Automation Platform/src/KChief.Platform.API/KChief.Platform.API.csproj" (9:8) is building "/home/saidul/Desktop/K-Chief Marine Automation Platform/src/KChief.DataAccess/KChief.DataAccess.csproj" (8:19) on node 6 (GetNativeManifest target(s)).
  8:19>Target "GetNativeManifest" skipped. Previously built successfully.
  8:19>Done Building Project "/home/saidul/Desktop/K-Chief Marine Automation Platform/src/KChief.DataAccess/KChief.DataAccess.csproj" (GetNativeManifest target(s)).
   9:8>Project "/home/saidul/Desktop/K-Chief Marine Automation Platform/src/KChief.Platform.API/KChief.Platform.API.csproj" (9:8) is building "/home/saidul/Desktop/K-Chief Marine Automation Platform/src/KChief.AlarmSystem/KChief.AlarmSystem.csproj" (7:14) on node 5 (GetNativeManifest target(s)).
  7:14>Target "GetNativeManifest" in file "/usr/share/dotnet/sdk/8.0.415/Microsoft.Common.CurrentVersion.targets" from project "/home/saidul/Desktop/K-Chief Marine Automation Platform/src/KChief.AlarmSystem/KChief.AlarmSystem.csproj" (entry point):
  7:14>Done building target "GetNativeManifest" in project "KChief.AlarmSystem.csproj".
   9:8>Project "/home/saidul/Desktop/K-Chief Marine Automation Platform/src/KChief.Platform.API/KChief.Platform.API.csproj" (9:8) is building "/home/saidul/Desktop/K-Chief Marine Automation Platform/src/KChief.Protocols.OPC/KChief.Protocols.OPC.csproj" (5:14) on node 3 (GetNativeManifest target(s)).
  5:14>Target "GetNativeManifest" in file "/usr/share/dotnet/sdk/8.0.415/Microsoft.Common.CurrentVersion.targets" from project "/home/saidul/Desktop/K-Chief Marine Automation Platform/src/KChief.Protocols.OPC/KChief.Protocols.OPC.csproj" (entry point):
  5:14>Done building target "GetNativeManifest" in project "KChief.Protocols.OPC.csproj".
  7:14>Done Building Project "/home/saidul/Desktop/K-Chief Marine Automation Platform/src/KChief.AlarmSystem/KChief.AlarmSystem.csproj" (GetNativeManifest target(s)).
  5:14>Done Building Project "/home/saidul/Desktop/K-Chief Marine Automation Platform/src/KChief.Protocols.OPC/KChief.Protocols.OPC.csproj" (GetNativeManifest target(s)).
   9:8>Project "/home/saidul/Desktop/K-Chief Marine Automation Platform/src/KChief.Platform.API/KChief.Platform.API.csproj" (9:8) is building "/home/saidul/Desktop/K-Chief Marine Automation Platform/src/KChief.VesselControl/KChief.VesselControl.csproj" (2:15) on node 9 (GetNativeManifest target(s)).
  2:15>Target "GetNativeManifest" in file "/usr/share/dotnet/sdk/8.0.415/Microsoft.Common.CurrentVersion.targets" from project "/home/saidul/Desktop/K-Chief Marine Automation Platform/src/KChief.VesselControl/KChief.VesselControl.csproj" (entry point):
  2:15>Done building target "GetNativeManifest" in project "KChief.VesselControl.csproj".
  2:15>Done Building Project "/home/saidul/Desktop/K-Chief Marine Automation Platform/src/KChief.VesselControl/KChief.VesselControl.csproj" (GetNativeManifest target(s)).
   9:8>Project "/home/saidul/Desktop/K-Chief Marine Automation Platform/src/KChief.Platform.API/KChief.Platform.API.csproj" (9:8) is building "/home/saidul/Desktop/K-Chief Marine Automation Platform/src/KChief.Protocols.Modbus/KChief.Protocols.Modbus.csproj" (4:14) on node 8 (GetNativeManifest target(s)).
  4:14>Target "GetNativeManifest" in file "/usr/share/dotnet/sdk/8.0.415/Microsoft.Common.CurrentVersion.targets" from project "/home/saidul/Desktop/K-Chief Marine Automation Platform/src/KChief.Protocols.Modbus/KChief.Protocols.Modbus.csproj" (entry point):
  4:14>Done building target "GetNativeManifest" in project "KChief.Protocols.Modbus.csproj".
  4:14>Done Building Project "/home/saidul/Desktop/K-Chief Marine Automation Platform/src/KChief.Protocols.Modbus/KChief.Protocols.Modbus.csproj" (GetNativeManifest target(s)).
   9:8>Done executing task "MSBuild".
       Task "Warning" skipped, due to false condition; ('@(ProjectReferenceWithConfiguration)' != '' and '@(_MSBuildProjectReferenceNonexistent)' != '') was evaluated as ('../KChief.Platform.Core/KChief.Platform.Core.csproj;../KChief.DataAccess/KChief.DataAccess.csproj;../KChief.VesselControl/KChief.VesselControl.csproj;...' != '' and '' != '').
   9:8>Done building target "ResolveProjectReferences" in project "KChief.Platform.API.csproj".
       Target "FindInvalidProjectReferences" skipped, due to false condition; ('$(FindInvalidProjectReferences)' == 'true') was evaluated as ('' == 'true').
       Target "ResolveNativeReferences" skipped, due to false condition; ('@(NativeReference)'!='') was evaluated as (''!='').
       Target "ResolveProjectReferences" skipped. Previously built successfully.
       Target "FindInvalidProjectReferences" skipped, due to false condition; ('$(FindInvalidProjectReferences)' == 'true') was evaluated as ('' == 'true').
       Target "GetFrameworkPaths" skipped. Previously built successfully.
       Target "GetReferenceAssemblyPaths" skipped. Previously built successfully.
       Target "PrepareForBuild" skipped. Previously built successfully.
       Target "GetInstalledSDKLocations" skipped, due to false condition; ('@(SDKReference)' != '') was evaluated as ('' != '').
   9:8>Target "ResolveSDKReferences" in file "/usr/share/dotnet/sdk/8.0.415/Microsoft.Common.CurrentVersion.targets" from project "/home/saidul/Desktop/K-Chief Marine Automation Platform/src/KChief.Platform.API/KChief.Platform.API.csproj" (target "ResolveAssemblyReferences" depends on it):
       Task "ResolveSDKReference" skipped, due to false condition; ('@(SDKReference)'!='') was evaluated as (''!='').
   9:8>Done building target "ResolveSDKReferences" in project "KChief.Platform.API.csproj".
       Target "ResolveSDKReferences" skipped. Previously built successfully.
   9:8>Target "ExpandSDKReferences" in file "/usr/share/dotnet/sdk/8.0.415/Microsoft.Common.CurrentVersion.targets" from project "/home/saidul/Desktop/K-Chief Marine Automation Platform/src/KChief.Platform.API/KChief.Platform.API.csproj" (target "ResolveAssemblyReferences" depends on it):
       Task "GetSDKReferenceFiles" skipped, due to false condition; ('@(ResolvedSDKReference)'!='') was evaluated as (''!='').
   9:8>Done building target "ExpandSDKReferences" in project "KChief.Platform.API.csproj".
       Target "ResolvePackageDependenciesForBuild" skipped. Previously built successfully.
       Target "GetFrameworkPaths" skipped. Previously built successfully.
       Target "GetReferenceAssemblyPaths" skipped. Previously built successfully.
       Target "ProcessFrameworkReferences" skipped. Previously built successfully.
       Target "ResolvePackageAssets" skipped. Previously built successfully.
   9:8>Target "ResolveFrameworkReferences" in file "/usr/share/dotnet/sdk/8.0.415/Sdks/Microsoft.NET.Sdk/targets/Microsoft.NET.Sdk.FrameworkReferenceResolution.targets" from project "/home/saidul/Desktop/K-Chief Marine Automation Platform/src/KChief.Platform.API/KChief.Platform.API.csproj" (target "ResolveTargetingPackAssets" depends on it):
       Using "GetPackageDirectory" task from assembly "/usr/share/dotnet/sdk/8.0.415/Sdks/Microsoft.NET.Sdk/targets/../tools/net8.0/Microsoft.NET.Build.Tasks.dll".
       Task "GetPackageDirectory"
       Done executing task "GetPackageDirectory".
       Task "GetPackageDirectory"
       Done executing task "GetPackageDirectory".
       Task "GetPackageDirectory"
       Done executing task "GetPackageDirectory".
       Task "GetPackageDirectory"
       Done executing task "GetPackageDirectory".
       Task "GetPackageDirectory"
       Done executing task "GetPackageDirectory".
       Task "GetPackageDirectory"
       Done executing task "GetPackageDirectory".
       Task "GetPackageDirectory"
       Done executing task "GetPackageDirectory".
       Task "GetPackageDirectory"
       Done executing task "GetPackageDirectory".
       Task "GetPackageDirectory"
       Done executing task "GetPackageDirectory".
       Task "GetPackageDirectory"
       Done executing task "GetPackageDirectory".
       Using "ResolveFrameworkReferences" task from assembly "/usr/share/dotnet/sdk/8.0.415/Sdks/Microsoft.NET.Sdk/targets/../tools/net8.0/Microsoft.NET.Build.Tasks.dll".
       Task "ResolveFrameworkReferences"
       Done executing task "ResolveFrameworkReferences".
   9:8>Done building target "ResolveFrameworkReferences" in project "KChief.Platform.API.csproj".
   9:8>Target "ResolveTargetingPackAssets" in file "/usr/share/dotnet/sdk/8.0.415/Sdks/Microsoft.NET.Sdk/targets/Microsoft.NET.Sdk.FrameworkReferenceResolution.targets" from project "/home/saidul/Desktop/K-Chief Marine Automation Platform/src/KChief.Platform.API/KChief.Platform.API.csproj" (target "_HandlePackageFileConflicts" depends on it):
       Using "ResolveTargetingPackAssets" task from assembly "/usr/share/dotnet/sdk/8.0.415/Sdks/Microsoft.NET.Sdk/targets/../tools/net8.0/Microsoft.NET.Build.Tasks.dll".
       Task "ResolveTargetingPackAssets"
       Done executing task "ResolveTargetingPackAssets".
   9:8>Done building target "ResolveTargetingPackAssets" in project "KChief.Platform.API.csproj".
   9:8>Target "ResolveOffByDefaultAnalyzers" in file "/usr/share/dotnet/sdk/8.0.415/Sdks/Microsoft.NET.Sdk/targets/Microsoft.NET.Sdk.FrameworkReferenceResolution.targets" from project "/home/saidul/Desktop/K-Chief Marine Automation Platform/src/KChief.Platform.API/KChief.Platform.API.csproj" (target "_HandlePackageFileConflicts" depends on it):
   9:8>Done building target "ResolveOffByDefaultAnalyzers" in project "KChief.Platform.API.csproj".
   9:8>Target "_HandlePackageFileConflicts" in file "/usr/share/dotnet/sdk/8.0.415/Sdks/Microsoft.NET.Sdk/targets/Microsoft.NET.ConflictResolution.targets" from project "/home/saidul/Desktop/K-Chief Marine Automation Platform/src/KChief.Platform.API/KChief.Platform.API.csproj" (target "ResolveAssemblyReferences" depends on it):
       Using "ResolvePackageFileConflicts" task from assembly "/usr/share/dotnet/sdk/8.0.415/Sdks/Microsoft.NET.Sdk/targets/../tools/net8.0/Microsoft.NET.Build.Tasks.dll".
       Task "ResolvePackageFileConflicts"
         Encountered conflict between 'Reference:/home/saidul/.nuget/packages/system.collections.immutable/6.0.0/lib/net6.0/System.Collections.Immutable.dll' and 'Reference:/usr/share/dotnet/packs/Microsoft.NETCore.App.Ref/8.0.21/ref/net8.0/System.Collections.Immutable.dll'. Choosing 'Reference:/usr/share/dotnet/packs/Microsoft.NETCore.App.Ref/8.0.21/ref/net8.0/System.Collections.Immutable.dll' because AssemblyVersion '8.0.0.0' is greater than '6.0.0.0'.
         Encountered conflict between 'Reference:/home/saidul/.nuget/packages/system.diagnostics.diagnosticsource/9.0.0/lib/net8.0/System.Diagnostics.DiagnosticSource.dll' and 'Reference:/usr/share/dotnet/packs/Microsoft.NETCore.App.Ref/8.0.21/ref/net8.0/System.Diagnostics.DiagnosticSource.dll'. Choosing 'Reference:/home/saidul/.nuget/packages/system.diagnostics.diagnosticsource/9.0.0/lib/net8.0/System.Diagnostics.DiagnosticSource.dll' because AssemblyVersion '9.0.0.0' is greater than '8.0.0.0'.
         Encountered conflict between 'Reference:/home/saidul/.nuget/packages/system.formats.asn1/8.0.0/lib/net8.0/System.Formats.Asn1.dll' and 'Reference:/usr/share/dotnet/packs/Microsoft.NETCore.App.Ref/8.0.21/ref/net8.0/System.Formats.Asn1.dll'. Choosing 'Reference:/usr/share/dotnet/packs/Microsoft.NETCore.App.Ref/8.0.21/ref/net8.0/System.Formats.Asn1.dll' because file version '8.0.2125.47513' is greater than '8.0.23.53103'.
         Encountered conflict between 'Reference:/home/saidul/.nuget/packages/system.io.filesystem.accesscontrol/4.7.0/ref/netstandard2.0/System.IO.FileSystem.AccessControl.dll' and 'Reference:/usr/share/dotnet/packs/Microsoft.NETCore.App.Ref/8.0.21/ref/net8.0/System.IO.FileSystem.AccessControl.dll'. Choosing 'Reference:/usr/share/dotnet/packs/Microsoft.NETCore.App.Ref/8.0.21/ref/net8.0/System.IO.FileSystem.AccessControl.dll' because AssemblyVersion '8.0.0.0' is greater than '4.0.5.0'.
         Encountered conflict between 'Reference:/home/saidul/.nuget/packages/system.reflection.metadata/6.0.1/lib/net6.0/System.Reflection.Metadata.dll' and 'Reference:/usr/share/dotnet/packs/Microsoft.NETCore.App.Ref/8.0.21/ref/net8.0/System.Reflection.Metadata.dll'. Choosing 'Reference:/usr/share/dotnet/packs/Microsoft.NETCore.App.Ref/8.0.21/ref/net8.0/System.Reflection.Metadata.dll' because AssemblyVersion '8.0.0.0' is greater than '6.0.0.0'.
         Encountered conflict between 'Reference:/home/saidul/.nuget/packages/system.runtime.compilerservices.unsafe/6.0.0/lib/net6.0/System.Runtime.CompilerServices.Unsafe.dll' and 'Reference:/usr/share/dotnet/packs/Microsoft.NETCore.App.Ref/8.0.21/ref/net8.0/System.Runtime.CompilerServices.Unsafe.dll'. Choosing 'Reference:/usr/share/dotnet/packs/Microsoft.NETCore.App.Ref/8.0.21/ref/net8.0/System.Runtime.CompilerServices.Unsafe.dll' because AssemblyVersion '8.0.0.0' is greater than '6.0.0.0'.
         Encountered conflict between 'Reference:/home/saidul/.nuget/packages/system.security.accesscontrol/6.0.0/lib/net6.0/System.Security.AccessControl.dll' and 'Reference:/usr/share/dotnet/packs/Microsoft.NETCore.App.Ref/8.0.21/ref/net8.0/System.Security.AccessControl.dll'. Choosing 'Reference:/usr/share/dotnet/packs/Microsoft.NETCore.App.Ref/8.0.21/ref/net8.0/System.Security.AccessControl.dll' because AssemblyVersion '8.0.0.0' is greater than '6.0.0.0'.
         Encountered conflict between 'Reference:/home/saidul/.nuget/packages/system.security.cryptography.cng/5.0.0/ref/netcoreapp3.0/System.Security.Cryptography.Cng.dll' and 'Reference:/usr/share/dotnet/packs/Microsoft.NETCore.App.Ref/8.0.21/ref/net8.0/System.Security.Cryptography.Cng.dll'. Choosing 'Reference:/usr/share/dotnet/packs/Microsoft.NETCore.App.Ref/8.0.21/ref/net8.0/System.Security.Cryptography.Cng.dll' because AssemblyVersion '8.0.0.0' is greater than '5.0.0.0'.
         Encountered conflict between 'Reference:/home/saidul/.nuget/packages/system.security.principal.windows/5.0.0/ref/netcoreapp3.0/System.Security.Principal.Windows.dll' and 'Reference:/usr/share/dotnet/packs/Microsoft.NETCore.App.Ref/8.0.21/ref/net8.0/System.Security.Principal.Windows.dll'. Choosing 'Reference:/usr/share/dotnet/packs/Microsoft.NETCore.App.Ref/8.0.21/ref/net8.0/System.Security.Principal.Windows.dll' because AssemblyVersion '8.0.0.0' is greater than '5.0.0.0'.
         Encountered conflict between 'Reference:/home/saidul/.nuget/packages/system.text.encoding.codepages/6.0.0/lib/net6.0/System.Text.Encoding.CodePages.dll' and 'Reference:/usr/share/dotnet/packs/Microsoft.NETCore.App.Ref/8.0.21/ref/net8.0/System.Text.Encoding.CodePages.dll'. Choosing 'Reference:/usr/share/dotnet/packs/Microsoft.NETCore.App.Ref/8.0.21/ref/net8.0/System.Text.Encoding.CodePages.dll' because AssemblyVersion '8.0.0.0' is greater than '6.0.0.0'.
         Encountered conflict between 'Reference:/home/saidul/.nuget/packages/system.text.encodings.web/8.0.0/lib/net8.0/System.Text.Encodings.Web.dll' and 'Reference:/usr/share/dotnet/packs/Microsoft.NETCore.App.Ref/8.0.21/ref/net8.0/System.Text.Encodings.Web.dll'. Choosing 'Reference:/usr/share/dotnet/packs/Microsoft.NETCore.App.Ref/8.0.21/ref/net8.0/System.Text.Encodings.Web.dll' because file version '8.0.2125.47513' is greater than '8.0.23.53103'.
         Encountered conflict between 'Reference:/home/saidul/.nuget/packages/system.text.json/8.0.0/lib/net8.0/System.Text.Json.dll' and 'Reference:/usr/share/dotnet/packs/Microsoft.NETCore.App.Ref/8.0.21/ref/net8.0/System.Text.Json.dll'. Choosing 'Reference:/usr/share/dotnet/packs/Microsoft.NETCore.App.Ref/8.0.21/ref/net8.0/System.Text.Json.dll' because file version '8.0.2125.47513' is greater than '8.0.23.53103'.
         Encountered conflict between 'Reference:/home/saidul/.nuget/packages/system.threading.channels/7.0.0/lib/net7.0/System.Threading.Channels.dll' and 'Reference:/usr/share/dotnet/packs/Microsoft.NETCore.App.Ref/8.0.21/ref/net8.0/System.Threading.Channels.dll'. Choosing 'Reference:/usr/share/dotnet/packs/Microsoft.NETCore.App.Ref/8.0.21/ref/net8.0/System.Threading.Channels.dll' because AssemblyVersion '8.0.0.0' is greater than '7.0.0.0'.
         Encountered conflict between 'Reference:/home/saidul/.nuget/packages/microsoft.extensions.caching.abstractions/9.0.0/lib/net8.0/Microsoft.Extensions.Caching.Abstractions.dll' and 'Reference:/usr/share/dotnet/packs/Microsoft.AspNetCore.App.Ref/8.0.21/ref/net8.0/Microsoft.Extensions.Caching.Abstractions.dll'. Choosing 'Reference:/home/saidul/.nuget/packages/microsoft.extensions.caching.abstractions/9.0.0/lib/net8.0/Microsoft.Extensions.Caching.Abstractions.dll' because AssemblyVersion '9.0.0.0' is greater than '8.0.0.0'.
         Encountered conflict between 'Reference:/home/saidul/.nuget/packages/microsoft.extensions.caching.memory/9.0.0/lib/net8.0/Microsoft.Extensions.Caching.Memory.dll' and 'Reference:/usr/share/dotnet/packs/Microsoft.AspNetCore.App.Ref/8.0.21/ref/net8.0/Microsoft.Extensions.Caching.Memory.dll'. Choosing 'Reference:/home/saidul/.nuget/packages/microsoft.extensions.caching.memory/9.0.0/lib/net8.0/Microsoft.Extensions.Caching.Memory.dll' because AssemblyVersion '9.0.0.0' is greater than '8.0.0.0'.
         Encountered conflict between 'Reference:/home/saidul/.nuget/packages/microsoft.extensions.dependencyinjection.abstractions/9.0.0/lib/net8.0/Microsoft.Extensions.DependencyInjection.Abstractions.dll' and 'Reference:/usr/share/dotnet/packs/Microsoft.AspNetCore.App.Ref/8.0.21/ref/net8.0/Microsoft.Extensions.DependencyInjection.Abstractions.dll'. Choosing 'Reference:/home/saidul/.nuget/packages/microsoft.extensions.dependencyinjection.abstractions/9.0.0/lib/net8.0/Microsoft.Extensions.DependencyInjection.Abstractions.dll' because AssemblyVersion '9.0.0.0' is greater than '8.0.0.0'.
         Encountered conflict between 'Reference:/home/saidul/.nuget/packages/microsoft.extensions.logging.abstractions/9.0.0/lib/net8.0/Microsoft.Extensions.Logging.Abstractions.dll' and 'Reference:/usr/share/dotnet/packs/Microsoft.AspNetCore.App.Ref/8.0.21/ref/net8.0/Microsoft.Extensions.Logging.Abstractions.dll'. Choosing 'Reference:/home/saidul/.nuget/packages/microsoft.extensions.logging.abstractions/9.0.0/lib/net8.0/Microsoft.Extensions.Logging.Abstractions.dll' because AssemblyVersion '9.0.0.0' is greater than '8.0.0.0'.
         Encountered conflict between 'Reference:/home/saidul/.nuget/packages/microsoft.extensions.options/9.0.0/lib/net8.0/Microsoft.Extensions.Options.dll' and 'Reference:/usr/share/dotnet/packs/Microsoft.AspNetCore.App.Ref/8.0.21/ref/net8.0/Microsoft.Extensions.Options.dll'. Choosing 'Reference:/home/saidul/.nuget/packages/microsoft.extensions.options/9.0.0/lib/net8.0/Microsoft.Extensions.Options.dll' because AssemblyVersion '9.0.0.0' is greater than '8.0.0.0'.
         Encountered conflict between 'Reference:/home/saidul/.nuget/packages/microsoft.extensions.primitives/9.0.0/lib/net8.0/Microsoft.Extensions.Primitives.dll' and 'Reference:/usr/share/dotnet/packs/Microsoft.AspNetCore.App.Ref/8.0.21/ref/net8.0/Microsoft.Extensions.Primitives.dll'. Choosing 'Reference:/home/saidul/.nuget/packages/microsoft.extensions.primitives/9.0.0/lib/net8.0/Microsoft.Extensions.Primitives.dll' because AssemblyVersion '9.0.0.0' is greater than '8.0.0.0'.
         Encountered conflict between 'Analyzer:/home/saidul/.nuget/packages/system.text.json/8.0.0/analyzers/dotnet/roslyn4.4/cs/System.Text.Json.SourceGeneration.dll' and 'Analyzer:/usr/share/dotnet/packs/Microsoft.NETCore.App.Ref/8.0.21/analyzers/dotnet/cs/System.Text.Json.SourceGeneration.dll'. Choosing 'Analyzer:/usr/share/dotnet/packs/Microsoft.NETCore.App.Ref/8.0.21/analyzers/dotnet/cs/System.Text.Json.SourceGeneration.dll' because AssemblyVersion '8.0.12.47513' is greater than '8.0.9.3103'.
         Encountered conflict between 'Analyzer:/home/saidul/.nuget/packages/microsoft.extensions.logging.abstractions/9.0.0/analyzers/dotnet/roslyn4.4/cs/Microsoft.Extensions.Logging.Generators.dll' and 'Analyzer:/usr/share/dotnet/packs/Microsoft.AspNetCore.App.Ref/8.0.21/analyzers/dotnet/roslyn4.4/cs/Microsoft.Extensions.Logging.Generators.dll'. Choosing 'Analyzer:/home/saidul/.nuget/packages/microsoft.extensions.logging.abstractions/9.0.0/analyzers/dotnet/roslyn4.4/cs/Microsoft.Extensions.Logging.Generators.dll' because AssemblyVersion '9.0.11.2809' is greater than '8.0.12.47513'.
         Encountered conflict between 'Analyzer:/home/saidul/.nuget/packages/microsoft.extensions.options/9.0.0/analyzers/dotnet/roslyn4.4/cs/Microsoft.Extensions.Options.SourceGeneration.dll' and 'Analyzer:/usr/share/dotnet/packs/Microsoft.AspNetCore.App.Ref/8.0.21/analyzers/dotnet/roslyn4.4/cs/Microsoft.Extensions.Options.SourceGeneration.dll'. Choosing 'Analyzer:/home/saidul/.nuget/packages/microsoft.extensions.options/9.0.0/analyzers/dotnet/roslyn4.4/cs/Microsoft.Extensions.Options.SourceGeneration.dll' because AssemblyVersion '9.0.11.2809' is greater than '8.0.12.47513'.
         Encountered conflict between 'Platform:Microsoft.Extensions.Caching.Abstractions.dll' and 'CopyLocal:/home/saidul/.nuget/packages/microsoft.extensions.caching.abstractions/9.0.0/lib/net8.0/Microsoft.Extensions.Caching.Abstractions.dll'. Choosing 'CopyLocal:/home/saidul/.nuget/packages/microsoft.extensions.caching.abstractions/9.0.0/lib/net8.0/Microsoft.Extensions.Caching.Abstractions.dll' because AssemblyVersion '9.0.0.0' is greater than '8.0.0.0'.
         Encountered conflict between 'Platform:Microsoft.Extensions.Caching.Memory.dll' and 'CopyLocal:/home/saidul/.nuget/packages/microsoft.extensions.caching.memory/9.0.0/lib/net8.0/Microsoft.Extensions.Caching.Memory.dll'. Choosing 'CopyLocal:/home/saidul/.nuget/packages/microsoft.extensions.caching.memory/9.0.0/lib/net8.0/Microsoft.Extensions.Caching.Memory.dll' because AssemblyVersion '9.0.0.0' is greater than '8.0.0.0'.
         Encountered conflict between 'Platform:Microsoft.Extensions.DependencyInjection.Abstractions.dll' and 'CopyLocal:/home/saidul/.nuget/packages/microsoft.extensions.dependencyinjection.abstractions/9.0.0/lib/net8.0/Microsoft.Extensions.DependencyInjection.Abstractions.dll'. Choosing 'CopyLocal:/home/saidul/.nuget/packages/microsoft.extensions.dependencyinjection.abstractions/9.0.0/lib/net8.0/Microsoft.Extensions.DependencyInjection.Abstractions.dll' because AssemblyVersion '9.0.0.0' is greater than '8.0.0.0'.
         Encountered conflict between 'Platform:Microsoft.Extensions.Logging.Abstractions.dll' and 'CopyLocal:/home/saidul/.nuget/packages/microsoft.extensions.logging.abstractions/9.0.0/lib/net8.0/Microsoft.Extensions.Logging.Abstractions.dll'. Choosing 'CopyLocal:/home/saidul/.nuget/packages/microsoft.extensions.logging.abstractions/9.0.0/lib/net8.0/Microsoft.Extensions.Logging.Abstractions.dll' because AssemblyVersion '9.0.0.0' is greater than '8.0.0.0'.
         Encountered conflict between 'Platform:Microsoft.Extensions.Options.dll' and 'CopyLocal:/home/saidul/.nuget/packages/microsoft.extensions.options/9.0.0/lib/net8.0/Microsoft.Extensions.Options.dll'. Choosing 'CopyLocal:/home/saidul/.nuget/packages/microsoft.extensions.options/9.0.0/lib/net8.0/Microsoft.Extensions.Options.dll' because AssemblyVersion '9.0.0.0' is greater than '8.0.0.0'.
         Encountered conflict between 'Platform:Microsoft.Extensions.Primitives.dll' and 'CopyLocal:/home/saidul/.nuget/packages/microsoft.extensions.primitives/9.0.0/lib/net8.0/Microsoft.Extensions.Primitives.dll'. Choosing 'CopyLocal:/home/saidul/.nuget/packages/microsoft.extensions.primitives/9.0.0/lib/net8.0/Microsoft.Extensions.Primitives.dll' because AssemblyVersion '9.0.0.0' is greater than '8.0.0.0'.
         Encountered conflict between 'Platform:System.Collections.Immutable.dll' and 'CopyLocal:/home/saidul/.nuget/packages/system.collections.immutable/6.0.0/lib/net6.0/System.Collections.Immutable.dll'. Choosing 'Platform:System.Collections.Immutable.dll' because AssemblyVersion '8.0.0.0' is greater than '6.0.0.0'.
         Encountered conflict between 'Platform:System.Diagnostics.DiagnosticSource.dll' and 'CopyLocal:/home/saidul/.nuget/packages/system.diagnostics.diagnosticsource/9.0.0/lib/net8.0/System.Diagnostics.DiagnosticSource.dll'. Choosing 'CopyLocal:/home/saidul/.nuget/packages/system.diagnostics.diagnosticsource/9.0.0/lib/net8.0/System.Diagnostics.DiagnosticSource.dll' because AssemblyVersion '9.0.0.0' is greater than '8.0.0.0'.
         Encountered conflict between 'Platform:System.Formats.Asn1.dll' and 'CopyLocal:/home/saidul/.nuget/packages/system.formats.asn1/8.0.0/lib/net8.0/System.Formats.Asn1.dll'. Choosing 'Platform:System.Formats.Asn1.dll' because file version '8.0.2125.47513' is greater than '8.0.23.53103'.
         Encountered conflict between 'Platform:System.IO.FileSystem.AccessControl.dll' and 'CopyLocal:/home/saidul/.nuget/packages/system.io.filesystem.accesscontrol/4.7.0/lib/netstandard2.0/System.IO.FileSystem.AccessControl.dll'. Choosing 'Platform:System.IO.FileSystem.AccessControl.dll' because AssemblyVersion '8.0.0.0' is greater than '4.0.5.0'.
         Encountered conflict between 'Platform:System.Reflection.Metadata.dll' and 'CopyLocal:/home/saidul/.nuget/packages/system.reflection.metadata/6.0.1/lib/net6.0/System.Reflection.Metadata.dll'. Choosing 'Platform:System.Reflection.Metadata.dll' because AssemblyVersion '8.0.0.0' is greater than '6.0.0.0'.
         Encountered conflict between 'Platform:System.Runtime.CompilerServices.Unsafe.dll' and 'CopyLocal:/home/saidul/.nuget/packages/system.runtime.compilerservices.unsafe/6.0.0/lib/net6.0/System.Runtime.CompilerServices.Unsafe.dll'. Choosing 'Platform:System.Runtime.CompilerServices.Unsafe.dll' because AssemblyVersion '8.0.0.0' is greater than '6.0.0.0'.
         Encountered conflict between 'Platform:System.Security.AccessControl.dll' and 'CopyLocal:/home/saidul/.nuget/packages/system.security.accesscontrol/6.0.0/lib/net6.0/System.Security.AccessControl.dll'. Choosing 'Platform:System.Security.AccessControl.dll' because AssemblyVersion '8.0.0.0' is greater than '6.0.0.0'.
         Encountered conflict between 'Platform:System.Security.Cryptography.Cng.dll' and 'CopyLocal:/home/saidul/.nuget/packages/system.security.cryptography.cng/5.0.0/lib/netcoreapp3.0/System.Security.Cryptography.Cng.dll'. Choosing 'Platform:System.Security.Cryptography.Cng.dll' because AssemblyVersion '8.0.0.0' is greater than '5.0.0.0'.
         Encountered conflict between 'Platform:System.Security.Principal.Windows.dll' and 'CopyLocal:/home/saidul/.nuget/packages/system.security.principal.windows/5.0.0/lib/netstandard2.0/System.Security.Principal.Windows.dll'. Choosing 'Platform:System.Security.Principal.Windows.dll' because AssemblyVersion '8.0.0.0' is greater than '5.0.0.0'.
         Encountered conflict between 'Platform:System.Text.Encoding.CodePages.dll' and 'CopyLocal:/home/saidul/.nuget/packages/system.text.encoding.codepages/6.0.0/lib/net6.0/System.Text.Encoding.CodePages.dll'. Choosing 'Platform:System.Text.Encoding.CodePages.dll' because AssemblyVersion '8.0.0.0' is greater than '6.0.0.0'.
         Encountered conflict between 'Platform:System.Text.Encodings.Web.dll' and 'CopyLocal:/home/saidul/.nuget/packages/system.text.encodings.web/8.0.0/lib/net8.0/System.Text.Encodings.Web.dll'. Choosing 'Platform:System.Text.Encodings.Web.dll' because file version '8.0.2125.47513' is greater than '8.0.23.53103'.
         Encountered conflict between 'Platform:System.Text.Json.dll' and 'CopyLocal:/home/saidul/.nuget/packages/system.text.json/8.0.0/lib/net8.0/System.Text.Json.dll'. Choosing 'Platform:System.Text.Json.dll' because file version '8.0.2125.47513' is greater than '8.0.23.53103'.
         Encountered conflict between 'Platform:System.Threading.Channels.dll' and 'CopyLocal:/home/saidul/.nuget/packages/system.threading.channels/7.0.0/lib/net7.0/System.Threading.Channels.dll'. Choosing 'Platform:System.Threading.Channels.dll' because AssemblyVersion '8.0.0.0' is greater than '7.0.0.0'.
         Encountered conflict between 'Platform:System.IO.FileSystem.AccessControl.dll' and 'CopyLocal:/home/saidul/.nuget/packages/system.io.filesystem.accesscontrol/4.7.0/runtimes/win/lib/netstandard2.0/System.IO.FileSystem.AccessControl.dll'. Choosing 'Platform:System.IO.FileSystem.AccessControl.dll' because AssemblyVersion '8.0.0.0' is greater than '4.0.5.0'.
         Encountered conflict between 'Platform:System.Security.AccessControl.dll' and 'CopyLocal:/home/saidul/.nuget/packages/system.security.accesscontrol/6.0.0/runtimes/win/lib/net6.0/System.Security.AccessControl.dll'. Choosing 'Platform:System.Security.AccessControl.dll' because AssemblyVersion '8.0.0.0' is greater than '6.0.0.0'.
         Encountered conflict between 'Platform:System.Security.Cryptography.Cng.dll' and 'CopyLocal:/home/saidul/.nuget/packages/system.security.cryptography.cng/5.0.0/runtimes/win/lib/netcoreapp3.0/System.Security.Cryptography.Cng.dll'. Choosing 'Platform:System.Security.Cryptography.Cng.dll' because AssemblyVersion '8.0.0.0' is greater than '5.0.0.0'.
         Encountered conflict between 'Platform:System.Security.Principal.Windows.dll' and 'CopyLocal:/home/saidul/.nuget/packages/system.security.principal.windows/5.0.0/runtimes/unix/lib/netcoreapp2.1/System.Security.Principal.Windows.dll'. Choosing 'Platform:System.Security.Principal.Windows.dll' because AssemblyVersion '8.0.0.0' is greater than '5.0.0.0'.
         Encountered conflict between 'Platform:System.Security.Principal.Windows.dll' and 'CopyLocal:/home/saidul/.nuget/packages/system.security.principal.windows/5.0.0/runtimes/win/lib/netcoreapp2.1/System.Security.Principal.Windows.dll'. Choosing 'Platform:System.Security.Principal.Windows.dll' because AssemblyVersion '8.0.0.0' is greater than '5.0.0.0'.
         Encountered conflict between 'Platform:System.Text.Encoding.CodePages.dll' and 'CopyLocal:/home/saidul/.nuget/packages/system.text.encoding.codepages/6.0.0/runtimes/win/lib/net6.0/System.Text.Encoding.CodePages.dll'. Choosing 'Platform:System.Text.Encoding.CodePages.dll' because AssemblyVersion '8.0.0.0' is greater than '6.0.0.0'.
         Encountered conflict between 'Platform:System.Text.Encodings.Web.dll' and 'CopyLocal:/home/saidul/.nuget/packages/system.text.encodings.web/8.0.0/runtimes/browser/lib/net8.0/System.Text.Encodings.Web.dll'. Choosing 'Platform:System.Text.Encodings.Web.dll' because file version '8.0.2125.47513' is greater than '8.0.23.53103'.
         Encountered conflict between 'Platform:mscorlib.dll' and 'Platform:mscorlib.dll'. Could not determine winner due to equal file and assembly versions.
         Encountered conflict between 'Platform:Microsoft.VisualBasic.dll' and 'Platform:Microsoft.VisualBasic.dll'. Could not determine winner due to equal file and assembly versions.
         Encountered conflict between 'Platform:System.dll' and 'Platform:System.dll'. Could not determine winner due to equal file and assembly versions.
         Encountered conflict between 'Platform:System.ComponentModel.DataAnnotations.dll' and 'Platform:System.ComponentModel.DataAnnotations.dll'. Could not determine winner due to equal file and assembly versions.
         Encountered conflict between 'Platform:System.Configuration.dll' and 'Platform:System.Configuration.dll'. Could not determine winner due to equal file and assembly versions.
         Encountered conflict between 'Platform:System.Core.dll' and 'Platform:System.Core.dll'. Could not determine winner due to equal file and assembly versions.
         Encountered conflict between 'Platform:System.Data.dll' and 'Platform:System.Data.dll'. Could not determine winner due to equal file and assembly versions.
         Encountered conflict between 'Platform:System.Drawing.dll' and 'Platform:System.Drawing.dll'. Could not determine winner due to equal file and assembly versions.
         Encountered conflict between 'Platform:System.IO.Compression.FileSystem.dll' and 'Platform:System.IO.Compression.FileSystem.dll'. Could not determine winner due to equal file and assembly versions.
         Encountered conflict between 'Platform:System.Net.dll' and 'Platform:System.Net.dll'. Could not determine winner due to equal file and assembly versions.
         Encountered conflict between 'Platform:System.Numerics.dll' and 'Platform:System.Numerics.dll'. Could not determine winner due to equal file and assembly versions.
         Encountered conflict between 'Platform:System.Runtime.Serialization.dll' and 'Platform:System.Runtime.Serialization.dll'. Could not determine winner due to equal file and assembly versions.
         Encountered conflict between 'Platform:System.Security.dll' and 'Platform:System.Security.dll'. Could not determine winner due to equal file and assembly versions.
         Encountered conflict between 'Platform:System.ServiceProcess.dll' and 'Platform:System.ServiceProcess.dll'. Could not determine winner due to equal file and assembly versions.
         Encountered conflict between 'Platform:System.ServiceModel.Web.dll' and 'Platform:System.ServiceModel.Web.dll'. Could not determine winner due to equal file and assembly versions.
         Encountered conflict between 'Platform:System.Transactions.dll' and 'Platform:System.Transactions.dll'. Could not determine winner due to equal file and assembly versions.
         Encountered conflict between 'Platform:System.Web.dll' and 'Platform:System.Web.dll'. Could not determine winner due to equal file and assembly versions.
         Encountered conflict between 'Platform:System.Windows.dll' and 'Platform:System.Windows.dll'. Could not determine winner due to equal file and assembly versions.
         Encountered conflict between 'Platform:System.Xml.dll' and 'Platform:System.Xml.dll'. Could not determine winner due to equal file and assembly versions.
         Encountered conflict between 'Platform:System.Xml.Serialization.dll' and 'Platform:System.Xml.Serialization.dll'. Could not determine winner due to equal file and assembly versions.
         Encountered conflict between 'Platform:System.Xml.Linq.dll' and 'Platform:System.Xml.Linq.dll'. Could not determine winner due to equal file and assembly versions.
         Encountered conflict between 'Platform:WindowsBase.dll' and 'Platform:WindowsBase.dll'. Could not determine winner due to equal file and assembly versions.
         Encountered conflict between 'Platform:netstandard.dll' and 'Platform:netstandard.dll'. Could not determine winner due to equal file and assembly versions.
         Encountered conflict between 'Platform:System.Private.CoreLib.dll' and 'Platform:System.Private.CoreLib.dll'. Could not determine winner due to equal file and assembly versions.
         Encountered conflict between 'Platform:System.Private.DataContractSerialization.dll' and 'Platform:System.Private.DataContractSerialization.dll'. Could not determine winner due to equal file and assembly versions.
         Encountered conflict between 'Platform:System.Private.Uri.dll' and 'Platform:System.Private.Uri.dll'. Could not determine winner due to equal file and assembly versions.
         Encountered conflict between 'Platform:System.Private.Xml.dll' and 'Platform:System.Private.Xml.dll'. Could not determine winner due to equal file and assembly versions.
         Encountered conflict between 'Platform:System.Private.Xml.Linq.dll' and 'Platform:System.Private.Xml.Linq.dll'. Could not determine winner due to equal file and assembly versions.
         Encountered conflict between 'Platform:mscordaccore_amd64_amd64_8.0.2125.47513.dll' and 'Platform:mscordaccore_amd64_amd64_8.0.2125.47513.dll'. Could not determine winner due to equal file and assembly versions.
       Done executing task "ResolvePackageFileConflicts".
   9:8>Done building target "_HandlePackageFileConflicts" in project "KChief.Platform.API.csproj".
       Target "ResolveTargetingPackAssets" skipped. Previously built successfully.
   9:8>Target "ResolveAssemblyReferences" in file "/usr/share/dotnet/sdk/8.0.415/Microsoft.Common.CurrentVersion.targets" from project "/home/saidul/Desktop/K-Chief Marine Automation Platform/src/KChief.Platform.API/KChief.Platform.API.csproj" (target "ResolveReferences" depends on it):
       Using "ResolveAssemblyReference" task from assembly "Microsoft.Build.Tasks.Core, Version=15.1.0.0, Culture=neutral, PublicKeyToken=b03f5f7f11d50a3a".
       Task "ResolveAssemblyReference"
         TargetFrameworkMoniker:
             .NETCoreApp,Version=v8.0
         TargetFrameworkMonikerDisplayName:
             .NET 8.0
         TargetedRuntimeVersion:
             
         Assemblies:
             /home/saidul/.nuget/packages/aspnetcore.healthchecks.rabbitmq/8.0.1/lib/net6.0/HealthChecks.Rabbitmq.dll
                 Private = 'false'
                 HintPath = '/home/saidul/.nuget/packages/aspnetcore.healthchecks.rabbitmq/8.0.1/lib/net6.0/HealthChecks.Rabbitmq.dll'
             /home/saidul/.nuget/packages/aspnetcore.healthchecks.sqlite/8.0.1/lib/net6.0/HealthChecks.Sqlite.dll
                 Private = 'false'
                 HintPath = '/home/saidul/.nuget/packages/aspnetcore.healthchecks.sqlite/8.0.1/lib/net6.0/HealthChecks.Sqlite.dll'
             /home/saidul/.nuget/packages/aspnetcore.healthchecks.ui/8.0.1/lib/net8.0/HealthChecks.UI.dll
                 Private = 'false'
                 HintPath = '/home/saidul/.nuget/packages/aspnetcore.healthchecks.ui/8.0.1/lib/net8.0/HealthChecks.UI.dll'
             /home/saidul/.nuget/packages/aspnetcore.healthchecks.ui.client/8.0.1/lib/net8.0/HealthChecks.UI.Client.dll
                 Private = 'false'
                 HintPath = '/home/saidul/.nuget/packages/aspnetcore.healthchecks.ui.client/8.0.1/lib/net8.0/HealthChecks.UI.Client.dll'
             /home/saidul/.nuget/packages/aspnetcore.healthchecks.ui.core/8.0.1/lib/net6.0/HealthChecks.UI.Core.dll
                 Private = 'false'
                 HintPath = '/home/saidul/.nuget/packages/aspnetcore.healthchecks.ui.core/8.0.1/lib/net6.0/HealthChecks.UI.Core.dll'
             /home/saidul/.nuget/packages/aspnetcore.healthchecks.ui.data/8.0.1/lib/net8.0/HealthChecks.UI.Data.dll
                 Private = 'false'
                 HintPath = '/home/saidul/.nuget/packages/aspnetcore.healthchecks.ui.data/8.0.1/lib/net8.0/HealthChecks.UI.Data.dll'
             /home/saidul/.nuget/packages/aspnetcore.healthchecks.ui.inmemory.storage/8.0.1/lib/net8.0/HealthChecks.UI.InMemory.Storage.dll
                 Private = 'false'
                 HintPath = '/home/saidul/.nuget/packages/aspnetcore.healthchecks.ui.inmemory.storage/8.0.1/lib/net8.0/HealthChecks.UI.InMemory.Storage.dll'
             /home/saidul/.nuget/packages/azure.core/1.25.0/lib/net5.0/Azure.Core.dll
                 Private = 'false'
                 HintPath = '/home/saidul/.nuget/packages/azure.core/1.25.0/lib/net5.0/Azure.Core.dll'
             /home/saidul/.nuget/packages/azure.identity/1.7.0/lib/netstandard2.0/Azure.Identity.dll
                 Private = 'false'
                 HintPath = '/home/saidul/.nuget/packages/azure.identity/1.7.0/lib/netstandard2.0/Azure.Identity.dll'
             /home/saidul/.nuget/packages/bcrypt.net-next/4.0.3/lib/net6.0/BCrypt.Net-Next.dll
                 Private = 'false'
                 HintPath = '/home/saidul/.nuget/packages/bcrypt.net-next/4.0.3/lib/net6.0/BCrypt.Net-Next.dll'
             /home/saidul/.nuget/packages/bouncycastle.cryptography/2.3.1/lib/net6.0/BouncyCastle.Cryptography.dll
                 Private = 'false'
                 HintPath = '/home/saidul/.nuget/packages/bouncycastle.cryptography/2.3.1/lib/net6.0/BouncyCastle.Cryptography.dll'
             /home/saidul/.nuget/packages/fluentvalidation/11.9.0/lib/net8.0/FluentValidation.dll
                 Private = 'false'
                 HintPath = '/home/saidul/.nuget/packages/fluentvalidation/11.9.0/lib/net8.0/FluentValidation.dll'
             /home/saidul/.nuget/packages/fluentvalidation.aspnetcore/11.3.0/lib/net6.0/FluentValidation.AspNetCore.dll
                 Private = 'false'
                 HintPath = '/home/saidul/.nuget/packages/fluentvalidation.aspnetcore/11.3.0/lib/net6.0/FluentValidation.AspNetCore.dll'
             /home/saidul/.nuget/packages/fluentvalidation.dependencyinjectionextensions/11.9.0/lib/netstandard2.1/FluentValidation.DependencyInjectionExtensions.dll
                 Private = 'false'
                 HintPath = '/home/saidul/.nuget/packages/fluentvalidation.dependencyinjectionextensions/11.9.0/lib/netstandard2.1/FluentValidation.DependencyInjectionExtensions.dll'
             /home/saidul/.nuget/packages/fractions/7.2.1/lib/netstandard2.1/Fractions.dll
                 Private = 'false'
                 HintPath = '/home/saidul/.nuget/packages/fractions/7.2.1/lib/netstandard2.1/Fractions.dll'
             /home/saidul/.nuget/packages/humanizer.core/2.14.1/lib/net6.0/Humanizer.dll
                 Private = 'false'
                 HintPath = '/home/saidul/.nuget/packages/humanizer.core/2.14.1/lib/net6.0/Humanizer.dll'
             /home/saidul/.nuget/packages/identitymodel/5.2.0/lib/net5.0/IdentityModel.dll
                 Private = 'false'
                 HintPath = '/home/saidul/.nuget/packages/identitymodel/5.2.0/lib/net5.0/IdentityModel.dll'
             /home/saidul/.nuget/packages/identitymodel.oidcclient/5.2.1/lib/netstandard2.0/IdentityModel.OidcClient.dll
                 Private = 'false'
                 HintPath = '/home/saidul/.nuget/packages/identitymodel.oidcclient/5.2.1/lib/netstandard2.0/IdentityModel.OidcClient.dll'
             /home/saidul/.nuget/packages/kubernetesclient/12.1.1/lib/net7.0/KubernetesClient.dll
                 Private = 'false'
                 HintPath = '/home/saidul/.nuget/packages/kubernetesclient/12.1.1/lib/net7.0/KubernetesClient.dll'
             /home/saidul/.nuget/packages/microsoft.applicationinsights/2.22.0/lib/netstandard2.0/Microsoft.ApplicationInsights.dll
                 Private = 'false'
                 HintPath = '/home/saidul/.nuget/packages/microsoft.applicationinsights/2.22.0/lib/netstandard2.0/Microsoft.ApplicationInsights.dll'
             /home/saidul/.nuget/packages/microsoft.applicationinsights.aspnetcore/2.22.0/lib/netstandard2.0/Microsoft.ApplicationInsights.AspNetCore.dll
                 Private = 'false'
                 HintPath = '/home/saidul/.nuget/packages/microsoft.applicationinsights.aspnetcore/2.22.0/lib/netstandard2.0/Microsoft.ApplicationInsights.AspNetCore.dll'
             /home/saidul/.nuget/packages/microsoft.applicationinsights.dependencycollector/2.22.0/lib/netstandard2.0/Microsoft.AI.DependencyCollector.dll
                 Private = 'false'
                 HintPath = '/home/saidul/.nuget/packages/microsoft.applicationinsights.dependencycollector/2.22.0/lib/netstandard2.0/Microsoft.AI.DependencyCollector.dll'
             /home/saidul/.nuget/packages/microsoft.applicationinsights.eventcountercollector/2.22.0/lib/netstandard2.0/Microsoft.AI.EventCounterCollector.dll
                 Private = 'false'
                 HintPath = '/home/saidul/.nuget/packages/microsoft.applicationinsights.eventcountercollector/2.22.0/lib/netstandard2.0/Microsoft.AI.EventCounterCollector.dll'
             /home/saidul/.nuget/packages/microsoft.applicationinsights.perfcountercollector/2.22.0/lib/netstandard2.0/Microsoft.AI.PerfCounterCollector.dll
                 Private = 'false'
                 HintPath = '/home/saidul/.nuget/packages/microsoft.applicationinsights.perfcountercollector/2.22.0/lib/netstandard2.0/Microsoft.AI.PerfCounterCollector.dll'
             /home/saidul/.nuget/packages/microsoft.applicationinsights.windowsserver/2.22.0/lib/netstandard2.0/Microsoft.AI.WindowsServer.dll
                 Private = 'false'
                 HintPath = '/home/saidul/.nuget/packages/microsoft.applicationinsights.windowsserver/2.22.0/lib/netstandard2.0/Microsoft.AI.WindowsServer.dll'
             /home/saidul/.nuget/packages/microsoft.applicationinsights.windowsserver.telemetrychannel/2.22.0/lib/netstandard2.0/Microsoft.AI.ServerTelemetryChannel.dll
                 Private = 'false'
                 HintPath = '/home/saidul/.nuget/packages/microsoft.applicationinsights.windowsserver.telemetrychannel/2.22.0/lib/netstandard2.0/Microsoft.AI.ServerTelemetryChannel.dll'
             /home/saidul/.nuget/packages/microsoft.aspnetcore.authentication.jwtbearer/8.0.0/lib/net8.0/Microsoft.AspNetCore.Authentication.JwtBearer.dll
                 Private = 'false'
                 HintPath = '/home/saidul/.nuget/packages/microsoft.aspnetcore.authentication.jwtbearer/8.0.0/lib/net8.0/Microsoft.AspNetCore.Authentication.JwtBearer.dll'
             /home/saidul/.nuget/packages/microsoft.aspnetcore.authentication.openidconnect/8.0.0/lib/net8.0/Microsoft.AspNetCore.Authentication.OpenIdConnect.dll
                 Private = 'false'
                 HintPath = '/home/saidul/.nuget/packages/microsoft.aspnetcore.authentication.openidconnect/8.0.0/lib/net8.0/Microsoft.AspNetCore.Authentication.OpenIdConnect.dll'
             /home/saidul/.nuget/packages/microsoft.aspnetcore.openapi/8.0.21/lib/net8.0/Microsoft.AspNetCore.OpenApi.dll
                 Private = 'false'
                 HintPath = '/home/saidul/.nuget/packages/microsoft.aspnetcore.openapi/8.0.21/lib/net8.0/Microsoft.AspNetCore.OpenApi.dll'
             /home/saidul/.nuget/packages/microsoft.bcl.asyncinterfaces/6.0.0/lib/netstandard2.1/Microsoft.Bcl.AsyncInterfaces.dll
                 Private = 'false'
                 HintPath = '/home/saidul/.nuget/packages/microsoft.bcl.asyncinterfaces/6.0.0/lib/netstandard2.1/Microsoft.Bcl.AsyncInterfaces.dll'
             /home/saidul/.nuget/packages/microsoft.bcl.timeprovider/8.0.1/lib/net8.0/Microsoft.Bcl.TimeProvider.dll
                 Private = 'false'
                 HintPath = '/home/saidul/.nuget/packages/microsoft.bcl.timeprovider/8.0.1/lib/net8.0/Microsoft.Bcl.TimeProvider.dll'
             /home/saidul/.nuget/packages/microsoft.codeanalysis.common/4.5.0/lib/netcoreapp3.1/Microsoft.CodeAnalysis.dll
                 Private = 'false'
                 HintPath = '/home/saidul/.nuget/packages/microsoft.codeanalysis.common/4.5.0/lib/netcoreapp3.1/Microsoft.CodeAnalysis.dll'
             /home/saidul/.nuget/packages/microsoft.codeanalysis.csharp/4.5.0/lib/netcoreapp3.1/Microsoft.CodeAnalysis.CSharp.dll
                 Private = 'false'
                 HintPath = '/home/saidul/.nuget/packages/microsoft.codeanalysis.csharp/4.5.0/lib/netcoreapp3.1/Microsoft.CodeAnalysis.CSharp.dll'
             /home/saidul/.nuget/packages/microsoft.codeanalysis.csharp.workspaces/4.5.0/lib/netcoreapp3.1/Microsoft.CodeAnalysis.CSharp.Workspaces.dll
                 Private = 'false'
                 HintPath = '/home/saidul/.nuget/packages/microsoft.codeanalysis.csharp.workspaces/4.5.0/lib/netcoreapp3.1/Microsoft.CodeAnalysis.CSharp.Workspaces.dll'
             /home/saidul/.nuget/packages/microsoft.codeanalysis.workspaces.common/4.5.0/lib/netcoreapp3.1/Microsoft.CodeAnalysis.Workspaces.dll
                 Private = 'false'
                 HintPath = '/home/saidul/.nuget/packages/microsoft.codeanalysis.workspaces.common/4.5.0/lib/netcoreapp3.1/Microsoft.CodeAnalysis.Workspaces.dll'
             /home/saidul/.nuget/packages/microsoft.data.sqlclient/5.1.1/ref/net6.0/Microsoft.Data.SqlClient.dll
                 Private = 'false'
                 HintPath = '/home/saidul/.nuget/packages/microsoft.data.sqlclient/5.1.1/ref/net6.0/Microsoft.Data.SqlClient.dll'
             /home/saidul/.nuget/packages/microsoft.data.sqlite.core/8.0.0/lib/net8.0/Microsoft.Data.Sqlite.dll
                 Private = 'false'
                 HintPath = '/home/saidul/.nuget/packages/microsoft.data.sqlite.core/8.0.0/lib/net8.0/Microsoft.Data.Sqlite.dll'
             /home/saidul/.nuget/packages/microsoft.entityframeworkcore/8.0.0/lib/net8.0/Microsoft.EntityFrameworkCore.dll
                 Private = 'false'
                 HintPath = '/home/saidul/.nuget/packages/microsoft.entityframeworkcore/8.0.0/lib/net8.0/Microsoft.EntityFrameworkCore.dll'
             /home/saidul/.nuget/packages/microsoft.entityframeworkcore.abstractions/8.0.0/lib/net8.0/Microsoft.EntityFrameworkCore.Abstractions.dll
                 Private = 'false'
                 HintPath = '/home/saidul/.nuget/packages/microsoft.entityframeworkcore.abstractions/8.0.0/lib/net8.0/Microsoft.EntityFrameworkCore.Abstractions.dll'
             /home/saidul/.nuget/packages/microsoft.entityframeworkcore.design/8.0.0/lib/net8.0/Microsoft.EntityFrameworkCore.Design.dll
                 Private = 'false'
                 HintPath = '/home/saidul/.nuget/packages/microsoft.entityframeworkcore.design/8.0.0/lib/net8.0/Microsoft.EntityFrameworkCore.Design.dll'
             /home/saidul/.nuget/packages/microsoft.entityframeworkcore.inmemory/8.0.0/lib/net8.0/Microsoft.EntityFrameworkCore.InMemory.dll
                 Private = 'false'
                 HintPath = '/home/saidul/.nuget/packages/microsoft.entityframeworkcore.inmemory/8.0.0/lib/net8.0/Microsoft.EntityFrameworkCore.InMemory.dll'
             /home/saidul/.nuget/packages/microsoft.entityframeworkcore.relational/8.0.0/lib/net8.0/Microsoft.EntityFrameworkCore.Relational.dll
                 Private = 'false'
                 HintPath = '/home/saidul/.nuget/packages/microsoft.entityframeworkcore.relational/8.0.0/lib/net8.0/Microsoft.EntityFrameworkCore.Relational.dll'
             /home/saidul/.nuget/packages/microsoft.entityframeworkcore.sqlite.core/8.0.0/lib/net8.0/Microsoft.EntityFrameworkCore.Sqlite.dll
                 Private = 'false'
                 HintPath = '/home/saidul/.nuget/packages/microsoft.entityframeworkcore.sqlite.core/8.0.0/lib/net8.0/Microsoft.EntityFrameworkCore.Sqlite.dll'
             /home/saidul/.nuget/packages/microsoft.entityframeworkcore.sqlserver/8.0.0/lib/net8.0/Microsoft.EntityFrameworkCore.SqlServer.dll
                 Private = 'false'
                 HintPath = '/home/saidul/.nuget/packages/microsoft.entityframeworkcore.sqlserver/8.0.0/lib/net8.0/Microsoft.EntityFrameworkCore.SqlServer.dll'
             /home/saidul/.nuget/packages/microsoft.extensions.caching.abstractions/9.0.0/lib/net8.0/Microsoft.Extensions.Caching.Abstractions.dll
                 Private = 'false'
                 HintPath = '/home/saidul/.nuget/packages/microsoft.extensions.caching.abstractions/9.0.0/lib/net8.0/Microsoft.Extensions.Caching.Abstractions.dll'
             /home/saidul/.nuget/packages/microsoft.extensions.caching.memory/9.0.0/lib/net8.0/Microsoft.Extensions.Caching.Memory.dll
                 Private = 'false'
                 HintPath = '/home/saidul/.nuget/packages/microsoft.extensions.caching.memory/9.0.0/lib/net8.0/Microsoft.Extensions.Caching.Memory.dll'
             /home/saidul/.nuget/packages/microsoft.extensions.caching.stackexchangeredis/8.0.0/lib/net8.0/Microsoft.Extensions.Caching.StackExchangeRedis.dll
                 Private = 'false'
                 HintPath = '/home/saidul/.nuget/packages/microsoft.extensions.caching.stackexchangeredis/8.0.0/lib/net8.0/Microsoft.Extensions.Caching.StackExchangeRedis.dll'
             /home/saidul/.nuget/packages/microsoft.extensions.dependencyinjection.abstractions/9.0.0/lib/net8.0/Microsoft.Extensions.DependencyInjection.Abstractions.dll
                 Private = 'false'
                 HintPath = '/home/saidul/.nuget/packages/microsoft.extensions.dependencyinjection.abstractions/9.0.0/lib/net8.0/Microsoft.Extensions.DependencyInjection.Abstractions.dll'
             /home/saidul/.nuget/packages/microsoft.extensions.dependencymodel/8.0.0/lib/net8.0/Microsoft.Extensions.DependencyModel.dll
                 Private = 'false'
                 HintPath = '/home/saidul/.nuget/packages/microsoft.extensions.dependencymodel/8.0.0/lib/net8.0/Microsoft.Extensions.DependencyModel.dll'
             /home/saidul/.nuget/packages/microsoft.extensions.diagnostics.healthchecks.entityframeworkcore/8.0.0/lib/net8.0/Microsoft.Extensions.Diagnostics.HealthChecks.EntityFrameworkCore.dll
                 Private = 'false'
                 HintPath = '/home/saidul/.nuget/packages/microsoft.extensions.diagnostics.healthchecks.entityframeworkcore/8.0.0/lib/net8.0/Microsoft.Extensions.Diagnostics.HealthChecks.EntityFrameworkCore.dll'
             /home/saidul/.nuget/packages/microsoft.extensions.http.polly/8.0.0/lib/netstandard2.0/Microsoft.Extensions.Http.Polly.dll
                 Private = 'false'
                 HintPath = '/home/saidul/.nuget/packages/microsoft.extensions.http.polly/8.0.0/lib/netstandard2.0/Microsoft.Extensions.Http.Polly.dll'
             /home/saidul/.nuget/packages/microsoft.extensions.logging.abstractions/9.0.0/lib/net8.0/Microsoft.Extensions.Logging.Abstractions.dll
                 Private = 'false'
                 HintPath = '/home/saidul/.nuget/packages/microsoft.extensions.logging.abstractions/9.0.0/lib/net8.0/Microsoft.Extensions.Logging.Abstractions.dll'
             /home/saidul/.nuget/packages/microsoft.extensions.logging.applicationinsights/2.22.0/lib/netstandard2.0/Microsoft.Extensions.Logging.ApplicationInsights.dll
                 Private = 'false'
                 HintPath = '/home/saidul/.nuget/packages/microsoft.extensions.logging.applicationinsights/2.22.0/lib/netstandard2.0/Microsoft.Extensions.Logging.ApplicationInsights.dll'
             /home/saidul/.nuget/packages/microsoft.extensions.options/9.0.0/lib/net8.0/Microsoft.Extensions.Options.dll
                 Private = 'false'
                 HintPath = '/home/saidul/.nuget/packages/microsoft.extensions.options/9.0.0/lib/net8.0/Microsoft.Extensions.Options.dll'
             /home/saidul/.nuget/packages/microsoft.extensions.primitives/9.0.0/lib/net8.0/Microsoft.Extensions.Primitives.dll
                 Private = 'false'
                 HintPath = '/home/saidul/.nuget/packages/microsoft.extensions.primitives/9.0.0/lib/net8.0/Microsoft.Extensions.Primitives.dll'
             /home/saidul/.nuget/packages/microsoft.identity.client/4.47.2/lib/netcoreapp2.1/Microsoft.Identity.Client.dll
                 Private = 'false'
                 HintPath = '/home/saidul/.nuget/packages/microsoft.identity.client/4.47.2/lib/netcoreapp2.1/Microsoft.Identity.Client.dll'
             /home/saidul/.nuget/packages/microsoft.identity.client.extensions.msal/2.19.3/lib/netcoreapp2.1/Microsoft.Identity.Client.Extensions.Msal.dll
                 Private = 'false'
                 HintPath = '/home/saidul/.nuget/packages/microsoft.identity.client.extensions.msal/2.19.3/lib/netcoreapp2.1/Microsoft.Identity.Client.Extensions.Msal.dll'
             /home/saidul/.nuget/packages/microsoft.identitymodel.abstractions/8.2.0/lib/net8.0/Microsoft.IdentityModel.Abstractions.dll
                 Private = 'false'
                 HintPath = '/home/saidul/.nuget/packages/microsoft.identitymodel.abstractions/8.2.0/lib/net8.0/Microsoft.IdentityModel.Abstractions.dll'
             /home/saidul/.nuget/packages/microsoft.identitymodel.jsonwebtokens/8.2.0/lib/net8.0/Microsoft.IdentityModel.JsonWebTokens.dll
                 Private = 'false'
                 HintPath = '/home/saidul/.nuget/packages/microsoft.identitymodel.jsonwebtokens/8.2.0/lib/net8.0/Microsoft.IdentityModel.JsonWebTokens.dll'
             /home/saidul/.nuget/packages/microsoft.identitymodel.logging/8.2.0/lib/net8.0/Microsoft.IdentityModel.Logging.dll
                 Private = 'false'
                 HintPath = '/home/saidul/.nuget/packages/microsoft.identitymodel.logging/8.2.0/lib/net8.0/Microsoft.IdentityModel.Logging.dll'
             /home/saidul/.nuget/packages/microsoft.identitymodel.protocols/7.0.3/lib/net8.0/Microsoft.IdentityModel.Protocols.dll
                 Private = 'false'
                 HintPath = '/home/saidul/.nuget/packages/microsoft.identitymodel.protocols/7.0.3/lib/net8.0/Microsoft.IdentityModel.Protocols.dll'
             /home/saidul/.nuget/packages/microsoft.identitymodel.protocols.openidconnect/7.0.3/lib/net8.0/Microsoft.IdentityModel.Protocols.OpenIdConnect.dll
                 Private = 'false'
                 HintPath = '/home/saidul/.nuget/packages/microsoft.identitymodel.protocols.openidconnect/7.0.3/lib/net8.0/Microsoft.IdentityModel.Protocols.OpenIdConnect.dll'
             /home/saidul/.nuget/packages/microsoft.identitymodel.tokens/8.2.0/lib/net8.0/Microsoft.IdentityModel.Tokens.dll
                 Private = 'false'
                 HintPath = '/home/saidul/.nuget/packages/microsoft.identitymodel.tokens/8.2.0/lib/net8.0/Microsoft.IdentityModel.Tokens.dll'
             /home/saidul/.nuget/packages/microsoft.openapi/1.6.14/lib/netstandard2.0/Microsoft.OpenApi.dll
                 Private = 'false'
                 HintPath = '/home/saidul/.nuget/packages/microsoft.openapi/1.6.14/lib/netstandard2.0/Microsoft.OpenApi.dll'
             /home/saidul/.nuget/packages/microsoft.sqlserver.server/1.0.0/lib/netstandard2.0/Microsoft.SqlServer.Server.dll
                 Private = 'false'
                 HintPath = '/home/saidul/.nuget/packages/microsoft.sqlserver.server/1.0.0/lib/netstandard2.0/Microsoft.SqlServer.Server.dll'
             /home/saidul/.nuget/packages/microsoft.win32.systemevents/6.0.0/lib/net6.0/Microsoft.Win32.SystemEvents.dll
                 Private = 'false'
                 HintPath = '/home/saidul/.nuget/packages/microsoft.win32.systemevents/6.0.0/lib/net6.0/Microsoft.Win32.SystemEvents.dll'
             /home/saidul/.nuget/packages/mono.texttemplating/2.2.1/lib/netstandard2.0/Mono.TextTemplating.dll
                 Private = 'false'
                 HintPath = '/home/saidul/.nuget/packages/mono.texttemplating/2.2.1/lib/netstandard2.0/Mono.TextTemplating.dll'
             /home/saidul/.nuget/packages/newtonsoft.json/13.0.3/lib/net6.0/Newtonsoft.Json.dll
                 Private = 'false'
                 HintPath = '/home/saidul/.nuget/packages/newtonsoft.json/13.0.3/lib/net6.0/Newtonsoft.Json.dll'
             /home/saidul/.nuget/packages/nmodbus/3.0.72/lib/net6.0/NModbus.dll
                 Private = 'false'
                 HintPath = '/home/saidul/.nuget/packages/nmodbus/3.0.72/lib/net6.0/NModbus.dll'
             /home/saidul/.nuget/packages/opcfoundation.netstandard.opc.ua.bindings.https/1.5.374.54/lib/net8.0/Opc.Ua.Bindings.Https.dll
                 Private = 'false'
                 HintPath = '/home/saidul/.nuget/packages/opcfoundation.netstandard.opc.ua.bindings.https/1.5.374.54/lib/net8.0/Opc.Ua.Bindings.Https.dll'
             /home/saidul/.nuget/packages/opcfoundation.netstandard.opc.ua.client/1.5.374.54/lib/net8.0/Opc.Ua.Client.dll
                 Private = 'false'
                 HintPath = '/home/saidul/.nuget/packages/opcfoundation.netstandard.opc.ua.client/1.5.374.54/lib/net8.0/Opc.Ua.Client.dll'
             /home/saidul/.nuget/packages/opcfoundation.netstandard.opc.ua.configuration/1.5.374.54/lib/net8.0/Opc.Ua.Configuration.dll
                 Private = 'false'
                 HintPath = '/home/saidul/.nuget/packages/opcfoundation.netstandard.opc.ua.configuration/1.5.374.54/lib/net8.0/Opc.Ua.Configuration.dll'
             /home/saidul/.nuget/packages/opcfoundation.netstandard.opc.ua.core/1.5.374.54/lib/net8.0/Opc.Ua.Core.dll
                 Private = 'false'
                 HintPath = '/home/saidul/.nuget/packages/opcfoundation.netstandard.opc.ua.core/1.5.374.54/lib/net8.0/Opc.Ua.Core.dll'
             /home/saidul/.nuget/packages/opcfoundation.netstandard.opc.ua.gds.client.common/1.5.374.54/lib/net8.0/Opc.Ua.Gds.Client.Common.dll
                 Private = 'false'
                 HintPath = '/home/saidul/.nuget/packages/opcfoundation.netstandard.opc.ua.gds.client.common/1.5.374.54/lib/net8.0/Opc.Ua.Gds.Client.Common.dll'
             /home/saidul/.nuget/packages/opcfoundation.netstandard.opc.ua.gds.server.common/1.5.374.54/lib/net8.0/Opc.Ua.Gds.Server.Common.dll
                 Private = 'false'
                 HintPath = '/home/saidul/.nuget/packages/opcfoundation.netstandard.opc.ua.gds.server.common/1.5.374.54/lib/net8.0/Opc.Ua.Gds.Server.Common.dll'
             /home/saidul/.nuget/packages/opcfoundation.netstandard.opc.ua.security.certificates/1.5.374.54/lib/net8.0/Opc.Ua.Security.Certificates.dll
                 Private = 'false'
                 HintPath = '/home/saidul/.nuget/packages/opcfoundation.netstandard.opc.ua.security.certificates/1.5.374.54/lib/net8.0/Opc.Ua.Security.Certificates.dll'
             /home/saidul/.nuget/packages/opcfoundation.netstandard.opc.ua.server/1.5.374.54/lib/net8.0/Opc.Ua.Server.dll
                 Private = 'false'
                 HintPath = '/home/saidul/.nuget/packages/opcfoundation.netstandard.opc.ua.server/1.5.374.54/lib/net8.0/Opc.Ua.Server.dll'
             /home/saidul/.nuget/packages/pipelines.sockets.unofficial/2.2.8/lib/net5.0/Pipelines.Sockets.Unofficial.dll
                 Private = 'false'
                 HintPath = '/home/saidul/.nuget/packages/pipelines.sockets.unofficial/2.2.8/lib/net5.0/Pipelines.Sockets.Unofficial.dll'
             /home/saidul/.nuget/packages/polly/8.2.0/lib/net6.0/Polly.dll
                 Private = 'false'
                 HintPath = '/home/saidul/.nuget/packages/polly/8.2.0/lib/net6.0/Polly.dll'
             /home/saidul/.nuget/packages/polly.core/8.2.0/lib/net8.0/Polly.Core.dll
                 Private = 'false'
                 HintPath = '/home/saidul/.nuget/packages/polly.core/8.2.0/lib/net8.0/Polly.Core.dll'
             /home/saidul/.nuget/packages/polly.extensions/8.2.0/lib/net8.0/Polly.Extensions.dll
                 Private = 'false'
                 HintPath = '/home/saidul/.nuget/packages/polly.extensions/8.2.0/lib/net8.0/Polly.Extensions.dll'
             /home/saidul/.nuget/packages/polly.extensions.http/3.0.0/lib/netstandard2.0/Polly.Extensions.Http.dll
                 Private = 'false'
                 HintPath = '/home/saidul/.nuget/packages/polly.extensions.http/3.0.0/lib/netstandard2.0/Polly.Extensions.Http.dll'
             /home/saidul/.nuget/packages/prometheus-net/8.0.1/lib/net7.0/Prometheus.NetStandard.dll
                 Private = 'false'
                 HintPath = '/home/saidul/.nuget/packages/prometheus-net/8.0.1/lib/net7.0/Prometheus.NetStandard.dll'
             /home/saidul/.nuget/packages/quartz/3.8.0/lib/net6.0/Quartz.dll
                 Private = 'false'
                 HintPath = '/home/saidul/.nuget/packages/quartz/3.8.0/lib/net6.0/Quartz.dll'
             /home/saidul/.nuget/packages/quartz.extensions.dependencyinjection/3.8.0/lib/net8.0/Quartz.Extensions.DependencyInjection.dll
                 Private = 'false'
                 HintPath = '/home/saidul/.nuget/packages/quartz.extensions.dependencyinjection/3.8.0/lib/net8.0/Quartz.Extensions.DependencyInjection.dll'
             /home/saidul/.nuget/packages/quartz.extensions.hosting/3.8.0/lib/net8.0/Quartz.Extensions.Hosting.dll
                 Private = 'false'
                 HintPath = '/home/saidul/.nuget/packages/quartz.extensions.hosting/3.8.0/lib/net8.0/Quartz.Extensions.Hosting.dll'
             /home/saidul/.nuget/packages/rabbitmq.client/6.8.1/lib/netstandard2.0/RabbitMQ.Client.dll
                 Private = 'false'
                 HintPath = '/home/saidul/.nuget/packages/rabbitmq.client/6.8.1/lib/netstandard2.0/RabbitMQ.Client.dll'
             /home/saidul/.nuget/packages/serilog/3.1.1/lib/net7.0/Serilog.dll
                 Private = 'false'
                 HintPath = '/home/saidul/.nuget/packages/serilog/3.1.1/lib/net7.0/Serilog.dll'
             /home/saidul/.nuget/packages/serilog.aspnetcore/8.0.0/lib/net8.0/Serilog.AspNetCore.dll
                 Private = 'false'
                 HintPath = '/home/saidul/.nuget/packages/serilog.aspnetcore/8.0.0/lib/net8.0/Serilog.AspNetCore.dll'
             /home/saidul/.nuget/packages/serilog.enrichers.correlationid/3.0.1/lib/netstandard2.1/Serilog.Enrichers.CorrelationId.dll
                 Private = 'false'
                 HintPath = '/home/saidul/.nuget/packages/serilog.enrichers.correlationid/3.0.1/lib/netstandard2.1/Serilog.Enrichers.CorrelationId.dll'
             /home/saidul/.nuget/packages/serilog.enrichers.environment/2.3.0/lib/netstandard2.0/Serilog.Enrichers.Environment.dll
                 Private = 'false'
                 HintPath = '/home/saidul/.nuget/packages/serilog.enrichers.environment/2.3.0/lib/netstandard2.0/Serilog.Enrichers.Environment.dll'
             /home/saidul/.nuget/packages/serilog.enrichers.process/2.0.2/lib/netstandard2.0/Serilog.Enrichers.Process.dll
                 Private = 'false'
                 HintPath = '/home/saidul/.nuget/packages/serilog.enrichers.process/2.0.2/lib/netstandard2.0/Serilog.Enrichers.Process.dll'
             /home/saidul/.nuget/packages/serilog.enrichers.thread/3.1.0/lib/netstandard2.0/Serilog.Enrichers.Thread.dll
                 Private = 'false'
                 HintPath = '/home/saidul/.nuget/packages/serilog.enrichers.thread/3.1.0/lib/netstandard2.0/Serilog.Enrichers.Thread.dll'
             /home/saidul/.nuget/packages/serilog.extensions.hosting/8.0.0/lib/net8.0/Serilog.Extensions.Hosting.dll
                 Private = 'false'
                 HintPath = '/home/saidul/.nuget/packages/serilog.extensions.hosting/8.0.0/lib/net8.0/Serilog.Extensions.Hosting.dll'
             /home/saidul/.nuget/packages/serilog.extensions.logging/8.0.0/lib/net8.0/Serilog.Extensions.Logging.dll
                 Private = 'false'
                 HintPath = '/home/saidul/.nuget/packages/serilog.extensions.logging/8.0.0/lib/net8.0/Serilog.Extensions.Logging.dll'
             /home/saidul/.nuget/packages/serilog.formatting.compact/2.0.0/lib/net7.0/Serilog.Formatting.Compact.dll
                 Private = 'false'
                 HintPath = '/home/saidul/.nuget/packages/serilog.formatting.compact/2.0.0/lib/net7.0/Serilog.Formatting.Compact.dll'
             /home/saidul/.nuget/packages/serilog.settings.configuration/8.0.0/lib/net8.0/Serilog.Settings.Configuration.dll
                 Private = 'false'
                 HintPath = '/home/saidul/.nuget/packages/serilog.settings.configuration/8.0.0/lib/net8.0/Serilog.Settings.Configuration.dll'
             /home/saidul/.nuget/packages/serilog.sinks.applicationinsights/4.0.0/lib/net6.0/Serilog.Sinks.ApplicationInsights.dll
                 Private = 'false'
                 HintPath = '/home/saidul/.nuget/packages/serilog.sinks.applicationinsights/4.0.0/lib/net6.0/Serilog.Sinks.ApplicationInsights.dll'
             /home/saidul/.nuget/packages/serilog.sinks.console/5.0.1/lib/net7.0/Serilog.Sinks.Console.dll
                 Private = 'false'
                 HintPath = '/home/saidul/.nuget/packages/serilog.sinks.console/5.0.1/lib/net7.0/Serilog.Sinks.Console.dll'
             /home/saidul/.nuget/packages/serilog.sinks.debug/2.0.0/lib/netstandard2.1/Serilog.Sinks.Debug.dll
                 Private = 'false'
                 HintPath = '/home/saidul/.nuget/packages/serilog.sinks.debug/2.0.0/lib/netstandard2.1/Serilog.Sinks.Debug.dll'
             /home/saidul/.nuget/packages/serilog.sinks.file/5.0.0/lib/net5.0/Serilog.Sinks.File.dll
                 Private = 'false'
                 HintPath = '/home/saidul/.nuget/packages/serilog.sinks.file/5.0.0/lib/net5.0/Serilog.Sinks.File.dll'
             /home/saidul/.nuget/packages/sqlitepclraw.bundle_e_sqlite3/2.1.6/lib/netstandard2.0/SQLitePCLRaw.batteries_v2.dll
                 Private = 'false'
                 HintPath = '/home/saidul/.nuget/packages/sqlitepclraw.bundle_e_sqlite3/2.1.6/lib/netstandard2.0/SQLitePCLRaw.batteries_v2.dll'
             /home/saidul/.nuget/packages/sqlitepclraw.core/2.1.6/lib/netstandard2.0/SQLitePCLRaw.core.dll
                 Private = 'false'
                 HintPath = '/home/saidul/.nuget/packages/sqlitepclraw.core/2.1.6/lib/netstandard2.0/SQLitePCLRaw.core.dll'
             /home/saidul/.nuget/packages/sqlitepclraw.provider.e_sqlite3/2.1.6/lib/net6.0/SQLitePCLRaw.provider.e_sqlite3.dll
                 Private = 'false'
                 HintPath = '/home/saidul/.nuget/packages/sqlitepclraw.provider.e_sqlite3/2.1.6/lib/net6.0/SQLitePCLRaw.provider.e_sqlite3.dll'
             /home/saidul/.nuget/packages/stackexchange.redis/2.7.33/lib/net6.0/StackExchange.Redis.dll
                 Private = 'false'
                 HintPath = '/home/saidul/.nuget/packages/stackexchange.redis/2.7.33/lib/net6.0/StackExchange.Redis.dll'
             /home/saidul/.nuget/packages/swashbuckle.aspnetcore.swagger/6.6.2/lib/net8.0/Swashbuckle.AspNetCore.Swagger.dll
                 Private = 'false'
                 HintPath = '/home/saidul/.nuget/packages/swashbuckle.aspnetcore.swagger/6.6.2/lib/net8.0/Swashbuckle.AspNetCore.Swagger.dll'
             /home/saidul/.nuget/packages/swashbuckle.aspnetcore.swaggergen/6.6.2/lib/net8.0/Swashbuckle.AspNetCore.SwaggerGen.dll
                 Private = 'false'
                 HintPath = '/home/saidul/.nuget/packages/swashbuckle.aspnetcore.swaggergen/6.6.2/lib/net8.0/Swashbuckle.AspNetCore.SwaggerGen.dll'
             /home/saidul/.nuget/packages/swashbuckle.aspnetcore.swaggerui/6.6.2/lib/net8.0/Swashbuckle.AspNetCore.SwaggerUI.dll
                 Private = 'false'
                 HintPath = '/home/saidul/.nuget/packages/swashbuckle.aspnetcore.swaggerui/6.6.2/lib/net8.0/Swashbuckle.AspNetCore.SwaggerUI.dll'
             /home/saidul/.nuget/packages/system.codedom/4.4.0/ref/netstandard2.0/System.CodeDom.dll
                 Private = 'false'
                 HintPath = '/home/saidul/.nuget/packages/system.codedom/4.4.0/ref/netstandard2.0/System.CodeDom.dll'
             /home/saidul/.nuget/packages/system.composition.attributedmodel/6.0.0/lib/net6.0/System.Composition.AttributedModel.dll
                 Private = 'false'
                 HintPath = '/home/saidul/.nuget/packages/system.composition.attributedmodel/6.0.0/lib/net6.0/System.Composition.AttributedModel.dll'
             /home/saidul/.nuget/packages/system.composition.convention/6.0.0/lib/net6.0/System.Composition.Convention.dll
                 Private = 'false'
                 HintPath = '/home/saidul/.nuget/packages/system.composition.convention/6.0.0/lib/net6.0/System.Composition.Convention.dll'
             /home/saidul/.nuget/packages/system.composition.hosting/6.0.0/lib/net6.0/System.Composition.Hosting.dll
                 Private = 'false'
                 HintPath = '/home/saidul/.nuget/packages/system.composition.hosting/6.0.0/lib/net6.0/System.Composition.Hosting.dll'
             /home/saidul/.nuget/packages/system.composition.runtime/6.0.0/lib/net6.0/System.Composition.Runtime.dll
                 Private = 'false'
                 HintPath = '/home/saidul/.nuget/packages/system.composition.runtime/6.0.0/lib/net6.0/System.Composition.Runtime.dll'
             /home/saidul/.nuget/packages/system.composition.typedparts/6.0.0/lib/net6.0/System.Composition.TypedParts.dll
                 Private = 'false'
                 HintPath = '/home/saidul/.nuget/packages/system.composition.typedparts/6.0.0/lib/net6.0/System.Composition.TypedParts.dll'
             /home/saidul/.nuget/packages/system.configuration.configurationmanager/6.0.1/lib/net6.0/System.Configuration.ConfigurationManager.dll
                 Private = 'false'
                 HintPath = '/home/saidul/.nuget/packages/system.configuration.configurationmanager/6.0.1/lib/net6.0/System.Configuration.ConfigurationManager.dll'
             /home/saidul/.nuget/packages/system.diagnostics.diagnosticsource/9.0.0/lib/net8.0/System.Diagnostics.DiagnosticSource.dll
                 Private = 'false'
                 HintPath = '/home/saidul/.nuget/packages/system.diagnostics.diagnosticsource/9.0.0/lib/net8.0/System.Diagnostics.DiagnosticSource.dll'
             /home/saidul/.nuget/packages/system.diagnostics.performancecounter/6.0.0/lib/net6.0/System.Diagnostics.PerformanceCounter.dll
                 Private = 'false'
                 HintPath = '/home/saidul/.nuget/packages/system.diagnostics.performancecounter/6.0.0/lib/net6.0/System.Diagnostics.PerformanceCounter.dll'
             /home/saidul/.nuget/packages/system.drawing.common/6.0.0/lib/net6.0/System.Drawing.Common.dll
                 Private = 'false'
                 HintPath = '/home/saidul/.nuget/packages/system.drawing.common/6.0.0/lib/net6.0/System.Drawing.Common.dll'
             /home/saidul/.nuget/packages/system.identitymodel.tokens.jwt/8.2.0/lib/net8.0/System.IdentityModel.Tokens.Jwt.dll
                 Private = 'false'
                 HintPath = '/home/saidul/.nuget/packages/system.identitymodel.tokens.jwt/8.2.0/lib/net8.0/System.IdentityModel.Tokens.Jwt.dll'
             /home/saidul/.nuget/packages/system.memory.data/1.0.2/lib/netstandard2.0/System.Memory.Data.dll
                 Private = 'false'
                 HintPath = '/home/saidul/.nuget/packages/system.memory.data/1.0.2/lib/netstandard2.0/System.Memory.Data.dll'
             /home/saidul/.nuget/packages/system.net.websockets.websocketprotocol/4.5.1/ref/netstandard2.0/System.Net.WebSockets.WebSocketProtocol.dll
                 Private = 'false'
                 HintPath = '/home/saidul/.nuget/packages/system.net.websockets.websocketprotocol/4.5.1/ref/netstandard2.0/System.Net.WebSockets.WebSocketProtocol.dll'
             /home/saidul/.nuget/packages/system.security.cryptography.protecteddata/6.0.0/lib/net6.0/System.Security.Cryptography.ProtectedData.dll
                 Private = 'false'
                 HintPath = '/home/saidul/.nuget/packages/system.security.cryptography.protecteddata/6.0.0/lib/net6.0/System.Security.Cryptography.ProtectedData.dll'
             /home/saidul/.nuget/packages/system.security.permissions/6.0.0/lib/net6.0/System.Security.Permissions.dll
                 Private = 'false'
                 HintPath = '/home/saidul/.nuget/packages/system.security.permissions/6.0.0/lib/net6.0/System.Security.Permissions.dll'
             /home/saidul/.nuget/packages/system.windows.extensions/6.0.0/lib/net6.0/System.Windows.Extensions.dll
                 Private = 'false'
                 HintPath = '/home/saidul/.nuget/packages/system.windows.extensions/6.0.0/lib/net6.0/System.Windows.Extensions.dll'
             /home/saidul/.nuget/packages/yamldotnet/13.3.1/lib/net7.0/YamlDotNet.dll
                 Private = 'false'
                 HintPath = '/home/saidul/.nuget/packages/yamldotnet/13.3.1/lib/net7.0/YamlDotNet.dll'
             /usr/share/dotnet/packs/Microsoft.NETCore.App.Ref/8.0.21/ref/net8.0/Microsoft.CSharp.dll
                 Private = 'false'
             /usr/share/dotnet/packs/Microsoft.NETCore.App.Ref/8.0.21/ref/net8.0/Microsoft.VisualBasic.Core.dll
                 Private = 'false'
             /usr/share/dotnet/packs/Microsoft.NETCore.App.Ref/8.0.21/ref/net8.0/Microsoft.VisualBasic.dll
                 Private = 'false'
             /usr/share/dotnet/packs/Microsoft.NETCore.App.Ref/8.0.21/ref/net8.0/Microsoft.Win32.Primitives.dll
                 Private = 'false'
             /usr/share/dotnet/packs/Microsoft.NETCore.App.Ref/8.0.21/ref/net8.0/Microsoft.Win32.Registry.dll
                 Private = 'false'
             /usr/share/dotnet/packs/Microsoft.NETCore.App.Ref/8.0.21/ref/net8.0/System.AppContext.dll
                 Private = 'false'
             /usr/share/dotnet/packs/Microsoft.NETCore.App.Ref/8.0.21/ref/net8.0/System.Buffers.dll
                 Private = 'false'
             /usr/share/dotnet/packs/Microsoft.NETCore.App.Ref/8.0.21/ref/net8.0/System.Collections.Concurrent.dll
                 Private = 'false'
             /usr/share/dotnet/packs/Microsoft.NETCore.App.Ref/8.0.21/ref/net8.0/System.Collections.Immutable.dll
                 Private = 'false'
             /usr/share/dotnet/packs/Microsoft.NETCore.App.Ref/8.0.21/ref/net8.0/System.Collections.NonGeneric.dll
                 Private = 'false'
             /usr/share/dotnet/packs/Microsoft.NETCore.App.Ref/8.0.21/ref/net8.0/System.Collections.Specialized.dll
                 Private = 'false'
             /usr/share/dotnet/packs/Microsoft.NETCore.App.Ref/8.0.21/ref/net8.0/System.Collections.dll
                 Private = 'false'
             /usr/share/dotnet/packs/Microsoft.NETCore.App.Ref/8.0.21/ref/net8.0/System.ComponentModel.Annotations.dll
                 Private = 'false'
             /usr/share/dotnet/packs/Microsoft.NETCore.App.Ref/8.0.21/ref/net8.0/System.ComponentModel.DataAnnotations.dll
                 Private = 'false'
             /usr/share/dotnet/packs/Microsoft.NETCore.App.Ref/8.0.21/ref/net8.0/System.ComponentModel.EventBasedAsync.dll
                 Private = 'false'
             /usr/share/dotnet/packs/Microsoft.NETCore.App.Ref/8.0.21/ref/net8.0/System.ComponentModel.Primitives.dll
                 Private = 'false'
             /usr/share/dotnet/packs/Microsoft.NETCore.App.Ref/8.0.21/ref/net8.0/System.ComponentModel.TypeConverter.dll
                 Private = 'false'
             /usr/share/dotnet/packs/Microsoft.NETCore.App.Ref/8.0.21/ref/net8.0/System.ComponentModel.dll
                 Private = 'false'
             /usr/share/dotnet/packs/Microsoft.NETCore.App.Ref/8.0.21/ref/net8.0/System.Configuration.dll
                 Private = 'false'
             /usr/share/dotnet/packs/Microsoft.NETCore.App.Ref/8.0.21/ref/net8.0/System.Console.dll
                 Private = 'false'
             /usr/share/dotnet/packs/Microsoft.NETCore.App.Ref/8.0.21/ref/net8.0/System.Core.dll
                 Private = 'false'
             /usr/share/dotnet/packs/Microsoft.NETCore.App.Ref/8.0.21/ref/net8.0/System.Data.Common.dll
                 Private = 'false'
             /usr/share/dotnet/packs/Microsoft.NETCore.App.Ref/8.0.21/ref/net8.0/System.Data.DataSetExtensions.dll
                 Private = 'false'
             /usr/share/dotnet/packs/Microsoft.NETCore.App.Ref/8.0.21/ref/net8.0/System.Data.dll
                 Private = 'false'
             /usr/share/dotnet/packs/Microsoft.NETCore.App.Ref/8.0.21/ref/net8.0/System.Diagnostics.Contracts.dll
                 Private = 'false'
             /usr/share/dotnet/packs/Microsoft.NETCore.App.Ref/8.0.21/ref/net8.0/System.Diagnostics.Debug.dll
                 Private = 'false'
             /usr/share/dotnet/packs/Microsoft.NETCore.App.Ref/8.0.21/ref/net8.0/System.Diagnostics.FileVersionInfo.dll
                 Private = 'false'
             /usr/share/dotnet/packs/Microsoft.NETCore.App.Ref/8.0.21/ref/net8.0/System.Diagnostics.Process.dll
                 Private = 'false'
             /usr/share/dotnet/packs/Microsoft.NETCore.App.Ref/8.0.21/ref/net8.0/System.Diagnostics.StackTrace.dll
                 Private = 'false'
             /usr/share/dotnet/packs/Microsoft.NETCore.App.Ref/8.0.21/ref/net8.0/System.Diagnostics.TextWriterTraceListener.dll
                 Private = 'false'
             /usr/share/dotnet/packs/Microsoft.NETCore.App.Ref/8.0.21/ref/net8.0/System.Diagnostics.Tools.dll
                 Private = 'false'
             /usr/share/dotnet/packs/Microsoft.NETCore.App.Ref/8.0.21/ref/net8.0/System.Diagnostics.TraceSource.dll
                 Private = 'false'
             /usr/share/dotnet/packs/Microsoft.NETCore.App.Ref/8.0.21/ref/net8.0/System.Diagnostics.Tracing.dll
                 Private = 'false'
             /usr/share/dotnet/packs/Microsoft.NETCore.App.Ref/8.0.21/ref/net8.0/System.Drawing.Primitives.dll
                 Private = 'false'
             /usr/share/dotnet/packs/Microsoft.NETCore.App.Ref/8.0.21/ref/net8.0/System.Drawing.dll
                 Private = 'false'
             /usr/share/dotnet/packs/Microsoft.NETCore.App.Ref/8.0.21/ref/net8.0/System.Dynamic.Runtime.dll
                 Private = 'false'
             /usr/share/dotnet/packs/Microsoft.NETCore.App.Ref/8.0.21/ref/net8.0/System.Formats.Asn1.dll
                 Private = 'false'
             /usr/share/dotnet/packs/Microsoft.NETCore.App.Ref/8.0.21/ref/net8.0/System.Formats.Tar.dll
                 Private = 'false'
             /usr/share/dotnet/packs/Microsoft.NETCore.App.Ref/8.0.21/ref/net8.0/System.Globalization.Calendars.dll
                 Private = 'false'
             /usr/share/dotnet/packs/Microsoft.NETCore.App.Ref/8.0.21/ref/net8.0/System.Globalization.Extensions.dll
                 Private = 'false'
             /usr/share/dotnet/packs/Microsoft.NETCore.App.Ref/8.0.21/ref/net8.0/System.Globalization.dll
                 Private = 'false'
             /usr/share/dotnet/packs/Microsoft.NETCore.App.Ref/8.0.21/ref/net8.0/System.IO.Compression.Brotli.dll
                 Private = 'false'
             /usr/share/dotnet/packs/Microsoft.NETCore.App.Ref/8.0.21/ref/net8.0/System.IO.Compression.FileSystem.dll
                 Private = 'false'
             /usr/share/dotnet/packs/Microsoft.NETCore.App.Ref/8.0.21/ref/net8.0/System.IO.Compression.ZipFile.dll
                 Private = 'false'
             /usr/share/dotnet/packs/Microsoft.NETCore.App.Ref/8.0.21/ref/net8.0/System.IO.Compression.dll
                 Private = 'false'
             /usr/share/dotnet/packs/Microsoft.NETCore.App.Ref/8.0.21/ref/net8.0/System.IO.FileSystem.AccessControl.dll
                 Private = 'false'
             /usr/share/dotnet/packs/Microsoft.NETCore.App.Ref/8.0.21/ref/net8.0/System.IO.FileSystem.DriveInfo.dll
                 Private = 'false'
             /usr/share/dotnet/packs/Microsoft.NETCore.App.Ref/8.0.21/ref/net8.0/System.IO.FileSystem.Primitives.dll
                 Private = 'false'
             /usr/share/dotnet/packs/Microsoft.NETCore.App.Ref/8.0.21/ref/net8.0/System.IO.FileSystem.Watcher.dll
                 Private = 'false'
             /usr/share/dotnet/packs/Microsoft.NETCore.App.Ref/8.0.21/ref/net8.0/System.IO.FileSystem.dll
                 Private = 'false'
             /usr/share/dotnet/packs/Microsoft.NETCore.App.Ref/8.0.21/ref/net8.0/System.IO.IsolatedStorage.dll
                 Private = 'false'
             /usr/share/dotnet/packs/Microsoft.NETCore.App.Ref/8.0.21/ref/net8.0/System.IO.MemoryMappedFiles.dll
                 Private = 'false'
             /usr/share/dotnet/packs/Microsoft.NETCore.App.Ref/8.0.21/ref/net8.0/System.IO.Pipes.AccessControl.dll
                 Private = 'false'
             /usr/share/dotnet/packs/Microsoft.NETCore.App.Ref/8.0.21/ref/net8.0/System.IO.Pipes.dll
                 Private = 'false'
             /usr/share/dotnet/packs/Microsoft.NETCore.App.Ref/8.0.21/ref/net8.0/System.IO.UnmanagedMemoryStream.dll
                 Private = 'false'
             /usr/share/dotnet/packs/Microsoft.NETCore.App.Ref/8.0.21/ref/net8.0/System.IO.dll
                 Private = 'false'
             /usr/share/dotnet/packs/Microsoft.NETCore.App.Ref/8.0.21/ref/net8.0/System.Linq.Expressions.dll
                 Private = 'false'
             /usr/share/dotnet/packs/Microsoft.NETCore.App.Ref/8.0.21/ref/net8.0/System.Linq.Parallel.dll
                 Private = 'false'
             /usr/share/dotnet/packs/Microsoft.NETCore.App.Ref/8.0.21/ref/net8.0/System.Linq.Queryable.dll
                 Private = 'false'
             /usr/share/dotnet/packs/Microsoft.NETCore.App.Ref/8.0.21/ref/net8.0/System.Linq.dll
                 Private = 'false'
             /usr/share/dotnet/packs/Microsoft.NETCore.App.Ref/8.0.21/ref/net8.0/System.Memory.dll
                 Private = 'false'
             /usr/share/dotnet/packs/Microsoft.NETCore.App.Ref/8.0.21/ref/net8.0/System.Net.Http.Json.dll
                 Private = 'false'
             /usr/share/dotnet/packs/Microsoft.NETCore.App.Ref/8.0.21/ref/net8.0/System.Net.Http.dll
                 Private = 'false'
             /usr/share/dotnet/packs/Microsoft.NETCore.App.Ref/8.0.21/ref/net8.0/System.Net.HttpListener.dll
                 Private = 'false'
             /usr/share/dotnet/packs/Microsoft.NETCore.App.Ref/8.0.21/ref/net8.0/System.Net.Mail.dll
                 Private = 'false'
             /usr/share/dotnet/packs/Microsoft.NETCore.App.Ref/8.0.21/ref/net8.0/System.Net.NameResolution.dll
                 Private = 'false'
             /usr/share/dotnet/packs/Microsoft.NETCore.App.Ref/8.0.21/ref/net8.0/System.Net.NetworkInformation.dll
                 Private = 'false'
             /usr/share/dotnet/packs/Microsoft.NETCore.App.Ref/8.0.21/ref/net8.0/System.Net.Ping.dll
                 Private = 'false'
             /usr/share/dotnet/packs/Microsoft.NETCore.App.Ref/8.0.21/ref/net8.0/System.Net.Primitives.dll
                 Private = 'false'
             /usr/share/dotnet/packs/Microsoft.NETCore.App.Ref/8.0.21/ref/net8.0/System.Net.Quic.dll
                 Private = 'false'
             /usr/share/dotnet/packs/Microsoft.NETCore.App.Ref/8.0.21/ref/net8.0/System.Net.Requests.dll
                 Private = 'false'
             /usr/share/dotnet/packs/Microsoft.NETCore.App.Ref/8.0.21/ref/net8.0/System.Net.Security.dll
                 Private = 'false'
             /usr/share/dotnet/packs/Microsoft.NETCore.App.Ref/8.0.21/ref/net8.0/System.Net.ServicePoint.dll
                 Private = 'false'
             /usr/share/dotnet/packs/Microsoft.NETCore.App.Ref/8.0.21/ref/net8.0/System.Net.Sockets.dll
                 Private = 'false'
             /usr/share/dotnet/packs/Microsoft.NETCore.App.Ref/8.0.21/ref/net8.0/System.Net.WebClient.dll
                 Private = 'false'
             /usr/share/dotnet/packs/Microsoft.NETCore.App.Ref/8.0.21/ref/net8.0/System.Net.WebHeaderCollection.dll
                 Private = 'false'
             /usr/share/dotnet/packs/Microsoft.NETCore.App.Ref/8.0.21/ref/net8.0/System.Net.WebProxy.dll
                 Private = 'false'
             /usr/share/dotnet/packs/Microsoft.NETCore.App.Ref/8.0.21/ref/net8.0/System.Net.WebSockets.Client.dll
                 Private = 'false'
             /usr/share/dotnet/packs/Microsoft.NETCore.App.Ref/8.0.21/ref/net8.0/System.Net.WebSockets.dll
                 Private = 'false'
             /usr/share/dotnet/packs/Microsoft.NETCore.App.Ref/8.0.21/ref/net8.0/System.Net.dll
                 Private = 'false'
             /usr/share/dotnet/packs/Microsoft.NETCore.App.Ref/8.0.21/ref/net8.0/System.Numerics.Vectors.dll
                 Private = 'false'
             /usr/share/dotnet/packs/Microsoft.NETCore.App.Ref/8.0.21/ref/net8.0/System.Numerics.dll
                 Private = 'false'
             /usr/share/dotnet/packs/Microsoft.NETCore.App.Ref/8.0.21/ref/net8.0/System.ObjectModel.dll
                 Private = 'false'
             /usr/share/dotnet/packs/Microsoft.NETCore.App.Ref/8.0.21/ref/net8.0/System.Reflection.DispatchProxy.dll
                 Private = 'false'
             /usr/share/dotnet/packs/Microsoft.NETCore.App.Ref/8.0.21/ref/net8.0/System.Reflection.Emit.ILGeneration.dll
                 Private = 'false'
             /usr/share/dotnet/packs/Microsoft.NETCore.App.Ref/8.0.21/ref/net8.0/System.Reflection.Emit.Lightweight.dll
                 Private = 'false'
             /usr/share/dotnet/packs/Microsoft.NETCore.App.Ref/8.0.21/ref/net8.0/System.Reflection.Emit.dll
                 Private = 'false'
             /usr/share/dotnet/packs/Microsoft.NETCore.App.Ref/8.0.21/ref/net8.0/System.Reflection.Extensions.dll
                 Private = 'false'
             /usr/share/dotnet/packs/Microsoft.NETCore.App.Ref/8.0.21/ref/net8.0/System.Reflection.Metadata.dll
                 Private = 'false'
             /usr/share/dotnet/packs/Microsoft.NETCore.App.Ref/8.0.21/ref/net8.0/System.Reflection.Primitives.dll
                 Private = 'false'
             /usr/share/dotnet/packs/Microsoft.NETCore.App.Ref/8.0.21/ref/net8.0/System.Reflection.TypeExtensions.dll
                 Private = 'false'
             /usr/share/dotnet/packs/Microsoft.NETCore.App.Ref/8.0.21/ref/net8.0/System.Reflection.dll
                 Private = 'false'
             /usr/share/dotnet/packs/Microsoft.NETCore.App.Ref/8.0.21/ref/net8.0/System.Resources.Reader.dll
                 Private = 'false'
             /usr/share/dotnet/packs/Microsoft.NETCore.App.Ref/8.0.21/ref/net8.0/System.Resources.ResourceManager.dll
                 Private = 'false'
             /usr/share/dotnet/packs/Microsoft.NETCore.App.Ref/8.0.21/ref/net8.0/System.Resources.Writer.dll
                 Private = 'false'
             /usr/share/dotnet/packs/Microsoft.NETCore.App.Ref/8.0.21/ref/net8.0/System.Runtime.CompilerServices.Unsafe.dll
                 Private = 'false'
             /usr/share/dotnet/packs/Microsoft.NETCore.App.Ref/8.0.21/ref/net8.0/System.Runtime.CompilerServices.VisualC.dll
                 Private = 'false'
             /usr/share/dotnet/packs/Microsoft.NETCore.App.Ref/8.0.21/ref/net8.0/System.Runtime.Extensions.dll
                 Private = 'false'
             /usr/share/dotnet/packs/Microsoft.NETCore.App.Ref/8.0.21/ref/net8.0/System.Runtime.Handles.dll
                 Private = 'false'
             /usr/share/dotnet/packs/Microsoft.NETCore.App.Ref/8.0.21/ref/net8.0/System.Runtime.InteropServices.JavaScript.dll
                 Private = 'false'
             /usr/share/dotnet/packs/Microsoft.NETCore.App.Ref/8.0.21/ref/net8.0/System.Runtime.InteropServices.RuntimeInformation.dll
                 Private = 'false'
             /usr/share/dotnet/packs/Microsoft.NETCore.App.Ref/8.0.21/ref/net8.0/System.Runtime.InteropServices.dll
                 Private = 'false'
             /usr/share/dotnet/packs/Microsoft.NETCore.App.Ref/8.0.21/ref/net8.0/System.Runtime.Intrinsics.dll
                 Private = 'false'
             /usr/share/dotnet/packs/Microsoft.NETCore.App.Ref/8.0.21/ref/net8.0/System.Runtime.Loader.dll
                 Private = 'false'
             /usr/share/dotnet/packs/Microsoft.NETCore.App.Ref/8.0.21/ref/net8.0/System.Runtime.Numerics.dll
                 Private = 'false'
             /usr/share/dotnet/packs/Microsoft.NETCore.App.Ref/8.0.21/ref/net8.0/System.Runtime.Serialization.Formatters.dll
                 Private = 'false'
             /usr/share/dotnet/packs/Microsoft.NETCore.App.Ref/8.0.21/ref/net8.0/System.Runtime.Serialization.Json.dll
                 Private = 'false'
             /usr/share/dotnet/packs/Microsoft.NETCore.App.Ref/8.0.21/ref/net8.0/System.Runtime.Serialization.Primitives.dll
                 Private = 'false'
             /usr/share/dotnet/packs/Microsoft.NETCore.App.Ref/8.0.21/ref/net8.0/System.Runtime.Serialization.Xml.dll
                 Private = 'false'
             /usr/share/dotnet/packs/Microsoft.NETCore.App.Ref/8.0.21/ref/net8.0/System.Runtime.Serialization.dll
                 Private = 'false'
             /usr/share/dotnet/packs/Microsoft.NETCore.App.Ref/8.0.21/ref/net8.0/System.Runtime.dll
                 Private = 'false'
             /usr/share/dotnet/packs/Microsoft.NETCore.App.Ref/8.0.21/ref/net8.0/System.Security.AccessControl.dll
                 Private = 'false'
             /usr/share/dotnet/packs/Microsoft.NETCore.App.Ref/8.0.21/ref/net8.0/System.Security.Claims.dll
                 Private = 'false'
             /usr/share/dotnet/packs/Microsoft.NETCore.App.Ref/8.0.21/ref/net8.0/System.Security.Cryptography.Algorithms.dll
                 Private = 'false'
             /usr/share/dotnet/packs/Microsoft.NETCore.App.Ref/8.0.21/ref/net8.0/System.Security.Cryptography.Cng.dll
                 Private = 'false'
             /usr/share/dotnet/packs/Microsoft.NETCore.App.Ref/8.0.21/ref/net8.0/System.Security.Cryptography.Csp.dll
                 Private = 'false'
             /usr/share/dotnet/packs/Microsoft.NETCore.App.Ref/8.0.21/ref/net8.0/System.Security.Cryptography.Encoding.dll
                 Private = 'false'
             /usr/share/dotnet/packs/Microsoft.NETCore.App.Ref/8.0.21/ref/net8.0/System.Security.Cryptography.OpenSsl.dll
                 Private = 'false'
             /usr/share/dotnet/packs/Microsoft.NETCore.App.Ref/8.0.21/ref/net8.0/System.Security.Cryptography.Primitives.dll
                 Private = 'false'
             /usr/share/dotnet/packs/Microsoft.NETCore.App.Ref/8.0.21/ref/net8.0/System.Security.Cryptography.X509Certificates.dll
                 Private = 'false'
             /usr/share/dotnet/packs/Microsoft.NETCore.App.Ref/8.0.21/ref/net8.0/System.Security.Cryptography.dll
                 Private = 'false'
             /usr/share/dotnet/packs/Microsoft.NETCore.App.Ref/8.0.21/ref/net8.0/System.Security.Principal.Windows.dll
                 Private = 'false'
             /usr/share/dotnet/packs/Microsoft.NETCore.App.Ref/8.0.21/ref/net8.0/System.Security.Principal.dll
                 Private = 'false'
             /usr/share/dotnet/packs/Microsoft.NETCore.App.Ref/8.0.21/ref/net8.0/System.Security.SecureString.dll
                 Private = 'false'
             /usr/share/dotnet/packs/Microsoft.NETCore.App.Ref/8.0.21/ref/net8.0/System.Security.dll
                 Private = 'false'
             /usr/share/dotnet/packs/Microsoft.NETCore.App.Ref/8.0.21/ref/net8.0/System.ServiceModel.Web.dll
                 Private = 'false'
             /usr/share/dotnet/packs/Microsoft.NETCore.App.Ref/8.0.21/ref/net8.0/System.ServiceProcess.dll
                 Private = 'false'
             /usr/share/dotnet/packs/Microsoft.NETCore.App.Ref/8.0.21/ref/net8.0/System.Text.Encoding.CodePages.dll
                 Private = 'false'
             /usr/share/dotnet/packs/Microsoft.NETCore.App.Ref/8.0.21/ref/net8.0/System.Text.Encoding.Extensions.dll
                 Private = 'false'
             /usr/share/dotnet/packs/Microsoft.NETCore.App.Ref/8.0.21/ref/net8.0/System.Text.Encoding.dll
                 Private = 'false'
             /usr/share/dotnet/packs/Microsoft.NETCore.App.Ref/8.0.21/ref/net8.0/System.Text.Encodings.Web.dll
                 Private = 'false'
             /usr/share/dotnet/packs/Microsoft.NETCore.App.Ref/8.0.21/ref/net8.0/System.Text.Json.dll
                 Private = 'false'
             /usr/share/dotnet/packs/Microsoft.NETCore.App.Ref/8.0.21/ref/net8.0/System.Text.RegularExpressions.dll
                 Private = 'false'
             /usr/share/dotnet/packs/Microsoft.NETCore.App.Ref/8.0.21/ref/net8.0/System.Threading.Channels.dll
                 Private = 'false'
             /usr/share/dotnet/packs/Microsoft.NETCore.App.Ref/8.0.21/ref/net8.0/System.Threading.Overlapped.dll
                 Private = 'false'
             /usr/share/dotnet/packs/Microsoft.NETCore.App.Ref/8.0.21/ref/net8.0/System.Threading.Tasks.Dataflow.dll
                 Private = 'false'
             /usr/share/dotnet/packs/Microsoft.NETCore.App.Ref/8.0.21/ref/net8.0/System.Threading.Tasks.Extensions.dll
                 Private = 'false'
             /usr/share/dotnet/packs/Microsoft.NETCore.App.Ref/8.0.21/ref/net8.0/System.Threading.Tasks.Parallel.dll
                 Private = 'false'
             /usr/share/dotnet/packs/Microsoft.NETCore.App.Ref/8.0.21/ref/net8.0/System.Threading.Tasks.dll
                 Private = 'false'
             /usr/share/dotnet/packs/Microsoft.NETCore.App.Ref/8.0.21/ref/net8.0/System.Threading.Thread.dll
                 Private = 'false'
             /usr/share/dotnet/packs/Microsoft.NETCore.App.Ref/8.0.21/ref/net8.0/System.Threading.ThreadPool.dll
                 Private = 'false'
             /usr/share/dotnet/packs/Microsoft.NETCore.App.Ref/8.0.21/ref/net8.0/System.Threading.Timer.dll
                 Private = 'false'
             /usr/share/dotnet/packs/Microsoft.NETCore.App.Ref/8.0.21/ref/net8.0/System.Threading.dll
                 Private = 'false'
             /usr/share/dotnet/packs/Microsoft.NETCore.App.Ref/8.0.21/ref/net8.0/System.Transactions.Local.dll
                 Private = 'false'
             /usr/share/dotnet/packs/Microsoft.NETCore.App.Ref/8.0.21/ref/net8.0/System.Transactions.dll
                 Private = 'false'
             /usr/share/dotnet/packs/Microsoft.NETCore.App.Ref/8.0.21/ref/net8.0/System.ValueTuple.dll
                 Private = 'false'
             /usr/share/dotnet/packs/Microsoft.NETCore.App.Ref/8.0.21/ref/net8.0/System.Web.HttpUtility.dll
                 Private = 'false'
             /usr/share/dotnet/packs/Microsoft.NETCore.App.Ref/8.0.21/ref/net8.0/System.Web.dll
                 Private = 'false'
             /usr/share/dotnet/packs/Microsoft.NETCore.App.Ref/8.0.21/ref/net8.0/System.Windows.dll
                 Private = 'false'
             /usr/share/dotnet/packs/Microsoft.NETCore.App.Ref/8.0.21/ref/net8.0/System.Xml.Linq.dll
                 Private = 'false'
             /usr/share/dotnet/packs/Microsoft.NETCore.App.Ref/8.0.21/ref/net8.0/System.Xml.ReaderWriter.dll
                 Private = 'false'
             /usr/share/dotnet/packs/Microsoft.NETCore.App.Ref/8.0.21/ref/net8.0/System.Xml.Serialization.dll
                 Private = 'false'
             /usr/share/dotnet/packs/Microsoft.NETCore.App.Ref/8.0.21/ref/net8.0/System.Xml.XDocument.dll
                 Private = 'false'
             /usr/share/dotnet/packs/Microsoft.NETCore.App.Ref/8.0.21/ref/net8.0/System.Xml.XPath.XDocument.dll
                 Private = 'false'
             /usr/share/dotnet/packs/Microsoft.NETCore.App.Ref/8.0.21/ref/net8.0/System.Xml.XPath.dll
                 Private = 'false'
             /usr/share/dotnet/packs/Microsoft.NETCore.App.Ref/8.0.21/ref/net8.0/System.Xml.XmlDocument.dll
                 Private = 'false'
             /usr/share/dotnet/packs/Microsoft.NETCore.App.Ref/8.0.21/ref/net8.0/System.Xml.XmlSerializer.dll
                 Private = 'false'
             /usr/share/dotnet/packs/Microsoft.NETCore.App.Ref/8.0.21/ref/net8.0/System.Xml.dll
                 Private = 'false'
             /usr/share/dotnet/packs/Microsoft.NETCore.App.Ref/8.0.21/ref/net8.0/System.dll
                 Private = 'false'
             /usr/share/dotnet/packs/Microsoft.NETCore.App.Ref/8.0.21/ref/net8.0/WindowsBase.dll
                 Private = 'false'
             /usr/share/dotnet/packs/Microsoft.NETCore.App.Ref/8.0.21/ref/net8.0/mscorlib.dll
                 Private = 'false'
             /usr/share/dotnet/packs/Microsoft.NETCore.App.Ref/8.0.21/ref/net8.0/netstandard.dll
                 Private = 'false'
             /usr/share/dotnet/packs/Microsoft.AspNetCore.App.Ref/8.0.21/ref/net8.0/Microsoft.AspNetCore.Antiforgery.dll
                 Private = 'false'
             /usr/share/dotnet/packs/Microsoft.AspNetCore.App.Ref/8.0.21/ref/net8.0/Microsoft.AspNetCore.Authentication.Abstractions.dll
                 Private = 'false'
             /usr/share/dotnet/packs/Microsoft.AspNetCore.App.Ref/8.0.21/ref/net8.0/Microsoft.AspNetCore.Authentication.BearerToken.dll
                 Private = 'false'
             /usr/share/dotnet/packs/Microsoft.AspNetCore.App.Ref/8.0.21/ref/net8.0/Microsoft.AspNetCore.Authentication.Cookies.dll
                 Private = 'false'
             /usr/share/dotnet/packs/Microsoft.AspNetCore.App.Ref/8.0.21/ref/net8.0/Microsoft.AspNetCore.Authentication.Core.dll
                 Private = 'false'
             /usr/share/dotnet/packs/Microsoft.AspNetCore.App.Ref/8.0.21/ref/net8.0/Microsoft.AspNetCore.Authentication.OAuth.dll
                 Private = 'false'
             /usr/share/dotnet/packs/Microsoft.AspNetCore.App.Ref/8.0.21/ref/net8.0/Microsoft.AspNetCore.Authentication.dll
                 Private = 'false'
             /usr/share/dotnet/packs/Microsoft.AspNetCore.App.Ref/8.0.21/ref/net8.0/Microsoft.AspNetCore.Authorization.Policy.dll
                 Private = 'false'
             /usr/share/dotnet/packs/Microsoft.AspNetCore.App.Ref/8.0.21/ref/net8.0/Microsoft.AspNetCore.Authorization.dll
                 Private = 'false'
             /usr/share/dotnet/packs/Microsoft.AspNetCore.App.Ref/8.0.21/ref/net8.0/Microsoft.AspNetCore.Components.Authorization.dll
                 Private = 'false'
             /usr/share/dotnet/packs/Microsoft.AspNetCore.App.Ref/8.0.21/ref/net8.0/Microsoft.AspNetCore.Components.Endpoints.dll
                 Private = 'false'
             /usr/share/dotnet/packs/Microsoft.AspNetCore.App.Ref/8.0.21/ref/net8.0/Microsoft.AspNetCore.Components.Forms.dll
                 Private = 'false'
             /usr/share/dotnet/packs/Microsoft.AspNetCore.App.Ref/8.0.21/ref/net8.0/Microsoft.AspNetCore.Components.Server.dll
                 Private = 'false'
             /usr/share/dotnet/packs/Microsoft.AspNetCore.App.Ref/8.0.21/ref/net8.0/Microsoft.AspNetCore.Components.Web.dll
                 Private = 'false'
             /usr/share/dotnet/packs/Microsoft.AspNetCore.App.Ref/8.0.21/ref/net8.0/Microsoft.AspNetCore.Components.dll
                 Private = 'false'
             /usr/share/dotnet/packs/Microsoft.AspNetCore.App.Ref/8.0.21/ref/net8.0/Microsoft.AspNetCore.Connections.Abstractions.dll
                 Private = 'false'
             /usr/share/dotnet/packs/Microsoft.AspNetCore.App.Ref/8.0.21/ref/net8.0/Microsoft.AspNetCore.CookiePolicy.dll
                 Private = 'false'
             /usr/share/dotnet/packs/Microsoft.AspNetCore.App.Ref/8.0.21/ref/net8.0/Microsoft.AspNetCore.Cors.dll
                 Private = 'false'
             /usr/share/dotnet/packs/Microsoft.AspNetCore.App.Ref/8.0.21/ref/net8.0/Microsoft.AspNetCore.Cryptography.Internal.dll
                 Private = 'false'
             /usr/share/dotnet/packs/Microsoft.AspNetCore.App.Ref/8.0.21/ref/net8.0/Microsoft.AspNetCore.Cryptography.KeyDerivation.dll
                 Private = 'false'
             /usr/share/dotnet/packs/Microsoft.AspNetCore.App.Ref/8.0.21/ref/net8.0/Microsoft.AspNetCore.DataProtection.Abstractions.dll
                 Private = 'false'
             /usr/share/dotnet/packs/Microsoft.AspNetCore.App.Ref/8.0.21/ref/net8.0/Microsoft.AspNetCore.DataProtection.Extensions.dll
                 Private = 'false'
             /usr/share/dotnet/packs/Microsoft.AspNetCore.App.Ref/8.0.21/ref/net8.0/Microsoft.AspNetCore.DataProtection.dll
                 Private = 'false'
             /usr/share/dotnet/packs/Microsoft.AspNetCore.App.Ref/8.0.21/ref/net8.0/Microsoft.AspNetCore.Diagnostics.Abstractions.dll
                 Private = 'false'
             /usr/share/dotnet/packs/Microsoft.AspNetCore.App.Ref/8.0.21/ref/net8.0/Microsoft.AspNetCore.Diagnostics.HealthChecks.dll
                 Private = 'false'
             /usr/share/dotnet/packs/Microsoft.AspNetCore.App.Ref/8.0.21/ref/net8.0/Microsoft.AspNetCore.Diagnostics.dll
                 Private = 'false'
             /usr/share/dotnet/packs/Microsoft.AspNetCore.App.Ref/8.0.21/ref/net8.0/Microsoft.AspNetCore.HostFiltering.dll
                 Private = 'false'
             /usr/share/dotnet/packs/Microsoft.AspNetCore.App.Ref/8.0.21/ref/net8.0/Microsoft.AspNetCore.Hosting.Abstractions.dll
                 Private = 'false'
             /usr/share/dotnet/packs/Microsoft.AspNetCore.App.Ref/8.0.21/ref/net8.0/Microsoft.AspNetCore.Hosting.Server.Abstractions.dll
                 Private = 'false'
             /usr/share/dotnet/packs/Microsoft.AspNetCore.App.Ref/8.0.21/ref/net8.0/Microsoft.AspNetCore.Hosting.dll
                 Private = 'false'
             /usr/share/dotnet/packs/Microsoft.AspNetCore.App.Ref/8.0.21/ref/net8.0/Microsoft.AspNetCore.Html.Abstractions.dll
                 Private = 'false'
             /usr/share/dotnet/packs/Microsoft.AspNetCore.App.Ref/8.0.21/ref/net8.0/Microsoft.AspNetCore.Http.Abstractions.dll
                 Private = 'false'
             /usr/share/dotnet/packs/Microsoft.AspNetCore.App.Ref/8.0.21/ref/net8.0/Microsoft.AspNetCore.Http.Connections.Common.dll
                 Private = 'false'
             /usr/share/dotnet/packs/Microsoft.AspNetCore.App.Ref/8.0.21/ref/net8.0/Microsoft.AspNetCore.Http.Connections.dll
                 Private = 'false'
             /usr/share/dotnet/packs/Microsoft.AspNetCore.App.Ref/8.0.21/ref/net8.0/Microsoft.AspNetCore.Http.Extensions.dll
                 Private = 'false'
             /usr/share/dotnet/packs/Microsoft.AspNetCore.App.Ref/8.0.21/ref/net8.0/Microsoft.AspNetCore.Http.Features.dll
                 Private = 'false'
             /usr/share/dotnet/packs/Microsoft.AspNetCore.App.Ref/8.0.21/ref/net8.0/Microsoft.AspNetCore.Http.Results.dll
                 Private = 'false'
             /usr/share/dotnet/packs/Microsoft.AspNetCore.App.Ref/8.0.21/ref/net8.0/Microsoft.AspNetCore.Http.dll
                 Private = 'false'
             /usr/share/dotnet/packs/Microsoft.AspNetCore.App.Ref/8.0.21/ref/net8.0/Microsoft.AspNetCore.HttpLogging.dll
                 Private = 'false'
             /usr/share/dotnet/packs/Microsoft.AspNetCore.App.Ref/8.0.21/ref/net8.0/Microsoft.AspNetCore.HttpOverrides.dll
                 Private = 'false'
             /usr/share/dotnet/packs/Microsoft.AspNetCore.App.Ref/8.0.21/ref/net8.0/Microsoft.AspNetCore.HttpsPolicy.dll
                 Private = 'false'
             /usr/share/dotnet/packs/Microsoft.AspNetCore.App.Ref/8.0.21/ref/net8.0/Microsoft.AspNetCore.Identity.dll
                 Private = 'false'
             /usr/share/dotnet/packs/Microsoft.AspNetCore.App.Ref/8.0.21/ref/net8.0/Microsoft.AspNetCore.Localization.Routing.dll
                 Private = 'false'
             /usr/share/dotnet/packs/Microsoft.AspNetCore.App.Ref/8.0.21/ref/net8.0/Microsoft.AspNetCore.Localization.dll
                 Private = 'false'
             /usr/share/dotnet/packs/Microsoft.AspNetCore.App.Ref/8.0.21/ref/net8.0/Microsoft.AspNetCore.Metadata.dll
                 Private = 'false'
             /usr/share/dotnet/packs/Microsoft.AspNetCore.App.Ref/8.0.21/ref/net8.0/Microsoft.AspNetCore.Mvc.Abstractions.dll
                 Private = 'false'
             /usr/share/dotnet/packs/Microsoft.AspNetCore.App.Ref/8.0.21/ref/net8.0/Microsoft.AspNetCore.Mvc.ApiExplorer.dll
                 Private = 'false'
             /usr/share/dotnet/packs/Microsoft.AspNetCore.App.Ref/8.0.21/ref/net8.0/Microsoft.AspNetCore.Mvc.Core.dll
                 Private = 'false'
             /usr/share/dotnet/packs/Microsoft.AspNetCore.App.Ref/8.0.21/ref/net8.0/Microsoft.AspNetCore.Mvc.Cors.dll
                 Private = 'false'
             /usr/share/dotnet/packs/Microsoft.AspNetCore.App.Ref/8.0.21/ref/net8.0/Microsoft.AspNetCore.Mvc.DataAnnotations.dll
                 Private = 'false'
             /usr/share/dotnet/packs/Microsoft.AspNetCore.App.Ref/8.0.21/ref/net8.0/Microsoft.AspNetCore.Mvc.Formatters.Json.dll
                 Private = 'false'
             /usr/share/dotnet/packs/Microsoft.AspNetCore.App.Ref/8.0.21/ref/net8.0/Microsoft.AspNetCore.Mvc.Formatters.Xml.dll
                 Private = 'false'
             /usr/share/dotnet/packs/Microsoft.AspNetCore.App.Ref/8.0.21/ref/net8.0/Microsoft.AspNetCore.Mvc.Localization.dll
                 Private = 'false'
             /usr/share/dotnet/packs/Microsoft.AspNetCore.App.Ref/8.0.21/ref/net8.0/Microsoft.AspNetCore.Mvc.Razor.dll
                 Private = 'false'
             /usr/share/dotnet/packs/Microsoft.AspNetCore.App.Ref/8.0.21/ref/net8.0/Microsoft.AspNetCore.Mvc.RazorPages.dll
                 Private = 'false'
             /usr/share/dotnet/packs/Microsoft.AspNetCore.App.Ref/8.0.21/ref/net8.0/Microsoft.AspNetCore.Mvc.TagHelpers.dll
                 Private = 'false'
             /usr/share/dotnet/packs/Microsoft.AspNetCore.App.Ref/8.0.21/ref/net8.0/Microsoft.AspNetCore.Mvc.ViewFeatures.dll
                 Private = 'false'
             /usr/share/dotnet/packs/Microsoft.AspNetCore.App.Ref/8.0.21/ref/net8.0/Microsoft.AspNetCore.Mvc.dll
                 Private = 'false'
             /usr/share/dotnet/packs/Microsoft.AspNetCore.App.Ref/8.0.21/ref/net8.0/Microsoft.AspNetCore.OutputCaching.dll
                 Private = 'false'
             /usr/share/dotnet/packs/Microsoft.AspNetCore.App.Ref/8.0.21/ref/net8.0/Microsoft.AspNetCore.RateLimiting.dll
                 Private = 'false'
             /usr/share/dotnet/packs/Microsoft.AspNetCore.App.Ref/8.0.21/ref/net8.0/Microsoft.AspNetCore.Razor.Runtime.dll
                 Private = 'false'
             /usr/share/dotnet/packs/Microsoft.AspNetCore.App.Ref/8.0.21/ref/net8.0/Microsoft.AspNetCore.Razor.dll
                 Private = 'false'
             /usr/share/dotnet/packs/Microsoft.AspNetCore.App.Ref/8.0.21/ref/net8.0/Microsoft.AspNetCore.RequestDecompression.dll
                 Private = 'false'
             /usr/share/dotnet/packs/Microsoft.AspNetCore.App.Ref/8.0.21/ref/net8.0/Microsoft.AspNetCore.ResponseCaching.Abstractions.dll
                 Private = 'false'
             /usr/share/dotnet/packs/Microsoft.AspNetCore.App.Ref/8.0.21/ref/net8.0/Microsoft.AspNetCore.ResponseCaching.dll
                 Private = 'false'
             /usr/share/dotnet/packs/Microsoft.AspNetCore.App.Ref/8.0.21/ref/net8.0/Microsoft.AspNetCore.ResponseCompression.dll
                 Private = 'false'
             /usr/share/dotnet/packs/Microsoft.AspNetCore.App.Ref/8.0.21/ref/net8.0/Microsoft.AspNetCore.Rewrite.dll
                 Private = 'false'
             /usr/share/dotnet/packs/Microsoft.AspNetCore.App.Ref/8.0.21/ref/net8.0/Microsoft.AspNetCore.Routing.Abstractions.dll
                 Private = 'false'
             /usr/share/dotnet/packs/Microsoft.AspNetCore.App.Ref/8.0.21/ref/net8.0/Microsoft.AspNetCore.Routing.dll
                 Private = 'false'
             /usr/share/dotnet/packs/Microsoft.AspNetCore.App.Ref/8.0.21/ref/net8.0/Microsoft.AspNetCore.Server.HttpSys.dll
                 Private = 'false'
             /usr/share/dotnet/packs/Microsoft.AspNetCore.App.Ref/8.0.21/ref/net8.0/Microsoft.AspNetCore.Server.IIS.dll
                 Private = 'false'
             /usr/share/dotnet/packs/Microsoft.AspNetCore.App.Ref/8.0.21/ref/net8.0/Microsoft.AspNetCore.Server.IISIntegration.dll
                 Private = 'false'
             /usr/share/dotnet/packs/Microsoft.AspNetCore.App.Ref/8.0.21/ref/net8.0/Microsoft.AspNetCore.Server.Kestrel.Core.dll
                 Private = 'false'
             /usr/share/dotnet/packs/Microsoft.AspNetCore.App.Ref/8.0.21/ref/net8.0/Microsoft.AspNetCore.Server.Kestrel.Transport.NamedPipes.dll
                 Private = 'false'
             /usr/share/dotnet/packs/Microsoft.AspNetCore.App.Ref/8.0.21/ref/net8.0/Microsoft.AspNetCore.Server.Kestrel.Transport.Quic.dll
                 Private = 'false'
             /usr/share/dotnet/packs/Microsoft.AspNetCore.App.Ref/8.0.21/ref/net8.0/Microsoft.AspNetCore.Server.Kestrel.Transport.Sockets.dll
                 Private = 'false'
             /usr/share/dotnet/packs/Microsoft.AspNetCore.App.Ref/8.0.21/ref/net8.0/Microsoft.AspNetCore.Server.Kestrel.dll
                 Private = 'false'
             /usr/share/dotnet/packs/Microsoft.AspNetCore.App.Ref/8.0.21/ref/net8.0/Microsoft.AspNetCore.Session.dll
                 Private = 'false'
             /usr/share/dotnet/packs/Microsoft.AspNetCore.App.Ref/8.0.21/ref/net8.0/Microsoft.AspNetCore.SignalR.Common.dll
                 Private = 'false'
             /usr/share/dotnet/packs/Microsoft.AspNetCore.App.Ref/8.0.21/ref/net8.0/Microsoft.AspNetCore.SignalR.Core.dll
                 Private = 'false'
             /usr/share/dotnet/packs/Microsoft.AspNetCore.App.Ref/8.0.21/ref/net8.0/Microsoft.AspNetCore.SignalR.Protocols.Json.dll
                 Private = 'false'
             /usr/share/dotnet/packs/Microsoft.AspNetCore.App.Ref/8.0.21/ref/net8.0/Microsoft.AspNetCore.SignalR.dll
                 Private = 'false'
             /usr/share/dotnet/packs/Microsoft.AspNetCore.App.Ref/8.0.21/ref/net8.0/Microsoft.AspNetCore.StaticFiles.dll
                 Private = 'false'
             /usr/share/dotnet/packs/Microsoft.AspNetCore.App.Ref/8.0.21/ref/net8.0/Microsoft.AspNetCore.WebSockets.dll
                 Private = 'false'
             /usr/share/dotnet/packs/Microsoft.AspNetCore.App.Ref/8.0.21/ref/net8.0/Microsoft.AspNetCore.WebUtilities.dll
                 Private = 'false'
             /usr/share/dotnet/packs/Microsoft.AspNetCore.App.Ref/8.0.21/ref/net8.0/Microsoft.AspNetCore.dll
                 Private = 'false'
             /usr/share/dotnet/packs/Microsoft.AspNetCore.App.Ref/8.0.21/ref/net8.0/Microsoft.Extensions.Configuration.Abstractions.dll
                 Private = 'false'
             /usr/share/dotnet/packs/Microsoft.AspNetCore.App.Ref/8.0.21/ref/net8.0/Microsoft.Extensions.Configuration.Binder.dll
                 Private = 'false'
             /usr/share/dotnet/packs/Microsoft.AspNetCore.App.Ref/8.0.21/ref/net8.0/Microsoft.Extensions.Configuration.CommandLine.dll
                 Private = 'false'
             /usr/share/dotnet/packs/Microsoft.AspNetCore.App.Ref/8.0.21/ref/net8.0/Microsoft.Extensions.Configuration.EnvironmentVariables.dll
                 Private = 'false'
             /usr/share/dotnet/packs/Microsoft.AspNetCore.App.Ref/8.0.21/ref/net8.0/Microsoft.Extensions.Configuration.FileExtensions.dll
                 Private = 'false'
             /usr/share/dotnet/packs/Microsoft.AspNetCore.App.Ref/8.0.21/ref/net8.0/Microsoft.Extensions.Configuration.Ini.dll
                 Private = 'false'
             /usr/share/dotnet/packs/Microsoft.AspNetCore.App.Ref/8.0.21/ref/net8.0/Microsoft.Extensions.Configuration.Json.dll
                 Private = 'false'
             /usr/share/dotnet/packs/Microsoft.AspNetCore.App.Ref/8.0.21/ref/net8.0/Microsoft.Extensions.Configuration.KeyPerFile.dll
                 Private = 'false'
             /usr/share/dotnet/packs/Microsoft.AspNetCore.App.Ref/8.0.21/ref/net8.0/Microsoft.Extensions.Configuration.UserSecrets.dll
                 Private = 'false'
             /usr/share/dotnet/packs/Microsoft.AspNetCore.App.Ref/8.0.21/ref/net8.0/Microsoft.Extensions.Configuration.Xml.dll
                 Private = 'false'
             /usr/share/dotnet/packs/Microsoft.AspNetCore.App.Ref/8.0.21/ref/net8.0/Microsoft.Extensions.Configuration.dll
                 Private = 'false'
             /usr/share/dotnet/packs/Microsoft.AspNetCore.App.Ref/8.0.21/ref/net8.0/Microsoft.Extensions.DependencyInjection.dll
                 Private = 'false'
             /usr/share/dotnet/packs/Microsoft.AspNetCore.App.Ref/8.0.21/ref/net8.0/Microsoft.Extensions.Diagnostics.Abstractions.dll
                 Private = 'false'
             /usr/share/dotnet/packs/Microsoft.AspNetCore.App.Ref/8.0.21/ref/net8.0/Microsoft.Extensions.Diagnostics.HealthChecks.Abstractions.dll
                 Private = 'false'
             /usr/share/dotnet/packs/Microsoft.AspNetCore.App.Ref/8.0.21/ref/net8.0/Microsoft.Extensions.Diagnostics.HealthChecks.dll
                 Private = 'false'
             /usr/share/dotnet/packs/Microsoft.AspNetCore.App.Ref/8.0.21/ref/net8.0/Microsoft.Extensions.Diagnostics.dll
                 Private = 'false'
             /usr/share/dotnet/packs/Microsoft.AspNetCore.App.Ref/8.0.21/ref/net8.0/Microsoft.Extensions.Features.dll
                 Private = 'false'
             /usr/share/dotnet/packs/Microsoft.AspNetCore.App.Ref/8.0.21/ref/net8.0/Microsoft.Extensions.FileProviders.Abstractions.dll
                 Private = 'false'
             /usr/share/dotnet/packs/Microsoft.AspNetCore.App.Ref/8.0.21/ref/net8.0/Microsoft.Extensions.FileProviders.Composite.dll
                 Private = 'false'
             /usr/share/dotnet/packs/Microsoft.AspNetCore.App.Ref/8.0.21/ref/net8.0/Microsoft.Extensions.FileProviders.Embedded.dll
                 Private = 'false'
             /usr/share/dotnet/packs/Microsoft.AspNetCore.App.Ref/8.0.21/ref/net8.0/Microsoft.Extensions.FileProviders.Physical.dll
                 Private = 'false'
             /usr/share/dotnet/packs/Microsoft.AspNetCore.App.Ref/8.0.21/ref/net8.0/Microsoft.Extensions.FileSystemGlobbing.dll
                 Private = 'false'
             /usr/share/dotnet/packs/Microsoft.AspNetCore.App.Ref/8.0.21/ref/net8.0/Microsoft.Extensions.Hosting.Abstractions.dll
                 Private = 'false'
             /usr/share/dotnet/packs/Microsoft.AspNetCore.App.Ref/8.0.21/ref/net8.0/Microsoft.Extensions.Hosting.dll
                 Private = 'false'
             /usr/share/dotnet/packs/Microsoft.AspNetCore.App.Ref/8.0.21/ref/net8.0/Microsoft.Extensions.Http.dll
                 Private = 'false'
             /usr/share/dotnet/packs/Microsoft.AspNetCore.App.Ref/8.0.21/ref/net8.0/Microsoft.Extensions.Identity.Core.dll
                 Private = 'false'
             /usr/share/dotnet/packs/Microsoft.AspNetCore.App.Ref/8.0.21/ref/net8.0/Microsoft.Extensions.Identity.Stores.dll
                 Private = 'false'
             /usr/share/dotnet/packs/Microsoft.AspNetCore.App.Ref/8.0.21/ref/net8.0/Microsoft.Extensions.Localization.Abstractions.dll
                 Private = 'false'
             /usr/share/dotnet/packs/Microsoft.AspNetCore.App.Ref/8.0.21/ref/net8.0/Microsoft.Extensions.Localization.dll
                 Private = 'false'
             /usr/share/dotnet/packs/Microsoft.AspNetCore.App.Ref/8.0.21/ref/net8.0/Microsoft.Extensions.Logging.Configuration.dll
                 Private = 'false'
             /usr/share/dotnet/packs/Microsoft.AspNetCore.App.Ref/8.0.21/ref/net8.0/Microsoft.Extensions.Logging.Console.dll
                 Private = 'false'
             /usr/share/dotnet/packs/Microsoft.AspNetCore.App.Ref/8.0.21/ref/net8.0/Microsoft.Extensions.Logging.Debug.dll
                 Private = 'false'
             /usr/share/dotnet/packs/Microsoft.AspNetCore.App.Ref/8.0.21/ref/net8.0/Microsoft.Extensions.Logging.EventLog.dll
                 Private = 'false'
             /usr/share/dotnet/packs/Microsoft.AspNetCore.App.Ref/8.0.21/ref/net8.0/Microsoft.Extensions.Logging.EventSource.dll
                 Private = 'false'
             /usr/share/dotnet/packs/Microsoft.AspNetCore.App.Ref/8.0.21/ref/net8.0/Microsoft.Extensions.Logging.TraceSource.dll
                 Private = 'false'
             /usr/share/dotnet/packs/Microsoft.AspNetCore.App.Ref/8.0.21/ref/net8.0/Microsoft.Extensions.Logging.dll
                 Private = 'false'
             /usr/share/dotnet/packs/Microsoft.AspNetCore.App.Ref/8.0.21/ref/net8.0/Microsoft.Extensions.ObjectPool.dll
                 Private = 'false'
             /usr/share/dotnet/packs/Microsoft.AspNetCore.App.Ref/8.0.21/ref/net8.0/Microsoft.Extensions.Options.ConfigurationExtensions.dll
                 Private = 'false'
             /usr/share/dotnet/packs/Microsoft.AspNetCore.App.Ref/8.0.21/ref/net8.0/Microsoft.Extensions.Options.DataAnnotations.dll
                 Private = 'false'
             /usr/share/dotnet/packs/Microsoft.AspNetCore.App.Ref/8.0.21/ref/net8.0/Microsoft.Extensions.WebEncoders.dll
                 Private = 'false'
             /usr/share/dotnet/packs/Microsoft.AspNetCore.App.Ref/8.0.21/ref/net8.0/Microsoft.JSInterop.dll
                 Private = 'false'
             /usr/share/dotnet/packs/Microsoft.AspNetCore.App.Ref/8.0.21/ref/net8.0/Microsoft.Net.Http.Headers.dll
                 Private = 'false'
             /usr/share/dotnet/packs/Microsoft.AspNetCore.App.Ref/8.0.21/ref/net8.0/System.Diagnostics.EventLog.dll
                 Private = 'false'
             /usr/share/dotnet/packs/Microsoft.AspNetCore.App.Ref/8.0.21/ref/net8.0/System.IO.Pipelines.dll
                 Private = 'false'
             /usr/share/dotnet/packs/Microsoft.AspNetCore.App.Ref/8.0.21/ref/net8.0/System.Security.Cryptography.Xml.dll
                 Private = 'false'
             /usr/share/dotnet/packs/Microsoft.AspNetCore.App.Ref/8.0.21/ref/net8.0/System.Threading.RateLimiting.dll
                 Private = 'false'
         AssemblyFiles:
             /home/saidul/Desktop/K-Chief Marine Automation Platform/src/KChief.Platform.Core/bin/Release/net8.0/KChief.Platform.Core.dll
             /home/saidul/Desktop/K-Chief Marine Automation Platform/src/KChief.DataAccess/bin/Release/net8.0/KChief.DataAccess.dll
             /home/saidul/Desktop/K-Chief Marine Automation Platform/src/KChief.VesselControl/bin/Release/net8.0/KChief.VesselControl.dll
             /home/saidul/Desktop/K-Chief Marine Automation Platform/src/KChief.AlarmSystem/bin/Release/net8.0/KChief.AlarmSystem.dll
             /home/saidul/Desktop/K-Chief Marine Automation Platform/src/KChief.Protocols.OPC/bin/Release/net8.0/KChief.Protocols.OPC.dll
             /home/saidul/Desktop/K-Chief Marine Automation Platform/src/KChief.Protocols.Modbus/bin/Release/net8.0/KChief.Protocols.Modbus.dll
         CandidateAssemblyFiles:
         TargetFrameworkDirectories:
             
         InstalledAssemblyTables:
         IgnoreInstalledAssemblyTable:
             False
         SearchPaths:
             {CandidateAssemblyFiles}
             {HintPathFromItem}
             {TargetFrameworkDirectory}
             {RawFileName}
         AllowedAssemblyExtensions:
             .winmd
             .dll
             .exe
         AllowedRelatedFileExtensions:
             .pdb
             .xml
             .pri
             .dll.config
             .exe.config
         AppConfigFile:
             
         AutoUnify:
             True
         CopyLocalDependenciesWhenParentReferenceInGac:
             True
         FindDependencies:
             True
         TargetProcessorArchitecture:
             msil
         StateFile:
             obj/Release/net8.0/KChief.Platform.API.csproj.AssemblyReference.cache
         InstalledAssemblySubsetTables:
         IgnoreInstalledAssemblySubsetTable:
             False
         TargetFrameworkSubsets:
         FullTargetFrameworkSubsetNames:
             Full
         ProfileName:
             
         FullFrameworkFolders:
         LatestTargetFrameworkDirectories:
         ProfileTablesLocation:
         Primary reference "KChief.Platform.Core, Version=1.0.0.0, Culture=neutral, PublicKeyToken=null".
             Resolved file path is "/home/saidul/Desktop/K-Chief Marine Automation Platform/src/KChief.Platform.Core/bin/Release/net8.0/KChief.Platform.Core.dll".
             Reference found at search path location "/home/saidul/Desktop/K-Chief Marine Automation Platform/src/KChief.Platform.Core/bin/Release/net8.0/KChief.Platform.Core.dll".
             Found related file "/home/saidul/Desktop/K-Chief Marine Automation Platform/src/KChief.Platform.Core/bin/Release/net8.0/KChief.Platform.Core.pdb".
             The ImageRuntimeVersion for this reference is "".
         Primary reference "KChief.DataAccess, Version=1.0.0.0, Culture=neutral, PublicKeyToken=null".
             Resolved file path is "/home/saidul/Desktop/K-Chief Marine Automation Platform/src/KChief.DataAccess/bin/Release/net8.0/KChief.DataAccess.dll".
             Reference found at search path location "/home/saidul/Desktop/K-Chief Marine Automation Platform/src/KChief.DataAccess/bin/Release/net8.0/KChief.DataAccess.dll".
             Found related file "/home/saidul/Desktop/K-Chief Marine Automation Platform/src/KChief.DataAccess/bin/Release/net8.0/KChief.DataAccess.pdb".
             The ImageRuntimeVersion for this reference is "".
         Primary reference "KChief.VesselControl, Version=1.0.0.0, Culture=neutral, PublicKeyToken=null".
             Resolved file path is "/home/saidul/Desktop/K-Chief Marine Automation Platform/src/KChief.VesselControl/bin/Release/net8.0/KChief.VesselControl.dll".
             Reference found at search path location "/home/saidul/Desktop/K-Chief Marine Automation Platform/src/KChief.VesselControl/bin/Release/net8.0/KChief.VesselControl.dll".
             Found related file "/home/saidul/Desktop/K-Chief Marine Automation Platform/src/KChief.VesselControl/bin/Release/net8.0/KChief.VesselControl.pdb".
             The ImageRuntimeVersion for this reference is "".
         Primary reference "KChief.AlarmSystem, Version=1.0.0.0, Culture=neutral, PublicKeyToken=null".
             Resolved file path is "/home/saidul/Desktop/K-Chief Marine Automation Platform/src/KChief.AlarmSystem/bin/Release/net8.0/KChief.AlarmSystem.dll".
             Reference found at search path location "/home/saidul/Desktop/K-Chief Marine Automation Platform/src/KChief.AlarmSystem/bin/Release/net8.0/KChief.AlarmSystem.dll".
             Found related file "/home/saidul/Desktop/K-Chief Marine Automation Platform/src/KChief.AlarmSystem/bin/Release/net8.0/KChief.AlarmSystem.pdb".
             The ImageRuntimeVersion for this reference is "".
         Primary reference "KChief.Protocols.OPC, Version=1.0.0.0, Culture=neutral, PublicKeyToken=null".
             Resolved file path is "/home/saidul/Desktop/K-Chief Marine Automation Platform/src/KChief.Protocols.OPC/bin/Release/net8.0/KChief.Protocols.OPC.dll".
             Reference found at search path location "/home/saidul/Desktop/K-Chief Marine Automation Platform/src/KChief.Protocols.OPC/bin/Release/net8.0/KChief.Protocols.OPC.dll".
             Found related file "/home/saidul/Desktop/K-Chief Marine Automation Platform/src/KChief.Protocols.OPC/bin/Release/net8.0/KChief.Protocols.OPC.pdb".
             The ImageRuntimeVersion for this reference is "".
         Primary reference "KChief.Protocols.Modbus, Version=1.0.0.0, Culture=neutral, PublicKeyToken=null".
             Resolved file path is "/home/saidul/Desktop/K-Chief Marine Automation Platform/src/KChief.Protocols.Modbus/bin/Release/net8.0/KChief.Protocols.Modbus.dll".
             Reference found at search path location "/home/saidul/Desktop/K-Chief Marine Automation Platform/src/KChief.Protocols.Modbus/bin/Release/net8.0/KChief.Protocols.Modbus.dll".
             Found related file "/home/saidul/Desktop/K-Chief Marine Automation Platform/src/KChief.Protocols.Modbus/bin/Release/net8.0/KChief.Protocols.Modbus.pdb".
             The ImageRuntimeVersion for this reference is "".
         Primary reference "HealthChecks.Rabbitmq, Version=8.0.1.0, Culture=neutral, PublicKeyToken=2783471aaf72b3d9".
             Resolved file path is "/home/saidul/.nuget/packages/aspnetcore.healthchecks.rabbitmq/8.0.1/lib/net6.0/HealthChecks.Rabbitmq.dll".
             Reference found at search path location "{HintPathFromItem}".
             This reference is not "CopyLocal" because at least one source item had "Private" set to "false" and no source items had "Private" set to "true".
             The ImageRuntimeVersion for this reference is "".
         Primary reference "HealthChecks.Sqlite, Version=8.0.1.0, Culture=neutral, PublicKeyToken=2783471aaf72b3d9".
             Resolved file path is "/home/saidul/.nuget/packages/aspnetcore.healthchecks.sqlite/8.0.1/lib/net6.0/HealthChecks.Sqlite.dll".
             Reference found at search path location "{HintPathFromItem}".
             This reference is not "CopyLocal" because at least one source item had "Private" set to "false" and no source items had "Private" set to "true".
             The ImageRuntimeVersion for this reference is "".
         Primary reference "HealthChecks.UI, Version=8.0.1.0, Culture=neutral, PublicKeyToken=null".
             Resolved file path is "/home/saidul/.nuget/packages/aspnetcore.healthchecks.ui/8.0.1/lib/net8.0/HealthChecks.UI.dll".
             Reference found at search path location "{HintPathFromItem}".
             This reference is not "CopyLocal" because at least one source item had "Private" set to "false" and no source items had "Private" set to "true".
             The ImageRuntimeVersion for this reference is "".
         Primary reference "HealthChecks.UI.Client, Version=8.0.1.0, Culture=neutral, PublicKeyToken=null".
             Resolved file path is "/home/saidul/.nuget/packages/aspnetcore.healthchecks.ui.client/8.0.1/lib/net8.0/HealthChecks.UI.Client.dll".
             Reference found at search path location "{HintPathFromItem}".
             This reference is not "CopyLocal" because at least one source item had "Private" set to "false" and no source items had "Private" set to "true".
             The ImageRuntimeVersion for this reference is "".
         Primary reference "HealthChecks.UI.Core, Version=8.0.1.0, Culture=neutral, PublicKeyToken=null".
             Resolved file path is "/home/saidul/.nuget/packages/aspnetcore.healthchecks.ui.core/8.0.1/lib/net6.0/HealthChecks.UI.Core.dll".
             Reference found at search path location "{HintPathFromItem}".
             This reference is not "CopyLocal" because at least one source item had "Private" set to "false" and no source items had "Private" set to "true".
             The ImageRuntimeVersion for this reference is "".
         Primary reference "HealthChecks.UI.Data, Version=8.0.1.0, Culture=neutral, PublicKeyToken=null".
             Resolved file path is "/home/saidul/.nuget/packages/aspnetcore.healthchecks.ui.data/8.0.1/lib/net8.0/HealthChecks.UI.Data.dll".
             Reference found at search path location "{HintPathFromItem}".
             This reference is not "CopyLocal" because at least one source item had "Private" set to "false" and no source items had "Private" set to "true".
             The ImageRuntimeVersion for this reference is "".
         Primary reference "HealthChecks.UI.InMemory.Storage, Version=8.0.1.0, Culture=neutral, PublicKeyToken=null".
             Resolved file path is "/home/saidul/.nuget/packages/aspnetcore.healthchecks.ui.inmemory.storage/8.0.1/lib/net8.0/HealthChecks.UI.InMemory.Storage.dll".
             Reference found at search path location "{HintPathFromItem}".
             This reference is not "CopyLocal" because at least one source item had "Private" set to "false" and no source items had "Private" set to "true".
             The ImageRuntimeVersion for this reference is "".
         Primary reference "Azure.Core, Version=1.25.0.0, Culture=neutral, PublicKeyToken=92742159e12e44c8".
             Resolved file path is "/home/saidul/.nuget/packages/azure.core/1.25.0/lib/net5.0/Azure.Core.dll".
             Reference found at search path location "{HintPathFromItem}".
             This reference is not "CopyLocal" because at least one source item had "Private" set to "false" and no source items had "Private" set to "true".
             The ImageRuntimeVersion for this reference is "".
         Primary reference "Azure.Identity, Version=1.7.0.0, Culture=neutral, PublicKeyToken=92742159e12e44c8".
             Resolved file path is "/home/saidul/.nuget/packages/azure.identity/1.7.0/lib/netstandard2.0/Azure.Identity.dll".
             Reference found at search path location "{HintPathFromItem}".
             This reference is not "CopyLocal" because at least one source item had "Private" set to "false" and no source items had "Private" set to "true".
             The ImageRuntimeVersion for this reference is "".
         Primary reference "BCrypt.Net-Next, Version=4.0.3.0, Culture=neutral, PublicKeyToken=1e11be04b6288443".
             Resolved file path is "/home/saidul/.nuget/packages/bcrypt.net-next/4.0.3/lib/net6.0/BCrypt.Net-Next.dll".
             Reference found at search path location "{HintPathFromItem}".
             This reference is not "CopyLocal" because at least one source item had "Private" set to "false" and no source items had "Private" set to "true".
             The ImageRuntimeVersion for this reference is "".
         Primary reference "BouncyCastle.Cryptography, Version=2.0.0.0, Culture=neutral, PublicKeyToken=072edcf4a5328938".
             Resolved file path is "/home/saidul/.nuget/packages/bouncycastle.cryptography/2.3.1/lib/net6.0/BouncyCastle.Cryptography.dll".
             Reference found at search path location "{HintPathFromItem}".
             This reference is not "CopyLocal" because at least one source item had "Private" set to "false" and no source items had "Private" set to "true".
             The ImageRuntimeVersion for this reference is "".
         Primary reference "FluentValidation, Version=11.0.0.0, Culture=neutral, PublicKeyToken=7de548da2fbae0f0".
             Resolved file path is "/home/saidul/.nuget/packages/fluentvalidation/11.9.0/lib/net8.0/FluentValidation.dll".
             Reference found at search path location "{HintPathFromItem}".
             This reference is not "CopyLocal" because at least one source item had "Private" set to "false" and no source items had "Private" set to "true".
             The ImageRuntimeVersion for this reference is "".
         Primary reference "FluentValidation.AspNetCore, Version=11.0.0.0, Culture=neutral, PublicKeyToken=7de548da2fbae0f0".
             Resolved file path is "/home/saidul/.nuget/packages/fluentvalidation.aspnetcore/11.3.0/lib/net6.0/FluentValidation.AspNetCore.dll".
             Reference found at search path location "{HintPathFromItem}".
             This reference is not "CopyLocal" because at least one source item had "Private" set to "false" and no source items had "Private" set to "true".
             The ImageRuntimeVersion for this reference is "".
         Primary reference "FluentValidation.DependencyInjectionExtensions, Version=11.0.0.0, Culture=neutral, PublicKeyToken=7de548da2fbae0f0".
             Resolved file path is "/home/saidul/.nuget/packages/fluentvalidation.dependencyinjectionextensions/11.9.0/lib/netstandard2.1/FluentValidation.DependencyInjectionExtensions.dll".
             Reference found at search path location "{HintPathFromItem}".
             This reference is not "CopyLocal" because at least one source item had "Private" set to "false" and no source items had "Private" set to "true".
             The ImageRuntimeVersion for this reference is "".
         Primary reference "Fractions, Version=7.2.1.0, Culture=neutral, PublicKeyToken=e629dc3e25c47cef".
             Resolved file path is "/home/saidul/.nuget/packages/fractions/7.2.1/lib/netstandard2.1/Fractions.dll".
             Reference found at search path location "{HintPathFromItem}".
             This reference is not "CopyLocal" because at least one source item had "Private" set to "false" and no source items had "Private" set to "true".
             The ImageRuntimeVersion for this reference is "".
         Primary reference "Humanizer, Version=2.14.0.0, Culture=neutral, PublicKeyToken=979442b78dfc278e".
             Resolved file path is "/home/saidul/.nuget/packages/humanizer.core/2.14.1/lib/net6.0/Humanizer.dll".
             Reference found at search path location "{HintPathFromItem}".
             This reference is not "CopyLocal" because at least one source item had "Private" set to "false" and no source items had "Private" set to "true".
             The ImageRuntimeVersion for this reference is "".
         Primary reference "IdentityModel, Version=5.2.0.0, Culture=neutral, PublicKeyToken=e7877f4675df049f".
             Resolved file path is "/home/saidul/.nuget/packages/identitymodel/5.2.0/lib/net5.0/IdentityModel.dll".
             Reference found at search path location "{HintPathFromItem}".
             This reference is not "CopyLocal" because at least one source item had "Private" set to "false" and no source items had "Private" set to "true".
             The ImageRuntimeVersion for this reference is "".
         Primary reference "IdentityModel.OidcClient, Version=5.0.0.0, Culture=neutral, PublicKeyToken=5580d04c1b6c37c1".
             Resolved file path is "/home/saidul/.nuget/packages/identitymodel.oidcclient/5.2.1/lib/netstandard2.0/IdentityModel.OidcClient.dll".
             Reference found at search path location "{HintPathFromItem}".
             This reference is not "CopyLocal" because at least one source item had "Private" set to "false" and no source items had "Private" set to "true".
             The ImageRuntimeVersion for this reference is "".
         Primary reference "KubernetesClient, Version=12.1.0.0, Culture=neutral, PublicKeyToken=null".
             Resolved file path is "/home/saidul/.nuget/packages/kubernetesclient/12.1.1/lib/net7.0/KubernetesClient.dll".
             Reference found at search path location "{HintPathFromItem}".
             This reference is not "CopyLocal" because at least one source item had "Private" set to "false" and no source items had "Private" set to "true".
             The ImageRuntimeVersion for this reference is "".
         Primary reference "Microsoft.ApplicationInsights, Version=2.22.0.997, Culture=neutral, PublicKeyToken=31bf3856ad364e35".
             Resolved file path is "/home/saidul/.nuget/packages/microsoft.applicationinsights/2.22.0/lib/netstandard2.0/Microsoft.ApplicationInsights.dll".
             Reference found at search path location "{HintPathFromItem}".
             This reference is not "CopyLocal" because at least one source item had "Private" set to "false" and no source items had "Private" set to "true".
             The ImageRuntimeVersion for this reference is "".
         Primary reference "Microsoft.ApplicationInsights.AspNetCore, Version=2.22.0.997, Culture=neutral, PublicKeyToken=31bf3856ad364e35".
             Resolved file path is "/home/saidul/.nuget/packages/microsoft.applicationinsights.aspnetcore/2.22.0/lib/netstandard2.0/Microsoft.ApplicationInsights.AspNetCore.dll".
             Reference found at search path location "{HintPathFromItem}".
             This reference is not "CopyLocal" because at least one source item had "Private" set to "false" and no source items had "Private" set to "true".
             The ImageRuntimeVersion for this reference is "".
         Primary reference "Microsoft.AI.DependencyCollector, Version=2.22.0.997, Culture=neutral, PublicKeyToken=31bf3856ad364e35".
             Resolved file path is "/home/saidul/.nuget/packages/microsoft.applicationinsights.dependencycollector/2.22.0/lib/netstandard2.0/Microsoft.AI.DependencyCollector.dll".
             Reference found at search path location "{HintPathFromItem}".
             This reference is not "CopyLocal" because at least one source item had "Private" set to "false" and no source items had "Private" set to "true".
             The ImageRuntimeVersion for this reference is "".
         Primary reference "Microsoft.AI.EventCounterCollector, Version=2.22.0.997, Culture=neutral, PublicKeyToken=31bf3856ad364e35".
             Resolved file path is "/home/saidul/.nuget/packages/microsoft.applicationinsights.eventcountercollector/2.22.0/lib/netstandard2.0/Microsoft.AI.EventCounterCollector.dll".
             Reference found at search path location "{HintPathFromItem}".
             This reference is not "CopyLocal" because at least one source item had "Private" set to "false" and no source items had "Private" set to "true".
             The ImageRuntimeVersion for this reference is "".
         Primary reference "Microsoft.AI.PerfCounterCollector, Version=2.22.0.997, Culture=neutral, PublicKeyToken=31bf3856ad364e35".
             Resolved file path is "/home/saidul/.nuget/packages/microsoft.applicationinsights.perfcountercollector/2.22.0/lib/netstandard2.0/Microsoft.AI.PerfCounterCollector.dll".
             Reference found at search path location "{HintPathFromItem}".
             This reference is not "CopyLocal" because at least one source item had "Private" set to "false" and no source items had "Private" set to "true".
             The ImageRuntimeVersion for this reference is "".
         Primary reference "Microsoft.AI.WindowsServer, Version=2.22.0.997, Culture=neutral, PublicKeyToken=31bf3856ad364e35".
             Resolved file path is "/home/saidul/.nuget/packages/microsoft.applicationinsights.windowsserver/2.22.0/lib/netstandard2.0/Microsoft.AI.WindowsServer.dll".
             Reference found at search path location "{HintPathFromItem}".
             This reference is not "CopyLocal" because at least one source item had "Private" set to "false" and no source items had "Private" set to "true".
             The ImageRuntimeVersion for this reference is "".
         Primary reference "Microsoft.AI.ServerTelemetryChannel, Version=2.22.0.997, Culture=neutral, PublicKeyToken=31bf3856ad364e35".
             Resolved file path is "/home/saidul/.nuget/packages/microsoft.applicationinsights.windowsserver.telemetrychannel/2.22.0/lib/netstandard2.0/Microsoft.AI.ServerTelemetryChannel.dll".
             Reference found at search path location "{HintPathFromItem}".
             This reference is not "CopyLocal" because at least one source item had "Private" set to "false" and no source items had "Private" set to "true".
             The ImageRuntimeVersion for this reference is "".
         Primary reference "Microsoft.AspNetCore.Authentication.JwtBearer, Version=8.0.0.0, Culture=neutral, PublicKeyToken=adb9793829ddae60".
             Resolved file path is "/home/saidul/.nuget/packages/microsoft.aspnetcore.authentication.jwtbearer/8.0.0/lib/net8.0/Microsoft.AspNetCore.Authentication.JwtBearer.dll".
             Reference found at search path location "{HintPathFromItem}".
             This reference is not "CopyLocal" because at least one source item had "Private" set to "false" and no source items had "Private" set to "true".
             The ImageRuntimeVersion for this reference is "".
         Primary reference "Microsoft.AspNetCore.Authentication.OpenIdConnect, Version=8.0.0.0, Culture=neutral, PublicKeyToken=adb9793829ddae60".
             Resolved file path is "/home/saidul/.nuget/packages/microsoft.aspnetcore.authentication.openidconnect/8.0.0/lib/net8.0/Microsoft.AspNetCore.Authentication.OpenIdConnect.dll".
             Reference found at search path location "{HintPathFromItem}".
             This reference is not "CopyLocal" because at least one source item had "Private" set to "false" and no source items had "Private" set to "true".
             The ImageRuntimeVersion for this reference is "".
         Primary reference "Microsoft.AspNetCore.OpenApi, Version=8.0.21.0, Culture=neutral, PublicKeyToken=adb9793829ddae60".
             Resolved file path is "/home/saidul/.nuget/packages/microsoft.aspnetcore.openapi/8.0.21/lib/net8.0/Microsoft.AspNetCore.OpenApi.dll".
             Reference found at search path location "{HintPathFromItem}".
             This reference is not "CopyLocal" because at least one source item had "Private" set to "false" and no source items had "Private" set to "true".
             The ImageRuntimeVersion for this reference is "".
         Primary reference "Microsoft.Bcl.AsyncInterfaces, Version=6.0.0.0, Culture=neutral, PublicKeyToken=cc7b13ffcd2ddd51".
             Resolved file path is "/home/saidul/.nuget/packages/microsoft.bcl.asyncinterfaces/6.0.0/lib/netstandard2.1/Microsoft.Bcl.AsyncInterfaces.dll".
             Reference found at search path location "{HintPathFromItem}".
             This reference is not "CopyLocal" because at least one source item had "Private" set to "false" and no source items had "Private" set to "true".
             The ImageRuntimeVersion for this reference is "".
         Primary reference "Microsoft.Bcl.TimeProvider, Version=8.0.0.1, Culture=neutral, PublicKeyToken=cc7b13ffcd2ddd51".
             Resolved file path is "/home/saidul/.nuget/packages/microsoft.bcl.timeprovider/8.0.1/lib/net8.0/Microsoft.Bcl.TimeProvider.dll".
             Reference found at search path location "{HintPathFromItem}".
             This reference is not "CopyLocal" because at least one source item had "Private" set to "false" and no source items had "Private" set to "true".
             The ImageRuntimeVersion for this reference is "".
         Primary reference "Microsoft.CodeAnalysis, Version=4.5.0.0, Culture=neutral, PublicKeyToken=31bf3856ad364e35".
             Resolved file path is "/home/saidul/.nuget/packages/microsoft.codeanalysis.common/4.5.0/lib/netcoreapp3.1/Microsoft.CodeAnalysis.dll".
             Reference found at search path location "{HintPathFromItem}".
             This reference is not "CopyLocal" because at least one source item had "Private" set to "false" and no source items had "Private" set to "true".
             The ImageRuntimeVersion for this reference is "".
         Primary reference "Microsoft.CodeAnalysis.CSharp, Version=4.5.0.0, Culture=neutral, PublicKeyToken=31bf3856ad364e35".
             Resolved file path is "/home/saidul/.nuget/packages/microsoft.codeanalysis.csharp/4.5.0/lib/netcoreapp3.1/Microsoft.CodeAnalysis.CSharp.dll".
             Reference found at search path location "{HintPathFromItem}".
             This reference is not "CopyLocal" because at least one source item had "Private" set to "false" and no source items had "Private" set to "true".
             The ImageRuntimeVersion for this reference is "".
         Primary reference "Microsoft.CodeAnalysis.CSharp.Workspaces, Version=4.5.0.0, Culture=neutral, PublicKeyToken=31bf3856ad364e35".
             Resolved file path is "/home/saidul/.nuget/packages/microsoft.codeanalysis.csharp.workspaces/4.5.0/lib/netcoreapp3.1/Microsoft.CodeAnalysis.CSharp.Workspaces.dll".
             Reference found at search path location "{HintPathFromItem}".
             This reference is not "CopyLocal" because at least one source item had "Private" set to "false" and no source items had "Private" set to "true".
             The ImageRuntimeVersion for this reference is "".
         Primary reference "Microsoft.CodeAnalysis.Workspaces, Version=4.5.0.0, Culture=neutral, PublicKeyToken=31bf3856ad364e35".
             Resolved file path is "/home/saidul/.nuget/packages/microsoft.codeanalysis.workspaces.common/4.5.0/lib/netcoreapp3.1/Microsoft.CodeAnalysis.Workspaces.dll".
             Reference found at search path location "{HintPathFromItem}".
             This reference is not "CopyLocal" because at least one source item had "Private" set to "false" and no source items had "Private" set to "true".
             The ImageRuntimeVersion for this reference is "".
         Primary reference "Microsoft.Data.SqlClient, Version=5.0.0.0, Culture=neutral, PublicKeyToken=23ec7fc2d6eaa4a5".
             Resolved file path is "/home/saidul/.nuget/packages/microsoft.data.sqlclient/5.1.1/ref/net6.0/Microsoft.Data.SqlClient.dll".
             Reference found at search path location "{HintPathFromItem}".
             This reference is not "CopyLocal" because at least one source item had "Private" set to "false" and no source items had "Private" set to "true".
             The ImageRuntimeVersion for this reference is "".
         Primary reference "Microsoft.Data.Sqlite, Version=8.0.0.0, Culture=neutral, PublicKeyToken=adb9793829ddae60".
             Resolved file path is "/home/saidul/.nuget/packages/microsoft.data.sqlite.core/8.0.0/lib/net8.0/Microsoft.Data.Sqlite.dll".
             Reference found at search path location "{HintPathFromItem}".
             This reference is not "CopyLocal" because at least one source item had "Private" set to "false" and no source items had "Private" set to "true".
             The ImageRuntimeVersion for this reference is "".
         Primary reference "Microsoft.EntityFrameworkCore, Version=8.0.0.0, Culture=neutral, PublicKeyToken=adb9793829ddae60".
             Resolved file path is "/home/saidul/.nuget/packages/microsoft.entityframeworkcore/8.0.0/lib/net8.0/Microsoft.EntityFrameworkCore.dll".
             Reference found at search path location "{HintPathFromItem}".
             This reference is not "CopyLocal" because at least one source item had "Private" set to "false" and no source items had "Private" set to "true".
             The ImageRuntimeVersion for this reference is "".
         Primary reference "Microsoft.EntityFrameworkCore.Abstractions, Version=8.0.0.0, Culture=neutral, PublicKeyToken=adb9793829ddae60".
             Resolved file path is "/home/saidul/.nuget/packages/microsoft.entityframeworkcore.abstractions/8.0.0/lib/net8.0/Microsoft.EntityFrameworkCore.Abstractions.dll".
             Reference found at search path location "{HintPathFromItem}".
             This reference is not "CopyLocal" because at least one source item had "Private" set to "false" and no source items had "Private" set to "true".
             The ImageRuntimeVersion for this reference is "".
         Primary reference "Microsoft.EntityFrameworkCore.Design, Version=8.0.0.0, Culture=neutral, PublicKeyToken=adb9793829ddae60".
             Resolved file path is "/home/saidul/.nuget/packages/microsoft.entityframeworkcore.design/8.0.0/lib/net8.0/Microsoft.EntityFrameworkCore.Design.dll".
             Reference found at search path location "{HintPathFromItem}".
             This reference is not "CopyLocal" because at least one source item had "Private" set to "false" and no source items had "Private" set to "true".
             The ImageRuntimeVersion for this reference is "".
         Primary reference "Microsoft.EntityFrameworkCore.InMemory, Version=8.0.0.0, Culture=neutral, PublicKeyToken=adb9793829ddae60".
             Resolved file path is "/home/saidul/.nuget/packages/microsoft.entityframeworkcore.inmemory/8.0.0/lib/net8.0/Microsoft.EntityFrameworkCore.InMemory.dll".
             Reference found at search path location "{HintPathFromItem}".
             This reference is not "CopyLocal" because at least one source item had "Private" set to "false" and no source items had "Private" set to "true".
             The ImageRuntimeVersion for this reference is "".
         Primary reference "Microsoft.EntityFrameworkCore.Relational, Version=8.0.0.0, Culture=neutral, PublicKeyToken=adb9793829ddae60".
             Resolved file path is "/home/saidul/.nuget/packages/microsoft.entityframeworkcore.relational/8.0.0/lib/net8.0/Microsoft.EntityFrameworkCore.Relational.dll".
             Reference found at search path location "{HintPathFromItem}".
             This reference is not "CopyLocal" because at least one source item had "Private" set to "false" and no source items had "Private" set to "true".
             The ImageRuntimeVersion for this reference is "".
         Primary reference "Microsoft.EntityFrameworkCore.Sqlite, Version=8.0.0.0, Culture=neutral, PublicKeyToken=adb9793829ddae60".
             Resolved file path is "/home/saidul/.nuget/packages/microsoft.entityframeworkcore.sqlite.core/8.0.0/lib/net8.0/Microsoft.EntityFrameworkCore.Sqlite.dll".
             Reference found at search path location "{HintPathFromItem}".
             This reference is not "CopyLocal" because at least one source item had "Private" set to "false" and no source items had "Private" set to "true".
             The ImageRuntimeVersion for this reference is "".
         Primary reference "Microsoft.EntityFrameworkCore.SqlServer, Version=8.0.0.0, Culture=neutral, PublicKeyToken=adb9793829ddae60".
             Resolved file path is "/home/saidul/.nuget/packages/microsoft.entityframeworkcore.sqlserver/8.0.0/lib/net8.0/Microsoft.EntityFrameworkCore.SqlServer.dll".
             Reference found at search path location "{HintPathFromItem}".
             This reference is not "CopyLocal" because at least one source item had "Private" set to "false" and no source items had "Private" set to "true".
             The ImageRuntimeVersion for this reference is "".
         Primary reference "Microsoft.Extensions.Caching.Abstractions, Version=9.0.0.0, Culture=neutral, PublicKeyToken=adb9793829ddae60".
             Resolved file path is "/home/saidul/.nuget/packages/microsoft.extensions.caching.abstractions/9.0.0/lib/net8.0/Microsoft.Extensions.Caching.Abstractions.dll".
             Reference found at search path location "{HintPathFromItem}".
             This reference is not "CopyLocal" because at least one source item had "Private" set to "false" and no source items had "Private" set to "true".
             The ImageRuntimeVersion for this reference is "".
         Primary reference "Microsoft.Extensions.Caching.Memory, Version=9.0.0.0, Culture=neutral, PublicKeyToken=adb9793829ddae60".
             Resolved file path is "/home/saidul/.nuget/packages/microsoft.extensions.caching.memory/9.0.0/lib/net8.0/Microsoft.Extensions.Caching.Memory.dll".
             Reference found at search path location "{HintPathFromItem}".
             This reference is not "CopyLocal" because at least one source item had "Private" set to "false" and no source items had "Private" set to "true".
             The ImageRuntimeVersion for this reference is "".
         Primary reference "Microsoft.Extensions.Caching.StackExchangeRedis, Version=8.0.0.0, Culture=neutral, PublicKeyToken=adb9793829ddae60".
             Resolved file path is "/home/saidul/.nuget/packages/microsoft.extensions.caching.stackexchangeredis/8.0.0/lib/net8.0/Microsoft.Extensions.Caching.StackExchangeRedis.dll".
             Reference found at search path location "{HintPathFromItem}".
             This reference is not "CopyLocal" because at least one source item had "Private" set to "false" and no source items had "Private" set to "true".
             The ImageRuntimeVersion for this reference is "".
         Primary reference "Microsoft.Extensions.DependencyInjection.Abstractions, Version=9.0.0.0, Culture=neutral, PublicKeyToken=adb9793829ddae60".
             Resolved file path is "/home/saidul/.nuget/packages/microsoft.extensions.dependencyinjection.abstractions/9.0.0/lib/net8.0/Microsoft.Extensions.DependencyInjection.Abstractions.dll".
             Reference found at search path location "{HintPathFromItem}".
             This reference is not "CopyLocal" because at least one source item had "Private" set to "false" and no source items had "Private" set to "true".
             The ImageRuntimeVersion for this reference is "".
         Primary reference "Microsoft.Extensions.DependencyModel, Version=8.0.0.0, Culture=neutral, PublicKeyToken=adb9793829ddae60".
             Resolved file path is "/home/saidul/.nuget/packages/microsoft.extensions.dependencymodel/8.0.0/lib/net8.0/Microsoft.Extensions.DependencyModel.dll".
             Reference found at search path location "{HintPathFromItem}".
             This reference is not "CopyLocal" because at least one source item had "Private" set to "false" and no source items had "Private" set to "true".
             The ImageRuntimeVersion for this reference is "".
         Primary reference "Microsoft.Extensions.Diagnostics.HealthChecks.EntityFrameworkCore, Version=8.0.0.0, Culture=neutral, PublicKeyToken=adb9793829ddae60".
             Resolved file path is "/home/saidul/.nuget/packages/microsoft.extensions.diagnostics.healthchecks.entityframeworkcore/8.0.0/lib/net8.0/Microsoft.Extensions.Diagnostics.HealthChecks.EntityFrameworkCore.dll".
             Reference found at search path location "{HintPathFromItem}".
             This reference is not "CopyLocal" because at least one source item had "Private" set to "false" and no source items had "Private" set to "true".
             The ImageRuntimeVersion for this reference is "".
         Primary reference "Microsoft.Extensions.Http.Polly, Version=8.0.0.0, Culture=neutral, PublicKeyToken=adb9793829ddae60".
             Resolved file path is "/home/saidul/.nuget/packages/microsoft.extensions.http.polly/8.0.0/lib/netstandard2.0/Microsoft.Extensions.Http.Polly.dll".
             Reference found at search path location "{HintPathFromItem}".
             This reference is not "CopyLocal" because at least one source item had "Private" set to "false" and no source items had "Private" set to "true".
             The ImageRuntimeVersion for this reference is "".
         Unified primary reference "Microsoft.Extensions.Logging.Abstractions, Version=9.0.0.0, Culture=neutral, PublicKeyToken=adb9793829ddae60".
             Using this version instead of original version "8.0.0.0" in "/home/saidul/Desktop/K-Chief Marine Automation Platform/src/KChief.Platform.Core/bin/Release/net8.0/KChief.Platform.Core.dll" because AutoUnify is 'true'.
             Using this version instead of original version "8.0.0.0" in "/home/saidul/Desktop/K-Chief Marine Automation Platform/src/KChief.DataAccess/bin/Release/net8.0/KChief.DataAccess.dll" because AutoUnify is 'true'.
             Using this version instead of original version "8.0.0.0" in "/home/saidul/Desktop/K-Chief Marine Automation Platform/src/KChief.VesselControl/bin/Release/net8.0/KChief.VesselControl.dll" because AutoUnify is 'true'.
             Using this version instead of original version "8.0.0.0" in "/home/saidul/Desktop/K-Chief Marine Automation Platform/src/KChief.AlarmSystem/bin/Release/net8.0/KChief.AlarmSystem.dll" because AutoUnify is 'true'.
             Resolved file path is "/home/saidul/.nuget/packages/microsoft.extensions.logging.abstractions/9.0.0/lib/net8.0/Microsoft.Extensions.Logging.Abstractions.dll".
             Reference found at search path location "{HintPathFromItem}".
             This reference is not "CopyLocal" because at least one source item had "Private" set to "false" and no source items had "Private" set to "true".
             The ImageRuntimeVersion for this reference is "".
         Primary reference "Microsoft.Extensions.Logging.ApplicationInsights, Version=2.22.0.997, Culture=neutral, PublicKeyToken=31bf3856ad364e35".
             Resolved file path is "/home/saidul/.nuget/packages/microsoft.extensions.logging.applicationinsights/2.22.0/lib/netstandard2.0/Microsoft.Extensions.Logging.ApplicationInsights.dll".
             Reference found at search path location "{HintPathFromItem}".
             This reference is not "CopyLocal" because at least one source item had "Private" set to "false" and no source items had "Private" set to "true".
             The ImageRuntimeVersion for this reference is "".
         Primary reference "Microsoft.Extensions.Options, Version=9.0.0.0, Culture=neutral, PublicKeyToken=adb9793829ddae60".
             Resolved file path is "/home/saidul/.nuget/packages/microsoft.extensions.options/9.0.0/lib/net8.0/Microsoft.Extensions.Options.dll".
             Reference found at search path location "{HintPathFromItem}".
             This reference is not "CopyLocal" because at least one source item had "Private" set to "false" and no source items had "Private" set to "true".
             The ImageRuntimeVersion for this reference is "".
         Unified primary reference "Microsoft.Extensions.Primitives, Version=9.0.0.0, Culture=neutral, PublicKeyToken=adb9793829ddae60".
             Using this version instead of original version "8.0.0.0" in "/home/saidul/Desktop/K-Chief Marine Automation Platform/src/KChief.Platform.Core/bin/Release/net8.0/KChief.Platform.Core.dll" because AutoUnify is 'true'.
             Resolved file path is "/home/saidul/.nuget/packages/microsoft.extensions.primitives/9.0.0/lib/net8.0/Microsoft.Extensions.Primitives.dll".
             Reference found at search path location "{HintPathFromItem}".
             This reference is not "CopyLocal" because at least one source item had "Private" set to "false" and no source items had "Private" set to "true".
             The ImageRuntimeVersion for this reference is "".
         Primary reference "Microsoft.Identity.Client, Version=4.47.2.0, Culture=neutral, PublicKeyToken=0a613f4dd989e8ae".
             Resolved file path is "/home/saidul/.nuget/packages/microsoft.identity.client/4.47.2/lib/netcoreapp2.1/Microsoft.Identity.Client.dll".
             Reference found at search path location "{HintPathFromItem}".
             This reference is not "CopyLocal" because at least one source item had "Private" set to "false" and no source items had "Private" set to "true".
             The ImageRuntimeVersion for this reference is "".
         Primary reference "Microsoft.Identity.Client.Extensions.Msal, Version=2.19.3.0, Culture=neutral, PublicKeyToken=0a613f4dd989e8ae".
             Resolved file path is "/home/saidul/.nuget/packages/microsoft.identity.client.extensions.msal/2.19.3/lib/netcoreapp2.1/Microsoft.Identity.Client.Extensions.Msal.dll".
             Reference found at search path location "{HintPathFromItem}".
             This reference is not "CopyLocal" because at least one source item had "Private" set to "false" and no source items had "Private" set to "true".
             The ImageRuntimeVersion for this reference is "".
         Primary reference "Microsoft.IdentityModel.Abstractions, Version=8.2.0.0, Culture=neutral, PublicKeyToken=31bf3856ad364e35".
             Resolved file path is "/home/saidul/.nuget/packages/microsoft.identitymodel.abstractions/8.2.0/lib/net8.0/Microsoft.IdentityModel.Abstractions.dll".
             Reference found at search path location "{HintPathFromItem}".
             This reference is not "CopyLocal" because at least one source item had "Private" set to "false" and no source items had "Private" set to "true".
             The ImageRuntimeVersion for this reference is "".
         Primary reference "Microsoft.IdentityModel.JsonWebTokens, Version=8.2.0.0, Culture=neutral, PublicKeyToken=31bf3856ad364e35".
             Resolved file path is "/home/saidul/.nuget/packages/microsoft.identitymodel.jsonwebtokens/8.2.0/lib/net8.0/Microsoft.IdentityModel.JsonWebTokens.dll".
             Reference found at search path location "{HintPathFromItem}".
             This reference is not "CopyLocal" because at least one source item had "Private" set to "false" and no source items had "Private" set to "true".
             The ImageRuntimeVersion for this reference is "".
         Primary reference "Microsoft.IdentityModel.Logging, Version=8.2.0.0, Culture=neutral, PublicKeyToken=31bf3856ad364e35".
             Resolved file path is "/home/saidul/.nuget/packages/microsoft.identitymodel.logging/8.2.0/lib/net8.0/Microsoft.IdentityModel.Logging.dll".
             Reference found at search path location "{HintPathFromItem}".
             This reference is not "CopyLocal" because at least one source item had "Private" set to "false" and no source items had "Private" set to "true".
             The ImageRuntimeVersion for this reference is "".
         Primary reference "Microsoft.IdentityModel.Protocols, Version=7.0.3.0, Culture=neutral, PublicKeyToken=31bf3856ad364e35".
             Resolved file path is "/home/saidul/.nuget/packages/microsoft.identitymodel.protocols/7.0.3/lib/net8.0/Microsoft.IdentityModel.Protocols.dll".
             Reference found at search path location "{HintPathFromItem}".
             This reference is not "CopyLocal" because at least one source item had "Private" set to "false" and no source items had "Private" set to "true".
             The ImageRuntimeVersion for this reference is "".
         Primary reference "Microsoft.IdentityModel.Protocols.OpenIdConnect, Version=7.0.3.0, Culture=neutral, PublicKeyToken=31bf3856ad364e35".
             Resolved file path is "/home/saidul/.nuget/packages/microsoft.identitymodel.protocols.openidconnect/7.0.3/lib/net8.0/Microsoft.IdentityModel.Protocols.OpenIdConnect.dll".
             Reference found at search path location "{HintPathFromItem}".
             This reference is not "CopyLocal" because at least one source item had "Private" set to "false" and no source items had "Private" set to "true".
             The ImageRuntimeVersion for this reference is "".
         Primary reference "Microsoft.IdentityModel.Tokens, Version=8.2.0.0, Culture=neutral, PublicKeyToken=31bf3856ad364e35".
             Resolved file path is "/home/saidul/.nuget/packages/microsoft.identitymodel.tokens/8.2.0/lib/net8.0/Microsoft.IdentityModel.Tokens.dll".
             Reference found at search path location "{HintPathFromItem}".
             This reference is not "CopyLocal" because at least one source item had "Private" set to "false" and no source items had "Private" set to "true".
             The ImageRuntimeVersion for this reference is "".
         Primary reference "Microsoft.OpenApi, Version=1.6.14.0, Culture=neutral, PublicKeyToken=3f5743946376f042".
             Resolved file path is "/home/saidul/.nuget/packages/microsoft.openapi/1.6.14/lib/netstandard2.0/Microsoft.OpenApi.dll".
             Reference found at search path location "{HintPathFromItem}".
             This reference is not "CopyLocal" because at least one source item had "Private" set to "false" and no source items had "Private" set to "true".
             The ImageRuntimeVersion for this reference is "".
         Primary reference "Microsoft.SqlServer.Server, Version=1.0.0.0, Culture=neutral, PublicKeyToken=23ec7fc2d6eaa4a5".
             Resolved file path is "/home/saidul/.nuget/packages/microsoft.sqlserver.server/1.0.0/lib/netstandard2.0/Microsoft.SqlServer.Server.dll".
             Reference found at search path location "{HintPathFromItem}".
             This reference is not "CopyLocal" because at least one source item had "Private" set to "false" and no source items had "Private" set to "true".
             The ImageRuntimeVersion for this reference is "".
         Primary reference "Microsoft.Win32.SystemEvents, Version=6.0.0.0, Culture=neutral, PublicKeyToken=cc7b13ffcd2ddd51".
             Resolved file path is "/home/saidul/.nuget/packages/microsoft.win32.systemevents/6.0.0/lib/net6.0/Microsoft.Win32.SystemEvents.dll".
             Reference found at search path location "{HintPathFromItem}".
             This reference is not "CopyLocal" because at least one source item had "Private" set to "false" and no source items had "Private" set to "true".
             The ImageRuntimeVersion for this reference is "".
         Primary reference "Mono.TextTemplating, Version=2.2.0.0, Culture=neutral, PublicKeyToken=4fa72d50da25cb30".
             Resolved file path is "/home/saidul/.nuget/packages/mono.texttemplating/2.2.1/lib/netstandard2.0/Mono.TextTemplating.dll".
             Reference found at search path location "{HintPathFromItem}".
             This reference is not "CopyLocal" because at least one source item had "Private" set to "false" and no source items had "Private" set to "true".
             The ImageRuntimeVersion for this reference is "".
         Primary reference "Newtonsoft.Json, Version=13.0.0.0, Culture=neutral, PublicKeyToken=30ad4fe6b2a6aeed".
             Resolved file path is "/home/saidul/.nuget/packages/newtonsoft.json/13.0.3/lib/net6.0/Newtonsoft.Json.dll".
             Reference found at search path location "{HintPathFromItem}".
             This reference is not "CopyLocal" because at least one source item had "Private" set to "false" and no source items had "Private" set to "true".
             The ImageRuntimeVersion for this reference is "".
         Primary reference "NModbus, Version=3.0.72.0, Culture=neutral, PublicKeyToken=null".
             Resolved file path is "/home/saidul/.nuget/packages/nmodbus/3.0.72/lib/net6.0/NModbus.dll".
             Reference found at search path location "{HintPathFromItem}".
             This reference is not "CopyLocal" because at least one source item had "Private" set to "false" and no source items had "Private" set to "true".
             The ImageRuntimeVersion for this reference is "".
         Primary reference "Opc.Ua.Bindings.Https, Version=1.5.374.0, Culture=neutral, PublicKeyToken=bfa7a73c5cf4b6e8".
             Resolved file path is "/home/saidul/.nuget/packages/opcfoundation.netstandard.opc.ua.bindings.https/1.5.374.54/lib/net8.0/Opc.Ua.Bindings.Https.dll".
             Reference found at search path location "{HintPathFromItem}".
             This reference is not "CopyLocal" because at least one source item had "Private" set to "false" and no source items had "Private" set to "true".
             The ImageRuntimeVersion for this reference is "".
         Primary reference "Opc.Ua.Client, Version=1.5.374.0, Culture=neutral, PublicKeyToken=bfa7a73c5cf4b6e8".
             Resolved file path is "/home/saidul/.nuget/packages/opcfoundation.netstandard.opc.ua.client/1.5.374.54/lib/net8.0/Opc.Ua.Client.dll".
             Reference found at search path location "{HintPathFromItem}".
             This reference is not "CopyLocal" because at least one source item had "Private" set to "false" and no source items had "Private" set to "true".
             The ImageRuntimeVersion for this reference is "".
         Primary reference "Opc.Ua.Configuration, Version=1.5.374.0, Culture=neutral, PublicKeyToken=bfa7a73c5cf4b6e8".
             Resolved file path is "/home/saidul/.nuget/packages/opcfoundation.netstandard.opc.ua.configuration/1.5.374.54/lib/net8.0/Opc.Ua.Configuration.dll".
             Reference found at search path location "{HintPathFromItem}".
             This reference is not "CopyLocal" because at least one source item had "Private" set to "false" and no source items had "Private" set to "true".
             The ImageRuntimeVersion for this reference is "".
         Primary reference "Opc.Ua.Core, Version=1.5.374.0, Culture=neutral, PublicKeyToken=bfa7a73c5cf4b6e8".
             Resolved file path is "/home/saidul/.nuget/packages/opcfoundation.netstandard.opc.ua.core/1.5.374.54/lib/net8.0/Opc.Ua.Core.dll".
             Reference found at search path location "{HintPathFromItem}".
             This reference is not "CopyLocal" because at least one source item had "Private" set to "false" and no source items had "Private" set to "true".
             The ImageRuntimeVersion for this reference is "".
         Primary reference "Opc.Ua.Gds.Client.Common, Version=1.5.374.0, Culture=neutral, PublicKeyToken=bfa7a73c5cf4b6e8".
             Resolved file path is "/home/saidul/.nuget/packages/opcfoundation.netstandard.opc.ua.gds.client.common/1.5.374.54/lib/net8.0/Opc.Ua.Gds.Client.Common.dll".
             Reference found at search path location "{HintPathFromItem}".
             This reference is not "CopyLocal" because at least one source item had "Private" set to "false" and no source items had "Private" set to "true".
             The ImageRuntimeVersion for this reference is "".
         Primary reference "Opc.Ua.Gds.Server.Common, Version=1.5.374.0, Culture=neutral, PublicKeyToken=bfa7a73c5cf4b6e8".
             Resolved file path is "/home/saidul/.nuget/packages/opcfoundation.netstandard.opc.ua.gds.server.common/1.5.374.54/lib/net8.0/Opc.Ua.Gds.Server.Common.dll".
             Reference found at search path location "{HintPathFromItem}".
             This reference is not "CopyLocal" because at least one source item had "Private" set to "false" and no source items had "Private" set to "true".
             The ImageRuntimeVersion for this reference is "".
         Primary reference "Opc.Ua.Security.Certificates, Version=1.5.374.0, Culture=neutral, PublicKeyToken=bfa7a73c5cf4b6e8".
             Resolved file path is "/home/saidul/.nuget/packages/opcfoundation.netstandard.opc.ua.security.certificates/1.5.374.54/lib/net8.0/Opc.Ua.Security.Certificates.dll".
             Reference found at search path location "{HintPathFromItem}".
             This reference is not "CopyLocal" because at least one source item had "Private" set to "false" and no source items had "Private" set to "true".
             The ImageRuntimeVersion for this reference is "".
         Primary reference "Opc.Ua.Server, Version=1.5.374.0, Culture=neutral, PublicKeyToken=bfa7a73c5cf4b6e8".
             Resolved file path is "/home/saidul/.nuget/packages/opcfoundation.netstandard.opc.ua.server/1.5.374.54/lib/net8.0/Opc.Ua.Server.dll".
             Reference found at search path location "{HintPathFromItem}".
             This reference is not "CopyLocal" because at least one source item had "Private" set to "false" and no source items had "Private" set to "true".
             The ImageRuntimeVersion for this reference is "".
         Primary reference "Pipelines.Sockets.Unofficial, Version=1.0.0.0, Culture=neutral, PublicKeyToken=42ea0a778e13fbe2".
             Resolved file path is "/home/saidul/.nuget/packages/pipelines.sockets.unofficial/2.2.8/lib/net5.0/Pipelines.Sockets.Unofficial.dll".
             Reference found at search path location "{HintPathFromItem}".
             This reference is not "CopyLocal" because at least one source item had "Private" set to "false" and no source items had "Private" set to "true".
             The ImageRuntimeVersion for this reference is "".
         Primary reference "Polly, Version=8.0.0.0, Culture=neutral, PublicKeyToken=c8a3ffc3f8f825cc".
             Resolved file path is "/home/saidul/.nuget/packages/polly/8.2.0/lib/net6.0/Polly.dll".
             Reference found at search path location "{HintPathFromItem}".
             This reference is not "CopyLocal" because at least one source item had "Private" set to "false" and no source items had "Private" set to "true".
             The ImageRuntimeVersion for this reference is "".
         Primary reference "Polly.Core, Version=8.0.0.0, Culture=neutral, PublicKeyToken=c8a3ffc3f8f825cc".
             Resolved file path is "/home/saidul/.nuget/packages/polly.core/8.2.0/lib/net8.0/Polly.Core.dll".
             Reference found at search path location "{HintPathFromItem}".
             This reference is not "CopyLocal" because at least one source item had "Private" set to "false" and no source items had "Private" set to "true".
             The ImageRuntimeVersion for this reference is "".
         Primary reference "Polly.Extensions, Version=8.0.0.0, Culture=neutral, PublicKeyToken=c8a3ffc3f8f825cc".
             Resolved file path is "/home/saidul/.nuget/packages/polly.extensions/8.2.0/lib/net8.0/Polly.Extensions.dll".
             Reference found at search path location "{HintPathFromItem}".
             This reference is not "CopyLocal" because at least one source item had "Private" set to "false" and no source items had "Private" set to "true".
             The ImageRuntimeVersion for this reference is "".
         Primary reference "Polly.Extensions.Http, Version=3.0.0.0, Culture=neutral, PublicKeyToken=c8a3ffc3f8f825cc".
             Resolved file path is "/home/saidul/.nuget/packages/polly.extensions.http/3.0.0/lib/netstandard2.0/Polly.Extensions.Http.dll".
             Reference found at search path location "{HintPathFromItem}".
             This reference is not "CopyLocal" because at least one source item had "Private" set to "false" and no source items had "Private" set to "true".
             The ImageRuntimeVersion for this reference is "".
         Primary reference "Prometheus.NetStandard, Version=8.0.0.0, Culture=neutral, PublicKeyToken=a243e9817ba9d559".
             Resolved file path is "/home/saidul/.nuget/packages/prometheus-net/8.0.1/lib/net7.0/Prometheus.NetStandard.dll".
             Reference found at search path location "{HintPathFromItem}".
             This reference is not "CopyLocal" because at least one source item had "Private" set to "false" and no source items had "Private" set to "true".
             The ImageRuntimeVersion for this reference is "".
         Primary reference "Quartz, Version=3.8.0.0, Culture=neutral, PublicKeyToken=f6b8c98a402cc8a4".
             Resolved file path is "/home/saidul/.nuget/packages/quartz/3.8.0/lib/net6.0/Quartz.dll".
             Reference found at search path location "{HintPathFromItem}".
             This reference is not "CopyLocal" because at least one source item had "Private" set to "false" and no source items had "Private" set to "true".
             The ImageRuntimeVersion for this reference is "".
         Primary reference "Quartz.Extensions.DependencyInjection, Version=3.8.0.0, Culture=neutral, PublicKeyToken=f6b8c98a402cc8a4".
             Resolved file path is "/home/saidul/.nuget/packages/quartz.extensions.dependencyinjection/3.8.0/lib/net8.0/Quartz.Extensions.DependencyInjection.dll".
             Reference found at search path location "{HintPathFromItem}".
             This reference is not "CopyLocal" because at least one source item had "Private" set to "false" and no source items had "Private" set to "true".
             The ImageRuntimeVersion for this reference is "".
         Primary reference "Quartz.Extensions.Hosting, Version=3.8.0.0, Culture=neutral, PublicKeyToken=f6b8c98a402cc8a4".
             Resolved file path is "/home/saidul/.nuget/packages/quartz.extensions.hosting/3.8.0/lib/net8.0/Quartz.Extensions.Hosting.dll".
             Reference found at search path location "{HintPathFromItem}".
             This reference is not "CopyLocal" because at least one source item had "Private" set to "false" and no source items had "Private" set to "true".
             The ImageRuntimeVersion for this reference is "".
         Primary reference "RabbitMQ.Client, Version=6.0.0.0, Culture=neutral, PublicKeyToken=89e7d7c5feba84ce".
             Resolved file path is "/home/saidul/.nuget/packages/rabbitmq.client/6.8.1/lib/netstandard2.0/RabbitMQ.Client.dll".
             Reference found at search path location "{HintPathFromItem}".
             This reference is not "CopyLocal" because at least one source item had "Private" set to "false" and no source items had "Private" set to "true".
             The ImageRuntimeVersion for this reference is "".
         Primary reference "Serilog, Version=2.0.0.0, Culture=neutral, PublicKeyToken=24c2f752a8e58a10".
             Resolved file path is "/home/saidul/.nuget/packages/serilog/3.1.1/lib/net7.0/Serilog.dll".
             Reference found at search path location "{HintPathFromItem}".
             This reference is not "CopyLocal" because at least one source item had "Private" set to "false" and no source items had "Private" set to "true".
             The ImageRuntimeVersion for this reference is "".
         Primary reference "Serilog.AspNetCore, Version=0.0.0.0, Culture=neutral, PublicKeyToken=24c2f752a8e58a10".
             Resolved file path is "/home/saidul/.nuget/packages/serilog.aspnetcore/8.0.0/lib/net8.0/Serilog.AspNetCore.dll".
             Reference found at search path location "{HintPathFromItem}".
             This reference is not "CopyLocal" because at least one source item had "Private" set to "false" and no source items had "Private" set to "true".
             The ImageRuntimeVersion for this reference is "".
         Primary reference "Serilog.Enrichers.CorrelationId, Version=3.0.1.0, Culture=neutral, PublicKeyToken=null".
             Resolved file path is "/home/saidul/.nuget/packages/serilog.enrichers.correlationid/3.0.1/lib/netstandard2.1/Serilog.Enrichers.CorrelationId.dll".
             Reference found at search path location "{HintPathFromItem}".
             This reference is not "CopyLocal" because at least one source item had "Private" set to "false" and no source items had "Private" set to "true".
             The ImageRuntimeVersion for this reference is "".
         Primary reference "Serilog.Enrichers.Environment, Version=2.0.0.0, Culture=neutral, PublicKeyToken=24c2f752a8e58a10".
             Resolved file path is "/home/saidul/.nuget/packages/serilog.enrichers.environment/2.3.0/lib/netstandard2.0/Serilog.Enrichers.Environment.dll".
             Reference found at search path location "{HintPathFromItem}".
             This reference is not "CopyLocal" because at least one source item had "Private" set to "false" and no source items had "Private" set to "true".
             The ImageRuntimeVersion for this reference is "".
         Primary reference "Serilog.Enrichers.Process, Version=2.0.0.0, Culture=neutral, PublicKeyToken=24c2f752a8e58a10".
             Resolved file path is "/home/saidul/.nuget/packages/serilog.enrichers.process/2.0.2/lib/netstandard2.0/Serilog.Enrichers.Process.dll".
             Reference found at search path location "{HintPathFromItem}".
             This reference is not "CopyLocal" because at least one source item had "Private" set to "false" and no source items had "Private" set to "true".
             The ImageRuntimeVersion for this reference is "".
         Primary reference "Serilog.Enrichers.Thread, Version=2.0.0.0, Culture=neutral, PublicKeyToken=24c2f752a8e58a10".
             Resolved file path is "/home/saidul/.nuget/packages/serilog.enrichers.thread/3.1.0/lib/netstandard2.0/Serilog.Enrichers.Thread.dll".
             Reference found at search path location "{HintPathFromItem}".
             This reference is not "CopyLocal" because at least one source item had "Private" set to "false" and no source items had "Private" set to "true".
             The ImageRuntimeVersion for this reference is "".
         Primary reference "Serilog.Extensions.Hosting, Version=7.0.0.0, Culture=neutral, PublicKeyToken=24c2f752a8e58a10".
             Resolved file path is "/home/saidul/.nuget/packages/serilog.extensions.hosting/8.0.0/lib/net8.0/Serilog.Extensions.Hosting.dll".
             Reference found at search path location "{HintPathFromItem}".
             This reference is not "CopyLocal" because at least one source item had "Private" set to "false" and no source items had "Private" set to "true".
             The ImageRuntimeVersion for this reference is "".
         Primary reference "Serilog.Extensions.Logging, Version=7.0.0.0, Culture=neutral, PublicKeyToken=24c2f752a8e58a10".
             Resolved file path is "/home/saidul/.nuget/packages/serilog.extensions.logging/8.0.0/lib/net8.0/Serilog.Extensions.Logging.dll".
             Reference found at search path location "{HintPathFromItem}".
             This reference is not "CopyLocal" because at least one source item had "Private" set to "false" and no source items had "Private" set to "true".
             The ImageRuntimeVersion for this reference is "".
         Primary reference "Serilog.Formatting.Compact, Version=2.0.0.0, Culture=neutral, PublicKeyToken=24c2f752a8e58a10".
             Resolved file path is "/home/saidul/.nuget/packages/serilog.formatting.compact/2.0.0/lib/net7.0/Serilog.Formatting.Compact.dll".
             Reference found at search path location "{HintPathFromItem}".
             This reference is not "CopyLocal" because at least one source item had "Private" set to "false" and no source items had "Private" set to "true".
             The ImageRuntimeVersion for this reference is "".
         Primary reference "Serilog.Settings.Configuration, Version=8.0.0.0, Culture=neutral, PublicKeyToken=24c2f752a8e58a10".
             Resolved file path is "/home/saidul/.nuget/packages/serilog.settings.configuration/8.0.0/lib/net8.0/Serilog.Settings.Configuration.dll".
             Reference found at search path location "{HintPathFromItem}".
             This reference is not "CopyLocal" because at least one source item had "Private" set to "false" and no source items had "Private" set to "true".
             The ImageRuntimeVersion for this reference is "".
         Primary reference "Serilog.Sinks.ApplicationInsights, Version=4.0.0.0, Culture=neutral, PublicKeyToken=24c2f752a8e58a10".
             Resolved file path is "/home/saidul/.nuget/packages/serilog.sinks.applicationinsights/4.0.0/lib/net6.0/Serilog.Sinks.ApplicationInsights.dll".
             Reference found at search path location "{HintPathFromItem}".
             This reference is not "CopyLocal" because at least one source item had "Private" set to "false" and no source items had "Private" set to "true".
             The ImageRuntimeVersion for this reference is "".
         Primary reference "Serilog.Sinks.Console, Version=5.0.1.0, Culture=neutral, PublicKeyToken=24c2f752a8e58a10".
             Resolved file path is "/home/saidul/.nuget/packages/serilog.sinks.console/5.0.1/lib/net7.0/Serilog.Sinks.Console.dll".
             Reference found at search path location "{HintPathFromItem}".
             This reference is not "CopyLocal" because at least one source item had "Private" set to "false" and no source items had "Private" set to "true".
             The ImageRuntimeVersion for this reference is "".
         Primary reference "Serilog.Sinks.Debug, Version=2.0.0.0, Culture=neutral, PublicKeyToken=24c2f752a8e58a10".
             Resolved file path is "/home/saidul/.nuget/packages/serilog.sinks.debug/2.0.0/lib/netstandard2.1/Serilog.Sinks.Debug.dll".
             Reference found at search path location "{HintPathFromItem}".
             This reference is not "CopyLocal" because at least one source item had "Private" set to "false" and no source items had "Private" set to "true".
             The ImageRuntimeVersion for this reference is "".
         Primary reference "Serilog.Sinks.File, Version=5.0.0.0, Culture=neutral, PublicKeyToken=24c2f752a8e58a10".
             Resolved file path is "/home/saidul/.nuget/packages/serilog.sinks.file/5.0.0/lib/net5.0/Serilog.Sinks.File.dll".
             Reference found at search path location "{HintPathFromItem}".
             This reference is not "CopyLocal" because at least one source item had "Private" set to "false" and no source items had "Private" set to "true".
             The ImageRuntimeVersion for this reference is "".
         Primary reference "SQLitePCLRaw.batteries_v2, Version=2.1.6.2060, Culture=neutral, PublicKeyToken=8226ea5df37bcae9".
             Resolved file path is "/home/saidul/.nuget/packages/sqlitepclraw.bundle_e_sqlite3/2.1.6/lib/netstandard2.0/SQLitePCLRaw.batteries_v2.dll".
             Reference found at search path location "{HintPathFromItem}".
             This reference is not "CopyLocal" because at least one source item had "Private" set to "false" and no source items had "Private" set to "true".
             The ImageRuntimeVersion for this reference is "".
         Primary reference "SQLitePCLRaw.core, Version=2.1.6.2060, Culture=neutral, PublicKeyToken=1488e028ca7ab535".
             Resolved file path is "/home/saidul/.nuget/packages/sqlitepclraw.core/2.1.6/lib/netstandard2.0/SQLitePCLRaw.core.dll".
             Reference found at search path location "{HintPathFromItem}".
             This reference is not "CopyLocal" because at least one source item had "Private" set to "false" and no source items had "Private" set to "true".
             The ImageRuntimeVersion for this reference is "".
         Primary reference "SQLitePCLRaw.provider.e_sqlite3, Version=2.1.6.2060, Culture=neutral, PublicKeyToken=9c301db686d0bd12".
             Resolved file path is "/home/saidul/.nuget/packages/sqlitepclraw.provider.e_sqlite3/2.1.6/lib/net6.0/SQLitePCLRaw.provider.e_sqlite3.dll".
             Reference found at search path location "{HintPathFromItem}".
             This reference is not "CopyLocal" because at least one source item had "Private" set to "false" and no source items had "Private" set to "true".
             The ImageRuntimeVersion for this reference is "".
         Primary reference "StackExchange.Redis, Version=2.0.0.0, Culture=neutral, PublicKeyToken=c219ff1ca8c2ce46".
             Resolved file path is "/home/saidul/.nuget/packages/stackexchange.redis/2.7.33/lib/net6.0/StackExchange.Redis.dll".
             Reference found at search path location "{HintPathFromItem}".
             This reference is not "CopyLocal" because at least one source item had "Private" set to "false" and no source items had "Private" set to "true".
             The ImageRuntimeVersion for this reference is "".
         Primary reference "Swashbuckle.AspNetCore.Swagger, Version=6.6.2.0, Culture=neutral, PublicKeyToken=62657d7474907593".
             Resolved file path is "/home/saidul/.nuget/packages/swashbuckle.aspnetcore.swagger/6.6.2/lib/net8.0/Swashbuckle.AspNetCore.Swagger.dll".
             Reference found at search path location "{HintPathFromItem}".
             This reference is not "CopyLocal" because at least one source item had "Private" set to "false" and no source items had "Private" set to "true".
             The ImageRuntimeVersion for this reference is "".
         Primary reference "Swashbuckle.AspNetCore.SwaggerGen, Version=6.6.2.0, Culture=neutral, PublicKeyToken=d84d99fb0135530a".
             Resolved file path is "/home/saidul/.nuget/packages/swashbuckle.aspnetcore.swaggergen/6.6.2/lib/net8.0/Swashbuckle.AspNetCore.SwaggerGen.dll".
             Reference found at search path location "{HintPathFromItem}".
             This reference is not "CopyLocal" because at least one source item had "Private" set to "false" and no source items had "Private" set to "true".
             The ImageRuntimeVersion for this reference is "".
         Primary reference "Swashbuckle.AspNetCore.SwaggerUI, Version=6.6.2.0, Culture=neutral, PublicKeyToken=4232c99127b3c254".
             Resolved file path is "/home/saidul/.nuget/packages/swashbuckle.aspnetcore.swaggerui/6.6.2/lib/net8.0/Swashbuckle.AspNetCore.SwaggerUI.dll".
             Reference found at search path location "{HintPathFromItem}".
             This reference is not "CopyLocal" because at least one source item had "Private" set to "false" and no source items had "Private" set to "true".
             The ImageRuntimeVersion for this reference is "".
         Primary reference "System.CodeDom, Version=4.0.0.0, Culture=neutral, PublicKeyToken=cc7b13ffcd2ddd51".
             Resolved file path is "/home/saidul/.nuget/packages/system.codedom/4.4.0/ref/netstandard2.0/System.CodeDom.dll".
             Reference found at search path location "{HintPathFromItem}".
             This reference is not "CopyLocal" because at least one source item had "Private" set to "false" and no source items had "Private" set to "true".
             The ImageRuntimeVersion for this reference is "".
         Primary reference "System.Composition.AttributedModel, Version=6.0.0.0, Culture=neutral, PublicKeyToken=b03f5f7f11d50a3a".
             Resolved file path is "/home/saidul/.nuget/packages/system.composition.attributedmodel/6.0.0/lib/net6.0/System.Composition.AttributedModel.dll".
             Reference found at search path location "{HintPathFromItem}".
             This reference is not "CopyLocal" because at least one source item had "Private" set to "false" and no source items had "Private" set to "true".
             The ImageRuntimeVersion for this reference is "".
         Primary reference "System.Composition.Convention, Version=6.0.0.0, Culture=neutral, PublicKeyToken=b03f5f7f11d50a3a".
             Resolved file path is "/home/saidul/.nuget/packages/system.composition.convention/6.0.0/lib/net6.0/System.Composition.Convention.dll".
             Reference found at search path location "{HintPathFromItem}".
             This reference is not "CopyLocal" because at least one source item had "Private" set to "false" and no source items had "Private" set to "true".
             The ImageRuntimeVersion for this reference is "".
         Primary reference "System.Composition.Hosting, Version=6.0.0.0, Culture=neutral, PublicKeyToken=b03f5f7f11d50a3a".
             Resolved file path is "/home/saidul/.nuget/packages/system.composition.hosting/6.0.0/lib/net6.0/System.Composition.Hosting.dll".
             Reference found at search path location "{HintPathFromItem}".
             This reference is not "CopyLocal" because at least one source item had "Private" set to "false" and no source items had "Private" set to "true".
             The ImageRuntimeVersion for this reference is "".
         Primary reference "System.Composition.Runtime, Version=6.0.0.0, Culture=neutral, PublicKeyToken=b03f5f7f11d50a3a".
             Resolved file path is "/home/saidul/.nuget/packages/system.composition.runtime/6.0.0/lib/net6.0/System.Composition.Runtime.dll".
             Reference found at search path location "{HintPathFromItem}".
             This reference is not "CopyLocal" because at least one source item had "Private" set to "false" and no source items had "Private" set to "true".
             The ImageRuntimeVersion for this reference is "".
         Primary reference "System.Composition.TypedParts, Version=6.0.0.0, Culture=neutral, PublicKeyToken=b03f5f7f11d50a3a".
             Resolved file path is "/home/saidul/.nuget/packages/system.composition.typedparts/6.0.0/lib/net6.0/System.Composition.TypedParts.dll".
             Reference found at search path location "{HintPathFromItem}".
             This reference is not "CopyLocal" because at least one source item had "Private" set to "false" and no source items had "Private" set to "true".
             The ImageRuntimeVersion for this reference is "".
         Primary reference "System.Configuration.ConfigurationManager, Version=6.0.0.0, Culture=neutral, PublicKeyToken=cc7b13ffcd2ddd51".
             Resolved file path is "/home/saidul/.nuget/packages/system.configuration.configurationmanager/6.0.1/lib/net6.0/System.Configuration.ConfigurationManager.dll".
             Reference found at search path location "{HintPathFromItem}".
             This reference is not "CopyLocal" because at least one source item had "Private" set to "false" and no source items had "Private" set to "true".
             The ImageRuntimeVersion for this reference is "".
         Unified primary reference "System.Diagnostics.DiagnosticSource, Version=9.0.0.0, Culture=neutral, PublicKeyToken=cc7b13ffcd2ddd51".
             Using this version instead of original version "8.0.0.0" in "/home/saidul/Desktop/K-Chief Marine Automation Platform/src/KChief.Platform.Core/bin/Release/net8.0/KChief.Platform.Core.dll" because AutoUnify is 'true'.
             Resolved file path is "/home/saidul/.nuget/packages/system.diagnostics.diagnosticsource/9.0.0/lib/net8.0/System.Diagnostics.DiagnosticSource.dll".
             Reference found at search path location "{HintPathFromItem}".
             This reference is not "CopyLocal" because at least one source item had "Private" set to "false" and no source items had "Private" set to "true".
             The ImageRuntimeVersion for this reference is "".
         Primary reference "System.Diagnostics.PerformanceCounter, Version=6.0.0.0, Culture=neutral, PublicKeyToken=cc7b13ffcd2ddd51".
             Resolved file path is "/home/saidul/.nuget/packages/system.diagnostics.performancecounter/6.0.0/lib/net6.0/System.Diagnostics.PerformanceCounter.dll".
             Reference found at search path location "{HintPathFromItem}".
             This reference is not "CopyLocal" because at least one source item had "Private" set to "false" and no source items had "Private" set to "true".
             The ImageRuntimeVersion for this reference is "".
         Primary reference "System.Drawing.Common, Version=6.0.0.0, Culture=neutral, PublicKeyToken=cc7b13ffcd2ddd51".
             Resolved file path is "/home/saidul/.nuget/packages/system.drawing.common/6.0.0/lib/net6.0/System.Drawing.Common.dll".
             Reference found at search path location "{HintPathFromItem}".
             This reference is not "CopyLocal" because at least one source item had "Private" set to "false" and no source items had "Private" set to "true".
             The ImageRuntimeVersion for this reference is "".
         Primary reference "System.IdentityModel.Tokens.Jwt, Version=8.2.0.0, Culture=neutral, PublicKeyToken=31bf3856ad364e35".
             Resolved file path is "/home/saidul/.nuget/packages/system.identitymodel.tokens.jwt/8.2.0/lib/net8.0/System.IdentityModel.Tokens.Jwt.dll".
             Reference found at search path location "{HintPathFromItem}".
             This reference is not "CopyLocal" because at least one source item had "Private" set to "false" and no source items had "Private" set to "true".
             The ImageRuntimeVersion for this reference is "".
         Primary reference "System.Memory.Data, Version=1.0.2.0, Culture=neutral, PublicKeyToken=cc7b13ffcd2ddd51".
             Resolved file path is "/home/saidul/.nuget/packages/system.memory.data/1.0.2/lib/netstandard2.0/System.Memory.Data.dll".
             Reference found at search path location "{HintPathFromItem}".
             This reference is not "CopyLocal" because at least one source item had "Private" set to "false" and no source items had "Private" set to "true".
             The ImageRuntimeVersion for this reference is "".
         Primary reference "System.Net.WebSockets.WebSocketProtocol, Version=4.0.0.0, Culture=neutral, PublicKeyToken=cc7b13ffcd2ddd51".
             Resolved file path is "/home/saidul/.nuget/packages/system.net.websockets.websocketprotocol/4.5.1/ref/netstandard2.0/System.Net.WebSockets.WebSocketProtocol.dll".
             Reference found at search path location "{HintPathFromItem}".
             This reference is not "CopyLocal" because at least one source item had "Private" set to "false" and no source items had "Private" set to "true".
             The ImageRuntimeVersion for this reference is "".
         Primary reference "System.Security.Cryptography.ProtectedData, Version=6.0.0.0, Culture=neutral, PublicKeyToken=b03f5f7f11d50a3a".
             Resolved file path is "/home/saidul/.nuget/packages/system.security.cryptography.protecteddata/6.0.0/lib/net6.0/System.Security.Cryptography.ProtectedData.dll".
             Reference found at search path location "{HintPathFromItem}".
             This reference is not "CopyLocal" because at least one source item had "Private" set to "false" and no source items had "Private" set to "true".
             The ImageRuntimeVersion for this reference is "".
         Primary reference "System.Security.Permissions, Version=6.0.0.0, Culture=neutral, PublicKeyToken=cc7b13ffcd2ddd51".
             Resolved file path is "/home/saidul/.nuget/packages/system.security.permissions/6.0.0/lib/net6.0/System.Security.Permissions.dll".
             Reference found at search path location "{HintPathFromItem}".
             This reference is not "CopyLocal" because at least one source item had "Private" set to "false" and no source items had "Private" set to "true".
             The ImageRuntimeVersion for this reference is "".
         Primary reference "System.Windows.Extensions, Version=6.0.0.0, Culture=neutral, PublicKeyToken=cc7b13ffcd2ddd51".
             Resolved file path is "/home/saidul/.nuget/packages/system.windows.extensions/6.0.0/lib/net6.0/System.Windows.Extensions.dll".
             Reference found at search path location "{HintPathFromItem}".
             This reference is not "CopyLocal" because at least one source item had "Private" set to "false" and no source items had "Private" set to "true".
             The ImageRuntimeVersion for this reference is "".
         Primary reference "YamlDotNet, Version=13.0.0.0, Culture=neutral, PublicKeyToken=ec19458f3c15af5e".
             Resolved file path is "/home/saidul/.nuget/packages/yamldotnet/13.3.1/lib/net7.0/YamlDotNet.dll".
             Reference found at search path location "{HintPathFromItem}".
             This reference is not "CopyLocal" because at least one source item had "Private" set to "false" and no source items had "Private" set to "true".
             The ImageRuntimeVersion for this reference is "".
         Primary reference "Microsoft.CSharp, Version=8.0.0.0, Culture=neutral, PublicKeyToken=b03f5f7f11d50a3a".
             Resolved file path is "/usr/share/dotnet/packs/Microsoft.NETCore.App.Ref/8.0.21/ref/net8.0/Microsoft.CSharp.dll".
             Reference found at search path location "{RawFileName}".
             This reference is not "CopyLocal" because at least one source item had "Private" set to "false" and no source items had "Private" set to "true".
             The ImageRuntimeVersion for this reference is "".
         Primary reference "Microsoft.VisualBasic.Core, Version=13.0.0.0, Culture=neutral, PublicKeyToken=b03f5f7f11d50a3a".
             Resolved file path is "/usr/share/dotnet/packs/Microsoft.NETCore.App.Ref/8.0.21/ref/net8.0/Microsoft.VisualBasic.Core.dll".
             Reference found at search path location "{RawFileName}".
             This reference is not "CopyLocal" because at least one source item had "Private" set to "false" and no source items had "Private" set to "true".
             The ImageRuntimeVersion for this reference is "".
         Primary reference "Microsoft.VisualBasic, Version=10.0.0.0, Culture=neutral, PublicKeyToken=b03f5f7f11d50a3a".
             Resolved file path is "/usr/share/dotnet/packs/Microsoft.NETCore.App.Ref/8.0.21/ref/net8.0/Microsoft.VisualBasic.dll".
             Reference found at search path location "{RawFileName}".
             This reference is not "CopyLocal" because at least one source item had "Private" set to "false" and no source items had "Private" set to "true".
             The ImageRuntimeVersion for this reference is "".
         Primary reference "Microsoft.Win32.Primitives, Version=8.0.0.0, Culture=neutral, PublicKeyToken=b03f5f7f11d50a3a".
             Resolved file path is "/usr/share/dotnet/packs/Microsoft.NETCore.App.Ref/8.0.21/ref/net8.0/Microsoft.Win32.Primitives.dll".
             Reference found at search path location "{RawFileName}".
             This reference is not "CopyLocal" because at least one source item had "Private" set to "false" and no source items had "Private" set to "true".
             The ImageRuntimeVersion for this reference is "".
         Primary reference "Microsoft.Win32.Registry, Version=8.0.0.0, Culture=neutral, PublicKeyToken=b03f5f7f11d50a3a".
             Resolved file path is "/usr/share/dotnet/packs/Microsoft.NETCore.App.Ref/8.0.21/ref/net8.0/Microsoft.Win32.Registry.dll".
             Reference found at search path location "{RawFileName}".
             This reference is not "CopyLocal" because at least one source item had "Private" set to "false" and no source items had "Private" set to "true".
             The ImageRuntimeVersion for this reference is "".
         Primary reference "System.AppContext, Version=8.0.0.0, Culture=neutral, PublicKeyToken=b03f5f7f11d50a3a".
             Resolved file path is "/usr/share/dotnet/packs/Microsoft.NETCore.App.Ref/8.0.21/ref/net8.0/System.AppContext.dll".
             Reference found at search path location "{RawFileName}".
             This reference is not "CopyLocal" because at least one source item had "Private" set to "false" and no source items had "Private" set to "true".
             The ImageRuntimeVersion for this reference is "".
         Primary reference "System.Buffers, Version=8.0.0.0, Culture=neutral, PublicKeyToken=cc7b13ffcd2ddd51".
             Resolved file path is "/usr/share/dotnet/packs/Microsoft.NETCore.App.Ref/8.0.21/ref/net8.0/System.Buffers.dll".
             Reference found at search path location "{RawFileName}".
             This reference is not "CopyLocal" because at least one source item had "Private" set to "false" and no source items had "Private" set to "true".
             The ImageRuntimeVersion for this reference is "".
         Primary reference "System.Collections.Concurrent, Version=8.0.0.0, Culture=neutral, PublicKeyToken=b03f5f7f11d50a3a".
             Resolved file path is "/usr/share/dotnet/packs/Microsoft.NETCore.App.Ref/8.0.21/ref/net8.0/System.Collections.Concurrent.dll".
             Reference found at search path location "{RawFileName}".
             This reference is not "CopyLocal" because at least one source item had "Private" set to "false" and no source items had "Private" set to "true".
             The ImageRuntimeVersion for this reference is "".
         Primary reference "System.Collections.Immutable, Version=8.0.0.0, Culture=neutral, PublicKeyToken=b03f5f7f11d50a3a".
             Resolved file path is "/usr/share/dotnet/packs/Microsoft.NETCore.App.Ref/8.0.21/ref/net8.0/System.Collections.Immutable.dll".
             Reference found at search path location "{RawFileName}".
             This reference is not "CopyLocal" because at least one source item had "Private" set to "false" and no source items had "Private" set to "true".
             The ImageRuntimeVersion for this reference is "".
         Primary reference "System.Collections.NonGeneric, Version=8.0.0.0, Culture=neutral, PublicKeyToken=b03f5f7f11d50a3a".
             Resolved file path is "/usr/share/dotnet/packs/Microsoft.NETCore.App.Ref/8.0.21/ref/net8.0/System.Collections.NonGeneric.dll".
             Reference found at search path location "{RawFileName}".
             This reference is not "CopyLocal" because at least one source item had "Private" set to "false" and no source items had "Private" set to "true".
             The ImageRuntimeVersion for this reference is "".
         Primary reference "System.Collections.Specialized, Version=8.0.0.0, Culture=neutral, PublicKeyToken=b03f5f7f11d50a3a".
             Resolved file path is "/usr/share/dotnet/packs/Microsoft.NETCore.App.Ref/8.0.21/ref/net8.0/System.Collections.Specialized.dll".
             Reference found at search path location "{RawFileName}".
             This reference is not "CopyLocal" because at least one source item had "Private" set to "false" and no source items had "Private" set to "true".
             The ImageRuntimeVersion for this reference is "".
         Primary reference "System.Collections, Version=8.0.0.0, Culture=neutral, PublicKeyToken=b03f5f7f11d50a3a".
             Resolved file path is "/usr/share/dotnet/packs/Microsoft.NETCore.App.Ref/8.0.21/ref/net8.0/System.Collections.dll".
             Reference found at search path location "{RawFileName}".
             This reference is not "CopyLocal" because at least one source item had "Private" set to "false" and no source items had "Private" set to "true".
             The ImageRuntimeVersion for this reference is "".
         Primary reference "System.ComponentModel.Annotations, Version=8.0.0.0, Culture=neutral, PublicKeyToken=b03f5f7f11d50a3a".
             Resolved file path is "/usr/share/dotnet/packs/Microsoft.NETCore.App.Ref/8.0.21/ref/net8.0/System.ComponentModel.Annotations.dll".
             Reference found at search path location "{RawFileName}".
             This reference is not "CopyLocal" because at least one source item had "Private" set to "false" and no source items had "Private" set to "true".
             The ImageRuntimeVersion for this reference is "".
         Primary reference "System.ComponentModel.DataAnnotations, Version=4.0.0.0, Culture=neutral, PublicKeyToken=31bf3856ad364e35".
             Resolved file path is "/usr/share/dotnet/packs/Microsoft.NETCore.App.Ref/8.0.21/ref/net8.0/System.ComponentModel.DataAnnotations.dll".
             Reference found at search path location "{RawFileName}".
             This reference is not "CopyLocal" because at least one source item had "Private" set to "false" and no source items had "Private" set to "true".
             The ImageRuntimeVersion for this reference is "".
         Primary reference "System.ComponentModel.EventBasedAsync, Version=8.0.0.0, Culture=neutral, PublicKeyToken=b03f5f7f11d50a3a".
             Resolved file path is "/usr/share/dotnet/packs/Microsoft.NETCore.App.Ref/8.0.21/ref/net8.0/System.ComponentModel.EventBasedAsync.dll".
             Reference found at search path location "{RawFileName}".
             This reference is not "CopyLocal" because at least one source item had "Private" set to "false" and no source items had "Private" set to "true".
             The ImageRuntimeVersion for this reference is "".
         Primary reference "System.ComponentModel.Primitives, Version=8.0.0.0, Culture=neutral, PublicKeyToken=b03f5f7f11d50a3a".
             Resolved file path is "/usr/share/dotnet/packs/Microsoft.NETCore.App.Ref/8.0.21/ref/net8.0/System.ComponentModel.Primitives.dll".
             Reference found at search path location "{RawFileName}".
             This reference is not "CopyLocal" because at least one source item had "Private" set to "false" and no source items had "Private" set to "true".
             The ImageRuntimeVersion for this reference is "".
         Primary reference "System.ComponentModel.TypeConverter, Version=8.0.0.0, Culture=neutral, PublicKeyToken=b03f5f7f11d50a3a".
             Resolved file path is "/usr/share/dotnet/packs/Microsoft.NETCore.App.Ref/8.0.21/ref/net8.0/System.ComponentModel.TypeConverter.dll".
             Reference found at search path location "{RawFileName}".
             This reference is not "CopyLocal" because at least one source item had "Private" set to "false" and no source items had "Private" set to "true".
             The ImageRuntimeVersion for this reference is "".
         Primary reference "System.ComponentModel, Version=8.0.0.0, Culture=neutral, PublicKeyToken=b03f5f7f11d50a3a".
             Resolved file path is "/usr/share/dotnet/packs/Microsoft.NETCore.App.Ref/8.0.21/ref/net8.0/System.ComponentModel.dll".
             Reference found at search path location "{RawFileName}".
             This reference is not "CopyLocal" because at least one source item had "Private" set to "false" and no source items had "Private" set to "true".
             The ImageRuntimeVersion for this reference is "".
         Primary reference "System.Configuration, Version=4.0.0.0, Culture=neutral, PublicKeyToken=b03f5f7f11d50a3a".
             Resolved file path is "/usr/share/dotnet/packs/Microsoft.NETCore.App.Ref/8.0.21/ref/net8.0/System.Configuration.dll".
             Reference found at search path location "{RawFileName}".
             This reference is not "CopyLocal" because at least one source item had "Private" set to "false" and no source items had "Private" set to "true".
             The ImageRuntimeVersion for this reference is "".
         Primary reference "System.Console, Version=8.0.0.0, Culture=neutral, PublicKeyToken=b03f5f7f11d50a3a".
             Resolved file path is "/usr/share/dotnet/packs/Microsoft.NETCore.App.Ref/8.0.21/ref/net8.0/System.Console.dll".
             Reference found at search path location "{RawFileName}".
             This reference is not "CopyLocal" because at least one source item had "Private" set to "false" and no source items had "Private" set to "true".
             The ImageRuntimeVersion for this reference is "".
         Primary reference "System.Core, Version=4.0.0.0, Culture=neutral, PublicKeyToken=b77a5c561934e089".
             Resolved file path is "/usr/share/dotnet/packs/Microsoft.NETCore.App.Ref/8.0.21/ref/net8.0/System.Core.dll".
             Reference found at search path location "{RawFileName}".
             This reference is not "CopyLocal" because at least one source item had "Private" set to "false" and no source items had "Private" set to "true".
             The ImageRuntimeVersion for this reference is "".
         Primary reference "System.Data.Common, Version=8.0.0.0, Culture=neutral, PublicKeyToken=b03f5f7f11d50a3a".
             Resolved file path is "/usr/share/dotnet/packs/Microsoft.NETCore.App.Ref/8.0.21/ref/net8.0/System.Data.Common.dll".
             Reference found at search path location "{RawFileName}".
             This reference is not "CopyLocal" because at least one source item had "Private" set to "false" and no source items had "Private" set to "true".
             The ImageRuntimeVersion for this reference is "".
         Primary reference "System.Data.DataSetExtensions, Version=8.0.0.0, Culture=neutral, PublicKeyToken=b77a5c561934e089".
             Resolved file path is "/usr/share/dotnet/packs/Microsoft.NETCore.App.Ref/8.0.21/ref/net8.0/System.Data.DataSetExtensions.dll".
             Reference found at search path location "{RawFileName}".
             This reference is not "CopyLocal" because at least one source item had "Private" set to "false" and no source items had "Private" set to "true".
             The ImageRuntimeVersion for this reference is "".
         Primary reference "System.Data, Version=4.0.0.0, Culture=neutral, PublicKeyToken=b77a5c561934e089".
             Resolved file path is "/usr/share/dotnet/packs/Microsoft.NETCore.App.Ref/8.0.21/ref/net8.0/System.Data.dll".
             Reference found at search path location "{RawFileName}".
             This reference is not "CopyLocal" because at least one source item had "Private" set to "false" and no source items had "Private" set to "true".
             The ImageRuntimeVersion for this reference is "".
         Primary reference "System.Diagnostics.Contracts, Version=8.0.0.0, Culture=neutral, PublicKeyToken=b03f5f7f11d50a3a".
             Resolved file path is "/usr/share/dotnet/packs/Microsoft.NETCore.App.Ref/8.0.21/ref/net8.0/System.Diagnostics.Contracts.dll".
             Reference found at search path location "{RawFileName}".
             This reference is not "CopyLocal" because at least one source item had "Private" set to "false" and no source items had "Private" set to "true".
             The ImageRuntimeVersion for this reference is "".
         Primary reference "System.Diagnostics.Debug, Version=8.0.0.0, Culture=neutral, PublicKeyToken=b03f5f7f11d50a3a".
             Resolved file path is "/usr/share/dotnet/packs/Microsoft.NETCore.App.Ref/8.0.21/ref/net8.0/System.Diagnostics.Debug.dll".
             Reference found at search path location "{RawFileName}".
             This reference is not "CopyLocal" because at least one source item had "Private" set to "false" and no source items had "Private" set to "true".
             The ImageRuntimeVersion for this reference is "".
         Primary reference "System.Diagnostics.FileVersionInfo, Version=8.0.0.0, Culture=neutral, PublicKeyToken=b03f5f7f11d50a3a".
             Resolved file path is "/usr/share/dotnet/packs/Microsoft.NETCore.App.Ref/8.0.21/ref/net8.0/System.Diagnostics.FileVersionInfo.dll".
             Reference found at search path location "{RawFileName}".
             This reference is not "CopyLocal" because at least one source item had "Private" set to "false" and no source items had "Private" set to "true".
             The ImageRuntimeVersion for this reference is "".
         Primary reference "System.Diagnostics.Process, Version=8.0.0.0, Culture=neutral, PublicKeyToken=b03f5f7f11d50a3a".
             Resolved file path is "/usr/share/dotnet/packs/Microsoft.NETCore.App.Ref/8.0.21/ref/net8.0/System.Diagnostics.Process.dll".
             Reference found at search path location "{RawFileName}".
             This reference is not "CopyLocal" because at least one source item had "Private" set to "false" and no source items had "Private" set to "true".
             The ImageRuntimeVersion for this reference is "".
         Primary reference "System.Diagnostics.StackTrace, Version=8.0.0.0, Culture=neutral, PublicKeyToken=b03f5f7f11d50a3a".
             Resolved file path is "/usr/share/dotnet/packs/Microsoft.NETCore.App.Ref/8.0.21/ref/net8.0/System.Diagnostics.StackTrace.dll".
             Reference found at search path location "{RawFileName}".
             This reference is not "CopyLocal" because at least one source item had "Private" set to "false" and no source items had "Private" set to "true".
             The ImageRuntimeVersion for this reference is "".
         Primary reference "System.Diagnostics.TextWriterTraceListener, Version=8.0.0.0, Culture=neutral, PublicKeyToken=b03f5f7f11d50a3a".
             Resolved file path is "/usr/share/dotnet/packs/Microsoft.NETCore.App.Ref/8.0.21/ref/net8.0/System.Diagnostics.TextWriterTraceListener.dll".
             Reference found at search path location "{RawFileName}".
             This reference is not "CopyLocal" because at least one source item had "Private" set to "false" and no source items had "Private" set to "true".
             The ImageRuntimeVersion for this reference is "".
         Primary reference "System.Diagnostics.Tools, Version=8.0.0.0, Culture=neutral, PublicKeyToken=b03f5f7f11d50a3a".
             Resolved file path is "/usr/share/dotnet/packs/Microsoft.NETCore.App.Ref/8.0.21/ref/net8.0/System.Diagnostics.Tools.dll".
             Reference found at search path location "{RawFileName}".
             This reference is not "CopyLocal" because at least one source item had "Private" set to "false" and no source items had "Private" set to "true".
             The ImageRuntimeVersion for this reference is "".
         Primary reference "System.Diagnostics.TraceSource, Version=8.0.0.0, Culture=neutral, PublicKeyToken=b03f5f7f11d50a3a".
             Resolved file path is "/usr/share/dotnet/packs/Microsoft.NETCore.App.Ref/8.0.21/ref/net8.0/System.Diagnostics.TraceSource.dll".
             Reference found at search path location "{RawFileName}".
             This reference is not "CopyLocal" because at least one source item had "Private" set to "false" and no source items had "Private" set to "true".
             The ImageRuntimeVersion for this reference is "".
         Primary reference "System.Diagnostics.Tracing, Version=8.0.0.0, Culture=neutral, PublicKeyToken=b03f5f7f11d50a3a".
             Resolved file path is "/usr/share/dotnet/packs/Microsoft.NETCore.App.Ref/8.0.21/ref/net8.0/System.Diagnostics.Tracing.dll".
             Reference found at search path location "{RawFileName}".
             This reference is not "CopyLocal" because at least one source item had "Private" set to "false" and no source items had "Private" set to "true".
             The ImageRuntimeVersion for this reference is "".
         Primary reference "System.Drawing.Primitives, Version=8.0.0.0, Culture=neutral, PublicKeyToken=b03f5f7f11d50a3a".
             Resolved file path is "/usr/share/dotnet/packs/Microsoft.NETCore.App.Ref/8.0.21/ref/net8.0/System.Drawing.Primitives.dll".
             Reference found at search path location "{RawFileName}".
             This reference is not "CopyLocal" because at least one source item had "Private" set to "false" and no source items had "Private" set to "true".
             The ImageRuntimeVersion for this reference is "".
         Primary reference "System.Drawing, Version=4.0.0.0, Culture=neutral, PublicKeyToken=b03f5f7f11d50a3a".
             Resolved file path is "/usr/share/dotnet/packs/Microsoft.NETCore.App.Ref/8.0.21/ref/net8.0/System.Drawing.dll".
             Reference found at search path location "{RawFileName}".
             This reference is not "CopyLocal" because at least one source item had "Private" set to "false" and no source items had "Private" set to "true".
             The ImageRuntimeVersion for this reference is "".
         Primary reference "System.Dynamic.Runtime, Version=8.0.0.0, Culture=neutral, PublicKeyToken=b03f5f7f11d50a3a".
             Resolved file path is "/usr/share/dotnet/packs/Microsoft.NETCore.App.Ref/8.0.21/ref/net8.0/System.Dynamic.Runtime.dll".
             Reference found at search path location "{RawFileName}".
             This reference is not "CopyLocal" because at least one source item had "Private" set to "false" and no source items had "Private" set to "true".
             The ImageRuntimeVersion for this reference is "".
         Primary reference "System.Formats.Asn1, Version=8.0.0.0, Culture=neutral, PublicKeyToken=cc7b13ffcd2ddd51".
             Resolved file path is "/usr/share/dotnet/packs/Microsoft.NETCore.App.Ref/8.0.21/ref/net8.0/System.Formats.Asn1.dll".
             Reference found at search path location "{RawFileName}".
             This reference is not "CopyLocal" because at least one source item had "Private" set to "false" and no source items had "Private" set to "true".
             The ImageRuntimeVersion for this reference is "".
         Primary reference "System.Formats.Tar, Version=8.0.0.0, Culture=neutral, PublicKeyToken=cc7b13ffcd2ddd51".
             Resolved file path is "/usr/share/dotnet/packs/Microsoft.NETCore.App.Ref/8.0.21/ref/net8.0/System.Formats.Tar.dll".
             Reference found at search path location "{RawFileName}".
             This reference is not "CopyLocal" because at least one source item had "Private" set to "false" and no source items had "Private" set to "true".
             The ImageRuntimeVersion for this reference is "".
         Primary reference "System.Globalization.Calendars, Version=8.0.0.0, Culture=neutral, PublicKeyToken=b03f5f7f11d50a3a".
             Resolved file path is "/usr/share/dotnet/packs/Microsoft.NETCore.App.Ref/8.0.21/ref/net8.0/System.Globalization.Calendars.dll".
             Reference found at search path location "{RawFileName}".
             This reference is not "CopyLocal" because at least one source item had "Private" set to "false" and no source items had "Private" set to "true".
             The ImageRuntimeVersion for this reference is "".
         Primary reference "System.Globalization.Extensions, Version=8.0.0.0, Culture=neutral, PublicKeyToken=b03f5f7f11d50a3a".
             Resolved file path is "/usr/share/dotnet/packs/Microsoft.NETCore.App.Ref/8.0.21/ref/net8.0/System.Globalization.Extensions.dll".
             Reference found at search path location "{RawFileName}".
             This reference is not "CopyLocal" because at least one source item had "Private" set to "false" and no source items had "Private" set to "true".
             The ImageRuntimeVersion for this reference is "".
         Primary reference "System.Globalization, Version=8.0.0.0, Culture=neutral, PublicKeyToken=b03f5f7f11d50a3a".
             Resolved file path is "/usr/share/dotnet/packs/Microsoft.NETCore.App.Ref/8.0.21/ref/net8.0/System.Globalization.dll".
             Reference found at search path location "{RawFileName}".
             This reference is not "CopyLocal" because at least one source item had "Private" set to "false" and no source items had "Private" set to "true".
             The ImageRuntimeVersion for this reference is "".
         Primary reference "System.IO.Compression.Brotli, Version=8.0.0.0, Culture=neutral, PublicKeyToken=b77a5c561934e089".
             Resolved file path is "/usr/share/dotnet/packs/Microsoft.NETCore.App.Ref/8.0.21/ref/net8.0/System.IO.Compression.Brotli.dll".
             Reference found at search path location "{RawFileName}".
             This reference is not "CopyLocal" because at least one source item had "Private" set to "false" and no source items had "Private" set to "true".
             The ImageRuntimeVersion for this reference is "".
         Primary reference "System.IO.Compression.FileSystem, Version=4.0.0.0, Culture=neutral, PublicKeyToken=b77a5c561934e089".
             Resolved file path is "/usr/share/dotnet/packs/Microsoft.NETCore.App.Ref/8.0.21/ref/net8.0/System.IO.Compression.FileSystem.dll".
             Reference found at search path location "{RawFileName}".
             This reference is not "CopyLocal" because at least one source item had "Private" set to "false" and no source items had "Private" set to "true".
             The ImageRuntimeVersion for this reference is "".
         Primary reference "System.IO.Compression.ZipFile, Version=8.0.0.0, Culture=neutral, PublicKeyToken=b77a5c561934e089".
             Resolved file path is "/usr/share/dotnet/packs/Microsoft.NETCore.App.Ref/8.0.21/ref/net8.0/System.IO.Compression.ZipFile.dll".
             Reference found at search path location "{RawFileName}".
             This reference is not "CopyLocal" because at least one source item had "Private" set to "false" and no source items had "Private" set to "true".
             The ImageRuntimeVersion for this reference is "".
         Primary reference "System.IO.Compression, Version=8.0.0.0, Culture=neutral, PublicKeyToken=b77a5c561934e089".
             Resolved file path is "/usr/share/dotnet/packs/Microsoft.NETCore.App.Ref/8.0.21/ref/net8.0/System.IO.Compression.dll".
             Reference found at search path location "{RawFileName}".
             This reference is not "CopyLocal" because at least one source item had "Private" set to "false" and no source items had "Private" set to "true".
             The ImageRuntimeVersion for this reference is "".
         Primary reference "System.IO.FileSystem.AccessControl, Version=8.0.0.0, Culture=neutral, PublicKeyToken=b03f5f7f11d50a3a".
             Resolved file path is "/usr/share/dotnet/packs/Microsoft.NETCore.App.Ref/8.0.21/ref/net8.0/System.IO.FileSystem.AccessControl.dll".
             Reference found at search path location "{RawFileName}".
             This reference is not "CopyLocal" because at least one source item had "Private" set to "false" and no source items had "Private" set to "true".
             The ImageRuntimeVersion for this reference is "".
         Primary reference "System.IO.FileSystem.DriveInfo, Version=8.0.0.0, Culture=neutral, PublicKeyToken=b03f5f7f11d50a3a".
             Resolved file path is "/usr/share/dotnet/packs/Microsoft.NETCore.App.Ref/8.0.21/ref/net8.0/System.IO.FileSystem.DriveInfo.dll".
             Reference found at search path location "{RawFileName}".
             This reference is not "CopyLocal" because at least one source item had "Private" set to "false" and no source items had "Private" set to "true".
             The ImageRuntimeVersion for this reference is "".
         Primary reference "System.IO.FileSystem.Primitives, Version=8.0.0.0, Culture=neutral, PublicKeyToken=b03f5f7f11d50a3a".
             Resolved file path is "/usr/share/dotnet/packs/Microsoft.NETCore.App.Ref/8.0.21/ref/net8.0/System.IO.FileSystem.Primitives.dll".
             Reference found at search path location "{RawFileName}".
             This reference is not "CopyLocal" because at least one source item had "Private" set to "false" and no source items had "Private" set to "true".
             The ImageRuntimeVersion for this reference is "".
         Primary reference "System.IO.FileSystem.Watcher, Version=8.0.0.0, Culture=neutral, PublicKeyToken=b03f5f7f11d50a3a".
             Resolved file path is "/usr/share/dotnet/packs/Microsoft.NETCore.App.Ref/8.0.21/ref/net8.0/System.IO.FileSystem.Watcher.dll".
             Reference found at search path location "{RawFileName}".
             This reference is not "CopyLocal" because at least one source item had "Private" set to "false" and no source items had "Private" set to "true".
             The ImageRuntimeVersion for this reference is "".
         Primary reference "System.IO.FileSystem, Version=8.0.0.0, Culture=neutral, PublicKeyToken=b03f5f7f11d50a3a".
             Resolved file path is "/usr/share/dotnet/packs/Microsoft.NETCore.App.Ref/8.0.21/ref/net8.0/System.IO.FileSystem.dll".
             Reference found at search path location "{RawFileName}".
             This reference is not "CopyLocal" because at least one source item had "Private" set to "false" and no source items had "Private" set to "true".
             The ImageRuntimeVersion for this reference is "".
         Primary reference "System.IO.IsolatedStorage, Version=8.0.0.0, Culture=neutral, PublicKeyToken=b03f5f7f11d50a3a".
             Resolved file path is "/usr/share/dotnet/packs/Microsoft.NETCore.App.Ref/8.0.21/ref/net8.0/System.IO.IsolatedStorage.dll".
             Reference found at search path location "{RawFileName}".
             This reference is not "CopyLocal" because at least one source item had "Private" set to "false" and no source items had "Private" set to "true".
             The ImageRuntimeVersion for this reference is "".
         Primary reference "System.IO.MemoryMappedFiles, Version=8.0.0.0, Culture=neutral, PublicKeyToken=b03f5f7f11d50a3a".
             Resolved file path is "/usr/share/dotnet/packs/Microsoft.NETCore.App.Ref/8.0.21/ref/net8.0/System.IO.MemoryMappedFiles.dll".
             Reference found at search path location "{RawFileName}".
             This reference is not "CopyLocal" because at least one source item had "Private" set to "false" and no source items had "Private" set to "true".
             The ImageRuntimeVersion for this reference is "".
         Primary reference "System.IO.Pipes.AccessControl, Version=8.0.0.0, Culture=neutral, PublicKeyToken=b03f5f7f11d50a3a".
             Resolved file path is "/usr/share/dotnet/packs/Microsoft.NETCore.App.Ref/8.0.21/ref/net8.0/System.IO.Pipes.AccessControl.dll".
             Reference found at search path location "{RawFileName}".
             This reference is not "CopyLocal" because at least one source item had "Private" set to "false" and no source items had "Private" set to "true".
             The ImageRuntimeVersion for this reference is "".
         Primary reference "System.IO.Pipes, Version=8.0.0.0, Culture=neutral, PublicKeyToken=b03f5f7f11d50a3a".
             Resolved file path is "/usr/share/dotnet/packs/Microsoft.NETCore.App.Ref/8.0.21/ref/net8.0/System.IO.Pipes.dll".
             Reference found at search path location "{RawFileName}".
             This reference is not "CopyLocal" because at least one source item had "Private" set to "false" and no source items had "Private" set to "true".
             The ImageRuntimeVersion for this reference is "".
         Primary reference "System.IO.UnmanagedMemoryStream, Version=8.0.0.0, Culture=neutral, PublicKeyToken=b03f5f7f11d50a3a".
             Resolved file path is "/usr/share/dotnet/packs/Microsoft.NETCore.App.Ref/8.0.21/ref/net8.0/System.IO.UnmanagedMemoryStream.dll".
             Reference found at search path location "{RawFileName}".
             This reference is not "CopyLocal" because at least one source item had "Private" set to "false" and no source items had "Private" set to "true".
             The ImageRuntimeVersion for this reference is "".
         Primary reference "System.IO, Version=8.0.0.0, Culture=neutral, PublicKeyToken=b03f5f7f11d50a3a".
             Resolved file path is "/usr/share/dotnet/packs/Microsoft.NETCore.App.Ref/8.0.21/ref/net8.0/System.IO.dll".
             Reference found at search path location "{RawFileName}".
             This reference is not "CopyLocal" because at least one source item had "Private" set to "false" and no source items had "Private" set to "true".
             The ImageRuntimeVersion for this reference is "".
         Primary reference "System.Linq.Expressions, Version=8.0.0.0, Culture=neutral, PublicKeyToken=b03f5f7f11d50a3a".
             Resolved file path is "/usr/share/dotnet/packs/Microsoft.NETCore.App.Ref/8.0.21/ref/net8.0/System.Linq.Expressions.dll".
             Reference found at search path location "{RawFileName}".
             This reference is not "CopyLocal" because at least one source item had "Private" set to "false" and no source items had "Private" set to "true".
             The ImageRuntimeVersion for this reference is "".
         Primary reference "System.Linq.Parallel, Version=8.0.0.0, Culture=neutral, PublicKeyToken=b03f5f7f11d50a3a".
             Resolved file path is "/usr/share/dotnet/packs/Microsoft.NETCore.App.Ref/8.0.21/ref/net8.0/System.Linq.Parallel.dll".
             Reference found at search path location "{RawFileName}".
             This reference is not "CopyLocal" because at least one source item had "Private" set to "false" and no source items had "Private" set to "true".
             The ImageRuntimeVersion for this reference is "".
         Primary reference "System.Linq.Queryable, Version=8.0.0.0, Culture=neutral, PublicKeyToken=b03f5f7f11d50a3a".
             Resolved file path is "/usr/share/dotnet/packs/Microsoft.NETCore.App.Ref/8.0.21/ref/net8.0/System.Linq.Queryable.dll".
             Reference found at search path location "{RawFileName}".
             This reference is not "CopyLocal" because at least one source item had "Private" set to "false" and no source items had "Private" set to "true".
             The ImageRuntimeVersion for this reference is "".
         Primary reference "System.Linq, Version=8.0.0.0, Culture=neutral, PublicKeyToken=b03f5f7f11d50a3a".
             Resolved file path is "/usr/share/dotnet/packs/Microsoft.NETCore.App.Ref/8.0.21/ref/net8.0/System.Linq.dll".
             Reference found at search path location "{RawFileName}".
             This reference is not "CopyLocal" because at least one source item had "Private" set to "false" and no source items had "Private" set to "true".
             The ImageRuntimeVersion for this reference is "".
         Primary reference "System.Memory, Version=8.0.0.0, Culture=neutral, PublicKeyToken=cc7b13ffcd2ddd51".
             Resolved file path is "/usr/share/dotnet/packs/Microsoft.NETCore.App.Ref/8.0.21/ref/net8.0/System.Memory.dll".
             Reference found at search path location "{RawFileName}".
             This reference is not "CopyLocal" because at least one source item had "Private" set to "false" and no source items had "Private" set to "true".
             The ImageRuntimeVersion for this reference is "".
         Primary reference "System.Net.Http.Json, Version=8.0.0.0, Culture=neutral, PublicKeyToken=cc7b13ffcd2ddd51".
             Resolved file path is "/usr/share/dotnet/packs/Microsoft.NETCore.App.Ref/8.0.21/ref/net8.0/System.Net.Http.Json.dll".
             Reference found at search path location "{RawFileName}".
             This reference is not "CopyLocal" because at least one source item had "Private" set to "false" and no source items had "Private" set to "true".
             The ImageRuntimeVersion for this reference is "".
         Primary reference "System.Net.Http, Version=8.0.0.0, Culture=neutral, PublicKeyToken=b03f5f7f11d50a3a".
             Resolved file path is "/usr/share/dotnet/packs/Microsoft.NETCore.App.Ref/8.0.21/ref/net8.0/System.Net.Http.dll".
             Reference found at search path location "{RawFileName}".
             This reference is not "CopyLocal" because at least one source item had "Private" set to "false" and no source items had "Private" set to "true".
             The ImageRuntimeVersion for this reference is "".
         Primary reference "System.Net.HttpListener, Version=8.0.0.0, Culture=neutral, PublicKeyToken=cc7b13ffcd2ddd51".
             Resolved file path is "/usr/share/dotnet/packs/Microsoft.NETCore.App.Ref/8.0.21/ref/net8.0/System.Net.HttpListener.dll".
             Reference found at search path location "{RawFileName}".
             This reference is not "CopyLocal" because at least one source item had "Private" set to "false" and no source items had "Private" set to "true".
             The ImageRuntimeVersion for this reference is "".
         Primary reference "System.Net.Mail, Version=8.0.0.0, Culture=neutral, PublicKeyToken=cc7b13ffcd2ddd51".
             Resolved file path is "/usr/share/dotnet/packs/Microsoft.NETCore.App.Ref/8.0.21/ref/net8.0/System.Net.Mail.dll".
             Reference found at search path location "{RawFileName}".
             This reference is not "CopyLocal" because at least one source item had "Private" set to "false" and no source items had "Private" set to "true".
             The ImageRuntimeVersion for this reference is "".
         Primary reference "System.Net.NameResolution, Version=8.0.0.0, Culture=neutral, PublicKeyToken=b03f5f7f11d50a3a".
             Resolved file path is "/usr/share/dotnet/packs/Microsoft.NETCore.App.Ref/8.0.21/ref/net8.0/System.Net.NameResolution.dll".
             Reference found at search path location "{RawFileName}".
             This reference is not "CopyLocal" because at least one source item had "Private" set to "false" and no source items had "Private" set to "true".
             The ImageRuntimeVersion for this reference is "".
         Primary reference "System.Net.NetworkInformation, Version=8.0.0.0, Culture=neutral, PublicKeyToken=b03f5f7f11d50a3a".
             Resolved file path is "/usr/share/dotnet/packs/Microsoft.NETCore.App.Ref/8.0.21/ref/net8.0/System.Net.NetworkInformation.dll".
             Reference found at search path location "{RawFileName}".
             This reference is not "CopyLocal" because at least one source item had "Private" set to "false" and no source items had "Private" set to "true".
             The ImageRuntimeVersion for this reference is "".
         Primary reference "System.Net.Ping, Version=8.0.0.0, Culture=neutral, PublicKeyToken=b03f5f7f11d50a3a".
             Resolved file path is "/usr/share/dotnet/packs/Microsoft.NETCore.App.Ref/8.0.21/ref/net8.0/System.Net.Ping.dll".
             Reference found at search path location "{RawFileName}".
             This reference is not "CopyLocal" because at least one source item had "Private" set to "false" and no source items had "Private" set to "true".
             The ImageRuntimeVersion for this reference is "".
         Primary reference "System.Net.Primitives, Version=8.0.0.0, Culture=neutral, PublicKeyToken=b03f5f7f11d50a3a".
             Resolved file path is "/usr/share/dotnet/packs/Microsoft.NETCore.App.Ref/8.0.21/ref/net8.0/System.Net.Primitives.dll".
             Reference found at search path location "{RawFileName}".
             This reference is not "CopyLocal" because at least one source item had "Private" set to "false" and no source items had "Private" set to "true".
             The ImageRuntimeVersion for this reference is "".
         Primary reference "System.Net.Quic, Version=8.0.0.0, Culture=neutral, PublicKeyToken=b03f5f7f11d50a3a".
             Resolved file path is "/usr/share/dotnet/packs/Microsoft.NETCore.App.Ref/8.0.21/ref/net8.0/System.Net.Quic.dll".
             Reference found at search path location "{RawFileName}".
             This reference is not "CopyLocal" because at least one source item had "Private" set to "false" and no source items had "Private" set to "true".
             The ImageRuntimeVersion for this reference is "".
         Primary reference "System.Net.Requests, Version=8.0.0.0, Culture=neutral, PublicKeyToken=b03f5f7f11d50a3a".
             Resolved file path is "/usr/share/dotnet/packs/Microsoft.NETCore.App.Ref/8.0.21/ref/net8.0/System.Net.Requests.dll".
             Reference found at search path location "{RawFileName}".
             This reference is not "CopyLocal" because at least one source item had "Private" set to "false" and no source items had "Private" set to "true".
             The ImageRuntimeVersion for this reference is "".
         Primary reference "System.Net.Security, Version=8.0.0.0, Culture=neutral, PublicKeyToken=b03f5f7f11d50a3a".
             Resolved file path is "/usr/share/dotnet/packs/Microsoft.NETCore.App.Ref/8.0.21/ref/net8.0/System.Net.Security.dll".
             Reference found at search path location "{RawFileName}".
             This reference is not "CopyLocal" because at least one source item had "Private" set to "false" and no source items had "Private" set to "true".
             The ImageRuntimeVersion for this reference is "".
         Primary reference "System.Net.ServicePoint, Version=8.0.0.0, Culture=neutral, PublicKeyToken=cc7b13ffcd2ddd51".
             Resolved file path is "/usr/share/dotnet/packs/Microsoft.NETCore.App.Ref/8.0.21/ref/net8.0/System.Net.ServicePoint.dll".
             Reference found at search path location "{RawFileName}".
             This reference is not "CopyLocal" because at least one source item had "Private" set to "false" and no source items had "Private" set to "true".
             The ImageRuntimeVersion for this reference is "".
         Primary reference "System.Net.Sockets, Version=8.0.0.0, Culture=neutral, PublicKeyToken=b03f5f7f11d50a3a".
             Resolved file path is "/usr/share/dotnet/packs/Microsoft.NETCore.App.Ref/8.0.21/ref/net8.0/System.Net.Sockets.dll".
             Reference found at search path location "{RawFileName}".
             This reference is not "CopyLocal" because at least one source item had "Private" set to "false" and no source items had "Private" set to "true".
             The ImageRuntimeVersion for this reference is "".
         Primary reference "System.Net.WebClient, Version=8.0.0.0, Culture=neutral, PublicKeyToken=cc7b13ffcd2ddd51".
             Resolved file path is "/usr/share/dotnet/packs/Microsoft.NETCore.App.Ref/8.0.21/ref/net8.0/System.Net.WebClient.dll".
             Reference found at search path location "{RawFileName}".
             This reference is not "CopyLocal" because at least one source item had "Private" set to "false" and no source items had "Private" set to "true".
             The ImageRuntimeVersion for this reference is "".
         Primary reference "System.Net.WebHeaderCollection, Version=8.0.0.0, Culture=neutral, PublicKeyToken=b03f5f7f11d50a3a".
             Resolved file path is "/usr/share/dotnet/packs/Microsoft.NETCore.App.Ref/8.0.21/ref/net8.0/System.Net.WebHeaderCollection.dll".
             Reference found at search path location "{RawFileName}".
             This reference is not "CopyLocal" because at least one source item had "Private" set to "false" and no source items had "Private" set to "true".
             The ImageRuntimeVersion for this reference is "".
         Primary reference "System.Net.WebProxy, Version=8.0.0.0, Culture=neutral, PublicKeyToken=cc7b13ffcd2ddd51".
             Resolved file path is "/usr/share/dotnet/packs/Microsoft.NETCore.App.Ref/8.0.21/ref/net8.0/System.Net.WebProxy.dll".
             Reference found at search path location "{RawFileName}".
             This reference is not "CopyLocal" because at least one source item had "Private" set to "false" and no source items had "Private" set to "true".
             The ImageRuntimeVersion for this reference is "".
         Primary reference "System.Net.WebSockets.Client, Version=8.0.0.0, Culture=neutral, PublicKeyToken=b03f5f7f11d50a3a".
             Resolved file path is "/usr/share/dotnet/packs/Microsoft.NETCore.App.Ref/8.0.21/ref/net8.0/System.Net.WebSockets.Client.dll".
             Reference found at search path location "{RawFileName}".
             This reference is not "CopyLocal" because at least one source item had "Private" set to "false" and no source items had "Private" set to "true".
             The ImageRuntimeVersion for this reference is "".
         Primary reference "System.Net.WebSockets, Version=8.0.0.0, Culture=neutral, PublicKeyToken=b03f5f7f11d50a3a".
             Resolved file path is "/usr/share/dotnet/packs/Microsoft.NETCore.App.Ref/8.0.21/ref/net8.0/System.Net.WebSockets.dll".
             Reference found at search path location "{RawFileName}".
             This reference is not "CopyLocal" because at least one source item had "Private" set to "false" and no source items had "Private" set to "true".
             The ImageRuntimeVersion for this reference is "".
         Primary reference "System.Net, Version=4.0.0.0, Culture=neutral, PublicKeyToken=b03f5f7f11d50a3a".
             Resolved file path is "/usr/share/dotnet/packs/Microsoft.NETCore.App.Ref/8.0.21/ref/net8.0/System.Net.dll".
             Reference found at search path location "{RawFileName}".
             This reference is not "CopyLocal" because at least one source item had "Private" set to "false" and no source items had "Private" set to "true".
             The ImageRuntimeVersion for this reference is "".
         Primary reference "System.Numerics.Vectors, Version=8.0.0.0, Culture=neutral, PublicKeyToken=b03f5f7f11d50a3a".
             Resolved file path is "/usr/share/dotnet/packs/Microsoft.NETCore.App.Ref/8.0.21/ref/net8.0/System.Numerics.Vectors.dll".
             Reference found at search path location "{RawFileName}".
             This reference is not "CopyLocal" because at least one source item had "Private" set to "false" and no source items had "Private" set to "true".
             The ImageRuntimeVersion for this reference is "".
         Primary reference "System.Numerics, Version=4.0.0.0, Culture=neutral, PublicKeyToken=b77a5c561934e089".
             Resolved file path is "/usr/share/dotnet/packs/Microsoft.NETCore.App.Ref/8.0.21/ref/net8.0/System.Numerics.dll".
             Reference found at search path location "{RawFileName}".
             This reference is not "CopyLocal" because at least one source item had "Private" set to "false" and no source items had "Private" set to "true".
             The ImageRuntimeVersion for this reference is "".
         Primary reference "System.ObjectModel, Version=8.0.0.0, Culture=neutral, PublicKeyToken=b03f5f7f11d50a3a".
             Resolved file path is "/usr/share/dotnet/packs/Microsoft.NETCore.App.Ref/8.0.21/ref/net8.0/System.ObjectModel.dll".
             Reference found at search path location "{RawFileName}".
             This reference is not "CopyLocal" because at least one source item had "Private" set to "false" and no source items had "Private" set to "true".
             The ImageRuntimeVersion for this reference is "".
         Primary reference "System.Reflection.DispatchProxy, Version=8.0.0.0, Culture=neutral, PublicKeyToken=b03f5f7f11d50a3a".
             Resolved file path is "/usr/share/dotnet/packs/Microsoft.NETCore.App.Ref/8.0.21/ref/net8.0/System.Reflection.DispatchProxy.dll".
             Reference found at search path location "{RawFileName}".
             This reference is not "CopyLocal" because at least one source item had "Private" set to "false" and no source items had "Private" set to "true".
             The ImageRuntimeVersion for this reference is "".
         Primary reference "System.Reflection.Emit.ILGeneration, Version=8.0.0.0, Culture=neutral, PublicKeyToken=b03f5f7f11d50a3a".
             Resolved file path is "/usr/share/dotnet/packs/Microsoft.NETCore.App.Ref/8.0.21/ref/net8.0/System.Reflection.Emit.ILGeneration.dll".
             Reference found at search path location "{RawFileName}".
             This reference is not "CopyLocal" because at least one source item had "Private" set to "false" and no source items had "Private" set to "true".
             The ImageRuntimeVersion for this reference is "".
         Primary reference "System.Reflection.Emit.Lightweight, Version=8.0.0.0, Culture=neutral, PublicKeyToken=b03f5f7f11d50a3a".
             Resolved file path is "/usr/share/dotnet/packs/Microsoft.NETCore.App.Ref/8.0.21/ref/net8.0/System.Reflection.Emit.Lightweight.dll".
             Reference found at search path location "{RawFileName}".
             This reference is not "CopyLocal" because at least one source item had "Private" set to "false" and no source items had "Private" set to "true".
             The ImageRuntimeVersion for this reference is "".
         Primary reference "System.Reflection.Emit, Version=8.0.0.0, Culture=neutral, PublicKeyToken=b03f5f7f11d50a3a".
             Resolved file path is "/usr/share/dotnet/packs/Microsoft.NETCore.App.Ref/8.0.21/ref/net8.0/System.Reflection.Emit.dll".
             Reference found at search path location "{RawFileName}".
             This reference is not "CopyLocal" because at least one source item had "Private" set to "false" and no source items had "Private" set to "true".
             The ImageRuntimeVersion for this reference is "".
         Primary reference "System.Reflection.Extensions, Version=8.0.0.0, Culture=neutral, PublicKeyToken=b03f5f7f11d50a3a".
             Resolved file path is "/usr/share/dotnet/packs/Microsoft.NETCore.App.Ref/8.0.21/ref/net8.0/System.Reflection.Extensions.dll".
             Reference found at search path location "{RawFileName}".
             This reference is not "CopyLocal" because at least one source item had "Private" set to "false" and no source items had "Private" set to "true".
             The ImageRuntimeVersion for this reference is "".
         Primary reference "System.Reflection.Metadata, Version=8.0.0.0, Culture=neutral, PublicKeyToken=b03f5f7f11d50a3a".
             Resolved file path is "/usr/share/dotnet/packs/Microsoft.NETCore.App.Ref/8.0.21/ref/net8.0/System.Reflection.Metadata.dll".
             Reference found at search path location "{RawFileName}".
             This reference is not "CopyLocal" because at least one source item had "Private" set to "false" and no source items had "Private" set to "true".
             The ImageRuntimeVersion for this reference is "".
         Primary reference "System.Reflection.Primitives, Version=8.0.0.0, Culture=neutral, PublicKeyToken=b03f5f7f11d50a3a".
             Resolved file path is "/usr/share/dotnet/packs/Microsoft.NETCore.App.Ref/8.0.21/ref/net8.0/System.Reflection.Primitives.dll".
             Reference found at search path location "{RawFileName}".
             This reference is not "CopyLocal" because at least one source item had "Private" set to "false" and no source items had "Private" set to "true".
             The ImageRuntimeVersion for this reference is "".
         Primary reference "System.Reflection.TypeExtensions, Version=8.0.0.0, Culture=neutral, PublicKeyToken=b03f5f7f11d50a3a".
             Resolved file path is "/usr/share/dotnet/packs/Microsoft.NETCore.App.Ref/8.0.21/ref/net8.0/System.Reflection.TypeExtensions.dll".
             Reference found at search path location "{RawFileName}".
             This reference is not "CopyLocal" because at least one source item had "Private" set to "false" and no source items had "Private" set to "true".
             The ImageRuntimeVersion for this reference is "".
         Primary reference "System.Reflection, Version=8.0.0.0, Culture=neutral, PublicKeyToken=b03f5f7f11d50a3a".
             Resolved file path is "/usr/share/dotnet/packs/Microsoft.NETCore.App.Ref/8.0.21/ref/net8.0/System.Reflection.dll".
             Reference found at search path location "{RawFileName}".
             This reference is not "CopyLocal" because at least one source item had "Private" set to "false" and no source items had "Private" set to "true".
             The ImageRuntimeVersion for this reference is "".
         Primary reference "System.Resources.Reader, Version=8.0.0.0, Culture=neutral, PublicKeyToken=b03f5f7f11d50a3a".
             Resolved file path is "/usr/share/dotnet/packs/Microsoft.NETCore.App.Ref/8.0.21/ref/net8.0/System.Resources.Reader.dll".
             Reference found at search path location "{RawFileName}".
             This reference is not "CopyLocal" because at least one source item had "Private" set to "false" and no source items had "Private" set to "true".
             The ImageRuntimeVersion for this reference is "".
         Primary reference "System.Resources.ResourceManager, Version=8.0.0.0, Culture=neutral, PublicKeyToken=b03f5f7f11d50a3a".
             Resolved file path is "/usr/share/dotnet/packs/Microsoft.NETCore.App.Ref/8.0.21/ref/net8.0/System.Resources.ResourceManager.dll".
             Reference found at search path location "{RawFileName}".
             This reference is not "CopyLocal" because at least one source item had "Private" set to "false" and no source items had "Private" set to "true".
             The ImageRuntimeVersion for this reference is "".
         Primary reference "System.Resources.Writer, Version=8.0.0.0, Culture=neutral, PublicKeyToken=b03f5f7f11d50a3a".
             Resolved file path is "/usr/share/dotnet/packs/Microsoft.NETCore.App.Ref/8.0.21/ref/net8.0/System.Resources.Writer.dll".
             Reference found at search path location "{RawFileName}".
             This reference is not "CopyLocal" because at least one source item had "Private" set to "false" and no source items had "Private" set to "true".
             The ImageRuntimeVersion for this reference is "".
         Primary reference "System.Runtime.CompilerServices.Unsafe, Version=8.0.0.0, Culture=neutral, PublicKeyToken=b03f5f7f11d50a3a".
             Resolved file path is "/usr/share/dotnet/packs/Microsoft.NETCore.App.Ref/8.0.21/ref/net8.0/System.Runtime.CompilerServices.Unsafe.dll".
             Reference found at search path location "{RawFileName}".
             This reference is not "CopyLocal" because at least one source item had "Private" set to "false" and no source items had "Private" set to "true".
             The ImageRuntimeVersion for this reference is "".
         Primary reference "System.Runtime.CompilerServices.VisualC, Version=8.0.0.0, Culture=neutral, PublicKeyToken=b03f5f7f11d50a3a".
             Resolved file path is "/usr/share/dotnet/packs/Microsoft.NETCore.App.Ref/8.0.21/ref/net8.0/System.Runtime.CompilerServices.VisualC.dll".
             Reference found at search path location "{RawFileName}".
             This reference is not "CopyLocal" because at least one source item had "Private" set to "false" and no source items had "Private" set to "true".
             The ImageRuntimeVersion for this reference is "".
         Primary reference "System.Runtime.Extensions, Version=8.0.0.0, Culture=neutral, PublicKeyToken=b03f5f7f11d50a3a".
             Resolved file path is "/usr/share/dotnet/packs/Microsoft.NETCore.App.Ref/8.0.21/ref/net8.0/System.Runtime.Extensions.dll".
             Reference found at search path location "{RawFileName}".
             This reference is not "CopyLocal" because at least one source item had "Private" set to "false" and no source items had "Private" set to "true".
             The ImageRuntimeVersion for this reference is "".
         Primary reference "System.Runtime.Handles, Version=8.0.0.0, Culture=neutral, PublicKeyToken=b03f5f7f11d50a3a".
             Resolved file path is "/usr/share/dotnet/packs/Microsoft.NETCore.App.Ref/8.0.21/ref/net8.0/System.Runtime.Handles.dll".
             Reference found at search path location "{RawFileName}".
             This reference is not "CopyLocal" because at least one source item had "Private" set to "false" and no source items had "Private" set to "true".
             The ImageRuntimeVersion for this reference is "".
         Primary reference "System.Runtime.InteropServices.JavaScript, Version=8.0.0.0, Culture=neutral, PublicKeyToken=b03f5f7f11d50a3a".
             Resolved file path is "/usr/share/dotnet/packs/Microsoft.NETCore.App.Ref/8.0.21/ref/net8.0/System.Runtime.InteropServices.JavaScript.dll".
             Reference found at search path location "{RawFileName}".
             This reference is not "CopyLocal" because at least one source item had "Private" set to "false" and no source items had "Private" set to "true".
             The ImageRuntimeVersion for this reference is "".
         Primary reference "System.Runtime.InteropServices.RuntimeInformation, Version=8.0.0.0, Culture=neutral, PublicKeyToken=b03f5f7f11d50a3a".
             Resolved file path is "/usr/share/dotnet/packs/Microsoft.NETCore.App.Ref/8.0.21/ref/net8.0/System.Runtime.InteropServices.RuntimeInformation.dll".
             Reference found at search path location "{RawFileName}".
             This reference is not "CopyLocal" because at least one source item had "Private" set to "false" and no source items had "Private" set to "true".
             The ImageRuntimeVersion for this reference is "".
         Primary reference "System.Runtime.InteropServices, Version=8.0.0.0, Culture=neutral, PublicKeyToken=b03f5f7f11d50a3a".
             Resolved file path is "/usr/share/dotnet/packs/Microsoft.NETCore.App.Ref/8.0.21/ref/net8.0/System.Runtime.InteropServices.dll".
             Reference found at search path location "{RawFileName}".
             This reference is not "CopyLocal" because at least one source item had "Private" set to "false" and no source items had "Private" set to "true".
             The ImageRuntimeVersion for this reference is "".
         Primary reference "System.Runtime.Intrinsics, Version=8.0.0.0, Culture=neutral, PublicKeyToken=cc7b13ffcd2ddd51".
             Resolved file path is "/usr/share/dotnet/packs/Microsoft.NETCore.App.Ref/8.0.21/ref/net8.0/System.Runtime.Intrinsics.dll".
             Reference found at search path location "{RawFileName}".
             This reference is not "CopyLocal" because at least one source item had "Private" set to "false" and no source items had "Private" set to "true".
             The ImageRuntimeVersion for this reference is "".
         Primary reference "System.Runtime.Loader, Version=8.0.0.0, Culture=neutral, PublicKeyToken=b03f5f7f11d50a3a".
             Resolved file path is "/usr/share/dotnet/packs/Microsoft.NETCore.App.Ref/8.0.21/ref/net8.0/System.Runtime.Loader.dll".
             Reference found at search path location "{RawFileName}".
             This reference is not "CopyLocal" because at least one source item had "Private" set to "false" and no source items had "Private" set to "true".
             The ImageRuntimeVersion for this reference is "".
         Primary reference "System.Runtime.Numerics, Version=8.0.0.0, Culture=neutral, PublicKeyToken=b03f5f7f11d50a3a".
             Resolved file path is "/usr/share/dotnet/packs/Microsoft.NETCore.App.Ref/8.0.21/ref/net8.0/System.Runtime.Numerics.dll".
             Reference found at search path location "{RawFileName}".
             This reference is not "CopyLocal" because at least one source item had "Private" set to "false" and no source items had "Private" set to "true".
             The ImageRuntimeVersion for this reference is "".
         Primary reference "System.Runtime.Serialization.Formatters, Version=8.0.0.0, Culture=neutral, PublicKeyToken=b03f5f7f11d50a3a".
             Resolved file path is "/usr/share/dotnet/packs/Microsoft.NETCore.App.Ref/8.0.21/ref/net8.0/System.Runtime.Serialization.Formatters.dll".
             Reference found at search path location "{RawFileName}".
             This reference is not "CopyLocal" because at least one source item had "Private" set to "false" and no source items had "Private" set to "true".
             The ImageRuntimeVersion for this reference is "".
         Primary reference "System.Runtime.Serialization.Json, Version=8.0.0.0, Culture=neutral, PublicKeyToken=b03f5f7f11d50a3a".
             Resolved file path is "/usr/share/dotnet/packs/Microsoft.NETCore.App.Ref/8.0.21/ref/net8.0/System.Runtime.Serialization.Json.dll".
             Reference found at search path location "{RawFileName}".
             This reference is not "CopyLocal" because at least one source item had "Private" set to "false" and no source items had "Private" set to "true".
             The ImageRuntimeVersion for this reference is "".
         Primary reference "System.Runtime.Serialization.Primitives, Version=8.0.0.0, Culture=neutral, PublicKeyToken=b03f5f7f11d50a3a".
             Resolved file path is "/usr/share/dotnet/packs/Microsoft.NETCore.App.Ref/8.0.21/ref/net8.0/System.Runtime.Serialization.Primitives.dll".
             Reference found at search path location "{RawFileName}".
             This reference is not "CopyLocal" because at least one source item had "Private" set to "false" and no source items had "Private" set to "true".
             The ImageRuntimeVersion for this reference is "".
         Primary reference "System.Runtime.Serialization.Xml, Version=8.0.0.0, Culture=neutral, PublicKeyToken=b03f5f7f11d50a3a".
             Resolved file path is "/usr/share/dotnet/packs/Microsoft.NETCore.App.Ref/8.0.21/ref/net8.0/System.Runtime.Serialization.Xml.dll".
             Reference found at search path location "{RawFileName}".
             This reference is not "CopyLocal" because at least one source item had "Private" set to "false" and no source items had "Private" set to "true".
             The ImageRuntimeVersion for this reference is "".
         Primary reference "System.Runtime.Serialization, Version=4.0.0.0, Culture=neutral, PublicKeyToken=b77a5c561934e089".
             Resolved file path is "/usr/share/dotnet/packs/Microsoft.NETCore.App.Ref/8.0.21/ref/net8.0/System.Runtime.Serialization.dll".
             Reference found at search path location "{RawFileName}".
             This reference is not "CopyLocal" because at least one source item had "Private" set to "false" and no source items had "Private" set to "true".
             The ImageRuntimeVersion for this reference is "".
         Primary reference "System.Runtime, Version=8.0.0.0, Culture=neutral, PublicKeyToken=b03f5f7f11d50a3a".
             Resolved file path is "/usr/share/dotnet/packs/Microsoft.NETCore.App.Ref/8.0.21/ref/net8.0/System.Runtime.dll".
             Reference found at search path location "{RawFileName}".
             This reference is not "CopyLocal" because at least one source item had "Private" set to "false" and no source items had "Private" set to "true".
             The ImageRuntimeVersion for this reference is "".
         Primary reference "System.Security.AccessControl, Version=8.0.0.0, Culture=neutral, PublicKeyToken=b03f5f7f11d50a3a".
             Resolved file path is "/usr/share/dotnet/packs/Microsoft.NETCore.App.Ref/8.0.21/ref/net8.0/System.Security.AccessControl.dll".
             Reference found at search path location "{RawFileName}".
             This reference is not "CopyLocal" because at least one source item had "Private" set to "false" and no source items had "Private" set to "true".
             The ImageRuntimeVersion for this reference is "".
         Primary reference "System.Security.Claims, Version=8.0.0.0, Culture=neutral, PublicKeyToken=b03f5f7f11d50a3a".
             Resolved file path is "/usr/share/dotnet/packs/Microsoft.NETCore.App.Ref/8.0.21/ref/net8.0/System.Security.Claims.dll".
             Reference found at search path location "{RawFileName}".
             This reference is not "CopyLocal" because at least one source item had "Private" set to "false" and no source items had "Private" set to "true".
             The ImageRuntimeVersion for this reference is "".
         Primary reference "System.Security.Cryptography.Algorithms, Version=8.0.0.0, Culture=neutral, PublicKeyToken=b03f5f7f11d50a3a".
             Resolved file path is "/usr/share/dotnet/packs/Microsoft.NETCore.App.Ref/8.0.21/ref/net8.0/System.Security.Cryptography.Algorithms.dll".
             Reference found at search path location "{RawFileName}".
             This reference is not "CopyLocal" because at least one source item had "Private" set to "false" and no source items had "Private" set to "true".
             The ImageRuntimeVersion for this reference is "".
         Primary reference "System.Security.Cryptography.Cng, Version=8.0.0.0, Culture=neutral, PublicKeyToken=b03f5f7f11d50a3a".
             Resolved file path is "/usr/share/dotnet/packs/Microsoft.NETCore.App.Ref/8.0.21/ref/net8.0/System.Security.Cryptography.Cng.dll".
             Reference found at search path location "{RawFileName}".
             This reference is not "CopyLocal" because at least one source item had "Private" set to "false" and no source items had "Private" set to "true".
             The ImageRuntimeVersion for this reference is "".
         Primary reference "System.Security.Cryptography.Csp, Version=8.0.0.0, Culture=neutral, PublicKeyToken=b03f5f7f11d50a3a".
             Resolved file path is "/usr/share/dotnet/packs/Microsoft.NETCore.App.Ref/8.0.21/ref/net8.0/System.Security.Cryptography.Csp.dll".
             Reference found at search path location "{RawFileName}".
             This reference is not "CopyLocal" because at least one source item had "Private" set to "false" and no source items had "Private" set to "true".
             The ImageRuntimeVersion for this reference is "".
         Primary reference "System.Security.Cryptography.Encoding, Version=8.0.0.0, Culture=neutral, PublicKeyToken=b03f5f7f11d50a3a".
             Resolved file path is "/usr/share/dotnet/packs/Microsoft.NETCore.App.Ref/8.0.21/ref/net8.0/System.Security.Cryptography.Encoding.dll".
             Reference found at search path location "{RawFileName}".
             This reference is not "CopyLocal" because at least one source item had "Private" set to "false" and no source items had "Private" set to "true".
             The ImageRuntimeVersion for this reference is "".
         Primary reference "System.Security.Cryptography.OpenSsl, Version=8.0.0.0, Culture=neutral, PublicKeyToken=b03f5f7f11d50a3a".
             Resolved file path is "/usr/share/dotnet/packs/Microsoft.NETCore.App.Ref/8.0.21/ref/net8.0/System.Security.Cryptography.OpenSsl.dll".
             Reference found at search path location "{RawFileName}".
             This reference is not "CopyLocal" because at least one source item had "Private" set to "false" and no source items had "Private" set to "true".
             The ImageRuntimeVersion for this reference is "".
         Primary reference "System.Security.Cryptography.Primitives, Version=8.0.0.0, Culture=neutral, PublicKeyToken=b03f5f7f11d50a3a".
             Resolved file path is "/usr/share/dotnet/packs/Microsoft.NETCore.App.Ref/8.0.21/ref/net8.0/System.Security.Cryptography.Primitives.dll".
             Reference found at search path location "{RawFileName}".
             This reference is not "CopyLocal" because at least one source item had "Private" set to "false" and no source items had "Private" set to "true".
             The ImageRuntimeVersion for this reference is "".
         Primary reference "System.Security.Cryptography.X509Certificates, Version=8.0.0.0, Culture=neutral, PublicKeyToken=b03f5f7f11d50a3a".
             Resolved file path is "/usr/share/dotnet/packs/Microsoft.NETCore.App.Ref/8.0.21/ref/net8.0/System.Security.Cryptography.X509Certificates.dll".
             Reference found at search path location "{RawFileName}".
             This reference is not "CopyLocal" because at least one source item had "Private" set to "false" and no source items had "Private" set to "true".
             The ImageRuntimeVersion for this reference is "".
         Primary reference "System.Security.Cryptography, Version=8.0.0.0, Culture=neutral, PublicKeyToken=b03f5f7f11d50a3a".
             Resolved file path is "/usr/share/dotnet/packs/Microsoft.NETCore.App.Ref/8.0.21/ref/net8.0/System.Security.Cryptography.dll".
             Reference found at search path location "{RawFileName}".
             This reference is not "CopyLocal" because at least one source item had "Private" set to "false" and no source items had "Private" set to "true".
             The ImageRuntimeVersion for this reference is "".
         Primary reference "System.Security.Principal.Windows, Version=8.0.0.0, Culture=neutral, PublicKeyToken=b03f5f7f11d50a3a".
             Resolved file path is "/usr/share/dotnet/packs/Microsoft.NETCore.App.Ref/8.0.21/ref/net8.0/System.Security.Principal.Windows.dll".
             Reference found at search path location "{RawFileName}".
             This reference is not "CopyLocal" because at least one source item had "Private" set to "false" and no source items had "Private" set to "true".
             The ImageRuntimeVersion for this reference is "".
         Primary reference "System.Security.Principal, Version=8.0.0.0, Culture=neutral, PublicKeyToken=b03f5f7f11d50a3a".
             Resolved file path is "/usr/share/dotnet/packs/Microsoft.NETCore.App.Ref/8.0.21/ref/net8.0/System.Security.Principal.dll".
             Reference found at search path location "{RawFileName}".
             This reference is not "CopyLocal" because at least one source item had "Private" set to "false" and no source items had "Private" set to "true".
             The ImageRuntimeVersion for this reference is "".
         Primary reference "System.Security.SecureString, Version=8.0.0.0, Culture=neutral, PublicKeyToken=b03f5f7f11d50a3a".
             Resolved file path is "/usr/share/dotnet/packs/Microsoft.NETCore.App.Ref/8.0.21/ref/net8.0/System.Security.SecureString.dll".
             Reference found at search path location "{RawFileName}".
             This reference is not "CopyLocal" because at least one source item had "Private" set to "false" and no source items had "Private" set to "true".
             The ImageRuntimeVersion for this reference is "".
         Primary reference "System.Security, Version=4.0.0.0, Culture=neutral, PublicKeyToken=b03f5f7f11d50a3a".
             Resolved file path is "/usr/share/dotnet/packs/Microsoft.NETCore.App.Ref/8.0.21/ref/net8.0/System.Security.dll".
             Reference found at search path location "{RawFileName}".
             This reference is not "CopyLocal" because at least one source item had "Private" set to "false" and no source items had "Private" set to "true".
             The ImageRuntimeVersion for this reference is "".
         Primary reference "System.ServiceModel.Web, Version=4.0.0.0, Culture=neutral, PublicKeyToken=31bf3856ad364e35".
             Resolved file path is "/usr/share/dotnet/packs/Microsoft.NETCore.App.Ref/8.0.21/ref/net8.0/System.ServiceModel.Web.dll".
             Reference found at search path location "{RawFileName}".
             This reference is not "CopyLocal" because at least one source item had "Private" set to "false" and no source items had "Private" set to "true".
             The ImageRuntimeVersion for this reference is "".
         Primary reference "System.ServiceProcess, Version=4.0.0.0, Culture=neutral, PublicKeyToken=b03f5f7f11d50a3a".
             Resolved file path is "/usr/share/dotnet/packs/Microsoft.NETCore.App.Ref/8.0.21/ref/net8.0/System.ServiceProcess.dll".
             Reference found at search path location "{RawFileName}".
             This reference is not "CopyLocal" because at least one source item had "Private" set to "false" and no source items had "Private" set to "true".
             The ImageRuntimeVersion for this reference is "".
         Primary reference "System.Text.Encoding.CodePages, Version=8.0.0.0, Culture=neutral, PublicKeyToken=b03f5f7f11d50a3a".
             Resolved file path is "/usr/share/dotnet/packs/Microsoft.NETCore.App.Ref/8.0.21/ref/net8.0/System.Text.Encoding.CodePages.dll".
             Reference found at search path location "{RawFileName}".
             This reference is not "CopyLocal" because at least one source item had "Private" set to "false" and no source items had "Private" set to "true".
             The ImageRuntimeVersion for this reference is "".
         Primary reference "System.Text.Encoding.Extensions, Version=8.0.0.0, Culture=neutral, PublicKeyToken=b03f5f7f11d50a3a".
             Resolved file path is "/usr/share/dotnet/packs/Microsoft.NETCore.App.Ref/8.0.21/ref/net8.0/System.Text.Encoding.Extensions.dll".
             Reference found at search path location "{RawFileName}".
             This reference is not "CopyLocal" because at least one source item had "Private" set to "false" and no source items had "Private" set to "true".
             The ImageRuntimeVersion for this reference is "".
         Primary reference "System.Text.Encoding, Version=8.0.0.0, Culture=neutral, PublicKeyToken=b03f5f7f11d50a3a".
             Resolved file path is "/usr/share/dotnet/packs/Microsoft.NETCore.App.Ref/8.0.21/ref/net8.0/System.Text.Encoding.dll".
             Reference found at search path location "{RawFileName}".
             This reference is not "CopyLocal" because at least one source item had "Private" set to "false" and no source items had "Private" set to "true".
             The ImageRuntimeVersion for this reference is "".
         Primary reference "System.Text.Encodings.Web, Version=8.0.0.0, Culture=neutral, PublicKeyToken=cc7b13ffcd2ddd51".
             Resolved file path is "/usr/share/dotnet/packs/Microsoft.NETCore.App.Ref/8.0.21/ref/net8.0/System.Text.Encodings.Web.dll".
             Reference found at search path location "{RawFileName}".
             This reference is not "CopyLocal" because at least one source item had "Private" set to "false" and no source items had "Private" set to "true".
             The ImageRuntimeVersion for this reference is "".
         Primary reference "System.Text.Json, Version=8.0.0.0, Culture=neutral, PublicKeyToken=cc7b13ffcd2ddd51".
             Resolved file path is "/usr/share/dotnet/packs/Microsoft.NETCore.App.Ref/8.0.21/ref/net8.0/System.Text.Json.dll".
             Reference found at search path location "{RawFileName}".
             This reference is not "CopyLocal" because at least one source item had "Private" set to "false" and no source items had "Private" set to "true".
             The ImageRuntimeVersion for this reference is "".
         Primary reference "System.Text.RegularExpressions, Version=8.0.0.0, Culture=neutral, PublicKeyToken=b03f5f7f11d50a3a".
             Resolved file path is "/usr/share/dotnet/packs/Microsoft.NETCore.App.Ref/8.0.21/ref/net8.0/System.Text.RegularExpressions.dll".
             Reference found at search path location "{RawFileName}".
             This reference is not "CopyLocal" because at least one source item had "Private" set to "false" and no source items had "Private" set to "true".
             The ImageRuntimeVersion for this reference is "".
         Primary reference "System.Threading.Channels, Version=8.0.0.0, Culture=neutral, PublicKeyToken=cc7b13ffcd2ddd51".
             Resolved file path is "/usr/share/dotnet/packs/Microsoft.NETCore.App.Ref/8.0.21/ref/net8.0/System.Threading.Channels.dll".
             Reference found at search path location "{RawFileName}".
             This reference is not "CopyLocal" because at least one source item had "Private" set to "false" and no source items had "Private" set to "true".
             The ImageRuntimeVersion for this reference is "".
         Primary reference "System.Threading.Overlapped, Version=8.0.0.0, Culture=neutral, PublicKeyToken=b03f5f7f11d50a3a".
             Resolved file path is "/usr/share/dotnet/packs/Microsoft.NETCore.App.Ref/8.0.21/ref/net8.0/System.Threading.Overlapped.dll".
             Reference found at search path location "{RawFileName}".
             This reference is not "CopyLocal" because at least one source item had "Private" set to "false" and no source items had "Private" set to "true".
             The ImageRuntimeVersion for this reference is "".
         Primary reference "System.Threading.Tasks.Dataflow, Version=8.0.0.0, Culture=neutral, PublicKeyToken=b03f5f7f11d50a3a".
             Resolved file path is "/usr/share/dotnet/packs/Microsoft.NETCore.App.Ref/8.0.21/ref/net8.0/System.Threading.Tasks.Dataflow.dll".
             Reference found at search path location "{RawFileName}".
             This reference is not "CopyLocal" because at least one source item had "Private" set to "false" and no source items had "Private" set to "true".
             The ImageRuntimeVersion for this reference is "".
         Primary reference "System.Threading.Tasks.Extensions, Version=8.0.0.0, Culture=neutral, PublicKeyToken=cc7b13ffcd2ddd51".
             Resolved file path is "/usr/share/dotnet/packs/Microsoft.NETCore.App.Ref/8.0.21/ref/net8.0/System.Threading.Tasks.Extensions.dll".
             Reference found at search path location "{RawFileName}".
             This reference is not "CopyLocal" because at least one source item had "Private" set to "false" and no source items had "Private" set to "true".
             The ImageRuntimeVersion for this reference is "".
         Primary reference "System.Threading.Tasks.Parallel, Version=8.0.0.0, Culture=neutral, PublicKeyToken=b03f5f7f11d50a3a".
             Resolved file path is "/usr/share/dotnet/packs/Microsoft.NETCore.App.Ref/8.0.21/ref/net8.0/System.Threading.Tasks.Parallel.dll".
             Reference found at search path location "{RawFileName}".
             This reference is not "CopyLocal" because at least one source item had "Private" set to "false" and no source items had "Private" set to "true".
             The ImageRuntimeVersion for this reference is "".
         Primary reference "System.Threading.Tasks, Version=8.0.0.0, Culture=neutral, PublicKeyToken=b03f5f7f11d50a3a".
             Resolved file path is "/usr/share/dotnet/packs/Microsoft.NETCore.App.Ref/8.0.21/ref/net8.0/System.Threading.Tasks.dll".
             Reference found at search path location "{RawFileName}".
             This reference is not "CopyLocal" because at least one source item had "Private" set to "false" and no source items had "Private" set to "true".
             The ImageRuntimeVersion for this reference is "".
         Primary reference "System.Threading.Thread, Version=8.0.0.0, Culture=neutral, PublicKeyToken=b03f5f7f11d50a3a".
             Resolved file path is "/usr/share/dotnet/packs/Microsoft.NETCore.App.Ref/8.0.21/ref/net8.0/System.Threading.Thread.dll".
             Reference found at search path location "{RawFileName}".
             This reference is not "CopyLocal" because at least one source item had "Private" set to "false" and no source items had "Private" set to "true".
             The ImageRuntimeVersion for this reference is "".
         Primary reference "System.Threading.ThreadPool, Version=8.0.0.0, Culture=neutral, PublicKeyToken=b03f5f7f11d50a3a".
             Resolved file path is "/usr/share/dotnet/packs/Microsoft.NETCore.App.Ref/8.0.21/ref/net8.0/System.Threading.ThreadPool.dll".
             Reference found at search path location "{RawFileName}".
             This reference is not "CopyLocal" because at least one source item had "Private" set to "false" and no source items had "Private" set to "true".
             The ImageRuntimeVersion for this reference is "".
         Primary reference "System.Threading.Timer, Version=8.0.0.0, Culture=neutral, PublicKeyToken=b03f5f7f11d50a3a".
             Resolved file path is "/usr/share/dotnet/packs/Microsoft.NETCore.App.Ref/8.0.21/ref/net8.0/System.Threading.Timer.dll".
             Reference found at search path location "{RawFileName}".
             This reference is not "CopyLocal" because at least one source item had "Private" set to "false" and no source items had "Private" set to "true".
             The ImageRuntimeVersion for this reference is "".
         Primary reference "System.Threading, Version=8.0.0.0, Culture=neutral, PublicKeyToken=b03f5f7f11d50a3a".
             Resolved file path is "/usr/share/dotnet/packs/Microsoft.NETCore.App.Ref/8.0.21/ref/net8.0/System.Threading.dll".
             Reference found at search path location "{RawFileName}".
             This reference is not "CopyLocal" because at least one source item had "Private" set to "false" and no source items had "Private" set to "true".
             The ImageRuntimeVersion for this reference is "".
         Primary reference "System.Transactions.Local, Version=8.0.0.0, Culture=neutral, PublicKeyToken=cc7b13ffcd2ddd51".
             Resolved file path is "/usr/share/dotnet/packs/Microsoft.NETCore.App.Ref/8.0.21/ref/net8.0/System.Transactions.Local.dll".
             Reference found at search path location "{RawFileName}".
             This reference is not "CopyLocal" because at least one source item had "Private" set to "false" and no source items had "Private" set to "true".
             The ImageRuntimeVersion for this reference is "".
         Primary reference "System.Transactions, Version=4.0.0.0, Culture=neutral, PublicKeyToken=b77a5c561934e089".
             Resolved file path is "/usr/share/dotnet/packs/Microsoft.NETCore.App.Ref/8.0.21/ref/net8.0/System.Transactions.dll".
             Reference found at search path location "{RawFileName}".
             This reference is not "CopyLocal" because at least one source item had "Private" set to "false" and no source items had "Private" set to "true".
             The ImageRuntimeVersion for this reference is "".
         Primary reference "System.ValueTuple, Version=8.0.0.0, Culture=neutral, PublicKeyToken=cc7b13ffcd2ddd51".
             Resolved file path is "/usr/share/dotnet/packs/Microsoft.NETCore.App.Ref/8.0.21/ref/net8.0/System.ValueTuple.dll".
             Reference found at search path location "{RawFileName}".
             This reference is not "CopyLocal" because at least one source item had "Private" set to "false" and no source items had "Private" set to "true".
             The ImageRuntimeVersion for this reference is "".
         Primary reference "System.Web.HttpUtility, Version=8.0.0.0, Culture=neutral, PublicKeyToken=cc7b13ffcd2ddd51".
             Resolved file path is "/usr/share/dotnet/packs/Microsoft.NETCore.App.Ref/8.0.21/ref/net8.0/System.Web.HttpUtility.dll".
             Reference found at search path location "{RawFileName}".
             This reference is not "CopyLocal" because at least one source item had "Private" set to "false" and no source items had "Private" set to "true".
             The ImageRuntimeVersion for this reference is "".
         Primary reference "System.Web, Version=4.0.0.0, Culture=neutral, PublicKeyToken=b03f5f7f11d50a3a".
             Resolved file path is "/usr/share/dotnet/packs/Microsoft.NETCore.App.Ref/8.0.21/ref/net8.0/System.Web.dll".
             Reference found at search path location "{RawFileName}".
             This reference is not "CopyLocal" because at least one source item had "Private" set to "false" and no source items had "Private" set to "true".
             The ImageRuntimeVersion for this reference is "".
         Primary reference "System.Windows, Version=4.0.0.0, Culture=neutral, PublicKeyToken=b03f5f7f11d50a3a".
             Resolved file path is "/usr/share/dotnet/packs/Microsoft.NETCore.App.Ref/8.0.21/ref/net8.0/System.Windows.dll".
             Reference found at search path location "{RawFileName}".
             This reference is not "CopyLocal" because at least one source item had "Private" set to "false" and no source items had "Private" set to "true".
             The ImageRuntimeVersion for this reference is "".
         Primary reference "System.Xml.Linq, Version=4.0.0.0, Culture=neutral, PublicKeyToken=b77a5c561934e089".
             Resolved file path is "/usr/share/dotnet/packs/Microsoft.NETCore.App.Ref/8.0.21/ref/net8.0/System.Xml.Linq.dll".
             Reference found at search path location "{RawFileName}".
             This reference is not "CopyLocal" because at least one source item had "Private" set to "false" and no source items had "Private" set to "true".
             The ImageRuntimeVersion for this reference is "".
         Primary reference "System.Xml.ReaderWriter, Version=8.0.0.0, Culture=neutral, PublicKeyToken=b03f5f7f11d50a3a".
             Resolved file path is "/usr/share/dotnet/packs/Microsoft.NETCore.App.Ref/8.0.21/ref/net8.0/System.Xml.ReaderWriter.dll".
             Reference found at search path location "{RawFileName}".
             This reference is not "CopyLocal" because at least one source item had "Private" set to "false" and no source items had "Private" set to "true".
             The ImageRuntimeVersion for this reference is "".
         Primary reference "System.Xml.Serialization, Version=4.0.0.0, Culture=neutral, PublicKeyToken=b77a5c561934e089".
             Resolved file path is "/usr/share/dotnet/packs/Microsoft.NETCore.App.Ref/8.0.21/ref/net8.0/System.Xml.Serialization.dll".
             Reference found at search path location "{RawFileName}".
             This reference is not "CopyLocal" because at least one source item had "Private" set to "false" and no source items had "Private" set to "true".
             The ImageRuntimeVersion for this reference is "".
         Primary reference "System.Xml.XDocument, Version=8.0.0.0, Culture=neutral, PublicKeyToken=b03f5f7f11d50a3a".
             Resolved file path is "/usr/share/dotnet/packs/Microsoft.NETCore.App.Ref/8.0.21/ref/net8.0/System.Xml.XDocument.dll".
             Reference found at search path location "{RawFileName}".
             This reference is not "CopyLocal" because at least one source item had "Private" set to "false" and no source items had "Private" set to "true".
             The ImageRuntimeVersion for this reference is "".
         Primary reference "System.Xml.XPath.XDocument, Version=8.0.0.0, Culture=neutral, PublicKeyToken=b03f5f7f11d50a3a".
             Resolved file path is "/usr/share/dotnet/packs/Microsoft.NETCore.App.Ref/8.0.21/ref/net8.0/System.Xml.XPath.XDocument.dll".
             Reference found at search path location "{RawFileName}".
             This reference is not "CopyLocal" because at least one source item had "Private" set to "false" and no source items had "Private" set to "true".
             The ImageRuntimeVersion for this reference is "".
         Primary reference "System.Xml.XPath, Version=8.0.0.0, Culture=neutral, PublicKeyToken=b03f5f7f11d50a3a".
             Resolved file path is "/usr/share/dotnet/packs/Microsoft.NETCore.App.Ref/8.0.21/ref/net8.0/System.Xml.XPath.dll".
             Reference found at search path location "{RawFileName}".
             This reference is not "CopyLocal" because at least one source item had "Private" set to "false" and no source items had "Private" set to "true".
             The ImageRuntimeVersion for this reference is "".
         Primary reference "System.Xml.XmlDocument, Version=8.0.0.0, Culture=neutral, PublicKeyToken=b03f5f7f11d50a3a".
             Resolved file path is "/usr/share/dotnet/packs/Microsoft.NETCore.App.Ref/8.0.21/ref/net8.0/System.Xml.XmlDocument.dll".
             Reference found at search path location "{RawFileName}".
             This reference is not "CopyLocal" because at least one source item had "Private" set to "false" and no source items had "Private" set to "true".
             The ImageRuntimeVersion for this reference is "".
         Primary reference "System.Xml.XmlSerializer, Version=8.0.0.0, Culture=neutral, PublicKeyToken=b03f5f7f11d50a3a".
             Resolved file path is "/usr/share/dotnet/packs/Microsoft.NETCore.App.Ref/8.0.21/ref/net8.0/System.Xml.XmlSerializer.dll".
             Reference found at search path location "{RawFileName}".
             This reference is not "CopyLocal" because at least one source item had "Private" set to "false" and no source items had "Private" set to "true".
             The ImageRuntimeVersion for this reference is "".
         Primary reference "System.Xml, Version=4.0.0.0, Culture=neutral, PublicKeyToken=b77a5c561934e089".
             Resolved file path is "/usr/share/dotnet/packs/Microsoft.NETCore.App.Ref/8.0.21/ref/net8.0/System.Xml.dll".
             Reference found at search path location "{RawFileName}".
             This reference is not "CopyLocal" because at least one source item had "Private" set to "false" and no source items had "Private" set to "true".
             The ImageRuntimeVersion for this reference is "".
         Primary reference "System, Version=4.0.0.0, Culture=neutral, PublicKeyToken=b77a5c561934e089".
             Resolved file path is "/usr/share/dotnet/packs/Microsoft.NETCore.App.Ref/8.0.21/ref/net8.0/System.dll".
             Reference found at search path location "{RawFileName}".
             This reference is not "CopyLocal" because at least one source item had "Private" set to "false" and no source items had "Private" set to "true".
             The ImageRuntimeVersion for this reference is "".
         Primary reference "WindowsBase, Version=4.0.0.0, Culture=neutral, PublicKeyToken=31bf3856ad364e35".
             Resolved file path is "/usr/share/dotnet/packs/Microsoft.NETCore.App.Ref/8.0.21/ref/net8.0/WindowsBase.dll".
             Reference found at search path location "{RawFileName}".
             This reference is not "CopyLocal" because at least one source item had "Private" set to "false" and no source items had "Private" set to "true".
             The ImageRuntimeVersion for this reference is "".
         Primary reference "mscorlib, Version=4.0.0.0, Culture=neutral, PublicKeyToken=b77a5c561934e089".
             Resolved file path is "/usr/share/dotnet/packs/Microsoft.NETCore.App.Ref/8.0.21/ref/net8.0/mscorlib.dll".
             Reference found at search path location "{RawFileName}".
             This reference is not "CopyLocal" because at least one source item had "Private" set to "false" and no source items had "Private" set to "true".
             The ImageRuntimeVersion for this reference is "".
         Primary reference "netstandard, Version=2.1.0.0, Culture=neutral, PublicKeyToken=cc7b13ffcd2ddd51".
             Resolved file path is "/usr/share/dotnet/packs/Microsoft.NETCore.App.Ref/8.0.21/ref/net8.0/netstandard.dll".
             Reference found at search path location "{RawFileName}".
             This reference is not "CopyLocal" because at least one source item had "Private" set to "false" and no source items had "Private" set to "true".
             The ImageRuntimeVersion for this reference is "".
         Primary reference "Microsoft.AspNetCore.Antiforgery, Version=8.0.0.0, Culture=neutral, PublicKeyToken=adb9793829ddae60".
             Resolved file path is "/usr/share/dotnet/packs/Microsoft.AspNetCore.App.Ref/8.0.21/ref/net8.0/Microsoft.AspNetCore.Antiforgery.dll".
             Reference found at search path location "{RawFileName}".
             This reference is not "CopyLocal" because at least one source item had "Private" set to "false" and no source items had "Private" set to "true".
             The ImageRuntimeVersion for this reference is "".
         Primary reference "Microsoft.AspNetCore.Authentication.Abstractions, Version=8.0.0.0, Culture=neutral, PublicKeyToken=adb9793829ddae60".
             Resolved file path is "/usr/share/dotnet/packs/Microsoft.AspNetCore.App.Ref/8.0.21/ref/net8.0/Microsoft.AspNetCore.Authentication.Abstractions.dll".
             Reference found at search path location "{RawFileName}".
             This reference is not "CopyLocal" because at least one source item had "Private" set to "false" and no source items had "Private" set to "true".
             The ImageRuntimeVersion for this reference is "".
         Primary reference "Microsoft.AspNetCore.Authentication.BearerToken, Version=8.0.0.0, Culture=neutral, PublicKeyToken=adb9793829ddae60".
             Resolved file path is "/usr/share/dotnet/packs/Microsoft.AspNetCore.App.Ref/8.0.21/ref/net8.0/Microsoft.AspNetCore.Authentication.BearerToken.dll".
             Reference found at search path location "{RawFileName}".
             This reference is not "CopyLocal" because at least one source item had "Private" set to "false" and no source items had "Private" set to "true".
             The ImageRuntimeVersion for this reference is "".
         Primary reference "Microsoft.AspNetCore.Authentication.Cookies, Version=8.0.0.0, Culture=neutral, PublicKeyToken=adb9793829ddae60".
             Resolved file path is "/usr/share/dotnet/packs/Microsoft.AspNetCore.App.Ref/8.0.21/ref/net8.0/Microsoft.AspNetCore.Authentication.Cookies.dll".
             Reference found at search path location "{RawFileName}".
             This reference is not "CopyLocal" because at least one source item had "Private" set to "false" and no source items had "Private" set to "true".
             The ImageRuntimeVersion for this reference is "".
         Primary reference "Microsoft.AspNetCore.Authentication.Core, Version=8.0.0.0, Culture=neutral, PublicKeyToken=adb9793829ddae60".
             Resolved file path is "/usr/share/dotnet/packs/Microsoft.AspNetCore.App.Ref/8.0.21/ref/net8.0/Microsoft.AspNetCore.Authentication.Core.dll".
             Reference found at search path location "{RawFileName}".
             This reference is not "CopyLocal" because at least one source item had "Private" set to "false" and no source items had "Private" set to "true".
             The ImageRuntimeVersion for this reference is "".
         Primary reference "Microsoft.AspNetCore.Authentication.OAuth, Version=8.0.0.0, Culture=neutral, PublicKeyToken=adb9793829ddae60".
             Resolved file path is "/usr/share/dotnet/packs/Microsoft.AspNetCore.App.Ref/8.0.21/ref/net8.0/Microsoft.AspNetCore.Authentication.OAuth.dll".
             Reference found at search path location "{RawFileName}".
             This reference is not "CopyLocal" because at least one source item had "Private" set to "false" and no source items had "Private" set to "true".
             The ImageRuntimeVersion for this reference is "".
         Primary reference "Microsoft.AspNetCore.Authentication, Version=8.0.0.0, Culture=neutral, PublicKeyToken=adb9793829ddae60".
             Resolved file path is "/usr/share/dotnet/packs/Microsoft.AspNetCore.App.Ref/8.0.21/ref/net8.0/Microsoft.AspNetCore.Authentication.dll".
             Reference found at search path location "{RawFileName}".
             This reference is not "CopyLocal" because at least one source item had "Private" set to "false" and no source items had "Private" set to "true".
             The ImageRuntimeVersion for this reference is "".
         Primary reference "Microsoft.AspNetCore.Authorization.Policy, Version=8.0.0.0, Culture=neutral, PublicKeyToken=adb9793829ddae60".
             Resolved file path is "/usr/share/dotnet/packs/Microsoft.AspNetCore.App.Ref/8.0.21/ref/net8.0/Microsoft.AspNetCore.Authorization.Policy.dll".
             Reference found at search path location "{RawFileName}".
             This reference is not "CopyLocal" because at least one source item had "Private" set to "false" and no source items had "Private" set to "true".
             The ImageRuntimeVersion for this reference is "".
         Primary reference "Microsoft.AspNetCore.Authorization, Version=8.0.0.0, Culture=neutral, PublicKeyToken=adb9793829ddae60".
             Resolved file path is "/usr/share/dotnet/packs/Microsoft.AspNetCore.App.Ref/8.0.21/ref/net8.0/Microsoft.AspNetCore.Authorization.dll".
             Reference found at search path location "{RawFileName}".
             This reference is not "CopyLocal" because at least one source item had "Private" set to "false" and no source items had "Private" set to "true".
             The ImageRuntimeVersion for this reference is "".
         Primary reference "Microsoft.AspNetCore.Components.Authorization, Version=8.0.0.0, Culture=neutral, PublicKeyToken=adb9793829ddae60".
             Resolved file path is "/usr/share/dotnet/packs/Microsoft.AspNetCore.App.Ref/8.0.21/ref/net8.0/Microsoft.AspNetCore.Components.Authorization.dll".
             Reference found at search path location "{RawFileName}".
             This reference is not "CopyLocal" because at least one source item had "Private" set to "false" and no source items had "Private" set to "true".
             The ImageRuntimeVersion for this reference is "".
         Primary reference "Microsoft.AspNetCore.Components.Endpoints, Version=8.0.0.0, Culture=neutral, PublicKeyToken=adb9793829ddae60".
             Resolved file path is "/usr/share/dotnet/packs/Microsoft.AspNetCore.App.Ref/8.0.21/ref/net8.0/Microsoft.AspNetCore.Components.Endpoints.dll".
             Reference found at search path location "{RawFileName}".
             This reference is not "CopyLocal" because at least one source item had "Private" set to "false" and no source items had "Private" set to "true".
             The ImageRuntimeVersion for this reference is "".
         Primary reference "Microsoft.AspNetCore.Components.Forms, Version=8.0.0.0, Culture=neutral, PublicKeyToken=adb9793829ddae60".
             Resolved file path is "/usr/share/dotnet/packs/Microsoft.AspNetCore.App.Ref/8.0.21/ref/net8.0/Microsoft.AspNetCore.Components.Forms.dll".
             Reference found at search path location "{RawFileName}".
             This reference is not "CopyLocal" because at least one source item had "Private" set to "false" and no source items had "Private" set to "true".
             The ImageRuntimeVersion for this reference is "".
         Primary reference "Microsoft.AspNetCore.Components.Server, Version=8.0.0.0, Culture=neutral, PublicKeyToken=adb9793829ddae60".
             Resolved file path is "/usr/share/dotnet/packs/Microsoft.AspNetCore.App.Ref/8.0.21/ref/net8.0/Microsoft.AspNetCore.Components.Server.dll".
             Reference found at search path location "{RawFileName}".
             This reference is not "CopyLocal" because at least one source item had "Private" set to "false" and no source items had "Private" set to "true".
             The ImageRuntimeVersion for this reference is "".
         Primary reference "Microsoft.AspNetCore.Components.Web, Version=8.0.0.0, Culture=neutral, PublicKeyToken=adb9793829ddae60".
             Resolved file path is "/usr/share/dotnet/packs/Microsoft.AspNetCore.App.Ref/8.0.21/ref/net8.0/Microsoft.AspNetCore.Components.Web.dll".
             Reference found at search path location "{RawFileName}".
             This reference is not "CopyLocal" because at least one source item had "Private" set to "false" and no source items had "Private" set to "true".
             The ImageRuntimeVersion for this reference is "".
         Primary reference "Microsoft.AspNetCore.Components, Version=8.0.0.0, Culture=neutral, PublicKeyToken=adb9793829ddae60".
             Resolved file path is "/usr/share/dotnet/packs/Microsoft.AspNetCore.App.Ref/8.0.21/ref/net8.0/Microsoft.AspNetCore.Components.dll".
             Reference found at search path location "{RawFileName}".
             This reference is not "CopyLocal" because at least one source item had "Private" set to "false" and no source items had "Private" set to "true".
             The ImageRuntimeVersion for this reference is "".
         Primary reference "Microsoft.AspNetCore.Connections.Abstractions, Version=8.0.0.0, Culture=neutral, PublicKeyToken=adb9793829ddae60".
             Resolved file path is "/usr/share/dotnet/packs/Microsoft.AspNetCore.App.Ref/8.0.21/ref/net8.0/Microsoft.AspNetCore.Connections.Abstractions.dll".
             Reference found at search path location "{RawFileName}".
             This reference is not "CopyLocal" because at least one source item had "Private" set to "false" and no source items had "Private" set to "true".
             The ImageRuntimeVersion for this reference is "".
         Primary reference "Microsoft.AspNetCore.CookiePolicy, Version=8.0.0.0, Culture=neutral, PublicKeyToken=adb9793829ddae60".
             Resolved file path is "/usr/share/dotnet/packs/Microsoft.AspNetCore.App.Ref/8.0.21/ref/net8.0/Microsoft.AspNetCore.CookiePolicy.dll".
             Reference found at search path location "{RawFileName}".
             This reference is not "CopyLocal" because at least one source item had "Private" set to "false" and no source items had "Private" set to "true".
             The ImageRuntimeVersion for this reference is "".
         Primary reference "Microsoft.AspNetCore.Cors, Version=8.0.0.0, Culture=neutral, PublicKeyToken=adb9793829ddae60".
             Resolved file path is "/usr/share/dotnet/packs/Microsoft.AspNetCore.App.Ref/8.0.21/ref/net8.0/Microsoft.AspNetCore.Cors.dll".
             Reference found at search path location "{RawFileName}".
             This reference is not "CopyLocal" because at least one source item had "Private" set to "false" and no source items had "Private" set to "true".
             The ImageRuntimeVersion for this reference is "".
         Primary reference "Microsoft.AspNetCore.Cryptography.Internal, Version=8.0.0.0, Culture=neutral, PublicKeyToken=adb9793829ddae60".
             Resolved file path is "/usr/share/dotnet/packs/Microsoft.AspNetCore.App.Ref/8.0.21/ref/net8.0/Microsoft.AspNetCore.Cryptography.Internal.dll".
             Reference found at search path location "{RawFileName}".
             This reference is not "CopyLocal" because at least one source item had "Private" set to "false" and no source items had "Private" set to "true".
             The ImageRuntimeVersion for this reference is "".
         Primary reference "Microsoft.AspNetCore.Cryptography.KeyDerivation, Version=8.0.0.0, Culture=neutral, PublicKeyToken=adb9793829ddae60".
             Resolved file path is "/usr/share/dotnet/packs/Microsoft.AspNetCore.App.Ref/8.0.21/ref/net8.0/Microsoft.AspNetCore.Cryptography.KeyDerivation.dll".
             Reference found at search path location "{RawFileName}".
             This reference is not "CopyLocal" because at least one source item had "Private" set to "false" and no source items had "Private" set to "true".
             The ImageRuntimeVersion for this reference is "".
         Primary reference "Microsoft.AspNetCore.DataProtection.Abstractions, Version=8.0.0.0, Culture=neutral, PublicKeyToken=adb9793829ddae60".
             Resolved file path is "/usr/share/dotnet/packs/Microsoft.AspNetCore.App.Ref/8.0.21/ref/net8.0/Microsoft.AspNetCore.DataProtection.Abstractions.dll".
             Reference found at search path location "{RawFileName}".
             This reference is not "CopyLocal" because at least one source item had "Private" set to "false" and no source items had "Private" set to "true".
             The ImageRuntimeVersion for this reference is "".
         Primary reference "Microsoft.AspNetCore.DataProtection.Extensions, Version=8.0.0.0, Culture=neutral, PublicKeyToken=adb9793829ddae60".
             Resolved file path is "/usr/share/dotnet/packs/Microsoft.AspNetCore.App.Ref/8.0.21/ref/net8.0/Microsoft.AspNetCore.DataProtection.Extensions.dll".
             Reference found at search path location "{RawFileName}".
             This reference is not "CopyLocal" because at least one source item had "Private" set to "false" and no source items had "Private" set to "true".
             The ImageRuntimeVersion for this reference is "".
         Primary reference "Microsoft.AspNetCore.DataProtection, Version=8.0.0.0, Culture=neutral, PublicKeyToken=adb9793829ddae60".
             Resolved file path is "/usr/share/dotnet/packs/Microsoft.AspNetCore.App.Ref/8.0.21/ref/net8.0/Microsoft.AspNetCore.DataProtection.dll".
             Reference found at search path location "{RawFileName}".
             This reference is not "CopyLocal" because at least one source item had "Private" set to "false" and no source items had "Private" set to "true".
             The ImageRuntimeVersion for this reference is "".
         Primary reference "Microsoft.AspNetCore.Diagnostics.Abstractions, Version=8.0.0.0, Culture=neutral, PublicKeyToken=adb9793829ddae60".
             Resolved file path is "/usr/share/dotnet/packs/Microsoft.AspNetCore.App.Ref/8.0.21/ref/net8.0/Microsoft.AspNetCore.Diagnostics.Abstractions.dll".
             Reference found at search path location "{RawFileName}".
             This reference is not "CopyLocal" because at least one source item had "Private" set to "false" and no source items had "Private" set to "true".
             The ImageRuntimeVersion for this reference is "".
         Primary reference "Microsoft.AspNetCore.Diagnostics.HealthChecks, Version=8.0.0.0, Culture=neutral, PublicKeyToken=adb9793829ddae60".
             Resolved file path is "/usr/share/dotnet/packs/Microsoft.AspNetCore.App.Ref/8.0.21/ref/net8.0/Microsoft.AspNetCore.Diagnostics.HealthChecks.dll".
             Reference found at search path location "{RawFileName}".
             This reference is not "CopyLocal" because at least one source item had "Private" set to "false" and no source items had "Private" set to "true".
             The ImageRuntimeVersion for this reference is "".
         Primary reference "Microsoft.AspNetCore.Diagnostics, Version=8.0.0.0, Culture=neutral, PublicKeyToken=adb9793829ddae60".
             Resolved file path is "/usr/share/dotnet/packs/Microsoft.AspNetCore.App.Ref/8.0.21/ref/net8.0/Microsoft.AspNetCore.Diagnostics.dll".
             Reference found at search path location "{RawFileName}".
             This reference is not "CopyLocal" because at least one source item had "Private" set to "false" and no source items had "Private" set to "true".
             The ImageRuntimeVersion for this reference is "".
         Primary reference "Microsoft.AspNetCore.HostFiltering, Version=8.0.0.0, Culture=neutral, PublicKeyToken=adb9793829ddae60".
             Resolved file path is "/usr/share/dotnet/packs/Microsoft.AspNetCore.App.Ref/8.0.21/ref/net8.0/Microsoft.AspNetCore.HostFiltering.dll".
             Reference found at search path location "{RawFileName}".
             This reference is not "CopyLocal" because at least one source item had "Private" set to "false" and no source items had "Private" set to "true".
             The ImageRuntimeVersion for this reference is "".
         Primary reference "Microsoft.AspNetCore.Hosting.Abstractions, Version=8.0.0.0, Culture=neutral, PublicKeyToken=adb9793829ddae60".
             Resolved file path is "/usr/share/dotnet/packs/Microsoft.AspNetCore.App.Ref/8.0.21/ref/net8.0/Microsoft.AspNetCore.Hosting.Abstractions.dll".
             Reference found at search path location "{RawFileName}".
             This reference is not "CopyLocal" because at least one source item had "Private" set to "false" and no source items had "Private" set to "true".
             The ImageRuntimeVersion for this reference is "".
         Primary reference "Microsoft.AspNetCore.Hosting.Server.Abstractions, Version=8.0.0.0, Culture=neutral, PublicKeyToken=adb9793829ddae60".
             Resolved file path is "/usr/share/dotnet/packs/Microsoft.AspNetCore.App.Ref/8.0.21/ref/net8.0/Microsoft.AspNetCore.Hosting.Server.Abstractions.dll".
             Reference found at search path location "{RawFileName}".
             This reference is not "CopyLocal" because at least one source item had "Private" set to "false" and no source items had "Private" set to "true".
             The ImageRuntimeVersion for this reference is "".
         Primary reference "Microsoft.AspNetCore.Hosting, Version=8.0.0.0, Culture=neutral, PublicKeyToken=adb9793829ddae60".
             Resolved file path is "/usr/share/dotnet/packs/Microsoft.AspNetCore.App.Ref/8.0.21/ref/net8.0/Microsoft.AspNetCore.Hosting.dll".
             Reference found at search path location "{RawFileName}".
             This reference is not "CopyLocal" because at least one source item had "Private" set to "false" and no source items had "Private" set to "true".
             The ImageRuntimeVersion for this reference is "".
         Primary reference "Microsoft.AspNetCore.Html.Abstractions, Version=8.0.0.0, Culture=neutral, PublicKeyToken=adb9793829ddae60".
             Resolved file path is "/usr/share/dotnet/packs/Microsoft.AspNetCore.App.Ref/8.0.21/ref/net8.0/Microsoft.AspNetCore.Html.Abstractions.dll".
             Reference found at search path location "{RawFileName}".
             This reference is not "CopyLocal" because at least one source item had "Private" set to "false" and no source items had "Private" set to "true".
             The ImageRuntimeVersion for this reference is "".
         Unified primary reference "Microsoft.AspNetCore.Http.Abstractions, Version=8.0.0.0, Culture=neutral, PublicKeyToken=adb9793829ddae60".
             Using this version instead of original version "2.2.0.0" in "/home/saidul/Desktop/K-Chief Marine Automation Platform/src/KChief.Platform.Core/bin/Release/net8.0/KChief.Platform.Core.dll" because AutoUnify is 'true'.
             Resolved file path is "/usr/share/dotnet/packs/Microsoft.AspNetCore.App.Ref/8.0.21/ref/net8.0/Microsoft.AspNetCore.Http.Abstractions.dll".
             Reference found at search path location "{RawFileName}".
             This reference is not "CopyLocal" because at least one source item had "Private" set to "false" and no source items had "Private" set to "true".
             The ImageRuntimeVersion for this reference is "".
         Primary reference "Microsoft.AspNetCore.Http.Connections.Common, Version=8.0.0.0, Culture=neutral, PublicKeyToken=adb9793829ddae60".
             Resolved file path is "/usr/share/dotnet/packs/Microsoft.AspNetCore.App.Ref/8.0.21/ref/net8.0/Microsoft.AspNetCore.Http.Connections.Common.dll".
             Reference found at search path location "{RawFileName}".
             This reference is not "CopyLocal" because at least one source item had "Private" set to "false" and no source items had "Private" set to "true".
             The ImageRuntimeVersion for this reference is "".
         Primary reference "Microsoft.AspNetCore.Http.Connections, Version=8.0.0.0, Culture=neutral, PublicKeyToken=adb9793829ddae60".
             Resolved file path is "/usr/share/dotnet/packs/Microsoft.AspNetCore.App.Ref/8.0.21/ref/net8.0/Microsoft.AspNetCore.Http.Connections.dll".
             Reference found at search path location "{RawFileName}".
             This reference is not "CopyLocal" because at least one source item had "Private" set to "false" and no source items had "Private" set to "true".
             The ImageRuntimeVersion for this reference is "".
         Primary reference "Microsoft.AspNetCore.Http.Extensions, Version=8.0.0.0, Culture=neutral, PublicKeyToken=adb9793829ddae60".
             Resolved file path is "/usr/share/dotnet/packs/Microsoft.AspNetCore.App.Ref/8.0.21/ref/net8.0/Microsoft.AspNetCore.Http.Extensions.dll".
             Reference found at search path location "{RawFileName}".
             This reference is not "CopyLocal" because at least one source item had "Private" set to "false" and no source items had "Private" set to "true".
             The ImageRuntimeVersion for this reference is "".
         Unified primary reference "Microsoft.AspNetCore.Http.Features, Version=8.0.0.0, Culture=neutral, PublicKeyToken=adb9793829ddae60".
             Using this version instead of original version "2.2.0.0" in "/home/saidul/Desktop/K-Chief Marine Automation Platform/src/KChief.Platform.Core/bin/Release/net8.0/KChief.Platform.Core.dll" because AutoUnify is 'true'.
             Resolved file path is "/usr/share/dotnet/packs/Microsoft.AspNetCore.App.Ref/8.0.21/ref/net8.0/Microsoft.AspNetCore.Http.Features.dll".
             Reference found at search path location "{RawFileName}".
             This reference is not "CopyLocal" because at least one source item had "Private" set to "false" and no source items had "Private" set to "true".
             The ImageRuntimeVersion for this reference is "".
         Primary reference "Microsoft.AspNetCore.Http.Results, Version=8.0.0.0, Culture=neutral, PublicKeyToken=adb9793829ddae60".
             Resolved file path is "/usr/share/dotnet/packs/Microsoft.AspNetCore.App.Ref/8.0.21/ref/net8.0/Microsoft.AspNetCore.Http.Results.dll".
             Reference found at search path location "{RawFileName}".
             This reference is not "CopyLocal" because at least one source item had "Private" set to "false" and no source items had "Private" set to "true".
             The ImageRuntimeVersion for this reference is "".
         Primary reference "Microsoft.AspNetCore.Http, Version=8.0.0.0, Culture=neutral, PublicKeyToken=adb9793829ddae60".
             Resolved file path is "/usr/share/dotnet/packs/Microsoft.AspNetCore.App.Ref/8.0.21/ref/net8.0/Microsoft.AspNetCore.Http.dll".
             Reference found at search path location "{RawFileName}".
             This reference is not "CopyLocal" because at least one source item had "Private" set to "false" and no source items had "Private" set to "true".
             The ImageRuntimeVersion for this reference is "".
         Primary reference "Microsoft.AspNetCore.HttpLogging, Version=8.0.0.0, Culture=neutral, PublicKeyToken=adb9793829ddae60".
             Resolved file path is "/usr/share/dotnet/packs/Microsoft.AspNetCore.App.Ref/8.0.21/ref/net8.0/Microsoft.AspNetCore.HttpLogging.dll".
             Reference found at search path location "{RawFileName}".
             This reference is not "CopyLocal" because at least one source item had "Private" set to "false" and no source items had "Private" set to "true".
             The ImageRuntimeVersion for this reference is "".
         Primary reference "Microsoft.AspNetCore.HttpOverrides, Version=8.0.0.0, Culture=neutral, PublicKeyToken=adb9793829ddae60".
             Resolved file path is "/usr/share/dotnet/packs/Microsoft.AspNetCore.App.Ref/8.0.21/ref/net8.0/Microsoft.AspNetCore.HttpOverrides.dll".
             Reference found at search path location "{RawFileName}".
             This reference is not "CopyLocal" because at least one source item had "Private" set to "false" and no source items had "Private" set to "true".
             The ImageRuntimeVersion for this reference is "".
         Primary reference "Microsoft.AspNetCore.HttpsPolicy, Version=8.0.0.0, Culture=neutral, PublicKeyToken=adb9793829ddae60".
             Resolved file path is "/usr/share/dotnet/packs/Microsoft.AspNetCore.App.Ref/8.0.21/ref/net8.0/Microsoft.AspNetCore.HttpsPolicy.dll".
             Reference found at search path location "{RawFileName}".
             This reference is not "CopyLocal" because at least one source item had "Private" set to "false" and no source items had "Private" set to "true".
             The ImageRuntimeVersion for this reference is "".
         Primary reference "Microsoft.AspNetCore.Identity, Version=8.0.0.0, Culture=neutral, PublicKeyToken=adb9793829ddae60".
             Resolved file path is "/usr/share/dotnet/packs/Microsoft.AspNetCore.App.Ref/8.0.21/ref/net8.0/Microsoft.AspNetCore.Identity.dll".
             Reference found at search path location "{RawFileName}".
             This reference is not "CopyLocal" because at least one source item had "Private" set to "false" and no source items had "Private" set to "true".
             The ImageRuntimeVersion for this reference is "".
         Primary reference "Microsoft.AspNetCore.Localization.Routing, Version=8.0.0.0, Culture=neutral, PublicKeyToken=adb9793829ddae60".
             Resolved file path is "/usr/share/dotnet/packs/Microsoft.AspNetCore.App.Ref/8.0.21/ref/net8.0/Microsoft.AspNetCore.Localization.Routing.dll".
             Reference found at search path location "{RawFileName}".
             This reference is not "CopyLocal" because at least one source item had "Private" set to "false" and no source items had "Private" set to "true".
             The ImageRuntimeVersion for this reference is "".
         Primary reference "Microsoft.AspNetCore.Localization, Version=8.0.0.0, Culture=neutral, PublicKeyToken=adb9793829ddae60".
             Resolved file path is "/usr/share/dotnet/packs/Microsoft.AspNetCore.App.Ref/8.0.21/ref/net8.0/Microsoft.AspNetCore.Localization.dll".
             Reference found at search path location "{RawFileName}".
             This reference is not "CopyLocal" because at least one source item had "Private" set to "false" and no source items had "Private" set to "true".
             The ImageRuntimeVersion for this reference is "".
         Primary reference "Microsoft.AspNetCore.Metadata, Version=8.0.0.0, Culture=neutral, PublicKeyToken=adb9793829ddae60".
             Resolved file path is "/usr/share/dotnet/packs/Microsoft.AspNetCore.App.Ref/8.0.21/ref/net8.0/Microsoft.AspNetCore.Metadata.dll".
             Reference found at search path location "{RawFileName}".
             This reference is not "CopyLocal" because at least one source item had "Private" set to "false" and no source items had "Private" set to "true".
             The ImageRuntimeVersion for this reference is "".
         Primary reference "Microsoft.AspNetCore.Mvc.Abstractions, Version=8.0.0.0, Culture=neutral, PublicKeyToken=adb9793829ddae60".
             Resolved file path is "/usr/share/dotnet/packs/Microsoft.AspNetCore.App.Ref/8.0.21/ref/net8.0/Microsoft.AspNetCore.Mvc.Abstractions.dll".
             Reference found at search path location "{RawFileName}".
             This reference is not "CopyLocal" because at least one source item had "Private" set to "false" and no source items had "Private" set to "true".
             The ImageRuntimeVersion for this reference is "".
         Primary reference "Microsoft.AspNetCore.Mvc.ApiExplorer, Version=8.0.0.0, Culture=neutral, PublicKeyToken=adb9793829ddae60".
             Resolved file path is "/usr/share/dotnet/packs/Microsoft.AspNetCore.App.Ref/8.0.21/ref/net8.0/Microsoft.AspNetCore.Mvc.ApiExplorer.dll".
             Reference found at search path location "{RawFileName}".
             This reference is not "CopyLocal" because at least one source item had "Private" set to "false" and no source items had "Private" set to "true".
             The ImageRuntimeVersion for this reference is "".
         Primary reference "Microsoft.AspNetCore.Mvc.Core, Version=8.0.0.0, Culture=neutral, PublicKeyToken=adb9793829ddae60".
             Resolved file path is "/usr/share/dotnet/packs/Microsoft.AspNetCore.App.Ref/8.0.21/ref/net8.0/Microsoft.AspNetCore.Mvc.Core.dll".
             Reference found at search path location "{RawFileName}".
             This reference is not "CopyLocal" because at least one source item had "Private" set to "false" and no source items had "Private" set to "true".
             The ImageRuntimeVersion for this reference is "".
         Primary reference "Microsoft.AspNetCore.Mvc.Cors, Version=8.0.0.0, Culture=neutral, PublicKeyToken=adb9793829ddae60".
             Resolved file path is "/usr/share/dotnet/packs/Microsoft.AspNetCore.App.Ref/8.0.21/ref/net8.0/Microsoft.AspNetCore.Mvc.Cors.dll".
             Reference found at search path location "{RawFileName}".
             This reference is not "CopyLocal" because at least one source item had "Private" set to "false" and no source items had "Private" set to "true".
             The ImageRuntimeVersion for this reference is "".
         Primary reference "Microsoft.AspNetCore.Mvc.DataAnnotations, Version=8.0.0.0, Culture=neutral, PublicKeyToken=adb9793829ddae60".
             Resolved file path is "/usr/share/dotnet/packs/Microsoft.AspNetCore.App.Ref/8.0.21/ref/net8.0/Microsoft.AspNetCore.Mvc.DataAnnotations.dll".
             Reference found at search path location "{RawFileName}".
             This reference is not "CopyLocal" because at least one source item had "Private" set to "false" and no source items had "Private" set to "true".
             The ImageRuntimeVersion for this reference is "".
         Primary reference "Microsoft.AspNetCore.Mvc.Formatters.Json, Version=8.0.0.0, Culture=neutral, PublicKeyToken=adb9793829ddae60".
             Resolved file path is "/usr/share/dotnet/packs/Microsoft.AspNetCore.App.Ref/8.0.21/ref/net8.0/Microsoft.AspNetCore.Mvc.Formatters.Json.dll".
             Reference found at search path location "{RawFileName}".
             This reference is not "CopyLocal" because at least one source item had "Private" set to "false" and no source items had "Private" set to "true".
             The ImageRuntimeVersion for this reference is "".
         Primary reference "Microsoft.AspNetCore.Mvc.Formatters.Xml, Version=8.0.0.0, Culture=neutral, PublicKeyToken=adb9793829ddae60".
             Resolved file path is "/usr/share/dotnet/packs/Microsoft.AspNetCore.App.Ref/8.0.21/ref/net8.0/Microsoft.AspNetCore.Mvc.Formatters.Xml.dll".
             Reference found at search path location "{RawFileName}".
             This reference is not "CopyLocal" because at least one source item had "Private" set to "false" and no source items had "Private" set to "true".
             The ImageRuntimeVersion for this reference is "".
         Primary reference "Microsoft.AspNetCore.Mvc.Localization, Version=8.0.0.0, Culture=neutral, PublicKeyToken=adb9793829ddae60".
             Resolved file path is "/usr/share/dotnet/packs/Microsoft.AspNetCore.App.Ref/8.0.21/ref/net8.0/Microsoft.AspNetCore.Mvc.Localization.dll".
             Reference found at search path location "{RawFileName}".
             This reference is not "CopyLocal" because at least one source item had "Private" set to "false" and no source items had "Private" set to "true".
             The ImageRuntimeVersion for this reference is "".
         Primary reference "Microsoft.AspNetCore.Mvc.Razor, Version=8.0.0.0, Culture=neutral, PublicKeyToken=adb9793829ddae60".
             Resolved file path is "/usr/share/dotnet/packs/Microsoft.AspNetCore.App.Ref/8.0.21/ref/net8.0/Microsoft.AspNetCore.Mvc.Razor.dll".
             Reference found at search path location "{RawFileName}".
             This reference is not "CopyLocal" because at least one source item had "Private" set to "false" and no source items had "Private" set to "true".
             The ImageRuntimeVersion for this reference is "".
         Primary reference "Microsoft.AspNetCore.Mvc.RazorPages, Version=8.0.0.0, Culture=neutral, PublicKeyToken=adb9793829ddae60".
             Resolved file path is "/usr/share/dotnet/packs/Microsoft.AspNetCore.App.Ref/8.0.21/ref/net8.0/Microsoft.AspNetCore.Mvc.RazorPages.dll".
             Reference found at search path location "{RawFileName}".
             This reference is not "CopyLocal" because at least one source item had "Private" set to "false" and no source items had "Private" set to "true".
             The ImageRuntimeVersion for this reference is "".
         Primary reference "Microsoft.AspNetCore.Mvc.TagHelpers, Version=8.0.0.0, Culture=neutral, PublicKeyToken=adb9793829ddae60".
             Resolved file path is "/usr/share/dotnet/packs/Microsoft.AspNetCore.App.Ref/8.0.21/ref/net8.0/Microsoft.AspNetCore.Mvc.TagHelpers.dll".
             Reference found at search path location "{RawFileName}".
             This reference is not "CopyLocal" because at least one source item had "Private" set to "false" and no source items had "Private" set to "true".
             The ImageRuntimeVersion for this reference is "".
         Primary reference "Microsoft.AspNetCore.Mvc.ViewFeatures, Version=8.0.0.0, Culture=neutral, PublicKeyToken=adb9793829ddae60".
             Resolved file path is "/usr/share/dotnet/packs/Microsoft.AspNetCore.App.Ref/8.0.21/ref/net8.0/Microsoft.AspNetCore.Mvc.ViewFeatures.dll".
             Reference found at search path location "{RawFileName}".
             This reference is not "CopyLocal" because at least one source item had "Private" set to "false" and no source items had "Private" set to "true".
             The ImageRuntimeVersion for this reference is "".
         Primary reference "Microsoft.AspNetCore.Mvc, Version=8.0.0.0, Culture=neutral, PublicKeyToken=adb9793829ddae60".
             Resolved file path is "/usr/share/dotnet/packs/Microsoft.AspNetCore.App.Ref/8.0.21/ref/net8.0/Microsoft.AspNetCore.Mvc.dll".
             Reference found at search path location "{RawFileName}".
             This reference is not "CopyLocal" because at least one source item had "Private" set to "false" and no source items had "Private" set to "true".
             The ImageRuntimeVersion for this reference is "".
         Primary reference "Microsoft.AspNetCore.OutputCaching, Version=8.0.0.0, Culture=neutral, PublicKeyToken=adb9793829ddae60".
             Resolved file path is "/usr/share/dotnet/packs/Microsoft.AspNetCore.App.Ref/8.0.21/ref/net8.0/Microsoft.AspNetCore.OutputCaching.dll".
             Reference found at search path location "{RawFileName}".
             This reference is not "CopyLocal" because at least one source item had "Private" set to "false" and no source items had "Private" set to "true".
             The ImageRuntimeVersion for this reference is "".
         Primary reference "Microsoft.AspNetCore.RateLimiting, Version=8.0.0.0, Culture=neutral, PublicKeyToken=adb9793829ddae60".
             Resolved file path is "/usr/share/dotnet/packs/Microsoft.AspNetCore.App.Ref/8.0.21/ref/net8.0/Microsoft.AspNetCore.RateLimiting.dll".
             Reference found at search path location "{RawFileName}".
             This reference is not "CopyLocal" because at least one source item had "Private" set to "false" and no source items had "Private" set to "true".
             The ImageRuntimeVersion for this reference is "".
         Primary reference "Microsoft.AspNetCore.Razor.Runtime, Version=8.0.0.0, Culture=neutral, PublicKeyToken=adb9793829ddae60".
             Resolved file path is "/usr/share/dotnet/packs/Microsoft.AspNetCore.App.Ref/8.0.21/ref/net8.0/Microsoft.AspNetCore.Razor.Runtime.dll".
             Reference found at search path location "{RawFileName}".
             This reference is not "CopyLocal" because at least one source item had "Private" set to "false" and no source items had "Private" set to "true".
             The ImageRuntimeVersion for this reference is "".
         Primary reference "Microsoft.AspNetCore.Razor, Version=8.0.0.0, Culture=neutral, PublicKeyToken=adb9793829ddae60".
             Resolved file path is "/usr/share/dotnet/packs/Microsoft.AspNetCore.App.Ref/8.0.21/ref/net8.0/Microsoft.AspNetCore.Razor.dll".
             Reference found at search path location "{RawFileName}".
             This reference is not "CopyLocal" because at least one source item had "Private" set to "false" and no source items had "Private" set to "true".
             The ImageRuntimeVersion for this reference is "".
         Primary reference "Microsoft.AspNetCore.RequestDecompression, Version=8.0.0.0, Culture=neutral, PublicKeyToken=adb9793829ddae60".
             Resolved file path is "/usr/share/dotnet/packs/Microsoft.AspNetCore.App.Ref/8.0.21/ref/net8.0/Microsoft.AspNetCore.RequestDecompression.dll".
             Reference found at search path location "{RawFileName}".
             This reference is not "CopyLocal" because at least one source item had "Private" set to "false" and no source items had "Private" set to "true".
             The ImageRuntimeVersion for this reference is "".
         Primary reference "Microsoft.AspNetCore.ResponseCaching.Abstractions, Version=8.0.0.0, Culture=neutral, PublicKeyToken=adb9793829ddae60".
             Resolved file path is "/usr/share/dotnet/packs/Microsoft.AspNetCore.App.Ref/8.0.21/ref/net8.0/Microsoft.AspNetCore.ResponseCaching.Abstractions.dll".
             Reference found at search path location "{RawFileName}".
             This reference is not "CopyLocal" because at least one source item had "Private" set to "false" and no source items had "Private" set to "true".
             The ImageRuntimeVersion for this reference is "".
         Primary reference "Microsoft.AspNetCore.ResponseCaching, Version=8.0.0.0, Culture=neutral, PublicKeyToken=adb9793829ddae60".
             Resolved file path is "/usr/share/dotnet/packs/Microsoft.AspNetCore.App.Ref/8.0.21/ref/net8.0/Microsoft.AspNetCore.ResponseCaching.dll".
             Reference found at search path location "{RawFileName}".
             This reference is not "CopyLocal" because at least one source item had "Private" set to "false" and no source items had "Private" set to "true".
             The ImageRuntimeVersion for this reference is "".
         Primary reference "Microsoft.AspNetCore.ResponseCompression, Version=8.0.0.0, Culture=neutral, PublicKeyToken=adb9793829ddae60".
             Resolved file path is "/usr/share/dotnet/packs/Microsoft.AspNetCore.App.Ref/8.0.21/ref/net8.0/Microsoft.AspNetCore.ResponseCompression.dll".
             Reference found at search path location "{RawFileName}".
             This reference is not "CopyLocal" because at least one source item had "Private" set to "false" and no source items had "Private" set to "true".
             The ImageRuntimeVersion for this reference is "".
         Primary reference "Microsoft.AspNetCore.Rewrite, Version=8.0.0.0, Culture=neutral, PublicKeyToken=adb9793829ddae60".
             Resolved file path is "/usr/share/dotnet/packs/Microsoft.AspNetCore.App.Ref/8.0.21/ref/net8.0/Microsoft.AspNetCore.Rewrite.dll".
             Reference found at search path location "{RawFileName}".
             This reference is not "CopyLocal" because at least one source item had "Private" set to "false" and no source items had "Private" set to "true".
             The ImageRuntimeVersion for this reference is "".
         Primary reference "Microsoft.AspNetCore.Routing.Abstractions, Version=8.0.0.0, Culture=neutral, PublicKeyToken=adb9793829ddae60".
             Resolved file path is "/usr/share/dotnet/packs/Microsoft.AspNetCore.App.Ref/8.0.21/ref/net8.0/Microsoft.AspNetCore.Routing.Abstractions.dll".
             Reference found at search path location "{RawFileName}".
             This reference is not "CopyLocal" because at least one source item had "Private" set to "false" and no source items had "Private" set to "true".
             The ImageRuntimeVersion for this reference is "".
         Primary reference "Microsoft.AspNetCore.Routing, Version=8.0.0.0, Culture=neutral, PublicKeyToken=adb9793829ddae60".
             Resolved file path is "/usr/share/dotnet/packs/Microsoft.AspNetCore.App.Ref/8.0.21/ref/net8.0/Microsoft.AspNetCore.Routing.dll".
             Reference found at search path location "{RawFileName}".
             This reference is not "CopyLocal" because at least one source item had "Private" set to "false" and no source items had "Private" set to "true".
             The ImageRuntimeVersion for this reference is "".
         Primary reference "Microsoft.AspNetCore.Server.HttpSys, Version=8.0.0.0, Culture=neutral, PublicKeyToken=adb9793829ddae60".
             Resolved file path is "/usr/share/dotnet/packs/Microsoft.AspNetCore.App.Ref/8.0.21/ref/net8.0/Microsoft.AspNetCore.Server.HttpSys.dll".
             Reference found at search path location "{RawFileName}".
             This reference is not "CopyLocal" because at least one source item had "Private" set to "false" and no source items had "Private" set to "true".
             The ImageRuntimeVersion for this reference is "".
         Primary reference "Microsoft.AspNetCore.Server.IIS, Version=8.0.0.0, Culture=neutral, PublicKeyToken=adb9793829ddae60".
             Resolved file path is "/usr/share/dotnet/packs/Microsoft.AspNetCore.App.Ref/8.0.21/ref/net8.0/Microsoft.AspNetCore.Server.IIS.dll".
             Reference found at search path location "{RawFileName}".
             This reference is not "CopyLocal" because at least one source item had "Private" set to "false" and no source items had "Private" set to "true".
             The ImageRuntimeVersion for this reference is "".
         Primary reference "Microsoft.AspNetCore.Server.IISIntegration, Version=8.0.0.0, Culture=neutral, PublicKeyToken=adb9793829ddae60".
             Resolved file path is "/usr/share/dotnet/packs/Microsoft.AspNetCore.App.Ref/8.0.21/ref/net8.0/Microsoft.AspNetCore.Server.IISIntegration.dll".
             Reference found at search path location "{RawFileName}".
             This reference is not "CopyLocal" because at least one source item had "Private" set to "false" and no source items had "Private" set to "true".
             The ImageRuntimeVersion for this reference is "".
         Primary reference "Microsoft.AspNetCore.Server.Kestrel.Core, Version=8.0.0.0, Culture=neutral, PublicKeyToken=adb9793829ddae60".
             Resolved file path is "/usr/share/dotnet/packs/Microsoft.AspNetCore.App.Ref/8.0.21/ref/net8.0/Microsoft.AspNetCore.Server.Kestrel.Core.dll".
             Reference found at search path location "{RawFileName}".
             This reference is not "CopyLocal" because at least one source item had "Private" set to "false" and no source items had "Private" set to "true".
             The ImageRuntimeVersion for this reference is "".
         Primary reference "Microsoft.AspNetCore.Server.Kestrel.Transport.NamedPipes, Version=8.0.0.0, Culture=neutral, PublicKeyToken=adb9793829ddae60".
             Resolved file path is "/usr/share/dotnet/packs/Microsoft.AspNetCore.App.Ref/8.0.21/ref/net8.0/Microsoft.AspNetCore.Server.Kestrel.Transport.NamedPipes.dll".
             Reference found at search path location "{RawFileName}".
             This reference is not "CopyLocal" because at least one source item had "Private" set to "false" and no source items had "Private" set to "true".
             The ImageRuntimeVersion for this reference is "".
         Primary reference "Microsoft.AspNetCore.Server.Kestrel.Transport.Quic, Version=8.0.0.0, Culture=neutral, PublicKeyToken=adb9793829ddae60".
             Resolved file path is "/usr/share/dotnet/packs/Microsoft.AspNetCore.App.Ref/8.0.21/ref/net8.0/Microsoft.AspNetCore.Server.Kestrel.Transport.Quic.dll".
             Reference found at search path location "{RawFileName}".
             This reference is not "CopyLocal" because at least one source item had "Private" set to "false" and no source items had "Private" set to "true".
             The ImageRuntimeVersion for this reference is "".
         Primary reference "Microsoft.AspNetCore.Server.Kestrel.Transport.Sockets, Version=8.0.0.0, Culture=neutral, PublicKeyToken=adb9793829ddae60".
             Resolved file path is "/usr/share/dotnet/packs/Microsoft.AspNetCore.App.Ref/8.0.21/ref/net8.0/Microsoft.AspNetCore.Server.Kestrel.Transport.Sockets.dll".
             Reference found at search path location "{RawFileName}".
             This reference is not "CopyLocal" because at least one source item had "Private" set to "false" and no source items had "Private" set to "true".
             The ImageRuntimeVersion for this reference is "".
         Primary reference "Microsoft.AspNetCore.Server.Kestrel, Version=8.0.0.0, Culture=neutral, PublicKeyToken=adb9793829ddae60".
             Resolved file path is "/usr/share/dotnet/packs/Microsoft.AspNetCore.App.Ref/8.0.21/ref/net8.0/Microsoft.AspNetCore.Server.Kestrel.dll".
             Reference found at search path location "{RawFileName}".
             This reference is not "CopyLocal" because at least one source item had "Private" set to "false" and no source items had "Private" set to "true".
             The ImageRuntimeVersion for this reference is "".
         Primary reference "Microsoft.AspNetCore.Session, Version=8.0.0.0, Culture=neutral, PublicKeyToken=adb9793829ddae60".
             Resolved file path is "/usr/share/dotnet/packs/Microsoft.AspNetCore.App.Ref/8.0.21/ref/net8.0/Microsoft.AspNetCore.Session.dll".
             Reference found at search path location "{RawFileName}".
             This reference is not "CopyLocal" because at least one source item had "Private" set to "false" and no source items had "Private" set to "true".
             The ImageRuntimeVersion for this reference is "".
         Primary reference "Microsoft.AspNetCore.SignalR.Common, Version=8.0.0.0, Culture=neutral, PublicKeyToken=adb9793829ddae60".
             Resolved file path is "/usr/share/dotnet/packs/Microsoft.AspNetCore.App.Ref/8.0.21/ref/net8.0/Microsoft.AspNetCore.SignalR.Common.dll".
             Reference found at search path location "{RawFileName}".
             This reference is not "CopyLocal" because at least one source item had "Private" set to "false" and no source items had "Private" set to "true".
             The ImageRuntimeVersion for this reference is "".
         Primary reference "Microsoft.AspNetCore.SignalR.Core, Version=8.0.0.0, Culture=neutral, PublicKeyToken=adb9793829ddae60".
             Resolved file path is "/usr/share/dotnet/packs/Microsoft.AspNetCore.App.Ref/8.0.21/ref/net8.0/Microsoft.AspNetCore.SignalR.Core.dll".
             Reference found at search path location "{RawFileName}".
             This reference is not "CopyLocal" because at least one source item had "Private" set to "false" and no source items had "Private" set to "true".
             The ImageRuntimeVersion for this reference is "".
         Primary reference "Microsoft.AspNetCore.SignalR.Protocols.Json, Version=8.0.0.0, Culture=neutral, PublicKeyToken=adb9793829ddae60".
             Resolved file path is "/usr/share/dotnet/packs/Microsoft.AspNetCore.App.Ref/8.0.21/ref/net8.0/Microsoft.AspNetCore.SignalR.Protocols.Json.dll".
             Reference found at search path location "{RawFileName}".
             This reference is not "CopyLocal" because at least one source item had "Private" set to "false" and no source items had "Private" set to "true".
             The ImageRuntimeVersion for this reference is "".
         Primary reference "Microsoft.AspNetCore.SignalR, Version=8.0.0.0, Culture=neutral, PublicKeyToken=adb9793829ddae60".
             Resolved file path is "/usr/share/dotnet/packs/Microsoft.AspNetCore.App.Ref/8.0.21/ref/net8.0/Microsoft.AspNetCore.SignalR.dll".
             Reference found at search path location "{RawFileName}".
             This reference is not "CopyLocal" because at least one source item had "Private" set to "false" and no source items had "Private" set to "true".
             The ImageRuntimeVersion for this reference is "".
         Primary reference "Microsoft.AspNetCore.StaticFiles, Version=8.0.0.0, Culture=neutral, PublicKeyToken=adb9793829ddae60".
             Resolved file path is "/usr/share/dotnet/packs/Microsoft.AspNetCore.App.Ref/8.0.21/ref/net8.0/Microsoft.AspNetCore.StaticFiles.dll".
             Reference found at search path location "{RawFileName}".
             This reference is not "CopyLocal" because at least one source item had "Private" set to "false" and no source items had "Private" set to "true".
             The ImageRuntimeVersion for this reference is "".
         Primary reference "Microsoft.AspNetCore.WebSockets, Version=8.0.0.0, Culture=neutral, PublicKeyToken=adb9793829ddae60".
             Resolved file path is "/usr/share/dotnet/packs/Microsoft.AspNetCore.App.Ref/8.0.21/ref/net8.0/Microsoft.AspNetCore.WebSockets.dll".
             Reference found at search path location "{RawFileName}".
             This reference is not "CopyLocal" because at least one source item had "Private" set to "false" and no source items had "Private" set to "true".
             The ImageRuntimeVersion for this reference is "".
         Primary reference "Microsoft.AspNetCore.WebUtilities, Version=8.0.0.0, Culture=neutral, PublicKeyToken=adb9793829ddae60".
             Resolved file path is "/usr/share/dotnet/packs/Microsoft.AspNetCore.App.Ref/8.0.21/ref/net8.0/Microsoft.AspNetCore.WebUtilities.dll".
             Reference found at search path location "{RawFileName}".
             This reference is not "CopyLocal" because at least one source item had "Private" set to "false" and no source items had "Private" set to "true".
             The ImageRuntimeVersion for this reference is "".
         Primary reference "Microsoft.AspNetCore, Version=8.0.0.0, Culture=neutral, PublicKeyToken=adb9793829ddae60".
             Resolved file path is "/usr/share/dotnet/packs/Microsoft.AspNetCore.App.Ref/8.0.21/ref/net8.0/Microsoft.AspNetCore.dll".
             Reference found at search path location "{RawFileName}".
             This reference is not "CopyLocal" because at least one source item had "Private" set to "false" and no source items had "Private" set to "true".
             The ImageRuntimeVersion for this reference is "".
         Primary reference "Microsoft.Extensions.Configuration.Abstractions, Version=8.0.0.0, Culture=neutral, PublicKeyToken=adb9793829ddae60".
             Resolved file path is "/usr/share/dotnet/packs/Microsoft.AspNetCore.App.Ref/8.0.21/ref/net8.0/Microsoft.Extensions.Configuration.Abstractions.dll".
             Reference found at search path location "{RawFileName}".
             This reference is not "CopyLocal" because at least one source item had "Private" set to "false" and no source items had "Private" set to "true".
             The ImageRuntimeVersion for this reference is "".
         Primary reference "Microsoft.Extensions.Configuration.Binder, Version=8.0.0.0, Culture=neutral, PublicKeyToken=adb9793829ddae60".
             Resolved file path is "/usr/share/dotnet/packs/Microsoft.AspNetCore.App.Ref/8.0.21/ref/net8.0/Microsoft.Extensions.Configuration.Binder.dll".
             Reference found at search path location "{RawFileName}".
             This reference is not "CopyLocal" because at least one source item had "Private" set to "false" and no source items had "Private" set to "true".
             The ImageRuntimeVersion for this reference is "".
         Primary reference "Microsoft.Extensions.Configuration.CommandLine, Version=8.0.0.0, Culture=neutral, PublicKeyToken=adb9793829ddae60".
             Resolved file path is "/usr/share/dotnet/packs/Microsoft.AspNetCore.App.Ref/8.0.21/ref/net8.0/Microsoft.Extensions.Configuration.CommandLine.dll".
             Reference found at search path location "{RawFileName}".
             This reference is not "CopyLocal" because at least one source item had "Private" set to "false" and no source items had "Private" set to "true".
             The ImageRuntimeVersion for this reference is "".
         Primary reference "Microsoft.Extensions.Configuration.EnvironmentVariables, Version=8.0.0.0, Culture=neutral, PublicKeyToken=adb9793829ddae60".
             Resolved file path is "/usr/share/dotnet/packs/Microsoft.AspNetCore.App.Ref/8.0.21/ref/net8.0/Microsoft.Extensions.Configuration.EnvironmentVariables.dll".
             Reference found at search path location "{RawFileName}".
             This reference is not "CopyLocal" because at least one source item had "Private" set to "false" and no source items had "Private" set to "true".
             The ImageRuntimeVersion for this reference is "".
         Primary reference "Microsoft.Extensions.Configuration.FileExtensions, Version=8.0.0.0, Culture=neutral, PublicKeyToken=adb9793829ddae60".
             Resolved file path is "/usr/share/dotnet/packs/Microsoft.AspNetCore.App.Ref/8.0.21/ref/net8.0/Microsoft.Extensions.Configuration.FileExtensions.dll".
             Reference found at search path location "{RawFileName}".
             This reference is not "CopyLocal" because at least one source item had "Private" set to "false" and no source items had "Private" set to "true".
             The ImageRuntimeVersion for this reference is "".
         Primary reference "Microsoft.Extensions.Configuration.Ini, Version=8.0.0.0, Culture=neutral, PublicKeyToken=adb9793829ddae60".
             Resolved file path is "/usr/share/dotnet/packs/Microsoft.AspNetCore.App.Ref/8.0.21/ref/net8.0/Microsoft.Extensions.Configuration.Ini.dll".
             Reference found at search path location "{RawFileName}".
             This reference is not "CopyLocal" because at least one source item had "Private" set to "false" and no source items had "Private" set to "true".
             The ImageRuntimeVersion for this reference is "".
         Primary reference "Microsoft.Extensions.Configuration.Json, Version=8.0.0.0, Culture=neutral, PublicKeyToken=adb9793829ddae60".
             Resolved file path is "/usr/share/dotnet/packs/Microsoft.AspNetCore.App.Ref/8.0.21/ref/net8.0/Microsoft.Extensions.Configuration.Json.dll".
             Reference found at search path location "{RawFileName}".
             This reference is not "CopyLocal" because at least one source item had "Private" set to "false" and no source items had "Private" set to "true".
             The ImageRuntimeVersion for this reference is "".
         Primary reference "Microsoft.Extensions.Configuration.KeyPerFile, Version=8.0.0.0, Culture=neutral, PublicKeyToken=adb9793829ddae60".
             Resolved file path is "/usr/share/dotnet/packs/Microsoft.AspNetCore.App.Ref/8.0.21/ref/net8.0/Microsoft.Extensions.Configuration.KeyPerFile.dll".
             Reference found at search path location "{RawFileName}".
             This reference is not "CopyLocal" because at least one source item had "Private" set to "false" and no source items had "Private" set to "true".
             The ImageRuntimeVersion for this reference is "".
         Primary reference "Microsoft.Extensions.Configuration.UserSecrets, Version=8.0.0.0, Culture=neutral, PublicKeyToken=adb9793829ddae60".
             Resolved file path is "/usr/share/dotnet/packs/Microsoft.AspNetCore.App.Ref/8.0.21/ref/net8.0/Microsoft.Extensions.Configuration.UserSecrets.dll".
             Reference found at search path location "{RawFileName}".
             This reference is not "CopyLocal" because at least one source item had "Private" set to "false" and no source items had "Private" set to "true".
             The ImageRuntimeVersion for this reference is "".
         Primary reference "Microsoft.Extensions.Configuration.Xml, Version=8.0.0.0, Culture=neutral, PublicKeyToken=adb9793829ddae60".
             Resolved file path is "/usr/share/dotnet/packs/Microsoft.AspNetCore.App.Ref/8.0.21/ref/net8.0/Microsoft.Extensions.Configuration.Xml.dll".
             Reference found at search path location "{RawFileName}".
             This reference is not "CopyLocal" because at least one source item had "Private" set to "false" and no source items had "Private" set to "true".
             The ImageRuntimeVersion for this reference is "".
         Primary reference "Microsoft.Extensions.Configuration, Version=8.0.0.0, Culture=neutral, PublicKeyToken=adb9793829ddae60".
             Resolved file path is "/usr/share/dotnet/packs/Microsoft.AspNetCore.App.Ref/8.0.21/ref/net8.0/Microsoft.Extensions.Configuration.dll".
             Reference found at search path location "{RawFileName}".
             This reference is not "CopyLocal" because at least one source item had "Private" set to "false" and no source items had "Private" set to "true".
             The ImageRuntimeVersion for this reference is "".
         Primary reference "Microsoft.Extensions.DependencyInjection, Version=8.0.0.0, Culture=neutral, PublicKeyToken=adb9793829ddae60".
             Resolved file path is "/usr/share/dotnet/packs/Microsoft.AspNetCore.App.Ref/8.0.21/ref/net8.0/Microsoft.Extensions.DependencyInjection.dll".
             Reference found at search path location "{RawFileName}".
             This reference is not "CopyLocal" because at least one source item had "Private" set to "false" and no source items had "Private" set to "true".
             The ImageRuntimeVersion for this reference is "".
         Primary reference "Microsoft.Extensions.Diagnostics.Abstractions, Version=8.0.0.0, Culture=neutral, PublicKeyToken=adb9793829ddae60".
             Resolved file path is "/usr/share/dotnet/packs/Microsoft.AspNetCore.App.Ref/8.0.21/ref/net8.0/Microsoft.Extensions.Diagnostics.Abstractions.dll".
             Reference found at search path location "{RawFileName}".
             This reference is not "CopyLocal" because at least one source item had "Private" set to "false" and no source items had "Private" set to "true".
             The ImageRuntimeVersion for this reference is "".
         Primary reference "Microsoft.Extensions.Diagnostics.HealthChecks.Abstractions, Version=8.0.0.0, Culture=neutral, PublicKeyToken=adb9793829ddae60".
             Resolved file path is "/usr/share/dotnet/packs/Microsoft.AspNetCore.App.Ref/8.0.21/ref/net8.0/Microsoft.Extensions.Diagnostics.HealthChecks.Abstractions.dll".
             Reference found at search path location "{RawFileName}".
             This reference is not "CopyLocal" because at least one source item had "Private" set to "false" and no source items had "Private" set to "true".
             The ImageRuntimeVersion for this reference is "".
         Primary reference "Microsoft.Extensions.Diagnostics.HealthChecks, Version=8.0.0.0, Culture=neutral, PublicKeyToken=adb9793829ddae60".
             Resolved file path is "/usr/share/dotnet/packs/Microsoft.AspNetCore.App.Ref/8.0.21/ref/net8.0/Microsoft.Extensions.Diagnostics.HealthChecks.dll".
             Reference found at search path location "{RawFileName}".
             This reference is not "CopyLocal" because at least one source item had "Private" set to "false" and no source items had "Private" set to "true".
             The ImageRuntimeVersion for this reference is "".
         Primary reference "Microsoft.Extensions.Diagnostics, Version=8.0.0.0, Culture=neutral, PublicKeyToken=adb9793829ddae60".
             Resolved file path is "/usr/share/dotnet/packs/Microsoft.AspNetCore.App.Ref/8.0.21/ref/net8.0/Microsoft.Extensions.Diagnostics.dll".
             Reference found at search path location "{RawFileName}".
             This reference is not "CopyLocal" because at least one source item had "Private" set to "false" and no source items had "Private" set to "true".
             The ImageRuntimeVersion for this reference is "".
         Primary reference "Microsoft.Extensions.Features, Version=8.0.0.0, Culture=neutral, PublicKeyToken=adb9793829ddae60".
             Resolved file path is "/usr/share/dotnet/packs/Microsoft.AspNetCore.App.Ref/8.0.21/ref/net8.0/Microsoft.Extensions.Features.dll".
             Reference found at search path location "{RawFileName}".
             This reference is not "CopyLocal" because at least one source item had "Private" set to "false" and no source items had "Private" set to "true".
             The ImageRuntimeVersion for this reference is "".
         Primary reference "Microsoft.Extensions.FileProviders.Abstractions, Version=8.0.0.0, Culture=neutral, PublicKeyToken=adb9793829ddae60".
             Resolved file path is "/usr/share/dotnet/packs/Microsoft.AspNetCore.App.Ref/8.0.21/ref/net8.0/Microsoft.Extensions.FileProviders.Abstractions.dll".
             Reference found at search path location "{RawFileName}".
             This reference is not "CopyLocal" because at least one source item had "Private" set to "false" and no source items had "Private" set to "true".
             The ImageRuntimeVersion for this reference is "".
         Primary reference "Microsoft.Extensions.FileProviders.Composite, Version=8.0.0.0, Culture=neutral, PublicKeyToken=adb9793829ddae60".
             Resolved file path is "/usr/share/dotnet/packs/Microsoft.AspNetCore.App.Ref/8.0.21/ref/net8.0/Microsoft.Extensions.FileProviders.Composite.dll".
             Reference found at search path location "{RawFileName}".
             This reference is not "CopyLocal" because at least one source item had "Private" set to "false" and no source items had "Private" set to "true".
             The ImageRuntimeVersion for this reference is "".
         Primary reference "Microsoft.Extensions.FileProviders.Embedded, Version=8.0.0.0, Culture=neutral, PublicKeyToken=adb9793829ddae60".
             Resolved file path is "/usr/share/dotnet/packs/Microsoft.AspNetCore.App.Ref/8.0.21/ref/net8.0/Microsoft.Extensions.FileProviders.Embedded.dll".
             Reference found at search path location "{RawFileName}".
             This reference is not "CopyLocal" because at least one source item had "Private" set to "false" and no source items had "Private" set to "true".
             The ImageRuntimeVersion for this reference is "".
         Primary reference "Microsoft.Extensions.FileProviders.Physical, Version=8.0.0.0, Culture=neutral, PublicKeyToken=adb9793829ddae60".
             Resolved file path is "/usr/share/dotnet/packs/Microsoft.AspNetCore.App.Ref/8.0.21/ref/net8.0/Microsoft.Extensions.FileProviders.Physical.dll".
             Reference found at search path location "{RawFileName}".
             This reference is not "CopyLocal" because at least one source item had "Private" set to "false" and no source items had "Private" set to "true".
             The ImageRuntimeVersion for this reference is "".
         Primary reference "Microsoft.Extensions.FileSystemGlobbing, Version=8.0.0.0, Culture=neutral, PublicKeyToken=adb9793829ddae60".
             Resolved file path is "/usr/share/dotnet/packs/Microsoft.AspNetCore.App.Ref/8.0.21/ref/net8.0/Microsoft.Extensions.FileSystemGlobbing.dll".
             Reference found at search path location "{RawFileName}".
             This reference is not "CopyLocal" because at least one source item had "Private" set to "false" and no source items had "Private" set to "true".
             The ImageRuntimeVersion for this reference is "".
         Primary reference "Microsoft.Extensions.Hosting.Abstractions, Version=8.0.0.0, Culture=neutral, PublicKeyToken=adb9793829ddae60".
             Resolved file path is "/usr/share/dotnet/packs/Microsoft.AspNetCore.App.Ref/8.0.21/ref/net8.0/Microsoft.Extensions.Hosting.Abstractions.dll".
             Reference found at search path location "{RawFileName}".
             This reference is not "CopyLocal" because at least one source item had "Private" set to "false" and no source items had "Private" set to "true".
             The ImageRuntimeVersion for this reference is "".
         Primary reference "Microsoft.Extensions.Hosting, Version=8.0.0.0, Culture=neutral, PublicKeyToken=adb9793829ddae60".
             Resolved file path is "/usr/share/dotnet/packs/Microsoft.AspNetCore.App.Ref/8.0.21/ref/net8.0/Microsoft.Extensions.Hosting.dll".
             Reference found at search path location "{RawFileName}".
             This reference is not "CopyLocal" because at least one source item had "Private" set to "false" and no source items had "Private" set to "true".
             The ImageRuntimeVersion for this reference is "".
         Primary reference "Microsoft.Extensions.Http, Version=8.0.0.0, Culture=neutral, PublicKeyToken=adb9793829ddae60".
             Resolved file path is "/usr/share/dotnet/packs/Microsoft.AspNetCore.App.Ref/8.0.21/ref/net8.0/Microsoft.Extensions.Http.dll".
             Reference found at search path location "{RawFileName}".
             This reference is not "CopyLocal" because at least one source item had "Private" set to "false" and no source items had "Private" set to "true".
             The ImageRuntimeVersion for this reference is "".
         Primary reference "Microsoft.Extensions.Identity.Core, Version=8.0.0.0, Culture=neutral, PublicKeyToken=adb9793829ddae60".
             Resolved file path is "/usr/share/dotnet/packs/Microsoft.AspNetCore.App.Ref/8.0.21/ref/net8.0/Microsoft.Extensions.Identity.Core.dll".
             Reference found at search path location "{RawFileName}".
             This reference is not "CopyLocal" because at least one source item had "Private" set to "false" and no source items had "Private" set to "true".
             The ImageRuntimeVersion for this reference is "".
         Primary reference "Microsoft.Extensions.Identity.Stores, Version=8.0.0.0, Culture=neutral, PublicKeyToken=adb9793829ddae60".
             Resolved file path is "/usr/share/dotnet/packs/Microsoft.AspNetCore.App.Ref/8.0.21/ref/net8.0/Microsoft.Extensions.Identity.Stores.dll".
             Reference found at search path location "{RawFileName}".
             This reference is not "CopyLocal" because at least one source item had "Private" set to "false" and no source items had "Private" set to "true".
             The ImageRuntimeVersion for this reference is "".
         Primary reference "Microsoft.Extensions.Localization.Abstractions, Version=8.0.0.0, Culture=neutral, PublicKeyToken=adb9793829ddae60".
             Resolved file path is "/usr/share/dotnet/packs/Microsoft.AspNetCore.App.Ref/8.0.21/ref/net8.0/Microsoft.Extensions.Localization.Abstractions.dll".
             Reference found at search path location "{RawFileName}".
             This reference is not "CopyLocal" because at least one source item had "Private" set to "false" and no source items had "Private" set to "true".
             The ImageRuntimeVersion for this reference is "".
         Primary reference "Microsoft.Extensions.Localization, Version=8.0.0.0, Culture=neutral, PublicKeyToken=adb9793829ddae60".
             Resolved file path is "/usr/share/dotnet/packs/Microsoft.AspNetCore.App.Ref/8.0.21/ref/net8.0/Microsoft.Extensions.Localization.dll".
             Reference found at search path location "{RawFileName}".
             This reference is not "CopyLocal" because at least one source item had "Private" set to "false" and no source items had "Private" set to "true".
             The ImageRuntimeVersion for this reference is "".
         Primary reference "Microsoft.Extensions.Logging.Configuration, Version=8.0.0.0, Culture=neutral, PublicKeyToken=adb9793829ddae60".
             Resolved file path is "/usr/share/dotnet/packs/Microsoft.AspNetCore.App.Ref/8.0.21/ref/net8.0/Microsoft.Extensions.Logging.Configuration.dll".
             Reference found at search path location "{RawFileName}".
             This reference is not "CopyLocal" because at least one source item had "Private" set to "false" and no source items had "Private" set to "true".
             The ImageRuntimeVersion for this reference is "".
         Primary reference "Microsoft.Extensions.Logging.Console, Version=8.0.0.0, Culture=neutral, PublicKeyToken=adb9793829ddae60".
             Resolved file path is "/usr/share/dotnet/packs/Microsoft.AspNetCore.App.Ref/8.0.21/ref/net8.0/Microsoft.Extensions.Logging.Console.dll".
             Reference found at search path location "{RawFileName}".
             This reference is not "CopyLocal" because at least one source item had "Private" set to "false" and no source items had "Private" set to "true".
             The ImageRuntimeVersion for this reference is "".
         Primary reference "Microsoft.Extensions.Logging.Debug, Version=8.0.0.0, Culture=neutral, PublicKeyToken=adb9793829ddae60".
             Resolved file path is "/usr/share/dotnet/packs/Microsoft.AspNetCore.App.Ref/8.0.21/ref/net8.0/Microsoft.Extensions.Logging.Debug.dll".
             Reference found at search path location "{RawFileName}".
             This reference is not "CopyLocal" because at least one source item had "Private" set to "false" and no source items had "Private" set to "true".
             The ImageRuntimeVersion for this reference is "".
         Primary reference "Microsoft.Extensions.Logging.EventLog, Version=8.0.0.0, Culture=neutral, PublicKeyToken=adb9793829ddae60".
             Resolved file path is "/usr/share/dotnet/packs/Microsoft.AspNetCore.App.Ref/8.0.21/ref/net8.0/Microsoft.Extensions.Logging.EventLog.dll".
             Reference found at search path location "{RawFileName}".
             This reference is not "CopyLocal" because at least one source item had "Private" set to "false" and no source items had "Private" set to "true".
             The ImageRuntimeVersion for this reference is "".
         Primary reference "Microsoft.Extensions.Logging.EventSource, Version=8.0.0.0, Culture=neutral, PublicKeyToken=adb9793829ddae60".
             Resolved file path is "/usr/share/dotnet/packs/Microsoft.AspNetCore.App.Ref/8.0.21/ref/net8.0/Microsoft.Extensions.Logging.EventSource.dll".
             Reference found at search path location "{RawFileName}".
             This reference is not "CopyLocal" because at least one source item had "Private" set to "false" and no source items had "Private" set to "true".
             The ImageRuntimeVersion for this reference is "".
         Primary reference "Microsoft.Extensions.Logging.TraceSource, Version=8.0.0.0, Culture=neutral, PublicKeyToken=adb9793829ddae60".
             Resolved file path is "/usr/share/dotnet/packs/Microsoft.AspNetCore.App.Ref/8.0.21/ref/net8.0/Microsoft.Extensions.Logging.TraceSource.dll".
             Reference found at search path location "{RawFileName}".
             This reference is not "CopyLocal" because at least one source item had "Private" set to "false" and no source items had "Private" set to "true".
             The ImageRuntimeVersion for this reference is "".
         Primary reference "Microsoft.Extensions.Logging, Version=8.0.0.0, Culture=neutral, PublicKeyToken=adb9793829ddae60".
             Resolved file path is "/usr/share/dotnet/packs/Microsoft.AspNetCore.App.Ref/8.0.21/ref/net8.0/Microsoft.Extensions.Logging.dll".
             Reference found at search path location "{RawFileName}".
             This reference is not "CopyLocal" because at least one source item had "Private" set to "false" and no source items had "Private" set to "true".
             The ImageRuntimeVersion for this reference is "".
         Primary reference "Microsoft.Extensions.ObjectPool, Version=8.0.0.0, Culture=neutral, PublicKeyToken=adb9793829ddae60".
             Resolved file path is "/usr/share/dotnet/packs/Microsoft.AspNetCore.App.Ref/8.0.21/ref/net8.0/Microsoft.Extensions.ObjectPool.dll".
             Reference found at search path location "{RawFileName}".
             This reference is not "CopyLocal" because at least one source item had "Private" set to "false" and no source items had "Private" set to "true".
             The ImageRuntimeVersion for this reference is "".
         Primary reference "Microsoft.Extensions.Options.ConfigurationExtensions, Version=8.0.0.0, Culture=neutral, PublicKeyToken=adb9793829ddae60".
             Resolved file path is "/usr/share/dotnet/packs/Microsoft.AspNetCore.App.Ref/8.0.21/ref/net8.0/Microsoft.Extensions.Options.ConfigurationExtensions.dll".
             Reference found at search path location "{RawFileName}".
             This reference is not "CopyLocal" because at least one source item had "Private" set to "false" and no source items had "Private" set to "true".
             The ImageRuntimeVersion for this reference is "".
         Primary reference "Microsoft.Extensions.Options.DataAnnotations, Version=8.0.0.0, Culture=neutral, PublicKeyToken=adb9793829ddae60".
             Resolved file path is "/usr/share/dotnet/packs/Microsoft.AspNetCore.App.Ref/8.0.21/ref/net8.0/Microsoft.Extensions.Options.DataAnnotations.dll".
             Reference found at search path location "{RawFileName}".
             This reference is not "CopyLocal" because at least one source item had "Private" set to "false" and no source items had "Private" set to "true".
             The ImageRuntimeVersion for this reference is "".
         Primary reference "Microsoft.Extensions.WebEncoders, Version=8.0.0.0, Culture=neutral, PublicKeyToken=adb9793829ddae60".
             Resolved file path is "/usr/share/dotnet/packs/Microsoft.AspNetCore.App.Ref/8.0.21/ref/net8.0/Microsoft.Extensions.WebEncoders.dll".
             Reference found at search path location "{RawFileName}".
             This reference is not "CopyLocal" because at least one source item had "Private" set to "false" and no source items had "Private" set to "true".
             The ImageRuntimeVersion for this reference is "".
         Primary reference "Microsoft.JSInterop, Version=8.0.0.0, Culture=neutral, PublicKeyToken=adb9793829ddae60".
             Resolved file path is "/usr/share/dotnet/packs/Microsoft.AspNetCore.App.Ref/8.0.21/ref/net8.0/Microsoft.JSInterop.dll".
             Reference found at search path location "{RawFileName}".
             This reference is not "CopyLocal" because at least one source item had "Private" set to "false" and no source items had "Private" set to "true".
             The ImageRuntimeVersion for this reference is "".
         Primary reference "Microsoft.Net.Http.Headers, Version=8.0.0.0, Culture=neutral, PublicKeyToken=adb9793829ddae60".
             Resolved file path is "/usr/share/dotnet/packs/Microsoft.AspNetCore.App.Ref/8.0.21/ref/net8.0/Microsoft.Net.Http.Headers.dll".
             Reference found at search path location "{RawFileName}".
             This reference is not "CopyLocal" because at least one source item had "Private" set to "false" and no source items had "Private" set to "true".
             The ImageRuntimeVersion for this reference is "".
         Primary reference "System.Diagnostics.EventLog, Version=8.0.0.0, Culture=neutral, PublicKeyToken=cc7b13ffcd2ddd51".
             Resolved file path is "/usr/share/dotnet/packs/Microsoft.AspNetCore.App.Ref/8.0.21/ref/net8.0/System.Diagnostics.EventLog.dll".
             Reference found at search path location "{RawFileName}".
             This reference is not "CopyLocal" because at least one source item had "Private" set to "false" and no source items had "Private" set to "true".
             The ImageRuntimeVersion for this reference is "".
         Primary reference "System.IO.Pipelines, Version=8.0.0.0, Culture=neutral, PublicKeyToken=cc7b13ffcd2ddd51".
             Resolved file path is "/usr/share/dotnet/packs/Microsoft.AspNetCore.App.Ref/8.0.21/ref/net8.0/System.IO.Pipelines.dll".
             Reference found at search path location "{RawFileName}".
             This reference is not "CopyLocal" because at least one source item had "Private" set to "false" and no source items had "Private" set to "true".
             The ImageRuntimeVersion for this reference is "".
         Primary reference "System.Security.Cryptography.Xml, Version=8.0.0.0, Culture=neutral, PublicKeyToken=cc7b13ffcd2ddd51".
             Resolved file path is "/usr/share/dotnet/packs/Microsoft.AspNetCore.App.Ref/8.0.21/ref/net8.0/System.Security.Cryptography.Xml.dll".
             Reference found at search path location "{RawFileName}".
             This reference is not "CopyLocal" because at least one source item had "Private" set to "false" and no source items had "Private" set to "true".
             The ImageRuntimeVersion for this reference is "".
         Primary reference "System.Threading.RateLimiting, Version=8.0.0.0, Culture=neutral, PublicKeyToken=cc7b13ffcd2ddd51".
             Resolved file path is "/usr/share/dotnet/packs/Microsoft.AspNetCore.App.Ref/8.0.21/ref/net8.0/System.Threading.RateLimiting.dll".
             Reference found at search path location "{RawFileName}".
             This reference is not "CopyLocal" because at least one source item had "Private" set to "false" and no source items had "Private" set to "true".
             The ImageRuntimeVersion for this reference is "".
       Done executing task "ResolveAssemblyReference".
   9:8>Done building target "ResolveAssemblyReferences" in project "KChief.Platform.API.csproj".
       Target "GenerateBindingRedirects" skipped, due to false condition; ('$(AutoGenerateBindingRedirects)' == 'true' and '$(GenerateBindingRedirectsOutputType)' == 'true' and '@(SuggestedBindingRedirects)' != '' and '$(DesignTimeBuild)' != 'true' and '$(BuildingProject)' == 'true') was evaluated as ('' == 'true' and 'true' == 'true' and 'Microsoft.Extensions.Logging.Abstractions, Culture=neutral, PublicKeyToken=adb9793829ddae60;Microsoft.Extensions.Primitives, Culture=neutral, PublicKeyToken=adb9793829ddae60;System.Diagnostics.DiagnosticSource, Culture=neutral, PublicKeyToken=cc7b13ffcd2ddd51;...' != '' and '' != 'true' and 'true' == 'true').
       Target "GenerateSupportedRuntime" skipped, due to false condition; ('$(GenerateSupportedRuntime)' != 'false' and '$(TargetFrameworkIdentifier)' == '.NETFramework' and '$(HasRuntimeOutput)' == 'true') was evaluated as ('' != 'false' and '.NETCoreApp' == '.NETFramework' and 'true' == 'true').
       Target "GenerateBindingRedirectsUpdateAppConfig" skipped, due to false condition; ('$(AutoGenerateBindingRedirects)' == 'true' and '$(GenerateBindingRedirectsOutputType)' == 'true') was evaluated as ('' == 'true' and 'true' == 'true').
       Target "ResolveComReferences" skipped, due to false condition; ('@(COMReference)'!='' or '@(COMFileReference)'!='') was evaluated as (''!='' or ''!='').
   9:8>Target "AfterResolveReferences" in file "/usr/share/dotnet/sdk/8.0.415/Microsoft.Common.CurrentVersion.targets" from project "/home/saidul/Desktop/K-Chief Marine Automation Platform/src/KChief.Platform.API/KChief.Platform.API.csproj" (target "ResolveReferences" depends on it):
   9:8>Done building target "AfterResolveReferences" in project "KChief.Platform.API.csproj".
   9:8>Target "ResolveReferences" in file "/usr/share/dotnet/sdk/8.0.415/Microsoft.Common.CurrentVersion.targets" from project "/home/saidul/Desktop/K-Chief Marine Automation Platform/src/KChief.Platform.API/KChief.Platform.API.csproj" (target "_BlockWinMDsOnUnsupportedTFMs" depends on it):
   9:8>Done building target "ResolveReferences" in project "KChief.Platform.API.csproj".
   9:8>Target "_BlockWinMDsOnUnsupportedTFMs" in file "/usr/share/dotnet/sdk/8.0.415/Sdks/Microsoft.NET.Sdk/targets/Microsoft.NET.Sdk.targets" from project "/home/saidul/Desktop/K-Chief Marine Automation Platform/src/KChief.Platform.API/KChief.Platform.API.csproj" (target "CoreBuild" depends on it):
       Using "CheckForUnsupportedWinMDReferences" task from assembly "/usr/share/dotnet/sdk/8.0.415/Sdks/Microsoft.NET.Sdk/targets/../tools/net8.0/Microsoft.NET.Build.Tasks.dll".
       Task "CheckForUnsupportedWinMDReferences"
       Done executing task "CheckForUnsupportedWinMDReferences".
       Task "NETSdkError" skipped, due to false condition; ('$(OutputType)' == 'winmdobj') was evaluated as ('Exe' == 'winmdobj').
   9:8>Done building target "_BlockWinMDsOnUnsupportedTFMs" in project "KChief.Platform.API.csproj".
       Target "ResolveReferences" skipped. Previously built successfully.
       Target "ResolvePackageDependenciesForBuild" skipped. Previously built successfully.
       Target "_HandlePackageFileConflicts" skipped. Previously built successfully.
   9:8>Target "CopyAdditionalFiles" in file "/usr/share/dotnet/sdk/8.0.415/Roslyn/Microsoft.Managed.Core.targets" from project "/home/saidul/Desktop/K-Chief Marine Automation Platform/src/KChief.Platform.API/KChief.Platform.API.csproj" (target "AssignTargetPaths" depends on it):
   9:8>Done building target "CopyAdditionalFiles" in project "KChief.Platform.API.csproj".
       Target "ResolvePackageAssets" skipped. Previously built successfully.
       Target "ResolveFrameworkReferences" skipped. Previously built successfully.
   9:8>Target "_GetAppHostPaths" in file "/usr/share/dotnet/sdk/8.0.415/Sdks/Microsoft.NET.Sdk/targets/Microsoft.NET.Sdk.targets" from project "/home/saidul/Desktop/K-Chief Marine Automation Platform/src/KChief.Platform.API/KChief.Platform.API.csproj" (target "_ChooseAppHost" depends on it):
       Task "NETSdkError" skipped, due to false condition; ('@(_NativeRestoredAppHostNETCore->Count())' > 1) was evaluated as ('0' > 1).
   9:8>Done building target "_GetAppHostPaths" in project "KChief.Platform.API.csproj".
   9:8>Target "_ChooseAppHost" in file "/usr/share/dotnet/sdk/8.0.415/Sdks/Microsoft.NET.Sdk/targets/Microsoft.NET.Sdk.targets" from project "/home/saidul/Desktop/K-Chief Marine Automation Platform/src/KChief.Platform.API/KChief.Platform.API.csproj" (target "_ComputeNETCoreBuildOutputFiles" depends on it):
   9:8>Done building target "_ChooseAppHost" in project "KChief.Platform.API.csproj".
       Target "_GetComHostPaths" skipped, due to false condition; ('$(EnableComHosting)' == 'true' and '$(_IsExecutable)' != 'true') was evaluated as ('' == 'true' and 'true' != 'true').
       Target "_GetIjwHostPaths" skipped, due to false condition; ('$(UseIJWHost)' == 'true') was evaluated as ('' == 'true').
   9:8>Target "_ComputeNETCoreBuildOutputFiles" in file "/usr/share/dotnet/sdk/8.0.415/Sdks/Microsoft.NET.Sdk/targets/Microsoft.NET.Sdk.targets" from project "/home/saidul/Desktop/K-Chief Marine Automation Platform/src/KChief.Platform.API/KChief.Platform.API.csproj" (target "AssignTargetPaths" depends on it):
   9:8>Done building target "_ComputeNETCoreBuildOutputFiles" in project "KChief.Platform.API.csproj".
   9:8>Target "ResolveStaticWebAssetsConfiguration" in file "/usr/share/dotnet/sdk/8.0.415/Sdks/Microsoft.NET.Sdk.StaticWebAssets/targets/Microsoft.NET.Sdk.StaticWebAssets.targets" from project "/home/saidul/Desktop/K-Chief Marine Automation Platform/src/KChief.Platform.API/KChief.Platform.API.csproj" (target "ResolveProjectStaticWebAssets" depends on it):
       Task "MakeDir" skipped, due to false condition; (!Exists('$(_StaticWebAssetsManifestBase)')) was evaluated as (!Exists('obj/Release/net8.0/')).
       Task "MakeDir" skipped, due to false condition; (!Exists('$(_StaticWebAssetsIntermediateOutputPath)')) was evaluated as (!Exists('obj/Release/net8.0/staticwebassets/')).
   9:8>Done building target "ResolveStaticWebAssetsConfiguration" in project "KChief.Platform.API.csproj".
   9:8>Target "ResolveProjectStaticWebAssets" in file "/usr/share/dotnet/sdk/8.0.415/Sdks/Microsoft.NET.Sdk.StaticWebAssets/targets/Microsoft.NET.Sdk.StaticWebAssets.targets" from project "/home/saidul/Desktop/K-Chief Marine Automation Platform/src/KChief.Platform.API/KChief.Platform.API.csproj" (target "AssignTargetPaths" depends on it):
       Using "DiscoverStaticWebAssets" task from assembly "/usr/share/dotnet/sdk/8.0.415/Sdks/Microsoft.NET.Sdk.StaticWebAssets/targets/../tasks/net8.0/Microsoft.NET.Sdk.StaticWebAssets.Tasks.dll".
       Task "DiscoverStaticWebAssets"
         Assembly loaded during TaskRun (Microsoft.AspNetCore.StaticWebAssets.Tasks.DiscoverStaticWebAssets): Microsoft.Extensions.FileSystemGlobbing, Version=8.0.0.0, Culture=neutral, PublicKeyToken=adb9793829ddae60 (location: /usr/share/dotnet/sdk/8.0.415/Sdks/Microsoft.NET.Sdk.StaticWebAssets/tasks/net8.0/Microsoft.Extensions.FileSystemGlobbing.dll, MVID: 323e76ff-b656-4dac-a245-a2c838eeed71, AssemblyLoadContext: MSBuild plugin /usr/share/dotnet/sdk/8.0.415/Sdks/Microsoft.NET.Sdk.StaticWebAssets/tasks/net8.0/Microsoft.NET.Sdk.StaticWebAssets.Tasks.dll)
         Rejected asset 'appsettings.Development.json' for pattern 'wwwroot/**'
         Rejected asset 'appsettings.json' for pattern 'wwwroot/**'
         Rejected asset 'appsettings.Production.json' for pattern 'wwwroot/**'
       Done executing task "DiscoverStaticWebAssets".
   9:8>Done building target "ResolveProjectStaticWebAssets" in project "KChief.Platform.API.csproj".
   9:8>Target "AssignTargetPaths" in file "/usr/share/dotnet/sdk/8.0.415/Microsoft.Common.CurrentVersion.targets" from project "/home/saidul/Desktop/K-Chief Marine Automation Platform/src/KChief.Platform.API/KChief.Platform.API.csproj" (target "PrepareResourceNames" depends on it):
       Using "AssignTargetPath" task from assembly "Microsoft.Build.Tasks.Core, Version=15.1.0.0, Culture=neutral, PublicKeyToken=b03f5f7f11d50a3a".
       Task "AssignTargetPath"
       Done executing task "AssignTargetPath".
       Task "AssignTargetPath"
       Done executing task "AssignTargetPath".
       Task "AssignTargetPath"
       Done executing task "AssignTargetPath".
       Task "AssignTargetPath"
       Done executing task "AssignTargetPath".
       Task "AssignTargetPath" skipped, due to false condition; ('@(_DeploymentBaseManifestWithTargetPath)'=='' and '%(None.Extension)'=='.manifest') was evaluated as (''=='' and '.http'=='.manifest').
       Task "AssignTargetPath" skipped, due to false condition; ('@(_DeploymentBaseManifestWithTargetPath)'=='' and '%(None.Extension)'=='.manifest') was evaluated as (''=='' and '.db'=='.manifest').
       Task "AssignTargetPath" skipped, due to false condition; ('@(_DeploymentBaseManifestWithTargetPath)'=='' and '%(None.Extension)'=='.manifest') was evaluated as (''=='' and '.json'=='.manifest').
       Task "AssignTargetPath" skipped, due to false condition; ('@(_DeploymentBaseManifestWithTargetPath)'=='' and '%(None.Extension)'=='.manifest') was evaluated as (''=='' and ''=='.manifest').
   9:8>Done building target "AssignTargetPaths" in project "KChief.Platform.API.csproj".
       Target "AssignTargetPaths" skipped. Previously built successfully.
   9:8>Target "SplitResourcesByCulture" in file "/usr/share/dotnet/sdk/8.0.415/Microsoft.Common.CurrentVersion.targets" from project "/home/saidul/Desktop/K-Chief Marine Automation Platform/src/KChief.Platform.API/KChief.Platform.API.csproj" (target "PrepareResourceNames" depends on it):
       Task "Warning" skipped, due to false condition; ('@(ResxWithNoCulture)'!='') was evaluated as (''!='').
       Task "Warning" skipped, due to false condition; ('@(ResxWithCulture)'!='') was evaluated as (''!='').
       Task "Warning" skipped, due to false condition; ('@(NonResxWithCulture)'!='') was evaluated as (''!='').
       Task "Warning" skipped, due to false condition; ('@(NonResxWithNoCulture)'!='') was evaluated as (''!='').
       Using "AssignCulture" task from assembly "Microsoft.Build.Tasks.Core, Version=15.1.0.0, Culture=neutral, PublicKeyToken=b03f5f7f11d50a3a".
       Task "AssignCulture"
       Done executing task "AssignCulture".
   9:8>Done building target "SplitResourcesByCulture" in project "KChief.Platform.API.csproj".
       Target "CreateManifestResourceNames" skipped, due to false condition; ('@(EmbeddedResource)' != '') was evaluated as ('' != '').
   9:8>Target "CreateCustomManifestResourceNames" in file "/usr/share/dotnet/sdk/8.0.415/Microsoft.Common.CurrentVersion.targets" from project "/home/saidul/Desktop/K-Chief Marine Automation Platform/src/KChief.Platform.API/KChief.Platform.API.csproj" (target "PrepareResourceNames" depends on it):
   9:8>Done building target "CreateCustomManifestResourceNames" in project "KChief.Platform.API.csproj".
   9:8>Target "PrepareResourceNames" in file "/usr/share/dotnet/sdk/8.0.415/Microsoft.Common.CurrentVersion.targets" from project "/home/saidul/Desktop/K-Chief Marine Automation Platform/src/KChief.Platform.API/KChief.Platform.API.csproj" (target "PrepareResources" depends on it):
   9:8>Done building target "PrepareResourceNames" in project "KChief.Platform.API.csproj".
       Target "ResolveAssemblyReferences" skipped. Previously built successfully.
       Target "SplitResourcesByCulture" skipped. Previously built successfully.
   9:8>Target "BeforeResGen" in file "/usr/share/dotnet/sdk/8.0.415/Microsoft.Common.CurrentVersion.targets" from project "/home/saidul/Desktop/K-Chief Marine Automation Platform/src/KChief.Platform.API/KChief.Platform.API.csproj" (target "ResGen" depends on it):
   9:8>Done building target "BeforeResGen" in project "KChief.Platform.API.csproj".
       Target "ResolveReferences" skipped. Previously built successfully.
   9:8>Target "FindReferenceAssembliesForReferences" in file "/usr/share/dotnet/sdk/8.0.415/Microsoft.Common.CurrentVersion.targets" from project "/home/saidul/Desktop/K-Chief Marine Automation Platform/src/KChief.Platform.API/KChief.Platform.API.csproj" (target "CoreResGen" depends on it):
   9:8>Done building target "FindReferenceAssembliesForReferences" in project "KChief.Platform.API.csproj".
   9:8>Target "CoreResGen" in file "/usr/share/dotnet/sdk/8.0.415/Microsoft.Common.CurrentVersion.targets" from project "/home/saidul/Desktop/K-Chief Marine Automation Platform/src/KChief.Platform.API/KChief.Platform.API.csproj" (target "ResGen" depends on it):
       Task "GenerateResource" skipped, due to false condition; ('%(EmbeddedResource.Type)' == 'Resx' and '%(EmbeddedResource.GenerateResource)' != 'false' and '$(GenerateResourceMSBuildRuntime)' != 'CLR2') was evaluated as ('' == 'Resx' and '' != 'false' and 'CurrentRuntime' != 'CLR2').
       Task "GenerateResource" skipped, due to false condition; ('%(EmbeddedResource.Type)' == 'Resx' and '%(EmbeddedResource.GenerateResource)' != 'false' and '$(GenerateResourceMSBuildRuntime)' == 'CLR2') was evaluated as ('' == 'Resx' and '' != 'false' and 'CurrentRuntime' == 'CLR2').
   9:8>Done building target "CoreResGen" in project "KChief.Platform.API.csproj".
   9:8>Target "AfterResGen" in file "/usr/share/dotnet/sdk/8.0.415/Microsoft.Common.CurrentVersion.targets" from project "/home/saidul/Desktop/K-Chief Marine Automation Platform/src/KChief.Platform.API/KChief.Platform.API.csproj" (target "ResGen" depends on it):
   9:8>Done building target "AfterResGen" in project "KChief.Platform.API.csproj".
   9:8>Target "ResGen" in file "/usr/share/dotnet/sdk/8.0.415/Microsoft.Common.CurrentVersion.targets" from project "/home/saidul/Desktop/K-Chief Marine Automation Platform/src/KChief.Platform.API/KChief.Platform.API.csproj" (target "PrepareResources" depends on it):
   9:8>Done building target "ResGen" in project "KChief.Platform.API.csproj".
       Target "CompileLicxFiles" skipped, due to false condition; ('@(_LicxFile)'!='') was evaluated as (''!='').
   9:8>Target "PrepareResources" in file "/usr/share/dotnet/sdk/8.0.415/Microsoft.Common.CurrentVersion.targets" from project "/home/saidul/Desktop/K-Chief Marine Automation Platform/src/KChief.Platform.API/KChief.Platform.API.csproj" (target "CoreBuild" depends on it):
   9:8>Done building target "PrepareResources" in project "KChief.Platform.API.csproj".
       Target "ResolveKeySource" skipped, due to false condition; ($(SignManifests) == 'true' or $(SignAssembly) == 'true') was evaluated as ( == 'true' or false == 'true').
       Target "ResolveReferences" skipped. Previously built successfully.
       Target "ResolveKeySource" skipped, due to false condition; ($(SignManifests) == 'true' or $(SignAssembly) == 'true') was evaluated as ( == 'true' or false == 'true').
       Target "ResolveComReferences" skipped, due to false condition; ('@(COMReference)'!='' or '@(COMFileReference)'!='') was evaluated as (''!='' or ''!='').
       Target "ResolveNativeReferences" skipped, due to false condition; ('@(NativeReference)'!='') was evaluated as (''!='').
       Target "_SetExternalWin32ManifestProperties" skipped, due to false condition; ('$(GenerateClickOnceManifests)'=='true' or '@(NativeReference)'!='' or '@(ResolvedIsolatedComModules)'!='') was evaluated as (''=='true' or ''!='' or ''!='').
   9:8>Target "_SetEmbeddedWin32ManifestProperties" in file "/usr/share/dotnet/sdk/8.0.415/Microsoft.Common.CurrentVersion.targets" from project "/home/saidul/Desktop/K-Chief Marine Automation Platform/src/KChief.Platform.API/KChief.Platform.API.csproj" (target "SetWin32ManifestProperties" depends on it):
       Using "GetFrameworkPath" task from assembly "Microsoft.Build.Tasks.Core, Version=15.1.0.0, Culture=neutral, PublicKeyToken=b03f5f7f11d50a3a".
       Task "GetFrameworkPath"
       Done executing task "GetFrameworkPath".
   9:8>Done building target "_SetEmbeddedWin32ManifestProperties" in project "KChief.Platform.API.csproj".
   9:8>Target "SetWin32ManifestProperties" in file "/usr/share/dotnet/sdk/8.0.415/Microsoft.Common.CurrentVersion.targets" from project "/home/saidul/Desktop/K-Chief Marine Automation Platform/src/KChief.Platform.API/KChief.Platform.API.csproj" (target "Compile" depends on it):
   9:8>Done building target "SetWin32ManifestProperties" in project "KChief.Platform.API.csproj".
       Target "_SetPreferNativeArm64Win32ManifestProperties" skipped, due to false condition; ( '$(PreferNativeArm64)'=='true' and '$(NoWin32Manifest)'!='true') was evaluated as ( ''=='true' and ''!='true').
       Target "FindReferenceAssembliesForReferences" skipped. Previously built successfully.
   9:8>Target "_GenerateCompileInputs" in file "/usr/share/dotnet/sdk/8.0.415/Microsoft.Common.CurrentVersion.targets" from project "/home/saidul/Desktop/K-Chief Marine Automation Platform/src/KChief.Platform.API/KChief.Platform.API.csproj" (target "Compile" depends on it):
       Task "Warning" skipped, due to false condition; ('@(ManifestResourceWithNoCulture)'!='' and '%(ManifestResourceWithNoCulture.EmittedForCompatibilityOnly)'=='') was evaluated as (''!='' and ''=='').
       Task "Warning" skipped, due to false condition; ('@(ManifestNonResxWithNoCultureOnDisk)'!='' and '%(ManifestNonResxWithNoCultureOnDisk.EmittedForCompatibilityOnly)'=='') was evaluated as (''!='' and ''=='').
   9:8>Done building target "_GenerateCompileInputs" in project "KChief.Platform.API.csproj".
       Target "PrepareForBuild" skipped. Previously built successfully.
   9:8>Target "ResolveRazorConfiguration" in file "/usr/share/dotnet/sdk/8.0.415/Sdks/Microsoft.NET.Sdk.Razor/targets/Sdk.Razor.CurrentVersion.targets" from project "/home/saidul/Desktop/K-Chief Marine Automation Platform/src/KChief.Platform.API/KChief.Platform.API.csproj" (target "PrepareForRazorGenerate" depends on it):
       Task "Warning" skipped, due to false condition; ('$(_Targeting30OrNewerRazorLangVersion)' == 'true' AND '@(ResolvedRazorConfiguration->Count())' == '0') was evaluated as ('true' == 'true' AND '1' == '0').
       Task "Warning" skipped, due to false condition; ('$(_Targeting30OrNewerRazorLangVersion)' == 'true' AND '@(ResolvedRazorConfiguration->Count())' > '1') was evaluated as ('true' == 'true' AND '1' > '1').
       Task "Warning" skipped, due to false condition; ('$(_Targeting30OrNewerRazorLangVersion)' != 'true' AND '$(_TargetingNETCoreApp30OrLater)' == 'true') was evaluated as ('true' != 'true' AND 'true' == 'true').
       Using "FindInList" task from assembly "Microsoft.Build.Tasks.Core, Version=15.1.0.0, Culture=neutral, PublicKeyToken=b03f5f7f11d50a3a".
       Task "FindInList"
         Found "MVC-3.0".
       Done executing task "FindInList".
   9:8>Done building target "ResolveRazorConfiguration" in project "KChief.Platform.API.csproj".
       Target "ResolveRazorGenerateInputs" skipped. Previously built successfully.
       Target "AssignRazorGenerateTargetPaths" skipped, due to false condition; ('@(RazorGenerate)' != '') was evaluated as ('' != '').
   9:8>Target "ResolveScopedCssInputs" in file "/usr/share/dotnet/sdk/8.0.415/Sdks/Microsoft.NET.Sdk.StaticWebAssets/targets/Microsoft.NET.Sdk.StaticWebAssets.ScopedCss.targets" from project "/home/saidul/Desktop/K-Chief Marine Automation Platform/src/KChief.Platform.API/KChief.Platform.API.csproj" (target "ComputeCssScope" depends on it):
       Using "DiscoverDefaultScopedCssItems" task from assembly "/usr/share/dotnet/sdk/8.0.415/Sdks/Microsoft.NET.Sdk.StaticWebAssets/targets/../tasks/net8.0/Microsoft.NET.Sdk.StaticWebAssets.Tasks.dll".
       Task "DiscoverDefaultScopedCssItems"
       Done executing task "DiscoverDefaultScopedCssItems".
   9:8>Done building target "ResolveScopedCssInputs" in project "KChief.Platform.API.csproj".
   9:8>Target "ComputeCssScope" in file "/usr/share/dotnet/sdk/8.0.415/Sdks/Microsoft.NET.Sdk.StaticWebAssets/targets/Microsoft.NET.Sdk.StaticWebAssets.ScopedCss.targets" from project "/home/saidul/Desktop/K-Chief Marine Automation Platform/src/KChief.Platform.API/KChief.Platform.API.csproj" (target "ResolveCssScopes" depends on it):
       Using "ComputeCssScope" task from assembly "/usr/share/dotnet/sdk/8.0.415/Sdks/Microsoft.NET.Sdk.StaticWebAssets/targets/../tasks/net8.0/Microsoft.NET.Sdk.StaticWebAssets.Tasks.dll".
       Task "ComputeCssScope"
       Done executing task "ComputeCssScope".
   9:8>Done building target "ComputeCssScope" in project "KChief.Platform.API.csproj".
   9:8>Target "ResolveRazorComponentInputs" in file "/usr/share/dotnet/sdk/8.0.415/Sdks/Microsoft.NET.Sdk.Razor/targets/Sdk.Razor.CurrentVersion.targets" from project "/home/saidul/Desktop/K-Chief Marine Automation Platform/src/KChief.Platform.API/KChief.Platform.API.csproj" (target "ResolveCssScopes" depends on it):
   9:8>Done building target "ResolveRazorComponentInputs" in project "KChief.Platform.API.csproj".
       Target "ResolveRazorGenerateInputs" skipped. Previously built successfully.
   9:8>Target "ResolveCssScopes" in file "/usr/share/dotnet/sdk/8.0.415/Sdks/Microsoft.NET.Sdk.Razor/targets/Sdk.Razor.CurrentVersion.targets" from project "/home/saidul/Desktop/K-Chief Marine Automation Platform/src/KChief.Platform.API/KChief.Platform.API.csproj" (target "AssignRazorGenerateTargetPaths" depends on it):
       Using "ApplyCssScopes" task from assembly "/usr/share/dotnet/sdk/8.0.415/Sdks/Microsoft.NET.Sdk.StaticWebAssets/targets/../tasks/net8.0/Microsoft.NET.Sdk.StaticWebAssets.Tasks.dll".
       Task "ApplyCssScopes"
       Done executing task "ApplyCssScopes".
   9:8>Done building target "ResolveCssScopes" in project "KChief.Platform.API.csproj".
   9:8>Target "_ResolveGeneratedRazorCompileInputs" in file "/usr/share/dotnet/sdk/8.0.415/Sdks/Microsoft.NET.Sdk.Razor/targets/Sdk.Razor.CurrentVersion.targets" from project "/home/saidul/Desktop/K-Chief Marine Automation Platform/src/KChief.Platform.API/KChief.Platform.API.csproj" (target "PrepareForRazorGenerate" depends on it):
   9:8>Done building target "_ResolveGeneratedRazorCompileInputs" in project "KChief.Platform.API.csproj".
       Target "_CheckForIncorrectMvcConfiguration" skipped, due to false condition; ('@(ResolvedRazorConfiguration)' == 'Default' AND
             ('$(RazorCompileOnBuild)' == 'true' OR '$(RazorCompileOnPublish)' =='true') AND
             '@(RazorGenerate->Count())' != '0' AND
             '$(_Targeting30OrNewerRazorLangVersion)' == 'true' AND
             '$(_IsTargetingRazor2X)' != 'true') was evaluated as ('MVC-3.0' == 'Default' AND
             ('true' == 'true' OR 'true' =='true') AND
             '0' != '0' AND
             'true' == 'true' AND
             '' != 'true').
   9:8>Target "PrepareForRazorGenerate" in file "/usr/share/dotnet/sdk/8.0.415/Sdks/Microsoft.NET.Sdk.Razor/targets/Sdk.Razor.CurrentVersion.targets" from project "/home/saidul/Desktop/K-Chief Marine Automation Platform/src/KChief.Platform.API/KChief.Platform.API.csproj" (target "_PrepareRazorSourceGenerators" depends on it):
   9:8>Done building target "PrepareForRazorGenerate" in project "KChief.Platform.API.csproj".
       Target "ResolveRazorConfiguration" skipped. Previously built successfully.
       Target "ResolveRazorComponentInputs" skipped. Previously built successfully.
       Target "_CheckForIncorrectComponentsConfiguration" skipped, due to false condition; (('$(RazorCompileOnBuild)' == 'true' OR '$(RazorCompileOnPublish)' =='true') AND
             '@(RazorComponent->Count())' != '0' AND
             '$(_Targeting30OrNewerRazorLangVersion)' != 'true' AND
             '$(_IsTargetingRazor2X)' != 'true') was evaluated as (('true' == 'true' OR 'true' =='true') AND
             '0' != '0' AND
             'true' != 'true' AND
             '' != 'true').
       Target "AssignRazorComponentTargetPaths" skipped, due to false condition; ('@(RazorComponent)' != '') was evaluated as ('' != '').
   9:8>Target "PrepareForRazorComponentGenerate" in file "/usr/share/dotnet/sdk/8.0.415/Sdks/Microsoft.NET.Sdk.Razor/targets/Sdk.Razor.CurrentVersion.targets" from project "/home/saidul/Desktop/K-Chief Marine Automation Platform/src/KChief.Platform.API/KChief.Platform.API.csproj" (target "_PrepareRazorSourceGenerators" depends on it):
   9:8>Done building target "PrepareForRazorComponentGenerate" in project "KChief.Platform.API.csproj".
   9:8>Target "_PrepareRazorSourceGenerators" in file "/usr/share/dotnet/sdk/8.0.415/Sdks/Microsoft.NET.Sdk.Razor/targets/Microsoft.NET.Sdk.Razor.SourceGenerators.targets" from project "/home/saidul/Desktop/K-Chief Marine Automation Platform/src/KChief.Platform.API/KChief.Platform.API.csproj" (target "GenerateMSBuildEditorConfigFileShouldRun" depends on it):
       Using "EncodeRazorInputItem" task from assembly "/usr/share/dotnet/sdk/8.0.415/Sdks/Microsoft.NET.Sdk.Razor/targets/../tasks/net8.0/Microsoft.NET.Sdk.Razor.Tasks.dll".
       Task "EncodeRazorInputItem"
       Done executing task "EncodeRazorInputItem".
   9:8>Done building target "_PrepareRazorSourceGenerators" in project "KChief.Platform.API.csproj".
   9:8>Target "GenerateMSBuildEditorConfigFileShouldRun" in file "/usr/share/dotnet/sdk/8.0.415/Roslyn/Microsoft.Managed.Core.targets" from project "/home/saidul/Desktop/K-Chief Marine Automation Platform/src/KChief.Platform.API/KChief.Platform.API.csproj" (target "GenerateMSBuildEditorConfigFile" depends on it):
   9:8>Done building target "GenerateMSBuildEditorConfigFileShouldRun" in project "KChief.Platform.API.csproj".
   9:8>Target "GenerateMSBuildEditorConfigFileCore" in file "/usr/share/dotnet/sdk/8.0.415/Roslyn/Microsoft.Managed.Core.targets" from project "/home/saidul/Desktop/K-Chief Marine Automation Platform/src/KChief.Platform.API/KChief.Platform.API.csproj" (target "GenerateMSBuildEditorConfigFile" depends on it):
       Building target "GenerateMSBuildEditorConfigFileCore" completely.
       No input files were specified.
       Using "GenerateMSBuildEditorConfig" task from assembly "/usr/share/dotnet/sdk/8.0.415/Roslyn/Microsoft.Build.Tasks.CodeAnalysis.dll".
       Task "GenerateMSBuildEditorConfig"
       Done executing task "GenerateMSBuildEditorConfig".
   9:8>Done building target "GenerateMSBuildEditorConfigFileCore" in project "KChief.Platform.API.csproj".
   9:8>Target "GenerateMSBuildEditorConfigFile" in file "/usr/share/dotnet/sdk/8.0.415/Roslyn/Microsoft.Managed.Core.targets" from project "/home/saidul/Desktop/K-Chief Marine Automation Platform/src/KChief.Platform.API/KChief.Platform.API.csproj" (target "BeforeCompile" depends on it):
   9:8>Done building target "GenerateMSBuildEditorConfigFile" in project "KChief.Platform.API.csproj".
       Target "PrepareForBuild" skipped. Previously built successfully.
       Target "GetReferenceAssemblyPaths" skipped. Previously built successfully.
   9:8>Target "_SetTargetFrameworkMonikerAttribute" in file "/usr/share/dotnet/sdk/8.0.415/Microsoft.CSharp.CurrentVersion.targets" from project "/home/saidul/Desktop/K-Chief Marine Automation Platform/src/KChief.Platform.API/KChief.Platform.API.csproj" (target "GenerateTargetFrameworkMonikerAttribute" depends on it):
   9:8>Done building target "_SetTargetFrameworkMonikerAttribute" in project "KChief.Platform.API.csproj".
   9:8>Target "GenerateTargetFrameworkMonikerAttribute" in file "/usr/share/dotnet/sdk/8.0.415/Microsoft.Common.CurrentVersion.targets" from project "/home/saidul/Desktop/K-Chief Marine Automation Platform/src/KChief.Platform.API/KChief.Platform.API.csproj" (target "BeforeCompile" depends on it):
       Skipping target "GenerateTargetFrameworkMonikerAttribute" because all output files are up-to-date with respect to the input files.
       Input files: /usr/share/dotnet/sdk/8.0.415/Microsoft.Common.targets
       Output files: obj/Release/net8.0/.NETCoreApp,Version=v8.0.AssemblyAttributes.cs
   9:8>Done building target "GenerateTargetFrameworkMonikerAttribute" in project "KChief.Platform.API.csproj".
       Target "GenerateAdditionalSources" skipped, due to false condition; ('@(AssemblyAttributes)' != '' and '$(GenerateAdditionalSources)' == 'true') was evaluated as ('' != '' and '' == 'true').
       Target "PrepareForBuild" skipped. Previously built successfully.
   9:8>Target "GetAssemblyVersion" in file "/usr/share/dotnet/sdk/8.0.415/Sdks/Microsoft.NET.Sdk/targets/Microsoft.NET.GenerateAssemblyInfo.targets" from project "/home/saidul/Desktop/K-Chief Marine Automation Platform/src/KChief.Platform.API/KChief.Platform.API.csproj" (target "GetAssemblyAttributes" depends on it):
       Using "GetAssemblyVersion" task from assembly "/usr/share/dotnet/sdk/8.0.415/Sdks/Microsoft.NET.Sdk/targets/../tools/net8.0/Microsoft.NET.Build.Tasks.dll".
       Task "GetAssemblyVersion"
       Done executing task "GetAssemblyVersion".
   9:8>Done building target "GetAssemblyVersion" in project "KChief.Platform.API.csproj".
       Target "GetAssemblyVersion" skipped. Previously built successfully.
   9:8>Target "InitializeSourceControlInformationFromSourceControlManager" in file "/usr/share/dotnet/sdk/8.0.415/Sdks/Microsoft.Build.Tasks.Git/build/Microsoft.Build.Tasks.Git.targets" from project "/home/saidul/Desktop/K-Chief Marine Automation Platform/src/KChief.Platform.API/KChief.Platform.API.csproj" (target "_InitializeSourceControlInformationFromSourceControlManager" depends on it):
       Using "Microsoft.Build.Tasks.Git.LocateRepository" task from assembly "/usr/share/dotnet/sdk/8.0.415/Sdks/Microsoft.Build.Tasks.Git/build/../tools/core/Microsoft.Build.Tasks.Git.dll".
       Task "Microsoft.Build.Tasks.Git.LocateRepository"
         SourceLink: Repository instance not found in cache: '*:/home/saidul/Desktop/K-Chief Marine Automation Platform/.git'
       Done executing task "Microsoft.Build.Tasks.Git.LocateRepository".
   9:8>Done building target "InitializeSourceControlInformationFromSourceControlManager" in project "KChief.Platform.API.csproj".
   9:8>Target "_SourceLinkHasSingleProvider" in file "/usr/share/dotnet/sdk/8.0.415/Sdks/Microsoft.SourceLink.Common/build/InitializeSourceControlInformation.targets" from project "/home/saidul/Desktop/K-Chief Marine Automation Platform/src/KChief.Platform.API/KChief.Platform.API.csproj" (target "_InitializeSourceControlInformationFromSourceControlManager" depends on it):
       Using "Microsoft.SourceLink.Common.SourceLinkHasSingleProvider" task from assembly "/usr/share/dotnet/sdk/8.0.415/Sdks/Microsoft.SourceLink.Common/build/../tools/core/Microsoft.SourceLink.Common.dll".
       Task "Microsoft.SourceLink.Common.SourceLinkHasSingleProvider"
       Done executing task "Microsoft.SourceLink.Common.SourceLinkHasSingleProvider".
   9:8>Done building target "_SourceLinkHasSingleProvider" in project "KChief.Platform.API.csproj".
   9:8>Target "TranslateGitHubUrlsInSourceControlInformation" in file "/usr/share/dotnet/sdk/8.0.415/Sdks/Microsoft.SourceLink.GitHub/build/Microsoft.SourceLink.GitHub.targets" from project "/home/saidul/Desktop/K-Chief Marine Automation Platform/src/KChief.Platform.API/KChief.Platform.API.csproj" (target "_InitializeSourceControlInformationFromSourceControlManager" depends on it):
       Using "Microsoft.SourceLink.GitHub.TranslateRepositoryUrls" task from assembly "/usr/share/dotnet/sdk/8.0.415/Sdks/Microsoft.SourceLink.GitHub/build/../tools/core/Microsoft.SourceLink.GitHub.dll".
       Task "Microsoft.SourceLink.GitHub.TranslateRepositoryUrls"
       Done executing task "Microsoft.SourceLink.GitHub.TranslateRepositoryUrls".
   9:8>Done building target "TranslateGitHubUrlsInSourceControlInformation" in project "KChief.Platform.API.csproj".
   9:8>Target "TranslateGitLabUrlsInSourceControlInformation" in file "/usr/share/dotnet/sdk/8.0.415/Sdks/Microsoft.SourceLink.GitLab/build/Microsoft.SourceLink.GitLab.targets" from project "/home/saidul/Desktop/K-Chief Marine Automation Platform/src/KChief.Platform.API/KChief.Platform.API.csproj" (target "_InitializeSourceControlInformationFromSourceControlManager" depends on it):
       Using "Microsoft.SourceLink.GitLab.TranslateRepositoryUrls" task from assembly "/usr/share/dotnet/sdk/8.0.415/Sdks/Microsoft.SourceLink.GitLab/build/../tools/core/Microsoft.SourceLink.GitLab.dll".
       Task "Microsoft.SourceLink.GitLab.TranslateRepositoryUrls"
       Done executing task "Microsoft.SourceLink.GitLab.TranslateRepositoryUrls".
   9:8>Done building target "TranslateGitLabUrlsInSourceControlInformation" in project "KChief.Platform.API.csproj".
   9:8>Target "TranslateAzureReposGitUrlsInSourceControlInformation" in file "/usr/share/dotnet/sdk/8.0.415/Sdks/Microsoft.SourceLink.AzureRepos.Git/build/Microsoft.SourceLink.AzureRepos.Git.targets" from project "/home/saidul/Desktop/K-Chief Marine Automation Platform/src/KChief.Platform.API/KChief.Platform.API.csproj" (target "_InitializeSourceControlInformationFromSourceControlManager" depends on it):
       Using "Microsoft.SourceLink.AzureRepos.Git.TranslateRepositoryUrls" task from assembly "/usr/share/dotnet/sdk/8.0.415/Sdks/Microsoft.SourceLink.AzureRepos.Git/build/../tools/core/Microsoft.SourceLink.AzureRepos.Git.dll".
       Task "Microsoft.SourceLink.AzureRepos.Git.TranslateRepositoryUrls"
       Done executing task "Microsoft.SourceLink.AzureRepos.Git.TranslateRepositoryUrls".
   9:8>Done building target "TranslateAzureReposGitUrlsInSourceControlInformation" in project "KChief.Platform.API.csproj".
   9:8>Target "TranslateBitbucketGitUrlsInSourceControlInformation" in file "/usr/share/dotnet/sdk/8.0.415/Sdks/Microsoft.SourceLink.Bitbucket.Git/build/Microsoft.SourceLink.Bitbucket.Git.targets" from project "/home/saidul/Desktop/K-Chief Marine Automation Platform/src/KChief.Platform.API/KChief.Platform.API.csproj" (target "_InitializeSourceControlInformationFromSourceControlManager" depends on it):
       Using "Microsoft.SourceLink.Bitbucket.Git.TranslateRepositoryUrls" task from assembly "/usr/share/dotnet/sdk/8.0.415/Sdks/Microsoft.SourceLink.Bitbucket.Git/build/../tools/core/Microsoft.SourceLink.Bitbucket.Git.dll".
       Task "Microsoft.SourceLink.Bitbucket.Git.TranslateRepositoryUrls"
       Done executing task "Microsoft.SourceLink.Bitbucket.Git.TranslateRepositoryUrls".
   9:8>Done building target "TranslateBitbucketGitUrlsInSourceControlInformation" in project "KChief.Platform.API.csproj".
   9:8>Target "SourceControlManagerPublishTranslatedUrls" in file "/usr/share/dotnet/sdk/8.0.415/Sdks/Microsoft.SourceLink.Common/build/InitializeSourceControlInformation.targets" from project "/home/saidul/Desktop/K-Chief Marine Automation Platform/src/KChief.Platform.API/KChief.Platform.API.csproj" (target "_InitializeSourceControlInformationFromSourceControlManager" depends on it):
   9:8>Done building target "SourceControlManagerPublishTranslatedUrls" in project "KChief.Platform.API.csproj".
   9:8>Target "_InitializeSourceControlInformationFromSourceControlManager" in file "/usr/share/dotnet/sdk/8.0.415/Sdks/Microsoft.SourceLink.Common/build/InitializeSourceControlInformation.targets" from project "/home/saidul/Desktop/K-Chief Marine Automation Platform/src/KChief.Platform.API/KChief.Platform.API.csproj" (target "InitializeSourceControlInformation" depends on it):
   9:8>Done building target "_InitializeSourceControlInformationFromSourceControlManager" in project "KChief.Platform.API.csproj".
   9:8>Target "InitializeSourceControlInformation" in file "/usr/share/dotnet/sdk/8.0.415/Microsoft.Common.CurrentVersion.targets" from project "/home/saidul/Desktop/K-Chief Marine Automation Platform/src/KChief.Platform.API/KChief.Platform.API.csproj" (target "AddSourceRevisionToInformationalVersion" depends on it):
   9:8>Done building target "InitializeSourceControlInformation" in project "KChief.Platform.API.csproj".
   9:8>Target "AddSourceRevisionToInformationalVersion" in file "/usr/share/dotnet/sdk/8.0.415/Sdks/Microsoft.NET.Sdk/targets/Microsoft.NET.GenerateAssemblyInfo.targets" from project "/home/saidul/Desktop/K-Chief Marine Automation Platform/src/KChief.Platform.API/KChief.Platform.API.csproj" (target "GetAssemblyAttributes" depends on it):
   9:8>Done building target "AddSourceRevisionToInformationalVersion" in project "KChief.Platform.API.csproj".
       Target "_GetUserSecretsAssemblyAttribute" skipped, due to false condition; ( '$(UserSecretsId)' != '' AND '$(GenerateUserSecretsAttribute)' != 'false' AND '$(GeneratedUserSecretsAttributeFile)' == '' ) was evaluated as ( '' != '' AND '' != 'false' AND '' == '' ).
   9:8>Target "GetAssemblyAttributes" in file "/usr/share/dotnet/sdk/8.0.415/Sdks/Microsoft.NET.Sdk/targets/Microsoft.NET.GenerateAssemblyInfo.targets" from project "/home/saidul/Desktop/K-Chief Marine Automation Platform/src/KChief.Platform.API/KChief.Platform.API.csproj" (target "CreateGeneratedAssemblyInfoInputsCacheFile" depends on it):
   9:8>Done building target "GetAssemblyAttributes" in project "KChief.Platform.API.csproj".
   9:8>Target "CreateGeneratedAssemblyInfoInputsCacheFile" in file "/usr/share/dotnet/sdk/8.0.415/Sdks/Microsoft.NET.Sdk/targets/Microsoft.NET.GenerateAssemblyInfo.targets" from project "/home/saidul/Desktop/K-Chief Marine Automation Platform/src/KChief.Platform.API/KChief.Platform.API.csproj" (target "CoreGenerateAssemblyInfo" depends on it):
       Using "Hash" task from assembly "Microsoft.Build.Tasks.Core, Version=15.1.0.0, Culture=neutral, PublicKeyToken=b03f5f7f11d50a3a".
       Task "Hash"
       Done executing task "Hash".
       Task "WriteLinesToFile"
       Done executing task "WriteLinesToFile".
   9:8>Done building target "CreateGeneratedAssemblyInfoInputsCacheFile" in project "KChief.Platform.API.csproj".
   9:8>Target "CoreGenerateAssemblyInfo" in file "/usr/share/dotnet/sdk/8.0.415/Sdks/Microsoft.NET.Sdk/targets/Microsoft.NET.GenerateAssemblyInfo.targets" from project "/home/saidul/Desktop/K-Chief Marine Automation Platform/src/KChief.Platform.API/KChief.Platform.API.csproj" (target "GenerateAssemblyInfo" depends on it):
       Building target "CoreGenerateAssemblyInfo" completely.
       Input file "obj/Release/net8.0/KChief.Platform.API.AssemblyInfoInputs.cache" is newer than output file "obj/Release/net8.0/KChief.Platform.API.AssemblyInfo.cs".
       Using "WriteCodeFragment" task from assembly "Microsoft.Build.Tasks.Core, Version=15.1.0.0, Culture=neutral, PublicKeyToken=b03f5f7f11d50a3a".
       Task "WriteCodeFragment"
         Emitted specified code into "obj/Release/net8.0/KChief.Platform.API.AssemblyInfo.cs".
       Done executing task "WriteCodeFragment".
   9:8>Done building target "CoreGenerateAssemblyInfo" in project "KChief.Platform.API.csproj".
   9:8>Target "GenerateAssemblyInfo" in file "/usr/share/dotnet/sdk/8.0.415/Sdks/Microsoft.NET.Sdk/targets/Microsoft.NET.GenerateAssemblyInfo.targets" from project "/home/saidul/Desktop/K-Chief Marine Automation Platform/src/KChief.Platform.API/KChief.Platform.API.csproj" (target "BeforeCompile" depends on it):
   9:8>Done building target "GenerateAssemblyInfo" in project "KChief.Platform.API.csproj".
   9:8>Target "BeforeCompile" in file "/usr/share/dotnet/sdk/8.0.415/Microsoft.Common.CurrentVersion.targets" from project "/home/saidul/Desktop/K-Chief Marine Automation Platform/src/KChief.Platform.API/KChief.Platform.API.csproj" (target "Compile" depends on it):
   9:8>Done building target "BeforeCompile" in project "KChief.Platform.API.csproj".
       Target "_TimeStampBeforeCompile" skipped, due to false condition; ('$(RunPostBuildEvent)'=='OnOutputUpdated' or ('$(RegisterForComInterop)'=='true' and '$(OutputType)'=='library')) was evaluated as (''=='OnOutputUpdated' or (''=='true' and 'Exe'=='library')).
       Target "ResolveAssemblyReferences" skipped. Previously built successfully.
   9:8>Target "_GenerateCompileDependencyCache" in file "/usr/share/dotnet/sdk/8.0.415/Microsoft.Common.CurrentVersion.targets" from project "/home/saidul/Desktop/K-Chief Marine Automation Platform/src/KChief.Platform.API/KChief.Platform.API.csproj" (target "Compile" depends on it):
       Task "Hash"
       Done executing task "Hash".
       Task "WriteLinesToFile"
       Done executing task "WriteLinesToFile".
   9:8>Done building target "_GenerateCompileDependencyCache" in project "KChief.Platform.API.csproj".
       Target "ResolveAssemblyReferences" skipped. Previously built successfully.
   9:8>Target "_DiscoverMvcApplicationParts" in file "/usr/share/dotnet/sdk/8.0.415/Sdks/Microsoft.NET.Sdk.Razor/targets/Microsoft.NET.Sdk.Razor.MvcApplicationPartsDiscovery.targets" from project "/home/saidul/Desktop/K-Chief Marine Automation Platform/src/KChief.Platform.API/KChief.Platform.API.csproj" (target "CoreCompile" depends on it):
       Building target "_DiscoverMvcApplicationParts" completely.
       Input file "/home/saidul/Desktop/K-Chief Marine Automation Platform/src/KChief.Platform.API/obj/project.assets.json" is newer than output file "obj/Release/net8.0/KChief.Platform.API.MvcApplicationPartsAssemblyInfo.cache".
       Using "FindAssembliesWithReferencesTo" task from assembly "/usr/share/dotnet/sdk/8.0.415/Sdks/Microsoft.NET.Sdk.Razor/targets/../tasks/net8.0/Microsoft.NET.Sdk.Razor.Tasks.dll".
       Task "FindAssembliesWithReferencesTo"
       Done executing task "FindAssembliesWithReferencesTo".
       Task "WriteCodeFragment"
         Could not infer the type of parameter "#1" because the attribute type is unknown. The value will be treated as a string.
         Could not infer the type of parameter "#1" because the attribute type is unknown. The value will be treated as a string.
         Could not infer the type of parameter "#1" because the attribute type is unknown. The value will be treated as a string.
         Emitted specified code into "obj/Release/net8.0/KChief.Platform.API.MvcApplicationPartsAssemblyInfo.cs".
       Done executing task "WriteCodeFragment".
       Task "Delete" skipped, due to false condition; ('@(_ApplicationPartAssemblyNames->Count())' == '0' AND Exists('$(_MvcApplicationPartAttributeGeneratedFile)')) was evaluated as ('3' == '0' AND Exists('obj/Release/net8.0/KChief.Platform.API.MvcApplicationPartsAssemblyInfo.cs')).
       Using "Touch" task from assembly "Microsoft.Build.Tasks.Core, Version=15.1.0.0, Culture=neutral, PublicKeyToken=b03f5f7f11d50a3a".
       Task "Touch"
         Touching "obj/Release/net8.0/KChief.Platform.API.MvcApplicationPartsAssemblyInfo.cache".
       Done executing task "Touch".
   9:8>Done building target "_DiscoverMvcApplicationParts" in project "KChief.Platform.API.csproj".
       Target "_ComputeNonExistentFileProperty" skipped, due to false condition; (('$(BuildingInsideVisualStudio)' == 'true') and ('$(BuildingOutOfProcess)' != 'true') and (('$(BuildingProject)' == 'false') or ('$(UseHostCompilerIfAvailable)' == 'true'))) was evaluated as (('' == 'true') and ('' != 'true') and (('true' == 'false') or ('true' == 'true'))).
       Target "ResolveCodeAnalysisRuleSet" skipped, due to false condition; ('$(CodeAnalysisRuleSet)' != '') was evaluated as ('' != '').
       Target "ResolveRazorGenerateInputs" skipped. Previously built successfully.
   9:8>Target "_ResolveMvcAssemblyAttributes" in file "/usr/share/dotnet/sdk/8.0.415/Sdks/Microsoft.NET.Sdk.Razor/targets/Microsoft.NET.Sdk.Razor.Configuration.targets" from project "/home/saidul/Desktop/K-Chief Marine Automation Platform/src/KChief.Platform.API/KChief.Platform.API.csproj" (target "_GenerateRazorAssemblyInfo" depends on it):
   9:8>Done building target "_ResolveMvcAssemblyAttributes" in project "KChief.Platform.API.csproj".
       Target "RazorGetAssemblyAttributes" skipped, due to false condition; ('$(GenerateRazorHostingAssemblyInfo)'=='true' and '$(RazorDefaultConfiguration)'!='') was evaluated as (''=='true' and 'MVC-3.0'!='').
       Target "PrepareForBuild" skipped. Previously built successfully.
       Target "_CoreGenerateRazorAssemblyInfo" skipped, due to false condition; ('$(GenerateRazorAssemblyInfo)' == 'true' AND '@(_RazorAssemblyAttribute)' != '') was evaluated as ('' == 'true' AND '' != '').
   9:8>Target "_GenerateRazorAssemblyInfo" in file "/usr/share/dotnet/sdk/8.0.415/Sdks/Microsoft.NET.Sdk.Razor/targets/Microsoft.NET.Sdk.Razor.GenerateAssemblyInfo.targets" from project "/home/saidul/Desktop/K-Chief Marine Automation Platform/src/KChief.Platform.API/KChief.Platform.API.csproj" (target "CoreCompile" depends on it):
   9:8>Done building target "_GenerateRazorAssemblyInfo" in project "KChief.Platform.API.csproj".
       Target "ShimReferencePathsWhenCommonTargetsDoesNotUnderstandReferenceAssemblies" skipped, due to false condition; ('@(ReferencePathWithRefAssemblies)' == '') was evaluated as ('/home/saidul/.nuget/packages/azure.core/1.25.0/lib/net5.0/Azure.Core.dll;/home/saidul/.nuget/packages/azure.identity/1.7.0/lib/netstandard2.0/Azure.Identity.dll;/home/saidul/.nuget/packages/bcrypt.net-next/4.0.3/lib/net6.0/BCrypt.Net-Next.dll;...' == '').
   9:8>Target "_BeforeVBCSCoreCompile" in file "/usr/share/dotnet/sdk/8.0.415/Roslyn/Microsoft.Managed.Core.targets" from project "/home/saidul/Desktop/K-Chief Marine Automation Platform/src/KChief.Platform.API/KChief.Platform.API.csproj" (target "CoreCompile" depends on it):
   9:8>Done building target "_BeforeVBCSCoreCompile" in project "KChief.Platform.API.csproj".
       Target "AdjustDefaultPlatformTargetForNetFrameworkExeWithNoNativeCopyLocalItems" skipped, due to false condition; ('$(_UsingDefaultPlatformTarget)' == 'true' and
                            '$(_UsingDefaultRuntimeIdentifier)' == 'true') was evaluated as ('true' == 'true' and
                            '' == 'true').
       Target "_DisableDiagnosticTracing" skipped, due to false condition; ('$(DisableDiagnosticTracing)' == 'true') was evaluated as ('' == 'true').
       Target "GenerateTargetPlatformDefineConstants" skipped, due to false condition; ( '$(DisableImplicitFrameworkDefines)' != 'true' and '$(TargetPlatformIdentifier)' != '' and '$(TargetFrameworkIdentifier)' == '.NETCoreApp' and $([MSBuild]::VersionGreaterThanOrEquals($(TargetFrameworkVersion), 5.0)) ) was evaluated as ( '' != 'true' and '' != '' and '.NETCoreApp' == '.NETCoreApp' and True ).
   9:8>Target "GenerateNETCompatibleDefineConstants" in file "/usr/share/dotnet/sdk/8.0.415/Sdks/Microsoft.NET.Sdk/targets/Microsoft.NET.Sdk.BeforeCommon.targets" from project "/home/saidul/Desktop/K-Chief Marine Automation Platform/src/KChief.Platform.API/KChief.Platform.API.csproj" (target "AddImplicitDefineConstants" depends on it):
   9:8>Done building target "GenerateNETCompatibleDefineConstants" in project "KChief.Platform.API.csproj".
       Target "GeneratePlatformCompatibleDefineConstants" skipped, due to false condition; ( '$(DisableImplicitFrameworkDefines)' != 'true' and '$(TargetPlatformIdentifier)' != '' and '$(TargetFrameworkIdentifier)' == '.NETCoreApp' and $([MSBuild]::VersionGreaterThanOrEquals($(TargetFrameworkVersion), 5.0)) ) was evaluated as ( '' != 'true' and '' != '' and '.NETCoreApp' == '.NETCoreApp' and True ).
       Target "_DisableDiagnosticTracing" skipped, due to false condition; ('$(DisableDiagnosticTracing)' == 'true') was evaluated as ('' == 'true').
   9:8>Target "AddImplicitDefineConstants" in file "/usr/share/dotnet/sdk/8.0.415/Sdks/Microsoft.NET.Sdk/targets/Microsoft.NET.Sdk.BeforeCommon.targets" from project "/home/saidul/Desktop/K-Chief Marine Automation Platform/src/KChief.Platform.API/KChief.Platform.API.csproj" (target "CoreCompile" depends on it):
   9:8>Done building target "AddImplicitDefineConstants" in project "KChief.Platform.API.csproj".
       Target "ShimReferencePathsWhenCommonTargetsDoesNotUnderstandReferenceAssemblies" skipped, due to false condition; ('@(ReferencePathWithRefAssemblies)' == '') was evaluated as ('/home/saidul/.nuget/packages/azure.core/1.25.0/lib/net5.0/Azure.Core.dll;/home/saidul/.nuget/packages/azure.identity/1.7.0/lib/netstandard2.0/Azure.Identity.dll;/home/saidul/.nuget/packages/bcrypt.net-next/4.0.3/lib/net6.0/BCrypt.Net-Next.dll;...' == '').
   9:8>Target "_ComputeSkipAnalyzers" in file "/usr/share/dotnet/sdk/8.0.415/Roslyn/Microsoft.Managed.Core.targets" from project "/home/saidul/Desktop/K-Chief Marine Automation Platform/src/KChief.Platform.API/KChief.Platform.API.csproj" (target "CoreCompile" depends on it):
       Task "ShowMessageForImplicitlySkipAnalyzers" skipped, due to false condition; ('$(_ImplicitlySkipAnalyzers)' == 'true') was evaluated as ('' == 'true').
   9:8>Done building target "_ComputeSkipAnalyzers" in project "KChief.Platform.API.csproj".
       Target "_SetPathMapFromSourceRoots" skipped, due to false condition; ('$(DeterministicSourcePaths)' == 'true') was evaluated as ('' == 'true').
       Target "CreateCompilerGeneratedFilesOutputPath" skipped, due to false condition; ('$(EmitCompilerGeneratedFiles)' == 'true' and !('$(DesignTimeBuild)' == 'true' OR '$(BuildingProject)' != 'true')) was evaluated as ('false' == 'true' and !('' == 'true' OR 'true' != 'true')).
       Target "BeforeCompile" skipped. Previously built successfully.
       Target "InitializeSourceControlInformationFromSourceControlManager" skipped. Previously built successfully.
   9:8>Target "SetEmbeddedFilesFromSourceControlManagerUntrackedFiles" in file "/usr/share/dotnet/sdk/8.0.415/Sdks/Microsoft.Build.Tasks.Git/build/Microsoft.Build.Tasks.Git.targets" from project "/home/saidul/Desktop/K-Chief Marine Automation Platform/src/KChief.Platform.API/KChief.Platform.API.csproj" (target "_SetEmbeddedFilesFromSourceControlManagerUntrackedFiles" depends on it):
       Using "Microsoft.Build.Tasks.Git.GetUntrackedFiles" task from assembly "/usr/share/dotnet/sdk/8.0.415/Sdks/Microsoft.Build.Tasks.Git/build/../tools/core/Microsoft.Build.Tasks.Git.dll".
       Task "Microsoft.Build.Tasks.Git.GetUntrackedFiles"
         SourceLink: Reusing cached git repository information.
       Done executing task "Microsoft.Build.Tasks.Git.GetUntrackedFiles".
   9:8>Done building target "SetEmbeddedFilesFromSourceControlManagerUntrackedFiles" in project "KChief.Platform.API.csproj".
   9:8>Target "_SetEmbeddedFilesFromSourceControlManagerUntrackedFiles" in file "/usr/share/dotnet/sdk/8.0.415/Sdks/Microsoft.SourceLink.Common/build/Microsoft.SourceLink.Common.targets" from project "/home/saidul/Desktop/K-Chief Marine Automation Platform/src/KChief.Platform.API/KChief.Platform.API.csproj" (target "CoreCompile" depends on it):
   9:8>Done building target "_SetEmbeddedFilesFromSourceControlManagerUntrackedFiles" in project "KChief.Platform.API.csproj".
       Target "InitializeSourceControlInformation" skipped. Previously built successfully.
   9:8>Target "_SetSourceLinkFilePath" in file "/usr/share/dotnet/sdk/8.0.415/Sdks/Microsoft.SourceLink.Common/build/Microsoft.SourceLink.Common.targets" from project "/home/saidul/Desktop/K-Chief Marine Automation Platform/src/KChief.Platform.API/KChief.Platform.API.csproj" (target "_GenerateSourceLinkFile" depends on it):
   9:8>Done building target "_SetSourceLinkFilePath" in project "KChief.Platform.API.csproj".
       Target "InitializeSourceControlInformation" skipped. Previously built successfully.
   9:8>Target "_InitializeSourceRootMappedPathsFromSourceControl" in file "/usr/share/dotnet/sdk/8.0.415/Roslyn/Microsoft.Managed.Core.targets" from project "/home/saidul/Desktop/K-Chief Marine Automation Platform/src/KChief.Platform.API/KChief.Platform.API.csproj" (target "InitializeSourceRootMappedPaths" depends on it):
   9:8>Done building target "_InitializeSourceRootMappedPathsFromSourceControl" in project "KChief.Platform.API.csproj".
   9:8>Target "InitializeSourceRootMappedPaths" in file "/usr/share/dotnet/sdk/8.0.415/Roslyn/Microsoft.Managed.Core.targets" from project "/home/saidul/Desktop/K-Chief Marine Automation Platform/src/KChief.Platform.API/KChief.Platform.API.csproj" (target "_InitializeSourceRootMappedPathsOpt" depends on it):
       Using "Microsoft.CodeAnalysis.BuildTasks.MapSourceRoots" task from assembly "/usr/share/dotnet/sdk/8.0.415/Roslyn/Microsoft.Build.Tasks.CodeAnalysis.dll".
       Task "Microsoft.CodeAnalysis.BuildTasks.MapSourceRoots"
       Done executing task "Microsoft.CodeAnalysis.BuildTasks.MapSourceRoots".
   9:8>Done building target "InitializeSourceRootMappedPaths" in project "KChief.Platform.API.csproj".
   9:8>Target "_InitializeSourceRootMappedPathsOpt" in file "/usr/share/dotnet/sdk/8.0.415/Sdks/Microsoft.SourceLink.Common/build/Microsoft.SourceLink.Common.targets" from project "/home/saidul/Desktop/K-Chief Marine Automation Platform/src/KChief.Platform.API/KChief.Platform.API.csproj" (target "_GenerateSourceLinkFile" depends on it):
   9:8>Done building target "_InitializeSourceRootMappedPathsOpt" in project "KChief.Platform.API.csproj".
   9:8>Target "_InitializeGitHubSourceLinkUrl" in file "/usr/share/dotnet/sdk/8.0.415/Sdks/Microsoft.SourceLink.GitHub/build/Microsoft.SourceLink.GitHub.targets" from project "/home/saidul/Desktop/K-Chief Marine Automation Platform/src/KChief.Platform.API/KChief.Platform.API.csproj" (target "_GenerateSourceLinkFile" depends on it):
       Building target "_InitializeGitHubSourceLinkUrl" completely.
       No input files were specified.
       Using "Microsoft.SourceLink.GitHub.GetSourceLinkUrl" task from assembly "/usr/share/dotnet/sdk/8.0.415/Sdks/Microsoft.SourceLink.GitHub/build/../tools/core/Microsoft.SourceLink.GitHub.dll".
       Task "Microsoft.SourceLink.GitHub.GetSourceLinkUrl"
       Done executing task "Microsoft.SourceLink.GitHub.GetSourceLinkUrl".
   9:8>Done building target "_InitializeGitHubSourceLinkUrl" in project "KChief.Platform.API.csproj".
   9:8>Target "_InitializeGitHubSourceLinkUrl" in file "/usr/share/dotnet/sdk/8.0.415/Sdks/Microsoft.SourceLink.GitHub/build/Microsoft.SourceLink.GitHub.targets" from project "/home/saidul/Desktop/K-Chief Marine Automation Platform/src/KChief.Platform.API/KChief.Platform.API.csproj" (target "_GenerateSourceLinkFile" depends on it):
       Building target "_InitializeGitHubSourceLinkUrl" completely.
       No input files were specified.
       Task "Microsoft.SourceLink.GitHub.GetSourceLinkUrl"
       Done executing task "Microsoft.SourceLink.GitHub.GetSourceLinkUrl".
   9:8>Done building target "_InitializeGitHubSourceLinkUrl" in project "KChief.Platform.API.csproj".
   9:8>Target "_InitializeGitLabSourceLinkUrl" in file "/usr/share/dotnet/sdk/8.0.415/Sdks/Microsoft.SourceLink.GitLab/build/Microsoft.SourceLink.GitLab.targets" from project "/home/saidul/Desktop/K-Chief Marine Automation Platform/src/KChief.Platform.API/KChief.Platform.API.csproj" (target "_GenerateSourceLinkFile" depends on it):
       Building target "_InitializeGitLabSourceLinkUrl" completely.
       No input files were specified.
       Using "Microsoft.SourceLink.GitLab.GetSourceLinkUrl" task from assembly "/usr/share/dotnet/sdk/8.0.415/Sdks/Microsoft.SourceLink.GitLab/build/../tools/core/Microsoft.SourceLink.GitLab.dll".
       Task "Microsoft.SourceLink.GitLab.GetSourceLinkUrl"
       Done executing task "Microsoft.SourceLink.GitLab.GetSourceLinkUrl".
   9:8>Done building target "_InitializeGitLabSourceLinkUrl" in project "KChief.Platform.API.csproj".
   9:8>Target "_InitializeGitLabSourceLinkUrl" in file "/usr/share/dotnet/sdk/8.0.415/Sdks/Microsoft.SourceLink.GitLab/build/Microsoft.SourceLink.GitLab.targets" from project "/home/saidul/Desktop/K-Chief Marine Automation Platform/src/KChief.Platform.API/KChief.Platform.API.csproj" (target "_GenerateSourceLinkFile" depends on it):
       Building target "_InitializeGitLabSourceLinkUrl" completely.
       No input files were specified.
       Task "Microsoft.SourceLink.GitLab.GetSourceLinkUrl"
       Done executing task "Microsoft.SourceLink.GitLab.GetSourceLinkUrl".
   9:8>Done building target "_InitializeGitLabSourceLinkUrl" in project "KChief.Platform.API.csproj".
   9:8>Target "_InitializeAzureReposGitSourceLinkUrl" in file "/usr/share/dotnet/sdk/8.0.415/Sdks/Microsoft.SourceLink.AzureRepos.Git/build/Microsoft.SourceLink.AzureRepos.Git.targets" from project "/home/saidul/Desktop/K-Chief Marine Automation Platform/src/KChief.Platform.API/KChief.Platform.API.csproj" (target "_GenerateSourceLinkFile" depends on it):
       Building target "_InitializeAzureReposGitSourceLinkUrl" completely.
       No input files were specified.
       Using "Microsoft.SourceLink.AzureRepos.Git.GetSourceLinkUrl" task from assembly "/usr/share/dotnet/sdk/8.0.415/Sdks/Microsoft.SourceLink.AzureRepos.Git/build/../tools/core/Microsoft.SourceLink.AzureRepos.Git.dll".
       Task "Microsoft.SourceLink.AzureRepos.Git.GetSourceLinkUrl"
       Done executing task "Microsoft.SourceLink.AzureRepos.Git.GetSourceLinkUrl".
   9:8>Done building target "_InitializeAzureReposGitSourceLinkUrl" in project "KChief.Platform.API.csproj".
   9:8>Target "_InitializeAzureReposGitSourceLinkUrl" in file "/usr/share/dotnet/sdk/8.0.415/Sdks/Microsoft.SourceLink.AzureRepos.Git/build/Microsoft.SourceLink.AzureRepos.Git.targets" from project "/home/saidul/Desktop/K-Chief Marine Automation Platform/src/KChief.Platform.API/KChief.Platform.API.csproj" (target "_GenerateSourceLinkFile" depends on it):
       Building target "_InitializeAzureReposGitSourceLinkUrl" completely.
       No input files were specified.
       Task "Microsoft.SourceLink.AzureRepos.Git.GetSourceLinkUrl"
       Done executing task "Microsoft.SourceLink.AzureRepos.Git.GetSourceLinkUrl".
   9:8>Done building target "_InitializeAzureReposGitSourceLinkUrl" in project "KChief.Platform.API.csproj".
   9:8>Target "_InitializeBitbucketGitSourceLinkUrl" in file "/usr/share/dotnet/sdk/8.0.415/Sdks/Microsoft.SourceLink.Bitbucket.Git/build/Microsoft.SourceLink.Bitbucket.Git.targets" from project "/home/saidul/Desktop/K-Chief Marine Automation Platform/src/KChief.Platform.API/KChief.Platform.API.csproj" (target "_GenerateSourceLinkFile" depends on it):
       Building target "_InitializeBitbucketGitSourceLinkUrl" completely.
       No input files were specified.
       Using "Microsoft.SourceLink.Bitbucket.Git.GetSourceLinkUrl" task from assembly "/usr/share/dotnet/sdk/8.0.415/Sdks/Microsoft.SourceLink.Bitbucket.Git/build/../tools/core/Microsoft.SourceLink.Bitbucket.Git.dll".
       Task "Microsoft.SourceLink.Bitbucket.Git.GetSourceLinkUrl"
       Done executing task "Microsoft.SourceLink.Bitbucket.Git.GetSourceLinkUrl".
   9:8>Done building target "_InitializeBitbucketGitSourceLinkUrl" in project "KChief.Platform.API.csproj".
   9:8>Target "_InitializeBitbucketGitSourceLinkUrl" in file "/usr/share/dotnet/sdk/8.0.415/Sdks/Microsoft.SourceLink.Bitbucket.Git/build/Microsoft.SourceLink.Bitbucket.Git.targets" from project "/home/saidul/Desktop/K-Chief Marine Automation Platform/src/KChief.Platform.API/KChief.Platform.API.csproj" (target "_GenerateSourceLinkFile" depends on it):
       Building target "_InitializeBitbucketGitSourceLinkUrl" completely.
       No input files were specified.
       Task "Microsoft.SourceLink.Bitbucket.Git.GetSourceLinkUrl"
       Done executing task "Microsoft.SourceLink.Bitbucket.Git.GetSourceLinkUrl".
   9:8>Done building target "_InitializeBitbucketGitSourceLinkUrl" in project "KChief.Platform.API.csproj".
   9:8>Target "_GenerateSourceLinkFile" in file "/usr/share/dotnet/sdk/8.0.415/Sdks/Microsoft.SourceLink.Common/build/Microsoft.SourceLink.Common.targets" from project "/home/saidul/Desktop/K-Chief Marine Automation Platform/src/KChief.Platform.API/KChief.Platform.API.csproj" (target "GenerateSourceLinkFile" depends on it):
       Building target "_GenerateSourceLinkFile" completely.
       No input files were specified.
       Using "Microsoft.SourceLink.Common.GenerateSourceLinkFile" task from assembly "/usr/share/dotnet/sdk/8.0.415/Sdks/Microsoft.SourceLink.Common/build/../tools/core/Microsoft.SourceLink.Common.dll".
       Task "Microsoft.SourceLink.Common.GenerateSourceLinkFile"
         Updating Source Link file 'obj/Release/net8.0/KChief.Platform.API.sourcelink.json'.
       Done executing task "Microsoft.SourceLink.Common.GenerateSourceLinkFile".
   9:8>Done building target "_GenerateSourceLinkFile" in project "KChief.Platform.API.csproj".
   9:8>Target "GenerateSourceLinkFile" in file "/usr/share/dotnet/sdk/8.0.415/Sdks/Microsoft.SourceLink.Common/build/Microsoft.SourceLink.Common.targets" from project "/home/saidul/Desktop/K-Chief Marine Automation Platform/src/KChief.Platform.API/KChief.Platform.API.csproj" (target "CoreCompile" depends on it):
   9:8>Done building target "GenerateSourceLinkFile" in project "KChief.Platform.API.csproj".
   9:8>Target "AddGlobalAnalyzerConfigForPackage_MicrosoftCodeAnalysisNetAnalyzers" in file "/usr/share/dotnet/sdk/8.0.415/Sdks/Microsoft.NET.Sdk/analyzers/build/Microsoft.CodeAnalysis.NetAnalyzers.targets" from project "/home/saidul/Desktop/K-Chief Marine Automation Platform/src/KChief.Platform.API/KChief.Platform.API.csproj" (target "CoreCompile" depends on it):
   9:8>Done building target "AddGlobalAnalyzerConfigForPackage_MicrosoftCodeAnalysisNetAnalyzers" in project "KChief.Platform.API.csproj".
       Target "AddGlobalAnalyzerConfigForPackage_MicrosoftCodeAnalysisNetAnalyzersDesign" skipped, due to false condition; ('$(SkipGlobalAnalyzerConfigForPackage)' != 'true' and ('$(AnalysisLevelDesign)' != '' or '$(AnalysisModeDesign)' != '')) was evaluated as ('' != 'true' and ('' != '' or '' != '')).
       Target "AddGlobalAnalyzerConfigForPackage_MicrosoftCodeAnalysisNetAnalyzersDocumentation" skipped, due to false condition; ('$(SkipGlobalAnalyzerConfigForPackage)' != 'true' and ('$(AnalysisLevelDocumentation)' != '' or '$(AnalysisModeDocumentation)' != '')) was evaluated as ('' != 'true' and ('' != '' or '' != '')).
       Target "AddGlobalAnalyzerConfigForPackage_MicrosoftCodeAnalysisNetAnalyzersGlobalization" skipped, due to false condition; ('$(SkipGlobalAnalyzerConfigForPackage)' != 'true' and ('$(AnalysisLevelGlobalization)' != '' or '$(AnalysisModeGlobalization)' != '')) was evaluated as ('' != 'true' and ('' != '' or '' != '')).
       Target "AddGlobalAnalyzerConfigForPackage_MicrosoftCodeAnalysisNetAnalyzersInteroperability" skipped, due to false condition; ('$(SkipGlobalAnalyzerConfigForPackage)' != 'true' and ('$(AnalysisLevelInteroperability)' != '' or '$(AnalysisModeInteroperability)' != '')) was evaluated as ('' != 'true' and ('' != '' or '' != '')).
       Target "AddGlobalAnalyzerConfigForPackage_MicrosoftCodeAnalysisNetAnalyzersMaintainability" skipped, due to false condition; ('$(SkipGlobalAnalyzerConfigForPackage)' != 'true' and ('$(AnalysisLevelMaintainability)' != '' or '$(AnalysisModeMaintainability)' != '')) was evaluated as ('' != 'true' and ('' != '' or '' != '')).
       Target "AddGlobalAnalyzerConfigForPackage_MicrosoftCodeAnalysisNetAnalyzersNaming" skipped, due to false condition; ('$(SkipGlobalAnalyzerConfigForPackage)' != 'true' and ('$(AnalysisLevelNaming)' != '' or '$(AnalysisModeNaming)' != '')) was evaluated as ('' != 'true' and ('' != '' or '' != '')).
       Target "AddGlobalAnalyzerConfigForPackage_MicrosoftCodeAnalysisNetAnalyzersPerformance" skipped, due to false condition; ('$(SkipGlobalAnalyzerConfigForPackage)' != 'true' and ('$(AnalysisLevelPerformance)' != '' or '$(AnalysisModePerformance)' != '')) was evaluated as ('' != 'true' and ('' != '' or '' != '')).
       Target "AddGlobalAnalyzerConfigForPackage_MicrosoftCodeAnalysisNetAnalyzersReliability" skipped, due to false condition; ('$(SkipGlobalAnalyzerConfigForPackage)' != 'true' and ('$(AnalysisLevelReliability)' != '' or '$(AnalysisModeReliability)' != '')) was evaluated as ('' != 'true' and ('' != '' or '' != '')).
       Target "AddGlobalAnalyzerConfigForPackage_MicrosoftCodeAnalysisNetAnalyzersSecurity" skipped, due to false condition; ('$(SkipGlobalAnalyzerConfigForPackage)' != 'true' and ('$(AnalysisLevelSecurity)' != '' or '$(AnalysisModeSecurity)' != '')) was evaluated as ('' != 'true' and ('' != '' or '' != '')).
       Target "AddGlobalAnalyzerConfigForPackage_MicrosoftCodeAnalysisNetAnalyzersUsage" skipped, due to false condition; ('$(SkipGlobalAnalyzerConfigForPackage)' != 'true' and ('$(AnalysisLevelUsage)' != '' or '$(AnalysisModeUsage)' != '')) was evaluated as ('' != 'true' and ('' != '' or '' != '')).
       Target "_CodeAnalysisTreatWarningsAsErrors" skipped, due to false condition; ('$(DesignTimeBuild)' == 'true' OR '$(BuildingProject)' != 'true') was evaluated as ('' == 'true' OR 'true' != 'true').
   9:8>Target "_ReportUpgradeNetAnalyzersNuGetWarning" in file "/usr/share/dotnet/sdk/8.0.415/Sdks/Microsoft.NET.Sdk/analyzers/build/Microsoft.CodeAnalysis.NetAnalyzers.targets" from project "/home/saidul/Desktop/K-Chief Marine Automation Platform/src/KChief.Platform.API/KChief.Platform.API.csproj" (target "CoreCompile" depends on it):
       Task "Warning" skipped, due to false condition; ('$(_NETAnalyzersNuGetAssemblyVersion)' != '' AND
                                '$(_NETAnalyzersSDKAssemblyVersion)' != '' AND
                                 $(_NETAnalyzersNuGetAssemblyVersion) < $(_NETAnalyzersSDKAssemblyVersion)) was evaluated as ('' != '' AND
                                '8.0.0' != '' AND
                                  < 8.0.0).
   9:8>Done building target "_ReportUpgradeNetAnalyzersNuGetWarning" in project "KChief.Platform.API.csproj".
   9:8>Target "CoreCompile" in file "/usr/share/dotnet/sdk/8.0.415/Roslyn/Microsoft.CSharp.Core.targets" from project "/home/saidul/Desktop/K-Chief Marine Automation Platform/src/KChief.Platform.API/KChief.Platform.API.csproj" (target "Compile" depends on it):
       Building target "CoreCompile" completely.
       Output file "obj/Release/net8.0/KChief.Platform.API.xml" does not exist.
       Using "Csc" task from assembly "/usr/share/dotnet/sdk/8.0.415/Roslyn/Microsoft.Build.Tasks.CodeAnalysis.dll".
       Task "Csc"
         /usr/share/dotnet/dotnet exec "/usr/share/dotnet/sdk/8.0.415/Roslyn/bincore/csc.dll" /noconfig /unsafe- /checked- /nowarn:1701,1702,1591,1701,1702 /fullpaths /nostdlib+ /errorreport:prompt /warn:8 /doc:obj/Release/net8.0/KChief.Platform.API.xml /define:TRACE;RELEASE;NET;NET8_0;NETCOREAPP;NET5_0_OR_GREATER;NET6_0_OR_GREATER;NET7_0_OR_GREATER;NET8_0_OR_GREATER;NETCOREAPP1_0_OR_GREATER;NETCOREAPP1_1_OR_GREATER;NETCOREAPP2_0_OR_GREATER;NETCOREAPP2_1_OR_GREATER;NETCOREAPP2_2_OR_GREATER;NETCOREAPP3_0_OR_GREATER;NETCOREAPP3_1_OR_GREATER /highentropyva+ /nullable:enable /reference:/home/saidul/.nuget/packages/azure.core/1.25.0/lib/net5.0/Azure.Core.dll /reference:/home/saidul/.nuget/packages/azure.identity/1.7.0/lib/netstandard2.0/Azure.Identity.dll /reference:/home/saidul/.nuget/packages/bcrypt.net-next/4.0.3/lib/net6.0/BCrypt.Net-Next.dll /reference:/home/saidul/.nuget/packages/bouncycastle.cryptography/2.3.1/lib/net6.0/BouncyCastle.Cryptography.dll /reference:/home/saidul/.nuget/packages/fluentvalidation.aspnetcore/11.3.0/lib/net6.0/FluentValidation.AspNetCore.dll /reference:/home/saidul/.nuget/packages/fluentvalidation.dependencyinjectionextensions/11.9.0/lib/netstandard2.1/FluentValidation.DependencyInjectionExtensions.dll /reference:/home/saidul/.nuget/packages/fluentvalidation/11.9.0/lib/net8.0/FluentValidation.dll /reference:/home/saidul/.nuget/packages/fractions/7.2.1/lib/netstandard2.1/Fractions.dll /reference:/home/saidul/.nuget/packages/aspnetcore.healthchecks.rabbitmq/8.0.1/lib/net6.0/HealthChecks.Rabbitmq.dll /reference:/home/saidul/.nuget/packages/aspnetcore.healthchecks.sqlite/8.0.1/lib/net6.0/HealthChecks.Sqlite.dll /reference:/home/saidul/.nuget/packages/aspnetcore.healthchecks.ui.client/8.0.1/lib/net8.0/HealthChecks.UI.Client.dll /reference:/home/saidul/.nuget/packages/aspnetcore.healthchecks.ui.core/8.0.1/lib/net6.0/HealthChecks.UI.Core.dll /reference:/home/saidul/.nuget/packages/aspnetcore.healthchecks.ui.data/8.0.1/lib/net8.0/HealthChecks.UI.Data.dll /reference:/home/saidul/.nuget/packages/aspnetcore.healthchecks.ui/8.0.1/lib/net8.0/HealthChecks.UI.dll /reference:/home/saidul/.nuget/packages/aspnetcore.healthchecks.ui.inmemory.storage/8.0.1/lib/net8.0/HealthChecks.UI.InMemory.Storage.dll /reference:/home/saidul/.nuget/packages/humanizer.core/2.14.1/lib/net6.0/Humanizer.dll /reference:/home/saidul/.nuget/packages/identitymodel/5.2.0/lib/net5.0/IdentityModel.dll /reference:/home/saidul/.nuget/packages/identitymodel.oidcclient/5.2.1/lib/netstandard2.0/IdentityModel.OidcClient.dll /reference:"/home/saidul/Desktop/K-Chief Marine Automation Platform/src/KChief.AlarmSystem/obj/Release/net8.0/ref/KChief.AlarmSystem.dll" /reference:"/home/saidul/Desktop/K-Chief Marine Automation Platform/src/KChief.DataAccess/obj/Release/net8.0/ref/KChief.DataAccess.dll" /reference:"/home/saidul/Desktop/K-Chief Marine Automation Platform/src/KChief.Platform.Core/obj/Release/net8.0/ref/KChief.Platform.Core.dll" /reference:"/home/saidul/Desktop/K-Chief Marine Automation Platform/src/KChief.Protocols.Modbus/obj/Release/net8.0/ref/KChief.Protocols.Modbus.dll" /reference:"/home/saidul/Desktop/K-Chief Marine Automation Platform/src/KChief.Protocols.OPC/obj/Release/net8.0/ref/KChief.Protocols.OPC.dll" /reference:"/home/saidul/Desktop/K-Chief Marine Automation Platform/src/KChief.VesselControl/obj/Release/net8.0/ref/KChief.VesselControl.dll" /reference:/home/saidul/.nuget/packages/kubernetesclient/12.1.1/lib/net7.0/KubernetesClient.dll /reference:/home/saidul/.nuget/packages/microsoft.applicationinsights.dependencycollector/2.22.0/lib/netstandard2.0/Microsoft.AI.DependencyCollector.dll /reference:/home/saidul/.nuget/packages/microsoft.applicationinsights.eventcountercollector/2.22.0/lib/netstandard2.0/Microsoft.AI.EventCounterCollector.dll /reference:/home/saidul/.nuget/packages/microsoft.applicationinsights.perfcountercollector/2.22.0/lib/netstandard2.0/Microsoft.AI.PerfCounterCollector.dll /reference:/home/saidul/.nuget/packages/microsoft.applicationinsights.windowsserver.telemetrychannel/2.22.0/lib/netstandard2.0/Microsoft.AI.ServerTelemetryChannel.dll /reference:/home/saidul/.nuget/packages/microsoft.applicationinsights.windowsserver/2.22.0/lib/netstandard2.0/Microsoft.AI.WindowsServer.dll /reference:/home/saidul/.nuget/packages/microsoft.applicationinsights.aspnetcore/2.22.0/lib/netstandard2.0/Microsoft.ApplicationInsights.AspNetCore.dll /reference:/home/saidul/.nuget/packages/microsoft.applicationinsights/2.22.0/lib/netstandard2.0/Microsoft.ApplicationInsights.dll /reference:/usr/share/dotnet/packs/Microsoft.AspNetCore.App.Ref/8.0.21/ref/net8.0/Microsoft.AspNetCore.Antiforgery.dll /reference:/usr/share/dotnet/packs/Microsoft.AspNetCore.App.Ref/8.0.21/ref/net8.0/Microsoft.AspNetCore.Authentication.Abstractions.dll /reference:/usr/share/dotnet/packs/Microsoft.AspNetCore.App.Ref/8.0.21/ref/net8.0/Microsoft.AspNetCore.Authentication.BearerToken.dll /reference:/usr/share/dotnet/packs/Microsoft.AspNetCore.App.Ref/8.0.21/ref/net8.0/Microsoft.AspNetCore.Authentication.Cookies.dll /reference:/usr/share/dotnet/packs/Microsoft.AspNetCore.App.Ref/8.0.21/ref/net8.0/Microsoft.AspNetCore.Authentication.Core.dll /reference:/usr/share/dotnet/packs/Microsoft.AspNetCore.App.Ref/8.0.21/ref/net8.0/Microsoft.AspNetCore.Authentication.dll /reference:/home/saidul/.nuget/packages/microsoft.aspnetcore.authentication.jwtbearer/8.0.0/lib/net8.0/Microsoft.AspNetCore.Authentication.JwtBearer.dll /reference:/usr/share/dotnet/packs/Microsoft.AspNetCore.App.Ref/8.0.21/ref/net8.0/Microsoft.AspNetCore.Authentication.OAuth.dll /reference:/home/saidul/.nuget/packages/microsoft.aspnetcore.authentication.openidconnect/8.0.0/lib/net8.0/Microsoft.AspNetCore.Authentication.OpenIdConnect.dll /reference:/usr/share/dotnet/packs/Microsoft.AspNetCore.App.Ref/8.0.21/ref/net8.0/Microsoft.AspNetCore.Authorization.dll /reference:/usr/share/dotnet/packs/Microsoft.AspNetCore.App.Ref/8.0.21/ref/net8.0/Microsoft.AspNetCore.Authorization.Policy.dll /reference:/usr/share/dotnet/packs/Microsoft.AspNetCore.App.Ref/8.0.21/ref/net8.0/Microsoft.AspNetCore.Components.Authorization.dll /reference:/usr/share/dotnet/packs/Microsoft.AspNetCore.App.Ref/8.0.21/ref/net8.0/Microsoft.AspNetCore.Components.dll /reference:/usr/share/dotnet/packs/Microsoft.AspNetCore.App.Ref/8.0.21/ref/net8.0/Microsoft.AspNetCore.Components.Endpoints.dll /reference:/usr/share/dotnet/packs/Microsoft.AspNetCore.App.Ref/8.0.21/ref/net8.0/Microsoft.AspNetCore.Components.Forms.dll /reference:/usr/share/dotnet/packs/Microsoft.AspNetCore.App.Ref/8.0.21/ref/net8.0/Microsoft.AspNetCore.Components.Server.dll /reference:/usr/share/dotnet/packs/Microsoft.AspNetCore.App.Ref/8.0.21/ref/net8.0/Microsoft.AspNetCore.Components.Web.dll /reference:/usr/share/dotnet/packs/Microsoft.AspNetCore.App.Ref/8.0.21/ref/net8.0/Microsoft.AspNetCore.Connections.Abstractions.dll /reference:/usr/share/dotnet/packs/Microsoft.AspNetCore.App.Ref/8.0.21/ref/net8.0/Microsoft.AspNetCore.CookiePolicy.dll /reference:/usr/share/dotnet/packs/Microsoft.AspNetCore.App.Ref/8.0.21/ref/net8.0/Microsoft.AspNetCore.Cors.dll /reference:/usr/share/dotnet/packs/Microsoft.AspNetCore.App.Ref/8.0.21/ref/net8.0/Microsoft.AspNetCore.Cryptography.Internal.dll /reference:/usr/share/dotnet/packs/Microsoft.AspNetCore.App.Ref/8.0.21/ref/net8.0/Microsoft.AspNetCore.Cryptography.KeyDerivation.dll /reference:/usr/share/dotnet/packs/Microsoft.AspNetCore.App.Ref/8.0.21/ref/net8.0/Microsoft.AspNetCore.DataProtection.Abstractions.dll /reference:/usr/share/dotnet/packs/Microsoft.AspNetCore.App.Ref/8.0.21/ref/net8.0/Microsoft.AspNetCore.DataProtection.dll /reference:/usr/share/dotnet/packs/Microsoft.AspNetCore.App.Ref/8.0.21/ref/net8.0/Microsoft.AspNetCore.DataProtection.Extensions.dll /reference:/usr/share/dotnet/packs/Microsoft.AspNetCore.App.Ref/8.0.21/ref/net8.0/Microsoft.AspNetCore.Diagnostics.Abstractions.dll /reference:/usr/share/dotnet/packs/Microsoft.AspNetCore.App.Ref/8.0.21/ref/net8.0/Microsoft.AspNetCore.Diagnostics.dll /reference:/usr/share/dotnet/packs/Microsoft.AspNetCore.App.Ref/8.0.21/ref/net8.0/Microsoft.AspNetCore.Diagnostics.HealthChecks.dll /reference:/usr/share/dotnet/packs/Microsoft.AspNetCore.App.Ref/8.0.21/ref/net8.0/Microsoft.AspNetCore.dll /reference:/usr/share/dotnet/packs/Microsoft.AspNetCore.App.Ref/8.0.21/ref/net8.0/Microsoft.AspNetCore.HostFiltering.dll /reference:/usr/share/dotnet/packs/Microsoft.AspNetCore.App.Ref/8.0.21/ref/net8.0/Microsoft.AspNetCore.Hosting.Abstractions.dll /reference:/usr/share/dotnet/packs/Microsoft.AspNetCore.App.Ref/8.0.21/ref/net8.0/Microsoft.AspNetCore.Hosting.dll /reference:/usr/share/dotnet/packs/Microsoft.AspNetCore.App.Ref/8.0.21/ref/net8.0/Microsoft.AspNetCore.Hosting.Server.Abstractions.dll /reference:/usr/share/dotnet/packs/Microsoft.AspNetCore.App.Ref/8.0.21/ref/net8.0/Microsoft.AspNetCore.Html.Abstractions.dll /reference:/usr/share/dotnet/packs/Microsoft.AspNetCore.App.Ref/8.0.21/ref/net8.0/Microsoft.AspNetCore.Http.Abstractions.dll /reference:/usr/share/dotnet/packs/Microsoft.AspNetCore.App.Ref/8.0.21/ref/net8.0/Microsoft.AspNetCore.Http.Connections.Common.dll /reference:/usr/share/dotnet/packs/Microsoft.AspNetCore.App.Ref/8.0.21/ref/net8.0/Microsoft.AspNetCore.Http.Connections.dll /reference:/usr/share/dotnet/packs/Microsoft.AspNetCore.App.Ref/8.0.21/ref/net8.0/Microsoft.AspNetCore.Http.dll /reference:/usr/share/dotnet/packs/Microsoft.AspNetCore.App.Ref/8.0.21/ref/net8.0/Microsoft.AspNetCore.Http.Extensions.dll /reference:/usr/share/dotnet/packs/Microsoft.AspNetCore.App.Ref/8.0.21/ref/net8.0/Microsoft.AspNetCore.Http.Features.dll /reference:/usr/share/dotnet/packs/Microsoft.AspNetCore.App.Ref/8.0.21/ref/net8.0/Microsoft.AspNetCore.Http.Results.dll /reference:/usr/share/dotnet/packs/Microsoft.AspNetCore.App.Ref/8.0.21/ref/net8.0/Microsoft.AspNetCore.HttpLogging.dll /reference:/usr/share/dotnet/packs/Microsoft.AspNetCore.App.Ref/8.0.21/ref/net8.0/Microsoft.AspNetCore.HttpOverrides.dll /reference:/usr/share/dotnet/packs/Microsoft.AspNetCore.App.Ref/8.0.21/ref/net8.0/Microsoft.AspNetCore.HttpsPolicy.dll /reference:/usr/share/dotnet/packs/Microsoft.AspNetCore.App.Ref/8.0.21/ref/net8.0/Microsoft.AspNetCore.Identity.dll /reference:/usr/share/dotnet/packs/Microsoft.AspNetCore.App.Ref/8.0.21/ref/net8.0/Microsoft.AspNetCore.Localization.dll /reference:/usr/share/dotnet/packs/Microsoft.AspNetCore.App.Ref/8.0.21/ref/net8.0/Microsoft.AspNetCore.Localization.Routing.dll /reference:/usr/share/dotnet/packs/Microsoft.AspNetCore.App.Ref/8.0.21/ref/net8.0/Microsoft.AspNetCore.Metadata.dll /reference:/usr/share/dotnet/packs/Microsoft.AspNetCore.App.Ref/8.0.21/ref/net8.0/Microsoft.AspNetCore.Mvc.Abstractions.dll /reference:/usr/share/dotnet/packs/Microsoft.AspNetCore.App.Ref/8.0.21/ref/net8.0/Microsoft.AspNetCore.Mvc.ApiExplorer.dll /reference:/usr/share/dotnet/packs/Microsoft.AspNetCore.App.Ref/8.0.21/ref/net8.0/Microsoft.AspNetCore.Mvc.Core.dll /reference:/usr/share/dotnet/packs/Microsoft.AspNetCore.App.Ref/8.0.21/ref/net8.0/Microsoft.AspNetCore.Mvc.Cors.dll /reference:/usr/share/dotnet/packs/Microsoft.AspNetCore.App.Ref/8.0.21/ref/net8.0/Microsoft.AspNetCore.Mvc.DataAnnotations.dll /reference:/usr/share/dotnet/packs/Microsoft.AspNetCore.App.Ref/8.0.21/ref/net8.0/Microsoft.AspNetCore.Mvc.dll /reference:/usr/share/dotnet/packs/Microsoft.AspNetCore.App.Ref/8.0.21/ref/net8.0/Microsoft.AspNetCore.Mvc.Formatters.Json.dll /reference:/usr/share/dotnet/packs/Microsoft.AspNetCore.App.Ref/8.0.21/ref/net8.0/Microsoft.AspNetCore.Mvc.Formatters.Xml.dll /reference:/usr/share/dotnet/packs/Microsoft.AspNetCore.App.Ref/8.0.21/ref/net8.0/Microsoft.AspNetCore.Mvc.Localization.dll /reference:/usr/share/dotnet/packs/Microsoft.AspNetCore.App.Ref/8.0.21/ref/net8.0/Microsoft.AspNetCore.Mvc.Razor.dll /reference:/usr/share/dotnet/packs/Microsoft.AspNetCore.App.Ref/8.0.21/ref/net8.0/Microsoft.AspNetCore.Mvc.RazorPages.dll /reference:/usr/share/dotnet/packs/Microsoft.AspNetCore.App.Ref/8.0.21/ref/net8.0/Microsoft.AspNetCore.Mvc.TagHelpers.dll /reference:/usr/share/dotnet/packs/Microsoft.AspNetCore.App.Ref/8.0.21/ref/net8.0/Microsoft.AspNetCore.Mvc.ViewFeatures.dll /reference:/home/saidul/.nuget/packages/microsoft.aspnetcore.openapi/8.0.21/lib/net8.0/Microsoft.AspNetCore.OpenApi.dll /reference:/usr/share/dotnet/packs/Microsoft.AspNetCore.App.Ref/8.0.21/ref/net8.0/Microsoft.AspNetCore.OutputCaching.dll /reference:/usr/share/dotnet/packs/Microsoft.AspNetCore.App.Ref/8.0.21/ref/net8.0/Microsoft.AspNetCore.RateLimiting.dll /reference:/usr/share/dotnet/packs/Microsoft.AspNetCore.App.Ref/8.0.21/ref/net8.0/Microsoft.AspNetCore.Razor.dll /reference:/usr/share/dotnet/packs/Microsoft.AspNetCore.App.Ref/8.0.21/ref/net8.0/Microsoft.AspNetCore.Razor.Runtime.dll /reference:/usr/share/dotnet/packs/Microsoft.AspNetCore.App.Ref/8.0.21/ref/net8.0/Microsoft.AspNetCore.RequestDecompression.dll /reference:/usr/share/dotnet/packs/Microsoft.AspNetCore.App.Ref/8.0.21/ref/net8.0/Microsoft.AspNetCore.ResponseCaching.Abstractions.dll /reference:/usr/share/dotnet/packs/Microsoft.AspNetCore.App.Ref/8.0.21/ref/net8.0/Microsoft.AspNetCore.ResponseCaching.dll /reference:/usr/share/dotnet/packs/Microsoft.AspNetCore.App.Ref/8.0.21/ref/net8.0/Microsoft.AspNetCore.ResponseCompression.dll /reference:/usr/share/dotnet/packs/Microsoft.AspNetCore.App.Ref/8.0.21/ref/net8.0/Microsoft.AspNetCore.Rewrite.dll /reference:/usr/share/dotnet/packs/Microsoft.AspNetCore.App.Ref/8.0.21/ref/net8.0/Microsoft.AspNetCore.Routing.Abstractions.dll /reference:/usr/share/dotnet/packs/Microsoft.AspNetCore.App.Ref/8.0.21/ref/net8.0/Microsoft.AspNetCore.Routing.dll /reference:/usr/share/dotnet/packs/Microsoft.AspNetCore.App.Ref/8.0.21/ref/net8.0/Microsoft.AspNetCore.Server.HttpSys.dll /reference:/usr/share/dotnet/packs/Microsoft.AspNetCore.App.Ref/8.0.21/ref/net8.0/Microsoft.AspNetCore.Server.IIS.dll /reference:/usr/share/dotnet/packs/Microsoft.AspNetCore.App.Ref/8.0.21/ref/net8.0/Microsoft.AspNetCore.Server.IISIntegration.dll /reference:/usr/share/dotnet/packs/Microsoft.AspNetCore.App.Ref/8.0.21/ref/net8.0/Microsoft.AspNetCore.Server.Kestrel.Core.dll /reference:/usr/share/dotnet/packs/Microsoft.AspNetCore.App.Ref/8.0.21/ref/net8.0/Microsoft.AspNetCore.Server.Kestrel.dll /reference:/usr/share/dotnet/packs/Microsoft.AspNetCore.App.Ref/8.0.21/ref/net8.0/Microsoft.AspNetCore.Server.Kestrel.Transport.NamedPipes.dll /reference:/usr/share/dotnet/packs/Microsoft.AspNetCore.App.Ref/8.0.21/ref/net8.0/Microsoft.AspNetCore.Server.Kestrel.Transport.Quic.dll /reference:/usr/share/dotnet/packs/Microsoft.AspNetCore.App.Ref/8.0.21/ref/net8.0/Microsoft.AspNetCore.Server.Kestrel.Transport.Sockets.dll /reference:/usr/share/dotnet/packs/Microsoft.AspNetCore.App.Ref/8.0.21/ref/net8.0/Microsoft.AspNetCore.Session.dll /reference:/usr/share/dotnet/packs/Microsoft.AspNetCore.App.Ref/8.0.21/ref/net8.0/Microsoft.AspNetCore.SignalR.Common.dll /reference:/usr/share/dotnet/packs/Microsoft.AspNetCore.App.Ref/8.0.21/ref/net8.0/Microsoft.AspNetCore.SignalR.Core.dll /reference:/usr/share/dotnet/packs/Microsoft.AspNetCore.App.Ref/8.0.21/ref/net8.0/Microsoft.AspNetCore.SignalR.dll /reference:/usr/share/dotnet/packs/Microsoft.AspNetCore.App.Ref/8.0.21/ref/net8.0/Microsoft.AspNetCore.SignalR.Protocols.Json.dll /reference:/usr/share/dotnet/packs/Microsoft.AspNetCore.App.Ref/8.0.21/ref/net8.0/Microsoft.AspNetCore.StaticFiles.dll /reference:/usr/share/dotnet/packs/Microsoft.AspNetCore.App.Ref/8.0.21/ref/net8.0/Microsoft.AspNetCore.WebSockets.dll /reference:/usr/share/dotnet/packs/Microsoft.AspNetCore.App.Ref/8.0.21/ref/net8.0/Microsoft.AspNetCore.WebUtilities.dll /reference:/home/saidul/.nuget/packages/microsoft.bcl.asyncinterfaces/6.0.0/lib/netstandard2.1/Microsoft.Bcl.AsyncInterfaces.dll /reference:/home/saidul/.nuget/packages/microsoft.bcl.timeprovider/8.0.1/lib/net8.0/Microsoft.Bcl.TimeProvider.dll /reference:/home/saidul/.nuget/packages/microsoft.codeanalysis.csharp/4.5.0/lib/netcoreapp3.1/Microsoft.CodeAnalysis.CSharp.dll /reference:/home/saidul/.nuget/packages/microsoft.codeanalysis.csharp.workspaces/4.5.0/lib/netcoreapp3.1/Microsoft.CodeAnalysis.CSharp.Workspaces.dll /reference:/home/saidul/.nuget/packages/microsoft.codeanalysis.common/4.5.0/lib/netcoreapp3.1/Microsoft.CodeAnalysis.dll /reference:/home/saidul/.nuget/packages/microsoft.codeanalysis.workspaces.common/4.5.0/lib/netcoreapp3.1/Microsoft.CodeAnalysis.Workspaces.dll /reference:/usr/share/dotnet/packs/Microsoft.NETCore.App.Ref/8.0.21/ref/net8.0/Microsoft.CSharp.dll /reference:/home/saidul/.nuget/packages/microsoft.data.sqlclient/5.1.1/ref/net6.0/Microsoft.Data.SqlClient.dll /reference:/home/saidul/.nuget/packages/microsoft.data.sqlite.core/8.0.0/lib/net8.0/Microsoft.Data.Sqlite.dll /reference:/home/saidul/.nuget/packages/microsoft.entityframeworkcore.abstractions/8.0.0/lib/net8.0/Microsoft.EntityFrameworkCore.Abstractions.dll /reference:/home/saidul/.nuget/packages/microsoft.entityframeworkcore.design/8.0.0/lib/net8.0/Microsoft.EntityFrameworkCore.Design.dll /reference:/home/saidul/.nuget/packages/microsoft.entityframeworkcore/8.0.0/lib/net8.0/Microsoft.EntityFrameworkCore.dll /reference:/home/saidul/.nuget/packages/microsoft.entityframeworkcore.inmemory/8.0.0/lib/net8.0/Microsoft.EntityFrameworkCore.InMemory.dll /reference:/home/saidul/.nuget/packages/microsoft.entityframeworkcore.relational/8.0.0/lib/net8.0/Microsoft.EntityFrameworkCore.Relational.dll /reference:/home/saidul/.nuget/packages/microsoft.entityframeworkcore.sqlite.core/8.0.0/lib/net8.0/Microsoft.EntityFrameworkCore.Sqlite.dll /reference:/home/saidul/.nuget/packages/microsoft.entityframeworkcore.sqlserver/8.0.0/lib/net8.0/Microsoft.EntityFrameworkCore.SqlServer.dll /reference:/home/saidul/.nuget/packages/microsoft.extensions.caching.abstractions/9.0.0/lib/net8.0/Microsoft.Extensions.Caching.Abstractions.dll /reference:/home/saidul/.nuget/packages/microsoft.extensions.caching.memory/9.0.0/lib/net8.0/Microsoft.Extensions.Caching.Memory.dll /reference:/home/saidul/.nuget/packages/microsoft.extensions.caching.stackexchangeredis/8.0.0/lib/net8.0/Microsoft.Extensions.Caching.StackExchangeRedis.dll /reference:/usr/share/dotnet/packs/Microsoft.AspNetCore.App.Ref/8.0.21/ref/net8.0/Microsoft.Extensions.Configuration.Abstractions.dll /reference:/usr/share/dotnet/packs/Microsoft.AspNetCore.App.Ref/8.0.21/ref/net8.0/Microsoft.Extensions.Configuration.Binder.dll /reference:/usr/share/dotnet/packs/Microsoft.AspNetCore.App.Ref/8.0.21/ref/net8.0/Microsoft.Extensions.Configuration.CommandLine.dll /reference:/usr/share/dotnet/packs/Microsoft.AspNetCore.App.Ref/8.0.21/ref/net8.0/Microsoft.Extensions.Configuration.dll /reference:/usr/share/dotnet/packs/Microsoft.AspNetCore.App.Ref/8.0.21/ref/net8.0/Microsoft.Extensions.Configuration.EnvironmentVariables.dll /reference:/usr/share/dotnet/packs/Microsoft.AspNetCore.App.Ref/8.0.21/ref/net8.0/Microsoft.Extensions.Configuration.FileExtensions.dll /reference:/usr/share/dotnet/packs/Microsoft.AspNetCore.App.Ref/8.0.21/ref/net8.0/Microsoft.Extensions.Configuration.Ini.dll /reference:/usr/share/dotnet/packs/Microsoft.AspNetCore.App.Ref/8.0.21/ref/net8.0/Microsoft.Extensions.Configuration.Json.dll /reference:/usr/share/dotnet/packs/Microsoft.AspNetCore.App.Ref/8.0.21/ref/net8.0/Microsoft.Extensions.Configuration.KeyPerFile.dll /reference:/usr/share/dotnet/packs/Microsoft.AspNetCore.App.Ref/8.0.21/ref/net8.0/Microsoft.Extensions.Configuration.UserSecrets.dll /reference:/usr/share/dotnet/packs/Microsoft.AspNetCore.App.Ref/8.0.21/ref/net8.0/Microsoft.Extensions.Configuration.Xml.dll /reference:/home/saidul/.nuget/packages/microsoft.extensions.dependencyinjection.abstractions/9.0.0/lib/net8.0/Microsoft.Extensions.DependencyInjection.Abstractions.dll /reference:/usr/share/dotnet/packs/Microsoft.AspNetCore.App.Ref/8.0.21/ref/net8.0/Microsoft.Extensions.DependencyInjection.dll /reference:/home/saidul/.nuget/packages/microsoft.extensions.dependencymodel/8.0.0/lib/net8.0/Microsoft.Extensions.DependencyModel.dll /reference:/usr/share/dotnet/packs/Microsoft.AspNetCore.App.Ref/8.0.21/ref/net8.0/Microsoft.Extensions.Diagnostics.Abstractions.dll /reference:/usr/share/dotnet/packs/Microsoft.AspNetCore.App.Ref/8.0.21/ref/net8.0/Microsoft.Extensions.Diagnostics.dll /reference:/usr/share/dotnet/packs/Microsoft.AspNetCore.App.Ref/8.0.21/ref/net8.0/Microsoft.Extensions.Diagnostics.HealthChecks.Abstractions.dll /reference:/usr/share/dotnet/packs/Microsoft.AspNetCore.App.Ref/8.0.21/ref/net8.0/Microsoft.Extensions.Diagnostics.HealthChecks.dll /reference:/home/saidul/.nuget/packages/microsoft.extensions.diagnostics.healthchecks.entityframeworkcore/8.0.0/lib/net8.0/Microsoft.Extensions.Diagnostics.HealthChecks.EntityFrameworkCore.dll /reference:/usr/share/dotnet/packs/Microsoft.AspNetCore.App.Ref/8.0.21/ref/net8.0/Microsoft.Extensions.Features.dll /reference:/usr/share/dotnet/packs/Microsoft.AspNetCore.App.Ref/8.0.21/ref/net8.0/Microsoft.Extensions.FileProviders.Abstractions.dll /reference:/usr/share/dotnet/packs/Microsoft.AspNetCore.App.Ref/8.0.21/ref/net8.0/Microsoft.Extensions.FileProviders.Composite.dll /reference:/usr/share/dotnet/packs/Microsoft.AspNetCore.App.Ref/8.0.21/ref/net8.0/Microsoft.Extensions.FileProviders.Embedded.dll /reference:/usr/share/dotnet/packs/Microsoft.AspNetCore.App.Ref/8.0.21/ref/net8.0/Microsoft.Extensions.FileProviders.Physical.dll /reference:/usr/share/dotnet/packs/Microsoft.AspNetCore.App.Ref/8.0.21/ref/net8.0/Microsoft.Extensions.FileSystemGlobbing.dll /reference:/usr/share/dotnet/packs/Microsoft.AspNetCore.App.Ref/8.0.21/ref/net8.0/Microsoft.Extensions.Hosting.Abstractions.dll /reference:/usr/share/dotnet/packs/Microsoft.AspNetCore.App.Ref/8.0.21/ref/net8.0/Microsoft.Extensions.Hosting.dll /reference:/usr/share/dotnet/packs/Microsoft.AspNetCore.App.Ref/8.0.21/ref/net8.0/Microsoft.Extensions.Http.dll /reference:/home/saidul/.nuget/packages/microsoft.extensions.http.polly/8.0.0/lib/netstandard2.0/Microsoft.Extensions.Http.Polly.dll /reference:/usr/share/dotnet/packs/Microsoft.AspNetCore.App.Ref/8.0.21/ref/net8.0/Microsoft.Extensions.Identity.Core.dll /reference:/usr/share/dotnet/packs/Microsoft.AspNetCore.App.Ref/8.0.21/ref/net8.0/Microsoft.Extensions.Identity.Stores.dll /reference:/usr/share/dotnet/packs/Microsoft.AspNetCore.App.Ref/8.0.21/ref/net8.0/Microsoft.Extensions.Localization.Abstractions.dll /reference:/usr/share/dotnet/packs/Microsoft.AspNetCore.App.Ref/8.0.21/ref/net8.0/Microsoft.Extensions.Localization.dll /reference:/home/saidul/.nuget/packages/microsoft.extensions.logging.abstractions/9.0.0/lib/net8.0/Microsoft.Extensions.Logging.Abstractions.dll /reference:/home/saidul/.nuget/packages/microsoft.extensions.logging.applicationinsights/2.22.0/lib/netstandard2.0/Microsoft.Extensions.Logging.ApplicationInsights.dll /reference:/usr/share/dotnet/packs/Microsoft.AspNetCore.App.Ref/8.0.21/ref/net8.0/Microsoft.Extensions.Logging.Configuration.dll /reference:/usr/share/dotnet/packs/Microsoft.AspNetCore.App.Ref/8.0.21/ref/net8.0/Microsoft.Extensions.Logging.Console.dll /reference:/usr/share/dotnet/packs/Microsoft.AspNetCore.App.Ref/8.0.21/ref/net8.0/Microsoft.Extensions.Logging.Debug.dll /reference:/usr/share/dotnet/packs/Microsoft.AspNetCore.App.Ref/8.0.21/ref/net8.0/Microsoft.Extensions.Logging.dll /reference:/usr/share/dotnet/packs/Microsoft.AspNetCore.App.Ref/8.0.21/ref/net8.0/Microsoft.Extensions.Logging.EventLog.dll /reference:/usr/share/dotnet/packs/Microsoft.AspNetCore.App.Ref/8.0.21/ref/net8.0/Microsoft.Extensions.Logging.EventSource.dll /reference:/usr/share/dotnet/packs/Microsoft.AspNetCore.App.Ref/8.0.21/ref/net8.0/Microsoft.Extensions.Logging.TraceSource.dll /reference:/usr/share/dotnet/packs/Microsoft.AspNetCore.App.Ref/8.0.21/ref/net8.0/Microsoft.Extensions.ObjectPool.dll /reference:/usr/share/dotnet/packs/Microsoft.AspNetCore.App.Ref/8.0.21/ref/net8.0/Microsoft.Extensions.Options.ConfigurationExtensions.dll /reference:/usr/share/dotnet/packs/Microsoft.AspNetCore.App.Ref/8.0.21/ref/net8.0/Microsoft.Extensions.Options.DataAnnotations.dll /reference:/home/saidul/.nuget/packages/microsoft.extensions.options/9.0.0/lib/net8.0/Microsoft.Extensions.Options.dll /reference:/home/saidul/.nuget/packages/microsoft.extensions.primitives/9.0.0/lib/net8.0/Microsoft.Extensions.Primitives.dll /reference:/usr/share/dotnet/packs/Microsoft.AspNetCore.App.Ref/8.0.21/ref/net8.0/Microsoft.Extensions.WebEncoders.dll /reference:/home/saidul/.nuget/packages/microsoft.identity.client/4.47.2/lib/netcoreapp2.1/Microsoft.Identity.Client.dll /reference:/home/saidul/.nuget/packages/microsoft.identity.client.extensions.msal/2.19.3/lib/netcoreapp2.1/Microsoft.Identity.Client.Extensions.Msal.dll /reference:/home/saidul/.nuget/packages/microsoft.identitymodel.abstractions/8.2.0/lib/net8.0/Microsoft.IdentityModel.Abstractions.dll /reference:/home/saidul/.nuget/packages/microsoft.identitymodel.jsonwebtokens/8.2.0/lib/net8.0/Microsoft.IdentityModel.JsonWebTokens.dll /reference:/home/saidul/.nuget/packages/microsoft.identitymodel.logging/8.2.0/lib/net8.0/Microsoft.IdentityModel.Logging.dll /reference:/home/saidul/.nuget/packages/microsoft.identitymodel.protocols/7.0.3/lib/net8.0/Microsoft.IdentityModel.Protocols.dll /reference:/home/saidul/.nuget/packages/microsoft.identitymodel.protocols.openidconnect/7.0.3/lib/net8.0/Microsoft.IdentityModel.Protocols.OpenIdConnect.dll /reference:/home/saidul/.nuget/packages/microsoft.identitymodel.tokens/8.2.0/lib/net8.0/Microsoft.IdentityModel.Tokens.dll /reference:/usr/share/dotnet/packs/Microsoft.AspNetCore.App.Ref/8.0.21/ref/net8.0/Microsoft.JSInterop.dll /reference:/usr/share/dotnet/packs/Microsoft.AspNetCore.App.Ref/8.0.21/ref/net8.0/Microsoft.Net.Http.Headers.dll /reference:/home/saidul/.nuget/packages/microsoft.openapi/1.6.14/lib/netstandard2.0/Microsoft.OpenApi.dll /reference:/home/saidul/.nuget/packages/microsoft.sqlserver.server/1.0.0/lib/netstandard2.0/Microsoft.SqlServer.Server.dll /reference:/usr/share/dotnet/packs/Microsoft.NETCore.App.Ref/8.0.21/ref/net8.0/Microsoft.VisualBasic.Core.dll /reference:/usr/share/dotnet/packs/Microsoft.NETCore.App.Ref/8.0.21/ref/net8.0/Microsoft.VisualBasic.dll /reference:/usr/share/dotnet/packs/Microsoft.NETCore.App.Ref/8.0.21/ref/net8.0/Microsoft.Win32.Primitives.dll /reference:/usr/share/dotnet/packs/Microsoft.NETCore.App.Ref/8.0.21/ref/net8.0/Microsoft.Win32.Registry.dll /reference:/home/saidul/.nuget/packages/microsoft.win32.systemevents/6.0.0/lib/net6.0/Microsoft.Win32.SystemEvents.dll /reference:/home/saidul/.nuget/packages/mono.texttemplating/2.2.1/lib/netstandard2.0/Mono.TextTemplating.dll /reference:/usr/share/dotnet/packs/Microsoft.NETCore.App.Ref/8.0.21/ref/net8.0/mscorlib.dll /reference:/usr/share/dotnet/packs/Microsoft.NETCore.App.Ref/8.0.21/ref/net8.0/netstandard.dll /reference:/home/saidul/.nuget/packages/newtonsoft.json/13.0.3/lib/net6.0/Newtonsoft.Json.dll /reference:/home/saidul/.nuget/packages/nmodbus/3.0.72/lib/net6.0/NModbus.dll /reference:/home/saidul/.nuget/packages/opcfoundation.netstandard.opc.ua.bindings.https/1.5.374.54/lib/net8.0/Opc.Ua.Bindings.Https.dll /reference:/home/saidul/.nuget/packages/opcfoundation.netstandard.opc.ua.client/1.5.374.54/lib/net8.0/Opc.Ua.Client.dll /reference:/home/saidul/.nuget/packages/opcfoundation.netstandard.opc.ua.configuration/1.5.374.54/lib/net8.0/Opc.Ua.Configuration.dll /reference:/home/saidul/.nuget/packages/opcfoundation.netstandard.opc.ua.core/1.5.374.54/lib/net8.0/Opc.Ua.Core.dll /reference:/home/saidul/.nuget/packages/opcfoundation.netstandard.opc.ua.gds.client.common/1.5.374.54/lib/net8.0/Opc.Ua.Gds.Client.Common.dll /reference:/home/saidul/.nuget/packages/opcfoundation.netstandard.opc.ua.gds.server.common/1.5.374.54/lib/net8.0/Opc.Ua.Gds.Server.Common.dll /reference:/home/saidul/.nuget/packages/opcfoundation.netstandard.opc.ua.security.certificates/1.5.374.54/lib/net8.0/Opc.Ua.Security.Certificates.dll /reference:/home/saidul/.nuget/packages/opcfoundation.netstandard.opc.ua.server/1.5.374.54/lib/net8.0/Opc.Ua.Server.dll /reference:/home/saidul/.nuget/packages/pipelines.sockets.unofficial/2.2.8/lib/net5.0/Pipelines.Sockets.Unofficial.dll /reference:/home/saidul/.nuget/packages/polly.core/8.2.0/lib/net8.0/Polly.Core.dll /reference:/home/saidul/.nuget/packages/polly/8.2.0/lib/net6.0/Polly.dll /reference:/home/saidul/.nuget/packages/polly.extensions/8.2.0/lib/net8.0/Polly.Extensions.dll /reference:/home/saidul/.nuget/packages/polly.extensions.http/3.0.0/lib/netstandard2.0/Polly.Extensions.Http.dll /reference:/home/saidul/.nuget/packages/prometheus-net/8.0.1/lib/net7.0/Prometheus.NetStandard.dll /reference:/home/saidul/.nuget/packages/quartz/3.8.0/lib/net6.0/Quartz.dll /reference:/home/saidul/.nuget/packages/quartz.extensions.dependencyinjection/3.8.0/lib/net8.0/Quartz.Extensions.DependencyInjection.dll /reference:/home/saidul/.nuget/packages/quartz.extensions.hosting/3.8.0/lib/net8.0/Quartz.Extensions.Hosting.dll /reference:/home/saidul/.nuget/packages/rabbitmq.client/6.8.1/lib/netstandard2.0/RabbitMQ.Client.dll /reference:/home/saidul/.nuget/packages/serilog.aspnetcore/8.0.0/lib/net8.0/Serilog.AspNetCore.dll /reference:/home/saidul/.nuget/packages/serilog/3.1.1/lib/net7.0/Serilog.dll /reference:/home/saidul/.nuget/packages/serilog.enrichers.correlationid/3.0.1/lib/netstandard2.1/Serilog.Enrichers.CorrelationId.dll /reference:/home/saidul/.nuget/packages/serilog.enrichers.environment/2.3.0/lib/netstandard2.0/Serilog.Enrichers.Environment.dll /reference:/home/saidul/.nuget/packages/serilog.enrichers.process/2.0.2/lib/netstandard2.0/Serilog.Enrichers.Process.dll /reference:/home/saidul/.nuget/packages/serilog.enrichers.thread/3.1.0/lib/netstandard2.0/Serilog.Enrichers.Thread.dll /reference:/home/saidul/.nuget/packages/serilog.extensions.hosting/8.0.0/lib/net8.0/Serilog.Extensions.Hosting.dll /reference:/home/saidul/.nuget/packages/serilog.extensions.logging/8.0.0/lib/net8.0/Serilog.Extensions.Logging.dll /reference:/home/saidul/.nuget/packages/serilog.formatting.compact/2.0.0/lib/net7.0/Serilog.Formatting.Compact.dll /reference:/home/saidul/.nuget/packages/serilog.settings.configuration/8.0.0/lib/net8.0/Serilog.Settings.Configuration.dll /reference:/home/saidul/.nuget/packages/serilog.sinks.applicationinsights/4.0.0/lib/net6.0/Serilog.Sinks.ApplicationInsights.dll /reference:/home/saidul/.nuget/packages/serilog.sinks.console/5.0.1/lib/net7.0/Serilog.Sinks.Console.dll /reference:/home/saidul/.nuget/packages/serilog.sinks.debug/2.0.0/lib/netstandard2.1/Serilog.Sinks.Debug.dll /reference:/home/saidul/.nuget/packages/serilog.sinks.file/5.0.0/lib/net5.0/Serilog.Sinks.File.dll /reference:/home/saidul/.nuget/packages/sqlitepclraw.bundle_e_sqlite3/2.1.6/lib/netstandard2.0/SQLitePCLRaw.batteries_v2.dll /reference:/home/saidul/.nuget/packages/sqlitepclraw.core/2.1.6/lib/netstandard2.0/SQLitePCLRaw.core.dll /reference:/home/saidul/.nuget/packages/sqlitepclraw.provider.e_sqlite3/2.1.6/lib/net6.0/SQLitePCLRaw.provider.e_sqlite3.dll /reference:/home/saidul/.nuget/packages/stackexchange.redis/2.7.33/lib/net6.0/StackExchange.Redis.dll /reference:/home/saidul/.nuget/packages/swashbuckle.aspnetcore.swagger/6.6.2/lib/net8.0/Swashbuckle.AspNetCore.Swagger.dll /reference:/home/saidul/.nuget/packages/swashbuckle.aspnetcore.swaggergen/6.6.2/lib/net8.0/Swashbuckle.AspNetCore.SwaggerGen.dll /reference:/home/saidul/.nuget/packages/swashbuckle.aspnetcore.swaggerui/6.6.2/lib/net8.0/Swashbuckle.AspNetCore.SwaggerUI.dll /reference:/usr/share/dotnet/packs/Microsoft.NETCore.App.Ref/8.0.21/ref/net8.0/System.AppContext.dll /reference:/usr/share/dotnet/packs/Microsoft.NETCore.App.Ref/8.0.21/ref/net8.0/System.Buffers.dll /reference:/home/saidul/.nuget/packages/system.codedom/4.4.0/ref/netstandard2.0/System.CodeDom.dll /reference:/usr/share/dotnet/packs/Microsoft.NETCore.App.Ref/8.0.21/ref/net8.0/System.Collections.Concurrent.dll /reference:/usr/share/dotnet/packs/Microsoft.NETCore.App.Ref/8.0.21/ref/net8.0/System.Collections.dll /reference:/usr/share/dotnet/packs/Microsoft.NETCore.App.Ref/8.0.21/ref/net8.0/System.Collections.Immutable.dll /reference:/usr/share/dotnet/packs/Microsoft.NETCore.App.Ref/8.0.21/ref/net8.0/System.Collections.NonGeneric.dll /reference:/usr/share/dotnet/packs/Microsoft.NETCore.App.Ref/8.0.21/ref/net8.0/System.Collections.Specialized.dll /reference:/usr/share/dotnet/packs/Microsoft.NETCore.App.Ref/8.0.21/ref/net8.0/System.ComponentModel.Annotations.dll /reference:/usr/share/dotnet/packs/Microsoft.NETCore.App.Ref/8.0.21/ref/net8.0/System.ComponentModel.DataAnnotations.dll /reference:/usr/share/dotnet/packs/Microsoft.NETCore.App.Ref/8.0.21/ref/net8.0/System.ComponentModel.dll /reference:/usr/share/dotnet/packs/Microsoft.NETCore.App.Ref/8.0.21/ref/net8.0/System.ComponentModel.EventBasedAsync.dll /reference:/usr/share/dotnet/packs/Microsoft.NETCore.App.Ref/8.0.21/ref/net8.0/System.ComponentModel.Primitives.dll /reference:/usr/share/dotnet/packs/Microsoft.NETCore.App.Ref/8.0.21/ref/net8.0/System.ComponentModel.TypeConverter.dll /reference:/home/saidul/.nuget/packages/system.composition.attributedmodel/6.0.0/lib/net6.0/System.Composition.AttributedModel.dll /reference:/home/saidul/.nuget/packages/system.composition.convention/6.0.0/lib/net6.0/System.Composition.Convention.dll /reference:/home/saidul/.nuget/packages/system.composition.hosting/6.0.0/lib/net6.0/System.Composition.Hosting.dll /reference:/home/saidul/.nuget/packages/system.composition.runtime/6.0.0/lib/net6.0/System.Composition.Runtime.dll /reference:/home/saidul/.nuget/packages/system.composition.typedparts/6.0.0/lib/net6.0/System.Composition.TypedParts.dll /reference:/home/saidul/.nuget/packages/system.configuration.configurationmanager/6.0.1/lib/net6.0/System.Configuration.ConfigurationManager.dll /reference:/usr/share/dotnet/packs/Microsoft.NETCore.App.Ref/8.0.21/ref/net8.0/System.Configuration.dll /reference:/usr/share/dotnet/packs/Microsoft.NETCore.App.Ref/8.0.21/ref/net8.0/System.Console.dll /reference:/usr/share/dotnet/packs/Microsoft.NETCore.App.Ref/8.0.21/ref/net8.0/System.Core.dll /reference:/usr/share/dotnet/packs/Microsoft.NETCore.App.Ref/8.0.21/ref/net8.0/System.Data.Common.dll /reference:/usr/share/dotnet/packs/Microsoft.NETCore.App.Ref/8.0.21/ref/net8.0/System.Data.DataSetExtensions.dll /reference:/usr/share/dotnet/packs/Microsoft.NETCore.App.Ref/8.0.21/ref/net8.0/System.Data.dll /reference:/usr/share/dotnet/packs/Microsoft.NETCore.App.Ref/8.0.21/ref/net8.0/System.Diagnostics.Contracts.dll /reference:/usr/share/dotnet/packs/Microsoft.NETCore.App.Ref/8.0.21/ref/net8.0/System.Diagnostics.Debug.dll /reference:/home/saidul/.nuget/packages/system.diagnostics.diagnosticsource/9.0.0/lib/net8.0/System.Diagnostics.DiagnosticSource.dll /reference:/usr/share/dotnet/packs/Microsoft.AspNetCore.App.Ref/8.0.21/ref/net8.0/System.Diagnostics.EventLog.dll /reference:/usr/share/dotnet/packs/Microsoft.NETCore.App.Ref/8.0.21/ref/net8.0/System.Diagnostics.FileVersionInfo.dll /reference:/home/saidul/.nuget/packages/system.diagnostics.performancecounter/6.0.0/lib/net6.0/System.Diagnostics.PerformanceCounter.dll /reference:/usr/share/dotnet/packs/Microsoft.NETCore.App.Ref/8.0.21/ref/net8.0/System.Diagnostics.Process.dll /reference:/usr/share/dotnet/packs/Microsoft.NETCore.App.Ref/8.0.21/ref/net8.0/System.Diagnostics.StackTrace.dll /reference:/usr/share/dotnet/packs/Microsoft.NETCore.App.Ref/8.0.21/ref/net8.0/System.Diagnostics.TextWriterTraceListener.dll /reference:/usr/share/dotnet/packs/Microsoft.NETCore.App.Ref/8.0.21/ref/net8.0/System.Diagnostics.Tools.dll /reference:/usr/share/dotnet/packs/Microsoft.NETCore.App.Ref/8.0.21/ref/net8.0/System.Diagnostics.TraceSource.dll /reference:/usr/share/dotnet/packs/Microsoft.NETCore.App.Ref/8.0.21/ref/net8.0/System.Diagnostics.Tracing.dll /reference:/usr/share/dotnet/packs/Microsoft.NETCore.App.Ref/8.0.21/ref/net8.0/System.dll /reference:/home/saidul/.nuget/packages/system.drawing.common/6.0.0/lib/net6.0/System.Drawing.Common.dll /reference:/usr/share/dotnet/packs/Microsoft.NETCore.App.Ref/8.0.21/ref/net8.0/System.Drawing.dll /reference:/usr/share/dotnet/packs/Microsoft.NETCore.App.Ref/8.0.21/ref/net8.0/System.Drawing.Primitives.dll /reference:/usr/share/dotnet/packs/Microsoft.NETCore.App.Ref/8.0.21/ref/net8.0/System.Dynamic.Runtime.dll /reference:/usr/share/dotnet/packs/Microsoft.NETCore.App.Ref/8.0.21/ref/net8.0/System.Formats.Asn1.dll /reference:/usr/share/dotnet/packs/Microsoft.NETCore.App.Ref/8.0.21/ref/net8.0/System.Formats.Tar.dll /reference:/usr/share/dotnet/packs/Microsoft.NETCore.App.Ref/8.0.21/ref/net8.0/System.Globalization.Calendars.dll /reference:/usr/share/dotnet/packs/Microsoft.NETCore.App.Ref/8.0.21/ref/net8.0/System.Globalization.dll /reference:/usr/share/dotnet/packs/Microsoft.NETCore.App.Ref/8.0.21/ref/net8.0/System.Globalization.Extensions.dll /reference:/home/saidul/.nuget/packages/system.identitymodel.tokens.jwt/8.2.0/lib/net8.0/System.IdentityModel.Tokens.Jwt.dll /reference:/usr/share/dotnet/packs/Microsoft.NETCore.App.Ref/8.0.21/ref/net8.0/System.IO.Compression.Brotli.dll /reference:/usr/share/dotnet/packs/Microsoft.NETCore.App.Ref/8.0.21/ref/net8.0/System.IO.Compression.dll /reference:/usr/share/dotnet/packs/Microsoft.NETCore.App.Ref/8.0.21/ref/net8.0/System.IO.Compression.FileSystem.dll /reference:/usr/share/dotnet/packs/Microsoft.NETCore.App.Ref/8.0.21/ref/net8.0/System.IO.Compression.ZipFile.dll /reference:/usr/share/dotnet/packs/Microsoft.NETCore.App.Ref/8.0.21/ref/net8.0/System.IO.dll /reference:/usr/share/dotnet/packs/Microsoft.NETCore.App.Ref/8.0.21/ref/net8.0/System.IO.FileSystem.AccessControl.dll /reference:/usr/share/dotnet/packs/Microsoft.NETCore.App.Ref/8.0.21/ref/net8.0/System.IO.FileSystem.dll /reference:/usr/share/dotnet/packs/Microsoft.NETCore.App.Ref/8.0.21/ref/net8.0/System.IO.FileSystem.DriveInfo.dll /reference:/usr/share/dotnet/packs/Microsoft.NETCore.App.Ref/8.0.21/ref/net8.0/System.IO.FileSystem.Primitives.dll /reference:/usr/share/dotnet/packs/Microsoft.NETCore.App.Ref/8.0.21/ref/net8.0/System.IO.FileSystem.Watcher.dll /reference:/usr/share/dotnet/packs/Microsoft.NETCore.App.Ref/8.0.21/ref/net8.0/System.IO.IsolatedStorage.dll /reference:/usr/share/dotnet/packs/Microsoft.NETCore.App.Ref/8.0.21/ref/net8.0/System.IO.MemoryMappedFiles.dll /reference:/usr/share/dotnet/packs/Microsoft.AspNetCore.App.Ref/8.0.21/ref/net8.0/System.IO.Pipelines.dll /reference:/usr/share/dotnet/packs/Microsoft.NETCore.App.Ref/8.0.21/ref/net8.0/System.IO.Pipes.AccessControl.dll /reference:/usr/share/dotnet/packs/Microsoft.NETCore.App.Ref/8.0.21/ref/net8.0/System.IO.Pipes.dll /reference:/usr/share/dotnet/packs/Microsoft.NETCore.App.Ref/8.0.21/ref/net8.0/System.IO.UnmanagedMemoryStream.dll /reference:/usr/share/dotnet/packs/Microsoft.NETCore.App.Ref/8.0.21/ref/net8.0/System.Linq.dll /reference:/usr/share/dotnet/packs/Microsoft.NETCore.App.Ref/8.0.21/ref/net8.0/System.Linq.Expressions.dll /reference:/usr/share/dotnet/packs/Microsoft.NETCore.App.Ref/8.0.21/ref/net8.0/System.Linq.Parallel.dll /reference:/usr/share/dotnet/packs/Microsoft.NETCore.App.Ref/8.0.21/ref/net8.0/System.Linq.Queryable.dll /reference:/home/saidul/.nuget/packages/system.memory.data/1.0.2/lib/netstandard2.0/System.Memory.Data.dll /reference:/usr/share/dotnet/packs/Microsoft.NETCore.App.Ref/8.0.21/ref/net8.0/System.Memory.dll /reference:/usr/share/dotnet/packs/Microsoft.NETCore.App.Ref/8.0.21/ref/net8.0/System.Net.dll /reference:/usr/share/dotnet/packs/Microsoft.NETCore.App.Ref/8.0.21/ref/net8.0/System.Net.Http.dll /reference:/usr/share/dotnet/packs/Microsoft.NETCore.App.Ref/8.0.21/ref/net8.0/System.Net.Http.Json.dll /reference:/usr/share/dotnet/packs/Microsoft.NETCore.App.Ref/8.0.21/ref/net8.0/System.Net.HttpListener.dll /reference:/usr/share/dotnet/packs/Microsoft.NETCore.App.Ref/8.0.21/ref/net8.0/System.Net.Mail.dll /reference:/usr/share/dotnet/packs/Microsoft.NETCore.App.Ref/8.0.21/ref/net8.0/System.Net.NameResolution.dll /reference:/usr/share/dotnet/packs/Microsoft.NETCore.App.Ref/8.0.21/ref/net8.0/System.Net.NetworkInformation.dll /reference:/usr/share/dotnet/packs/Microsoft.NETCore.App.Ref/8.0.21/ref/net8.0/System.Net.Ping.dll /reference:/usr/share/dotnet/packs/Microsoft.NETCore.App.Ref/8.0.21/ref/net8.0/System.Net.Primitives.dll /reference:/usr/share/dotnet/packs/Microsoft.NETCore.App.Ref/8.0.21/ref/net8.0/System.Net.Quic.dll /reference:/usr/share/dotnet/packs/Microsoft.NETCore.App.Ref/8.0.21/ref/net8.0/System.Net.Requests.dll /reference:/usr/share/dotnet/packs/Microsoft.NETCore.App.Ref/8.0.21/ref/net8.0/System.Net.Security.dll /reference:/usr/share/dotnet/packs/Microsoft.NETCore.App.Ref/8.0.21/ref/net8.0/System.Net.ServicePoint.dll /reference:/usr/share/dotnet/packs/Microsoft.NETCore.App.Ref/8.0.21/ref/net8.0/System.Net.Sockets.dll /reference:/usr/share/dotnet/packs/Microsoft.NETCore.App.Ref/8.0.21/ref/net8.0/System.Net.WebClient.dll /reference:/usr/share/dotnet/packs/Microsoft.NETCore.App.Ref/8.0.21/ref/net8.0/System.Net.WebHeaderCollection.dll /reference:/usr/share/dotnet/packs/Microsoft.NETCore.App.Ref/8.0.21/ref/net8.0/System.Net.WebProxy.dll /reference:/usr/share/dotnet/packs/Microsoft.NETCore.App.Ref/8.0.21/ref/net8.0/System.Net.WebSockets.Client.dll /reference:/usr/share/dotnet/packs/Microsoft.NETCore.App.Ref/8.0.21/ref/net8.0/System.Net.WebSockets.dll /reference:/home/saidul/.nuget/packages/system.net.websockets.websocketprotocol/4.5.1/ref/netstandard2.0/System.Net.WebSockets.WebSocketProtocol.dll /reference:/usr/share/dotnet/packs/Microsoft.NETCore.App.Ref/8.0.21/ref/net8.0/System.Numerics.dll /reference:/usr/share/dotnet/packs/Microsoft.NETCore.App.Ref/8.0.21/ref/net8.0/System.Numerics.Vectors.dll /reference:/usr/share/dotnet/packs/Microsoft.NETCore.App.Ref/8.0.21/ref/net8.0/System.ObjectModel.dll /reference:/usr/share/dotnet/packs/Microsoft.NETCore.App.Ref/8.0.21/ref/net8.0/System.Reflection.DispatchProxy.dll /reference:/usr/share/dotnet/packs/Microsoft.NETCore.App.Ref/8.0.21/ref/net8.0/System.Reflection.dll /reference:/usr/share/dotnet/packs/Microsoft.NETCore.App.Ref/8.0.21/ref/net8.0/System.Reflection.Emit.dll /reference:/usr/share/dotnet/packs/Microsoft.NETCore.App.Ref/8.0.21/ref/net8.0/System.Reflection.Emit.ILGeneration.dll /reference:/usr/share/dotnet/packs/Microsoft.NETCore.App.Ref/8.0.21/ref/net8.0/System.Reflection.Emit.Lightweight.dll /reference:/usr/share/dotnet/packs/Microsoft.NETCore.App.Ref/8.0.21/ref/net8.0/System.Reflection.Extensions.dll /reference:/usr/share/dotnet/packs/Microsoft.NETCore.App.Ref/8.0.21/ref/net8.0/System.Reflection.Metadata.dll /reference:/usr/share/dotnet/packs/Microsoft.NETCore.App.Ref/8.0.21/ref/net8.0/System.Reflection.Primitives.dll /reference:/usr/share/dotnet/packs/Microsoft.NETCore.App.Ref/8.0.21/ref/net8.0/System.Reflection.TypeExtensions.dll /reference:/usr/share/dotnet/packs/Microsoft.NETCore.App.Ref/8.0.21/ref/net8.0/System.Resources.Reader.dll /reference:/usr/share/dotnet/packs/Microsoft.NETCore.App.Ref/8.0.21/ref/net8.0/System.Resources.ResourceManager.dll /reference:/usr/share/dotnet/packs/Microsoft.NETCore.App.Ref/8.0.21/ref/net8.0/System.Resources.Writer.dll /reference:/usr/share/dotnet/packs/Microsoft.NETCore.App.Ref/8.0.21/ref/net8.0/System.Runtime.CompilerServices.Unsafe.dll /reference:/usr/share/dotnet/packs/Microsoft.NETCore.App.Ref/8.0.21/ref/net8.0/System.Runtime.CompilerServices.VisualC.dll /reference:/usr/share/dotnet/packs/Microsoft.NETCore.App.Ref/8.0.21/ref/net8.0/System.Runtime.dll /reference:/usr/share/dotnet/packs/Microsoft.NETCore.App.Ref/8.0.21/ref/net8.0/System.Runtime.Extensions.dll /reference:/usr/share/dotnet/packs/Microsoft.NETCore.App.Ref/8.0.21/ref/net8.0/System.Runtime.Handles.dll /reference:/usr/share/dotnet/packs/Microsoft.NETCore.App.Ref/8.0.21/ref/net8.0/System.Runtime.InteropServices.dll /reference:/usr/share/dotnet/packs/Microsoft.NETCore.App.Ref/8.0.21/ref/net8.0/System.Runtime.InteropServices.JavaScript.dll /reference:/usr/share/dotnet/packs/Microsoft.NETCore.App.Ref/8.0.21/ref/net8.0/System.Runtime.InteropServices.RuntimeInformation.dll /reference:/usr/share/dotnet/packs/Microsoft.NETCore.App.Ref/8.0.21/ref/net8.0/System.Runtime.Intrinsics.dll /reference:/usr/share/dotnet/packs/Microsoft.NETCore.App.Ref/8.0.21/ref/net8.0/System.Runtime.Loader.dll /reference:/usr/share/dotnet/packs/Microsoft.NETCore.App.Ref/8.0.21/ref/net8.0/System.Runtime.Numerics.dll /reference:/usr/share/dotnet/packs/Microsoft.NETCore.App.Ref/8.0.21/ref/net8.0/System.Runtime.Serialization.dll /reference:/usr/share/dotnet/packs/Microsoft.NETCore.App.Ref/8.0.21/ref/net8.0/System.Runtime.Serialization.Formatters.dll /reference:/usr/share/dotnet/packs/Microsoft.NETCore.App.Ref/8.0.21/ref/net8.0/System.Runtime.Serialization.Json.dll /reference:/usr/share/dotnet/packs/Microsoft.NETCore.App.Ref/8.0.21/ref/net8.0/System.Runtime.Serialization.Primitives.dll /reference:/usr/share/dotnet/packs/Microsoft.NETCore.App.Ref/8.0.21/ref/net8.0/System.Runtime.Serialization.Xml.dll /reference:/usr/share/dotnet/packs/Microsoft.NETCore.App.Ref/8.0.21/ref/net8.0/System.Security.AccessControl.dll /reference:/usr/share/dotnet/packs/Microsoft.NETCore.App.Ref/8.0.21/ref/net8.0/System.Security.Claims.dll /reference:/usr/share/dotnet/packs/Microsoft.NETCore.App.Ref/8.0.21/ref/net8.0/System.Security.Cryptography.Algorithms.dll /reference:/usr/share/dotnet/packs/Microsoft.NETCore.App.Ref/8.0.21/ref/net8.0/System.Security.Cryptography.Cng.dll /reference:/usr/share/dotnet/packs/Microsoft.NETCore.App.Ref/8.0.21/ref/net8.0/System.Security.Cryptography.Csp.dll /reference:/usr/share/dotnet/packs/Microsoft.NETCore.App.Ref/8.0.21/ref/net8.0/System.Security.Cryptography.dll /reference:/usr/share/dotnet/packs/Microsoft.NETCore.App.Ref/8.0.21/ref/net8.0/System.Security.Cryptography.Encoding.dll /reference:/usr/share/dotnet/packs/Microsoft.NETCore.App.Ref/8.0.21/ref/net8.0/System.Security.Cryptography.OpenSsl.dll /reference:/usr/share/dotnet/packs/Microsoft.NETCore.App.Ref/8.0.21/ref/net8.0/System.Security.Cryptography.Primitives.dll /reference:/home/saidul/.nuget/packages/system.security.cryptography.protecteddata/6.0.0/lib/net6.0/System.Security.Cryptography.ProtectedData.dll /reference:/usr/share/dotnet/packs/Microsoft.NETCore.App.Ref/8.0.21/ref/net8.0/System.Security.Cryptography.X509Certificates.dll /reference:/usr/share/dotnet/packs/Microsoft.AspNetCore.App.Ref/8.0.21/ref/net8.0/System.Security.Cryptography.Xml.dll /reference:/usr/share/dotnet/packs/Microsoft.NETCore.App.Ref/8.0.21/ref/net8.0/System.Security.dll /reference:/home/saidul/.nuget/packages/system.security.permissions/6.0.0/lib/net6.0/System.Security.Permissions.dll /reference:/usr/share/dotnet/packs/Microsoft.NETCore.App.Ref/8.0.21/ref/net8.0/System.Security.Principal.dll /reference:/usr/share/dotnet/packs/Microsoft.NETCore.App.Ref/8.0.21/ref/net8.0/System.Security.Principal.Windows.dll /reference:/usr/share/dotnet/packs/Microsoft.NETCore.App.Ref/8.0.21/ref/net8.0/System.Security.SecureString.dll /reference:/usr/share/dotnet/packs/Microsoft.NETCore.App.Ref/8.0.21/ref/net8.0/System.ServiceModel.Web.dll /reference:/usr/share/dotnet/packs/Microsoft.NETCore.App.Ref/8.0.21/ref/net8.0/System.ServiceProcess.dll /reference:/usr/share/dotnet/packs/Microsoft.NETCore.App.Ref/8.0.21/ref/net8.0/System.Text.Encoding.CodePages.dll /reference:/usr/share/dotnet/packs/Microsoft.NETCore.App.Ref/8.0.21/ref/net8.0/System.Text.Encoding.dll /reference:/usr/share/dotnet/packs/Microsoft.NETCore.App.Ref/8.0.21/ref/net8.0/System.Text.Encoding.Extensions.dll /reference:/usr/share/dotnet/packs/Microsoft.NETCore.App.Ref/8.0.21/ref/net8.0/System.Text.Encodings.Web.dll /reference:/usr/share/dotnet/packs/Microsoft.NETCore.App.Ref/8.0.21/ref/net8.0/System.Text.Json.dll /reference:/usr/share/dotnet/packs/Microsoft.NETCore.App.Ref/8.0.21/ref/net8.0/System.Text.RegularExpressions.dll /reference:/usr/share/dotnet/packs/Microsoft.NETCore.App.Ref/8.0.21/ref/net8.0/System.Threading.Channels.dll /reference:/usr/share/dotnet/packs/Microsoft.NETCore.App.Ref/8.0.21/ref/net8.0/System.Threading.dll /reference:/usr/share/dotnet/packs/Microsoft.NETCore.App.Ref/8.0.21/ref/net8.0/System.Threading.Overlapped.dll /reference:/usr/share/dotnet/packs/Microsoft.AspNetCore.App.Ref/8.0.21/ref/net8.0/System.Threading.RateLimiting.dll /reference:/usr/share/dotnet/packs/Microsoft.NETCore.App.Ref/8.0.21/ref/net8.0/System.Threading.Tasks.Dataflow.dll /reference:/usr/share/dotnet/packs/Microsoft.NETCore.App.Ref/8.0.21/ref/net8.0/System.Threading.Tasks.dll /reference:/usr/share/dotnet/packs/Microsoft.NETCore.App.Ref/8.0.21/ref/net8.0/System.Threading.Tasks.Extensions.dll /reference:/usr/share/dotnet/packs/Microsoft.NETCore.App.Ref/8.0.21/ref/net8.0/System.Threading.Tasks.Parallel.dll /reference:/usr/share/dotnet/packs/Microsoft.NETCore.App.Ref/8.0.21/ref/net8.0/System.Threading.Thread.dll /reference:/usr/share/dotnet/packs/Microsoft.NETCore.App.Ref/8.0.21/ref/net8.0/System.Threading.ThreadPool.dll /reference:/usr/share/dotnet/packs/Microsoft.NETCore.App.Ref/8.0.21/ref/net8.0/System.Threading.Timer.dll /reference:/usr/share/dotnet/packs/Microsoft.NETCore.App.Ref/8.0.21/ref/net8.0/System.Transactions.dll /reference:/usr/share/dotnet/packs/Microsoft.NETCore.App.Ref/8.0.21/ref/net8.0/System.Transactions.Local.dll /reference:/usr/share/dotnet/packs/Microsoft.NETCore.App.Ref/8.0.21/ref/net8.0/System.ValueTuple.dll /reference:/usr/share/dotnet/packs/Microsoft.NETCore.App.Ref/8.0.21/ref/net8.0/System.Web.dll /reference:/usr/share/dotnet/packs/Microsoft.NETCore.App.Ref/8.0.21/ref/net8.0/System.Web.HttpUtility.dll /reference:/usr/share/dotnet/packs/Microsoft.NETCore.App.Ref/8.0.21/ref/net8.0/System.Windows.dll /reference:/home/saidul/.nuget/packages/system.windows.extensions/6.0.0/lib/net6.0/System.Windows.Extensions.dll /reference:/usr/share/dotnet/packs/Microsoft.NETCore.App.Ref/8.0.21/ref/net8.0/System.Xml.dll /reference:/usr/share/dotnet/packs/Microsoft.NETCore.App.Ref/8.0.21/ref/net8.0/System.Xml.Linq.dll /reference:/usr/share/dotnet/packs/Microsoft.NETCore.App.Ref/8.0.21/ref/net8.0/System.Xml.ReaderWriter.dll /reference:/usr/share/dotnet/packs/Microsoft.NETCore.App.Ref/8.0.21/ref/net8.0/System.Xml.Serialization.dll /reference:/usr/share/dotnet/packs/Microsoft.NETCore.App.Ref/8.0.21/ref/net8.0/System.Xml.XDocument.dll /reference:/usr/share/dotnet/packs/Microsoft.NETCore.App.Ref/8.0.21/ref/net8.0/System.Xml.XmlDocument.dll /reference:/usr/share/dotnet/packs/Microsoft.NETCore.App.Ref/8.0.21/ref/net8.0/System.Xml.XmlSerializer.dll /reference:/usr/share/dotnet/packs/Microsoft.NETCore.App.Ref/8.0.21/ref/net8.0/System.Xml.XPath.dll /reference:/usr/share/dotnet/packs/Microsoft.NETCore.App.Ref/8.0.21/ref/net8.0/System.Xml.XPath.XDocument.dll /reference:/usr/share/dotnet/packs/Microsoft.NETCore.App.Ref/8.0.21/ref/net8.0/WindowsBase.dll /reference:/home/saidul/.nuget/packages/yamldotnet/13.3.1/lib/net7.0/YamlDotNet.dll /debug+ /debug:portable /filealign:512 /optimize+ /out:obj/Release/net8.0/KChief.Platform.API.dll /refout:obj/Release/net8.0/refint/KChief.Platform.API.dll /target:exe /warnaserror- /utf8output /deterministic+ /sourcelink:obj/Release/net8.0/KChief.Platform.API.sourcelink.json /langversion:12.0 /embed:obj/Release/net8.0/KChief.Platform.API.GlobalUsings.g.cs /embed:"obj/Release/net8.0/.NETCoreApp,Version=v8.0.AssemblyAttributes.cs" /embed:obj/Release/net8.0/KChief.Platform.API.AssemblyInfo.cs /embed:obj/Release/net8.0/KChief.Platform.API.MvcApplicationPartsAssemblyInfo.cs /analyzerconfig:obj/Release/net8.0/KChief.Platform.API.GeneratedMSBuildEditorConfig.editorconfig /analyzerconfig:/usr/share/dotnet/sdk/8.0.415/Sdks/Microsoft.NET.Sdk/analyzers/build/config/analysislevel_8_default.globalconfig /analyzer:/usr/share/dotnet/sdk/8.0.415/Sdks/Microsoft.NET.Sdk.Web/analyzers/cs/Microsoft.AspNetCore.Analyzers.dll /analyzer:/usr/share/dotnet/sdk/8.0.415/Sdks/Microsoft.NET.Sdk.Web/analyzers/cs/Microsoft.AspNetCore.Mvc.Analyzers.dll /analyzer:/usr/share/dotnet/sdk/8.0.415/Sdks/Microsoft.NET.Sdk/targets/../analyzers/Microsoft.CodeAnalysis.CSharp.NetAnalyzers.dll /analyzer:/usr/share/dotnet/sdk/8.0.415/Sdks/Microsoft.NET.Sdk/targets/../analyzers/Microsoft.CodeAnalysis.NetAnalyzers.dll /analyzer:/home/saidul/.nuget/packages/microsoft.codeanalysis.analyzers/3.3.3/analyzers/dotnet/cs/Microsoft.CodeAnalysis.Analyzers.dll /analyzer:/home/saidul/.nuget/packages/microsoft.codeanalysis.analyzers/3.3.3/analyzers/dotnet/cs/Microsoft.CodeAnalysis.CSharp.Analyzers.dll /analyzer:/home/saidul/.nuget/packages/microsoft.entityframeworkcore.analyzers/8.0.0/analyzers/dotnet/cs/Microsoft.EntityFrameworkCore.Analyzers.dll /analyzer:/home/saidul/.nuget/packages/microsoft.extensions.logging.abstractions/9.0.0/analyzers/dotnet/roslyn4.4/cs/Microsoft.Extensions.Logging.Generators.dll /analyzer:/home/saidul/.nuget/packages/microsoft.extensions.options/9.0.0/analyzers/dotnet/roslyn4.4/cs/Microsoft.Extensions.Options.SourceGeneration.dll /analyzer:/usr/share/dotnet/packs/Microsoft.NETCore.App.Ref/8.0.21/analyzers/dotnet/cs/Microsoft.Interop.ComInterfaceGenerator.dll /analyzer:/usr/share/dotnet/packs/Microsoft.NETCore.App.Ref/8.0.21/analyzers/dotnet/cs/Microsoft.Interop.JavaScript.JSImportGenerator.dll /analyzer:/usr/share/dotnet/packs/Microsoft.NETCore.App.Ref/8.0.21/analyzers/dotnet/cs/Microsoft.Interop.LibraryImportGenerator.dll /analyzer:/usr/share/dotnet/packs/Microsoft.NETCore.App.Ref/8.0.21/analyzers/dotnet/cs/Microsoft.Interop.SourceGeneration.dll /analyzer:/usr/share/dotnet/packs/Microsoft.NETCore.App.Ref/8.0.21/analyzers/dotnet/cs/System.Text.Json.SourceGeneration.dll /analyzer:/usr/share/dotnet/packs/Microsoft.NETCore.App.Ref/8.0.21/analyzers/dotnet/cs/System.Text.RegularExpressions.Generator.dll /analyzer:/usr/share/dotnet/packs/Microsoft.AspNetCore.App.Ref/8.0.21/analyzers/dotnet/cs/Microsoft.AspNetCore.App.Analyzers.dll /analyzer:/usr/share/dotnet/packs/Microsoft.AspNetCore.App.Ref/8.0.21/analyzers/dotnet/cs/Microsoft.AspNetCore.App.CodeFixes.dll /analyzer:/usr/share/dotnet/packs/Microsoft.AspNetCore.App.Ref/8.0.21/analyzers/dotnet/cs/Microsoft.AspNetCore.Components.Analyzers.dll /analyzer:/usr/share/dotnet/sdk/8.0.415/Sdks/Microsoft.NET.Sdk.Razor/targets/../source-generators/Microsoft.AspNetCore.Razor.Utilities.Shared.dll /analyzer:/usr/share/dotnet/sdk/8.0.415/Sdks/Microsoft.NET.Sdk.Razor/targets/../source-generators/Microsoft.CodeAnalysis.Razor.Compiler.dll /analyzer:/usr/share/dotnet/sdk/8.0.415/Sdks/Microsoft.NET.Sdk.Razor/targets/../source-generators/Microsoft.Extensions.ObjectPool.dll /analyzer:/usr/share/dotnet/sdk/8.0.415/Sdks/Microsoft.NET.Sdk.Razor/targets/../source-generators/System.Collections.Immutable.dll Authorization/MaritimeAuthorizationPolicies.cs Authorization/VesselAccessHandler.cs Controllers/AlarmGroupsController.cs Controllers/AlarmRulesController.cs Controllers/AlarmsController.cs Controllers/AlarmTrendsController.cs Controllers/AuthController.cs Controllers/EnginesController.cs Controllers/ErrorDemoController.cs Controllers/ResilienceController.cs Controllers/VesselsController.cs Filters/FluentValidationFilter.cs Filters/ModelValidationFilter.cs Filters/OperationCancelledExceptionFilter.cs HealthChecks/AlarmSystemHealthCheck.cs HealthChecks/MessageBusHealthCheck.cs HealthChecks/ModbusHealthCheck.cs HealthChecks/OpcUaHealthCheck.cs HealthChecks/RedisHealthCheck.cs HealthChecks/VesselControlHealthCheck.cs Hubs/VesselHub.cs Middleware/ApiKeyAuthenticationMiddleware.cs Middleware/CorrelationIdMiddleware.cs Middleware/GlobalExceptionHandlingMiddleware.cs Middleware/PerformanceMonitoringMiddleware.cs Middleware/RateLimitingMiddleware.cs Middleware/RequestResponseLoggingMiddleware.cs Middleware/RequestValidationMiddleware.cs Middleware/ResilienceMiddleware.cs Middleware/ResponseCachingMiddleware.cs Middleware/ResponseTimeTrackingMiddleware.cs Middleware/TelemetryMiddleware.cs Middleware/ValidationMiddleware.cs Program.cs Resilience/ResiliencePolicies.cs Services/AuthenticationService.cs Services/Background/DataPollingService.cs Services/Background/DataSynchronizationService.cs Services/Background/MessageQueueProcessor.cs Services/Background/PeriodicHealthCheckService.cs Services/Caching/CacheInvalidationService.cs Services/Caching/CompositeCacheService.cs Services/Caching/InMemoryCacheService.cs Services/Caching/RedisCacheService.cs Services/Configuration/ConfigurationHotReloadService.cs Services/Configuration/ConfigurationValidationService.cs Services/Configuration/SecretsManagementService.cs Services/ErrorLoggingService.cs Services/PerformanceMonitoringService.cs Services/RealtimeUpdateService.cs Services/ResilienceService.cs Services/Scheduled/ScheduledTaskService.cs Services/Telemetry/ApplicationInsightsTelemetryService.cs Services/Telemetry/CustomMetricsService.cs Services/Telemetry/DistributedTracingService.cs Services/Telemetry/PerformanceProfilingService.cs Services/UserService.cs Swagger/ErrorResponseOperationFilter.cs Swagger/ExampleSchemaFilter.cs Swagger/ResponseExamplesOperationFilter.cs Swagger/SwaggerConfiguration.cs Validators/ChangePasswordRequestValidator.cs Validators/CustomValidators.cs Validators/LocalizedValidatorExtensions.cs Validators/LoginRequestValidator.cs Validators/SetRpmRequestValidator.cs obj/Release/net8.0/KChief.Platform.API.GlobalUsings.g.cs "obj/Release/net8.0/.NETCoreApp,Version=v8.0.AssemblyAttributes.cs" obj/Release/net8.0/KChief.Platform.API.AssemblyInfo.cs obj/Release/net8.0/KChief.Platform.API.MvcApplicationPartsAssemblyInfo.cs /warnaserror+:NU1605,SYSLIB0011
         Microsoft (R) Visual C# Compiler version 4.11.0-3.24554.2 (bc1c3011)
         Copyright (C) Microsoft Corporation. All rights reserved.
   9:8>/home/saidul/Desktop/K-Chief Marine Automation Platform/src/KChief.Platform.API/Middleware/ApiKeyAuthenticationMiddleware.cs(134,9): warning CS0618: 'ISystemClock' is obsolete: 'Use TimeProvider instead.' [/home/saidul/Desktop/K-Chief Marine Automation Platform/src/KChief.Platform.API/KChief.Platform.API.csproj]
   9:8>/home/saidul/Desktop/K-Chief Marine Automation Platform/src/KChief.Platform.API/Middleware/ApiKeyAuthenticationMiddleware.cs(136,9): warning CS0618: 'AuthenticationHandler<ApiKeyAuthenticationSchemeOptions>.AuthenticationHandler(IOptionsMonitor<ApiKeyAuthenticationSchemeOptions>, ILoggerFactory, UrlEncoder, ISystemClock)' is obsolete: 'ISystemClock is obsolete, use TimeProvider on AuthenticationSchemeOptions instead.' [/home/saidul/Desktop/K-Chief Marine Automation Platform/src/KChief.Platform.API/KChief.Platform.API.csproj]
   9:8>/home/saidul/Desktop/K-Chief Marine Automation Platform/src/KChief.Platform.API/Controllers/AlarmGroupsController.cs(91,16): error CS0103: The name 'LogContext' does not exist in the current context [/home/saidul/Desktop/K-Chief Marine Automation Platform/src/KChief.Platform.API/KChief.Platform.API.csproj]
   9:8>/home/saidul/Desktop/K-Chief Marine Automation Platform/src/KChief.Platform.API/Controllers/AlarmGroupsController.cs(92,16): error CS0103: The name 'LogContext' does not exist in the current context [/home/saidul/Desktop/K-Chief Marine Automation Platform/src/KChief.Platform.API/KChief.Platform.API.csproj]
   9:8>/home/saidul/Desktop/K-Chief Marine Automation Platform/src/KChief.Platform.API/Controllers/AlarmGroupsController.cs(101,13): error CS0103: The name 'Log' does not exist in the current context [/home/saidul/Desktop/K-Chief Marine Automation Platform/src/KChief.Platform.API/KChief.Platform.API.csproj]
   9:8>/home/saidul/Desktop/K-Chief Marine Automation Platform/src/KChief.Platform.API/Middleware/CorrelationIdMiddleware.cs(38,16): error CS0103: The name 'CreateLogContext' does not exist in the current context [/home/saidul/Desktop/K-Chief Marine Automation Platform/src/KChief.Platform.API/KChief.Platform.API.csproj]
   9:8>/home/saidul/Desktop/K-Chief Marine Automation Platform/src/KChief.Platform.API/Filters/FluentValidationFilter.cs(24,55): error CS0103: The name 'CorrelationIdMiddleware' does not exist in the current context [/home/saidul/Desktop/K-Chief Marine Automation Platform/src/KChief.Platform.API/KChief.Platform.API.csproj]
   9:8>/home/saidul/Desktop/K-Chief Marine Automation Platform/src/KChief.Platform.API/Middleware/TelemetryMiddleware.cs(58,20): error CS0103: The name 'CreateLogContext' does not exist in the current context [/home/saidul/Desktop/K-Chief Marine Automation Platform/src/KChief.Platform.API/KChief.Platform.API.csproj]
   9:8>/home/saidul/Desktop/K-Chief Marine Automation Platform/src/KChief.Platform.API/Validators/LoginRequestValidator.cs(15,14): error CS1061: 'IRuleBuilderInitial<LoginRequest, string>' does not contain a definition for 'ValidateRequiredString' and no accessible extension method 'ValidateRequiredString' accepting a first argument of type 'IRuleBuilderInitial<LoginRequest, string>' could be found (are you missing a using directive or an assembly reference?) [/home/saidul/Desktop/K-Chief Marine Automation Platform/src/KChief.Platform.API/KChief.Platform.API.csproj]
   9:8>/home/saidul/Desktop/K-Chief Marine Automation Platform/src/KChief.Platform.API/Validators/LoginRequestValidator.cs(20,48): error CS1061: 'T' does not contain a definition for 'Username' and no accessible extension method 'Username' accepting a first argument of type 'T' could be found (are you missing a using directive or an assembly reference?) [/home/saidul/Desktop/K-Chief Marine Automation Platform/src/KChief.Platform.API/KChief.Platform.API.csproj]
   9:8>/home/saidul/Desktop/K-Chief Marine Automation Platform/src/KChief.Platform.API/Validators/LoginRequestValidator.cs(23,14): error CS1061: 'IRuleBuilderInitial<LoginRequest, string>' does not contain a definition for 'ValidateRequiredString' and no accessible extension method 'ValidateRequiredString' accepting a first argument of type 'IRuleBuilderInitial<LoginRequest, string>' could be found (are you missing a using directive or an assembly reference?) [/home/saidul/Desktop/K-Chief Marine Automation Platform/src/KChief.Platform.API/KChief.Platform.API.csproj]
   9:8>/home/saidul/Desktop/K-Chief Marine Automation Platform/src/KChief.Platform.API/Middleware/ResponseTimeTrackingMiddleware.cs(105,33): error CS1061: 'PerformanceMonitoringService' does not contain a definition for 'RecordMetric' and no accessible extension method 'RecordMetric' accepting a first argument of type 'PerformanceMonitoringService' could be found (are you missing a using directive or an assembly reference?) [/home/saidul/Desktop/K-Chief Marine Automation Platform/src/KChief.Platform.API/KChief.Platform.API.csproj]
   9:8>/home/saidul/Desktop/K-Chief Marine Automation Platform/src/KChief.Platform.API/Middleware/ResponseTimeTrackingMiddleware.cs(110,29): error CS1061: 'PerformanceMonitoringService' does not contain a definition for 'RecordMetric' and no accessible extension method 'RecordMetric' accepting a first argument of type 'PerformanceMonitoringService' could be found (are you missing a using directive or an assembly reference?) [/home/saidul/Desktop/K-Chief Marine Automation Platform/src/KChief.Platform.API/KChief.Platform.API.csproj]
   9:8>/home/saidul/Desktop/K-Chief Marine Automation Platform/src/KChief.Platform.API/Middleware/ResponseTimeTrackingMiddleware.cs(114,29): error CS1061: 'PerformanceMonitoringService' does not contain a definition for 'RecordMetric' and no accessible extension method 'RecordMetric' accepting a first argument of type 'PerformanceMonitoringService' could be found (are you missing a using directive or an assembly reference?) [/home/saidul/Desktop/K-Chief Marine Automation Platform/src/KChief.Platform.API/KChief.Platform.API.csproj]
   9:8>/home/saidul/Desktop/K-Chief Marine Automation Platform/src/KChief.Platform.API/Controllers/ResilienceController.cs(52,56): warning CS1998: This async method lacks 'await' operators and will run synchronously. Consider using the 'await' operator to await non-blocking API calls, or 'await Task.Run(...)' to do CPU-bound work on a background thread. [/home/saidul/Desktop/K-Chief Marine Automation Platform/src/KChief.Platform.API/KChief.Platform.API.csproj]
   9:8>/home/saidul/Desktop/K-Chief Marine Automation Platform/src/KChief.Platform.API/Middleware/ResilienceMiddleware.cs(32,14): error CS1061: 'PolicyBuilder' does not contain a definition for 'CircuitBreakerAsync' and no accessible extension method 'CircuitBreakerAsync' accepting a first argument of type 'PolicyBuilder' could be found (are you missing a using directive or an assembly reference?) [/home/saidul/Desktop/K-Chief Marine Automation Platform/src/KChief.Platform.API/KChief.Platform.API.csproj]
   9:8>/home/saidul/Desktop/K-Chief Marine Automation Platform/src/KChief.Platform.API/Middleware/ResilienceMiddleware.cs(48,13): error CS1739: The best overload for 'BulkheadAsync' does not have a parameter named 'onBulkheadRejected' [/home/saidul/Desktop/K-Chief Marine Automation Platform/src/KChief.Platform.API/KChief.Platform.API.csproj]
   9:8>/home/saidul/Desktop/K-Chief Marine Automation Platform/src/KChief.Platform.API/Middleware/RateLimitingMiddleware.cs(215,30): warning CS8602: Dereference of a possibly null reference. [/home/saidul/Desktop/K-Chief Marine Automation Platform/src/KChief.Platform.API/KChief.Platform.API.csproj]
   9:8>/home/saidul/Desktop/K-Chief Marine Automation Platform/src/KChief.Platform.API/Middleware/ResilienceMiddleware.cs(89,20): error CS0246: The type or namespace name 'CircuitBreakerOpenException' could not be found (are you missing a using directive or an assembly reference?) [/home/saidul/Desktop/K-Chief Marine Automation Platform/src/KChief.Platform.API/KChief.Platform.API.csproj]
   9:8>/home/saidul/Desktop/K-Chief Marine Automation Platform/src/KChief.Platform.API/Controllers/ResilienceController.cs(117,39): error CS1729: 'VesselOperationException' does not contain a constructor that takes 1 arguments [/home/saidul/Desktop/K-Chief Marine Automation Platform/src/KChief.Platform.API/KChief.Platform.API.csproj]
   9:8>/home/saidul/Desktop/K-Chief Marine Automation Platform/src/KChief.Platform.API/Controllers/ResilienceController.cs(103,56): warning CS1998: This async method lacks 'await' operators and will run synchronously. Consider using the 'await' operator to await non-blocking API calls, or 'await Task.Run(...)' to do CPU-bound work on a background thread. [/home/saidul/Desktop/K-Chief Marine Automation Platform/src/KChief.Platform.API/KChief.Platform.API.csproj]
   9:8>/home/saidul/Desktop/K-Chief Marine Automation Platform/src/KChief.Platform.API/Middleware/ResilienceMiddleware.cs(199,13): error CS1739: The best overload for 'TimeoutAsync' does not have a parameter named 'onTimeout' [/home/saidul/Desktop/K-Chief Marine Automation Platform/src/KChief.Platform.API/KChief.Platform.API.csproj]
   9:8>/home/saidul/Desktop/K-Chief Marine Automation Platform/src/KChief.Platform.API/Resilience/ResiliencePolicies.cs(207,64): warning CS1998: This async method lacks 'await' operators and will run synchronously. Consider using the 'await' operator to await non-blocking API calls, or 'await Task.Run(...)' to do CPU-bound work on a background thread. [/home/saidul/Desktop/K-Chief Marine Automation Platform/src/KChief.Platform.API/KChief.Platform.API.csproj]
   9:8>/home/saidul/Desktop/K-Chief Marine Automation Platform/src/KChief.Platform.API/Resilience/ResiliencePolicies.cs(224,64): warning CS1998: This async method lacks 'await' operators and will run synchronously. Consider using the 'await' operator to await non-blocking API calls, or 'await Task.Run(...)' to do CPU-bound work on a background thread. [/home/saidul/Desktop/K-Chief Marine Automation Platform/src/KChief.Platform.API/KChief.Platform.API.csproj]
   9:8>/home/saidul/Desktop/K-Chief Marine Automation Platform/src/KChief.Platform.API/Resilience/ResiliencePolicies.cs(241,64): warning CS1998: This async method lacks 'await' operators and will run synchronously. Consider using the 'await' operator to await non-blocking API calls, or 'await Task.Run(...)' to do CPU-bound work on a background thread. [/home/saidul/Desktop/K-Chief Marine Automation Platform/src/KChief.Platform.API/KChief.Platform.API.csproj]
   9:8>/home/saidul/Desktop/K-Chief Marine Automation Platform/src/KChief.Platform.API/Resilience/ResiliencePolicies.cs(258,64): warning CS1998: This async method lacks 'await' operators and will run synchronously. Consider using the 'await' operator to await non-blocking API calls, or 'await Task.Run(...)' to do CPU-bound work on a background thread. [/home/saidul/Desktop/K-Chief Marine Automation Platform/src/KChief.Platform.API/KChief.Platform.API.csproj]
   9:8>/home/saidul/Desktop/K-Chief Marine Automation Platform/src/KChief.Platform.API/Resilience/ResiliencePolicies.cs(275,64): warning CS1998: This async method lacks 'await' operators and will run synchronously. Consider using the 'await' operator to await non-blocking API calls, or 'await Task.Run(...)' to do CPU-bound work on a background thread. [/home/saidul/Desktop/K-Chief Marine Automation Platform/src/KChief.Platform.API/KChief.Platform.API.csproj]
   9:8>/home/saidul/Desktop/K-Chief Marine Automation Platform/src/KChief.Platform.API/Swagger/SwaggerConfiguration.cs(142,17): error CS1061: 'SwaggerGenOptions' does not contain a definition for 'EnableAnnotations' and no accessible extension method 'EnableAnnotations' accepting a first argument of type 'SwaggerGenOptions' could be found (are you missing a using directive or an assembly reference?) [/home/saidul/Desktop/K-Chief Marine Automation Platform/src/KChief.Platform.API/KChief.Platform.API.csproj]
   9:8>/home/saidul/Desktop/K-Chief Marine Automation Platform/src/KChief.Platform.API/Resilience/ResiliencePolicies.cs(315,64): warning CS1998: This async method lacks 'await' operators and will run synchronously. Consider using the 'await' operator to await non-blocking API calls, or 'await Task.Run(...)' to do CPU-bound work on a background thread. [/home/saidul/Desktop/K-Chief Marine Automation Platform/src/KChief.Platform.API/KChief.Platform.API.csproj]
   9:8>/home/saidul/Desktop/K-Chief Marine Automation Platform/src/KChief.Platform.API/Controllers/ResilienceController.cs(287,35): error CS0144: Cannot create an instance of the abstract type or interface 'KChiefException' [/home/saidul/Desktop/K-Chief Marine Automation Platform/src/KChief.Platform.API/KChief.Platform.API.csproj]
   9:8>/home/saidul/Desktop/K-Chief Marine Automation Platform/src/KChief.Platform.API/Controllers/ResilienceController.cs(282,56): warning CS1998: This async method lacks 'await' operators and will run synchronously. Consider using the 'await' operator to await non-blocking API calls, or 'await Task.Run(...)' to do CPU-bound work on a background thread. [/home/saidul/Desktop/K-Chief Marine Automation Platform/src/KChief.Platform.API/KChief.Platform.API.csproj]
   9:8>/home/saidul/Desktop/K-Chief Marine Automation Platform/src/KChief.Platform.API/Controllers/ResilienceController.cs(304,30): warning CS0168: The variable 'ex' is declared but never used [/home/saidul/Desktop/K-Chief Marine Automation Platform/src/KChief.Platform.API/KChief.Platform.API.csproj]
   9:8>/home/saidul/Desktop/K-Chief Marine Automation Platform/src/KChief.Platform.API/Controllers/AlarmTrendsController.cs(44,16): error CS0103: The name 'LogContext' does not exist in the current context [/home/saidul/Desktop/K-Chief Marine Automation Platform/src/KChief.Platform.API/KChief.Platform.API.csproj]
   9:8>/home/saidul/Desktop/K-Chief Marine Automation Platform/src/KChief.Platform.API/Controllers/AlarmTrendsController.cs(45,16): error CS0103: The name 'LogContext' does not exist in the current context [/home/saidul/Desktop/K-Chief Marine Automation Platform/src/KChief.Platform.API/KChief.Platform.API.csproj]
   9:8>/home/saidul/Desktop/K-Chief Marine Automation Platform/src/KChief.Platform.API/Controllers/AlarmTrendsController.cs(48,13): error CS0103: The name 'Log' does not exist in the current context [/home/saidul/Desktop/K-Chief Marine Automation Platform/src/KChief.Platform.API/KChief.Platform.API.csproj]
   9:8>/home/saidul/Desktop/K-Chief Marine Automation Platform/src/KChief.Platform.API/Swagger/ResponseExamplesOperationFilter.cs(133,93): error CS0246: The type or namespace name 'ActionResult<>' could not be found (are you missing a using directive or an assembly reference?) [/home/saidul/Desktop/K-Chief Marine Automation Platform/src/KChief.Platform.API/KChief.Platform.API.csproj]
   9:8>/home/saidul/Desktop/K-Chief Marine Automation Platform/src/KChief.Platform.API/Resilience/ResiliencePolicies.cs(67,84): error CS1061: 'DelegateResult<HttpResponseMessage>' does not contain a definition for 'Message' and no accessible extension method 'Message' accepting a first argument of type 'DelegateResult<HttpResponseMessage>' could be found (are you missing a using directive or an assembly reference?) [/home/saidul/Desktop/K-Chief Marine Automation Platform/src/KChief.Platform.API/KChief.Platform.API.csproj]
   9:8>/home/saidul/Desktop/K-Chief Marine Automation Platform/src/KChief.Platform.API/Resilience/ResiliencePolicies.cs(98,13): error CS1739: The best overload for 'TimeoutAsync' does not have a parameter named 'onTimeout' [/home/saidul/Desktop/K-Chief Marine Automation Platform/src/KChief.Platform.API/KChief.Platform.API.csproj]
   9:8>/home/saidul/Desktop/K-Chief Marine Automation Platform/src/KChief.Platform.API/Services/Background/PeriodicHealthCheckService.cs(42,91): error CS1061: 'HealthReport' does not contain a definition for 'Description' and no accessible extension method 'Description' accepting a first argument of type 'HealthReport' could be found (are you missing a using directive or an assembly reference?) [/home/saidul/Desktop/K-Chief Marine Automation Platform/src/KChief.Platform.API/KChief.Platform.API.csproj]
   9:8>/home/saidul/Desktop/K-Chief Marine Automation Platform/src/KChief.Platform.API/Services/Background/PeriodicHealthCheckService.cs(46,87): error CS1061: 'HealthReport' does not contain a definition for 'Description' and no accessible extension method 'Description' accepting a first argument of type 'HealthReport' could be found (are you missing a using directive or an assembly reference?) [/home/saidul/Desktop/K-Chief Marine Automation Platform/src/KChief.Platform.API/KChief.Platform.API.csproj]
   9:8>/home/saidul/Desktop/K-Chief Marine Automation Platform/src/KChief.Platform.API/Services/AuthenticationService.cs(137,45): warning CS1998: This async method lacks 'await' operators and will run synchronously. Consider using the 'await' operator to await non-blocking API calls, or 'await Task.Run(...)' to do CPU-bound work on a background thread. [/home/saidul/Desktop/K-Chief Marine Automation Platform/src/KChief.Platform.API/KChief.Platform.API.csproj]
   9:8>/home/saidul/Desktop/K-Chief Marine Automation Platform/src/KChief.Platform.API/Services/Background/DataPollingService.cs(73,34): error CS1061: 'double' does not contain a definition for 'HasValue' and no accessible extension method 'HasValue' accepting a first argument of type 'double' could be found (are you missing a using directive or an assembly reference?) [/home/saidul/Desktop/K-Chief Marine Automation Platform/src/KChief.Platform.API/KChief.Platform.API.csproj]
   9:8>/home/saidul/Desktop/K-Chief Marine Automation Platform/src/KChief.Platform.API/Services/Background/DataPollingService.cs(77,38): error CS1061: 'double' does not contain a definition for 'Value' and no accessible extension method 'Value' accepting a first argument of type 'double' could be found (are you missing a using directive or an assembly reference?) [/home/saidul/Desktop/K-Chief Marine Automation Platform/src/KChief.Platform.API/KChief.Platform.API.csproj]
   9:8>/home/saidul/Desktop/K-Chief Marine Automation Platform/src/KChief.Platform.API/Services/Background/DataPollingService.cs(75,41): error CS1061: 'IAlarmService' does not contain a definition for 'EvaluateSensorValueAsync' and no accessible extension method 'EvaluateSensorValueAsync' accepting a first argument of type 'IAlarmService' could be found (are you missing a using directive or an assembly reference?) [/home/saidul/Desktop/K-Chief Marine Automation Platform/src/KChief.Platform.API/KChief.Platform.API.csproj]
   9:8>/home/saidul/Desktop/K-Chief Marine Automation Platform/src/KChief.Platform.API/Services/Background/DataPollingService.cs(98,47): error CS1061: 'Engine' does not contain a definition for 'Pressure' and no accessible extension method 'Pressure' accepting a first argument of type 'Engine' could be found (are you missing a using directive or an assembly reference?) [/home/saidul/Desktop/K-Chief Marine Automation Platform/src/KChief.Platform.API/KChief.Platform.API.csproj]
   9:8>/home/saidul/Desktop/K-Chief Marine Automation Platform/src/KChief.Platform.API/Services/Background/DataPollingService.cs(99,42): error CS1061: 'Engine' does not contain a definition for 'CurrentRpm' and no accessible extension method 'CurrentRpm' accepting a first argument of type 'Engine' could be found (are you missing a using directive or an assembly reference?) [/home/saidul/Desktop/K-Chief Marine Automation Platform/src/KChief.Platform.API/KChief.Platform.API.csproj]
   9:8>/home/saidul/Desktop/K-Chief Marine Automation Platform/src/KChief.Platform.API/Services/Background/DataPollingService.cs(92,37): error CS1061: 'IAlarmService' does not contain a definition for 'EvaluateEngineStatusAsync' and no accessible extension method 'EvaluateEngineStatusAsync' accepting a first argument of type 'IAlarmService' could be found (are you missing a using directive or an assembly reference?) [/home/saidul/Desktop/K-Chief Marine Automation Platform/src/KChief.Platform.API/KChief.Platform.API.csproj]
   9:8>/home/saidul/Desktop/K-Chief Marine Automation Platform/src/KChief.Platform.API/Services/Configuration/ConfigurationValidationService.cs(41,29): error CS0246: The type or namespace name 'CacheOptions' could not be found (are you missing a using directive or an assembly reference?) [/home/saidul/Desktop/K-Chief Marine Automation Platform/src/KChief.Platform.API/KChief.Platform.API.csproj]
   9:8>/home/saidul/Desktop/K-Chief Marine Automation Platform/src/KChief.Platform.API/Resilience/ResiliencePolicies.cs(119,13): error CS1739: The best overload for 'BulkheadAsync' does not have a parameter named 'onBulkheadRejected' [/home/saidul/Desktop/K-Chief Marine Automation Platform/src/KChief.Platform.API/KChief.Platform.API.csproj]
   9:8>/home/saidul/Desktop/K-Chief Marine Automation Platform/src/KChief.Platform.API/Resilience/ResiliencePolicies.cs(141,17): error CS0246: The type or namespace name 'CircuitBreakerOpenException' could not be found (are you missing a using directive or an assembly reference?) [/home/saidul/Desktop/K-Chief Marine Automation Platform/src/KChief.Platform.API/KChief.Platform.API.csproj]
   9:8>/home/saidul/Desktop/K-Chief Marine Automation Platform/src/KChief.Platform.API/Resilience/ResiliencePolicies.cs(145,17): error CS1739: The best overload for 'FallbackAsync' does not have a parameter named 'onFallback' [/home/saidul/Desktop/K-Chief Marine Automation Platform/src/KChief.Platform.API/KChief.Platform.API.csproj]
   9:8>/home/saidul/Desktop/K-Chief Marine Automation Platform/src/KChief.Platform.API/Services/ErrorLoggingService.cs(49,27): warning CS8601: Possible null reference assignment. [/home/saidul/Desktop/K-Chief Marine Automation Platform/src/KChief.Platform.API/KChief.Platform.API.csproj]
   9:8>/home/saidul/Desktop/K-Chief Marine Automation Platform/src/KChief.Platform.API/Services/ErrorLoggingService.cs(59,24): warning CS8601: Possible null reference assignment. [/home/saidul/Desktop/K-Chief Marine Automation Platform/src/KChief.Platform.API/KChief.Platform.API.csproj]
   9:8>/home/saidul/Desktop/K-Chief Marine Automation Platform/src/KChief.Platform.API/Services/AuthenticationService.cs(178,52): warning CS1998: This async method lacks 'await' operators and will run synchronously. Consider using the 'await' operator to await non-blocking API calls, or 'await Task.Run(...)' to do CPU-bound work on a background thread. [/home/saidul/Desktop/K-Chief Marine Automation Platform/src/KChief.Platform.API/KChief.Platform.API.csproj]
   9:8>/home/saidul/Desktop/K-Chief Marine Automation Platform/src/KChief.Platform.API/Services/ResilienceService.cs(56,106): error CS1503: Argument 2: cannot convert from 'System.Exception' to 'string' [/home/saidul/Desktop/K-Chief Marine Automation Platform/src/KChief.Platform.API/KChief.Platform.API.csproj]
   9:8>/home/saidul/Desktop/K-Chief Marine Automation Platform/src/KChief.Platform.API/Services/ResilienceService.cs(94,91): error CS1503: Argument 2: cannot convert from 'System.Exception' to 'string' [/home/saidul/Desktop/K-Chief Marine Automation Platform/src/KChief.Platform.API/KChief.Platform.API.csproj]
   9:8>/home/saidul/Desktop/K-Chief Marine Automation Platform/src/KChief.Platform.API/Services/Telemetry/PerformanceProfilingService.cs(36,24): error CS0266: Cannot implicitly convert type 'System.Collections.Generic.IDictionary<string, string>' to 'System.Collections.Generic.Dictionary<string, string>'. An explicit conversion exists (are you missing a cast?) [/home/saidul/Desktop/K-Chief Marine Automation Platform/src/KChief.Platform.API/KChief.Platform.API.csproj]
   9:8>/home/saidul/Desktop/K-Chief Marine Automation Platform/src/KChief.Platform.API/Services/ResilienceService.cs(132,91): error CS1503: Argument 2: cannot convert from 'System.Exception' to 'string' [/home/saidul/Desktop/K-Chief Marine Automation Platform/src/KChief.Platform.API/KChief.Platform.API.csproj]
   9:8>/home/saidul/Desktop/K-Chief Marine Automation Platform/src/KChief.Platform.API/Services/Telemetry/PerformanceProfilingService.cs(62,20): error CS0266: Cannot implicitly convert type 'System.Collections.Generic.IDictionary<string, string>' to 'System.Collections.Generic.Dictionary<string, string>'. An explicit conversion exists (are you missing a cast?) [/home/saidul/Desktop/K-Chief Marine Automation Platform/src/KChief.Platform.API/KChief.Platform.API.csproj]
   9:8>/home/saidul/Desktop/K-Chief Marine Automation Platform/src/KChief.Platform.API/Services/Caching/RedisCacheService.cs(159,20): warning CS8603: Possible null reference return. [/home/saidul/Desktop/K-Chief Marine Automation Platform/src/KChief.Platform.API/KChief.Platform.API.csproj]
   9:8>/home/saidul/Desktop/K-Chief Marine Automation Platform/src/KChief.Platform.API/Services/AuthenticationService.cs(245,31): warning CS1998: This async method lacks 'await' operators and will run synchronously. Consider using the 'await' operator to await non-blocking API calls, or 'await Task.Run(...)' to do CPU-bound work on a background thread. [/home/saidul/Desktop/K-Chief Marine Automation Platform/src/KChief.Platform.API/KChief.Platform.API.csproj]
   9:8>/home/saidul/Desktop/K-Chief Marine Automation Platform/src/KChief.Platform.API/Services/AuthenticationService.cs(317,31): warning CS1998: This async method lacks 'await' operators and will run synchronously. Consider using the 'await' operator to await non-blocking API calls, or 'await Task.Run(...)' to do CPU-bound work on a background thread. [/home/saidul/Desktop/K-Chief Marine Automation Platform/src/KChief.Platform.API/KChief.Platform.API.csproj]
   9:8>/home/saidul/Desktop/K-Chief Marine Automation Platform/src/KChief.Platform.API/Services/AuthenticationService.cs(323,29): warning CS1998: This async method lacks 'await' operators and will run synchronously. Consider using the 'await' operator to await non-blocking API calls, or 'await Task.Run(...)' to do CPU-bound work on a background thread. [/home/saidul/Desktop/K-Chief Marine Automation Platform/src/KChief.Platform.API/KChief.Platform.API.csproj]
   9:8>/home/saidul/Desktop/K-Chief Marine Automation Platform/src/KChief.Platform.API/Services/Telemetry/CustomMetricsService.cs(136,24): error CS0246: The type or namespace name 'TagList' could not be found (are you missing a using directive or an assembly reference?) [/home/saidul/Desktop/K-Chief Marine Automation Platform/src/KChief.Platform.API/KChief.Platform.API.csproj]
   9:8>/home/saidul/Desktop/K-Chief Marine Automation Platform/src/KChief.Platform.API/Services/Telemetry/DistributedTracingService.cs(149,35): error CS1061: 'ActivityEvent' does not contain a definition for 'AddTag' and no accessible extension method 'AddTag' accepting a first argument of type 'ActivityEvent' could be found (are you missing a using directive or an assembly reference?) [/home/saidul/Desktop/K-Chief Marine Automation Platform/src/KChief.Platform.API/KChief.Platform.API.csproj]
   9:8>/home/saidul/Desktop/K-Chief Marine Automation Platform/src/KChief.Platform.API/Services/Telemetry/CustomMetricsService.cs(169,24): error CS0246: The type or namespace name 'TagList' could not be found (are you missing a using directive or an assembly reference?) [/home/saidul/Desktop/K-Chief Marine Automation Platform/src/KChief.Platform.API/KChief.Platform.API.csproj]
   9:8>/home/saidul/Desktop/K-Chief Marine Automation Platform/src/KChief.Platform.API/Services/Telemetry/CustomMetricsService.cs(193,24): error CS0246: The type or namespace name 'TagList' could not be found (are you missing a using directive or an assembly reference?) [/home/saidul/Desktop/K-Chief Marine Automation Platform/src/KChief.Platform.API/KChief.Platform.API.csproj]
   9:8>/home/saidul/Desktop/K-Chief Marine Automation Platform/src/KChief.Platform.API/Services/Telemetry/CustomMetricsService.cs(216,24): error CS0246: The type or namespace name 'TagList' could not be found (are you missing a using directive or an assembly reference?) [/home/saidul/Desktop/K-Chief Marine Automation Platform/src/KChief.Platform.API/KChief.Platform.API.csproj]
   9:8>/home/saidul/Desktop/K-Chief Marine Automation Platform/src/KChief.Platform.API/Services/Caching/InMemoryCacheService.cs(148,20): warning CS8603: Possible null reference return. [/home/saidul/Desktop/K-Chief Marine Automation Platform/src/KChief.Platform.API/KChief.Platform.API.csproj]
   9:8>/home/saidul/Desktop/K-Chief Marine Automation Platform/src/KChief.Platform.API/Program.cs(198,13): warning CS0618: 'IServiceCollectionQuartzConfigurator.UseMicrosoftDependencyInjectionJobFactory(Action<JobFactoryOptions>?)' is obsolete: 'MicrosoftDependencyInjectionJobFactory is the default for DI configuration, this method will be removed later on' [/home/saidul/Desktop/K-Chief Marine Automation Platform/src/KChief.Platform.API/KChief.Platform.API.csproj]
   9:8>/home/saidul/Desktop/K-Chief Marine Automation Platform/src/KChief.Platform.API/Services/Caching/InMemoryCacheService.cs(163,24): warning CS8634: The type 'object?' cannot be used as type parameter 'T' in the generic type or method 'InMemoryCacheService.SetAsync<T>(string, T, TimeSpan?, CancellationToken)'. Nullability of type argument 'object?' doesn't match 'class' constraint. [/home/saidul/Desktop/K-Chief Marine Automation Platform/src/KChief.Platform.API/KChief.Platform.API.csproj]
   9:8>/home/saidul/Desktop/K-Chief Marine Automation Platform/src/KChief.Platform.API/Services/Caching/CompositeCacheService.cs(143,16): warning CS8603: Possible null reference return. [/home/saidul/Desktop/K-Chief Marine Automation Platform/src/KChief.Platform.API/KChief.Platform.API.csproj]
   9:8>/home/saidul/Desktop/K-Chief Marine Automation Platform/src/KChief.Platform.API/Services/ResilienceService.cs(165,23): error CS0144: Cannot create an instance of the abstract type or interface 'KChiefException' [/home/saidul/Desktop/K-Chief Marine Automation Platform/src/KChief.Platform.API/KChief.Platform.API.csproj]
   9:8>/home/saidul/Desktop/K-Chief Marine Automation Platform/src/KChief.Platform.API/Services/ResilienceService.cs(203,23): error CS0144: Cannot create an instance of the abstract type or interface 'KChiefException' [/home/saidul/Desktop/K-Chief Marine Automation Platform/src/KChief.Platform.API/KChief.Platform.API.csproj]
   9:8>/home/saidul/Desktop/K-Chief Marine Automation Platform/src/KChief.Platform.API/Services/ResilienceService.cs(241,23): error CS0144: Cannot create an instance of the abstract type or interface 'KChiefException' [/home/saidul/Desktop/K-Chief Marine Automation Platform/src/KChief.Platform.API/KChief.Platform.API.csproj]
   9:8>/home/saidul/Desktop/K-Chief Marine Automation Platform/src/KChief.Platform.API/Services/ResilienceService.cs(279,23): error CS0144: Cannot create an instance of the abstract type or interface 'KChiefException' [/home/saidul/Desktop/K-Chief Marine Automation Platform/src/KChief.Platform.API/KChief.Platform.API.csproj]
   9:8>/home/saidul/Desktop/K-Chief Marine Automation Platform/src/KChief.Platform.API/Services/ResilienceService.cs(313,23): error CS0144: Cannot create an instance of the abstract type or interface 'KChiefException' [/home/saidul/Desktop/K-Chief Marine Automation Platform/src/KChief.Platform.API/KChief.Platform.API.csproj]
   9:8>/home/saidul/Desktop/K-Chief Marine Automation Platform/src/KChief.Platform.API/Services/ResilienceService.cs(368,14): error CS1061: 'PolicyBuilder' does not contain a definition for 'CircuitBreakerAsync' and no accessible extension method 'CircuitBreakerAsync' accepting a first argument of type 'PolicyBuilder' could be found (are you missing a using directive or an assembly reference?) [/home/saidul/Desktop/K-Chief Marine Automation Platform/src/KChief.Platform.API/KChief.Platform.API.csproj]
   9:8>/home/saidul/Desktop/K-Chief Marine Automation Platform/src/KChief.Platform.API/Services/ResilienceService.cs(396,13): error CS1739: The best overload for 'TimeoutAsync' does not have a parameter named 'onTimeout' [/home/saidul/Desktop/K-Chief Marine Automation Platform/src/KChief.Platform.API/KChief.Platform.API.csproj]
         CompilerServer: server - server processed compilation - KChief.Platform.API (net8.0)
       Done executing task "Csc" -- FAILED.
   9:8>Done building target "CoreCompile" in project "KChief.Platform.API.csproj" -- FAILED.
   9:8>Target "_CheckForCompileOutputs" in file "/usr/share/dotnet/sdk/8.0.415/Microsoft.Common.CurrentVersion.targets" from project "/home/saidul/Desktop/K-Chief Marine Automation Platform/src/KChief.Platform.API/KChief.Platform.API.csproj" (target "_CleanGetCurrentAndPriorFileWrites" depends on it):
   9:8>Done building target "_CheckForCompileOutputs" in project "KChief.Platform.API.csproj".
       Target "_SGenCheckForOutputs" skipped, due to false condition; ('$(_SGenGenerateSerializationAssembliesConfig)' == 'On' or ('@(WebReferenceUrl)'!='' and '$(_SGenGenerateSerializationAssembliesConfig)' == 'Auto')) was evaluated as ('Auto' == 'On' or (''!='' and 'Auto' == 'Auto')).
   9:8>Target "_CleanGetCurrentAndPriorFileWrites" in file "/usr/share/dotnet/sdk/8.0.415/Microsoft.Common.CurrentVersion.targets" from project "/home/saidul/Desktop/K-Chief Marine Automation Platform/src/KChief.Platform.API/KChief.Platform.API.csproj" (target "_CleanRecordFileWrites" depends on it):
       Using "ReadLinesFromFile" task from assembly "Microsoft.Build.Tasks.Core, Version=15.1.0.0, Culture=neutral, PublicKeyToken=b03f5f7f11d50a3a".
       Task "ReadLinesFromFile"
       Done executing task "ReadLinesFromFile".
       Task "ConvertToAbsolutePath"
       Done executing task "ConvertToAbsolutePath".
       Using "FindUnderPath" task from assembly "Microsoft.Build.Tasks.Core, Version=15.1.0.0, Culture=neutral, PublicKeyToken=b03f5f7f11d50a3a".
       Task "FindUnderPath"
         Comparison path is "/home/saidul/Desktop/K-Chief Marine Automation Platform/src/KChief.Platform.API".
       Done executing task "FindUnderPath".
       Task "FindUnderPath"
         Comparison path is "bin/Release/net8.0/".
       Done executing task "FindUnderPath".
       Task "FindUnderPath"
         Comparison path is "obj/Release/net8.0/".
       Done executing task "FindUnderPath".
       Task "RemoveDuplicates"
       Done executing task "RemoveDuplicates".
   9:8>Done building target "_CleanGetCurrentAndPriorFileWrites" in project "KChief.Platform.API.csproj".
   9:8>Target "_CleanRecordFileWrites" in file "/usr/share/dotnet/sdk/8.0.415/Microsoft.Common.CurrentVersion.targets" from project "/home/saidul/Desktop/K-Chief Marine Automation Platform/src/KChief.Platform.API/KChief.Platform.API.csproj" (target "CoreBuild" depends on it):
       Task "RemoveDuplicates"
       Done executing task "RemoveDuplicates".
       Task "MakeDir"
       Done executing task "MakeDir".
       Task "WriteLinesToFile"
         Skipping write to file "obj/Release/net8.0/KChief.Platform.API.csproj.FileListAbsolute.txt" because content would not change.
       Done executing task "WriteLinesToFile".
   9:8>Done building target "_CleanRecordFileWrites" in project "KChief.Platform.API.csproj".
   9:8>Done Building Project "/home/saidul/Desktop/K-Chief Marine Automation Platform/src/KChief.Platform.API/KChief.Platform.API.csproj" (default targets) -- FAILED.
   6:6>Project "/home/saidul/Desktop/K-Chief Marine Automation Platform/tests/KChief.Integration.Tests/KChief.Integration.Tests.csproj" (6:6) is building "/home/saidul/Desktop/K-Chief Marine Automation Platform/src/KChief.Platform.API/KChief.Platform.API.csproj" (9:11) on node 7 (default targets).
  9:11>Target "NETStandardCompatError_Microsoft_Extensions_Configuration_Binder" skipped. Previously built successfully.
       Target "Build" skipped. Previously built unsuccessfully.
  9:11>Done Building Project "/home/saidul/Desktop/K-Chief Marine Automation Platform/src/KChief.Platform.API/KChief.Platform.API.csproj" (default targets) -- FAILED.
   3:6>Project "/home/saidul/Desktop/K-Chief Marine Automation Platform/tests/KChief.Platform.Tests/KChief.Platform.Tests.csproj" (3:6) is building "/home/saidul/Desktop/K-Chief Marine Automation Platform/src/KChief.Platform.API/KChief.Platform.API.csproj" (9:12) on node 7 (default targets).
  9:12>Target "NETStandardCompatError_Microsoft_Extensions_Configuration_Binder" skipped. Previously built successfully.
       Target "Build" skipped. Previously built unsuccessfully.
  9:12>Done Building Project "/home/saidul/Desktop/K-Chief Marine Automation Platform/src/KChief.Platform.API/KChief.Platform.API.csproj" (default targets) -- FAILED.
   3:6>Done executing task "MSBuild" -- FAILED.
   3:6>Done building target "ResolveProjectReferences" in project "KChief.Platform.Tests.csproj" -- FAILED.
   6:6>Done executing task "MSBuild" -- FAILED.
   6:6>Done building target "ResolveProjectReferences" in project "KChief.Integration.Tests.csproj" -- FAILED.
   3:6>Target "_CheckForCompileOutputs" in file "/usr/share/dotnet/sdk/8.0.415/Microsoft.Common.CurrentVersion.targets" from project "/home/saidul/Desktop/K-Chief Marine Automation Platform/tests/KChief.Platform.Tests/KChief.Platform.Tests.csproj" (target "_CleanGetCurrentAndPriorFileWrites" depends on it):
   3:6>Done building target "_CheckForCompileOutputs" in project "KChief.Platform.Tests.csproj".
       Target "_SGenCheckForOutputs" skipped, due to false condition; ('$(_SGenGenerateSerializationAssembliesConfig)' == 'On' or ('@(WebReferenceUrl)'!='' and '$(_SGenGenerateSerializationAssembliesConfig)' == 'Auto')) was evaluated as ('Auto' == 'On' or (''!='' and 'Auto' == 'Auto')).
   6:6>Target "_CheckForCompileOutputs" in file "/usr/share/dotnet/sdk/8.0.415/Microsoft.Common.CurrentVersion.targets" from project "/home/saidul/Desktop/K-Chief Marine Automation Platform/tests/KChief.Integration.Tests/KChief.Integration.Tests.csproj" (target "_CleanGetCurrentAndPriorFileWrites" depends on it):
   6:6>Done building target "_CheckForCompileOutputs" in project "KChief.Integration.Tests.csproj".
       Target "_SGenCheckForOutputs" skipped, due to false condition; ('$(_SGenGenerateSerializationAssembliesConfig)' == 'On' or ('@(WebReferenceUrl)'!='' and '$(_SGenGenerateSerializationAssembliesConfig)' == 'Auto')) was evaluated as ('Auto' == 'On' or (''!='' and 'Auto' == 'Auto')).
   3:6>Target "_CleanGetCurrentAndPriorFileWrites" in file "/usr/share/dotnet/sdk/8.0.415/Microsoft.Common.CurrentVersion.targets" from project "/home/saidul/Desktop/K-Chief Marine Automation Platform/tests/KChief.Platform.Tests/KChief.Platform.Tests.csproj" (target "_CleanRecordFileWrites" depends on it):
   3:6>Using "ReadLinesFromFile" task from assembly "Microsoft.Build.Tasks.Core, Version=15.1.0.0, Culture=neutral, PublicKeyToken=b03f5f7f11d50a3a".
       Task "ReadLinesFromFile"
   6:6>Target "_CleanGetCurrentAndPriorFileWrites" in file "/usr/share/dotnet/sdk/8.0.415/Microsoft.Common.CurrentVersion.targets" from project "/home/saidul/Desktop/K-Chief Marine Automation Platform/tests/KChief.Integration.Tests/KChief.Integration.Tests.csproj" (target "_CleanRecordFileWrites" depends on it):
   6:6>Using "ReadLinesFromFile" task from assembly "Microsoft.Build.Tasks.Core, Version=15.1.0.0, Culture=neutral, PublicKeyToken=b03f5f7f11d50a3a".
       Task "ReadLinesFromFile"
   3:6>Done executing task "ReadLinesFromFile".
       Task "ConvertToAbsolutePath"
       Done executing task "ConvertToAbsolutePath".
   6:6>Done executing task "ReadLinesFromFile".
       Task "ConvertToAbsolutePath"
       Done executing task "ConvertToAbsolutePath".
   3:6>_CleanGetCurrentAndPriorFileWrites:
       Using "FindUnderPath" task from assembly "Microsoft.Build.Tasks.Core, Version=15.1.0.0, Culture=neutral, PublicKeyToken=b03f5f7f11d50a3a".
       Task "FindUnderPath"
         Comparison path is "/home/saidul/Desktop/K-Chief Marine Automation Platform/tests/KChief.Platform.Tests".
       Done executing task "FindUnderPath".
       Task "FindUnderPath"
         Comparison path is "bin/Release/net8.0/".
       Done executing task "FindUnderPath".
       Task "FindUnderPath"
   6:6>_CleanGetCurrentAndPriorFileWrites:
       Using "FindUnderPath" task from assembly "Microsoft.Build.Tasks.Core, Version=15.1.0.0, Culture=neutral, PublicKeyToken=b03f5f7f11d50a3a".
       Task "FindUnderPath"
   3:6>_CleanGetCurrentAndPriorFileWrites:
         Comparison path is "obj/Release/net8.0/".
   6:6>_CleanGetCurrentAndPriorFileWrites:
         Comparison path is "/home/saidul/Desktop/K-Chief Marine Automation Platform/tests/KChief.Integration.Tests".
       Done executing task "FindUnderPath".
   3:6>Done executing task "FindUnderPath".
   6:6>Task "FindUnderPath"
   3:6>Task "RemoveDuplicates"
   6:6>_CleanGetCurrentAndPriorFileWrites:
         Comparison path is "bin/Release/net8.0/".
   3:6>Done executing task "RemoveDuplicates".
   6:6>Done executing task "FindUnderPath".
       Task "FindUnderPath"
         Comparison path is "obj/Release/net8.0/".
       Done executing task "FindUnderPath".
   3:6>Done building target "_CleanGetCurrentAndPriorFileWrites" in project "KChief.Platform.Tests.csproj".
   6:6>Task "RemoveDuplicates"
       Done executing task "RemoveDuplicates".
   6:6>Done building target "_CleanGetCurrentAndPriorFileWrites" in project "KChief.Integration.Tests.csproj".
   3:6>Target "_CleanRecordFileWrites" in file "/usr/share/dotnet/sdk/8.0.415/Microsoft.Common.CurrentVersion.targets" from project "/home/saidul/Desktop/K-Chief Marine Automation Platform/tests/KChief.Platform.Tests/KChief.Platform.Tests.csproj" (target "CoreBuild" depends on it):
   3:6>Task "RemoveDuplicates"
   6:6>Target "_CleanRecordFileWrites" in file "/usr/share/dotnet/sdk/8.0.415/Microsoft.Common.CurrentVersion.targets" from project "/home/saidul/Desktop/K-Chief Marine Automation Platform/tests/KChief.Integration.Tests/KChief.Integration.Tests.csproj" (target "CoreBuild" depends on it):
   6:6>Task "RemoveDuplicates"
   3:6>Done executing task "RemoveDuplicates".
       Task "MakeDir"
       Done executing task "MakeDir".
       Task "WriteLinesToFile"
   6:6>Done executing task "RemoveDuplicates".
       Task "MakeDir"
       Done executing task "MakeDir".
       Task "WriteLinesToFile"
   3:6>_CleanRecordFileWrites:
         Skipping write to file "obj/Release/net8.0/KChief.Platform.Tests.csproj.FileListAbsolute.txt" because content would not change.
       Done executing task "WriteLinesToFile".
   3:6>Done building target "_CleanRecordFileWrites" in project "KChief.Platform.Tests.csproj".
   3:6>Done Building Project "/home/saidul/Desktop/K-Chief Marine Automation Platform/tests/KChief.Platform.Tests/KChief.Platform.Tests.csproj" (default targets) -- FAILED.
   6:6>_CleanRecordFileWrites:
         Skipping write to file "obj/Release/net8.0/KChief.Integration.Tests.csproj.FileListAbsolute.txt" because content would not change.
       Done executing task "WriteLinesToFile".
   6:6>Done building target "_CleanRecordFileWrites" in project "KChief.Integration.Tests.csproj".
   6:6>Done Building Project "/home/saidul/Desktop/K-Chief Marine Automation Platform/tests/KChief.Integration.Tests/KChief.Integration.Tests.csproj" (default targets) -- FAILED.
   1:2>Done executing task "MSBuild" -- FAILED.
   1:2>Done building target "Build" in project "KChief.MarineAutomationPlatform.sln" -- FAILED.
   1:2>Done Building Project "/home/saidul/Desktop/K-Chief Marine Automation Platform/KChief.MarineAutomationPlatform.sln" (default targets) -- FAILED.

Build FAILED.

       "/home/saidul/Desktop/K-Chief Marine Automation Platform/KChief.MarineAutomationPlatform.sln" (Restore target) (1) ->
       (Restore target) -> 
         /home/saidul/Desktop/K-Chief Marine Automation Platform/tests/KChief.Platform.Tests/KChief.Platform.Tests.csproj : warning NU1603: KChief.Platform.API depends on Microsoft.Extensions.Caching.Memory (>= 8.0.11) but Microsoft.Extensions.Caching.Memory 8.0.11 was not found. An approximate best match of Microsoft.Extensions.Caching.Memory 9.0.0 was resolved. [/home/saidul/Desktop/K-Chief Marine Automation Platform/KChief.MarineAutomationPlatform.sln]
         /home/saidul/Desktop/K-Chief Marine Automation Platform/tests/KChief.Integration.Tests/KChief.Integration.Tests.csproj : warning NU1603: KChief.Platform.API depends on Microsoft.Extensions.Caching.Memory (>= 8.0.11) but Microsoft.Extensions.Caching.Memory 8.0.11 was not found. An approximate best match of Microsoft.Extensions.Caching.Memory 9.0.0 was resolved. [/home/saidul/Desktop/K-Chief Marine Automation Platform/KChief.MarineAutomationPlatform.sln]
         /home/saidul/Desktop/K-Chief Marine Automation Platform/src/KChief.Platform.API/KChief.Platform.API.csproj : warning NU1603: KChief.Platform.API depends on Microsoft.Extensions.Caching.Memory (>= 8.0.11) but Microsoft.Extensions.Caching.Memory 8.0.11 was not found. An approximate best match of Microsoft.Extensions.Caching.Memory 9.0.0 was resolved. [/home/saidul/Desktop/K-Chief Marine Automation Platform/KChief.MarineAutomationPlatform.sln]
         /home/saidul/Desktop/K-Chief Marine Automation Platform/src/KChief.Protocols.OPC/KChief.Protocols.OPC.csproj : warning NU1902: Package 'OPCFoundation.NetStandard.Opc.Ua' 1.5.374.54 has a known moderate severity vulnerability, https://github.com/advisories/GHSA-7vfh-cqpc-4267 [/home/saidul/Desktop/K-Chief Marine Automation Platform/KChief.MarineAutomationPlatform.sln]


       "/home/saidul/Desktop/K-Chief Marine Automation Platform/KChief.MarineAutomationPlatform.sln" (default target) (1:2) ->
       "/home/saidul/Desktop/K-Chief Marine Automation Platform/src/KChief.Protocols.OPC/KChief.Protocols.OPC.csproj" (default target) (5:7) ->
       (ResolvePackageAssets target) -> 
         /home/saidul/Desktop/K-Chief Marine Automation Platform/src/KChief.Protocols.OPC/KChief.Protocols.OPC.csproj : warning NU1902: Package 'OPCFoundation.NetStandard.Opc.Ua' 1.5.374.54 has a known moderate severity vulnerability, https://github.com/advisories/GHSA-7vfh-cqpc-4267


       "/home/saidul/Desktop/K-Chief Marine Automation Platform/KChief.MarineAutomationPlatform.sln" (default target) (1:2) ->
       "/home/saidul/Desktop/K-Chief Marine Automation Platform/tests/KChief.Platform.Tests/KChief.Platform.Tests.csproj" (default target) (3:6) ->
         /home/saidul/Desktop/K-Chief Marine Automation Platform/tests/KChief.Platform.Tests/KChief.Platform.Tests.csproj : warning NU1603: KChief.Platform.API depends on Microsoft.Extensions.Caching.Memory (>= 8.0.11) but Microsoft.Extensions.Caching.Memory 8.0.11 was not found. An approximate best match of Microsoft.Extensions.Caching.Memory 9.0.0 was resolved.


       "/home/saidul/Desktop/K-Chief Marine Automation Platform/KChief.MarineAutomationPlatform.sln" (default target) (1:2) ->
       "/home/saidul/Desktop/K-Chief Marine Automation Platform/src/KChief.Platform.API/KChief.Platform.API.csproj" (default target) (9:8) ->
         /home/saidul/Desktop/K-Chief Marine Automation Platform/src/KChief.Platform.API/KChief.Platform.API.csproj : warning NU1603: KChief.Platform.API depends on Microsoft.Extensions.Caching.Memory (>= 8.0.11) but Microsoft.Extensions.Caching.Memory 8.0.11 was not found. An approximate best match of Microsoft.Extensions.Caching.Memory 9.0.0 was resolved.


       "/home/saidul/Desktop/K-Chief Marine Automation Platform/KChief.MarineAutomationPlatform.sln" (default target) (1:2) ->
       "/home/saidul/Desktop/K-Chief Marine Automation Platform/tests/KChief.Integration.Tests/KChief.Integration.Tests.csproj" (default target) (6:6) ->
         /home/saidul/Desktop/K-Chief Marine Automation Platform/tests/KChief.Integration.Tests/KChief.Integration.Tests.csproj : warning NU1603: KChief.Platform.API depends on Microsoft.Extensions.Caching.Memory (>= 8.0.11) but Microsoft.Extensions.Caching.Memory 8.0.11 was not found. An approximate best match of Microsoft.Extensions.Caching.Memory 9.0.0 was resolved.


       "/home/saidul/Desktop/K-Chief Marine Automation Platform/KChief.MarineAutomationPlatform.sln" (default target) (1:2) ->
       "/home/saidul/Desktop/K-Chief Marine Automation Platform/src/KChief.Platform.Core/KChief.Platform.Core.csproj" (default target) (10:13) ->
       (CoreCompile target) -> 
         /home/saidul/Desktop/K-Chief Marine Automation Platform/src/KChief.Platform.Core/Exceptions/KChiefException.cs(33,81): warning SYSLIB0051: 'Exception.Exception(SerializationInfo, StreamingContext)' is obsolete: 'This API supports obsolete formatter-based serialization. It should not be called or extended by application code.' (https://aka.ms/dotnet-warnings/SYSLIB0051) [/home/saidul/Desktop/K-Chief Marine Automation Platform/src/KChief.Platform.Core/KChief.Platform.Core.csproj]


       "/home/saidul/Desktop/K-Chief Marine Automation Platform/KChief.MarineAutomationPlatform.sln" (default target) (1:2) ->
       "/home/saidul/Desktop/K-Chief Marine Automation Platform/src/KChief.Platform.API/KChief.Platform.API.csproj" (default target) (9:8) ->
         /home/saidul/Desktop/K-Chief Marine Automation Platform/src/KChief.Platform.API/Middleware/ApiKeyAuthenticationMiddleware.cs(134,9): warning CS0618: 'ISystemClock' is obsolete: 'Use TimeProvider instead.' [/home/saidul/Desktop/K-Chief Marine Automation Platform/src/KChief.Platform.API/KChief.Platform.API.csproj]
         /home/saidul/Desktop/K-Chief Marine Automation Platform/src/KChief.Platform.API/Middleware/ApiKeyAuthenticationMiddleware.cs(136,9): warning CS0618: 'AuthenticationHandler<ApiKeyAuthenticationSchemeOptions>.AuthenticationHandler(IOptionsMonitor<ApiKeyAuthenticationSchemeOptions>, ILoggerFactory, UrlEncoder, ISystemClock)' is obsolete: 'ISystemClock is obsolete, use TimeProvider on AuthenticationSchemeOptions instead.' [/home/saidul/Desktop/K-Chief Marine Automation Platform/src/KChief.Platform.API/KChief.Platform.API.csproj]
         /home/saidul/Desktop/K-Chief Marine Automation Platform/src/KChief.Platform.API/Controllers/ResilienceController.cs(52,56): warning CS1998: This async method lacks 'await' operators and will run synchronously. Consider using the 'await' operator to await non-blocking API calls, or 'await Task.Run(...)' to do CPU-bound work on a background thread. [/home/saidul/Desktop/K-Chief Marine Automation Platform/src/KChief.Platform.API/KChief.Platform.API.csproj]
         /home/saidul/Desktop/K-Chief Marine Automation Platform/src/KChief.Platform.API/Middleware/RateLimitingMiddleware.cs(215,30): warning CS8602: Dereference of a possibly null reference. [/home/saidul/Desktop/K-Chief Marine Automation Platform/src/KChief.Platform.API/KChief.Platform.API.csproj]
         /home/saidul/Desktop/K-Chief Marine Automation Platform/src/KChief.Platform.API/Controllers/ResilienceController.cs(103,56): warning CS1998: This async method lacks 'await' operators and will run synchronously. Consider using the 'await' operator to await non-blocking API calls, or 'await Task.Run(...)' to do CPU-bound work on a background thread. [/home/saidul/Desktop/K-Chief Marine Automation Platform/src/KChief.Platform.API/KChief.Platform.API.csproj]
         /home/saidul/Desktop/K-Chief Marine Automation Platform/src/KChief.Platform.API/Resilience/ResiliencePolicies.cs(207,64): warning CS1998: This async method lacks 'await' operators and will run synchronously. Consider using the 'await' operator to await non-blocking API calls, or 'await Task.Run(...)' to do CPU-bound work on a background thread. [/home/saidul/Desktop/K-Chief Marine Automation Platform/src/KChief.Platform.API/KChief.Platform.API.csproj]
         /home/saidul/Desktop/K-Chief Marine Automation Platform/src/KChief.Platform.API/Resilience/ResiliencePolicies.cs(224,64): warning CS1998: This async method lacks 'await' operators and will run synchronously. Consider using the 'await' operator to await non-blocking API calls, or 'await Task.Run(...)' to do CPU-bound work on a background thread. [/home/saidul/Desktop/K-Chief Marine Automation Platform/src/KChief.Platform.API/KChief.Platform.API.csproj]
         /home/saidul/Desktop/K-Chief Marine Automation Platform/src/KChief.Platform.API/Resilience/ResiliencePolicies.cs(241,64): warning CS1998: This async method lacks 'await' operators and will run synchronously. Consider using the 'await' operator to await non-blocking API calls, or 'await Task.Run(...)' to do CPU-bound work on a background thread. [/home/saidul/Desktop/K-Chief Marine Automation Platform/src/KChief.Platform.API/KChief.Platform.API.csproj]
         /home/saidul/Desktop/K-Chief Marine Automation Platform/src/KChief.Platform.API/Resilience/ResiliencePolicies.cs(258,64): warning CS1998: This async method lacks 'await' operators and will run synchronously. Consider using the 'await' operator to await non-blocking API calls, or 'await Task.Run(...)' to do CPU-bound work on a background thread. [/home/saidul/Desktop/K-Chief Marine Automation Platform/src/KChief.Platform.API/KChief.Platform.API.csproj]
         /home/saidul/Desktop/K-Chief Marine Automation Platform/src/KChief.Platform.API/Resilience/ResiliencePolicies.cs(275,64): warning CS1998: This async method lacks 'await' operators and will run synchronously. Consider using the 'await' operator to await non-blocking API calls, or 'await Task.Run(...)' to do CPU-bound work on a background thread. [/home/saidul/Desktop/K-Chief Marine Automation Platform/src/KChief.Platform.API/KChief.Platform.API.csproj]
         /home/saidul/Desktop/K-Chief Marine Automation Platform/src/KChief.Platform.API/Resilience/ResiliencePolicies.cs(315,64): warning CS1998: This async method lacks 'await' operators and will run synchronously. Consider using the 'await' operator to await non-blocking API calls, or 'await Task.Run(...)' to do CPU-bound work on a background thread. [/home/saidul/Desktop/K-Chief Marine Automation Platform/src/KChief.Platform.API/KChief.Platform.API.csproj]
         /home/saidul/Desktop/K-Chief Marine Automation Platform/src/KChief.Platform.API/Controllers/ResilienceController.cs(282,56): warning CS1998: This async method lacks 'await' operators and will run synchronously. Consider using the 'await' operator to await non-blocking API calls, or 'await Task.Run(...)' to do CPU-bound work on a background thread. [/home/saidul/Desktop/K-Chief Marine Automation Platform/src/KChief.Platform.API/KChief.Platform.API.csproj]
         /home/saidul/Desktop/K-Chief Marine Automation Platform/src/KChief.Platform.API/Controllers/ResilienceController.cs(304,30): warning CS0168: The variable 'ex' is declared but never used [/home/saidul/Desktop/K-Chief Marine Automation Platform/src/KChief.Platform.API/KChief.Platform.API.csproj]
         /home/saidul/Desktop/K-Chief Marine Automation Platform/src/KChief.Platform.API/Services/AuthenticationService.cs(137,45): warning CS1998: This async method lacks 'await' operators and will run synchronously. Consider using the 'await' operator to await non-blocking API calls, or 'await Task.Run(...)' to do CPU-bound work on a background thread. [/home/saidul/Desktop/K-Chief Marine Automation Platform/src/KChief.Platform.API/KChief.Platform.API.csproj]
         /home/saidul/Desktop/K-Chief Marine Automation Platform/src/KChief.Platform.API/Services/ErrorLoggingService.cs(49,27): warning CS8601: Possible null reference assignment. [/home/saidul/Desktop/K-Chief Marine Automation Platform/src/KChief.Platform.API/KChief.Platform.API.csproj]
         /home/saidul/Desktop/K-Chief Marine Automation Platform/src/KChief.Platform.API/Services/ErrorLoggingService.cs(59,24): warning CS8601: Possible null reference assignment. [/home/saidul/Desktop/K-Chief Marine Automation Platform/src/KChief.Platform.API/KChief.Platform.API.csproj]
         /home/saidul/Desktop/K-Chief Marine Automation Platform/src/KChief.Platform.API/Services/AuthenticationService.cs(178,52): warning CS1998: This async method lacks 'await' operators and will run synchronously. Consider using the 'await' operator to await non-blocking API calls, or 'await Task.Run(...)' to do CPU-bound work on a background thread. [/home/saidul/Desktop/K-Chief Marine Automation Platform/src/KChief.Platform.API/KChief.Platform.API.csproj]
         /home/saidul/Desktop/K-Chief Marine Automation Platform/src/KChief.Platform.API/Services/Caching/RedisCacheService.cs(159,20): warning CS8603: Possible null reference return. [/home/saidul/Desktop/K-Chief Marine Automation Platform/src/KChief.Platform.API/KChief.Platform.API.csproj]
         /home/saidul/Desktop/K-Chief Marine Automation Platform/src/KChief.Platform.API/Services/AuthenticationService.cs(245,31): warning CS1998: This async method lacks 'await' operators and will run synchronously. Consider using the 'await' operator to await non-blocking API calls, or 'await Task.Run(...)' to do CPU-bound work on a background thread. [/home/saidul/Desktop/K-Chief Marine Automation Platform/src/KChief.Platform.API/KChief.Platform.API.csproj]
         /home/saidul/Desktop/K-Chief Marine Automation Platform/src/KChief.Platform.API/Services/AuthenticationService.cs(317,31): warning CS1998: This async method lacks 'await' operators and will run synchronously. Consider using the 'await' operator to await non-blocking API calls, or 'await Task.Run(...)' to do CPU-bound work on a background thread. [/home/saidul/Desktop/K-Chief Marine Automation Platform/src/KChief.Platform.API/KChief.Platform.API.csproj]
         /home/saidul/Desktop/K-Chief Marine Automation Platform/src/KChief.Platform.API/Services/AuthenticationService.cs(323,29): warning CS1998: This async method lacks 'await' operators and will run synchronously. Consider using the 'await' operator to await non-blocking API calls, or 'await Task.Run(...)' to do CPU-bound work on a background thread. [/home/saidul/Desktop/K-Chief Marine Automation Platform/src/KChief.Platform.API/KChief.Platform.API.csproj]
         /home/saidul/Desktop/K-Chief Marine Automation Platform/src/KChief.Platform.API/Services/Caching/InMemoryCacheService.cs(148,20): warning CS8603: Possible null reference return. [/home/saidul/Desktop/K-Chief Marine Automation Platform/src/KChief.Platform.API/KChief.Platform.API.csproj]
         /home/saidul/Desktop/K-Chief Marine Automation Platform/src/KChief.Platform.API/Program.cs(198,13): warning CS0618: 'IServiceCollectionQuartzConfigurator.UseMicrosoftDependencyInjectionJobFactory(Action<JobFactoryOptions>?)' is obsolete: 'MicrosoftDependencyInjectionJobFactory is the default for DI configuration, this method will be removed later on' [/home/saidul/Desktop/K-Chief Marine Automation Platform/src/KChief.Platform.API/KChief.Platform.API.csproj]
         /home/saidul/Desktop/K-Chief Marine Automation Platform/src/KChief.Platform.API/Services/Caching/InMemoryCacheService.cs(163,24): warning CS8634: The type 'object?' cannot be used as type parameter 'T' in the generic type or method 'InMemoryCacheService.SetAsync<T>(string, T, TimeSpan?, CancellationToken)'. Nullability of type argument 'object?' doesn't match 'class' constraint. [/home/saidul/Desktop/K-Chief Marine Automation Platform/src/KChief.Platform.API/KChief.Platform.API.csproj]
         /home/saidul/Desktop/K-Chief Marine Automation Platform/src/KChief.Platform.API/Services/Caching/CompositeCacheService.cs(143,16): warning CS8603: Possible null reference return. [/home/saidul/Desktop/K-Chief Marine Automation Platform/src/KChief.Platform.API/KChief.Platform.API.csproj]


       "/home/saidul/Desktop/K-Chief Marine Automation Platform/KChief.MarineAutomationPlatform.sln" (default target) (1:2) ->
       "/home/saidul/Desktop/K-Chief Marine Automation Platform/src/KChief.Platform.API/KChief.Platform.API.csproj" (default target) (9:8) ->
       (CoreCompile target) -> 
         /home/saidul/Desktop/K-Chief Marine Automation Platform/src/KChief.Platform.API/Controllers/AlarmGroupsController.cs(91,16): error CS0103: The name 'LogContext' does not exist in the current context [/home/saidul/Desktop/K-Chief Marine Automation Platform/src/KChief.Platform.API/KChief.Platform.API.csproj]
         /home/saidul/Desktop/K-Chief Marine Automation Platform/src/KChief.Platform.API/Controllers/AlarmGroupsController.cs(92,16): error CS0103: The name 'LogContext' does not exist in the current context [/home/saidul/Desktop/K-Chief Marine Automation Platform/src/KChief.Platform.API/KChief.Platform.API.csproj]
         /home/saidul/Desktop/K-Chief Marine Automation Platform/src/KChief.Platform.API/Controllers/AlarmGroupsController.cs(101,13): error CS0103: The name 'Log' does not exist in the current context [/home/saidul/Desktop/K-Chief Marine Automation Platform/src/KChief.Platform.API/KChief.Platform.API.csproj]
         /home/saidul/Desktop/K-Chief Marine Automation Platform/src/KChief.Platform.API/Middleware/CorrelationIdMiddleware.cs(38,16): error CS0103: The name 'CreateLogContext' does not exist in the current context [/home/saidul/Desktop/K-Chief Marine Automation Platform/src/KChief.Platform.API/KChief.Platform.API.csproj]
         /home/saidul/Desktop/K-Chief Marine Automation Platform/src/KChief.Platform.API/Filters/FluentValidationFilter.cs(24,55): error CS0103: The name 'CorrelationIdMiddleware' does not exist in the current context [/home/saidul/Desktop/K-Chief Marine Automation Platform/src/KChief.Platform.API/KChief.Platform.API.csproj]
         /home/saidul/Desktop/K-Chief Marine Automation Platform/src/KChief.Platform.API/Middleware/TelemetryMiddleware.cs(58,20): error CS0103: The name 'CreateLogContext' does not exist in the current context [/home/saidul/Desktop/K-Chief Marine Automation Platform/src/KChief.Platform.API/KChief.Platform.API.csproj]
         /home/saidul/Desktop/K-Chief Marine Automation Platform/src/KChief.Platform.API/Validators/LoginRequestValidator.cs(15,14): error CS1061: 'IRuleBuilderInitial<LoginRequest, string>' does not contain a definition for 'ValidateRequiredString' and no accessible extension method 'ValidateRequiredString' accepting a first argument of type 'IRuleBuilderInitial<LoginRequest, string>' could be found (are you missing a using directive or an assembly reference?) [/home/saidul/Desktop/K-Chief Marine Automation Platform/src/KChief.Platform.API/KChief.Platform.API.csproj]
         /home/saidul/Desktop/K-Chief Marine Automation Platform/src/KChief.Platform.API/Validators/LoginRequestValidator.cs(20,48): error CS1061: 'T' does not contain a definition for 'Username' and no accessible extension method 'Username' accepting a first argument of type 'T' could be found (are you missing a using directive or an assembly reference?) [/home/saidul/Desktop/K-Chief Marine Automation Platform/src/KChief.Platform.API/KChief.Platform.API.csproj]
         /home/saidul/Desktop/K-Chief Marine Automation Platform/src/KChief.Platform.API/Validators/LoginRequestValidator.cs(23,14): error CS1061: 'IRuleBuilderInitial<LoginRequest, string>' does not contain a definition for 'ValidateRequiredString' and no accessible extension method 'ValidateRequiredString' accepting a first argument of type 'IRuleBuilderInitial<LoginRequest, string>' could be found (are you missing a using directive or an assembly reference?) [/home/saidul/Desktop/K-Chief Marine Automation Platform/src/KChief.Platform.API/KChief.Platform.API.csproj]
         /home/saidul/Desktop/K-Chief Marine Automation Platform/src/KChief.Platform.API/Middleware/ResponseTimeTrackingMiddleware.cs(105,33): error CS1061: 'PerformanceMonitoringService' does not contain a definition for 'RecordMetric' and no accessible extension method 'RecordMetric' accepting a first argument of type 'PerformanceMonitoringService' could be found (are you missing a using directive or an assembly reference?) [/home/saidul/Desktop/K-Chief Marine Automation Platform/src/KChief.Platform.API/KChief.Platform.API.csproj]
         /home/saidul/Desktop/K-Chief Marine Automation Platform/src/KChief.Platform.API/Middleware/ResponseTimeTrackingMiddleware.cs(110,29): error CS1061: 'PerformanceMonitoringService' does not contain a definition for 'RecordMetric' and no accessible extension method 'RecordMetric' accepting a first argument of type 'PerformanceMonitoringService' could be found (are you missing a using directive or an assembly reference?) [/home/saidul/Desktop/K-Chief Marine Automation Platform/src/KChief.Platform.API/KChief.Platform.API.csproj]
         /home/saidul/Desktop/K-Chief Marine Automation Platform/src/KChief.Platform.API/Middleware/ResponseTimeTrackingMiddleware.cs(114,29): error CS1061: 'PerformanceMonitoringService' does not contain a definition for 'RecordMetric' and no accessible extension method 'RecordMetric' accepting a first argument of type 'PerformanceMonitoringService' could be found (are you missing a using directive or an assembly reference?) [/home/saidul/Desktop/K-Chief Marine Automation Platform/src/KChief.Platform.API/KChief.Platform.API.csproj]
         /home/saidul/Desktop/K-Chief Marine Automation Platform/src/KChief.Platform.API/Middleware/ResilienceMiddleware.cs(32,14): error CS1061: 'PolicyBuilder' does not contain a definition for 'CircuitBreakerAsync' and no accessible extension method 'CircuitBreakerAsync' accepting a first argument of type 'PolicyBuilder' could be found (are you missing a using directive or an assembly reference?) [/home/saidul/Desktop/K-Chief Marine Automation Platform/src/KChief.Platform.API/KChief.Platform.API.csproj]
         /home/saidul/Desktop/K-Chief Marine Automation Platform/src/KChief.Platform.API/Middleware/ResilienceMiddleware.cs(48,13): error CS1739: The best overload for 'BulkheadAsync' does not have a parameter named 'onBulkheadRejected' [/home/saidul/Desktop/K-Chief Marine Automation Platform/src/KChief.Platform.API/KChief.Platform.API.csproj]
         /home/saidul/Desktop/K-Chief Marine Automation Platform/src/KChief.Platform.API/Middleware/ResilienceMiddleware.cs(89,20): error CS0246: The type or namespace name 'CircuitBreakerOpenException' could not be found (are you missing a using directive or an assembly reference?) [/home/saidul/Desktop/K-Chief Marine Automation Platform/src/KChief.Platform.API/KChief.Platform.API.csproj]
         /home/saidul/Desktop/K-Chief Marine Automation Platform/src/KChief.Platform.API/Controllers/ResilienceController.cs(117,39): error CS1729: 'VesselOperationException' does not contain a constructor that takes 1 arguments [/home/saidul/Desktop/K-Chief Marine Automation Platform/src/KChief.Platform.API/KChief.Platform.API.csproj]
         /home/saidul/Desktop/K-Chief Marine Automation Platform/src/KChief.Platform.API/Middleware/ResilienceMiddleware.cs(199,13): error CS1739: The best overload for 'TimeoutAsync' does not have a parameter named 'onTimeout' [/home/saidul/Desktop/K-Chief Marine Automation Platform/src/KChief.Platform.API/KChief.Platform.API.csproj]
         /home/saidul/Desktop/K-Chief Marine Automation Platform/src/KChief.Platform.API/Swagger/SwaggerConfiguration.cs(142,17): error CS1061: 'SwaggerGenOptions' does not contain a definition for 'EnableAnnotations' and no accessible extension method 'EnableAnnotations' accepting a first argument of type 'SwaggerGenOptions' could be found (are you missing a using directive or an assembly reference?) [/home/saidul/Desktop/K-Chief Marine Automation Platform/src/KChief.Platform.API/KChief.Platform.API.csproj]
         /home/saidul/Desktop/K-Chief Marine Automation Platform/src/KChief.Platform.API/Controllers/ResilienceController.cs(287,35): error CS0144: Cannot create an instance of the abstract type or interface 'KChiefException' [/home/saidul/Desktop/K-Chief Marine Automation Platform/src/KChief.Platform.API/KChief.Platform.API.csproj]
         /home/saidul/Desktop/K-Chief Marine Automation Platform/src/KChief.Platform.API/Controllers/AlarmTrendsController.cs(44,16): error CS0103: The name 'LogContext' does not exist in the current context [/home/saidul/Desktop/K-Chief Marine Automation Platform/src/KChief.Platform.API/KChief.Platform.API.csproj]
         /home/saidul/Desktop/K-Chief Marine Automation Platform/src/KChief.Platform.API/Controllers/AlarmTrendsController.cs(45,16): error CS0103: The name 'LogContext' does not exist in the current context [/home/saidul/Desktop/K-Chief Marine Automation Platform/src/KChief.Platform.API/KChief.Platform.API.csproj]
         /home/saidul/Desktop/K-Chief Marine Automation Platform/src/KChief.Platform.API/Controllers/AlarmTrendsController.cs(48,13): error CS0103: The name 'Log' does not exist in the current context [/home/saidul/Desktop/K-Chief Marine Automation Platform/src/KChief.Platform.API/KChief.Platform.API.csproj]
         /home/saidul/Desktop/K-Chief Marine Automation Platform/src/KChief.Platform.API/Swagger/ResponseExamplesOperationFilter.cs(133,93): error CS0246: The type or namespace name 'ActionResult<>' could not be found (are you missing a using directive or an assembly reference?) [/home/saidul/Desktop/K-Chief Marine Automation Platform/src/KChief.Platform.API/KChief.Platform.API.csproj]
         /home/saidul/Desktop/K-Chief Marine Automation Platform/src/KChief.Platform.API/Resilience/ResiliencePolicies.cs(67,84): error CS1061: 'DelegateResult<HttpResponseMessage>' does not contain a definition for 'Message' and no accessible extension method 'Message' accepting a first argument of type 'DelegateResult<HttpResponseMessage>' could be found (are you missing a using directive or an assembly reference?) [/home/saidul/Desktop/K-Chief Marine Automation Platform/src/KChief.Platform.API/KChief.Platform.API.csproj]
         /home/saidul/Desktop/K-Chief Marine Automation Platform/src/KChief.Platform.API/Resilience/ResiliencePolicies.cs(98,13): error CS1739: The best overload for 'TimeoutAsync' does not have a parameter named 'onTimeout' [/home/saidul/Desktop/K-Chief Marine Automation Platform/src/KChief.Platform.API/KChief.Platform.API.csproj]
         /home/saidul/Desktop/K-Chief Marine Automation Platform/src/KChief.Platform.API/Services/Background/PeriodicHealthCheckService.cs(42,91): error CS1061: 'HealthReport' does not contain a definition for 'Description' and no accessible extension method 'Description' accepting a first argument of type 'HealthReport' could be found (are you missing a using directive or an assembly reference?) [/home/saidul/Desktop/K-Chief Marine Automation Platform/src/KChief.Platform.API/KChief.Platform.API.csproj]
         /home/saidul/Desktop/K-Chief Marine Automation Platform/src/KChief.Platform.API/Services/Background/PeriodicHealthCheckService.cs(46,87): error CS1061: 'HealthReport' does not contain a definition for 'Description' and no accessible extension method 'Description' accepting a first argument of type 'HealthReport' could be found (are you missing a using directive or an assembly reference?) [/home/saidul/Desktop/K-Chief Marine Automation Platform/src/KChief.Platform.API/KChief.Platform.API.csproj]
         /home/saidul/Desktop/K-Chief Marine Automation Platform/src/KChief.Platform.API/Services/Background/DataPollingService.cs(73,34): error CS1061: 'double' does not contain a definition for 'HasValue' and no accessible extension method 'HasValue' accepting a first argument of type 'double' could be found (are you missing a using directive or an assembly reference?) [/home/saidul/Desktop/K-Chief Marine Automation Platform/src/KChief.Platform.API/KChief.Platform.API.csproj]
         /home/saidul/Desktop/K-Chief Marine Automation Platform/src/KChief.Platform.API/Services/Background/DataPollingService.cs(77,38): error CS1061: 'double' does not contain a definition for 'Value' and no accessible extension method 'Value' accepting a first argument of type 'double' could be found (are you missing a using directive or an assembly reference?) [/home/saidul/Desktop/K-Chief Marine Automation Platform/src/KChief.Platform.API/KChief.Platform.API.csproj]
         /home/saidul/Desktop/K-Chief Marine Automation Platform/src/KChief.Platform.API/Services/Background/DataPollingService.cs(75,41): error CS1061: 'IAlarmService' does not contain a definition for 'EvaluateSensorValueAsync' and no accessible extension method 'EvaluateSensorValueAsync' accepting a first argument of type 'IAlarmService' could be found (are you missing a using directive or an assembly reference?) [/home/saidul/Desktop/K-Chief Marine Automation Platform/src/KChief.Platform.API/KChief.Platform.API.csproj]
         /home/saidul/Desktop/K-Chief Marine Automation Platform/src/KChief.Platform.API/Services/Background/DataPollingService.cs(98,47): error CS1061: 'Engine' does not contain a definition for 'Pressure' and no accessible extension method 'Pressure' accepting a first argument of type 'Engine' could be found (are you missing a using directive or an assembly reference?) [/home/saidul/Desktop/K-Chief Marine Automation Platform/src/KChief.Platform.API/KChief.Platform.API.csproj]
         /home/saidul/Desktop/K-Chief Marine Automation Platform/src/KChief.Platform.API/Services/Background/DataPollingService.cs(99,42): error CS1061: 'Engine' does not contain a definition for 'CurrentRpm' and no accessible extension method 'CurrentRpm' accepting a first argument of type 'Engine' could be found (are you missing a using directive or an assembly reference?) [/home/saidul/Desktop/K-Chief Marine Automation Platform/src/KChief.Platform.API/KChief.Platform.API.csproj]
         /home/saidul/Desktop/K-Chief Marine Automation Platform/src/KChief.Platform.API/Services/Background/DataPollingService.cs(92,37): error CS1061: 'IAlarmService' does not contain a definition for 'EvaluateEngineStatusAsync' and no accessible extension method 'EvaluateEngineStatusAsync' accepting a first argument of type 'IAlarmService' could be found (are you missing a using directive or an assembly reference?) [/home/saidul/Desktop/K-Chief Marine Automation Platform/src/KChief.Platform.API/KChief.Platform.API.csproj]
         /home/saidul/Desktop/K-Chief Marine Automation Platform/src/KChief.Platform.API/Services/Configuration/ConfigurationValidationService.cs(41,29): error CS0246: The type or namespace name 'CacheOptions' could not be found (are you missing a using directive or an assembly reference?) [/home/saidul/Desktop/K-Chief Marine Automation Platform/src/KChief.Platform.API/KChief.Platform.API.csproj]
         /home/saidul/Desktop/K-Chief Marine Automation Platform/src/KChief.Platform.API/Resilience/ResiliencePolicies.cs(119,13): error CS1739: The best overload for 'BulkheadAsync' does not have a parameter named 'onBulkheadRejected' [/home/saidul/Desktop/K-Chief Marine Automation Platform/src/KChief.Platform.API/KChief.Platform.API.csproj]
         /home/saidul/Desktop/K-Chief Marine Automation Platform/src/KChief.Platform.API/Resilience/ResiliencePolicies.cs(141,17): error CS0246: The type or namespace name 'CircuitBreakerOpenException' could not be found (are you missing a using directive or an assembly reference?) [/home/saidul/Desktop/K-Chief Marine Automation Platform/src/KChief.Platform.API/KChief.Platform.API.csproj]
         /home/saidul/Desktop/K-Chief Marine Automation Platform/src/KChief.Platform.API/Resilience/ResiliencePolicies.cs(145,17): error CS1739: The best overload for 'FallbackAsync' does not have a parameter named 'onFallback' [/home/saidul/Desktop/K-Chief Marine Automation Platform/src/KChief.Platform.API/KChief.Platform.API.csproj]
         /home/saidul/Desktop/K-Chief Marine Automation Platform/src/KChief.Platform.API/Services/ResilienceService.cs(56,106): error CS1503: Argument 2: cannot convert from 'System.Exception' to 'string' [/home/saidul/Desktop/K-Chief Marine Automation Platform/src/KChief.Platform.API/KChief.Platform.API.csproj]
         /home/saidul/Desktop/K-Chief Marine Automation Platform/src/KChief.Platform.API/Services/ResilienceService.cs(94,91): error CS1503: Argument 2: cannot convert from 'System.Exception' to 'string' [/home/saidul/Desktop/K-Chief Marine Automation Platform/src/KChief.Platform.API/KChief.Platform.API.csproj]
         /home/saidul/Desktop/K-Chief Marine Automation Platform/src/KChief.Platform.API/Services/Telemetry/PerformanceProfilingService.cs(36,24): error CS0266: Cannot implicitly convert type 'System.Collections.Generic.IDictionary<string, string>' to 'System.Collections.Generic.Dictionary<string, string>'. An explicit conversion exists (are you missing a cast?) [/home/saidul/Desktop/K-Chief Marine Automation Platform/src/KChief.Platform.API/KChief.Platform.API.csproj]
         /home/saidul/Desktop/K-Chief Marine Automation Platform/src/KChief.Platform.API/Services/ResilienceService.cs(132,91): error CS1503: Argument 2: cannot convert from 'System.Exception' to 'string' [/home/saidul/Desktop/K-Chief Marine Automation Platform/src/KChief.Platform.API/KChief.Platform.API.csproj]
         /home/saidul/Desktop/K-Chief Marine Automation Platform/src/KChief.Platform.API/Services/Telemetry/PerformanceProfilingService.cs(62,20): error CS0266: Cannot implicitly convert type 'System.Collections.Generic.IDictionary<string, string>' to 'System.Collections.Generic.Dictionary<string, string>'. An explicit conversion exists (are you missing a cast?) [/home/saidul/Desktop/K-Chief Marine Automation Platform/src/KChief.Platform.API/KChief.Platform.API.csproj]
         /home/saidul/Desktop/K-Chief Marine Automation Platform/src/KChief.Platform.API/Services/Telemetry/CustomMetricsService.cs(136,24): error CS0246: The type or namespace name 'TagList' could not be found (are you missing a using directive or an assembly reference?) [/home/saidul/Desktop/K-Chief Marine Automation Platform/src/KChief.Platform.API/KChief.Platform.API.csproj]
         /home/saidul/Desktop/K-Chief Marine Automation Platform/src/KChief.Platform.API/Services/Telemetry/DistributedTracingService.cs(149,35): error CS1061: 'ActivityEvent' does not contain a definition for 'AddTag' and no accessible extension method 'AddTag' accepting a first argument of type 'ActivityEvent' could be found (are you missing a using directive or an assembly reference?) [/home/saidul/Desktop/K-Chief Marine Automation Platform/src/KChief.Platform.API/KChief.Platform.API.csproj]
         /home/saidul/Desktop/K-Chief Marine Automation Platform/src/KChief.Platform.API/Services/Telemetry/CustomMetricsService.cs(169,24): error CS0246: The type or namespace name 'TagList' could not be found (are you missing a using directive or an assembly reference?) [/home/saidul/Desktop/K-Chief Marine Automation Platform/src/KChief.Platform.API/KChief.Platform.API.csproj]
         /home/saidul/Desktop/K-Chief Marine Automation Platform/src/KChief.Platform.API/Services/Telemetry/CustomMetricsService.cs(193,24): error CS0246: The type or namespace name 'TagList' could not be found (are you missing a using directive or an assembly reference?) [/home/saidul/Desktop/K-Chief Marine Automation Platform/src/KChief.Platform.API/KChief.Platform.API.csproj]
         /home/saidul/Desktop/K-Chief Marine Automation Platform/src/KChief.Platform.API/Services/Telemetry/CustomMetricsService.cs(216,24): error CS0246: The type or namespace name 'TagList' could not be found (are you missing a using directive or an assembly reference?) [/home/saidul/Desktop/K-Chief Marine Automation Platform/src/KChief.Platform.API/KChief.Platform.API.csproj]
         /home/saidul/Desktop/K-Chief Marine Automation Platform/src/KChief.Platform.API/Services/ResilienceService.cs(165,23): error CS0144: Cannot create an instance of the abstract type or interface 'KChiefException' [/home/saidul/Desktop/K-Chief Marine Automation Platform/src/KChief.Platform.API/KChief.Platform.API.csproj]
         /home/saidul/Desktop/K-Chief Marine Automation Platform/src/KChief.Platform.API/Services/ResilienceService.cs(203,23): error CS0144: Cannot create an instance of the abstract type or interface 'KChiefException' [/home/saidul/Desktop/K-Chief Marine Automation Platform/src/KChief.Platform.API/KChief.Platform.API.csproj]
         /home/saidul/Desktop/K-Chief Marine Automation Platform/src/KChief.Platform.API/Services/ResilienceService.cs(241,23): error CS0144: Cannot create an instance of the abstract type or interface 'KChiefException' [/home/saidul/Desktop/K-Chief Marine Automation Platform/src/KChief.Platform.API/KChief.Platform.API.csproj]
         /home/saidul/Desktop/K-Chief Marine Automation Platform/src/KChief.Platform.API/Services/ResilienceService.cs(279,23): error CS0144: Cannot create an instance of the abstract type or interface 'KChiefException' [/home/saidul/Desktop/K-Chief Marine Automation Platform/src/KChief.Platform.API/KChief.Platform.API.csproj]
         /home/saidul/Desktop/K-Chief Marine Automation Platform/src/KChief.Platform.API/Services/ResilienceService.cs(313,23): error CS0144: Cannot create an instance of the abstract type or interface 'KChiefException' [/home/saidul/Desktop/K-Chief Marine Automation Platform/src/KChief.Platform.API/KChief.Platform.API.csproj]
         /home/saidul/Desktop/K-Chief Marine Automation Platform/src/KChief.Platform.API/Services/ResilienceService.cs(368,14): error CS1061: 'PolicyBuilder' does not contain a definition for 'CircuitBreakerAsync' and no accessible extension method 'CircuitBreakerAsync' accepting a first argument of type 'PolicyBuilder' could be found (are you missing a using directive or an assembly reference?) [/home/saidul/Desktop/K-Chief Marine Automation Platform/src/KChief.Platform.API/KChief.Platform.API.csproj]
         /home/saidul/Desktop/K-Chief Marine Automation Platform/src/KChief.Platform.API/Services/ResilienceService.cs(396,13): error CS1739: The best overload for 'TimeoutAsync' does not have a parameter named 'onTimeout' [/home/saidul/Desktop/K-Chief Marine Automation Platform/src/KChief.Platform.API/KChief.Platform.API.csproj]

    34 Warning(s)
    54 Error(s)

Time Elapsed 00:00:01.62
